nohup: ignoring input
Starting Full Experiment on Subjects: ['S003', 'S004', 'S006', 'S007', 'S008', 'S013']
Modes: ['SDA', 'TO', 'SO', 'TL']

Checking GPU Availability:
  CUDA Available: True
  Device Name: NVIDIA RTX A5000
Loading Source Data (All Healthy)...


================================================
Processing Target Subject: S003
================================================
Trials: ['S003_T002', 'S003_T003', 'S003_T006']

--- Mode: SDA ---
  [Skipping] Model already exists at results_final_rank3/S003/Fold_1_S003_T002_SDA_frac1.0
Skipping Fold 2 due to max_folds limit.
Skipping Fold 3 due to max_folds limit.

--- Mode: TO ---

[Fold 1 - TO] Train: ['S003_T003', 'S003_T006'], Test: S003_T002, Norm: independent
/home/sangukchoi/.conda/envs/torch_gpu/lib/python3.10/site-packages/torch/nn/modules/rnn.py:123: UserWarning: dropout option adds dropout after all but last recurrent layer, so non-zero dropout expects num_layers greater than 1, but got dropout=0.3 and num_layers=1
  warnings.warn(
  Ep 1: Train 0.4867 | Val 0.3072 | Test 0.3015
Validation loss decreased (0.307241 --> 0.307241).  Saving model ...
  Ep 2: Train 0.2654 | Val 0.2035 | Test 0.1928
Validation loss decreased (0.203503 --> 0.203503).  Saving model ...
  Ep 3: Train 0.1836 | Val 0.1412 | Test 0.1307
Validation loss decreased (0.141216 --> 0.141216).  Saving model ...
  Ep 4: Train 0.1331 | Val 0.1106 | Test 0.1020
Validation loss decreased (0.110634 --> 0.110634).  Saving model ...
  Ep 5: Train 0.1056 | Val 0.0946 | Test 0.0861
Validation loss decreased (0.094641 --> 0.094641).  Saving model ...
  Ep 6: Train 0.0924 | Val 0.0838 | Test 0.0769
Validation loss decreased (0.083759 --> 0.083759).  Saving model ...
  Ep 7: Train 0.0790 | Val 0.0749 | Test 0.0708
Validation loss decreased (0.074933 --> 0.074933).  Saving model ...
  Ep 8: Train 0.0718 | Val 0.0667 | Test 0.0645
Validation loss decreased (0.066683 --> 0.066683).  Saving model ...
  Ep 9: Train 0.0653 | Val 0.0599 | Test 0.0600
Validation loss decreased (0.059930 --> 0.059930).  Saving model ...
  Ep 10: Train 0.0599 | Val 0.0558 | Test 0.0565
Validation loss decreased (0.055844 --> 0.055844).  Saving model ...
  Ep 11: Train 0.0550 | Val 0.0529 | Test 0.0531
Validation loss decreased (0.052896 --> 0.052896).  Saving model ...
  Ep 12: Train 0.0517 | Val 0.0501 | Test 0.0520
Validation loss decreased (0.050054 --> 0.050054).  Saving model ...
  Ep 13: Train 0.0492 | Val 0.0480 | Test 0.0509
Validation loss decreased (0.047975 --> 0.047975).  Saving model ...
  Ep 14: Train 0.0462 | Val 0.0463 | Test 0.0495
Validation loss decreased (0.046339 --> 0.046339).  Saving model ...
  Ep 15: Train 0.0447 | Val 0.0452 | Test 0.0475
Validation loss decreased (0.045158 --> 0.045158).  Saving model ...
  Ep 16: Train 0.0435 | Val 0.0433 | Test 0.0469
Validation loss decreased (0.043268 --> 0.043268).  Saving model ...
  Ep 17: Train 0.0437 | Val 0.0419 | Test 0.0443
Validation loss decreased (0.041892 --> 0.041892).  Saving model ...
  Ep 18: Train 0.0416 | Val 0.0406 | Test 0.0451
Validation loss decreased (0.040554 --> 0.040554).  Saving model ...
  Ep 19: Train 0.0403 | Val 0.0394 | Test 0.0430
Validation loss decreased (0.039419 --> 0.039419).  Saving model ...
  Ep 20: Train 0.0394 | Val 0.0380 | Test 0.0424
Validation loss decreased (0.038035 --> 0.038035).  Saving model ...
  Ep 21: Train 0.0363 | Val 0.0371 | Test 0.0403
Validation loss decreased (0.037099 --> 0.037099).  Saving model ...
  Ep 22: Train 0.0356 | Val 0.0361 | Test 0.0400
Validation loss decreased (0.036061 --> 0.036061).  Saving model ...
  Ep 23: Train 0.0353 | Val 0.0349 | Test 0.0388
Validation loss decreased (0.034922 --> 0.034922).  Saving model ...
  Ep 24: Train 0.0353 | Val 0.0339 | Test 0.0387
Validation loss decreased (0.033857 --> 0.033857).  Saving model ...
  Ep 25: Train 0.0335 | Val 0.0337 | Test 0.0364
Validation loss decreased (0.033656 --> 0.033656).  Saving model ...
  Ep 26: Train 0.0333 | Val 0.0327 | Test 0.0373
Validation loss decreased (0.032686 --> 0.032686).  Saving model ...
  Ep 27: Train 0.0320 | Val 0.0316 | Test 0.0348
Validation loss decreased (0.031615 --> 0.031615).  Saving model ...
  Ep 28: Train 0.0299 | Val 0.0313 | Test 0.0367
Validation loss decreased (0.031300 --> 0.031300).  Saving model ...
  Ep 29: Train 0.0303 | Val 0.0302 | Test 0.0339
Validation loss decreased (0.030198 --> 0.030198).  Saving model ...
  Ep 30: Train 0.0294 | Val 0.0295 | Test 0.0349
Validation loss decreased (0.029513 --> 0.029513).  Saving model ...
  Ep 31: Train 0.0286 | Val 0.0289 | Test 0.0320
Validation loss decreased (0.028936 --> 0.028936).  Saving model ...
  Ep 32: Train 0.0279 | Val 0.0281 | Test 0.0338
Validation loss decreased (0.028123 --> 0.028123).  Saving model ...
  Ep 33: Train 0.0275 | Val 0.0276 | Test 0.0310
Validation loss decreased (0.027586 --> 0.027586).  Saving model ...
  Ep 34: Train 0.0259 | Val 0.0268 | Test 0.0325
Validation loss decreased (0.026780 --> 0.026780).  Saving model ...
  Ep 35: Train 0.0252 | Val 0.0260 | Test 0.0311
Validation loss decreased (0.025965 --> 0.025965).  Saving model ...
  Ep 36: Train 0.0259 | Val 0.0251 | Test 0.0302
Validation loss decreased (0.025131 --> 0.025131).  Saving model ...
  Ep 37: Train 0.0266 | Val 0.0247 | Test 0.0284
Validation loss decreased (0.024668 --> 0.024668).  Saving model ...
  Ep 38: Train 0.0247 | Val 0.0242 | Test 0.0299
Validation loss decreased (0.024170 --> 0.024170).  Saving model ...
  Ep 39: Train 0.0238 | Val 0.0234 | Test 0.0299
Validation loss decreased (0.023398 --> 0.023398).  Saving model ...
  Ep 40: Train 0.0231 | Val 0.0230 | Test 0.0285
Validation loss decreased (0.022974 --> 0.022974).  Saving model ...
  Ep 41: Train 0.0229 | Val 0.0222 | Test 0.0286
Validation loss decreased (0.022239 --> 0.022239).  Saving model ...
  Ep 42: Train 0.0225 | Val 0.0219 | Test 0.0276
Validation loss decreased (0.021930 --> 0.021930).  Saving model ...
  Ep 43: Train 0.0221 | Val 0.0213 | Test 0.0272
Validation loss decreased (0.021348 --> 0.021348).  Saving model ...
  Ep 44: Train 0.0215 | Val 0.0213 | Test 0.0282
EarlyStopping counter: 1 out of 10
  Ep 45: Train 0.0204 | Val 0.0209 | Test 0.0285
Validation loss decreased (0.020946 --> 0.020946).  Saving model ...
  Ep 46: Train 0.0215 | Val 0.0208 | Test 0.0259
Validation loss decreased (0.020803 --> 0.020803).  Saving model ...
  Ep 47: Train 0.0209 | Val 0.0201 | Test 0.0282
Validation loss decreased (0.020115 --> 0.020115).  Saving model ...
  Ep 48: Train 0.0206 | Val 0.0199 | Test 0.0281
Validation loss decreased (0.019917 --> 0.019917).  Saving model ...
  Ep 49: Train 0.0201 | Val 0.0192 | Test 0.0266
Validation loss decreased (0.019216 --> 0.019216).  Saving model ...
  Ep 50: Train 0.0198 | Val 0.0195 | Test 0.0259
EarlyStopping counter: 1 out of 10
/home/sangukchoi/Stroke_SDA/sda_training.py:616: FutureWarning: You are using `torch.load` with `weights_only=False` (the current default value), which uses the default pickle module implicitly. It is possible to construct malicious pickle data which will execute arbitrary code during unpickling (See https://github.com/pytorch/pytorch/blob/main/SECURITY.md#untrusted-models for more details). In a future release, the default value for `weights_only` will be flipped to `True`. This limits the functions that could be executed during unpickling. Arbitrary objects will no longer be allowed to be loaded via this mode unless they are explicitly allowlisted by the user via `torch.serialization.add_safe_globals`. We recommend you start setting `weights_only=True` for any use case where you don't have full control of the loaded file. Please open an issue on GitHub for any issues related to this experimental feature.
  model.load_state_dict(torch.load(os.path.join(out_dir, 'best_model.pth')))
Final Test MSE (Best Model): 0.0266
Skipping Fold 2 due to max_folds limit.
Skipping Fold 3 due to max_folds limit.

--- Mode: SO ---

[Fold 1 - SO] Train: ['S003_T003', 'S003_T006'], Test: S003_T002, Norm: fixed
/home/sangukchoi/.conda/envs/torch_gpu/lib/python3.10/site-packages/torch/nn/modules/rnn.py:123: UserWarning: dropout option adds dropout after all but last recurrent layer, so non-zero dropout expects num_layers greater than 1, but got dropout=0.3 and num_layers=1
  warnings.warn(
