
[Run Start] Subject S003 | Mode ['TL'] | Params: Custom

[Fold 1 - TL] Train: ['S003_T003', 'S003_T006'], Test: S003_T002, Norm: independent
/home/sangukchoi/.conda/envs/torch_gpu/lib/python3.10/site-packages/torch/nn/modules/rnn.py:123: UserWarning: dropout option adds dropout after all but last recurrent layer, so non-zero dropout expects num_layers greater than 1, but got dropout=0.3 and num_layers=1
  warnings.warn(
  [TL] Loading Pre-trained SO Model from: results_final_rank1/S003/Fold_1_S003_T002_SO_frac1.0/best_model.pth
/home/sangukchoi/Stroke_SDA/sda_training.py:400: FutureWarning: You are using `torch.load` with `weights_only=False` (the current default value), which uses the default pickle module implicitly. It is possible to construct malicious pickle data which will execute arbitrary code during unpickling (See https://github.com/pytorch/pytorch/blob/main/SECURITY.md#untrusted-models for more details). In a future release, the default value for `weights_only` will be flipped to `True`. This limits the functions that could be executed during unpickling. Arbitrary objects will no longer be allowed to be loaded via this mode unless they are explicitly allowlisted by the user via `torch.serialization.add_safe_globals`. We recommend you start setting `weights_only=True` for any use case where you don't have full control of the loaded file. Please open an issue on GitHub for any issues related to this experimental feature.
  checkpoint = torch.load(so_path)
  [TL] Freezing Encoder and initializing Decoder Tgt...
  Ep 1: Train 0.4135 | Val 0.3817 | Test 0.4149
Validation loss decreased (0.381750 --> 0.381750).  Saving model ...
  Ep 2: Train 0.3873 | Val 0.3465 | Test 0.3743
Validation loss decreased (0.346454 --> 0.346454).  Saving model ...
  Ep 3: Train 0.3366 | Val 0.3169 | Test 0.3396
Validation loss decreased (0.316866 --> 0.316866).  Saving model ...
  Ep 4: Train 0.3081 | Val 0.2919 | Test 0.3101
Validation loss decreased (0.291937 --> 0.291937).  Saving model ...
  Ep 5: Train 0.2811 | Val 0.2707 | Test 0.2850
Validation loss decreased (0.270680 --> 0.270680).  Saving model ...
  Ep 6: Train 0.2629 | Val 0.2523 | Test 0.2631
Validation loss decreased (0.252344 --> 0.252344).  Saving model ...
  Ep 7: Train 0.2458 | Val 0.2362 | Test 0.2439
Validation loss decreased (0.236221 --> 0.236221).  Saving model ...
  Ep 8: Train 0.2315 | Val 0.2219 | Test 0.2268
Validation loss decreased (0.221947 --> 0.221947).  Saving model ...
  Ep 9: Train 0.2142 | Val 0.2089 | Test 0.2113
Validation loss decreased (0.208910 --> 0.208910).  Saving model ...
  Ep 10: Train 0.2073 | Val 0.1972 | Test 0.1974
Validation loss decreased (0.197195 --> 0.197195).  Saving model ...
  Ep 11: Train 0.1946 | Val 0.1866 | Test 0.1848
Validation loss decreased (0.186602 --> 0.186602).  Saving model ...
  Ep 12: Train 0.1810 | Val 0.1771 | Test 0.1736
Validation loss decreased (0.177129 --> 0.177129).  Saving model ...
  Ep 13: Train 0.1727 | Val 0.1685 | Test 0.1637
Validation loss decreased (0.168457 --> 0.168457).  Saving model ...
  Ep 14: Train 0.1642 | Val 0.1604 | Test 0.1544
Validation loss decreased (0.160382 --> 0.160382).  Saving model ...
  Ep 15: Train 0.1580 | Val 0.1531 | Test 0.1458
Validation loss decreased (0.153074 --> 0.153074).  Saving model ...
  Ep 16: Train 0.1518 | Val 0.1463 | Test 0.1380
Validation loss decreased (0.146312 --> 0.146312).  Saving model ...
  Ep 17: Train 0.1433 | Val 0.1400 | Test 0.1305
Validation loss decreased (0.140044 --> 0.140044).  Saving model ...
  Ep 18: Train 0.1384 | Val 0.1345 | Test 0.1240
Validation loss decreased (0.134472 --> 0.134472).  Saving model ...
  Ep 19: Train 0.1325 | Val 0.1293 | Test 0.1182
Validation loss decreased (0.129305 --> 0.129305).  Saving model ...
  Ep 20: Train 0.1251 | Val 0.1244 | Test 0.1126
Validation loss decreased (0.124373 --> 0.124373).  Saving model ...
  Ep 21: Train 0.1214 | Val 0.1198 | Test 0.1076
Validation loss decreased (0.119833 --> 0.119833).  Saving model ...
  Ep 22: Train 0.1169 | Val 0.1155 | Test 0.1027
Validation loss decreased (0.115470 --> 0.115470).  Saving model ...
  Ep 23: Train 0.1101 | Val 0.1117 | Test 0.0983
Validation loss decreased (0.111653 --> 0.111653).  Saving model ...
  Ep 24: Train 0.1085 | Val 0.1082 | Test 0.0945
Validation loss decreased (0.108202 --> 0.108202).  Saving model ...
  Ep 25: Train 0.1064 | Val 0.1049 | Test 0.0908
Validation loss decreased (0.104899 --> 0.104899).  Saving model ...
  Ep 26: Train 0.1013 | Val 0.1019 | Test 0.0874
Validation loss decreased (0.101915 --> 0.101915).  Saving model ...
  Ep 27: Train 0.0963 | Val 0.0990 | Test 0.0844
Validation loss decreased (0.098972 --> 0.098972).  Saving model ...
  Ep 28: Train 0.0962 | Val 0.0964 | Test 0.0816
Validation loss decreased (0.096355 --> 0.096355).  Saving model ...
  Ep 29: Train 0.0942 | Val 0.0940 | Test 0.0791
Validation loss decreased (0.093981 --> 0.093981).  Saving model ...
  Ep 30: Train 0.0900 | Val 0.0918 | Test 0.0769
Validation loss decreased (0.091804 --> 0.091804).  Saving model ...
  Ep 31: Train 0.0872 | Val 0.0898 | Test 0.0747
Validation loss decreased (0.089756 --> 0.089756).  Saving model ...
  Ep 32: Train 0.0845 | Val 0.0878 | Test 0.0729
Validation loss decreased (0.087847 --> 0.087847).  Saving model ...
  Ep 33: Train 0.0841 | Val 0.0861 | Test 0.0713
Validation loss decreased (0.086097 --> 0.086097).  Saving model ...
  Ep 34: Train 0.0837 | Val 0.0847 | Test 0.0699
Validation loss decreased (0.084715 --> 0.084715).  Saving model ...
  Ep 35: Train 0.0822 | Val 0.0834 | Test 0.0683
Validation loss decreased (0.083389 --> 0.083389).  Saving model ...
  Ep 36: Train 0.0803 | Val 0.0820 | Test 0.0669
Validation loss decreased (0.081990 --> 0.081990).  Saving model ...
  Ep 37: Train 0.0777 | Val 0.0808 | Test 0.0656
Validation loss decreased (0.080822 --> 0.080822).  Saving model ...
  Ep 38: Train 0.0758 | Val 0.0798 | Test 0.0644
Validation loss decreased (0.079750 --> 0.079750).  Saving model ...
  Ep 39: Train 0.0751 | Val 0.0786 | Test 0.0633
Validation loss decreased (0.078641 --> 0.078641).  Saving model ...
  Ep 40: Train 0.0751 | Val 0.0774 | Test 0.0624
Validation loss decreased (0.077409 --> 0.077409).  Saving model ...
  Ep 41: Train 0.0750 | Val 0.0763 | Test 0.0615
Validation loss decreased (0.076293 --> 0.076293).  Saving model ...
  Ep 42: Train 0.0730 | Val 0.0753 | Test 0.0606
Validation loss decreased (0.075257 --> 0.075257).  Saving model ...
  Ep 43: Train 0.0717 | Val 0.0742 | Test 0.0598
Validation loss decreased (0.074243 --> 0.074243).  Saving model ...
  Ep 44: Train 0.0715 | Val 0.0733 | Test 0.0590
Validation loss decreased (0.073305 --> 0.073305).  Saving model ...
  Ep 45: Train 0.0666 | Val 0.0724 | Test 0.0584
Validation loss decreased (0.072415 --> 0.072415).  Saving model ...
  Ep 46: Train 0.0695 | Val 0.0716 | Test 0.0578
Validation loss decreased (0.071646 --> 0.071646).  Saving model ...
  Ep 47: Train 0.0685 | Val 0.0710 | Test 0.0569
Validation loss decreased (0.071042 --> 0.071042).  Saving model ...
  Ep 48: Train 0.0675 | Val 0.0703 | Test 0.0563
Validation loss decreased (0.070329 --> 0.070329).  Saving model ...
  Ep 49: Train 0.0679 | Val 0.0694 | Test 0.0558
Validation loss decreased (0.069407 --> 0.069407).  Saving model ...
  Ep 50: Train 0.0671 | Val 0.0688 | Test 0.0552
Validation loss decreased (0.068770 --> 0.068770).  Saving model ...
/home/sangukchoi/Stroke_SDA/sda_training.py:617: FutureWarning: You are using `torch.load` with `weights_only=False` (the current default value), which uses the default pickle module implicitly. It is possible to construct malicious pickle data which will execute arbitrary code during unpickling (See https://github.com/pytorch/pytorch/blob/main/SECURITY.md#untrusted-models for more details). In a future release, the default value for `weights_only` will be flipped to `True`. This limits the functions that could be executed during unpickling. Arbitrary objects will no longer be allowed to be loaded via this mode unless they are explicitly allowlisted by the user via `torch.serialization.add_safe_globals`. We recommend you start setting `weights_only=True` for any use case where you don't have full control of the loaded file. Please open an issue on GitHub for any issues related to this experimental feature.
  model.load_state_dict(torch.load(os.path.join(out_dir, 'best_model.pth')))
Final Test MSE (Best Model): 0.0552

[Fold 2 - TL] Train: ['S003_T002', 'S003_T006'], Test: S003_T003, Norm: independent
/home/sangukchoi/.conda/envs/torch_gpu/lib/python3.10/site-packages/torch/nn/modules/rnn.py:123: UserWarning: dropout option adds dropout after all but last recurrent layer, so non-zero dropout expects num_layers greater than 1, but got dropout=0.3 and num_layers=1
  warnings.warn(
  [TL] Loading Pre-trained SO Model from: results_final_rank1/S003/Fold_2_S003_T003_SO_frac1.0/best_model.pth
/home/sangukchoi/Stroke_SDA/sda_training.py:400: FutureWarning: You are using `torch.load` with `weights_only=False` (the current default value), which uses the default pickle module implicitly. It is possible to construct malicious pickle data which will execute arbitrary code during unpickling (See https://github.com/pytorch/pytorch/blob/main/SECURITY.md#untrusted-models for more details). In a future release, the default value for `weights_only` will be flipped to `True`. This limits the functions that could be executed during unpickling. Arbitrary objects will no longer be allowed to be loaded via this mode unless they are explicitly allowlisted by the user via `torch.serialization.add_safe_globals`. We recommend you start setting `weights_only=True` for any use case where you don't have full control of the loaded file. Please open an issue on GitHub for any issues related to this experimental feature.
  checkpoint = torch.load(so_path)
  [TL] Freezing Encoder and initializing Decoder Tgt...
  Ep 1: Train 0.7026 | Val 0.6148 | Test 0.6590
Validation loss decreased (0.614837 --> 0.614837).  Saving model ...
  Ep 2: Train 0.6337 | Val 0.5713 | Test 0.6136
Validation loss decreased (0.571269 --> 0.571269).  Saving model ...
  Ep 3: Train 0.6008 | Val 0.5315 | Test 0.5719
Validation loss decreased (0.531506 --> 0.531506).  Saving model ...
  Ep 4: Train 0.5382 | Val 0.4955 | Test 0.5349
Validation loss decreased (0.495499 --> 0.495499).  Saving model ...
  Ep 5: Train 0.5157 | Val 0.4629 | Test 0.5023
Validation loss decreased (0.462873 --> 0.462873).  Saving model ...
  Ep 6: Train 0.4824 | Val 0.4332 | Test 0.4726
Validation loss decreased (0.433236 --> 0.433236).  Saving model ...
  Ep 7: Train 0.4519 | Val 0.4062 | Test 0.4459
Validation loss decreased (0.406184 --> 0.406184).  Saving model ...
  Ep 8: Train 0.4294 | Val 0.3817 | Test 0.4225
Validation loss decreased (0.381710 --> 0.381710).  Saving model ...
  Ep 9: Train 0.3933 | Val 0.3594 | Test 0.4010
Validation loss decreased (0.359431 --> 0.359431).  Saving model ...
  Ep 10: Train 0.3742 | Val 0.3390 | Test 0.3811
Validation loss decreased (0.338974 --> 0.338974).  Saving model ...
  Ep 11: Train 0.3540 | Val 0.3196 | Test 0.3626
Validation loss decreased (0.319578 --> 0.319578).  Saving model ...
  Ep 12: Train 0.3403 | Val 0.3017 | Test 0.3457
Validation loss decreased (0.301687 --> 0.301687).  Saving model ...
  Ep 13: Train 0.3158 | Val 0.2852 | Test 0.3303
Validation loss decreased (0.285153 --> 0.285153).  Saving model ...
  Ep 14: Train 0.2938 | Val 0.2694 | Test 0.3159
Validation loss decreased (0.269393 --> 0.269393).  Saving model ...
  Ep 15: Train 0.2811 | Val 0.2549 | Test 0.3025
Validation loss decreased (0.254891 --> 0.254891).  Saving model ...
  Ep 16: Train 0.2665 | Val 0.2414 | Test 0.2898
Validation loss decreased (0.241383 --> 0.241383).  Saving model ...
  Ep 17: Train 0.2518 | Val 0.2289 | Test 0.2784
Validation loss decreased (0.228944 --> 0.228944).  Saving model ...
  Ep 18: Train 0.2350 | Val 0.2171 | Test 0.2672
Validation loss decreased (0.217141 --> 0.217141).  Saving model ...
  Ep 19: Train 0.2335 | Val 0.2060 | Test 0.2567
Validation loss decreased (0.205957 --> 0.205957).  Saving model ...
  Ep 20: Train 0.2209 | Val 0.1954 | Test 0.2469
Validation loss decreased (0.195427 --> 0.195427).  Saving model ...
  Ep 21: Train 0.2077 | Val 0.1856 | Test 0.2377
Validation loss decreased (0.185584 --> 0.185584).  Saving model ...
  Ep 22: Train 0.1960 | Val 0.1761 | Test 0.2294
Validation loss decreased (0.176139 --> 0.176139).  Saving model ...
  Ep 23: Train 0.1897 | Val 0.1672 | Test 0.2215
Validation loss decreased (0.167175 --> 0.167175).  Saving model ...
  Ep 24: Train 0.1811 | Val 0.1589 | Test 0.2136
Validation loss decreased (0.158895 --> 0.158895).  Saving model ...
  Ep 25: Train 0.1671 | Val 0.1512 | Test 0.2064
Validation loss decreased (0.151155 --> 0.151155).  Saving model ...
  Ep 26: Train 0.1634 | Val 0.1441 | Test 0.1999
Validation loss decreased (0.144102 --> 0.144102).  Saving model ...
  Ep 27: Train 0.1530 | Val 0.1376 | Test 0.1939
Validation loss decreased (0.137589 --> 0.137589).  Saving model ...
  Ep 28: Train 0.1495 | Val 0.1317 | Test 0.1880
Validation loss decreased (0.131701 --> 0.131701).  Saving model ...
  Ep 29: Train 0.1382 | Val 0.1260 | Test 0.1826
Validation loss decreased (0.125980 --> 0.125980).  Saving model ...
  Ep 30: Train 0.1328 | Val 0.1206 | Test 0.1777
Validation loss decreased (0.120551 --> 0.120551).  Saving model ...
  Ep 31: Train 0.1261 | Val 0.1156 | Test 0.1728
Validation loss decreased (0.115597 --> 0.115597).  Saving model ...
  Ep 32: Train 0.1256 | Val 0.1108 | Test 0.1683
Validation loss decreased (0.110788 --> 0.110788).  Saving model ...
  Ep 33: Train 0.1182 | Val 0.1064 | Test 0.1642
Validation loss decreased (0.106370 --> 0.106370).  Saving model ...
  Ep 34: Train 0.1129 | Val 0.1022 | Test 0.1601
Validation loss decreased (0.102159 --> 0.102159).  Saving model ...
  Ep 35: Train 0.1113 | Val 0.0984 | Test 0.1562
Validation loss decreased (0.098388 --> 0.098388).  Saving model ...
  Ep 36: Train 0.1066 | Val 0.0949 | Test 0.1526
Validation loss decreased (0.094943 --> 0.094943).  Saving model ...
  Ep 37: Train 0.1036 | Val 0.0918 | Test 0.1494
Validation loss decreased (0.091821 --> 0.091821).  Saving model ...
  Ep 38: Train 0.0992 | Val 0.0889 | Test 0.1464
Validation loss decreased (0.088906 --> 0.088906).  Saving model ...
  Ep 39: Train 0.0966 | Val 0.0862 | Test 0.1439
Validation loss decreased (0.086243 --> 0.086243).  Saving model ...
  Ep 40: Train 0.0930 | Val 0.0836 | Test 0.1408
Validation loss decreased (0.083637 --> 0.083637).  Saving model ...
  Ep 41: Train 0.0878 | Val 0.0812 | Test 0.1382
Validation loss decreased (0.081179 --> 0.081179).  Saving model ...
  Ep 42: Train 0.0893 | Val 0.0790 | Test 0.1356
Validation loss decreased (0.079033 --> 0.079033).  Saving model ...
  Ep 43: Train 0.0863 | Val 0.0770 | Test 0.1332
Validation loss decreased (0.077007 --> 0.077007).  Saving model ...
  Ep 44: Train 0.0854 | Val 0.0752 | Test 0.1309
Validation loss decreased (0.075187 --> 0.075187).  Saving model ...
  Ep 45: Train 0.0828 | Val 0.0735 | Test 0.1285
Validation loss decreased (0.073542 --> 0.073542).  Saving model ...
  Ep 46: Train 0.0824 | Val 0.0719 | Test 0.1266
Validation loss decreased (0.071860 --> 0.071860).  Saving model ...
  Ep 47: Train 0.0784 | Val 0.0703 | Test 0.1249
Validation loss decreased (0.070338 --> 0.070338).  Saving model ...
  Ep 48: Train 0.0770 | Val 0.0688 | Test 0.1231
Validation loss decreased (0.068822 --> 0.068822).  Saving model ...
  Ep 49: Train 0.0756 | Val 0.0674 | Test 0.1206
Validation loss decreased (0.067396 --> 0.067396).  Saving model ...
  Ep 50: Train 0.0726 | Val 0.0663 | Test 0.1184
Validation loss decreased (0.066294 --> 0.066294).  Saving model ...
/home/sangukchoi/Stroke_SDA/sda_training.py:617: FutureWarning: You are using `torch.load` with `weights_only=False` (the current default value), which uses the default pickle module implicitly. It is possible to construct malicious pickle data which will execute arbitrary code during unpickling (See https://github.com/pytorch/pytorch/blob/main/SECURITY.md#untrusted-models for more details). In a future release, the default value for `weights_only` will be flipped to `True`. This limits the functions that could be executed during unpickling. Arbitrary objects will no longer be allowed to be loaded via this mode unless they are explicitly allowlisted by the user via `torch.serialization.add_safe_globals`. We recommend you start setting `weights_only=True` for any use case where you don't have full control of the loaded file. Please open an issue on GitHub for any issues related to this experimental feature.
  model.load_state_dict(torch.load(os.path.join(out_dir, 'best_model.pth')))
Final Test MSE (Best Model): 0.1184

[Fold 3 - TL] Train: ['S003_T002', 'S003_T003'], Test: S003_T006, Norm: independent
/home/sangukchoi/.conda/envs/torch_gpu/lib/python3.10/site-packages/torch/nn/modules/rnn.py:123: UserWarning: dropout option adds dropout after all but last recurrent layer, so non-zero dropout expects num_layers greater than 1, but got dropout=0.3 and num_layers=1
  warnings.warn(
  [TL] Loading Pre-trained SO Model from: results_final_rank1/S003/Fold_3_S003_T006_SO_frac1.0/best_model.pth
/home/sangukchoi/Stroke_SDA/sda_training.py:400: FutureWarning: You are using `torch.load` with `weights_only=False` (the current default value), which uses the default pickle module implicitly. It is possible to construct malicious pickle data which will execute arbitrary code during unpickling (See https://github.com/pytorch/pytorch/blob/main/SECURITY.md#untrusted-models for more details). In a future release, the default value for `weights_only` will be flipped to `True`. This limits the functions that could be executed during unpickling. Arbitrary objects will no longer be allowed to be loaded via this mode unless they are explicitly allowlisted by the user via `torch.serialization.add_safe_globals`. We recommend you start setting `weights_only=True` for any use case where you don't have full control of the loaded file. Please open an issue on GitHub for any issues related to this experimental feature.
  checkpoint = torch.load(so_path)
  [TL] Freezing Encoder and initializing Decoder Tgt...
  Ep 1: Train 0.7146 | Val 0.5967 | Test 0.6820
Validation loss decreased (0.596656 --> 0.596656).  Saving model ...
  Ep 2: Train 0.6608 | Val 0.5497 | Test 0.6300
Validation loss decreased (0.549666 --> 0.549666).  Saving model ...
  Ep 3: Train 0.6117 | Val 0.5076 | Test 0.5827
Validation loss decreased (0.507588 --> 0.507588).  Saving model ...
  Ep 4: Train 0.5463 | Val 0.4707 | Test 0.5403
Validation loss decreased (0.470705 --> 0.470705).  Saving model ...
  Ep 5: Train 0.5102 | Val 0.4372 | Test 0.5019
Validation loss decreased (0.437162 --> 0.437162).  Saving model ...
  Ep 6: Train 0.4834 | Val 0.4062 | Test 0.4666
Validation loss decreased (0.406206 --> 0.406206).  Saving model ...
  Ep 7: Train 0.4402 | Val 0.3786 | Test 0.4349
Validation loss decreased (0.378616 --> 0.378616).  Saving model ...
  Ep 8: Train 0.4130 | Val 0.3534 | Test 0.4055
Validation loss decreased (0.353406 --> 0.353406).  Saving model ...
  Ep 9: Train 0.3801 | Val 0.3310 | Test 0.3791
Validation loss decreased (0.331036 --> 0.331036).  Saving model ...
  Ep 10: Train 0.3590 | Val 0.3103 | Test 0.3547
Validation loss decreased (0.310298 --> 0.310298).  Saving model ...
  Ep 11: Train 0.3353 | Val 0.2915 | Test 0.3330
Validation loss decreased (0.291498 --> 0.291498).  Saving model ...
  Ep 12: Train 0.3129 | Val 0.2743 | Test 0.3129
Validation loss decreased (0.274299 --> 0.274299).  Saving model ...
  Ep 13: Train 0.2865 | Val 0.2587 | Test 0.2947
Validation loss decreased (0.258699 --> 0.258699).  Saving model ...
  Ep 14: Train 0.2700 | Val 0.2442 | Test 0.2776
Validation loss decreased (0.244202 --> 0.244202).  Saving model ...
  Ep 15: Train 0.2604 | Val 0.2309 | Test 0.2619
Validation loss decreased (0.230941 --> 0.230941).  Saving model ...
  Ep 16: Train 0.2386 | Val 0.2189 | Test 0.2479
Validation loss decreased (0.218904 --> 0.218904).  Saving model ...
  Ep 17: Train 0.2231 | Val 0.2076 | Test 0.2350
Validation loss decreased (0.207634 --> 0.207634).  Saving model ...
  Ep 18: Train 0.2134 | Val 0.1972 | Test 0.2230
Validation loss decreased (0.197181 --> 0.197181).  Saving model ...
  Ep 19: Train 0.2002 | Val 0.1874 | Test 0.2122
Validation loss decreased (0.187432 --> 0.187432).  Saving model ...
  Ep 20: Train 0.1898 | Val 0.1785 | Test 0.2025
Validation loss decreased (0.178542 --> 0.178542).  Saving model ...
  Ep 21: Train 0.1833 | Val 0.1703 | Test 0.1932
Validation loss decreased (0.170265 --> 0.170265).  Saving model ...
  Ep 22: Train 0.1720 | Val 0.1624 | Test 0.1843
Validation loss decreased (0.162379 --> 0.162379).  Saving model ...
  Ep 23: Train 0.1590 | Val 0.1552 | Test 0.1768
Validation loss decreased (0.155242 --> 0.155242).  Saving model ...
  Ep 24: Train 0.1522 | Val 0.1486 | Test 0.1697
Validation loss decreased (0.148555 --> 0.148555).  Saving model ...
  Ep 25: Train 0.1449 | Val 0.1423 | Test 0.1631
Validation loss decreased (0.142341 --> 0.142341).  Saving model ...
  Ep 26: Train 0.1382 | Val 0.1367 | Test 0.1571
Validation loss decreased (0.136658 --> 0.136658).  Saving model ...
  Ep 27: Train 0.1336 | Val 0.1311 | Test 0.1511
Validation loss decreased (0.131123 --> 0.131123).  Saving model ...
  Ep 28: Train 0.1250 | Val 0.1260 | Test 0.1459
Validation loss decreased (0.126000 --> 0.126000).  Saving model ...
  Ep 29: Train 0.1234 | Val 0.1215 | Test 0.1412
Validation loss decreased (0.121480 --> 0.121480).  Saving model ...
  Ep 30: Train 0.1181 | Val 0.1172 | Test 0.1370
Validation loss decreased (0.117229 --> 0.117229).  Saving model ...
  Ep 31: Train 0.1124 | Val 0.1132 | Test 0.1329
Validation loss decreased (0.113155 --> 0.113155).  Saving model ...
  Ep 32: Train 0.1070 | Val 0.1096 | Test 0.1293
Validation loss decreased (0.109614 --> 0.109614).  Saving model ...
  Ep 33: Train 0.1039 | Val 0.1060 | Test 0.1259
Validation loss decreased (0.106016 --> 0.106016).  Saving model ...
  Ep 34: Train 0.0987 | Val 0.1026 | Test 0.1227
Validation loss decreased (0.102572 --> 0.102572).  Saving model ...
  Ep 35: Train 0.0958 | Val 0.0994 | Test 0.1199
Validation loss decreased (0.099371 --> 0.099371).  Saving model ...
  Ep 36: Train 0.0940 | Val 0.0966 | Test 0.1168
Validation loss decreased (0.096626 --> 0.096626).  Saving model ...
  Ep 37: Train 0.0893 | Val 0.0939 | Test 0.1145
Validation loss decreased (0.093939 --> 0.093939).  Saving model ...
  Ep 38: Train 0.0869 | Val 0.0917 | Test 0.1124
Validation loss decreased (0.091669 --> 0.091669).  Saving model ...
  Ep 39: Train 0.0863 | Val 0.0893 | Test 0.1101
Validation loss decreased (0.089282 --> 0.089282).  Saving model ...
  Ep 40: Train 0.0827 | Val 0.0871 | Test 0.1081
Validation loss decreased (0.087089 --> 0.087089).  Saving model ...
  Ep 41: Train 0.0814 | Val 0.0847 | Test 0.1065
Validation loss decreased (0.084744 --> 0.084744).  Saving model ...
  Ep 42: Train 0.0795 | Val 0.0829 | Test 0.1042
Validation loss decreased (0.082868 --> 0.082868).  Saving model ...
  Ep 43: Train 0.0760 | Val 0.0811 | Test 0.1027
Validation loss decreased (0.081065 --> 0.081065).  Saving model ...
  Ep 44: Train 0.0759 | Val 0.0791 | Test 0.1008
Validation loss decreased (0.079082 --> 0.079082).  Saving model ...
  Ep 45: Train 0.0742 | Val 0.0771 | Test 0.0986
Validation loss decreased (0.077057 --> 0.077057).  Saving model ...
  Ep 46: Train 0.0714 | Val 0.0752 | Test 0.0975
Validation loss decreased (0.075214 --> 0.075214).  Saving model ...
  Ep 47: Train 0.0711 | Val 0.0735 | Test 0.0963
Validation loss decreased (0.073531 --> 0.073531).  Saving model ...
  Ep 48: Train 0.0666 | Val 0.0721 | Test 0.0955
Validation loss decreased (0.072145 --> 0.072145).  Saving model ...
  Ep 49: Train 0.0662 | Val 0.0710 | Test 0.0943
Validation loss decreased (0.070977 --> 0.070977).  Saving model ...
  Ep 50: Train 0.0638 | Val 0.0698 | Test 0.0931
Validation loss decreased (0.069832 --> 0.069832).  Saving model ...
/home/sangukchoi/Stroke_SDA/sda_training.py:617: FutureWarning: You are using `torch.load` with `weights_only=False` (the current default value), which uses the default pickle module implicitly. It is possible to construct malicious pickle data which will execute arbitrary code during unpickling (See https://github.com/pytorch/pytorch/blob/main/SECURITY.md#untrusted-models for more details). In a future release, the default value for `weights_only` will be flipped to `True`. This limits the functions that could be executed during unpickling. Arbitrary objects will no longer be allowed to be loaded via this mode unless they are explicitly allowlisted by the user via `torch.serialization.add_safe_globals`. We recommend you start setting `weights_only=True` for any use case where you don't have full control of the loaded file. Please open an issue on GitHub for any issues related to this experimental feature.
  model.load_state_dict(torch.load(os.path.join(out_dir, 'best_model.pth')))
Final Test MSE (Best Model): 0.0931
[S003] Finished successfully.
