
[Run Start] Subject S004 | Mode ['SDA', 'TO', 'SO', 'TL'] | Params: Custom
  [Skipping] Found existing model for Fold 1 SDA

[Fold 2 - SDA] Train: ['S004_T001', 'S004_T005'], Test: S004_T003, Norm: fixed
/home/sangukchoi/.conda/envs/torch_gpu/lib/python3.10/site-packages/torch/nn/modules/rnn.py:123: UserWarning: dropout option adds dropout after all but last recurrent layer, so non-zero dropout expects num_layers greater than 1, but got dropout=0.3 and num_layers=1
  warnings.warn(
  Ep 1: Train 0.4233 | Val 0.4087 | Test 0.0360
Validation loss decreased (0.408684 --> 0.408684).  Saving model ...
  Ep 2: Train 0.2570 | Val 0.2894 | Test 0.0326
Validation loss decreased (0.289378 --> 0.289378).  Saving model ...
  Ep 3: Train 0.2235 | Val 0.2616 | Test 0.0439
Validation loss decreased (0.261597 --> 0.261597).  Saving model ...
  Ep 4: Train 0.2084 | Val 0.2634 | Test 0.0499
EarlyStopping counter: 1 out of 10
  Ep 5: Train 0.2022 | Val 0.2559 | Test 0.0443
Validation loss decreased (0.255875 --> 0.255875).  Saving model ...
  Ep 6: Train 0.1943 | Val 0.2483 | Test 0.0334
Validation loss decreased (0.248346 --> 0.248346).  Saving model ...
  Ep 7: Train 0.1938 | Val 0.2659 | Test 0.0464
EarlyStopping counter: 1 out of 10
  Ep 8: Train 0.1890 | Val 0.2420 | Test 0.0447
Validation loss decreased (0.241999 --> 0.241999).  Saving model ...
  Ep 9: Train 0.1824 | Val 0.2400 | Test 0.0454
Validation loss decreased (0.239985 --> 0.239985).  Saving model ...
  Ep 10: Train 0.1804 | Val 0.2375 | Test 0.0463
Validation loss decreased (0.237466 --> 0.237466).  Saving model ...
  Ep 11: Train 0.1774 | Val 0.2433 | Test 0.0444
EarlyStopping counter: 1 out of 10
  Ep 12: Train 0.1740 | Val 0.2543 | Test 0.0496
EarlyStopping counter: 2 out of 10
  Ep 13: Train 0.1735 | Val 0.2435 | Test 0.0477
EarlyStopping counter: 3 out of 10
  Ep 14: Train 0.1705 | Val 0.2518 | Test 0.0519
EarlyStopping counter: 4 out of 10
  Ep 15: Train 0.1674 | Val 0.2456 | Test 0.0492
EarlyStopping counter: 5 out of 10
  Ep 16: Train 0.1641 | Val 0.2413 | Test 0.0439
EarlyStopping counter: 6 out of 10
  Ep 17: Train 0.1647 | Val 0.2404 | Test 0.0587
EarlyStopping counter: 7 out of 10
  Ep 18: Train 0.1587 | Val 0.2568 | Test 0.0669
EarlyStopping counter: 8 out of 10
  Ep 19: Train 0.1622 | Val 0.2390 | Test 0.0424
EarlyStopping counter: 9 out of 10
  Ep 20: Train 0.1627 | Val 0.2584 | Test 0.0719
EarlyStopping counter: 10 out of 10
Early stopping triggered!
/home/sangukchoi/Stroke_SDA/sda_training.py:617: FutureWarning: You are using `torch.load` with `weights_only=False` (the current default value), which uses the default pickle module implicitly. It is possible to construct malicious pickle data which will execute arbitrary code during unpickling (See https://github.com/pytorch/pytorch/blob/main/SECURITY.md#untrusted-models for more details). In a future release, the default value for `weights_only` will be flipped to `True`. This limits the functions that could be executed during unpickling. Arbitrary objects will no longer be allowed to be loaded via this mode unless they are explicitly allowlisted by the user via `torch.serialization.add_safe_globals`. We recommend you start setting `weights_only=True` for any use case where you don't have full control of the loaded file. Please open an issue on GitHub for any issues related to this experimental feature.
  model.load_state_dict(torch.load(os.path.join(out_dir, 'best_model.pth')))
Final Test MSE (Best Model): 0.0463

[Fold 3 - SDA] Train: ['S004_T001', 'S004_T003'], Test: S004_T005, Norm: fixed
/home/sangukchoi/.conda/envs/torch_gpu/lib/python3.10/site-packages/torch/nn/modules/rnn.py:123: UserWarning: dropout option adds dropout after all but last recurrent layer, so non-zero dropout expects num_layers greater than 1, but got dropout=0.3 and num_layers=1
  warnings.warn(
  Ep 1: Train 0.3776 | Val 0.3725 | Test 0.1492
Validation loss decreased (0.372546 --> 0.372546).  Saving model ...
  Ep 2: Train 0.2211 | Val 0.2410 | Test 0.1382
Validation loss decreased (0.240954 --> 0.240954).  Saving model ...
  Ep 3: Train 0.1943 | Val 0.2107 | Test 0.1400
Validation loss decreased (0.210679 --> 0.210679).  Saving model ...
  Ep 4: Train 0.1869 | Val 0.2142 | Test 0.1417
EarlyStopping counter: 1 out of 10
  Ep 5: Train 0.1850 | Val 0.2327 | Test 0.1154
EarlyStopping counter: 2 out of 10
  Ep 6: Train 0.1843 | Val 0.1841 | Test 0.1314
Validation loss decreased (0.184114 --> 0.184114).  Saving model ...
  Ep 7: Train 0.1770 | Val 0.2155 | Test 0.1265
EarlyStopping counter: 1 out of 10
  Ep 8: Train 0.1779 | Val 0.1936 | Test 0.1341
EarlyStopping counter: 2 out of 10
  Ep 9: Train 0.1744 | Val 0.1858 | Test 0.1200
EarlyStopping counter: 3 out of 10
  Ep 10: Train 0.1708 | Val 0.1915 | Test 0.1186
EarlyStopping counter: 4 out of 10
  Ep 11: Train 0.1694 | Val 0.2111 | Test 0.1076
EarlyStopping counter: 5 out of 10
  Ep 12: Train 0.1791 | Val 0.2122 | Test 0.1195
EarlyStopping counter: 6 out of 10
  Ep 13: Train 0.1669 | Val 0.2166 | Test 0.1217
EarlyStopping counter: 7 out of 10
  Ep 14: Train 0.1618 | Val 0.1861 | Test 0.1126
EarlyStopping counter: 8 out of 10
  Ep 15: Train 0.1621 | Val 0.1819 | Test 0.1090
Validation loss decreased (0.181937 --> 0.181937).  Saving model ...
  Ep 16: Train 0.1582 | Val 0.1906 | Test 0.1169
EarlyStopping counter: 1 out of 10
  Ep 17: Train 0.1575 | Val 0.1956 | Test 0.1193
EarlyStopping counter: 2 out of 10
  Ep 18: Train 0.1540 | Val 0.1887 | Test 0.1195
EarlyStopping counter: 3 out of 10
  Ep 19: Train 0.1542 | Val 0.1685 | Test 0.1155
Validation loss decreased (0.168514 --> 0.168514).  Saving model ...
  Ep 20: Train 0.1533 | Val 0.1899 | Test 0.1198
EarlyStopping counter: 1 out of 10
  Ep 21: Train 0.1502 | Val 0.2042 | Test 0.1274
EarlyStopping counter: 2 out of 10
  Ep 22: Train 0.1524 | Val 0.1875 | Test 0.1072
EarlyStopping counter: 3 out of 10
  Ep 23: Train 0.1494 | Val 0.1763 | Test 0.1178
EarlyStopping counter: 4 out of 10
  Ep 24: Train 0.1474 | Val 0.1842 | Test 0.1181
EarlyStopping counter: 5 out of 10
  Ep 25: Train 0.1498 | Val 0.1838 | Test 0.1226
EarlyStopping counter: 6 out of 10
  Ep 26: Train 0.1448 | Val 0.1878 | Test 0.1103
EarlyStopping counter: 7 out of 10
  Ep 27: Train 0.1482 | Val 0.2018 | Test 0.1154
EarlyStopping counter: 8 out of 10
  Ep 28: Train 0.1451 | Val 0.1686 | Test 0.1172
EarlyStopping counter: 9 out of 10
  Ep 29: Train 0.1467 | Val 0.1974 | Test 0.1152
EarlyStopping counter: 10 out of 10
Early stopping triggered!
/home/sangukchoi/Stroke_SDA/sda_training.py:617: FutureWarning: You are using `torch.load` with `weights_only=False` (the current default value), which uses the default pickle module implicitly. It is possible to construct malicious pickle data which will execute arbitrary code during unpickling (See https://github.com/pytorch/pytorch/blob/main/SECURITY.md#untrusted-models for more details). In a future release, the default value for `weights_only` will be flipped to `True`. This limits the functions that could be executed during unpickling. Arbitrary objects will no longer be allowed to be loaded via this mode unless they are explicitly allowlisted by the user via `torch.serialization.add_safe_globals`. We recommend you start setting `weights_only=True` for any use case where you don't have full control of the loaded file. Please open an issue on GitHub for any issues related to this experimental feature.
  model.load_state_dict(torch.load(os.path.join(out_dir, 'best_model.pth')))
Final Test MSE (Best Model): 0.1155

[Fold 1 - TO] Train: ['S004_T003', 'S004_T005'], Test: S004_T001, Norm: independent
/home/sangukchoi/.conda/envs/torch_gpu/lib/python3.10/site-packages/torch/nn/modules/rnn.py:123: UserWarning: dropout option adds dropout after all but last recurrent layer, so non-zero dropout expects num_layers greater than 1, but got dropout=0.3 and num_layers=1
  warnings.warn(
  Ep 1: Train 0.6350 | Val 0.6181 | Test 0.5743
Validation loss decreased (0.618106 --> 0.618106).  Saving model ...
  Ep 2: Train 0.5630 | Val 0.5397 | Test 0.5061
Validation loss decreased (0.539693 --> 0.539693).  Saving model ...
  Ep 3: Train 0.4943 | Val 0.4760 | Test 0.4510
Validation loss decreased (0.475960 --> 0.475960).  Saving model ...
  Ep 4: Train 0.4396 | Val 0.4212 | Test 0.4052
Validation loss decreased (0.421216 --> 0.421216).  Saving model ...
  Ep 5: Train 0.3947 | Val 0.3747 | Test 0.3674
Validation loss decreased (0.374688 --> 0.374688).  Saving model ...
  Ep 6: Train 0.3536 | Val 0.3341 | Test 0.3351
Validation loss decreased (0.334065 --> 0.334065).  Saving model ...
  Ep 7: Train 0.3154 | Val 0.2974 | Test 0.3058
Validation loss decreased (0.297406 --> 0.297406).  Saving model ...
  Ep 8: Train 0.2880 | Val 0.2624 | Test 0.2780
Validation loss decreased (0.262420 --> 0.262420).  Saving model ...
  Ep 9: Train 0.2583 | Val 0.2294 | Test 0.2518
Validation loss decreased (0.229397 --> 0.229397).  Saving model ...
  Ep 10: Train 0.2302 | Val 0.1989 | Test 0.2280
Validation loss decreased (0.198944 --> 0.198944).  Saving model ...
  Ep 11: Train 0.2044 | Val 0.1715 | Test 0.2079
Validation loss decreased (0.171495 --> 0.171495).  Saving model ...
  Ep 12: Train 0.1743 | Val 0.1473 | Test 0.1914
Validation loss decreased (0.147282 --> 0.147282).  Saving model ...
  Ep 13: Train 0.1551 | Val 0.1267 | Test 0.1779
Validation loss decreased (0.126697 --> 0.126697).  Saving model ...
  Ep 14: Train 0.1368 | Val 0.1094 | Test 0.1665
Validation loss decreased (0.109425 --> 0.109425).  Saving model ...
  Ep 15: Train 0.1229 | Val 0.0951 | Test 0.1563
Validation loss decreased (0.095113 --> 0.095113).  Saving model ...
  Ep 16: Train 0.1064 | Val 0.0838 | Test 0.1477
Validation loss decreased (0.083808 --> 0.083808).  Saving model ...
  Ep 17: Train 0.0934 | Val 0.0748 | Test 0.1408
Validation loss decreased (0.074775 --> 0.074775).  Saving model ...
  Ep 18: Train 0.0860 | Val 0.0679 | Test 0.1343
Validation loss decreased (0.067942 --> 0.067942).  Saving model ...
  Ep 19: Train 0.0769 | Val 0.0627 | Test 0.1290
Validation loss decreased (0.062724 --> 0.062724).  Saving model ...
  Ep 20: Train 0.0731 | Val 0.0587 | Test 0.1277
Validation loss decreased (0.058739 --> 0.058739).  Saving model ...
  Ep 21: Train 0.0684 | Val 0.0558 | Test 0.1290
Validation loss decreased (0.055812 --> 0.055812).  Saving model ...
  Ep 22: Train 0.0645 | Val 0.0536 | Test 0.1295
Validation loss decreased (0.053586 --> 0.053586).  Saving model ...
  Ep 23: Train 0.0639 | Val 0.0519 | Test 0.1280
Validation loss decreased (0.051935 --> 0.051935).  Saving model ...
  Ep 24: Train 0.0596 | Val 0.0504 | Test 0.1259
Validation loss decreased (0.050427 --> 0.050427).  Saving model ...
  Ep 25: Train 0.0596 | Val 0.0491 | Test 0.1262
Validation loss decreased (0.049096 --> 0.049096).  Saving model ...
  Ep 26: Train 0.0570 | Val 0.0480 | Test 0.1249
Validation loss decreased (0.048030 --> 0.048030).  Saving model ...
  Ep 27: Train 0.0511 | Val 0.0471 | Test 0.1251
Validation loss decreased (0.047116 --> 0.047116).  Saving model ...
  Ep 28: Train 0.0560 | Val 0.0464 | Test 0.1237
Validation loss decreased (0.046371 --> 0.046371).  Saving model ...
  Ep 29: Train 0.0545 | Val 0.0457 | Test 0.1226
Validation loss decreased (0.045732 --> 0.045732).  Saving model ...
  Ep 30: Train 0.0501 | Val 0.0449 | Test 0.1214
Validation loss decreased (0.044929 --> 0.044929).  Saving model ...
  Ep 31: Train 0.0523 | Val 0.0440 | Test 0.1214
Validation loss decreased (0.044022 --> 0.044022).  Saving model ...
  Ep 32: Train 0.0522 | Val 0.0434 | Test 0.1215
Validation loss decreased (0.043385 --> 0.043385).  Saving model ...
  Ep 33: Train 0.0496 | Val 0.0426 | Test 0.1218
Validation loss decreased (0.042612 --> 0.042612).  Saving model ...
  Ep 34: Train 0.0478 | Val 0.0419 | Test 0.1206
Validation loss decreased (0.041912 --> 0.041912).  Saving model ...
  Ep 35: Train 0.0483 | Val 0.0413 | Test 0.1219
Validation loss decreased (0.041301 --> 0.041301).  Saving model ...
  Ep 36: Train 0.0460 | Val 0.0408 | Test 0.1221
Validation loss decreased (0.040770 --> 0.040770).  Saving model ...
  Ep 37: Train 0.0470 | Val 0.0404 | Test 0.1224
Validation loss decreased (0.040361 --> 0.040361).  Saving model ...
  Ep 38: Train 0.0447 | Val 0.0398 | Test 0.1218
Validation loss decreased (0.039791 --> 0.039791).  Saving model ...
  Ep 39: Train 0.0461 | Val 0.0391 | Test 0.1195
Validation loss decreased (0.039084 --> 0.039084).  Saving model ...
  Ep 40: Train 0.0453 | Val 0.0383 | Test 0.1179
Validation loss decreased (0.038301 --> 0.038301).  Saving model ...
  Ep 41: Train 0.0424 | Val 0.0376 | Test 0.1184
Validation loss decreased (0.037595 --> 0.037595).  Saving model ...
  Ep 42: Train 0.0434 | Val 0.0370 | Test 0.1184
Validation loss decreased (0.037045 --> 0.037045).  Saving model ...
  Ep 43: Train 0.0424 | Val 0.0366 | Test 0.1182
Validation loss decreased (0.036599 --> 0.036599).  Saving model ...
  Ep 44: Train 0.0440 | Val 0.0363 | Test 0.1181
Validation loss decreased (0.036306 --> 0.036306).  Saving model ...
  Ep 45: Train 0.0422 | Val 0.0359 | Test 0.1186
Validation loss decreased (0.035933 --> 0.035933).  Saving model ...
  Ep 46: Train 0.0422 | Val 0.0356 | Test 0.1195
Validation loss decreased (0.035575 --> 0.035575).  Saving model ...
  Ep 47: Train 0.0409 | Val 0.0352 | Test 0.1202
Validation loss decreased (0.035213 --> 0.035213).  Saving model ...
  Ep 48: Train 0.0412 | Val 0.0348 | Test 0.1208
Validation loss decreased (0.034807 --> 0.034807).  Saving model ...
  Ep 49: Train 0.0399 | Val 0.0344 | Test 0.1200
Validation loss decreased (0.034384 --> 0.034384).  Saving model ...
  Ep 50: Train 0.0397 | Val 0.0339 | Test 0.1185
Validation loss decreased (0.033945 --> 0.033945).  Saving model ...
/home/sangukchoi/Stroke_SDA/sda_training.py:617: FutureWarning: You are using `torch.load` with `weights_only=False` (the current default value), which uses the default pickle module implicitly. It is possible to construct malicious pickle data which will execute arbitrary code during unpickling (See https://github.com/pytorch/pytorch/blob/main/SECURITY.md#untrusted-models for more details). In a future release, the default value for `weights_only` will be flipped to `True`. This limits the functions that could be executed during unpickling. Arbitrary objects will no longer be allowed to be loaded via this mode unless they are explicitly allowlisted by the user via `torch.serialization.add_safe_globals`. We recommend you start setting `weights_only=True` for any use case where you don't have full control of the loaded file. Please open an issue on GitHub for any issues related to this experimental feature.
  model.load_state_dict(torch.load(os.path.join(out_dir, 'best_model.pth')))
Final Test MSE (Best Model): 0.1185

[Fold 2 - TO] Train: ['S004_T001', 'S004_T005'], Test: S004_T003, Norm: independent
/home/sangukchoi/.conda/envs/torch_gpu/lib/python3.10/site-packages/torch/nn/modules/rnn.py:123: UserWarning: dropout option adds dropout after all but last recurrent layer, so non-zero dropout expects num_layers greater than 1, but got dropout=0.3 and num_layers=1
  warnings.warn(
  Ep 1: Train 0.4666 | Val 0.4458 | Test 0.4275
Validation loss decreased (0.445761 --> 0.445761).  Saving model ...
  Ep 2: Train 0.4166 | Val 0.3989 | Test 0.3780
Validation loss decreased (0.398900 --> 0.398900).  Saving model ...
  Ep 3: Train 0.3770 | Val 0.3568 | Test 0.3331
Validation loss decreased (0.356768 --> 0.356768).  Saving model ...
  Ep 4: Train 0.3355 | Val 0.3182 | Test 0.2915
Validation loss decreased (0.318199 --> 0.318199).  Saving model ...
  Ep 5: Train 0.3019 | Val 0.2827 | Test 0.2522
Validation loss decreased (0.282677 --> 0.282677).  Saving model ...
  Ep 6: Train 0.2692 | Val 0.2496 | Test 0.2155
Validation loss decreased (0.249616 --> 0.249616).  Saving model ...
  Ep 7: Train 0.2363 | Val 0.2200 | Test 0.1830
Validation loss decreased (0.220009 --> 0.220009).  Saving model ...
  Ep 8: Train 0.2096 | Val 0.1933 | Test 0.1539
Validation loss decreased (0.193348 --> 0.193348).  Saving model ...
  Ep 9: Train 0.1857 | Val 0.1704 | Test 0.1294
Validation loss decreased (0.170369 --> 0.170369).  Saving model ...
  Ep 10: Train 0.1588 | Val 0.1507 | Test 0.1083
Validation loss decreased (0.150651 --> 0.150651).  Saving model ...
  Ep 11: Train 0.1422 | Val 0.1346 | Test 0.0913
Validation loss decreased (0.134578 --> 0.134578).  Saving model ...
  Ep 12: Train 0.1236 | Val 0.1221 | Test 0.0781
Validation loss decreased (0.122098 --> 0.122098).  Saving model ...
  Ep 13: Train 0.1141 | Val 0.1124 | Test 0.0676
Validation loss decreased (0.112371 --> 0.112371).  Saving model ...
  Ep 14: Train 0.1056 | Val 0.1054 | Test 0.0597
Validation loss decreased (0.105386 --> 0.105386).  Saving model ...
  Ep 15: Train 0.0999 | Val 0.1001 | Test 0.0540
Validation loss decreased (0.100113 --> 0.100113).  Saving model ...
  Ep 16: Train 0.0954 | Val 0.0957 | Test 0.0492
Validation loss decreased (0.095699 --> 0.095699).  Saving model ...
  Ep 17: Train 0.0864 | Val 0.0927 | Test 0.0456
Validation loss decreased (0.092699 --> 0.092699).  Saving model ...
  Ep 18: Train 0.0875 | Val 0.0903 | Test 0.0441
Validation loss decreased (0.090315 --> 0.090315).  Saving model ...
  Ep 19: Train 0.0818 | Val 0.0881 | Test 0.0436
Validation loss decreased (0.088112 --> 0.088112).  Saving model ...
  Ep 20: Train 0.0790 | Val 0.0865 | Test 0.0435
Validation loss decreased (0.086546 --> 0.086546).  Saving model ...
  Ep 21: Train 0.0770 | Val 0.0848 | Test 0.0415
Validation loss decreased (0.084795 --> 0.084795).  Saving model ...
  Ep 22: Train 0.0766 | Val 0.0830 | Test 0.0395
Validation loss decreased (0.083029 --> 0.083029).  Saving model ...
  Ep 23: Train 0.0744 | Val 0.0818 | Test 0.0400
Validation loss decreased (0.081756 --> 0.081756).  Saving model ...
  Ep 24: Train 0.0714 | Val 0.0810 | Test 0.0409
Validation loss decreased (0.081002 --> 0.081002).  Saving model ...
  Ep 25: Train 0.0736 | Val 0.0803 | Test 0.0398
Validation loss decreased (0.080280 --> 0.080280).  Saving model ...
  Ep 26: Train 0.0683 | Val 0.0789 | Test 0.0374
Validation loss decreased (0.078924 --> 0.078924).  Saving model ...
  Ep 27: Train 0.0693 | Val 0.0775 | Test 0.0362
Validation loss decreased (0.077500 --> 0.077500).  Saving model ...
  Ep 28: Train 0.0670 | Val 0.0769 | Test 0.0375
Validation loss decreased (0.076941 --> 0.076941).  Saving model ...
  Ep 29: Train 0.0642 | Val 0.0767 | Test 0.0381
Validation loss decreased (0.076696 --> 0.076696).  Saving model ...
  Ep 30: Train 0.0639 | Val 0.0768 | Test 0.0397
EarlyStopping counter: 1 out of 10
  Ep 31: Train 0.0631 | Val 0.0756 | Test 0.0387
Validation loss decreased (0.075627 --> 0.075627).  Saving model ...
  Ep 32: Train 0.0609 | Val 0.0742 | Test 0.0360
Validation loss decreased (0.074152 --> 0.074152).  Saving model ...
  Ep 33: Train 0.0613 | Val 0.0736 | Test 0.0345
Validation loss decreased (0.073635 --> 0.073635).  Saving model ...
  Ep 34: Train 0.0603 | Val 0.0731 | Test 0.0349
Validation loss decreased (0.073055 --> 0.073055).  Saving model ...
  Ep 35: Train 0.0580 | Val 0.0719 | Test 0.0356
Validation loss decreased (0.071891 --> 0.071891).  Saving model ...
  Ep 36: Train 0.0579 | Val 0.0710 | Test 0.0352
Validation loss decreased (0.071046 --> 0.071046).  Saving model ...
  Ep 37: Train 0.0582 | Val 0.0703 | Test 0.0346
Validation loss decreased (0.070304 --> 0.070304).  Saving model ...
  Ep 38: Train 0.0551 | Val 0.0697 | Test 0.0362
Validation loss decreased (0.069726 --> 0.069726).  Saving model ...
  Ep 39: Train 0.0575 | Val 0.0682 | Test 0.0337
Validation loss decreased (0.068235 --> 0.068235).  Saving model ...
  Ep 40: Train 0.0559 | Val 0.0673 | Test 0.0338
Validation loss decreased (0.067297 --> 0.067297).  Saving model ...
  Ep 41: Train 0.0564 | Val 0.0665 | Test 0.0323
Validation loss decreased (0.066511 --> 0.066511).  Saving model ...
  Ep 42: Train 0.0536 | Val 0.0660 | Test 0.0324
Validation loss decreased (0.066028 --> 0.066028).  Saving model ...
  Ep 43: Train 0.0523 | Val 0.0649 | Test 0.0319
Validation loss decreased (0.064880 --> 0.064880).  Saving model ...
  Ep 44: Train 0.0508 | Val 0.0637 | Test 0.0322
Validation loss decreased (0.063716 --> 0.063716).  Saving model ...
  Ep 45: Train 0.0510 | Val 0.0632 | Test 0.0335
Validation loss decreased (0.063222 --> 0.063222).  Saving model ...
  Ep 46: Train 0.0485 | Val 0.0628 | Test 0.0343
Validation loss decreased (0.062756 --> 0.062756).  Saving model ...
  Ep 47: Train 0.0484 | Val 0.0624 | Test 0.0336
Validation loss decreased (0.062413 --> 0.062413).  Saving model ...
  Ep 48: Train 0.0502 | Val 0.0616 | Test 0.0307
Validation loss decreased (0.061622 --> 0.061622).  Saving model ...
  Ep 49: Train 0.0484 | Val 0.0610 | Test 0.0308
Validation loss decreased (0.061000 --> 0.061000).  Saving model ...
  Ep 50: Train 0.0491 | Val 0.0599 | Test 0.0308
Validation loss decreased (0.059898 --> 0.059898).  Saving model ...
/home/sangukchoi/Stroke_SDA/sda_training.py:617: FutureWarning: You are using `torch.load` with `weights_only=False` (the current default value), which uses the default pickle module implicitly. It is possible to construct malicious pickle data which will execute arbitrary code during unpickling (See https://github.com/pytorch/pytorch/blob/main/SECURITY.md#untrusted-models for more details). In a future release, the default value for `weights_only` will be flipped to `True`. This limits the functions that could be executed during unpickling. Arbitrary objects will no longer be allowed to be loaded via this mode unless they are explicitly allowlisted by the user via `torch.serialization.add_safe_globals`. We recommend you start setting `weights_only=True` for any use case where you don't have full control of the loaded file. Please open an issue on GitHub for any issues related to this experimental feature.
  model.load_state_dict(torch.load(os.path.join(out_dir, 'best_model.pth')))
Final Test MSE (Best Model): 0.0308

[Fold 3 - TO] Train: ['S004_T001', 'S004_T003'], Test: S004_T005, Norm: independent
/home/sangukchoi/.conda/envs/torch_gpu/lib/python3.10/site-packages/torch/nn/modules/rnn.py:123: UserWarning: dropout option adds dropout after all but last recurrent layer, so non-zero dropout expects num_layers greater than 1, but got dropout=0.3 and num_layers=1
  warnings.warn(
  Ep 1: Train 0.4276 | Val 0.3942 | Test 0.3563
Validation loss decreased (0.394214 --> 0.394214).  Saving model ...
  Ep 2: Train 0.3512 | Val 0.3270 | Test 0.3073
Validation loss decreased (0.326952 --> 0.326952).  Saving model ...
  Ep 3: Train 0.2902 | Val 0.2733 | Test 0.2669
Validation loss decreased (0.273269 --> 0.273269).  Saving model ...
  Ep 4: Train 0.2435 | Val 0.2282 | Test 0.2308
Validation loss decreased (0.228246 --> 0.228246).  Saving model ...
  Ep 5: Train 0.2031 | Val 0.1917 | Test 0.2010
Validation loss decreased (0.191690 --> 0.191690).  Saving model ...
  Ep 6: Train 0.1676 | Val 0.1626 | Test 0.1784
Validation loss decreased (0.162551 --> 0.162551).  Saving model ...
  Ep 7: Train 0.1449 | Val 0.1382 | Test 0.1633
Validation loss decreased (0.138220 --> 0.138220).  Saving model ...
  Ep 8: Train 0.1203 | Val 0.1186 | Test 0.1550
Validation loss decreased (0.118631 --> 0.118631).  Saving model ...
  Ep 9: Train 0.1040 | Val 0.1019 | Test 0.1513
Validation loss decreased (0.101889 --> 0.101889).  Saving model ...
  Ep 10: Train 0.0848 | Val 0.0876 | Test 0.1511
Validation loss decreased (0.087587 --> 0.087587).  Saving model ...
  Ep 11: Train 0.0771 | Val 0.0770 | Test 0.1503
Validation loss decreased (0.076999 --> 0.076999).  Saving model ...
  Ep 12: Train 0.0684 | Val 0.0692 | Test 0.1486
Validation loss decreased (0.069154 --> 0.069154).  Saving model ...
  Ep 13: Train 0.0624 | Val 0.0635 | Test 0.1455
Validation loss decreased (0.063534 --> 0.063534).  Saving model ...
  Ep 14: Train 0.0585 | Val 0.0583 | Test 0.1444
Validation loss decreased (0.058308 --> 0.058308).  Saving model ...
  Ep 15: Train 0.0498 | Val 0.0545 | Test 0.1429
Validation loss decreased (0.054455 --> 0.054455).  Saving model ...
  Ep 16: Train 0.0516 | Val 0.0516 | Test 0.1414
Validation loss decreased (0.051617 --> 0.051617).  Saving model ...
  Ep 17: Train 0.0441 | Val 0.0487 | Test 0.1404
Validation loss decreased (0.048674 --> 0.048674).  Saving model ...
  Ep 18: Train 0.0434 | Val 0.0464 | Test 0.1387
Validation loss decreased (0.046446 --> 0.046446).  Saving model ...
  Ep 19: Train 0.0433 | Val 0.0445 | Test 0.1377
Validation loss decreased (0.044510 --> 0.044510).  Saving model ...
  Ep 20: Train 0.0410 | Val 0.0425 | Test 0.1365
Validation loss decreased (0.042457 --> 0.042457).  Saving model ...
  Ep 21: Train 0.0369 | Val 0.0413 | Test 0.1326
Validation loss decreased (0.041277 --> 0.041277).  Saving model ...
  Ep 22: Train 0.0358 | Val 0.0401 | Test 0.1299
Validation loss decreased (0.040146 --> 0.040146).  Saving model ...
  Ep 23: Train 0.0352 | Val 0.0387 | Test 0.1308
Validation loss decreased (0.038670 --> 0.038670).  Saving model ...
  Ep 24: Train 0.0320 | Val 0.0377 | Test 0.1295
Validation loss decreased (0.037666 --> 0.037666).  Saving model ...
  Ep 25: Train 0.0303 | Val 0.0365 | Test 0.1293
Validation loss decreased (0.036467 --> 0.036467).  Saving model ...
  Ep 26: Train 0.0287 | Val 0.0359 | Test 0.1271
Validation loss decreased (0.035931 --> 0.035931).  Saving model ...
  Ep 27: Train 0.0298 | Val 0.0348 | Test 0.1239
Validation loss decreased (0.034808 --> 0.034808).  Saving model ...
  Ep 28: Train 0.0279 | Val 0.0334 | Test 0.1245
Validation loss decreased (0.033385 --> 0.033385).  Saving model ...
  Ep 29: Train 0.0273 | Val 0.0315 | Test 0.1257
Validation loss decreased (0.031532 --> 0.031532).  Saving model ...
  Ep 30: Train 0.0253 | Val 0.0308 | Test 0.1261
Validation loss decreased (0.030835 --> 0.030835).  Saving model ...
  Ep 31: Train 0.0254 | Val 0.0303 | Test 0.1246
Validation loss decreased (0.030306 --> 0.030306).  Saving model ...
  Ep 32: Train 0.0246 | Val 0.0297 | Test 0.1237
Validation loss decreased (0.029740 --> 0.029740).  Saving model ...
  Ep 33: Train 0.0231 | Val 0.0293 | Test 0.1242
Validation loss decreased (0.029285 --> 0.029285).  Saving model ...
  Ep 34: Train 0.0230 | Val 0.0292 | Test 0.1233
EarlyStopping counter: 1 out of 10
  Ep 35: Train 0.0222 | Val 0.0287 | Test 0.1218
Validation loss decreased (0.028674 --> 0.028674).  Saving model ...
  Ep 36: Train 0.0211 | Val 0.0275 | Test 0.1202
Validation loss decreased (0.027543 --> 0.027543).  Saving model ...
  Ep 37: Train 0.0195 | Val 0.0270 | Test 0.1193
Validation loss decreased (0.026968 --> 0.026968).  Saving model ...
  Ep 38: Train 0.0209 | Val 0.0262 | Test 0.1204
Validation loss decreased (0.026201 --> 0.026201).  Saving model ...
  Ep 39: Train 0.0202 | Val 0.0261 | Test 0.1214
Validation loss decreased (0.026095 --> 0.026095).  Saving model ...
  Ep 40: Train 0.0195 | Val 0.0256 | Test 0.1217
Validation loss decreased (0.025642 --> 0.025642).  Saving model ...
  Ep 41: Train 0.0182 | Val 0.0252 | Test 0.1204
Validation loss decreased (0.025186 --> 0.025186).  Saving model ...
  Ep 42: Train 0.0176 | Val 0.0244 | Test 0.1182
Validation loss decreased (0.024414 --> 0.024414).  Saving model ...
  Ep 43: Train 0.0172 | Val 0.0240 | Test 0.1159
Validation loss decreased (0.023989 --> 0.023989).  Saving model ...
  Ep 44: Train 0.0175 | Val 0.0236 | Test 0.1177
Validation loss decreased (0.023552 --> 0.023552).  Saving model ...
  Ep 45: Train 0.0180 | Val 0.0237 | Test 0.1190
EarlyStopping counter: 1 out of 10
  Ep 46: Train 0.0165 | Val 0.0235 | Test 0.1198
EarlyStopping counter: 2 out of 10
  Ep 47: Train 0.0172 | Val 0.0232 | Test 0.1182
Validation loss decreased (0.023224 --> 0.023224).  Saving model ...
  Ep 48: Train 0.0158 | Val 0.0226 | Test 0.1163
Validation loss decreased (0.022628 --> 0.022628).  Saving model ...
  Ep 49: Train 0.0154 | Val 0.0222 | Test 0.1153
Validation loss decreased (0.022247 --> 0.022247).  Saving model ...
  Ep 50: Train 0.0159 | Val 0.0219 | Test 0.1170
Validation loss decreased (0.021863 --> 0.021863).  Saving model ...
/home/sangukchoi/Stroke_SDA/sda_training.py:617: FutureWarning: You are using `torch.load` with `weights_only=False` (the current default value), which uses the default pickle module implicitly. It is possible to construct malicious pickle data which will execute arbitrary code during unpickling (See https://github.com/pytorch/pytorch/blob/main/SECURITY.md#untrusted-models for more details). In a future release, the default value for `weights_only` will be flipped to `True`. This limits the functions that could be executed during unpickling. Arbitrary objects will no longer be allowed to be loaded via this mode unless they are explicitly allowlisted by the user via `torch.serialization.add_safe_globals`. We recommend you start setting `weights_only=True` for any use case where you don't have full control of the loaded file. Please open an issue on GitHub for any issues related to this experimental feature.
  model.load_state_dict(torch.load(os.path.join(out_dir, 'best_model.pth')))
Final Test MSE (Best Model): 0.1170
  [Skipping] Found existing model for Fold 1 SO

[Fold 2 - SO] Train: ['S004_T001', 'S004_T005'], Test: S004_T003, Norm: fixed
/home/sangukchoi/.conda/envs/torch_gpu/lib/python3.10/site-packages/torch/nn/modules/rnn.py:123: UserWarning: dropout option adds dropout after all but last recurrent layer, so non-zero dropout expects num_layers greater than 1, but got dropout=0.3 and num_layers=1
  warnings.warn(
  Ep 1: Train 0.1153 | Val 0.0513 | Test 0.3121
Validation loss decreased (0.051289 --> 0.051289).  Saving model ...
  Ep 2: Train 0.0476 | Val 0.0401 | Test 0.3537
Validation loss decreased (0.040080 --> 0.040080).  Saving model ...
  Ep 3: Train 0.0407 | Val 0.0363 | Test 0.4027
Validation loss decreased (0.036251 --> 0.036251).  Saving model ...
  Ep 4: Train 0.0372 | Val 0.0329 | Test 0.5715
Validation loss decreased (0.032935 --> 0.032935).  Saving model ...
  Ep 5: Train 0.0349 | Val 0.0327 | Test 0.6304
Validation loss decreased (0.032743 --> 0.032743).  Saving model ...
  Ep 6: Train 0.0333 | Val 0.0311 | Test 0.6549
Validation loss decreased (0.031131 --> 0.031131).  Saving model ...
  Ep 7: Train 0.0323 | Val 0.0290 | Test 0.7430
Validation loss decreased (0.029025 --> 0.029025).  Saving model ...
  Ep 8: Train 0.0313 | Val 0.0287 | Test 0.6348
Validation loss decreased (0.028740 --> 0.028740).  Saving model ...
  Ep 9: Train 0.0303 | Val 0.0283 | Test 0.6432
Validation loss decreased (0.028273 --> 0.028273).  Saving model ...
  Ep 10: Train 0.0296 | Val 0.0272 | Test 0.6853
Validation loss decreased (0.027163 --> 0.027163).  Saving model ...
  Ep 11: Train 0.0288 | Val 0.0267 | Test 0.7072
Validation loss decreased (0.026672 --> 0.026672).  Saving model ...
  Ep 12: Train 0.0281 | Val 0.0264 | Test 0.7331
Validation loss decreased (0.026434 --> 0.026434).  Saving model ...
  Ep 13: Train 0.0275 | Val 0.0261 | Test 0.6584
Validation loss decreased (0.026083 --> 0.026083).  Saving model ...
  Ep 14: Train 0.0267 | Val 0.0253 | Test 0.7921
Validation loss decreased (0.025336 --> 0.025336).  Saving model ...
  Ep 15: Train 0.0259 | Val 0.0244 | Test 0.6989
Validation loss decreased (0.024397 --> 0.024397).  Saving model ...
  Ep 16: Train 0.0254 | Val 0.0236 | Test 0.5361
Validation loss decreased (0.023641 --> 0.023641).  Saving model ...
  Ep 17: Train 0.0246 | Val 0.0233 | Test 0.5142
Validation loss decreased (0.023342 --> 0.023342).  Saving model ...
  Ep 18: Train 0.0239 | Val 0.0234 | Test 0.4524
EarlyStopping counter: 1 out of 10
  Ep 19: Train 0.0232 | Val 0.0223 | Test 0.3456
Validation loss decreased (0.022349 --> 0.022349).  Saving model ...
  Ep 20: Train 0.0226 | Val 0.0214 | Test 0.4314
Validation loss decreased (0.021359 --> 0.021359).  Saving model ...
  Ep 21: Train 0.0218 | Val 0.0216 | Test 0.5333
EarlyStopping counter: 1 out of 10
  Ep 22: Train 0.0214 | Val 0.0206 | Test 0.4808
Validation loss decreased (0.020590 --> 0.020590).  Saving model ...
  Ep 23: Train 0.0206 | Val 0.0204 | Test 0.5182
Validation loss decreased (0.020398 --> 0.020398).  Saving model ...
  Ep 24: Train 0.0200 | Val 0.0197 | Test 0.4747
Validation loss decreased (0.019747 --> 0.019747).  Saving model ...
  Ep 25: Train 0.0193 | Val 0.0196 | Test 0.4503
Validation loss decreased (0.019581 --> 0.019581).  Saving model ...
  Ep 26: Train 0.0189 | Val 0.0189 | Test 0.4681
Validation loss decreased (0.018884 --> 0.018884).  Saving model ...
  Ep 27: Train 0.0181 | Val 0.0183 | Test 0.5197
Validation loss decreased (0.018315 --> 0.018315).  Saving model ...
  Ep 28: Train 0.0175 | Val 0.0175 | Test 0.5245
Validation loss decreased (0.017461 --> 0.017461).  Saving model ...
  Ep 29: Train 0.0170 | Val 0.0162 | Test 0.5217
Validation loss decreased (0.016162 --> 0.016162).  Saving model ...
  Ep 30: Train 0.0164 | Val 0.0161 | Test 0.6454
EarlyStopping counter: 1 out of 10
  Ep 31: Train 0.0161 | Val 0.0157 | Test 0.5026
Validation loss decreased (0.015686 --> 0.015686).  Saving model ...
  Ep 32: Train 0.0154 | Val 0.0157 | Test 0.4920
EarlyStopping counter: 1 out of 10
  Ep 33: Train 0.0149 | Val 0.0149 | Test 0.5219
Validation loss decreased (0.014891 --> 0.014891).  Saving model ...
  Ep 34: Train 0.0143 | Val 0.0144 | Test 0.5080
Validation loss decreased (0.014362 --> 0.014362).  Saving model ...
  Ep 35: Train 0.0139 | Val 0.0157 | Test 0.4693
EarlyStopping counter: 1 out of 10
  Ep 36: Train 0.0137 | Val 0.0140 | Test 0.5832
Validation loss decreased (0.014019 --> 0.014019).  Saving model ...
  Ep 37: Train 0.0136 | Val 0.0140 | Test 0.5821
EarlyStopping counter: 1 out of 10
  Ep 38: Train 0.0127 | Val 0.0145 | Test 0.4895
EarlyStopping counter: 2 out of 10
  Ep 39: Train 0.0130 | Val 0.0125 | Test 0.5357
Validation loss decreased (0.012460 --> 0.012460).  Saving model ...
  Ep 40: Train 0.0124 | Val 0.0139 | Test 0.5271
EarlyStopping counter: 1 out of 10
  Ep 41: Train 0.0120 | Val 0.0123 | Test 0.4623
Validation loss decreased (0.012282 --> 0.012282).  Saving model ...
  Ep 42: Train 0.0118 | Val 0.0121 | Test 0.5266
Validation loss decreased (0.012129 --> 0.012129).  Saving model ...
  Ep 43: Train 0.0113 | Val 0.0118 | Test 0.4993
Validation loss decreased (0.011782 --> 0.011782).  Saving model ...
  Ep 44: Train 0.0110 | Val 0.0116 | Test 0.5029
Validation loss decreased (0.011620 --> 0.011620).  Saving model ...
  Ep 45: Train 0.0107 | Val 0.0122 | Test 0.5001
EarlyStopping counter: 1 out of 10
  Ep 46: Train 0.0105 | Val 0.0113 | Test 0.4992
Validation loss decreased (0.011313 --> 0.011313).  Saving model ...
  Ep 47: Train 0.0107 | Val 0.0116 | Test 0.4734
EarlyStopping counter: 1 out of 10
  Ep 48: Train 0.0098 | Val 0.0111 | Test 0.4789
Validation loss decreased (0.011107 --> 0.011107).  Saving model ...
  Ep 49: Train 0.0099 | Val 0.0124 | Test 0.4696
EarlyStopping counter: 1 out of 10
  Ep 50: Train 0.0096 | Val 0.0119 | Test 0.5109
EarlyStopping counter: 2 out of 10
/home/sangukchoi/Stroke_SDA/sda_training.py:617: FutureWarning: You are using `torch.load` with `weights_only=False` (the current default value), which uses the default pickle module implicitly. It is possible to construct malicious pickle data which will execute arbitrary code during unpickling (See https://github.com/pytorch/pytorch/blob/main/SECURITY.md#untrusted-models for more details). In a future release, the default value for `weights_only` will be flipped to `True`. This limits the functions that could be executed during unpickling. Arbitrary objects will no longer be allowed to be loaded via this mode unless they are explicitly allowlisted by the user via `torch.serialization.add_safe_globals`. We recommend you start setting `weights_only=True` for any use case where you don't have full control of the loaded file. Please open an issue on GitHub for any issues related to this experimental feature.
  model.load_state_dict(torch.load(os.path.join(out_dir, 'best_model.pth')))
Final Test MSE (Best Model): 0.4789

[Fold 3 - SO] Train: ['S004_T001', 'S004_T003'], Test: S004_T005, Norm: fixed
/home/sangukchoi/.conda/envs/torch_gpu/lib/python3.10/site-packages/torch/nn/modules/rnn.py:123: UserWarning: dropout option adds dropout after all but last recurrent layer, so non-zero dropout expects num_layers greater than 1, but got dropout=0.3 and num_layers=1
  warnings.warn(
  Ep 1: Train 0.1087 | Val 0.0474 | Test 0.5677
Validation loss decreased (0.047427 --> 0.047427).  Saving model ...
  Ep 2: Train 0.0447 | Val 0.0407 | Test 0.4685
Validation loss decreased (0.040724 --> 0.040724).  Saving model ...
  Ep 3: Train 0.0388 | Val 0.0346 | Test 0.4343
Validation loss decreased (0.034632 --> 0.034632).  Saving model ...
  Ep 4: Train 0.0361 | Val 0.0324 | Test 0.3916
Validation loss decreased (0.032424 --> 0.032424).  Saving model ...
  Ep 5: Train 0.0344 | Val 0.0312 | Test 0.3552
Validation loss decreased (0.031207 --> 0.031207).  Saving model ...
  Ep 6: Train 0.0332 | Val 0.0297 | Test 0.3592
Validation loss decreased (0.029711 --> 0.029711).  Saving model ...
  Ep 7: Train 0.0322 | Val 0.0296 | Test 0.3072
Validation loss decreased (0.029597 --> 0.029597).  Saving model ...
  Ep 8: Train 0.0312 | Val 0.0287 | Test 0.3863
Validation loss decreased (0.028696 --> 0.028696).  Saving model ...
  Ep 9: Train 0.0306 | Val 0.0278 | Test 0.4014
Validation loss decreased (0.027829 --> 0.027829).  Saving model ...
  Ep 10: Train 0.0297 | Val 0.0272 | Test 0.4278
Validation loss decreased (0.027195 --> 0.027195).  Saving model ...
  Ep 11: Train 0.0288 | Val 0.0268 | Test 0.5227
Validation loss decreased (0.026823 --> 0.026823).  Saving model ...
  Ep 12: Train 0.0280 | Val 0.0256 | Test 0.4721
Validation loss decreased (0.025605 --> 0.025605).  Saving model ...
  Ep 13: Train 0.0271 | Val 0.0251 | Test 0.4334
Validation loss decreased (0.025098 --> 0.025098).  Saving model ...
  Ep 14: Train 0.0264 | Val 0.0250 | Test 0.4411
EarlyStopping counter: 1 out of 10
  Ep 15: Train 0.0257 | Val 0.0240 | Test 0.4376
Validation loss decreased (0.024006 --> 0.024006).  Saving model ...
  Ep 16: Train 0.0248 | Val 0.0229 | Test 0.4460
Validation loss decreased (0.022855 --> 0.022855).  Saving model ...
  Ep 17: Train 0.0241 | Val 0.0227 | Test 0.3979
Validation loss decreased (0.022725 --> 0.022725).  Saving model ...
  Ep 18: Train 0.0233 | Val 0.0218 | Test 0.4063
Validation loss decreased (0.021765 --> 0.021765).  Saving model ...
  Ep 19: Train 0.0226 | Val 0.0212 | Test 0.4803
Validation loss decreased (0.021242 --> 0.021242).  Saving model ...
  Ep 20: Train 0.0219 | Val 0.0212 | Test 0.5794
EarlyStopping counter: 1 out of 10
  Ep 21: Train 0.0212 | Val 0.0196 | Test 0.6094
Validation loss decreased (0.019612 --> 0.019612).  Saving model ...
  Ep 22: Train 0.0207 | Val 0.0195 | Test 0.5109
Validation loss decreased (0.019470 --> 0.019470).  Saving model ...
  Ep 23: Train 0.0200 | Val 0.0196 | Test 0.5235
EarlyStopping counter: 1 out of 10
  Ep 24: Train 0.0198 | Val 0.0183 | Test 0.5158
Validation loss decreased (0.018258 --> 0.018258).  Saving model ...
  Ep 25: Train 0.0189 | Val 0.0192 | Test 0.5503
EarlyStopping counter: 1 out of 10
  Ep 26: Train 0.0185 | Val 0.0173 | Test 0.6180
Validation loss decreased (0.017350 --> 0.017350).  Saving model ...
  Ep 27: Train 0.0180 | Val 0.0178 | Test 0.7188
EarlyStopping counter: 1 out of 10
  Ep 28: Train 0.0175 | Val 0.0175 | Test 0.6949
EarlyStopping counter: 2 out of 10
  Ep 29: Train 0.0169 | Val 0.0210 | Test 0.7625
EarlyStopping counter: 3 out of 10
  Ep 30: Train 0.0167 | Val 0.0168 | Test 0.7894
Validation loss decreased (0.016798 --> 0.016798).  Saving model ...
  Ep 31: Train 0.0158 | Val 0.0163 | Test 0.6767
Validation loss decreased (0.016304 --> 0.016304).  Saving model ...
  Ep 32: Train 0.0155 | Val 0.0151 | Test 0.7186
Validation loss decreased (0.015069 --> 0.015069).  Saving model ...
  Ep 33: Train 0.0151 | Val 0.0173 | Test 0.6840
EarlyStopping counter: 1 out of 10
  Ep 34: Train 0.0147 | Val 0.0151 | Test 0.6430
EarlyStopping counter: 2 out of 10
  Ep 35: Train 0.0144 | Val 0.0156 | Test 0.7826
EarlyStopping counter: 3 out of 10
  Ep 36: Train 0.0140 | Val 0.0145 | Test 0.6138
Validation loss decreased (0.014513 --> 0.014513).  Saving model ...
  Ep 37: Train 0.0135 | Val 0.0140 | Test 0.6052
Validation loss decreased (0.014001 --> 0.014001).  Saving model ...
  Ep 38: Train 0.0131 | Val 0.0137 | Test 0.5623
Validation loss decreased (0.013656 --> 0.013656).  Saving model ...
  Ep 39: Train 0.0126 | Val 0.0140 | Test 0.8057
EarlyStopping counter: 1 out of 10
  Ep 40: Train 0.0127 | Val 0.0131 | Test 0.5111
Validation loss decreased (0.013076 --> 0.013076).  Saving model ...
  Ep 41: Train 0.0122 | Val 0.0133 | Test 0.7426
EarlyStopping counter: 1 out of 10
  Ep 42: Train 0.0118 | Val 0.0126 | Test 0.7078
Validation loss decreased (0.012628 --> 0.012628).  Saving model ...
  Ep 43: Train 0.0116 | Val 0.0135 | Test 0.8080
EarlyStopping counter: 1 out of 10
  Ep 44: Train 0.0117 | Val 0.0127 | Test 0.6514
EarlyStopping counter: 2 out of 10
  Ep 45: Train 0.0110 | Val 0.0124 | Test 0.6057
Validation loss decreased (0.012378 --> 0.012378).  Saving model ...
  Ep 46: Train 0.0108 | Val 0.0120 | Test 0.6631
Validation loss decreased (0.012023 --> 0.012023).  Saving model ...
  Ep 47: Train 0.0109 | Val 0.0125 | Test 0.8056
EarlyStopping counter: 1 out of 10
  Ep 48: Train 0.0104 | Val 0.0130 | Test 0.8117
EarlyStopping counter: 2 out of 10
  Ep 49: Train 0.0102 | Val 0.0116 | Test 0.8201
Validation loss decreased (0.011604 --> 0.011604).  Saving model ...
  Ep 50: Train 0.0099 | Val 0.0115 | Test 0.7408
Validation loss decreased (0.011463 --> 0.011463).  Saving model ...
/home/sangukchoi/Stroke_SDA/sda_training.py:617: FutureWarning: You are using `torch.load` with `weights_only=False` (the current default value), which uses the default pickle module implicitly. It is possible to construct malicious pickle data which will execute arbitrary code during unpickling (See https://github.com/pytorch/pytorch/blob/main/SECURITY.md#untrusted-models for more details). In a future release, the default value for `weights_only` will be flipped to `True`. This limits the functions that could be executed during unpickling. Arbitrary objects will no longer be allowed to be loaded via this mode unless they are explicitly allowlisted by the user via `torch.serialization.add_safe_globals`. We recommend you start setting `weights_only=True` for any use case where you don't have full control of the loaded file. Please open an issue on GitHub for any issues related to this experimental feature.
  model.load_state_dict(torch.load(os.path.join(out_dir, 'best_model.pth')))
Final Test MSE (Best Model): 0.7408
  [Skipping] Found existing model for Fold 1 TL

[Fold 2 - TL] Train: ['S004_T001', 'S004_T005'], Test: S004_T003, Norm: fixed
/home/sangukchoi/.conda/envs/torch_gpu/lib/python3.10/site-packages/torch/nn/modules/rnn.py:123: UserWarning: dropout option adds dropout after all but last recurrent layer, so non-zero dropout expects num_layers greater than 1, but got dropout=0.3 and num_layers=1
  warnings.warn(
  [TL] Loading Pre-trained SO Model from: results_final_rank1/S004/Fold_2_S004_T003_SO_frac1.0/best_model.pth
/home/sangukchoi/Stroke_SDA/sda_training.py:400: FutureWarning: You are using `torch.load` with `weights_only=False` (the current default value), which uses the default pickle module implicitly. It is possible to construct malicious pickle data which will execute arbitrary code during unpickling (See https://github.com/pytorch/pytorch/blob/main/SECURITY.md#untrusted-models for more details). In a future release, the default value for `weights_only` will be flipped to `True`. This limits the functions that could be executed during unpickling. Arbitrary objects will no longer be allowed to be loaded via this mode unless they are explicitly allowlisted by the user via `torch.serialization.add_safe_globals`. We recommend you start setting `weights_only=True` for any use case where you don't have full control of the loaded file. Please open an issue on GitHub for any issues related to this experimental feature.
  checkpoint = torch.load(so_path)
  [TL] Freezing Encoder and initializing Decoder Tgt...
  Ep 1: Train 0.4809 | Val 0.5920 | Test 0.4531
Validation loss decreased (0.592043 --> 0.592043).  Saving model ...
  Ep 2: Train 0.4537 | Val 0.5661 | Test 0.4294
Validation loss decreased (0.566132 --> 0.566132).  Saving model ...
  Ep 3: Train 0.4465 | Val 0.5417 | Test 0.4070
Validation loss decreased (0.541746 --> 0.541746).  Saving model ...
  Ep 4: Train 0.4229 | Val 0.5195 | Test 0.3869
Validation loss decreased (0.519453 --> 0.519453).  Saving model ...
  Ep 5: Train 0.4058 | Val 0.4992 | Test 0.3690
Validation loss decreased (0.499231 --> 0.499231).  Saving model ...
  Ep 6: Train 0.3901 | Val 0.4808 | Test 0.3527
Validation loss decreased (0.480788 --> 0.480788).  Saving model ...
  Ep 7: Train 0.3603 | Val 0.4644 | Test 0.3384
Validation loss decreased (0.464386 --> 0.464386).  Saving model ...
  Ep 8: Train 0.3668 | Val 0.4494 | Test 0.3257
Validation loss decreased (0.449378 --> 0.449378).  Saving model ...
  Ep 9: Train 0.3449 | Val 0.4359 | Test 0.3142
Validation loss decreased (0.435936 --> 0.435936).  Saving model ...
  Ep 10: Train 0.3307 | Val 0.4239 | Test 0.3037
Validation loss decreased (0.423932 --> 0.423932).  Saving model ...
  Ep 11: Train 0.3319 | Val 0.4126 | Test 0.2943
Validation loss decreased (0.412574 --> 0.412574).  Saving model ...
  Ep 12: Train 0.3131 | Val 0.4019 | Test 0.2858
Validation loss decreased (0.401947 --> 0.401947).  Saving model ...
  Ep 13: Train 0.2976 | Val 0.3925 | Test 0.2785
Validation loss decreased (0.392487 --> 0.392487).  Saving model ...
  Ep 14: Train 0.3008 | Val 0.3837 | Test 0.2716
Validation loss decreased (0.383714 --> 0.383714).  Saving model ...
  Ep 15: Train 0.2942 | Val 0.3757 | Test 0.2652
Validation loss decreased (0.375749 --> 0.375749).  Saving model ...
  Ep 16: Train 0.2873 | Val 0.3682 | Test 0.2596
Validation loss decreased (0.368209 --> 0.368209).  Saving model ...
  Ep 17: Train 0.2798 | Val 0.3614 | Test 0.2541
Validation loss decreased (0.361398 --> 0.361398).  Saving model ...
  Ep 18: Train 0.2710 | Val 0.3550 | Test 0.2488
Validation loss decreased (0.354991 --> 0.354991).  Saving model ...
  Ep 19: Train 0.2711 | Val 0.3488 | Test 0.2436
Validation loss decreased (0.348830 --> 0.348830).  Saving model ...
  Ep 20: Train 0.2659 | Val 0.3432 | Test 0.2390
Validation loss decreased (0.343168 --> 0.343168).  Saving model ...
  Ep 21: Train 0.2584 | Val 0.3377 | Test 0.2346
Validation loss decreased (0.337714 --> 0.337714).  Saving model ...
  Ep 22: Train 0.2575 | Val 0.3326 | Test 0.2302
Validation loss decreased (0.332600 --> 0.332600).  Saving model ...
  Ep 23: Train 0.2603 | Val 0.3273 | Test 0.2261
Validation loss decreased (0.327347 --> 0.327347).  Saving model ...
  Ep 24: Train 0.2462 | Val 0.3221 | Test 0.2218
Validation loss decreased (0.322115 --> 0.322115).  Saving model ...
  Ep 25: Train 0.2460 | Val 0.3173 | Test 0.2177
Validation loss decreased (0.317257 --> 0.317257).  Saving model ...
  Ep 26: Train 0.2447 | Val 0.3126 | Test 0.2135
Validation loss decreased (0.312563 --> 0.312563).  Saving model ...
  Ep 27: Train 0.2332 | Val 0.3080 | Test 0.2095
Validation loss decreased (0.308025 --> 0.308025).  Saving model ...
  Ep 28: Train 0.2330 | Val 0.3036 | Test 0.2058
Validation loss decreased (0.303629 --> 0.303629).  Saving model ...
  Ep 29: Train 0.2343 | Val 0.2993 | Test 0.2022
Validation loss decreased (0.299287 --> 0.299287).  Saving model ...
  Ep 30: Train 0.2290 | Val 0.2952 | Test 0.1985
Validation loss decreased (0.295156 --> 0.295156).  Saving model ...
  Ep 31: Train 0.2166 | Val 0.2913 | Test 0.1951
Validation loss decreased (0.291332 --> 0.291332).  Saving model ...
  Ep 32: Train 0.2256 | Val 0.2875 | Test 0.1919
Validation loss decreased (0.287483 --> 0.287483).  Saving model ...
  Ep 33: Train 0.2240 | Val 0.2838 | Test 0.1884
Validation loss decreased (0.283767 --> 0.283767).  Saving model ...
  Ep 34: Train 0.2177 | Val 0.2799 | Test 0.1849
Validation loss decreased (0.279893 --> 0.279893).  Saving model ...
  Ep 35: Train 0.2166 | Val 0.2760 | Test 0.1813
Validation loss decreased (0.276017 --> 0.276017).  Saving model ...
  Ep 36: Train 0.2048 | Val 0.2723 | Test 0.1778
Validation loss decreased (0.272346 --> 0.272346).  Saving model ...
  Ep 37: Train 0.2002 | Val 0.2686 | Test 0.1744
Validation loss decreased (0.268641 --> 0.268641).  Saving model ...
  Ep 38: Train 0.2003 | Val 0.2649 | Test 0.1712
Validation loss decreased (0.264913 --> 0.264913).  Saving model ...
  Ep 39: Train 0.2053 | Val 0.2611 | Test 0.1683
Validation loss decreased (0.261079 --> 0.261079).  Saving model ...
  Ep 40: Train 0.1935 | Val 0.2572 | Test 0.1652
Validation loss decreased (0.257170 --> 0.257170).  Saving model ...
  Ep 41: Train 0.1931 | Val 0.2534 | Test 0.1623
Validation loss decreased (0.253385 --> 0.253385).  Saving model ...
  Ep 42: Train 0.1941 | Val 0.2499 | Test 0.1597
Validation loss decreased (0.249879 --> 0.249879).  Saving model ...
  Ep 43: Train 0.1855 | Val 0.2464 | Test 0.1566
Validation loss decreased (0.246411 --> 0.246411).  Saving model ...
  Ep 44: Train 0.1763 | Val 0.2433 | Test 0.1535
Validation loss decreased (0.243349 --> 0.243349).  Saving model ...
  Ep 45: Train 0.1783 | Val 0.2404 | Test 0.1508
Validation loss decreased (0.240385 --> 0.240385).  Saving model ...
  Ep 46: Train 0.1811 | Val 0.2373 | Test 0.1483
Validation loss decreased (0.237347 --> 0.237347).  Saving model ...
  Ep 47: Train 0.1716 | Val 0.2342 | Test 0.1457
Validation loss decreased (0.234205 --> 0.234205).  Saving model ...
  Ep 48: Train 0.1706 | Val 0.2312 | Test 0.1433
Validation loss decreased (0.231211 --> 0.231211).  Saving model ...
  Ep 49: Train 0.1729 | Val 0.2284 | Test 0.1411
Validation loss decreased (0.228408 --> 0.228408).  Saving model ...
  Ep 50: Train 0.1774 | Val 0.2255 | Test 0.1386
Validation loss decreased (0.225453 --> 0.225453).  Saving model ...
/home/sangukchoi/Stroke_SDA/sda_training.py:617: FutureWarning: You are using `torch.load` with `weights_only=False` (the current default value), which uses the default pickle module implicitly. It is possible to construct malicious pickle data which will execute arbitrary code during unpickling (See https://github.com/pytorch/pytorch/blob/main/SECURITY.md#untrusted-models for more details). In a future release, the default value for `weights_only` will be flipped to `True`. This limits the functions that could be executed during unpickling. Arbitrary objects will no longer be allowed to be loaded via this mode unless they are explicitly allowlisted by the user via `torch.serialization.add_safe_globals`. We recommend you start setting `weights_only=True` for any use case where you don't have full control of the loaded file. Please open an issue on GitHub for any issues related to this experimental feature.
  model.load_state_dict(torch.load(os.path.join(out_dir, 'best_model.pth')))
Final Test MSE (Best Model): 0.1386

[Fold 3 - TL] Train: ['S004_T001', 'S004_T003'], Test: S004_T005, Norm: fixed
/home/sangukchoi/.conda/envs/torch_gpu/lib/python3.10/site-packages/torch/nn/modules/rnn.py:123: UserWarning: dropout option adds dropout after all but last recurrent layer, so non-zero dropout expects num_layers greater than 1, but got dropout=0.3 and num_layers=1
  warnings.warn(
  [TL] Loading Pre-trained SO Model from: results_final_rank1/S004/Fold_3_S004_T005_SO_frac1.0/best_model.pth
/home/sangukchoi/Stroke_SDA/sda_training.py:400: FutureWarning: You are using `torch.load` with `weights_only=False` (the current default value), which uses the default pickle module implicitly. It is possible to construct malicious pickle data which will execute arbitrary code during unpickling (See https://github.com/pytorch/pytorch/blob/main/SECURITY.md#untrusted-models for more details). In a future release, the default value for `weights_only` will be flipped to `True`. This limits the functions that could be executed during unpickling. Arbitrary objects will no longer be allowed to be loaded via this mode unless they are explicitly allowlisted by the user via `torch.serialization.add_safe_globals`. We recommend you start setting `weights_only=True` for any use case where you don't have full control of the loaded file. Please open an issue on GitHub for any issues related to this experimental feature.
  checkpoint = torch.load(so_path)
  [TL] Freezing Encoder and initializing Decoder Tgt...
  Ep 1: Train 0.6816 | Val 0.5428 | Test 0.7150
Validation loss decreased (0.542765 --> 0.542765).  Saving model ...
  Ep 2: Train 0.6586 | Val 0.5192 | Test 0.6922
Validation loss decreased (0.519239 --> 0.519239).  Saving model ...
  Ep 3: Train 0.6554 | Val 0.4967 | Test 0.6703
Validation loss decreased (0.496677 --> 0.496677).  Saving model ...
  Ep 4: Train 0.6050 | Val 0.4752 | Test 0.6488
Validation loss decreased (0.475186 --> 0.475186).  Saving model ...
  Ep 5: Train 0.5679 | Val 0.4551 | Test 0.6289
Validation loss decreased (0.455077 --> 0.455077).  Saving model ...
  Ep 6: Train 0.5539 | Val 0.4364 | Test 0.6098
Validation loss decreased (0.436360 --> 0.436360).  Saving model ...
  Ep 7: Train 0.5325 | Val 0.4187 | Test 0.5921
Validation loss decreased (0.418698 --> 0.418698).  Saving model ...
  Ep 8: Train 0.5148 | Val 0.4018 | Test 0.5749
Validation loss decreased (0.401781 --> 0.401781).  Saving model ...
  Ep 9: Train 0.4906 | Val 0.3860 | Test 0.5586
Validation loss decreased (0.386008 --> 0.386008).  Saving model ...
  Ep 10: Train 0.4628 | Val 0.3711 | Test 0.5433
Validation loss decreased (0.371133 --> 0.371133).  Saving model ...
  Ep 11: Train 0.4437 | Val 0.3574 | Test 0.5296
Validation loss decreased (0.357376 --> 0.357376).  Saving model ...
  Ep 12: Train 0.4170 | Val 0.3440 | Test 0.5163
Validation loss decreased (0.344049 --> 0.344049).  Saving model ...
  Ep 13: Train 0.4194 | Val 0.3317 | Test 0.5040
Validation loss decreased (0.331676 --> 0.331676).  Saving model ...
  Ep 14: Train 0.3961 | Val 0.3199 | Test 0.4918
Validation loss decreased (0.319880 --> 0.319880).  Saving model ...
  Ep 15: Train 0.3852 | Val 0.3087 | Test 0.4804
Validation loss decreased (0.308729 --> 0.308729).  Saving model ...
  Ep 16: Train 0.3644 | Val 0.2980 | Test 0.4692
Validation loss decreased (0.297993 --> 0.297993).  Saving model ...
  Ep 17: Train 0.3507 | Val 0.2878 | Test 0.4585
Validation loss decreased (0.287832 --> 0.287832).  Saving model ...
  Ep 18: Train 0.3357 | Val 0.2781 | Test 0.4482
Validation loss decreased (0.278128 --> 0.278128).  Saving model ...
  Ep 19: Train 0.3213 | Val 0.2689 | Test 0.4386
Validation loss decreased (0.268879 --> 0.268879).  Saving model ...
  Ep 20: Train 0.3101 | Val 0.2600 | Test 0.4292
Validation loss decreased (0.260026 --> 0.260026).  Saving model ...
  Ep 21: Train 0.3018 | Val 0.2516 | Test 0.4203
Validation loss decreased (0.251635 --> 0.251635).  Saving model ...
  Ep 22: Train 0.2890 | Val 0.2436 | Test 0.4116
Validation loss decreased (0.243631 --> 0.243631).  Saving model ...
  Ep 23: Train 0.2680 | Val 0.2361 | Test 0.4037
Validation loss decreased (0.236099 --> 0.236099).  Saving model ...
  Ep 24: Train 0.2641 | Val 0.2289 | Test 0.3960
Validation loss decreased (0.228906 --> 0.228906).  Saving model ...
  Ep 25: Train 0.2568 | Val 0.2221 | Test 0.3891
Validation loss decreased (0.222134 --> 0.222134).  Saving model ...
  Ep 26: Train 0.2479 | Val 0.2155 | Test 0.3824
Validation loss decreased (0.215500 --> 0.215500).  Saving model ...
  Ep 27: Train 0.2323 | Val 0.2091 | Test 0.3757
Validation loss decreased (0.209132 --> 0.209132).  Saving model ...
  Ep 28: Train 0.2298 | Val 0.2030 | Test 0.3696
Validation loss decreased (0.203011 --> 0.203011).  Saving model ...
  Ep 29: Train 0.2298 | Val 0.1973 | Test 0.3637
Validation loss decreased (0.197259 --> 0.197259).  Saving model ...
  Ep 30: Train 0.2114 | Val 0.1918 | Test 0.3582
Validation loss decreased (0.191832 --> 0.191832).  Saving model ...
  Ep 31: Train 0.2056 | Val 0.1867 | Test 0.3529
Validation loss decreased (0.186694 --> 0.186694).  Saving model ...
  Ep 32: Train 0.1993 | Val 0.1817 | Test 0.3479
Validation loss decreased (0.181739 --> 0.181739).  Saving model ...
  Ep 33: Train 0.1941 | Val 0.1769 | Test 0.3430
Validation loss decreased (0.176895 --> 0.176895).  Saving model ...
  Ep 34: Train 0.1853 | Val 0.1724 | Test 0.3383
Validation loss decreased (0.172368 --> 0.172368).  Saving model ...
  Ep 35: Train 0.1836 | Val 0.1680 | Test 0.3344
Validation loss decreased (0.167992 --> 0.167992).  Saving model ...
  Ep 36: Train 0.1730 | Val 0.1638 | Test 0.3305
Validation loss decreased (0.163839 --> 0.163839).  Saving model ...
  Ep 37: Train 0.1721 | Val 0.1598 | Test 0.3267
Validation loss decreased (0.159836 --> 0.159836).  Saving model ...
  Ep 38: Train 0.1641 | Val 0.1560 | Test 0.3234
Validation loss decreased (0.155954 --> 0.155954).  Saving model ...
  Ep 39: Train 0.1592 | Val 0.1523 | Test 0.3201
Validation loss decreased (0.152258 --> 0.152258).  Saving model ...
  Ep 40: Train 0.1507 | Val 0.1488 | Test 0.3169
Validation loss decreased (0.148800 --> 0.148800).  Saving model ...
  Ep 41: Train 0.1533 | Val 0.1455 | Test 0.3137
Validation loss decreased (0.145473 --> 0.145473).  Saving model ...
  Ep 42: Train 0.1470 | Val 0.1423 | Test 0.3107
Validation loss decreased (0.142328 --> 0.142328).  Saving model ...
  Ep 43: Train 0.1364 | Val 0.1394 | Test 0.3082
Validation loss decreased (0.139396 --> 0.139396).  Saving model ...
  Ep 44: Train 0.1355 | Val 0.1365 | Test 0.3058
Validation loss decreased (0.136523 --> 0.136523).  Saving model ...
  Ep 45: Train 0.1277 | Val 0.1338 | Test 0.3034
Validation loss decreased (0.133779 --> 0.133779).  Saving model ...
  Ep 46: Train 0.1288 | Val 0.1312 | Test 0.3012
Validation loss decreased (0.131203 --> 0.131203).  Saving model ...
  Ep 47: Train 0.1273 | Val 0.1288 | Test 0.2987
Validation loss decreased (0.128815 --> 0.128815).  Saving model ...
  Ep 48: Train 0.1284 | Val 0.1265 | Test 0.2967
Validation loss decreased (0.126533 --> 0.126533).  Saving model ...
  Ep 49: Train 0.1201 | Val 0.1244 | Test 0.2947
Validation loss decreased (0.124361 --> 0.124361).  Saving model ...
  Ep 50: Train 0.1199 | Val 0.1223 | Test 0.2929
Validation loss decreased (0.122301 --> 0.122301).  Saving model ...
/home/sangukchoi/Stroke_SDA/sda_training.py:617: FutureWarning: You are using `torch.load` with `weights_only=False` (the current default value), which uses the default pickle module implicitly. It is possible to construct malicious pickle data which will execute arbitrary code during unpickling (See https://github.com/pytorch/pytorch/blob/main/SECURITY.md#untrusted-models for more details). In a future release, the default value for `weights_only` will be flipped to `True`. This limits the functions that could be executed during unpickling. Arbitrary objects will no longer be allowed to be loaded via this mode unless they are explicitly allowlisted by the user via `torch.serialization.add_safe_globals`. We recommend you start setting `weights_only=True` for any use case where you don't have full control of the loaded file. Please open an issue on GitHub for any issues related to this experimental feature.
  model.load_state_dict(torch.load(os.path.join(out_dir, 'best_model.pth')))
Final Test MSE (Best Model): 0.2929
[S004] Finished successfully.
