
[Run Start] Subject S006 | Mode ['TL'] | Params: Custom

[Fold 1 - TL] Train: ['S006_T004', 'S006_T006'], Test: S006_T001, Norm: independent
/home/sangukchoi/.conda/envs/torch_gpu/lib/python3.10/site-packages/torch/nn/modules/rnn.py:123: UserWarning: dropout option adds dropout after all but last recurrent layer, so non-zero dropout expects num_layers greater than 1, but got dropout=0.3 and num_layers=1
  warnings.warn(
  [TL] Loading Pre-trained SO Model from: results_final_rank1/S006/Fold_1_S006_T001_SO_frac1.0/best_model.pth
/home/sangukchoi/Stroke_SDA/sda_training.py:400: FutureWarning: You are using `torch.load` with `weights_only=False` (the current default value), which uses the default pickle module implicitly. It is possible to construct malicious pickle data which will execute arbitrary code during unpickling (See https://github.com/pytorch/pytorch/blob/main/SECURITY.md#untrusted-models for more details). In a future release, the default value for `weights_only` will be flipped to `True`. This limits the functions that could be executed during unpickling. Arbitrary objects will no longer be allowed to be loaded via this mode unless they are explicitly allowlisted by the user via `torch.serialization.add_safe_globals`. We recommend you start setting `weights_only=True` for any use case where you don't have full control of the loaded file. Please open an issue on GitHub for any issues related to this experimental feature.
  checkpoint = torch.load(so_path)
  [TL] Freezing Encoder and initializing Decoder Tgt...
  Ep 1: Train 0.2915 | Val 0.2188 | Test 0.2961
Validation loss decreased (0.218755 --> 0.218755).  Saving model ...
  Ep 2: Train 0.2620 | Val 0.1997 | Test 0.2712
Validation loss decreased (0.199698 --> 0.199698).  Saving model ...
  Ep 3: Train 0.2350 | Val 0.1847 | Test 0.2517
Validation loss decreased (0.184739 --> 0.184739).  Saving model ...
  Ep 4: Train 0.2198 | Val 0.1724 | Test 0.2351
Validation loss decreased (0.172365 --> 0.172365).  Saving model ...
  Ep 5: Train 0.2113 | Val 0.1617 | Test 0.2209
Validation loss decreased (0.161720 --> 0.161720).  Saving model ...
  Ep 6: Train 0.1985 | Val 0.1523 | Test 0.2085
Validation loss decreased (0.152323 --> 0.152323).  Saving model ...
  Ep 7: Train 0.1847 | Val 0.1439 | Test 0.1976
Validation loss decreased (0.143923 --> 0.143923).  Saving model ...
  Ep 8: Train 0.1782 | Val 0.1359 | Test 0.1880
Validation loss decreased (0.135882 --> 0.135882).  Saving model ...
  Ep 9: Train 0.1623 | Val 0.1287 | Test 0.1797
Validation loss decreased (0.128686 --> 0.128686).  Saving model ...
  Ep 10: Train 0.1582 | Val 0.1223 | Test 0.1725
Validation loss decreased (0.122310 --> 0.122310).  Saving model ...
  Ep 11: Train 0.1450 | Val 0.1166 | Test 0.1657
Validation loss decreased (0.116616 --> 0.116616).  Saving model ...
  Ep 12: Train 0.1408 | Val 0.1114 | Test 0.1598
Validation loss decreased (0.111377 --> 0.111377).  Saving model ...
  Ep 13: Train 0.1339 | Val 0.1065 | Test 0.1547
Validation loss decreased (0.106512 --> 0.106512).  Saving model ...
  Ep 14: Train 0.1293 | Val 0.1018 | Test 0.1498
Validation loss decreased (0.101784 --> 0.101784).  Saving model ...
  Ep 15: Train 0.1260 | Val 0.0977 | Test 0.1445
Validation loss decreased (0.097669 --> 0.097669).  Saving model ...
  Ep 16: Train 0.1171 | Val 0.0934 | Test 0.1402
Validation loss decreased (0.093403 --> 0.093403).  Saving model ...
  Ep 17: Train 0.1148 | Val 0.0898 | Test 0.1358
Validation loss decreased (0.089831 --> 0.089831).  Saving model ...
  Ep 18: Train 0.1071 | Val 0.0867 | Test 0.1317
Validation loss decreased (0.086703 --> 0.086703).  Saving model ...
  Ep 19: Train 0.1047 | Val 0.0836 | Test 0.1279
Validation loss decreased (0.083580 --> 0.083580).  Saving model ...
  Ep 20: Train 0.1003 | Val 0.0807 | Test 0.1248
Validation loss decreased (0.080716 --> 0.080716).  Saving model ...
  Ep 21: Train 0.0962 | Val 0.0778 | Test 0.1220
Validation loss decreased (0.077839 --> 0.077839).  Saving model ...
  Ep 22: Train 0.0938 | Val 0.0753 | Test 0.1192
Validation loss decreased (0.075339 --> 0.075339).  Saving model ...
  Ep 23: Train 0.0905 | Val 0.0732 | Test 0.1159
Validation loss decreased (0.073182 --> 0.073182).  Saving model ...
  Ep 24: Train 0.0882 | Val 0.0712 | Test 0.1125
Validation loss decreased (0.071185 --> 0.071185).  Saving model ...
  Ep 25: Train 0.0842 | Val 0.0690 | Test 0.1101
Validation loss decreased (0.069040 --> 0.069040).  Saving model ...
  Ep 26: Train 0.0819 | Val 0.0669 | Test 0.1078
Validation loss decreased (0.066939 --> 0.066939).  Saving model ...
  Ep 27: Train 0.0834 | Val 0.0650 | Test 0.1046
Validation loss decreased (0.064979 --> 0.064979).  Saving model ...
  Ep 28: Train 0.0772 | Val 0.0629 | Test 0.1020
Validation loss decreased (0.062902 --> 0.062902).  Saving model ...
  Ep 29: Train 0.0759 | Val 0.0611 | Test 0.0992
Validation loss decreased (0.061093 --> 0.061093).  Saving model ...
  Ep 30: Train 0.0698 | Val 0.0593 | Test 0.0967
Validation loss decreased (0.059257 --> 0.059257).  Saving model ...
  Ep 31: Train 0.0702 | Val 0.0573 | Test 0.0943
Validation loss decreased (0.057274 --> 0.057274).  Saving model ...
  Ep 32: Train 0.0689 | Val 0.0555 | Test 0.0928
Validation loss decreased (0.055528 --> 0.055528).  Saving model ...
  Ep 33: Train 0.0659 | Val 0.0542 | Test 0.0909
Validation loss decreased (0.054201 --> 0.054201).  Saving model ...
  Ep 34: Train 0.0649 | Val 0.0530 | Test 0.0887
Validation loss decreased (0.052975 --> 0.052975).  Saving model ...
  Ep 35: Train 0.0616 | Val 0.0513 | Test 0.0875
Validation loss decreased (0.051345 --> 0.051345).  Saving model ...
  Ep 36: Train 0.0609 | Val 0.0500 | Test 0.0862
Validation loss decreased (0.050016 --> 0.050016).  Saving model ...
  Ep 37: Train 0.0609 | Val 0.0492 | Test 0.0842
Validation loss decreased (0.049157 --> 0.049157).  Saving model ...
  Ep 38: Train 0.0552 | Val 0.0482 | Test 0.0825
Validation loss decreased (0.048169 --> 0.048169).  Saving model ...
  Ep 39: Train 0.0568 | Val 0.0471 | Test 0.0811
Validation loss decreased (0.047063 --> 0.047063).  Saving model ...
  Ep 40: Train 0.0556 | Val 0.0457 | Test 0.0801
Validation loss decreased (0.045728 --> 0.045728).  Saving model ...
  Ep 41: Train 0.0532 | Val 0.0448 | Test 0.0788
Validation loss decreased (0.044807 --> 0.044807).  Saving model ...
  Ep 42: Train 0.0525 | Val 0.0439 | Test 0.0777
Validation loss decreased (0.043851 --> 0.043851).  Saving model ...
  Ep 43: Train 0.0507 | Val 0.0430 | Test 0.0761
Validation loss decreased (0.042967 --> 0.042967).  Saving model ...
  Ep 44: Train 0.0504 | Val 0.0420 | Test 0.0748
Validation loss decreased (0.041960 --> 0.041960).  Saving model ...
  Ep 45: Train 0.0478 | Val 0.0412 | Test 0.0737
Validation loss decreased (0.041174 --> 0.041174).  Saving model ...
  Ep 46: Train 0.0472 | Val 0.0402 | Test 0.0729
Validation loss decreased (0.040185 --> 0.040185).  Saving model ...
  Ep 47: Train 0.0470 | Val 0.0396 | Test 0.0717
Validation loss decreased (0.039592 --> 0.039592).  Saving model ...
  Ep 48: Train 0.0442 | Val 0.0387 | Test 0.0710
Validation loss decreased (0.038686 --> 0.038686).  Saving model ...
  Ep 49: Train 0.0454 | Val 0.0380 | Test 0.0700
Validation loss decreased (0.038023 --> 0.038023).  Saving model ...
  Ep 50: Train 0.0444 | Val 0.0374 | Test 0.0690
Validation loss decreased (0.037398 --> 0.037398).  Saving model ...
/home/sangukchoi/Stroke_SDA/sda_training.py:617: FutureWarning: You are using `torch.load` with `weights_only=False` (the current default value), which uses the default pickle module implicitly. It is possible to construct malicious pickle data which will execute arbitrary code during unpickling (See https://github.com/pytorch/pytorch/blob/main/SECURITY.md#untrusted-models for more details). In a future release, the default value for `weights_only` will be flipped to `True`. This limits the functions that could be executed during unpickling. Arbitrary objects will no longer be allowed to be loaded via this mode unless they are explicitly allowlisted by the user via `torch.serialization.add_safe_globals`. We recommend you start setting `weights_only=True` for any use case where you don't have full control of the loaded file. Please open an issue on GitHub for any issues related to this experimental feature.
  model.load_state_dict(torch.load(os.path.join(out_dir, 'best_model.pth')))
Final Test MSE (Best Model): 0.0690

[Fold 2 - TL] Train: ['S006_T001', 'S006_T006'], Test: S006_T004, Norm: independent
/home/sangukchoi/.conda/envs/torch_gpu/lib/python3.10/site-packages/torch/nn/modules/rnn.py:123: UserWarning: dropout option adds dropout after all but last recurrent layer, so non-zero dropout expects num_layers greater than 1, but got dropout=0.3 and num_layers=1
  warnings.warn(
  [TL] Loading Pre-trained SO Model from: results_final_rank1/S006/Fold_2_S006_T004_SO_frac1.0/best_model.pth
/home/sangukchoi/Stroke_SDA/sda_training.py:400: FutureWarning: You are using `torch.load` with `weights_only=False` (the current default value), which uses the default pickle module implicitly. It is possible to construct malicious pickle data which will execute arbitrary code during unpickling (See https://github.com/pytorch/pytorch/blob/main/SECURITY.md#untrusted-models for more details). In a future release, the default value for `weights_only` will be flipped to `True`. This limits the functions that could be executed during unpickling. Arbitrary objects will no longer be allowed to be loaded via this mode unless they are explicitly allowlisted by the user via `torch.serialization.add_safe_globals`. We recommend you start setting `weights_only=True` for any use case where you don't have full control of the loaded file. Please open an issue on GitHub for any issues related to this experimental feature.
  checkpoint = torch.load(so_path)
  [TL] Freezing Encoder and initializing Decoder Tgt...
  Ep 1: Train 0.3464 | Val 0.3172 | Test 0.2077
Validation loss decreased (0.317204 --> 0.317204).  Saving model ...
  Ep 2: Train 0.3039 | Val 0.2831 | Test 0.1871
Validation loss decreased (0.283109 --> 0.283109).  Saving model ...
  Ep 3: Train 0.2748 | Val 0.2544 | Test 0.1707
Validation loss decreased (0.254355 --> 0.254355).  Saving model ...
  Ep 4: Train 0.2490 | Val 0.2304 | Test 0.1575
Validation loss decreased (0.230445 --> 0.230445).  Saving model ...
  Ep 5: Train 0.2277 | Val 0.2094 | Test 0.1463
Validation loss decreased (0.209380 --> 0.209380).  Saving model ...
  Ep 6: Train 0.2081 | Val 0.1910 | Test 0.1369
Validation loss decreased (0.191009 --> 0.191009).  Saving model ...
  Ep 7: Train 0.1854 | Val 0.1755 | Test 0.1292
Validation loss decreased (0.175455 --> 0.175455).  Saving model ...
  Ep 8: Train 0.1726 | Val 0.1614 | Test 0.1226
Validation loss decreased (0.161387 --> 0.161387).  Saving model ...
  Ep 9: Train 0.1579 | Val 0.1492 | Test 0.1166
Validation loss decreased (0.149206 --> 0.149206).  Saving model ...
  Ep 10: Train 0.1478 | Val 0.1380 | Test 0.1113
Validation loss decreased (0.138010 --> 0.138010).  Saving model ...
  Ep 11: Train 0.1339 | Val 0.1279 | Test 0.1063
Validation loss decreased (0.127878 --> 0.127878).  Saving model ...
  Ep 12: Train 0.1286 | Val 0.1186 | Test 0.1016
Validation loss decreased (0.118582 --> 0.118582).  Saving model ...
  Ep 13: Train 0.1178 | Val 0.1104 | Test 0.0976
Validation loss decreased (0.110429 --> 0.110429).  Saving model ...
  Ep 14: Train 0.1094 | Val 0.1031 | Test 0.0939
Validation loss decreased (0.103114 --> 0.103114).  Saving model ...
  Ep 15: Train 0.1008 | Val 0.0964 | Test 0.0901
Validation loss decreased (0.096417 --> 0.096417).  Saving model ...
  Ep 16: Train 0.0956 | Val 0.0902 | Test 0.0868
Validation loss decreased (0.090246 --> 0.090246).  Saving model ...
  Ep 17: Train 0.0925 | Val 0.0848 | Test 0.0840
Validation loss decreased (0.084831 --> 0.084831).  Saving model ...
  Ep 18: Train 0.0835 | Val 0.0802 | Test 0.0817
Validation loss decreased (0.080151 --> 0.080151).  Saving model ...
  Ep 19: Train 0.0808 | Val 0.0759 | Test 0.0792
Validation loss decreased (0.075923 --> 0.075923).  Saving model ...
  Ep 20: Train 0.0761 | Val 0.0721 | Test 0.0774
Validation loss decreased (0.072102 --> 0.072102).  Saving model ...
  Ep 21: Train 0.0726 | Val 0.0687 | Test 0.0754
Validation loss decreased (0.068713 --> 0.068713).  Saving model ...
  Ep 22: Train 0.0689 | Val 0.0656 | Test 0.0736
Validation loss decreased (0.065580 --> 0.065580).  Saving model ...
  Ep 23: Train 0.0668 | Val 0.0628 | Test 0.0724
Validation loss decreased (0.062770 --> 0.062770).  Saving model ...
  Ep 24: Train 0.0627 | Val 0.0603 | Test 0.0710
Validation loss decreased (0.060251 --> 0.060251).  Saving model ...
  Ep 25: Train 0.0609 | Val 0.0580 | Test 0.0700
Validation loss decreased (0.058037 --> 0.058037).  Saving model ...
  Ep 26: Train 0.0600 | Val 0.0561 | Test 0.0694
Validation loss decreased (0.056080 --> 0.056080).  Saving model ...
  Ep 27: Train 0.0562 | Val 0.0544 | Test 0.0682
Validation loss decreased (0.054373 --> 0.054373).  Saving model ...
  Ep 28: Train 0.0535 | Val 0.0527 | Test 0.0676
Validation loss decreased (0.052745 --> 0.052745).  Saving model ...
  Ep 29: Train 0.0511 | Val 0.0513 | Test 0.0667
Validation loss decreased (0.051259 --> 0.051259).  Saving model ...
  Ep 30: Train 0.0497 | Val 0.0500 | Test 0.0660
Validation loss decreased (0.049954 --> 0.049954).  Saving model ...
  Ep 31: Train 0.0477 | Val 0.0488 | Test 0.0656
Validation loss decreased (0.048800 --> 0.048800).  Saving model ...
  Ep 32: Train 0.0467 | Val 0.0477 | Test 0.0654
Validation loss decreased (0.047700 --> 0.047700).  Saving model ...
  Ep 33: Train 0.0461 | Val 0.0467 | Test 0.0649
Validation loss decreased (0.046714 --> 0.046714).  Saving model ...
  Ep 34: Train 0.0455 | Val 0.0458 | Test 0.0644
Validation loss decreased (0.045801 --> 0.045801).  Saving model ...
  Ep 35: Train 0.0456 | Val 0.0450 | Test 0.0642
Validation loss decreased (0.045007 --> 0.045007).  Saving model ...
  Ep 36: Train 0.0435 | Val 0.0443 | Test 0.0636
Validation loss decreased (0.044320 --> 0.044320).  Saving model ...
  Ep 37: Train 0.0431 | Val 0.0437 | Test 0.0633
Validation loss decreased (0.043659 --> 0.043659).  Saving model ...
  Ep 38: Train 0.0414 | Val 0.0430 | Test 0.0630
Validation loss decreased (0.042971 --> 0.042971).  Saving model ...
  Ep 39: Train 0.0404 | Val 0.0423 | Test 0.0630
Validation loss decreased (0.042316 --> 0.042316).  Saving model ...
  Ep 40: Train 0.0410 | Val 0.0418 | Test 0.0630
Validation loss decreased (0.041786 --> 0.041786).  Saving model ...
  Ep 41: Train 0.0395 | Val 0.0413 | Test 0.0626
Validation loss decreased (0.041348 --> 0.041348).  Saving model ...
  Ep 42: Train 0.0394 | Val 0.0408 | Test 0.0625
Validation loss decreased (0.040808 --> 0.040808).  Saving model ...
  Ep 43: Train 0.0382 | Val 0.0404 | Test 0.0628
Validation loss decreased (0.040441 --> 0.040441).  Saving model ...
  Ep 44: Train 0.0389 | Val 0.0401 | Test 0.0624
Validation loss decreased (0.040064 --> 0.040064).  Saving model ...
  Ep 45: Train 0.0377 | Val 0.0397 | Test 0.0620
Validation loss decreased (0.039726 --> 0.039726).  Saving model ...
  Ep 46: Train 0.0361 | Val 0.0393 | Test 0.0620
Validation loss decreased (0.039277 --> 0.039277).  Saving model ...
  Ep 47: Train 0.0372 | Val 0.0389 | Test 0.0619
Validation loss decreased (0.038923 --> 0.038923).  Saving model ...
  Ep 48: Train 0.0372 | Val 0.0387 | Test 0.0617
Validation loss decreased (0.038660 --> 0.038660).  Saving model ...
  Ep 49: Train 0.0356 | Val 0.0384 | Test 0.0616
Validation loss decreased (0.038391 --> 0.038391).  Saving model ...
  Ep 50: Train 0.0342 | Val 0.0381 | Test 0.0617
Validation loss decreased (0.038055 --> 0.038055).  Saving model ...
/home/sangukchoi/Stroke_SDA/sda_training.py:617: FutureWarning: You are using `torch.load` with `weights_only=False` (the current default value), which uses the default pickle module implicitly. It is possible to construct malicious pickle data which will execute arbitrary code during unpickling (See https://github.com/pytorch/pytorch/blob/main/SECURITY.md#untrusted-models for more details). In a future release, the default value for `weights_only` will be flipped to `True`. This limits the functions that could be executed during unpickling. Arbitrary objects will no longer be allowed to be loaded via this mode unless they are explicitly allowlisted by the user via `torch.serialization.add_safe_globals`. We recommend you start setting `weights_only=True` for any use case where you don't have full control of the loaded file. Please open an issue on GitHub for any issues related to this experimental feature.
  model.load_state_dict(torch.load(os.path.join(out_dir, 'best_model.pth')))
Final Test MSE (Best Model): 0.0617

[Fold 3 - TL] Train: ['S006_T001', 'S006_T004'], Test: S006_T006, Norm: independent
/home/sangukchoi/.conda/envs/torch_gpu/lib/python3.10/site-packages/torch/nn/modules/rnn.py:123: UserWarning: dropout option adds dropout after all but last recurrent layer, so non-zero dropout expects num_layers greater than 1, but got dropout=0.3 and num_layers=1
  warnings.warn(
  [TL] Loading Pre-trained SO Model from: results_final_rank1/S006/Fold_3_S006_T006_SO_frac1.0/best_model.pth
/home/sangukchoi/Stroke_SDA/sda_training.py:400: FutureWarning: You are using `torch.load` with `weights_only=False` (the current default value), which uses the default pickle module implicitly. It is possible to construct malicious pickle data which will execute arbitrary code during unpickling (See https://github.com/pytorch/pytorch/blob/main/SECURITY.md#untrusted-models for more details). In a future release, the default value for `weights_only` will be flipped to `True`. This limits the functions that could be executed during unpickling. Arbitrary objects will no longer be allowed to be loaded via this mode unless they are explicitly allowlisted by the user via `torch.serialization.add_safe_globals`. We recommend you start setting `weights_only=True` for any use case where you don't have full control of the loaded file. Please open an issue on GitHub for any issues related to this experimental feature.
  checkpoint = torch.load(so_path)
  [TL] Freezing Encoder and initializing Decoder Tgt...
  Ep 1: Train 0.3228 | Val 0.2920 | Test 0.3442
Validation loss decreased (0.291990 --> 0.291990).  Saving model ...
  Ep 2: Train 0.2808 | Val 0.2658 | Test 0.3122
Validation loss decreased (0.265760 --> 0.265760).  Saving model ...
  Ep 3: Train 0.2584 | Val 0.2463 | Test 0.2878
Validation loss decreased (0.246322 --> 0.246322).  Saving model ...
  Ep 4: Train 0.2377 | Val 0.2321 | Test 0.2700
Validation loss decreased (0.232140 --> 0.232140).  Saving model ...
  Ep 5: Train 0.2202 | Val 0.2211 | Test 0.2568
Validation loss decreased (0.221130 --> 0.221130).  Saving model ...
  Ep 6: Train 0.2064 | Val 0.2117 | Test 0.2456
Validation loss decreased (0.211653 --> 0.211653).  Saving model ...
  Ep 7: Train 0.1988 | Val 0.2032 | Test 0.2354
Validation loss decreased (0.203214 --> 0.203214).  Saving model ...
  Ep 8: Train 0.1879 | Val 0.1958 | Test 0.2274
Validation loss decreased (0.195792 --> 0.195792).  Saving model ...
  Ep 9: Train 0.1779 | Val 0.1891 | Test 0.2204
Validation loss decreased (0.189056 --> 0.189056).  Saving model ...
  Ep 10: Train 0.1712 | Val 0.1829 | Test 0.2140
Validation loss decreased (0.182881 --> 0.182881).  Saving model ...
  Ep 11: Train 0.1663 | Val 0.1771 | Test 0.2079
Validation loss decreased (0.177075 --> 0.177075).  Saving model ...
  Ep 12: Train 0.1613 | Val 0.1717 | Test 0.2023
Validation loss decreased (0.171704 --> 0.171704).  Saving model ...
  Ep 13: Train 0.1569 | Val 0.1665 | Test 0.1972
Validation loss decreased (0.166504 --> 0.166504).  Saving model ...
  Ep 14: Train 0.1524 | Val 0.1618 | Test 0.1928
Validation loss decreased (0.161832 --> 0.161832).  Saving model ...
  Ep 15: Train 0.1459 | Val 0.1574 | Test 0.1885
Validation loss decreased (0.157381 --> 0.157381).  Saving model ...
  Ep 16: Train 0.1443 | Val 0.1533 | Test 0.1843
Validation loss decreased (0.153319 --> 0.153319).  Saving model ...
  Ep 17: Train 0.1407 | Val 0.1487 | Test 0.1796
Validation loss decreased (0.148668 --> 0.148668).  Saving model ...
  Ep 18: Train 0.1348 | Val 0.1450 | Test 0.1756
Validation loss decreased (0.145021 --> 0.145021).  Saving model ...
  Ep 19: Train 0.1318 | Val 0.1411 | Test 0.1717
Validation loss decreased (0.141058 --> 0.141058).  Saving model ...
  Ep 20: Train 0.1304 | Val 0.1377 | Test 0.1681
Validation loss decreased (0.137658 --> 0.137658).  Saving model ...
  Ep 21: Train 0.1252 | Val 0.1345 | Test 0.1647
Validation loss decreased (0.134469 --> 0.134469).  Saving model ...
  Ep 22: Train 0.1226 | Val 0.1315 | Test 0.1615
Validation loss decreased (0.131507 --> 0.131507).  Saving model ...
  Ep 23: Train 0.1215 | Val 0.1282 | Test 0.1582
Validation loss decreased (0.128247 --> 0.128247).  Saving model ...
  Ep 24: Train 0.1168 | Val 0.1252 | Test 0.1547
Validation loss decreased (0.125236 --> 0.125236).  Saving model ...
  Ep 25: Train 0.1141 | Val 0.1226 | Test 0.1517
Validation loss decreased (0.122564 --> 0.122564).  Saving model ...
  Ep 26: Train 0.1133 | Val 0.1195 | Test 0.1486
Validation loss decreased (0.119534 --> 0.119534).  Saving model ...
  Ep 27: Train 0.1084 | Val 0.1173 | Test 0.1459
Validation loss decreased (0.117297 --> 0.117297).  Saving model ...
  Ep 28: Train 0.1031 | Val 0.1149 | Test 0.1434
Validation loss decreased (0.114880 --> 0.114880).  Saving model ...
  Ep 29: Train 0.1053 | Val 0.1124 | Test 0.1406
Validation loss decreased (0.112394 --> 0.112394).  Saving model ...
  Ep 30: Train 0.1029 | Val 0.1104 | Test 0.1381
Validation loss decreased (0.110384 --> 0.110384).  Saving model ...
  Ep 31: Train 0.1002 | Val 0.1079 | Test 0.1355
Validation loss decreased (0.107910 --> 0.107910).  Saving model ...
  Ep 32: Train 0.0977 | Val 0.1057 | Test 0.1331
Validation loss decreased (0.105693 --> 0.105693).  Saving model ...
  Ep 33: Train 0.0979 | Val 0.1037 | Test 0.1308
Validation loss decreased (0.103742 --> 0.103742).  Saving model ...
  Ep 34: Train 0.0935 | Val 0.1015 | Test 0.1281
Validation loss decreased (0.101512 --> 0.101512).  Saving model ...
  Ep 35: Train 0.0935 | Val 0.0997 | Test 0.1259
Validation loss decreased (0.099696 --> 0.099696).  Saving model ...
  Ep 36: Train 0.0904 | Val 0.0979 | Test 0.1238
Validation loss decreased (0.097944 --> 0.097944).  Saving model ...
  Ep 37: Train 0.0885 | Val 0.0963 | Test 0.1218
Validation loss decreased (0.096328 --> 0.096328).  Saving model ...
  Ep 38: Train 0.0879 | Val 0.0946 | Test 0.1200
Validation loss decreased (0.094611 --> 0.094611).  Saving model ...
  Ep 39: Train 0.0878 | Val 0.0929 | Test 0.1180
Validation loss decreased (0.092926 --> 0.092926).  Saving model ...
  Ep 40: Train 0.0855 | Val 0.0916 | Test 0.1166
Validation loss decreased (0.091597 --> 0.091597).  Saving model ...
  Ep 41: Train 0.0845 | Val 0.0898 | Test 0.1146
Validation loss decreased (0.089823 --> 0.089823).  Saving model ...
  Ep 42: Train 0.0806 | Val 0.0882 | Test 0.1127
Validation loss decreased (0.088186 --> 0.088186).  Saving model ...
  Ep 43: Train 0.0804 | Val 0.0868 | Test 0.1110
Validation loss decreased (0.086756 --> 0.086756).  Saving model ...
  Ep 44: Train 0.0812 | Val 0.0854 | Test 0.1093
Validation loss decreased (0.085393 --> 0.085393).  Saving model ...
  Ep 45: Train 0.0796 | Val 0.0834 | Test 0.1069
Validation loss decreased (0.083399 --> 0.083399).  Saving model ...
  Ep 46: Train 0.0774 | Val 0.0820 | Test 0.1049
Validation loss decreased (0.081996 --> 0.081996).  Saving model ...
  Ep 47: Train 0.0742 | Val 0.0811 | Test 0.1036
Validation loss decreased (0.081078 --> 0.081078).  Saving model ...
  Ep 48: Train 0.0742 | Val 0.0800 | Test 0.1021
Validation loss decreased (0.079978 --> 0.079978).  Saving model ...
  Ep 49: Train 0.0711 | Val 0.0789 | Test 0.1007
Validation loss decreased (0.078852 --> 0.078852).  Saving model ...
  Ep 50: Train 0.0714 | Val 0.0778 | Test 0.0994
Validation loss decreased (0.077820 --> 0.077820).  Saving model ...
/home/sangukchoi/Stroke_SDA/sda_training.py:617: FutureWarning: You are using `torch.load` with `weights_only=False` (the current default value), which uses the default pickle module implicitly. It is possible to construct malicious pickle data which will execute arbitrary code during unpickling (See https://github.com/pytorch/pytorch/blob/main/SECURITY.md#untrusted-models for more details). In a future release, the default value for `weights_only` will be flipped to `True`. This limits the functions that could be executed during unpickling. Arbitrary objects will no longer be allowed to be loaded via this mode unless they are explicitly allowlisted by the user via `torch.serialization.add_safe_globals`. We recommend you start setting `weights_only=True` for any use case where you don't have full control of the loaded file. Please open an issue on GitHub for any issues related to this experimental feature.
  model.load_state_dict(torch.load(os.path.join(out_dir, 'best_model.pth')))
Final Test MSE (Best Model): 0.0994
[S006] Finished successfully.
