
[Run Start] Subject S007 | Mode ['SDA', 'TO', 'SO', 'TL'] | Params: Custom
  [Skipping] Found existing model for Fold 1 SDA

[Fold 2 - SDA] Train: ['S007_T005', 'S007_T009'], Test: S007_T006, Norm: fixed
/home/sangukchoi/.conda/envs/torch_gpu/lib/python3.10/site-packages/torch/nn/modules/rnn.py:123: UserWarning: dropout option adds dropout after all but last recurrent layer, so non-zero dropout expects num_layers greater than 1, but got dropout=0.3 and num_layers=1
  warnings.warn(
  Ep 1: Train 0.3669 | Val 0.3232 | Test 0.0212
Validation loss decreased (0.323189 --> 0.323189).  Saving model ...
  Ep 2: Train 0.2306 | Val 0.2514 | Test 0.0207
Validation loss decreased (0.251383 --> 0.251383).  Saving model ...
  Ep 3: Train 0.2060 | Val 0.2163 | Test 0.0170
Validation loss decreased (0.216327 --> 0.216327).  Saving model ...
  Ep 4: Train 0.1922 | Val 0.2246 | Test 0.0143
EarlyStopping counter: 1 out of 10
  Ep 5: Train 0.1851 | Val 0.2233 | Test 0.0152
EarlyStopping counter: 2 out of 10
  Ep 6: Train 0.1802 | Val 0.2000 | Test 0.0126
Validation loss decreased (0.199973 --> 0.199973).  Saving model ...
  Ep 7: Train 0.1793 | Val 0.2274 | Test 0.0126
EarlyStopping counter: 1 out of 10
  Ep 8: Train 0.1735 | Val 0.2084 | Test 0.0117
EarlyStopping counter: 2 out of 10
  Ep 9: Train 0.1709 | Val 0.1973 | Test 0.0098
Validation loss decreased (0.197329 --> 0.197329).  Saving model ...
  Ep 10: Train 0.1689 | Val 0.2317 | Test 0.0129
EarlyStopping counter: 1 out of 10
  Ep 11: Train 0.1663 | Val 0.2345 | Test 0.0118
EarlyStopping counter: 2 out of 10
  Ep 12: Train 0.1652 | Val 0.2305 | Test 0.0130
EarlyStopping counter: 3 out of 10
  Ep 13: Train 0.1613 | Val 0.2076 | Test 0.0126
EarlyStopping counter: 4 out of 10
  Ep 14: Train 0.1583 | Val 0.1963 | Test 0.0117
Validation loss decreased (0.196260 --> 0.196260).  Saving model ...
  Ep 15: Train 0.1580 | Val 0.2053 | Test 0.0120
EarlyStopping counter: 1 out of 10
  Ep 16: Train 0.1559 | Val 0.1972 | Test 0.0105
EarlyStopping counter: 2 out of 10
  Ep 17: Train 0.1542 | Val 0.2009 | Test 0.0103
EarlyStopping counter: 3 out of 10
  Ep 18: Train 0.1534 | Val 0.1979 | Test 0.0114
EarlyStopping counter: 4 out of 10
  Ep 19: Train 0.1467 | Val 0.1871 | Test 0.0102
Validation loss decreased (0.187057 --> 0.187057).  Saving model ...
  Ep 20: Train 0.1526 | Val 0.1988 | Test 0.0130
EarlyStopping counter: 1 out of 10
  Ep 21: Train 0.1459 | Val 0.2018 | Test 0.0112
EarlyStopping counter: 2 out of 10
  Ep 22: Train 0.1484 | Val 0.1856 | Test 0.0105
Validation loss decreased (0.185611 --> 0.185611).  Saving model ...
  Ep 23: Train 0.1470 | Val 0.1976 | Test 0.0093
EarlyStopping counter: 1 out of 10
  Ep 24: Train 0.1461 | Val 0.1974 | Test 0.0136
EarlyStopping counter: 2 out of 10
  Ep 25: Train 0.1422 | Val 0.2005 | Test 0.0100
EarlyStopping counter: 3 out of 10
  Ep 26: Train 0.1449 | Val 0.1969 | Test 0.0133
EarlyStopping counter: 4 out of 10
  Ep 27: Train 0.1428 | Val 0.1843 | Test 0.0090
Validation loss decreased (0.184293 --> 0.184293).  Saving model ...
  Ep 28: Train 0.1437 | Val 0.1943 | Test 0.0116
EarlyStopping counter: 1 out of 10
  Ep 29: Train 0.1419 | Val 0.1843 | Test 0.0102
EarlyStopping counter: 2 out of 10
  Ep 30: Train 0.1420 | Val 0.1832 | Test 0.0088
Validation loss decreased (0.183223 --> 0.183223).  Saving model ...
  Ep 31: Train 0.1400 | Val 0.1957 | Test 0.0102
EarlyStopping counter: 1 out of 10
  Ep 32: Train 0.1394 | Val 0.1995 | Test 0.0108
EarlyStopping counter: 2 out of 10
  Ep 33: Train 0.1380 | Val 0.1900 | Test 0.0096
EarlyStopping counter: 3 out of 10
  Ep 34: Train 0.1394 | Val 0.1965 | Test 0.0136
EarlyStopping counter: 4 out of 10
  Ep 35: Train 0.1392 | Val 0.1975 | Test 0.0119
EarlyStopping counter: 5 out of 10
  Ep 36: Train 0.1390 | Val 0.1901 | Test 0.0108
EarlyStopping counter: 6 out of 10
  Ep 37: Train 0.1394 | Val 0.1984 | Test 0.0090
EarlyStopping counter: 7 out of 10
  Ep 38: Train 0.1361 | Val 0.1703 | Test 0.0107
Validation loss decreased (0.170294 --> 0.170294).  Saving model ...
  Ep 39: Train 0.1393 | Val 0.1871 | Test 0.0103
EarlyStopping counter: 1 out of 10
  Ep 40: Train 0.1356 | Val 0.2140 | Test 0.0113
EarlyStopping counter: 2 out of 10
  Ep 41: Train 0.1361 | Val 0.2017 | Test 0.0092
EarlyStopping counter: 3 out of 10
  Ep 42: Train 0.1358 | Val 0.1970 | Test 0.0118
EarlyStopping counter: 4 out of 10
  Ep 43: Train 0.1348 | Val 0.1734 | Test 0.0113
EarlyStopping counter: 5 out of 10
  Ep 44: Train 0.1345 | Val 0.1983 | Test 0.0088
EarlyStopping counter: 6 out of 10
  Ep 45: Train 0.1377 | Val 0.1765 | Test 0.0084
EarlyStopping counter: 7 out of 10
  Ep 46: Train 0.1339 | Val 0.2180 | Test 0.0107
EarlyStopping counter: 8 out of 10
  Ep 47: Train 0.1302 | Val 0.2022 | Test 0.0083
EarlyStopping counter: 9 out of 10
  Ep 48: Train 0.1347 | Val 0.1636 | Test 0.0087
Validation loss decreased (0.163647 --> 0.163647).  Saving model ...
  Ep 49: Train 0.1291 | Val 0.1965 | Test 0.0086
EarlyStopping counter: 1 out of 10
  Ep 50: Train 0.1347 | Val 0.1820 | Test 0.0088
EarlyStopping counter: 2 out of 10
/home/sangukchoi/Stroke_SDA/sda_training.py:617: FutureWarning: You are using `torch.load` with `weights_only=False` (the current default value), which uses the default pickle module implicitly. It is possible to construct malicious pickle data which will execute arbitrary code during unpickling (See https://github.com/pytorch/pytorch/blob/main/SECURITY.md#untrusted-models for more details). In a future release, the default value for `weights_only` will be flipped to `True`. This limits the functions that could be executed during unpickling. Arbitrary objects will no longer be allowed to be loaded via this mode unless they are explicitly allowlisted by the user via `torch.serialization.add_safe_globals`. We recommend you start setting `weights_only=True` for any use case where you don't have full control of the loaded file. Please open an issue on GitHub for any issues related to this experimental feature.
  model.load_state_dict(torch.load(os.path.join(out_dir, 'best_model.pth')))
Final Test MSE (Best Model): 0.0087

[Fold 3 - SDA] Train: ['S007_T005', 'S007_T006'], Test: S007_T009, Norm: fixed
/home/sangukchoi/.conda/envs/torch_gpu/lib/python3.10/site-packages/torch/nn/modules/rnn.py:123: UserWarning: dropout option adds dropout after all but last recurrent layer, so non-zero dropout expects num_layers greater than 1, but got dropout=0.3 and num_layers=1
  warnings.warn(
  Ep 1: Train 0.3685 | Val 0.4045 | Test 0.0215
Validation loss decreased (0.404510 --> 0.404510).  Saving model ...
  Ep 2: Train 0.2275 | Val 0.3507 | Test 0.0203
Validation loss decreased (0.350701 --> 0.350701).  Saving model ...
  Ep 3: Train 0.2089 | Val 0.2903 | Test 0.0182
Validation loss decreased (0.290268 --> 0.290268).  Saving model ...
  Ep 4: Train 0.1905 | Val 0.2638 | Test 0.0136
Validation loss decreased (0.263789 --> 0.263789).  Saving model ...
  Ep 5: Train 0.1719 | Val 0.2366 | Test 0.0109
Validation loss decreased (0.236606 --> 0.236606).  Saving model ...
  Ep 6: Train 0.1674 | Val 0.2116 | Test 0.0141
Validation loss decreased (0.211643 --> 0.211643).  Saving model ...
  Ep 7: Train 0.1608 | Val 0.1723 | Test 0.0108
Validation loss decreased (0.172285 --> 0.172285).  Saving model ...
  Ep 8: Train 0.1608 | Val 0.1933 | Test 0.0115
EarlyStopping counter: 1 out of 10
  Ep 9: Train 0.1591 | Val 0.1711 | Test 0.0122
Validation loss decreased (0.171132 --> 0.171132).  Saving model ...
  Ep 10: Train 0.1552 | Val 0.1721 | Test 0.0102
EarlyStopping counter: 1 out of 10
  Ep 11: Train 0.1507 | Val 0.1627 | Test 0.0116
Validation loss decreased (0.162663 --> 0.162663).  Saving model ...
  Ep 12: Train 0.1461 | Val 0.1688 | Test 0.0095
EarlyStopping counter: 1 out of 10
  Ep 13: Train 0.1442 | Val 0.1610 | Test 0.0109
Validation loss decreased (0.161044 --> 0.161044).  Saving model ...
  Ep 14: Train 0.1480 | Val 0.1425 | Test 0.0113
Validation loss decreased (0.142493 --> 0.142493).  Saving model ...
  Ep 15: Train 0.1461 | Val 0.1707 | Test 0.0083
EarlyStopping counter: 1 out of 10
  Ep 16: Train 0.1409 | Val 0.1645 | Test 0.0094
EarlyStopping counter: 2 out of 10
  Ep 17: Train 0.1450 | Val 0.1487 | Test 0.0086
EarlyStopping counter: 3 out of 10
  Ep 18: Train 0.1394 | Val 0.1431 | Test 0.0082
EarlyStopping counter: 4 out of 10
  Ep 19: Train 0.1399 | Val 0.1434 | Test 0.0082
EarlyStopping counter: 5 out of 10
  Ep 20: Train 0.1366 | Val 0.1460 | Test 0.0067
EarlyStopping counter: 6 out of 10
  Ep 21: Train 0.1393 | Val 0.1536 | Test 0.0083
EarlyStopping counter: 7 out of 10
  Ep 22: Train 0.1416 | Val 0.1378 | Test 0.0083
Validation loss decreased (0.137753 --> 0.137753).  Saving model ...
  Ep 23: Train 0.1402 | Val 0.1432 | Test 0.0093
EarlyStopping counter: 1 out of 10
  Ep 24: Train 0.1368 | Val 0.1504 | Test 0.0081
EarlyStopping counter: 2 out of 10
  Ep 25: Train 0.1361 | Val 0.1540 | Test 0.0086
EarlyStopping counter: 3 out of 10
  Ep 26: Train 0.1351 | Val 0.1472 | Test 0.0081
EarlyStopping counter: 4 out of 10
  Ep 27: Train 0.1350 | Val 0.1307 | Test 0.0074
Validation loss decreased (0.130714 --> 0.130714).  Saving model ...
  Ep 28: Train 0.1359 | Val 0.1364 | Test 0.0105
EarlyStopping counter: 1 out of 10
  Ep 29: Train 0.1368 | Val 0.1331 | Test 0.0093
EarlyStopping counter: 2 out of 10
  Ep 30: Train 0.1361 | Val 0.1368 | Test 0.0091
EarlyStopping counter: 3 out of 10
  Ep 31: Train 0.1304 | Val 0.1538 | Test 0.0112
EarlyStopping counter: 4 out of 10
  Ep 32: Train 0.1327 | Val 0.1306 | Test 0.0081
Validation loss decreased (0.130575 --> 0.130575).  Saving model ...
  Ep 33: Train 0.1325 | Val 0.1215 | Test 0.0079
Validation loss decreased (0.121511 --> 0.121511).  Saving model ...
  Ep 34: Train 0.1345 | Val 0.1329 | Test 0.0095
EarlyStopping counter: 1 out of 10
  Ep 35: Train 0.1327 | Val 0.1283 | Test 0.0080
EarlyStopping counter: 2 out of 10
  Ep 36: Train 0.1331 | Val 0.1317 | Test 0.0117
EarlyStopping counter: 3 out of 10
  Ep 37: Train 0.1297 | Val 0.1371 | Test 0.0097
EarlyStopping counter: 4 out of 10
  Ep 38: Train 0.1313 | Val 0.1367 | Test 0.0082
EarlyStopping counter: 5 out of 10
  Ep 39: Train 0.1316 | Val 0.1262 | Test 0.0074
EarlyStopping counter: 6 out of 10
  Ep 40: Train 0.1315 | Val 0.1446 | Test 0.0079
EarlyStopping counter: 7 out of 10
  Ep 41: Train 0.1350 | Val 0.1307 | Test 0.0071
EarlyStopping counter: 8 out of 10
  Ep 42: Train 0.1339 | Val 0.1359 | Test 0.0071
EarlyStopping counter: 9 out of 10
  Ep 43: Train 0.1818 | Val 0.1394 | Test 0.0109
EarlyStopping counter: 10 out of 10
Early stopping triggered!
/home/sangukchoi/Stroke_SDA/sda_training.py:617: FutureWarning: You are using `torch.load` with `weights_only=False` (the current default value), which uses the default pickle module implicitly. It is possible to construct malicious pickle data which will execute arbitrary code during unpickling (See https://github.com/pytorch/pytorch/blob/main/SECURITY.md#untrusted-models for more details). In a future release, the default value for `weights_only` will be flipped to `True`. This limits the functions that could be executed during unpickling. Arbitrary objects will no longer be allowed to be loaded via this mode unless they are explicitly allowlisted by the user via `torch.serialization.add_safe_globals`. We recommend you start setting `weights_only=True` for any use case where you don't have full control of the loaded file. Please open an issue on GitHub for any issues related to this experimental feature.
  model.load_state_dict(torch.load(os.path.join(out_dir, 'best_model.pth')))
Final Test MSE (Best Model): 0.0079

[Fold 1 - TO] Train: ['S007_T006', 'S007_T009'], Test: S007_T005, Norm: independent
/home/sangukchoi/.conda/envs/torch_gpu/lib/python3.10/site-packages/torch/nn/modules/rnn.py:123: UserWarning: dropout option adds dropout after all but last recurrent layer, so non-zero dropout expects num_layers greater than 1, but got dropout=0.3 and num_layers=1
  warnings.warn(
  Ep 1: Train 0.5367 | Val 0.4838 | Test 0.4752
Validation loss decreased (0.483841 --> 0.483841).  Saving model ...
  Ep 2: Train 0.4964 | Val 0.4484 | Test 0.4445
Validation loss decreased (0.448379 --> 0.448379).  Saving model ...
  Ep 3: Train 0.4648 | Val 0.4171 | Test 0.4177
Validation loss decreased (0.417125 --> 0.417125).  Saving model ...
  Ep 4: Train 0.4319 | Val 0.3884 | Test 0.3937
Validation loss decreased (0.388440 --> 0.388440).  Saving model ...
  Ep 5: Train 0.4079 | Val 0.3621 | Test 0.3715
Validation loss decreased (0.362094 --> 0.362094).  Saving model ...
  Ep 6: Train 0.3819 | Val 0.3372 | Test 0.3505
Validation loss decreased (0.337171 --> 0.337171).  Saving model ...
  Ep 7: Train 0.3572 | Val 0.3137 | Test 0.3302
Validation loss decreased (0.313670 --> 0.313670).  Saving model ...
  Ep 8: Train 0.3358 | Val 0.2915 | Test 0.3105
Validation loss decreased (0.291549 --> 0.291549).  Saving model ...
  Ep 9: Train 0.3210 | Val 0.2706 | Test 0.2915
Validation loss decreased (0.270611 --> 0.270611).  Saving model ...
  Ep 10: Train 0.2912 | Val 0.2505 | Test 0.2727
Validation loss decreased (0.250526 --> 0.250526).  Saving model ...
  Ep 11: Train 0.2761 | Val 0.2314 | Test 0.2544
Validation loss decreased (0.231431 --> 0.231431).  Saving model ...
  Ep 12: Train 0.2563 | Val 0.2138 | Test 0.2375
Validation loss decreased (0.213804 --> 0.213804).  Saving model ...
  Ep 13: Train 0.2408 | Val 0.1977 | Test 0.2217
Validation loss decreased (0.197660 --> 0.197660).  Saving model ...
  Ep 14: Train 0.2272 | Val 0.1827 | Test 0.2071
Validation loss decreased (0.182700 --> 0.182700).  Saving model ...
  Ep 15: Train 0.2105 | Val 0.1692 | Test 0.1940
Validation loss decreased (0.169244 --> 0.169244).  Saving model ...
  Ep 16: Train 0.1907 | Val 0.1567 | Test 0.1819
Validation loss decreased (0.156694 --> 0.156694).  Saving model ...
  Ep 17: Train 0.1764 | Val 0.1454 | Test 0.1707
Validation loss decreased (0.145399 --> 0.145399).  Saving model ...
  Ep 18: Train 0.1699 | Val 0.1354 | Test 0.1603
Validation loss decreased (0.135358 --> 0.135358).  Saving model ...
  Ep 19: Train 0.1571 | Val 0.1265 | Test 0.1509
Validation loss decreased (0.126522 --> 0.126522).  Saving model ...
  Ep 20: Train 0.1420 | Val 0.1189 | Test 0.1426
Validation loss decreased (0.118897 --> 0.118897).  Saving model ...
  Ep 21: Train 0.1324 | Val 0.1120 | Test 0.1348
Validation loss decreased (0.112018 --> 0.112018).  Saving model ...
  Ep 22: Train 0.1179 | Val 0.1058 | Test 0.1277
Validation loss decreased (0.105838 --> 0.105838).  Saving model ...
  Ep 23: Train 0.1125 | Val 0.1001 | Test 0.1210
Validation loss decreased (0.100055 --> 0.100055).  Saving model ...
  Ep 24: Train 0.1101 | Val 0.0948 | Test 0.1151
Validation loss decreased (0.094767 --> 0.094767).  Saving model ...
  Ep 25: Train 0.1022 | Val 0.0895 | Test 0.1090
Validation loss decreased (0.089496 --> 0.089496).  Saving model ...
  Ep 26: Train 0.0899 | Val 0.0845 | Test 0.1036
Validation loss decreased (0.084549 --> 0.084549).  Saving model ...
  Ep 27: Train 0.0825 | Val 0.0800 | Test 0.0986
Validation loss decreased (0.080027 --> 0.080027).  Saving model ...
  Ep 28: Train 0.0805 | Val 0.0757 | Test 0.0938
Validation loss decreased (0.075749 --> 0.075749).  Saving model ...
  Ep 29: Train 0.0763 | Val 0.0717 | Test 0.0894
Validation loss decreased (0.071664 --> 0.071664).  Saving model ...
  Ep 30: Train 0.0702 | Val 0.0679 | Test 0.0853
Validation loss decreased (0.067874 --> 0.067874).  Saving model ...
  Ep 31: Train 0.0647 | Val 0.0644 | Test 0.0815
Validation loss decreased (0.064387 --> 0.064387).  Saving model ...
  Ep 32: Train 0.0616 | Val 0.0610 | Test 0.0780
Validation loss decreased (0.061049 --> 0.061049).  Saving model ...
  Ep 33: Train 0.0594 | Val 0.0581 | Test 0.0749
Validation loss decreased (0.058135 --> 0.058135).  Saving model ...
  Ep 34: Train 0.0541 | Val 0.0555 | Test 0.0720
Validation loss decreased (0.055487 --> 0.055487).  Saving model ...
  Ep 35: Train 0.0519 | Val 0.0531 | Test 0.0694
Validation loss decreased (0.053072 --> 0.053072).  Saving model ...
  Ep 36: Train 0.0510 | Val 0.0508 | Test 0.0668
Validation loss decreased (0.050779 --> 0.050779).  Saving model ...
  Ep 37: Train 0.0491 | Val 0.0487 | Test 0.0646
Validation loss decreased (0.048731 --> 0.048731).  Saving model ...
  Ep 38: Train 0.0443 | Val 0.0469 | Test 0.0626
Validation loss decreased (0.046922 --> 0.046922).  Saving model ...
  Ep 39: Train 0.0415 | Val 0.0456 | Test 0.0614
Validation loss decreased (0.045554 --> 0.045554).  Saving model ...
  Ep 40: Train 0.0383 | Val 0.0444 | Test 0.0601
Validation loss decreased (0.044354 --> 0.044354).  Saving model ...
  Ep 41: Train 0.0394 | Val 0.0430 | Test 0.0584
Validation loss decreased (0.042996 --> 0.042996).  Saving model ...
  Ep 42: Train 0.0375 | Val 0.0417 | Test 0.0567
Validation loss decreased (0.041714 --> 0.041714).  Saving model ...
  Ep 43: Train 0.0381 | Val 0.0405 | Test 0.0553
Validation loss decreased (0.040539 --> 0.040539).  Saving model ...
  Ep 44: Train 0.0360 | Val 0.0396 | Test 0.0541
Validation loss decreased (0.039563 --> 0.039563).  Saving model ...
  Ep 45: Train 0.0354 | Val 0.0387 | Test 0.0530
Validation loss decreased (0.038688 --> 0.038688).  Saving model ...
  Ep 46: Train 0.0342 | Val 0.0378 | Test 0.0518
Validation loss decreased (0.037832 --> 0.037832).  Saving model ...
  Ep 47: Train 0.0334 | Val 0.0370 | Test 0.0506
Validation loss decreased (0.036954 --> 0.036954).  Saving model ...
  Ep 48: Train 0.0328 | Val 0.0361 | Test 0.0492
Validation loss decreased (0.036076 --> 0.036076).  Saving model ...
  Ep 49: Train 0.0345 | Val 0.0352 | Test 0.0479
Validation loss decreased (0.035224 --> 0.035224).  Saving model ...
  Ep 50: Train 0.0320 | Val 0.0344 | Test 0.0466
Validation loss decreased (0.034397 --> 0.034397).  Saving model ...
/home/sangukchoi/Stroke_SDA/sda_training.py:617: FutureWarning: You are using `torch.load` with `weights_only=False` (the current default value), which uses the default pickle module implicitly. It is possible to construct malicious pickle data which will execute arbitrary code during unpickling (See https://github.com/pytorch/pytorch/blob/main/SECURITY.md#untrusted-models for more details). In a future release, the default value for `weights_only` will be flipped to `True`. This limits the functions that could be executed during unpickling. Arbitrary objects will no longer be allowed to be loaded via this mode unless they are explicitly allowlisted by the user via `torch.serialization.add_safe_globals`. We recommend you start setting `weights_only=True` for any use case where you don't have full control of the loaded file. Please open an issue on GitHub for any issues related to this experimental feature.
  model.load_state_dict(torch.load(os.path.join(out_dir, 'best_model.pth')))
Final Test MSE (Best Model): 0.0466

[Fold 2 - TO] Train: ['S007_T005', 'S007_T009'], Test: S007_T006, Norm: independent
/home/sangukchoi/.conda/envs/torch_gpu/lib/python3.10/site-packages/torch/nn/modules/rnn.py:123: UserWarning: dropout option adds dropout after all but last recurrent layer, so non-zero dropout expects num_layers greater than 1, but got dropout=0.3 and num_layers=1
  warnings.warn(
  Ep 1: Train 0.5661 | Val 0.5464 | Test 0.5499
Validation loss decreased (0.546415 --> 0.546415).  Saving model ...
  Ep 2: Train 0.5339 | Val 0.5196 | Test 0.5172
Validation loss decreased (0.519582 --> 0.519582).  Saving model ...
  Ep 3: Train 0.5077 | Val 0.4938 | Test 0.4857
Validation loss decreased (0.493783 --> 0.493783).  Saving model ...
  Ep 4: Train 0.4824 | Val 0.4688 | Test 0.4555
Validation loss decreased (0.468837 --> 0.468837).  Saving model ...
  Ep 5: Train 0.4563 | Val 0.4449 | Test 0.4272
Validation loss decreased (0.444939 --> 0.444939).  Saving model ...
  Ep 6: Train 0.4312 | Val 0.4226 | Test 0.4004
Validation loss decreased (0.422566 --> 0.422566).  Saving model ...
  Ep 7: Train 0.4079 | Val 0.4009 | Test 0.3744
Validation loss decreased (0.400930 --> 0.400930).  Saving model ...
  Ep 8: Train 0.3856 | Val 0.3804 | Test 0.3496
Validation loss decreased (0.380398 --> 0.380398).  Saving model ...
  Ep 9: Train 0.3640 | Val 0.3602 | Test 0.3259
Validation loss decreased (0.360194 --> 0.360194).  Saving model ...
  Ep 10: Train 0.3454 | Val 0.3403 | Test 0.3030
Validation loss decreased (0.340308 --> 0.340308).  Saving model ...
  Ep 11: Train 0.3234 | Val 0.3203 | Test 0.2809
Validation loss decreased (0.320341 --> 0.320341).  Saving model ...
  Ep 12: Train 0.3000 | Val 0.3000 | Test 0.2592
Validation loss decreased (0.300029 --> 0.300029).  Saving model ...
  Ep 13: Train 0.2845 | Val 0.2799 | Test 0.2383
Validation loss decreased (0.279865 --> 0.279865).  Saving model ...
  Ep 14: Train 0.2684 | Val 0.2597 | Test 0.2181
Validation loss decreased (0.259747 --> 0.259747).  Saving model ...
  Ep 15: Train 0.2450 | Val 0.2402 | Test 0.1990
Validation loss decreased (0.240161 --> 0.240161).  Saving model ...
  Ep 16: Train 0.2281 | Val 0.2211 | Test 0.1805
Validation loss decreased (0.221096 --> 0.221096).  Saving model ...
  Ep 17: Train 0.2090 | Val 0.2029 | Test 0.1635
Validation loss decreased (0.202915 --> 0.202915).  Saving model ...
  Ep 18: Train 0.1930 | Val 0.1853 | Test 0.1477
Validation loss decreased (0.185349 --> 0.185349).  Saving model ...
  Ep 19: Train 0.1771 | Val 0.1689 | Test 0.1333
Validation loss decreased (0.168913 --> 0.168913).  Saving model ...
  Ep 20: Train 0.1644 | Val 0.1536 | Test 0.1204
Validation loss decreased (0.153625 --> 0.153625).  Saving model ...
  Ep 21: Train 0.1468 | Val 0.1400 | Test 0.1090
Validation loss decreased (0.139998 --> 0.139998).  Saving model ...
  Ep 22: Train 0.1377 | Val 0.1278 | Test 0.0990
Validation loss decreased (0.127848 --> 0.127848).  Saving model ...
  Ep 23: Train 0.1252 | Val 0.1169 | Test 0.0903
Validation loss decreased (0.116929 --> 0.116929).  Saving model ...
  Ep 24: Train 0.1174 | Val 0.1072 | Test 0.0829
Validation loss decreased (0.107191 --> 0.107191).  Saving model ...
  Ep 25: Train 0.1013 | Val 0.0990 | Test 0.0770
Validation loss decreased (0.099015 --> 0.099015).  Saving model ...
  Ep 26: Train 0.0923 | Val 0.0918 | Test 0.0719
Validation loss decreased (0.091755 --> 0.091755).  Saving model ...
  Ep 27: Train 0.0901 | Val 0.0856 | Test 0.0677
Validation loss decreased (0.085636 --> 0.085636).  Saving model ...
  Ep 28: Train 0.0814 | Val 0.0805 | Test 0.0642
Validation loss decreased (0.080524 --> 0.080524).  Saving model ...
  Ep 29: Train 0.0731 | Val 0.0762 | Test 0.0615
Validation loss decreased (0.076222 --> 0.076222).  Saving model ...
  Ep 30: Train 0.0711 | Val 0.0726 | Test 0.0592
Validation loss decreased (0.072562 --> 0.072562).  Saving model ...
  Ep 31: Train 0.0695 | Val 0.0693 | Test 0.0570
Validation loss decreased (0.069317 --> 0.069317).  Saving model ...
  Ep 32: Train 0.0628 | Val 0.0664 | Test 0.0553
Validation loss decreased (0.066388 --> 0.066388).  Saving model ...
  Ep 33: Train 0.0564 | Val 0.0637 | Test 0.0534
Validation loss decreased (0.063665 --> 0.063665).  Saving model ...
  Ep 34: Train 0.0540 | Val 0.0613 | Test 0.0518
Validation loss decreased (0.061272 --> 0.061272).  Saving model ...
  Ep 35: Train 0.0530 | Val 0.0589 | Test 0.0502
Validation loss decreased (0.058850 --> 0.058850).  Saving model ...
  Ep 36: Train 0.0499 | Val 0.0564 | Test 0.0488
Validation loss decreased (0.056425 --> 0.056425).  Saving model ...
  Ep 37: Train 0.0476 | Val 0.0541 | Test 0.0474
Validation loss decreased (0.054075 --> 0.054075).  Saving model ...
  Ep 38: Train 0.0453 | Val 0.0519 | Test 0.0463
Validation loss decreased (0.051887 --> 0.051887).  Saving model ...
  Ep 39: Train 0.0455 | Val 0.0498 | Test 0.0452
Validation loss decreased (0.049754 --> 0.049754).  Saving model ...
  Ep 40: Train 0.0421 | Val 0.0478 | Test 0.0444
Validation loss decreased (0.047789 --> 0.047789).  Saving model ...
  Ep 41: Train 0.0394 | Val 0.0461 | Test 0.0436
Validation loss decreased (0.046142 --> 0.046142).  Saving model ...
  Ep 42: Train 0.0419 | Val 0.0445 | Test 0.0430
Validation loss decreased (0.044511 --> 0.044511).  Saving model ...
  Ep 43: Train 0.0395 | Val 0.0430 | Test 0.0425
Validation loss decreased (0.043042 --> 0.043042).  Saving model ...
  Ep 44: Train 0.0349 | Val 0.0417 | Test 0.0420
Validation loss decreased (0.041679 --> 0.041679).  Saving model ...
  Ep 45: Train 0.0340 | Val 0.0403 | Test 0.0412
Validation loss decreased (0.040314 --> 0.040314).  Saving model ...
  Ep 46: Train 0.0341 | Val 0.0390 | Test 0.0405
Validation loss decreased (0.039003 --> 0.039003).  Saving model ...
  Ep 47: Train 0.0331 | Val 0.0377 | Test 0.0395
Validation loss decreased (0.037697 --> 0.037697).  Saving model ...
  Ep 48: Train 0.0311 | Val 0.0367 | Test 0.0390
Validation loss decreased (0.036665 --> 0.036665).  Saving model ...
  Ep 49: Train 0.0287 | Val 0.0358 | Test 0.0381
Validation loss decreased (0.035818 --> 0.035818).  Saving model ...
  Ep 50: Train 0.0303 | Val 0.0351 | Test 0.0374
Validation loss decreased (0.035143 --> 0.035143).  Saving model ...
/home/sangukchoi/Stroke_SDA/sda_training.py:617: FutureWarning: You are using `torch.load` with `weights_only=False` (the current default value), which uses the default pickle module implicitly. It is possible to construct malicious pickle data which will execute arbitrary code during unpickling (See https://github.com/pytorch/pytorch/blob/main/SECURITY.md#untrusted-models for more details). In a future release, the default value for `weights_only` will be flipped to `True`. This limits the functions that could be executed during unpickling. Arbitrary objects will no longer be allowed to be loaded via this mode unless they are explicitly allowlisted by the user via `torch.serialization.add_safe_globals`. We recommend you start setting `weights_only=True` for any use case where you don't have full control of the loaded file. Please open an issue on GitHub for any issues related to this experimental feature.
  model.load_state_dict(torch.load(os.path.join(out_dir, 'best_model.pth')))
Final Test MSE (Best Model): 0.0374

[Fold 3 - TO] Train: ['S007_T005', 'S007_T006'], Test: S007_T009, Norm: independent
/home/sangukchoi/.conda/envs/torch_gpu/lib/python3.10/site-packages/torch/nn/modules/rnn.py:123: UserWarning: dropout option adds dropout after all but last recurrent layer, so non-zero dropout expects num_layers greater than 1, but got dropout=0.3 and num_layers=1
  warnings.warn(
  Ep 1: Train 0.5510 | Val 0.5309 | Test 0.5395
Validation loss decreased (0.530870 --> 0.530870).  Saving model ...
  Ep 2: Train 0.5146 | Val 0.4905 | Test 0.4977
Validation loss decreased (0.490492 --> 0.490492).  Saving model ...
  Ep 3: Train 0.4742 | Val 0.4529 | Test 0.4590
Validation loss decreased (0.452892 --> 0.452892).  Saving model ...
  Ep 4: Train 0.4358 | Val 0.4176 | Test 0.4228
Validation loss decreased (0.417648 --> 0.417648).  Saving model ...
  Ep 5: Train 0.4068 | Val 0.3852 | Test 0.3894
Validation loss decreased (0.385246 --> 0.385246).  Saving model ...
  Ep 6: Train 0.3813 | Val 0.3551 | Test 0.3582
Validation loss decreased (0.355094 --> 0.355094).  Saving model ...
  Ep 7: Train 0.3545 | Val 0.3272 | Test 0.3292
Validation loss decreased (0.327173 --> 0.327173).  Saving model ...
  Ep 8: Train 0.3211 | Val 0.3013 | Test 0.3022
Validation loss decreased (0.301317 --> 0.301317).  Saving model ...
  Ep 9: Train 0.3035 | Val 0.2770 | Test 0.2774
Validation loss decreased (0.277034 --> 0.277034).  Saving model ...
  Ep 10: Train 0.2774 | Val 0.2542 | Test 0.2541
Validation loss decreased (0.254200 --> 0.254200).  Saving model ...
  Ep 11: Train 0.2517 | Val 0.2329 | Test 0.2324
Validation loss decreased (0.232900 --> 0.232900).  Saving model ...
  Ep 12: Train 0.2345 | Val 0.2126 | Test 0.2116
Validation loss decreased (0.212557 --> 0.212557).  Saving model ...
  Ep 13: Train 0.2161 | Val 0.1946 | Test 0.1932
Validation loss decreased (0.194563 --> 0.194563).  Saving model ...
  Ep 14: Train 0.1998 | Val 0.1782 | Test 0.1764
Validation loss decreased (0.178218 --> 0.178218).  Saving model ...
  Ep 15: Train 0.1841 | Val 0.1631 | Test 0.1614
Validation loss decreased (0.163073 --> 0.163073).  Saving model ...
  Ep 16: Train 0.1697 | Val 0.1495 | Test 0.1480
Validation loss decreased (0.149492 --> 0.149492).  Saving model ...
  Ep 17: Train 0.1597 | Val 0.1376 | Test 0.1363
Validation loss decreased (0.137626 --> 0.137626).  Saving model ...
  Ep 18: Train 0.1469 | Val 0.1271 | Test 0.1261
Validation loss decreased (0.127096 --> 0.127096).  Saving model ...
  Ep 19: Train 0.1347 | Val 0.1185 | Test 0.1178
Validation loss decreased (0.118549 --> 0.118549).  Saving model ...
  Ep 20: Train 0.1245 | Val 0.1107 | Test 0.1103
Validation loss decreased (0.110700 --> 0.110700).  Saving model ...
  Ep 21: Train 0.1214 | Val 0.1039 | Test 0.1037
Validation loss decreased (0.103929 --> 0.103929).  Saving model ...
  Ep 22: Train 0.1150 | Val 0.0978 | Test 0.0976
Validation loss decreased (0.097768 --> 0.097768).  Saving model ...
  Ep 23: Train 0.1062 | Val 0.0926 | Test 0.0925
Validation loss decreased (0.092647 --> 0.092647).  Saving model ...
  Ep 24: Train 0.0947 | Val 0.0874 | Test 0.0872
Validation loss decreased (0.087400 --> 0.087400).  Saving model ...
  Ep 25: Train 0.0965 | Val 0.0831 | Test 0.0828
Validation loss decreased (0.083090 --> 0.083090).  Saving model ...
  Ep 26: Train 0.0869 | Val 0.0788 | Test 0.0786
Validation loss decreased (0.078844 --> 0.078844).  Saving model ...
  Ep 27: Train 0.0811 | Val 0.0753 | Test 0.0750
Validation loss decreased (0.075343 --> 0.075343).  Saving model ...
  Ep 28: Train 0.0826 | Val 0.0726 | Test 0.0719
Validation loss decreased (0.072635 --> 0.072635).  Saving model ...
  Ep 29: Train 0.0789 | Val 0.0698 | Test 0.0688
Validation loss decreased (0.069825 --> 0.069825).  Saving model ...
  Ep 30: Train 0.0774 | Val 0.0678 | Test 0.0663
Validation loss decreased (0.067770 --> 0.067770).  Saving model ...
  Ep 31: Train 0.0763 | Val 0.0655 | Test 0.0636
Validation loss decreased (0.065541 --> 0.065541).  Saving model ...
  Ep 32: Train 0.0671 | Val 0.0634 | Test 0.0609
Validation loss decreased (0.063383 --> 0.063383).  Saving model ...
  Ep 33: Train 0.0642 | Val 0.0615 | Test 0.0587
Validation loss decreased (0.061465 --> 0.061465).  Saving model ...
  Ep 34: Train 0.0634 | Val 0.0590 | Test 0.0557
Validation loss decreased (0.059000 --> 0.059000).  Saving model ...
  Ep 35: Train 0.0609 | Val 0.0571 | Test 0.0534
Validation loss decreased (0.057113 --> 0.057113).  Saving model ...
  Ep 36: Train 0.0606 | Val 0.0556 | Test 0.0513
Validation loss decreased (0.055607 --> 0.055607).  Saving model ...
  Ep 37: Train 0.0564 | Val 0.0541 | Test 0.0491
Validation loss decreased (0.054083 --> 0.054083).  Saving model ...
  Ep 38: Train 0.0581 | Val 0.0523 | Test 0.0463
Validation loss decreased (0.052323 --> 0.052323).  Saving model ...
  Ep 39: Train 0.0574 | Val 0.0506 | Test 0.0436
Validation loss decreased (0.050601 --> 0.050601).  Saving model ...
  Ep 40: Train 0.0528 | Val 0.0494 | Test 0.0420
Validation loss decreased (0.049387 --> 0.049387).  Saving model ...
  Ep 41: Train 0.0519 | Val 0.0483 | Test 0.0404
Validation loss decreased (0.048349 --> 0.048349).  Saving model ...
  Ep 42: Train 0.0541 | Val 0.0473 | Test 0.0390
Validation loss decreased (0.047259 --> 0.047259).  Saving model ...
  Ep 43: Train 0.0525 | Val 0.0466 | Test 0.0384
Validation loss decreased (0.046587 --> 0.046587).  Saving model ...
  Ep 44: Train 0.0498 | Val 0.0460 | Test 0.0379
Validation loss decreased (0.045970 --> 0.045970).  Saving model ...
  Ep 45: Train 0.0488 | Val 0.0450 | Test 0.0368
Validation loss decreased (0.045021 --> 0.045021).  Saving model ...
  Ep 46: Train 0.0477 | Val 0.0442 | Test 0.0361
Validation loss decreased (0.044231 --> 0.044231).  Saving model ...
  Ep 47: Train 0.0447 | Val 0.0433 | Test 0.0351
Validation loss decreased (0.043282 --> 0.043282).  Saving model ...
  Ep 48: Train 0.0470 | Val 0.0424 | Test 0.0341
Validation loss decreased (0.042432 --> 0.042432).  Saving model ...
  Ep 49: Train 0.0463 | Val 0.0415 | Test 0.0330
Validation loss decreased (0.041492 --> 0.041492).  Saving model ...
  Ep 50: Train 0.0408 | Val 0.0407 | Test 0.0321
Validation loss decreased (0.040731 --> 0.040731).  Saving model ...
/home/sangukchoi/Stroke_SDA/sda_training.py:617: FutureWarning: You are using `torch.load` with `weights_only=False` (the current default value), which uses the default pickle module implicitly. It is possible to construct malicious pickle data which will execute arbitrary code during unpickling (See https://github.com/pytorch/pytorch/blob/main/SECURITY.md#untrusted-models for more details). In a future release, the default value for `weights_only` will be flipped to `True`. This limits the functions that could be executed during unpickling. Arbitrary objects will no longer be allowed to be loaded via this mode unless they are explicitly allowlisted by the user via `torch.serialization.add_safe_globals`. We recommend you start setting `weights_only=True` for any use case where you don't have full control of the loaded file. Please open an issue on GitHub for any issues related to this experimental feature.
  model.load_state_dict(torch.load(os.path.join(out_dir, 'best_model.pth')))
Final Test MSE (Best Model): 0.0321
  [Skipping] Found existing model for Fold 1 SO

[Fold 2 - SO] Train: ['S007_T005', 'S007_T009'], Test: S007_T006, Norm: fixed
/home/sangukchoi/.conda/envs/torch_gpu/lib/python3.10/site-packages/torch/nn/modules/rnn.py:123: UserWarning: dropout option adds dropout after all but last recurrent layer, so non-zero dropout expects num_layers greater than 1, but got dropout=0.3 and num_layers=1
  warnings.warn(
  Ep 1: Train 0.1108 | Val 0.0471 | Test 0.2394
Validation loss decreased (0.047075 --> 0.047075).  Saving model ...
  Ep 2: Train 0.0446 | Val 0.0371 | Test 0.1621
Validation loss decreased (0.037148 --> 0.037148).  Saving model ...
  Ep 3: Train 0.0387 | Val 0.0344 | Test 0.1702
Validation loss decreased (0.034386 --> 0.034386).  Saving model ...
  Ep 4: Train 0.0358 | Val 0.0323 | Test 0.3629
Validation loss decreased (0.032254 --> 0.032254).  Saving model ...
  Ep 5: Train 0.0341 | Val 0.0305 | Test 0.2691
Validation loss decreased (0.030504 --> 0.030504).  Saving model ...
  Ep 6: Train 0.0328 | Val 0.0303 | Test 0.3012
Validation loss decreased (0.030301 --> 0.030301).  Saving model ...
  Ep 7: Train 0.0319 | Val 0.0298 | Test 0.2758
Validation loss decreased (0.029787 --> 0.029787).  Saving model ...
  Ep 8: Train 0.0309 | Val 0.0288 | Test 0.3934
Validation loss decreased (0.028788 --> 0.028788).  Saving model ...
  Ep 9: Train 0.0302 | Val 0.0277 | Test 0.2744
Validation loss decreased (0.027740 --> 0.027740).  Saving model ...
  Ep 10: Train 0.0293 | Val 0.0275 | Test 0.3572
Validation loss decreased (0.027527 --> 0.027527).  Saving model ...
  Ep 11: Train 0.0286 | Val 0.0266 | Test 0.3636
Validation loss decreased (0.026610 --> 0.026610).  Saving model ...
  Ep 12: Train 0.0281 | Val 0.0261 | Test 0.3276
Validation loss decreased (0.026069 --> 0.026069).  Saving model ...
  Ep 13: Train 0.0272 | Val 0.0253 | Test 0.3843
Validation loss decreased (0.025300 --> 0.025300).  Saving model ...
  Ep 14: Train 0.0266 | Val 0.0249 | Test 0.3681
Validation loss decreased (0.024912 --> 0.024912).  Saving model ...
  Ep 15: Train 0.0258 | Val 0.0240 | Test 0.4624
Validation loss decreased (0.024010 --> 0.024010).  Saving model ...
  Ep 16: Train 0.0250 | Val 0.0238 | Test 0.3475
Validation loss decreased (0.023800 --> 0.023800).  Saving model ...
  Ep 17: Train 0.0242 | Val 0.0229 | Test 0.4402
Validation loss decreased (0.022926 --> 0.022926).  Saving model ...
  Ep 18: Train 0.0235 | Val 0.0229 | Test 0.5270
EarlyStopping counter: 1 out of 10
  Ep 19: Train 0.0229 | Val 0.0219 | Test 0.4258
Validation loss decreased (0.021948 --> 0.021948).  Saving model ...
  Ep 20: Train 0.0222 | Val 0.0222 | Test 0.6199
EarlyStopping counter: 1 out of 10
  Ep 21: Train 0.0214 | Val 0.0213 | Test 0.5688
Validation loss decreased (0.021276 --> 0.021276).  Saving model ...
  Ep 22: Train 0.0211 | Val 0.0203 | Test 0.4875
Validation loss decreased (0.020320 --> 0.020320).  Saving model ...
  Ep 23: Train 0.0203 | Val 0.0201 | Test 0.5107
Validation loss decreased (0.020142 --> 0.020142).  Saving model ...
  Ep 24: Train 0.0199 | Val 0.0191 | Test 0.4453
Validation loss decreased (0.019127 --> 0.019127).  Saving model ...
  Ep 25: Train 0.0193 | Val 0.0206 | Test 0.5059
EarlyStopping counter: 1 out of 10
  Ep 26: Train 0.0189 | Val 0.0186 | Test 0.5547
Validation loss decreased (0.018610 --> 0.018610).  Saving model ...
  Ep 27: Train 0.0183 | Val 0.0185 | Test 0.6072
Validation loss decreased (0.018471 --> 0.018471).  Saving model ...
  Ep 28: Train 0.0177 | Val 0.0181 | Test 0.5827
Validation loss decreased (0.018132 --> 0.018132).  Saving model ...
  Ep 29: Train 0.0176 | Val 0.0167 | Test 0.6289
Validation loss decreased (0.016738 --> 0.016738).  Saving model ...
  Ep 30: Train 0.0167 | Val 0.0170 | Test 0.6234
EarlyStopping counter: 1 out of 10
  Ep 31: Train 0.0166 | Val 0.0171 | Test 0.5854
EarlyStopping counter: 2 out of 10
  Ep 32: Train 0.0160 | Val 0.0169 | Test 0.5889
EarlyStopping counter: 3 out of 10
  Ep 33: Train 0.0157 | Val 0.0157 | Test 0.5170
Validation loss decreased (0.015691 --> 0.015691).  Saving model ...
  Ep 34: Train 0.0154 | Val 0.0159 | Test 0.5839
EarlyStopping counter: 1 out of 10
  Ep 35: Train 0.0150 | Val 0.0158 | Test 0.6570
EarlyStopping counter: 2 out of 10
  Ep 36: Train 0.0146 | Val 0.0154 | Test 0.6535
Validation loss decreased (0.015414 --> 0.015414).  Saving model ...
  Ep 37: Train 0.0142 | Val 0.0153 | Test 0.6562
EarlyStopping counter: 1 out of 10
  Ep 38: Train 0.0140 | Val 0.0147 | Test 0.5672
Validation loss decreased (0.014711 --> 0.014711).  Saving model ...
  Ep 39: Train 0.0136 | Val 0.0149 | Test 0.6508
EarlyStopping counter: 1 out of 10
  Ep 40: Train 0.0133 | Val 0.0144 | Test 0.6519
Validation loss decreased (0.014352 --> 0.014352).  Saving model ...
  Ep 41: Train 0.0131 | Val 0.0165 | Test 0.6969
EarlyStopping counter: 1 out of 10
  Ep 42: Train 0.0128 | Val 0.0133 | Test 0.6699
Validation loss decreased (0.013291 --> 0.013291).  Saving model ...
  Ep 43: Train 0.0124 | Val 0.0135 | Test 0.6745
EarlyStopping counter: 1 out of 10
  Ep 44: Train 0.0121 | Val 0.0127 | Test 0.7027
Validation loss decreased (0.012656 --> 0.012656).  Saving model ...
  Ep 45: Train 0.0119 | Val 0.0130 | Test 0.6786
EarlyStopping counter: 1 out of 10
  Ep 46: Train 0.0117 | Val 0.0128 | Test 0.6496
EarlyStopping counter: 2 out of 10
  Ep 47: Train 0.0111 | Val 0.0128 | Test 0.6861
EarlyStopping counter: 3 out of 10
  Ep 48: Train 0.0110 | Val 0.0121 | Test 0.7053
Validation loss decreased (0.012051 --> 0.012051).  Saving model ...
  Ep 49: Train 0.0110 | Val 0.0119 | Test 0.6826
Validation loss decreased (0.011858 --> 0.011858).  Saving model ...
  Ep 50: Train 0.0106 | Val 0.0148 | Test 0.6654
EarlyStopping counter: 1 out of 10
/home/sangukchoi/Stroke_SDA/sda_training.py:617: FutureWarning: You are using `torch.load` with `weights_only=False` (the current default value), which uses the default pickle module implicitly. It is possible to construct malicious pickle data which will execute arbitrary code during unpickling (See https://github.com/pytorch/pytorch/blob/main/SECURITY.md#untrusted-models for more details). In a future release, the default value for `weights_only` will be flipped to `True`. This limits the functions that could be executed during unpickling. Arbitrary objects will no longer be allowed to be loaded via this mode unless they are explicitly allowlisted by the user via `torch.serialization.add_safe_globals`. We recommend you start setting `weights_only=True` for any use case where you don't have full control of the loaded file. Please open an issue on GitHub for any issues related to this experimental feature.
  model.load_state_dict(torch.load(os.path.join(out_dir, 'best_model.pth')))
Final Test MSE (Best Model): 0.6826

[Fold 3 - SO] Train: ['S007_T005', 'S007_T006'], Test: S007_T009, Norm: fixed
/home/sangukchoi/.conda/envs/torch_gpu/lib/python3.10/site-packages/torch/nn/modules/rnn.py:123: UserWarning: dropout option adds dropout after all but last recurrent layer, so non-zero dropout expects num_layers greater than 1, but got dropout=0.3 and num_layers=1
  warnings.warn(
  Ep 1: Train 0.1060 | Val 0.0486 | Test 0.2858
Validation loss decreased (0.048615 --> 0.048615).  Saving model ...
  Ep 2: Train 0.0462 | Val 0.0391 | Test 0.1785
Validation loss decreased (0.039066 --> 0.039066).  Saving model ...
  Ep 3: Train 0.0395 | Val 0.0359 | Test 0.2059
Validation loss decreased (0.035883 --> 0.035883).  Saving model ...
  Ep 4: Train 0.0362 | Val 0.0329 | Test 0.2200
Validation loss decreased (0.032883 --> 0.032883).  Saving model ...
  Ep 5: Train 0.0343 | Val 0.0312 | Test 0.2266
Validation loss decreased (0.031199 --> 0.031199).  Saving model ...
  Ep 6: Train 0.0329 | Val 0.0299 | Test 0.2279
Validation loss decreased (0.029869 --> 0.029869).  Saving model ...
  Ep 7: Train 0.0320 | Val 0.0292 | Test 0.2152
Validation loss decreased (0.029198 --> 0.029198).  Saving model ...
  Ep 8: Train 0.0309 | Val 0.0284 | Test 0.2143
Validation loss decreased (0.028412 --> 0.028412).  Saving model ...
  Ep 9: Train 0.0302 | Val 0.0287 | Test 0.2693
EarlyStopping counter: 1 out of 10
  Ep 10: Train 0.0294 | Val 0.0274 | Test 0.2437
Validation loss decreased (0.027387 --> 0.027387).  Saving model ...
  Ep 11: Train 0.0285 | Val 0.0272 | Test 0.1949
Validation loss decreased (0.027194 --> 0.027194).  Saving model ...
  Ep 12: Train 0.0278 | Val 0.0259 | Test 0.2416
Validation loss decreased (0.025938 --> 0.025938).  Saving model ...
  Ep 13: Train 0.0269 | Val 0.0257 | Test 0.2895
Validation loss decreased (0.025699 --> 0.025699).  Saving model ...
  Ep 14: Train 0.0262 | Val 0.0255 | Test 0.2984
Validation loss decreased (0.025500 --> 0.025500).  Saving model ...
  Ep 15: Train 0.0253 | Val 0.0244 | Test 0.2174
Validation loss decreased (0.024382 --> 0.024382).  Saving model ...
  Ep 16: Train 0.0245 | Val 0.0241 | Test 0.2853
Validation loss decreased (0.024142 --> 0.024142).  Saving model ...
  Ep 17: Train 0.0240 | Val 0.0229 | Test 0.3381
Validation loss decreased (0.022871 --> 0.022871).  Saving model ...
  Ep 18: Train 0.0232 | Val 0.0228 | Test 0.2729
EarlyStopping counter: 1 out of 10
  Ep 19: Train 0.0228 | Val 0.0220 | Test 0.3687
Validation loss decreased (0.021995 --> 0.021995).  Saving model ...
  Ep 20: Train 0.0223 | Val 0.0218 | Test 0.4380
Validation loss decreased (0.021803 --> 0.021803).  Saving model ...
  Ep 21: Train 0.0218 | Val 0.0208 | Test 0.4178
Validation loss decreased (0.020822 --> 0.020822).  Saving model ...
  Ep 22: Train 0.0214 | Val 0.0222 | Test 0.3716
EarlyStopping counter: 1 out of 10
  Ep 23: Train 0.0208 | Val 0.0206 | Test 0.4795
Validation loss decreased (0.020628 --> 0.020628).  Saving model ...
  Ep 24: Train 0.0202 | Val 0.0200 | Test 0.4067
Validation loss decreased (0.019987 --> 0.019987).  Saving model ...
  Ep 25: Train 0.0197 | Val 0.0199 | Test 0.4762
EarlyStopping counter: 1 out of 10
  Ep 26: Train 0.0193 | Val 0.0195 | Test 0.3902
Validation loss decreased (0.019485 --> 0.019485).  Saving model ...
  Ep 27: Train 0.0188 | Val 0.0185 | Test 0.4626
Validation loss decreased (0.018514 --> 0.018514).  Saving model ...
  Ep 28: Train 0.0183 | Val 0.0188 | Test 0.4822
EarlyStopping counter: 1 out of 10
  Ep 29: Train 0.0180 | Val 0.0179 | Test 0.5529
Validation loss decreased (0.017856 --> 0.017856).  Saving model ...
  Ep 30: Train 0.0174 | Val 0.0187 | Test 0.3977
EarlyStopping counter: 1 out of 10
  Ep 31: Train 0.0170 | Val 0.0174 | Test 0.4582
Validation loss decreased (0.017408 --> 0.017408).  Saving model ...
  Ep 32: Train 0.0167 | Val 0.0169 | Test 0.5528
Validation loss decreased (0.016866 --> 0.016866).  Saving model ...
  Ep 33: Train 0.0161 | Val 0.0173 | Test 0.5328
EarlyStopping counter: 1 out of 10
  Ep 34: Train 0.0159 | Val 0.0161 | Test 0.5150
Validation loss decreased (0.016105 --> 0.016105).  Saving model ...
  Ep 35: Train 0.0155 | Val 0.0170 | Test 0.4451
EarlyStopping counter: 1 out of 10
  Ep 36: Train 0.0151 | Val 0.0154 | Test 0.4008
Validation loss decreased (0.015360 --> 0.015360).  Saving model ...
  Ep 37: Train 0.0149 | Val 0.0153 | Test 0.5108
EarlyStopping counter: 1 out of 10
  Ep 38: Train 0.0145 | Val 0.0153 | Test 0.5506
Validation loss decreased (0.015250 --> 0.015250).  Saving model ...
  Ep 39: Train 0.0140 | Val 0.0144 | Test 0.4925
Validation loss decreased (0.014449 --> 0.014449).  Saving model ...
  Ep 40: Train 0.0138 | Val 0.0152 | Test 0.5694
EarlyStopping counter: 1 out of 10
  Ep 41: Train 0.0136 | Val 0.0157 | Test 0.5595
EarlyStopping counter: 2 out of 10
  Ep 42: Train 0.0132 | Val 0.0153 | Test 0.5658
EarlyStopping counter: 3 out of 10
  Ep 43: Train 0.0129 | Val 0.0142 | Test 0.5043
Validation loss decreased (0.014168 --> 0.014168).  Saving model ...
  Ep 44: Train 0.0128 | Val 0.0133 | Test 0.5885
Validation loss decreased (0.013342 --> 0.013342).  Saving model ...
  Ep 45: Train 0.0124 | Val 0.0135 | Test 0.5564
EarlyStopping counter: 1 out of 10
  Ep 46: Train 0.0121 | Val 0.0133 | Test 0.5454
EarlyStopping counter: 2 out of 10
  Ep 47: Train 0.0119 | Val 0.0132 | Test 0.5614
Validation loss decreased (0.013222 --> 0.013222).  Saving model ...
  Ep 48: Train 0.0117 | Val 0.0138 | Test 0.5066
EarlyStopping counter: 1 out of 10
  Ep 49: Train 0.0113 | Val 0.0120 | Test 0.5322
Validation loss decreased (0.011987 --> 0.011987).  Saving model ...
  Ep 50: Train 0.0109 | Val 0.0120 | Test 0.5705
EarlyStopping counter: 1 out of 10
/home/sangukchoi/Stroke_SDA/sda_training.py:617: FutureWarning: You are using `torch.load` with `weights_only=False` (the current default value), which uses the default pickle module implicitly. It is possible to construct malicious pickle data which will execute arbitrary code during unpickling (See https://github.com/pytorch/pytorch/blob/main/SECURITY.md#untrusted-models for more details). In a future release, the default value for `weights_only` will be flipped to `True`. This limits the functions that could be executed during unpickling. Arbitrary objects will no longer be allowed to be loaded via this mode unless they are explicitly allowlisted by the user via `torch.serialization.add_safe_globals`. We recommend you start setting `weights_only=True` for any use case where you don't have full control of the loaded file. Please open an issue on GitHub for any issues related to this experimental feature.
  model.load_state_dict(torch.load(os.path.join(out_dir, 'best_model.pth')))
Final Test MSE (Best Model): 0.5322
  [Skipping] Found existing model for Fold 1 TL

[Fold 2 - TL] Train: ['S007_T005', 'S007_T009'], Test: S007_T006, Norm: fixed
/home/sangukchoi/.conda/envs/torch_gpu/lib/python3.10/site-packages/torch/nn/modules/rnn.py:123: UserWarning: dropout option adds dropout after all but last recurrent layer, so non-zero dropout expects num_layers greater than 1, but got dropout=0.3 and num_layers=1
  warnings.warn(
  [TL] Loading Pre-trained SO Model from: results_final_rank1/S007/Fold_2_S007_T006_SO_frac1.0/best_model.pth
/home/sangukchoi/Stroke_SDA/sda_training.py:400: FutureWarning: You are using `torch.load` with `weights_only=False` (the current default value), which uses the default pickle module implicitly. It is possible to construct malicious pickle data which will execute arbitrary code during unpickling (See https://github.com/pytorch/pytorch/blob/main/SECURITY.md#untrusted-models for more details). In a future release, the default value for `weights_only` will be flipped to `True`. This limits the functions that could be executed during unpickling. Arbitrary objects will no longer be allowed to be loaded via this mode unless they are explicitly allowlisted by the user via `torch.serialization.add_safe_globals`. We recommend you start setting `weights_only=True` for any use case where you don't have full control of the loaded file. Please open an issue on GitHub for any issues related to this experimental feature.
  checkpoint = torch.load(so_path)
  [TL] Freezing Encoder and initializing Decoder Tgt...
  Ep 1: Train 0.5848 | Val 0.4993 | Test 0.6572
Validation loss decreased (0.499347 --> 0.499347).  Saving model ...
  Ep 2: Train 0.5760 | Val 0.4817 | Test 0.6328
Validation loss decreased (0.481660 --> 0.481660).  Saving model ...
  Ep 3: Train 0.5476 | Val 0.4647 | Test 0.6093
Validation loss decreased (0.464696 --> 0.464696).  Saving model ...
  Ep 4: Train 0.5333 | Val 0.4485 | Test 0.5868
Validation loss decreased (0.448523 --> 0.448523).  Saving model ...
  Ep 5: Train 0.5138 | Val 0.4332 | Test 0.5655
Validation loss decreased (0.433205 --> 0.433205).  Saving model ...
  Ep 6: Train 0.4794 | Val 0.4187 | Test 0.5449
Validation loss decreased (0.418696 --> 0.418696).  Saving model ...
  Ep 7: Train 0.4681 | Val 0.4049 | Test 0.5252
Validation loss decreased (0.404860 --> 0.404860).  Saving model ...
  Ep 8: Train 0.4535 | Val 0.3918 | Test 0.5065
Validation loss decreased (0.391771 --> 0.391771).  Saving model ...
  Ep 9: Train 0.4453 | Val 0.3792 | Test 0.4884
Validation loss decreased (0.379204 --> 0.379204).  Saving model ...
  Ep 10: Train 0.4249 | Val 0.3673 | Test 0.4713
Validation loss decreased (0.367343 --> 0.367343).  Saving model ...
  Ep 11: Train 0.4128 | Val 0.3563 | Test 0.4553
Validation loss decreased (0.356284 --> 0.356284).  Saving model ...
  Ep 12: Train 0.3867 | Val 0.3456 | Test 0.4399
Validation loss decreased (0.345628 --> 0.345628).  Saving model ...
  Ep 13: Train 0.3854 | Val 0.3355 | Test 0.4253
Validation loss decreased (0.335481 --> 0.335481).  Saving model ...
  Ep 14: Train 0.3699 | Val 0.3259 | Test 0.4114
Validation loss decreased (0.325855 --> 0.325855).  Saving model ...
  Ep 15: Train 0.3622 | Val 0.3168 | Test 0.3983
Validation loss decreased (0.316810 --> 0.316810).  Saving model ...
  Ep 16: Train 0.3534 | Val 0.3082 | Test 0.3857
Validation loss decreased (0.308150 --> 0.308150).  Saving model ...
  Ep 17: Train 0.3312 | Val 0.2999 | Test 0.3737
Validation loss decreased (0.299922 --> 0.299922).  Saving model ...
  Ep 18: Train 0.3336 | Val 0.2922 | Test 0.3623
Validation loss decreased (0.292205 --> 0.292205).  Saving model ...
  Ep 19: Train 0.3194 | Val 0.2849 | Test 0.3516
Validation loss decreased (0.284936 --> 0.284936).  Saving model ...
  Ep 20: Train 0.3052 | Val 0.2780 | Test 0.3415
Validation loss decreased (0.278026 --> 0.278026).  Saving model ...
  Ep 21: Train 0.2961 | Val 0.2714 | Test 0.3317
Validation loss decreased (0.271441 --> 0.271441).  Saving model ...
  Ep 22: Train 0.2997 | Val 0.2653 | Test 0.3226
Validation loss decreased (0.265334 --> 0.265334).  Saving model ...
  Ep 23: Train 0.2870 | Val 0.2595 | Test 0.3138
Validation loss decreased (0.259495 --> 0.259495).  Saving model ...
  Ep 24: Train 0.2812 | Val 0.2540 | Test 0.3053
Validation loss decreased (0.253981 --> 0.253981).  Saving model ...
  Ep 25: Train 0.2694 | Val 0.2488 | Test 0.2972
Validation loss decreased (0.248796 --> 0.248796).  Saving model ...
  Ep 26: Train 0.2640 | Val 0.2439 | Test 0.2896
Validation loss decreased (0.243898 --> 0.243898).  Saving model ...
  Ep 27: Train 0.2572 | Val 0.2392 | Test 0.2822
Validation loss decreased (0.239199 --> 0.239199).  Saving model ...
  Ep 28: Train 0.2464 | Val 0.2348 | Test 0.2754
Validation loss decreased (0.234837 --> 0.234837).  Saving model ...
  Ep 29: Train 0.2440 | Val 0.2307 | Test 0.2689
Validation loss decreased (0.230661 --> 0.230661).  Saving model ...
  Ep 30: Train 0.2381 | Val 0.2267 | Test 0.2628
Validation loss decreased (0.226676 --> 0.226676).  Saving model ...
  Ep 31: Train 0.2375 | Val 0.2229 | Test 0.2568
Validation loss decreased (0.222899 --> 0.222899).  Saving model ...
  Ep 32: Train 0.2321 | Val 0.2193 | Test 0.2512
Validation loss decreased (0.219317 --> 0.219317).  Saving model ...
  Ep 33: Train 0.2324 | Val 0.2158 | Test 0.2457
Validation loss decreased (0.215843 --> 0.215843).  Saving model ...
  Ep 34: Train 0.2165 | Val 0.2126 | Test 0.2403
Validation loss decreased (0.212564 --> 0.212564).  Saving model ...
  Ep 35: Train 0.2153 | Val 0.2095 | Test 0.2353
Validation loss decreased (0.209477 --> 0.209477).  Saving model ...
  Ep 36: Train 0.2089 | Val 0.2065 | Test 0.2307
Validation loss decreased (0.206476 --> 0.206476).  Saving model ...
  Ep 37: Train 0.2059 | Val 0.2037 | Test 0.2262
Validation loss decreased (0.203681 --> 0.203681).  Saving model ...
  Ep 38: Train 0.1929 | Val 0.2010 | Test 0.2220
Validation loss decreased (0.200969 --> 0.200969).  Saving model ...
  Ep 39: Train 0.1969 | Val 0.1983 | Test 0.2179
Validation loss decreased (0.198318 --> 0.198318).  Saving model ...
  Ep 40: Train 0.1937 | Val 0.1958 | Test 0.2140
Validation loss decreased (0.195785 --> 0.195785).  Saving model ...
  Ep 41: Train 0.1898 | Val 0.1933 | Test 0.2102
Validation loss decreased (0.193322 --> 0.193322).  Saving model ...
  Ep 42: Train 0.1828 | Val 0.1909 | Test 0.2065
Validation loss decreased (0.190933 --> 0.190933).  Saving model ...
  Ep 43: Train 0.1865 | Val 0.1885 | Test 0.2031
Validation loss decreased (0.188546 --> 0.188546).  Saving model ...
  Ep 44: Train 0.1793 | Val 0.1864 | Test 0.1997
Validation loss decreased (0.186351 --> 0.186351).  Saving model ...
  Ep 45: Train 0.1830 | Val 0.1842 | Test 0.1964
Validation loss decreased (0.184176 --> 0.184176).  Saving model ...
  Ep 46: Train 0.1693 | Val 0.1820 | Test 0.1933
Validation loss decreased (0.181987 --> 0.181987).  Saving model ...
  Ep 47: Train 0.1724 | Val 0.1798 | Test 0.1904
Validation loss decreased (0.179841 --> 0.179841).  Saving model ...
  Ep 48: Train 0.1668 | Val 0.1777 | Test 0.1875
Validation loss decreased (0.177727 --> 0.177727).  Saving model ...
  Ep 49: Train 0.1695 | Val 0.1757 | Test 0.1847
Validation loss decreased (0.175662 --> 0.175662).  Saving model ...
  Ep 50: Train 0.1617 | Val 0.1737 | Test 0.1820
Validation loss decreased (0.173652 --> 0.173652).  Saving model ...
/home/sangukchoi/Stroke_SDA/sda_training.py:617: FutureWarning: You are using `torch.load` with `weights_only=False` (the current default value), which uses the default pickle module implicitly. It is possible to construct malicious pickle data which will execute arbitrary code during unpickling (See https://github.com/pytorch/pytorch/blob/main/SECURITY.md#untrusted-models for more details). In a future release, the default value for `weights_only` will be flipped to `True`. This limits the functions that could be executed during unpickling. Arbitrary objects will no longer be allowed to be loaded via this mode unless they are explicitly allowlisted by the user via `torch.serialization.add_safe_globals`. We recommend you start setting `weights_only=True` for any use case where you don't have full control of the loaded file. Please open an issue on GitHub for any issues related to this experimental feature.
  model.load_state_dict(torch.load(os.path.join(out_dir, 'best_model.pth')))
Final Test MSE (Best Model): 0.1820

[Fold 3 - TL] Train: ['S007_T005', 'S007_T006'], Test: S007_T009, Norm: fixed
/home/sangukchoi/.conda/envs/torch_gpu/lib/python3.10/site-packages/torch/nn/modules/rnn.py:123: UserWarning: dropout option adds dropout after all but last recurrent layer, so non-zero dropout expects num_layers greater than 1, but got dropout=0.3 and num_layers=1
  warnings.warn(
  [TL] Loading Pre-trained SO Model from: results_final_rank1/S007/Fold_3_S007_T009_SO_frac1.0/best_model.pth
/home/sangukchoi/Stroke_SDA/sda_training.py:400: FutureWarning: You are using `torch.load` with `weights_only=False` (the current default value), which uses the default pickle module implicitly. It is possible to construct malicious pickle data which will execute arbitrary code during unpickling (See https://github.com/pytorch/pytorch/blob/main/SECURITY.md#untrusted-models for more details). In a future release, the default value for `weights_only` will be flipped to `True`. This limits the functions that could be executed during unpickling. Arbitrary objects will no longer be allowed to be loaded via this mode unless they are explicitly allowlisted by the user via `torch.serialization.add_safe_globals`. We recommend you start setting `weights_only=True` for any use case where you don't have full control of the loaded file. Please open an issue on GitHub for any issues related to this experimental feature.
  checkpoint = torch.load(so_path)
  [TL] Freezing Encoder and initializing Decoder Tgt...
  Ep 1: Train 0.5575 | Val 0.6612 | Test 0.5145
Validation loss decreased (0.661250 --> 0.661250).  Saving model ...
  Ep 2: Train 0.5183 | Val 0.6420 | Test 0.4975
Validation loss decreased (0.642008 --> 0.642008).  Saving model ...
  Ep 3: Train 0.5193 | Val 0.6233 | Test 0.4811
Validation loss decreased (0.623349 --> 0.623349).  Saving model ...
  Ep 4: Train 0.4909 | Val 0.6054 | Test 0.4655
Validation loss decreased (0.605383 --> 0.605383).  Saving model ...
  Ep 5: Train 0.4450 | Val 0.5884 | Test 0.4507
Validation loss decreased (0.588441 --> 0.588441).  Saving model ...
  Ep 6: Train 0.4604 | Val 0.5720 | Test 0.4365
Validation loss decreased (0.571969 --> 0.571969).  Saving model ...
  Ep 7: Train 0.4438 | Val 0.5560 | Test 0.4229
Validation loss decreased (0.556040 --> 0.556040).  Saving model ...
  Ep 8: Train 0.4152 | Val 0.5408 | Test 0.4099
Validation loss decreased (0.540848 --> 0.540848).  Saving model ...
  Ep 9: Train 0.4195 | Val 0.5261 | Test 0.3974
Validation loss decreased (0.526057 --> 0.526057).  Saving model ...
  Ep 10: Train 0.4117 | Val 0.5121 | Test 0.3856
Validation loss decreased (0.512092 --> 0.512092).  Saving model ...
  Ep 11: Train 0.4022 | Val 0.4986 | Test 0.3741
Validation loss decreased (0.498565 --> 0.498565).  Saving model ...
  Ep 12: Train 0.3819 | Val 0.4857 | Test 0.3633
Validation loss decreased (0.485670 --> 0.485670).  Saving model ...
  Ep 13: Train 0.3685 | Val 0.4731 | Test 0.3528
Validation loss decreased (0.473105 --> 0.473105).  Saving model ...
  Ep 14: Train 0.3686 | Val 0.4612 | Test 0.3428
Validation loss decreased (0.461189 --> 0.461189).  Saving model ...
  Ep 15: Train 0.3538 | Val 0.4497 | Test 0.3332
Validation loss decreased (0.449686 --> 0.449686).  Saving model ...
  Ep 16: Train 0.3511 | Val 0.4387 | Test 0.3240
Validation loss decreased (0.438671 --> 0.438671).  Saving model ...
  Ep 17: Train 0.3320 | Val 0.4279 | Test 0.3151
Validation loss decreased (0.427942 --> 0.427942).  Saving model ...
  Ep 18: Train 0.3224 | Val 0.4176 | Test 0.3066
Validation loss decreased (0.417565 --> 0.417565).  Saving model ...
  Ep 19: Train 0.3181 | Val 0.4075 | Test 0.2986
Validation loss decreased (0.407535 --> 0.407535).  Saving model ...
  Ep 20: Train 0.2871 | Val 0.3980 | Test 0.2908
Validation loss decreased (0.397972 --> 0.397972).  Saving model ...
  Ep 21: Train 0.2855 | Val 0.3890 | Test 0.2836
Validation loss decreased (0.389029 --> 0.389029).  Saving model ...
  Ep 22: Train 0.2771 | Val 0.3805 | Test 0.2768
Validation loss decreased (0.380477 --> 0.380477).  Saving model ...
  Ep 23: Train 0.2805 | Val 0.3720 | Test 0.2702
Validation loss decreased (0.372031 --> 0.372031).  Saving model ...
  Ep 24: Train 0.2745 | Val 0.3637 | Test 0.2637
Validation loss decreased (0.363706 --> 0.363706).  Saving model ...
  Ep 25: Train 0.2608 | Val 0.3558 | Test 0.2576
Validation loss decreased (0.355845 --> 0.355845).  Saving model ...
  Ep 26: Train 0.2622 | Val 0.3482 | Test 0.2517
Validation loss decreased (0.348195 --> 0.348195).  Saving model ...
  Ep 27: Train 0.2516 | Val 0.3408 | Test 0.2461
Validation loss decreased (0.340814 --> 0.340814).  Saving model ...
  Ep 28: Train 0.2494 | Val 0.3338 | Test 0.2407
Validation loss decreased (0.333794 --> 0.333794).  Saving model ...
  Ep 29: Train 0.2483 | Val 0.3268 | Test 0.2353
Validation loss decreased (0.326760 --> 0.326760).  Saving model ...
  Ep 30: Train 0.2260 | Val 0.3201 | Test 0.2303
Validation loss decreased (0.320122 --> 0.320122).  Saving model ...
  Ep 31: Train 0.2286 | Val 0.3137 | Test 0.2254
Validation loss decreased (0.313670 --> 0.313670).  Saving model ...
  Ep 32: Train 0.2261 | Val 0.3075 | Test 0.2207
Validation loss decreased (0.307453 --> 0.307453).  Saving model ...
  Ep 33: Train 0.2214 | Val 0.3014 | Test 0.2161
Validation loss decreased (0.301353 --> 0.301353).  Saving model ...
  Ep 34: Train 0.2236 | Val 0.2954 | Test 0.2116
Validation loss decreased (0.295384 --> 0.295384).  Saving model ...
  Ep 35: Train 0.2084 | Val 0.2896 | Test 0.2074
Validation loss decreased (0.289610 --> 0.289610).  Saving model ...
  Ep 36: Train 0.2077 | Val 0.2840 | Test 0.2033
Validation loss decreased (0.283974 --> 0.283974).  Saving model ...
  Ep 37: Train 0.2008 | Val 0.2785 | Test 0.1994
Validation loss decreased (0.278534 --> 0.278534).  Saving model ...
  Ep 38: Train 0.2026 | Val 0.2732 | Test 0.1955
Validation loss decreased (0.273151 --> 0.273151).  Saving model ...
  Ep 39: Train 0.1920 | Val 0.2679 | Test 0.1918
Validation loss decreased (0.267882 --> 0.267882).  Saving model ...
  Ep 40: Train 0.1865 | Val 0.2629 | Test 0.1883
Validation loss decreased (0.262880 --> 0.262880).  Saving model ...
  Ep 41: Train 0.1796 | Val 0.2582 | Test 0.1850
Validation loss decreased (0.258182 --> 0.258182).  Saving model ...
  Ep 42: Train 0.1815 | Val 0.2536 | Test 0.1818
Validation loss decreased (0.253579 --> 0.253579).  Saving model ...
  Ep 43: Train 0.1796 | Val 0.2489 | Test 0.1786
Validation loss decreased (0.248925 --> 0.248925).  Saving model ...
  Ep 44: Train 0.1755 | Val 0.2445 | Test 0.1756
Validation loss decreased (0.244496 --> 0.244496).  Saving model ...
  Ep 45: Train 0.1717 | Val 0.2402 | Test 0.1727
Validation loss decreased (0.240214 --> 0.240214).  Saving model ...
  Ep 46: Train 0.1693 | Val 0.2361 | Test 0.1700
Validation loss decreased (0.236100 --> 0.236100).  Saving model ...
  Ep 47: Train 0.1664 | Val 0.2320 | Test 0.1674
Validation loss decreased (0.232049 --> 0.232049).  Saving model ...
  Ep 48: Train 0.1622 | Val 0.2283 | Test 0.1650
Validation loss decreased (0.228319 --> 0.228319).  Saving model ...
  Ep 49: Train 0.1601 | Val 0.2246 | Test 0.1626
Validation loss decreased (0.224632 --> 0.224632).  Saving model ...
  Ep 50: Train 0.1614 | Val 0.2212 | Test 0.1605
Validation loss decreased (0.221226 --> 0.221226).  Saving model ...
/home/sangukchoi/Stroke_SDA/sda_training.py:617: FutureWarning: You are using `torch.load` with `weights_only=False` (the current default value), which uses the default pickle module implicitly. It is possible to construct malicious pickle data which will execute arbitrary code during unpickling (See https://github.com/pytorch/pytorch/blob/main/SECURITY.md#untrusted-models for more details). In a future release, the default value for `weights_only` will be flipped to `True`. This limits the functions that could be executed during unpickling. Arbitrary objects will no longer be allowed to be loaded via this mode unless they are explicitly allowlisted by the user via `torch.serialization.add_safe_globals`. We recommend you start setting `weights_only=True` for any use case where you don't have full control of the loaded file. Please open an issue on GitHub for any issues related to this experimental feature.
  model.load_state_dict(torch.load(os.path.join(out_dir, 'best_model.pth')))
Final Test MSE (Best Model): 0.1605
[S007] Finished successfully.
