
[Run Start] Subject S008 | Mode ['SDA', 'TO', 'SO', 'TL'] | Params: Custom
  [Skipping] Found existing model for Fold 1 SDA

[Fold 2 - SDA] Train: ['S008_T001', 'S008_T006'], Test: S008_T004, Norm: fixed
/home/sangukchoi/.conda/envs/torch_gpu/lib/python3.10/site-packages/torch/nn/modules/rnn.py:123: UserWarning: dropout option adds dropout after all but last recurrent layer, so non-zero dropout expects num_layers greater than 1, but got dropout=0.3 and num_layers=1
  warnings.warn(
  Ep 1: Train 0.4605 | Val 0.2880 | Test 0.0629
Validation loss decreased (0.287995 --> 0.287995).  Saving model ...
  Ep 2: Train 0.2491 | Val 0.2637 | Test 0.0369
Validation loss decreased (0.263702 --> 0.263702).  Saving model ...
  Ep 3: Train 0.2140 | Val 0.2749 | Test 0.0361
EarlyStopping counter: 1 out of 10
  Ep 4: Train 0.2041 | Val 0.2143 | Test 0.0289
Validation loss decreased (0.214264 --> 0.214264).  Saving model ...
  Ep 5: Train 0.2040 | Val 0.2471 | Test 0.0315
EarlyStopping counter: 1 out of 10
  Ep 6: Train 0.1991 | Val 0.2155 | Test 0.0269
EarlyStopping counter: 2 out of 10
  Ep 7: Train 0.1957 | Val 0.2262 | Test 0.0263
EarlyStopping counter: 3 out of 10
  Ep 8: Train 0.1940 | Val 0.2347 | Test 0.0291
EarlyStopping counter: 4 out of 10
  Ep 9: Train 0.1922 | Val 0.2103 | Test 0.0235
Validation loss decreased (0.210316 --> 0.210316).  Saving model ...
  Ep 10: Train 0.1880 | Val 0.2381 | Test 0.0243
EarlyStopping counter: 1 out of 10
  Ep 11: Train 0.1874 | Val 0.2145 | Test 0.0276
EarlyStopping counter: 2 out of 10
  Ep 12: Train 0.1840 | Val 0.2115 | Test 0.0246
EarlyStopping counter: 3 out of 10
  Ep 13: Train 0.1813 | Val 0.1967 | Test 0.0287
Validation loss decreased (0.196715 --> 0.196715).  Saving model ...
  Ep 14: Train 0.1811 | Val 0.2015 | Test 0.0266
EarlyStopping counter: 1 out of 10
  Ep 15: Train 0.1763 | Val 0.1838 | Test 0.0246
Validation loss decreased (0.183816 --> 0.183816).  Saving model ...
  Ep 16: Train 0.1739 | Val 0.2416 | Test 0.0320
EarlyStopping counter: 1 out of 10
  Ep 17: Train 0.1719 | Val 0.1624 | Test 0.0290
Validation loss decreased (0.162432 --> 0.162432).  Saving model ...
  Ep 18: Train 0.1681 | Val 0.2120 | Test 0.0354
EarlyStopping counter: 1 out of 10
  Ep 19: Train 0.1697 | Val 0.2050 | Test 0.0300
EarlyStopping counter: 2 out of 10
  Ep 20: Train 0.1669 | Val 0.1930 | Test 0.0259
EarlyStopping counter: 3 out of 10
  Ep 21: Train 0.1649 | Val 0.1815 | Test 0.0321
EarlyStopping counter: 4 out of 10
  Ep 22: Train 0.1628 | Val 0.1809 | Test 0.0245
EarlyStopping counter: 5 out of 10
  Ep 23: Train 0.1627 | Val 0.1855 | Test 0.0272
EarlyStopping counter: 6 out of 10
  Ep 24: Train 0.1580 | Val 0.1815 | Test 0.0252
EarlyStopping counter: 7 out of 10
  Ep 25: Train 0.1575 | Val 0.1805 | Test 0.0312
EarlyStopping counter: 8 out of 10
  Ep 26: Train 0.1577 | Val 0.1851 | Test 0.0277
EarlyStopping counter: 9 out of 10
  Ep 27: Train 0.1571 | Val 0.1958 | Test 0.0345
EarlyStopping counter: 10 out of 10
Early stopping triggered!
/home/sangukchoi/Stroke_SDA/sda_training.py:617: FutureWarning: You are using `torch.load` with `weights_only=False` (the current default value), which uses the default pickle module implicitly. It is possible to construct malicious pickle data which will execute arbitrary code during unpickling (See https://github.com/pytorch/pytorch/blob/main/SECURITY.md#untrusted-models for more details). In a future release, the default value for `weights_only` will be flipped to `True`. This limits the functions that could be executed during unpickling. Arbitrary objects will no longer be allowed to be loaded via this mode unless they are explicitly allowlisted by the user via `torch.serialization.add_safe_globals`. We recommend you start setting `weights_only=True` for any use case where you don't have full control of the loaded file. Please open an issue on GitHub for any issues related to this experimental feature.
  model.load_state_dict(torch.load(os.path.join(out_dir, 'best_model.pth')))
Final Test MSE (Best Model): 0.0290

[Fold 3 - SDA] Train: ['S008_T001', 'S008_T004'], Test: S008_T006, Norm: fixed
/home/sangukchoi/.conda/envs/torch_gpu/lib/python3.10/site-packages/torch/nn/modules/rnn.py:123: UserWarning: dropout option adds dropout after all but last recurrent layer, so non-zero dropout expects num_layers greater than 1, but got dropout=0.3 and num_layers=1
  warnings.warn(
  Ep 1: Train 0.4085 | Val 0.4737 | Test 0.1446
Validation loss decreased (0.473680 --> 0.473680).  Saving model ...
  Ep 2: Train 0.2212 | Val 0.2985 | Test 0.1258
Validation loss decreased (0.298475 --> 0.298475).  Saving model ...
  Ep 3: Train 0.1954 | Val 0.2581 | Test 0.1121
Validation loss decreased (0.258068 --> 0.258068).  Saving model ...
  Ep 4: Train 0.1900 | Val 0.2715 | Test 0.1142
EarlyStopping counter: 1 out of 10
  Ep 5: Train 0.1869 | Val 0.2620 | Test 0.1200
EarlyStopping counter: 2 out of 10
  Ep 6: Train 0.1834 | Val 0.3211 | Test 0.1310
EarlyStopping counter: 3 out of 10
  Ep 7: Train 0.1788 | Val 0.2585 | Test 0.1065
EarlyStopping counter: 4 out of 10
  Ep 8: Train 0.1791 | Val 0.2645 | Test 0.1188
EarlyStopping counter: 5 out of 10
  Ep 9: Train 0.1762 | Val 0.2529 | Test 0.1078
Validation loss decreased (0.252913 --> 0.252913).  Saving model ...
  Ep 10: Train 0.1765 | Val 0.2781 | Test 0.1138
EarlyStopping counter: 1 out of 10
  Ep 11: Train 0.1692 | Val 0.2434 | Test 0.1059
Validation loss decreased (0.243432 --> 0.243432).  Saving model ...
  Ep 12: Train 0.1713 | Val 0.2478 | Test 0.1068
EarlyStopping counter: 1 out of 10
  Ep 13: Train 0.1658 | Val 0.2520 | Test 0.1109
EarlyStopping counter: 2 out of 10
  Ep 14: Train 0.1660 | Val 0.2607 | Test 0.1181
EarlyStopping counter: 3 out of 10
  Ep 15: Train 0.1636 | Val 0.2532 | Test 0.1149
EarlyStopping counter: 4 out of 10
  Ep 16: Train 0.1619 | Val 0.2513 | Test 0.1107
EarlyStopping counter: 5 out of 10
  Ep 17: Train 0.1573 | Val 0.2392 | Test 0.1052
Validation loss decreased (0.239190 --> 0.239190).  Saving model ...
  Ep 18: Train 0.1573 | Val 0.2900 | Test 0.1038
EarlyStopping counter: 1 out of 10
  Ep 19: Train 0.1534 | Val 0.2510 | Test 0.1074
EarlyStopping counter: 2 out of 10
  Ep 20: Train 0.1562 | Val 0.2499 | Test 0.1035
EarlyStopping counter: 3 out of 10
  Ep 21: Train 0.1500 | Val 0.2462 | Test 0.1037
EarlyStopping counter: 4 out of 10
  Ep 22: Train 0.1520 | Val 0.2653 | Test 0.1096
EarlyStopping counter: 5 out of 10
  Ep 23: Train 0.1464 | Val 0.2393 | Test 0.1027
EarlyStopping counter: 6 out of 10
  Ep 24: Train 0.1513 | Val 0.2684 | Test 0.0993
EarlyStopping counter: 7 out of 10
  Ep 25: Train 0.1526 | Val 0.2557 | Test 0.0996
EarlyStopping counter: 8 out of 10
  Ep 26: Train 0.1462 | Val 0.2394 | Test 0.1048
EarlyStopping counter: 9 out of 10
  Ep 27: Train 0.1500 | Val 0.2389 | Test 0.0998
Validation loss decreased (0.238925 --> 0.238925).  Saving model ...
  Ep 28: Train 0.1485 | Val 0.2511 | Test 0.0995
EarlyStopping counter: 1 out of 10
  Ep 29: Train 0.1488 | Val 0.2629 | Test 0.1179
EarlyStopping counter: 2 out of 10
  Ep 30: Train 0.1458 | Val 0.2469 | Test 0.1029
EarlyStopping counter: 3 out of 10
  Ep 31: Train 0.1394 | Val 0.2596 | Test 0.1095
EarlyStopping counter: 4 out of 10
  Ep 32: Train 0.1430 | Val 0.2430 | Test 0.1043
EarlyStopping counter: 5 out of 10
  Ep 33: Train 0.1436 | Val 0.2625 | Test 0.1127
EarlyStopping counter: 6 out of 10
  Ep 34: Train 0.1440 | Val 0.2615 | Test 0.1139
EarlyStopping counter: 7 out of 10
  Ep 35: Train 0.1422 | Val 0.2481 | Test 0.1001
EarlyStopping counter: 8 out of 10
  Ep 36: Train 0.1401 | Val 0.2312 | Test 0.0974
Validation loss decreased (0.231214 --> 0.231214).  Saving model ...
  Ep 37: Train 0.1430 | Val 0.2535 | Test 0.1024
EarlyStopping counter: 1 out of 10
  Ep 38: Train 0.1418 | Val 0.2560 | Test 0.1133
EarlyStopping counter: 2 out of 10
  Ep 39: Train 0.1405 | Val 0.2329 | Test 0.1121
EarlyStopping counter: 3 out of 10
  Ep 40: Train 0.1419 | Val 0.2572 | Test 0.1094
EarlyStopping counter: 4 out of 10
  Ep 41: Train 0.1381 | Val 0.2302 | Test 0.1157
Validation loss decreased (0.230215 --> 0.230215).  Saving model ...
  Ep 42: Train 0.1392 | Val 0.2442 | Test 0.1058
EarlyStopping counter: 1 out of 10
  Ep 43: Train 0.1380 | Val 0.2526 | Test 0.1199
EarlyStopping counter: 2 out of 10
  Ep 44: Train 0.1374 | Val 0.2323 | Test 0.1020
EarlyStopping counter: 3 out of 10
  Ep 45: Train 0.1334 | Val 0.2335 | Test 0.1096
EarlyStopping counter: 4 out of 10
  Ep 46: Train 0.1379 | Val 0.2257 | Test 0.1098
Validation loss decreased (0.225735 --> 0.225735).  Saving model ...
  Ep 47: Train 0.1382 | Val 0.2343 | Test 0.1024
EarlyStopping counter: 1 out of 10
  Ep 48: Train 0.1337 | Val 0.2248 | Test 0.1045
Validation loss decreased (0.224788 --> 0.224788).  Saving model ...
  Ep 49: Train 0.1368 | Val 0.2397 | Test 0.1086
EarlyStopping counter: 1 out of 10
  Ep 50: Train 0.1368 | Val 0.2164 | Test 0.1107
Validation loss decreased (0.216433 --> 0.216433).  Saving model ...
/home/sangukchoi/Stroke_SDA/sda_training.py:617: FutureWarning: You are using `torch.load` with `weights_only=False` (the current default value), which uses the default pickle module implicitly. It is possible to construct malicious pickle data which will execute arbitrary code during unpickling (See https://github.com/pytorch/pytorch/blob/main/SECURITY.md#untrusted-models for more details). In a future release, the default value for `weights_only` will be flipped to `True`. This limits the functions that could be executed during unpickling. Arbitrary objects will no longer be allowed to be loaded via this mode unless they are explicitly allowlisted by the user via `torch.serialization.add_safe_globals`. We recommend you start setting `weights_only=True` for any use case where you don't have full control of the loaded file. Please open an issue on GitHub for any issues related to this experimental feature.
  model.load_state_dict(torch.load(os.path.join(out_dir, 'best_model.pth')))
Final Test MSE (Best Model): 0.1107

[Fold 1 - TO] Train: ['S008_T004', 'S008_T006'], Test: S008_T001, Norm: independent
/home/sangukchoi/.conda/envs/torch_gpu/lib/python3.10/site-packages/torch/nn/modules/rnn.py:123: UserWarning: dropout option adds dropout after all but last recurrent layer, so non-zero dropout expects num_layers greater than 1, but got dropout=0.3 and num_layers=1
  warnings.warn(
  Ep 1: Train 0.5482 | Val 0.4964 | Test 0.5069
Validation loss decreased (0.496431 --> 0.496431).  Saving model ...
  Ep 2: Train 0.4822 | Val 0.4366 | Test 0.4425
Validation loss decreased (0.436595 --> 0.436595).  Saving model ...
  Ep 3: Train 0.4261 | Val 0.3842 | Test 0.3868
Validation loss decreased (0.384243 --> 0.384243).  Saving model ...
  Ep 4: Train 0.3820 | Val 0.3380 | Test 0.3375
Validation loss decreased (0.338027 --> 0.338027).  Saving model ...
  Ep 5: Train 0.3279 | Val 0.2974 | Test 0.2939
Validation loss decreased (0.297443 --> 0.297443).  Saving model ...
  Ep 6: Train 0.2902 | Val 0.2608 | Test 0.2554
Validation loss decreased (0.260842 --> 0.260842).  Saving model ...
  Ep 7: Train 0.2570 | Val 0.2272 | Test 0.2206
Validation loss decreased (0.227202 --> 0.227202).  Saving model ...
  Ep 8: Train 0.2276 | Val 0.1970 | Test 0.1898
Validation loss decreased (0.197001 --> 0.197001).  Saving model ...
  Ep 9: Train 0.1931 | Val 0.1702 | Test 0.1639
Validation loss decreased (0.170187 --> 0.170187).  Saving model ...
  Ep 10: Train 0.1697 | Val 0.1469 | Test 0.1416
Validation loss decreased (0.146900 --> 0.146900).  Saving model ...
  Ep 11: Train 0.1504 | Val 0.1269 | Test 0.1233
Validation loss decreased (0.126897 --> 0.126897).  Saving model ...
  Ep 12: Train 0.1251 | Val 0.1101 | Test 0.1084
Validation loss decreased (0.110061 --> 0.110061).  Saving model ...
  Ep 13: Train 0.1114 | Val 0.0960 | Test 0.0962
Validation loss decreased (0.096010 --> 0.096010).  Saving model ...
  Ep 14: Train 0.0968 | Val 0.0842 | Test 0.0860
Validation loss decreased (0.084235 --> 0.084235).  Saving model ...
  Ep 15: Train 0.0841 | Val 0.0748 | Test 0.0780
Validation loss decreased (0.074826 --> 0.074826).  Saving model ...
  Ep 16: Train 0.0757 | Val 0.0673 | Test 0.0719
Validation loss decreased (0.067332 --> 0.067332).  Saving model ...
  Ep 17: Train 0.0686 | Val 0.0618 | Test 0.0667
Validation loss decreased (0.061818 --> 0.061818).  Saving model ...
  Ep 18: Train 0.0605 | Val 0.0580 | Test 0.0623
Validation loss decreased (0.057953 --> 0.057953).  Saving model ...
  Ep 19: Train 0.0543 | Val 0.0552 | Test 0.0586
Validation loss decreased (0.055189 --> 0.055189).  Saving model ...
  Ep 20: Train 0.0553 | Val 0.0532 | Test 0.0559
Validation loss decreased (0.053188 --> 0.053188).  Saving model ...
  Ep 21: Train 0.0517 | Val 0.0516 | Test 0.0544
Validation loss decreased (0.051594 --> 0.051594).  Saving model ...
  Ep 22: Train 0.0486 | Val 0.0502 | Test 0.0541
Validation loss decreased (0.050205 --> 0.050205).  Saving model ...
  Ep 23: Train 0.0481 | Val 0.0492 | Test 0.0539
Validation loss decreased (0.049156 --> 0.049156).  Saving model ...
  Ep 24: Train 0.0478 | Val 0.0483 | Test 0.0535
Validation loss decreased (0.048261 --> 0.048261).  Saving model ...
  Ep 25: Train 0.0482 | Val 0.0475 | Test 0.0531
Validation loss decreased (0.047539 --> 0.047539).  Saving model ...
  Ep 26: Train 0.0439 | Val 0.0469 | Test 0.0531
Validation loss decreased (0.046897 --> 0.046897).  Saving model ...
  Ep 27: Train 0.0450 | Val 0.0461 | Test 0.0528
Validation loss decreased (0.046138 --> 0.046138).  Saving model ...
  Ep 28: Train 0.0423 | Val 0.0455 | Test 0.0526
Validation loss decreased (0.045547 --> 0.045547).  Saving model ...
  Ep 29: Train 0.0418 | Val 0.0451 | Test 0.0520
Validation loss decreased (0.045105 --> 0.045105).  Saving model ...
  Ep 30: Train 0.0398 | Val 0.0450 | Test 0.0513
EarlyStopping counter: 1 out of 10
  Ep 31: Train 0.0419 | Val 0.0448 | Test 0.0506
Validation loss decreased (0.044778 --> 0.044778).  Saving model ...
  Ep 32: Train 0.0388 | Val 0.0444 | Test 0.0497
Validation loss decreased (0.044384 --> 0.044384).  Saving model ...
  Ep 33: Train 0.0387 | Val 0.0440 | Test 0.0493
Validation loss decreased (0.043969 --> 0.043969).  Saving model ...
  Ep 34: Train 0.0396 | Val 0.0436 | Test 0.0491
Validation loss decreased (0.043584 --> 0.043584).  Saving model ...
  Ep 35: Train 0.0362 | Val 0.0436 | Test 0.0485
EarlyStopping counter: 1 out of 10
  Ep 36: Train 0.0401 | Val 0.0433 | Test 0.0492
Validation loss decreased (0.043267 --> 0.043267).  Saving model ...
  Ep 37: Train 0.0341 | Val 0.0430 | Test 0.0501
Validation loss decreased (0.043015 --> 0.043015).  Saving model ...
  Ep 38: Train 0.0374 | Val 0.0429 | Test 0.0514
Validation loss decreased (0.042874 --> 0.042874).  Saving model ...
  Ep 39: Train 0.0360 | Val 0.0425 | Test 0.0513
Validation loss decreased (0.042516 --> 0.042516).  Saving model ...
  Ep 40: Train 0.0355 | Val 0.0422 | Test 0.0510
Validation loss decreased (0.042180 --> 0.042180).  Saving model ...
  Ep 41: Train 0.0359 | Val 0.0419 | Test 0.0503
Validation loss decreased (0.041853 --> 0.041853).  Saving model ...
  Ep 42: Train 0.0353 | Val 0.0417 | Test 0.0493
Validation loss decreased (0.041664 --> 0.041664).  Saving model ...
  Ep 43: Train 0.0341 | Val 0.0414 | Test 0.0487
Validation loss decreased (0.041434 --> 0.041434).  Saving model ...
  Ep 44: Train 0.0354 | Val 0.0412 | Test 0.0484
Validation loss decreased (0.041160 --> 0.041160).  Saving model ...
  Ep 45: Train 0.0340 | Val 0.0411 | Test 0.0485
EarlyStopping counter: 1 out of 10
  Ep 46: Train 0.0334 | Val 0.0412 | Test 0.0493
EarlyStopping counter: 2 out of 10
  Ep 47: Train 0.0336 | Val 0.0410 | Test 0.0494
Validation loss decreased (0.041046 --> 0.041046).  Saving model ...
  Ep 48: Train 0.0324 | Val 0.0409 | Test 0.0489
Validation loss decreased (0.040883 --> 0.040883).  Saving model ...
  Ep 49: Train 0.0319 | Val 0.0407 | Test 0.0486
Validation loss decreased (0.040747 --> 0.040747).  Saving model ...
  Ep 50: Train 0.0310 | Val 0.0406 | Test 0.0483
Validation loss decreased (0.040643 --> 0.040643).  Saving model ...
/home/sangukchoi/Stroke_SDA/sda_training.py:617: FutureWarning: You are using `torch.load` with `weights_only=False` (the current default value), which uses the default pickle module implicitly. It is possible to construct malicious pickle data which will execute arbitrary code during unpickling (See https://github.com/pytorch/pytorch/blob/main/SECURITY.md#untrusted-models for more details). In a future release, the default value for `weights_only` will be flipped to `True`. This limits the functions that could be executed during unpickling. Arbitrary objects will no longer be allowed to be loaded via this mode unless they are explicitly allowlisted by the user via `torch.serialization.add_safe_globals`. We recommend you start setting `weights_only=True` for any use case where you don't have full control of the loaded file. Please open an issue on GitHub for any issues related to this experimental feature.
  model.load_state_dict(torch.load(os.path.join(out_dir, 'best_model.pth')))
Final Test MSE (Best Model): 0.0483

[Fold 2 - TO] Train: ['S008_T001', 'S008_T006'], Test: S008_T004, Norm: independent
/home/sangukchoi/.conda/envs/torch_gpu/lib/python3.10/site-packages/torch/nn/modules/rnn.py:123: UserWarning: dropout option adds dropout after all but last recurrent layer, so non-zero dropout expects num_layers greater than 1, but got dropout=0.3 and num_layers=1
  warnings.warn(
  Ep 1: Train 0.5842 | Val 0.5504 | Test 0.5321
Validation loss decreased (0.550394 --> 0.550394).  Saving model ...
  Ep 2: Train 0.5292 | Val 0.4977 | Test 0.4789
Validation loss decreased (0.497734 --> 0.497734).  Saving model ...
  Ep 3: Train 0.4806 | Val 0.4512 | Test 0.4321
Validation loss decreased (0.451246 --> 0.451246).  Saving model ...
  Ep 4: Train 0.4417 | Val 0.4085 | Test 0.3901
Validation loss decreased (0.408534 --> 0.408534).  Saving model ...
  Ep 5: Train 0.3986 | Val 0.3691 | Test 0.3515
Validation loss decreased (0.369091 --> 0.369091).  Saving model ...
  Ep 6: Train 0.3566 | Val 0.3320 | Test 0.3156
Validation loss decreased (0.332012 --> 0.332012).  Saving model ...
  Ep 7: Train 0.3288 | Val 0.2979 | Test 0.2824
Validation loss decreased (0.297875 --> 0.297875).  Saving model ...
  Ep 8: Train 0.2914 | Val 0.2656 | Test 0.2508
Validation loss decreased (0.265635 --> 0.265635).  Saving model ...
  Ep 9: Train 0.2683 | Val 0.2351 | Test 0.2208
Validation loss decreased (0.235086 --> 0.235086).  Saving model ...
  Ep 10: Train 0.2369 | Val 0.2061 | Test 0.1925
Validation loss decreased (0.206101 --> 0.206101).  Saving model ...
  Ep 11: Train 0.2115 | Val 0.1786 | Test 0.1661
Validation loss decreased (0.178623 --> 0.178623).  Saving model ...
  Ep 12: Train 0.1866 | Val 0.1534 | Test 0.1417
Validation loss decreased (0.153442 --> 0.153442).  Saving model ...
  Ep 13: Train 0.1566 | Val 0.1307 | Test 0.1198
Validation loss decreased (0.130689 --> 0.130689).  Saving model ...
  Ep 14: Train 0.1365 | Val 0.1111 | Test 0.1012
Validation loss decreased (0.111069 --> 0.111069).  Saving model ...
  Ep 15: Train 0.1208 | Val 0.0944 | Test 0.0858
Validation loss decreased (0.094441 --> 0.094441).  Saving model ...
  Ep 16: Train 0.1085 | Val 0.0805 | Test 0.0740
Validation loss decreased (0.080470 --> 0.080470).  Saving model ...
  Ep 17: Train 0.0897 | Val 0.0694 | Test 0.0655
Validation loss decreased (0.069423 --> 0.069423).  Saving model ...
  Ep 18: Train 0.0801 | Val 0.0609 | Test 0.0595
Validation loss decreased (0.060882 --> 0.060882).  Saving model ...
  Ep 19: Train 0.0695 | Val 0.0547 | Test 0.0556
Validation loss decreased (0.054704 --> 0.054704).  Saving model ...
  Ep 20: Train 0.0626 | Val 0.0503 | Test 0.0526
Validation loss decreased (0.050312 --> 0.050312).  Saving model ...
  Ep 21: Train 0.0641 | Val 0.0473 | Test 0.0500
Validation loss decreased (0.047284 --> 0.047284).  Saving model ...
  Ep 22: Train 0.0552 | Val 0.0452 | Test 0.0480
Validation loss decreased (0.045191 --> 0.045191).  Saving model ...
  Ep 23: Train 0.0530 | Val 0.0437 | Test 0.0474
Validation loss decreased (0.043672 --> 0.043672).  Saving model ...
  Ep 24: Train 0.0519 | Val 0.0424 | Test 0.0472
Validation loss decreased (0.042441 --> 0.042441).  Saving model ...
  Ep 25: Train 0.0511 | Val 0.0412 | Test 0.0474
Validation loss decreased (0.041197 --> 0.041197).  Saving model ...
  Ep 26: Train 0.0483 | Val 0.0402 | Test 0.0468
Validation loss decreased (0.040154 --> 0.040154).  Saving model ...
  Ep 27: Train 0.0440 | Val 0.0391 | Test 0.0470
Validation loss decreased (0.039081 --> 0.039081).  Saving model ...
  Ep 28: Train 0.0456 | Val 0.0382 | Test 0.0460
Validation loss decreased (0.038243 --> 0.038243).  Saving model ...
  Ep 29: Train 0.0439 | Val 0.0375 | Test 0.0456
Validation loss decreased (0.037467 --> 0.037467).  Saving model ...
  Ep 30: Train 0.0436 | Val 0.0369 | Test 0.0448
Validation loss decreased (0.036863 --> 0.036863).  Saving model ...
  Ep 31: Train 0.0441 | Val 0.0364 | Test 0.0436
Validation loss decreased (0.036434 --> 0.036434).  Saving model ...
  Ep 32: Train 0.0412 | Val 0.0360 | Test 0.0429
Validation loss decreased (0.035997 --> 0.035997).  Saving model ...
  Ep 33: Train 0.0435 | Val 0.0354 | Test 0.0437
Validation loss decreased (0.035374 --> 0.035374).  Saving model ...
  Ep 34: Train 0.0400 | Val 0.0348 | Test 0.0449
Validation loss decreased (0.034792 --> 0.034792).  Saving model ...
  Ep 35: Train 0.0397 | Val 0.0343 | Test 0.0461
Validation loss decreased (0.034321 --> 0.034321).  Saving model ...
  Ep 36: Train 0.0410 | Val 0.0339 | Test 0.0451
Validation loss decreased (0.033944 --> 0.033944).  Saving model ...
  Ep 37: Train 0.0392 | Val 0.0336 | Test 0.0447
Validation loss decreased (0.033572 --> 0.033572).  Saving model ...
  Ep 38: Train 0.0375 | Val 0.0333 | Test 0.0443
Validation loss decreased (0.033304 --> 0.033304).  Saving model ...
  Ep 39: Train 0.0392 | Val 0.0331 | Test 0.0439
Validation loss decreased (0.033126 --> 0.033126).  Saving model ...
  Ep 40: Train 0.0363 | Val 0.0327 | Test 0.0440
Validation loss decreased (0.032683 --> 0.032683).  Saving model ...
  Ep 41: Train 0.0359 | Val 0.0324 | Test 0.0448
Validation loss decreased (0.032402 --> 0.032402).  Saving model ...
  Ep 42: Train 0.0342 | Val 0.0322 | Test 0.0451
Validation loss decreased (0.032221 --> 0.032221).  Saving model ...
  Ep 43: Train 0.0345 | Val 0.0320 | Test 0.0450
Validation loss decreased (0.032039 --> 0.032039).  Saving model ...
  Ep 44: Train 0.0366 | Val 0.0318 | Test 0.0452
Validation loss decreased (0.031820 --> 0.031820).  Saving model ...
  Ep 45: Train 0.0350 | Val 0.0316 | Test 0.0448
Validation loss decreased (0.031629 --> 0.031629).  Saving model ...
  Ep 46: Train 0.0335 | Val 0.0313 | Test 0.0442
Validation loss decreased (0.031337 --> 0.031337).  Saving model ...
  Ep 47: Train 0.0322 | Val 0.0310 | Test 0.0443
Validation loss decreased (0.031008 --> 0.031008).  Saving model ...
  Ep 48: Train 0.0323 | Val 0.0308 | Test 0.0446
Validation loss decreased (0.030767 --> 0.030767).  Saving model ...
  Ep 49: Train 0.0327 | Val 0.0305 | Test 0.0440
Validation loss decreased (0.030476 --> 0.030476).  Saving model ...
  Ep 50: Train 0.0325 | Val 0.0303 | Test 0.0436
Validation loss decreased (0.030281 --> 0.030281).  Saving model ...
/home/sangukchoi/Stroke_SDA/sda_training.py:617: FutureWarning: You are using `torch.load` with `weights_only=False` (the current default value), which uses the default pickle module implicitly. It is possible to construct malicious pickle data which will execute arbitrary code during unpickling (See https://github.com/pytorch/pytorch/blob/main/SECURITY.md#untrusted-models for more details). In a future release, the default value for `weights_only` will be flipped to `True`. This limits the functions that could be executed during unpickling. Arbitrary objects will no longer be allowed to be loaded via this mode unless they are explicitly allowlisted by the user via `torch.serialization.add_safe_globals`. We recommend you start setting `weights_only=True` for any use case where you don't have full control of the loaded file. Please open an issue on GitHub for any issues related to this experimental feature.
  model.load_state_dict(torch.load(os.path.join(out_dir, 'best_model.pth')))
Final Test MSE (Best Model): 0.0436

[Fold 3 - TO] Train: ['S008_T001', 'S008_T004'], Test: S008_T006, Norm: independent
/home/sangukchoi/.conda/envs/torch_gpu/lib/python3.10/site-packages/torch/nn/modules/rnn.py:123: UserWarning: dropout option adds dropout after all but last recurrent layer, so non-zero dropout expects num_layers greater than 1, but got dropout=0.3 and num_layers=1
  warnings.warn(
  Ep 1: Train 0.5091 | Val 0.4951 | Test 0.5044
Validation loss decreased (0.495102 --> 0.495102).  Saving model ...
  Ep 2: Train 0.4763 | Val 0.4615 | Test 0.4782
Validation loss decreased (0.461529 --> 0.461529).  Saving model ...
  Ep 3: Train 0.4419 | Val 0.4293 | Test 0.4530
Validation loss decreased (0.429329 --> 0.429329).  Saving model ...
  Ep 4: Train 0.4125 | Val 0.3984 | Test 0.4284
Validation loss decreased (0.398424 --> 0.398424).  Saving model ...
  Ep 5: Train 0.3888 | Val 0.3684 | Test 0.4045
Validation loss decreased (0.368373 --> 0.368373).  Saving model ...
  Ep 6: Train 0.3501 | Val 0.3393 | Test 0.3816
Validation loss decreased (0.339321 --> 0.339321).  Saving model ...
  Ep 7: Train 0.3229 | Val 0.3114 | Test 0.3595
Validation loss decreased (0.311372 --> 0.311372).  Saving model ...
  Ep 8: Train 0.3005 | Val 0.2838 | Test 0.3377
Validation loss decreased (0.283768 --> 0.283768).  Saving model ...
  Ep 9: Train 0.2722 | Val 0.2574 | Test 0.3171
Validation loss decreased (0.257382 --> 0.257382).  Saving model ...
  Ep 10: Train 0.2503 | Val 0.2323 | Test 0.2973
Validation loss decreased (0.232270 --> 0.232270).  Saving model ...
  Ep 11: Train 0.2258 | Val 0.2082 | Test 0.2782
Validation loss decreased (0.208189 --> 0.208189).  Saving model ...
  Ep 12: Train 0.2029 | Val 0.1850 | Test 0.2597
Validation loss decreased (0.184976 --> 0.184976).  Saving model ...
  Ep 13: Train 0.1785 | Val 0.1629 | Test 0.2419
Validation loss decreased (0.162910 --> 0.162910).  Saving model ...
  Ep 14: Train 0.1572 | Val 0.1423 | Test 0.2251
Validation loss decreased (0.142324 --> 0.142324).  Saving model ...
  Ep 15: Train 0.1423 | Val 0.1235 | Test 0.2099
Validation loss decreased (0.123483 --> 0.123483).  Saving model ...
  Ep 16: Train 0.1206 | Val 0.1064 | Test 0.1960
Validation loss decreased (0.106415 --> 0.106415).  Saving model ...
  Ep 17: Train 0.1066 | Val 0.0914 | Test 0.1843
Validation loss decreased (0.091388 --> 0.091388).  Saving model ...
  Ep 18: Train 0.0902 | Val 0.0785 | Test 0.1749
Validation loss decreased (0.078463 --> 0.078463).  Saving model ...
  Ep 19: Train 0.0766 | Val 0.0674 | Test 0.1672
Validation loss decreased (0.067436 --> 0.067436).  Saving model ...
  Ep 20: Train 0.0660 | Val 0.0583 | Test 0.1610
Validation loss decreased (0.058295 --> 0.058295).  Saving model ...
  Ep 21: Train 0.0560 | Val 0.0507 | Test 0.1558
Validation loss decreased (0.050744 --> 0.050744).  Saving model ...
  Ep 22: Train 0.0531 | Val 0.0446 | Test 0.1515
Validation loss decreased (0.044573 --> 0.044573).  Saving model ...
  Ep 23: Train 0.0473 | Val 0.0396 | Test 0.1479
Validation loss decreased (0.039556 --> 0.039556).  Saving model ...
  Ep 24: Train 0.0404 | Val 0.0354 | Test 0.1445
Validation loss decreased (0.035447 --> 0.035447).  Saving model ...
  Ep 25: Train 0.0332 | Val 0.0323 | Test 0.1423
Validation loss decreased (0.032321 --> 0.032321).  Saving model ...
  Ep 26: Train 0.0316 | Val 0.0299 | Test 0.1396
Validation loss decreased (0.029890 --> 0.029890).  Saving model ...
  Ep 27: Train 0.0305 | Val 0.0282 | Test 0.1375
Validation loss decreased (0.028205 --> 0.028205).  Saving model ...
  Ep 28: Train 0.0280 | Val 0.0270 | Test 0.1360
Validation loss decreased (0.027029 --> 0.027029).  Saving model ...
  Ep 29: Train 0.0281 | Val 0.0261 | Test 0.1347
Validation loss decreased (0.026080 --> 0.026080).  Saving model ...
  Ep 30: Train 0.0256 | Val 0.0252 | Test 0.1330
Validation loss decreased (0.025209 --> 0.025209).  Saving model ...
  Ep 31: Train 0.0250 | Val 0.0244 | Test 0.1316
Validation loss decreased (0.024435 --> 0.024435).  Saving model ...
  Ep 32: Train 0.0233 | Val 0.0238 | Test 0.1304
Validation loss decreased (0.023759 --> 0.023759).  Saving model ...
  Ep 33: Train 0.0251 | Val 0.0232 | Test 0.1294
Validation loss decreased (0.023241 --> 0.023241).  Saving model ...
  Ep 34: Train 0.0209 | Val 0.0228 | Test 0.1287
Validation loss decreased (0.022834 --> 0.022834).  Saving model ...
  Ep 35: Train 0.0221 | Val 0.0224 | Test 0.1278
Validation loss decreased (0.022409 --> 0.022409).  Saving model ...
  Ep 36: Train 0.0200 | Val 0.0219 | Test 0.1264
Validation loss decreased (0.021865 --> 0.021865).  Saving model ...
  Ep 37: Train 0.0200 | Val 0.0213 | Test 0.1248
Validation loss decreased (0.021283 --> 0.021283).  Saving model ...
  Ep 38: Train 0.0197 | Val 0.0208 | Test 0.1236
Validation loss decreased (0.020807 --> 0.020807).  Saving model ...
  Ep 39: Train 0.0203 | Val 0.0204 | Test 0.1232
Validation loss decreased (0.020426 --> 0.020426).  Saving model ...
  Ep 40: Train 0.0152 | Val 0.0201 | Test 0.1227
Validation loss decreased (0.020110 --> 0.020110).  Saving model ...
  Ep 41: Train 0.0179 | Val 0.0198 | Test 0.1221
Validation loss decreased (0.019824 --> 0.019824).  Saving model ...
  Ep 42: Train 0.0184 | Val 0.0195 | Test 0.1219
Validation loss decreased (0.019545 --> 0.019545).  Saving model ...
  Ep 43: Train 0.0204 | Val 0.0192 | Test 0.1210
Validation loss decreased (0.019242 --> 0.019242).  Saving model ...
  Ep 44: Train 0.0169 | Val 0.0190 | Test 0.1201
Validation loss decreased (0.018982 --> 0.018982).  Saving model ...
  Ep 45: Train 0.0165 | Val 0.0188 | Test 0.1196
Validation loss decreased (0.018815 --> 0.018815).  Saving model ...
  Ep 46: Train 0.0202 | Val 0.0188 | Test 0.1195
EarlyStopping counter: 1 out of 10
  Ep 47: Train 0.0184 | Val 0.0187 | Test 0.1190
EarlyStopping counter: 2 out of 10
  Ep 48: Train 0.0156 | Val 0.0184 | Test 0.1182
Validation loss decreased (0.018374 --> 0.018374).  Saving model ...
  Ep 49: Train 0.0161 | Val 0.0179 | Test 0.1167
Validation loss decreased (0.017916 --> 0.017916).  Saving model ...
  Ep 50: Train 0.0148 | Val 0.0176 | Test 0.1159
Validation loss decreased (0.017555 --> 0.017555).  Saving model ...
/home/sangukchoi/Stroke_SDA/sda_training.py:617: FutureWarning: You are using `torch.load` with `weights_only=False` (the current default value), which uses the default pickle module implicitly. It is possible to construct malicious pickle data which will execute arbitrary code during unpickling (See https://github.com/pytorch/pytorch/blob/main/SECURITY.md#untrusted-models for more details). In a future release, the default value for `weights_only` will be flipped to `True`. This limits the functions that could be executed during unpickling. Arbitrary objects will no longer be allowed to be loaded via this mode unless they are explicitly allowlisted by the user via `torch.serialization.add_safe_globals`. We recommend you start setting `weights_only=True` for any use case where you don't have full control of the loaded file. Please open an issue on GitHub for any issues related to this experimental feature.
  model.load_state_dict(torch.load(os.path.join(out_dir, 'best_model.pth')))
Final Test MSE (Best Model): 0.1159
  [Skipping] Found existing model for Fold 1 SO

[Fold 2 - SO] Train: ['S008_T001', 'S008_T006'], Test: S008_T004, Norm: fixed
/home/sangukchoi/.conda/envs/torch_gpu/lib/python3.10/site-packages/torch/nn/modules/rnn.py:123: UserWarning: dropout option adds dropout after all but last recurrent layer, so non-zero dropout expects num_layers greater than 1, but got dropout=0.3 and num_layers=1
  warnings.warn(
  Ep 1: Train 0.1074 | Val 0.0461 | Test 0.5079
Validation loss decreased (0.046124 --> 0.046124).  Saving model ...
  Ep 2: Train 0.0448 | Val 0.0387 | Test 0.6210
Validation loss decreased (0.038678 --> 0.038678).  Saving model ...
  Ep 3: Train 0.0400 | Val 0.0358 | Test 0.7792
Validation loss decreased (0.035829 --> 0.035829).  Saving model ...
  Ep 4: Train 0.0372 | Val 0.0347 | Test 0.6330
Validation loss decreased (0.034739 --> 0.034739).  Saving model ...
  Ep 5: Train 0.0350 | Val 0.0322 | Test 0.5693
Validation loss decreased (0.032168 --> 0.032168).  Saving model ...
  Ep 6: Train 0.0334 | Val 0.0308 | Test 0.7338
Validation loss decreased (0.030820 --> 0.030820).  Saving model ...
  Ep 7: Train 0.0322 | Val 0.0301 | Test 0.3434
Validation loss decreased (0.030052 --> 0.030052).  Saving model ...
  Ep 8: Train 0.0313 | Val 0.0288 | Test 0.4797
Validation loss decreased (0.028810 --> 0.028810).  Saving model ...
  Ep 9: Train 0.0302 | Val 0.0277 | Test 0.4978
Validation loss decreased (0.027749 --> 0.027749).  Saving model ...
  Ep 10: Train 0.0291 | Val 0.0270 | Test 0.5781
Validation loss decreased (0.027021 --> 0.027021).  Saving model ...
  Ep 11: Train 0.0280 | Val 0.0263 | Test 0.5650
Validation loss decreased (0.026326 --> 0.026326).  Saving model ...
  Ep 12: Train 0.0272 | Val 0.0261 | Test 0.5639
Validation loss decreased (0.026090 --> 0.026090).  Saving model ...
  Ep 13: Train 0.0265 | Val 0.0254 | Test 0.5143
Validation loss decreased (0.025428 --> 0.025428).  Saving model ...
  Ep 14: Train 0.0258 | Val 0.0249 | Test 0.6354
Validation loss decreased (0.024876 --> 0.024876).  Saving model ...
  Ep 15: Train 0.0248 | Val 0.0239 | Test 0.6905
Validation loss decreased (0.023936 --> 0.023936).  Saving model ...
  Ep 16: Train 0.0242 | Val 0.0229 | Test 0.6514
Validation loss decreased (0.022886 --> 0.022886).  Saving model ...
  Ep 17: Train 0.0234 | Val 0.0221 | Test 0.7134
Validation loss decreased (0.022077 --> 0.022077).  Saving model ...
  Ep 18: Train 0.0228 | Val 0.0228 | Test 0.7392
EarlyStopping counter: 1 out of 10
  Ep 19: Train 0.0222 | Val 0.0223 | Test 0.6790
EarlyStopping counter: 2 out of 10
  Ep 20: Train 0.0216 | Val 0.0210 | Test 0.7969
Validation loss decreased (0.021042 --> 0.021042).  Saving model ...
  Ep 21: Train 0.0209 | Val 0.0204 | Test 0.8010
Validation loss decreased (0.020389 --> 0.020389).  Saving model ...
  Ep 22: Train 0.0208 | Val 0.0209 | Test 0.7518
EarlyStopping counter: 1 out of 10
  Ep 23: Train 0.0203 | Val 0.0202 | Test 0.7272
Validation loss decreased (0.020245 --> 0.020245).  Saving model ...
  Ep 24: Train 0.0197 | Val 0.0200 | Test 0.6891
Validation loss decreased (0.019972 --> 0.019972).  Saving model ...
  Ep 25: Train 0.0194 | Val 0.0200 | Test 0.7551
EarlyStopping counter: 1 out of 10
  Ep 26: Train 0.0188 | Val 0.0185 | Test 0.8110
Validation loss decreased (0.018529 --> 0.018529).  Saving model ...
  Ep 27: Train 0.0183 | Val 0.0180 | Test 0.7509
Validation loss decreased (0.017957 --> 0.017957).  Saving model ...
  Ep 28: Train 0.0181 | Val 0.0184 | Test 0.7764
EarlyStopping counter: 1 out of 10
  Ep 29: Train 0.0175 | Val 0.0181 | Test 0.8075
EarlyStopping counter: 2 out of 10
  Ep 30: Train 0.0172 | Val 0.0173 | Test 0.8739
Validation loss decreased (0.017285 --> 0.017285).  Saving model ...
  Ep 31: Train 0.0166 | Val 0.0164 | Test 0.8527
Validation loss decreased (0.016437 --> 0.016437).  Saving model ...
  Ep 32: Train 0.0163 | Val 0.0169 | Test 0.8678
EarlyStopping counter: 1 out of 10
  Ep 33: Train 0.0157 | Val 0.0164 | Test 0.8481
EarlyStopping counter: 2 out of 10
  Ep 34: Train 0.0151 | Val 0.0155 | Test 0.7481
Validation loss decreased (0.015467 --> 0.015467).  Saving model ...
  Ep 35: Train 0.0149 | Val 0.0161 | Test 0.8172
EarlyStopping counter: 1 out of 10
  Ep 36: Train 0.0146 | Val 0.0152 | Test 0.9120
Validation loss decreased (0.015242 --> 0.015242).  Saving model ...
  Ep 37: Train 0.0141 | Val 0.0152 | Test 0.9447
EarlyStopping counter: 1 out of 10
  Ep 38: Train 0.0138 | Val 0.0147 | Test 0.9809
Validation loss decreased (0.014676 --> 0.014676).  Saving model ...
  Ep 39: Train 0.0136 | Val 0.0140 | Test 0.9501
Validation loss decreased (0.014030 --> 0.014030).  Saving model ...
  Ep 40: Train 0.0130 | Val 0.0145 | Test 0.8200
EarlyStopping counter: 1 out of 10
  Ep 41: Train 0.0130 | Val 0.0163 | Test 0.8205
EarlyStopping counter: 2 out of 10
  Ep 42: Train 0.0127 | Val 0.0129 | Test 0.9303
Validation loss decreased (0.012862 --> 0.012862).  Saving model ...
  Ep 43: Train 0.0122 | Val 0.0140 | Test 0.8607
EarlyStopping counter: 1 out of 10
  Ep 44: Train 0.0118 | Val 0.0131 | Test 0.9670
EarlyStopping counter: 2 out of 10
  Ep 45: Train 0.0117 | Val 0.0148 | Test 0.8287
EarlyStopping counter: 3 out of 10
  Ep 46: Train 0.0114 | Val 0.0130 | Test 0.8421
EarlyStopping counter: 4 out of 10
  Ep 47: Train 0.0114 | Val 0.0128 | Test 1.0496
EarlyStopping counter: 5 out of 10
  Ep 48: Train 0.0107 | Val 0.0129 | Test 1.0725
EarlyStopping counter: 6 out of 10
  Ep 49: Train 0.0108 | Val 0.0119 | Test 0.8182
Validation loss decreased (0.011897 --> 0.011897).  Saving model ...
  Ep 50: Train 0.0105 | Val 0.0116 | Test 0.9560
Validation loss decreased (0.011608 --> 0.011608).  Saving model ...
/home/sangukchoi/Stroke_SDA/sda_training.py:617: FutureWarning: You are using `torch.load` with `weights_only=False` (the current default value), which uses the default pickle module implicitly. It is possible to construct malicious pickle data which will execute arbitrary code during unpickling (See https://github.com/pytorch/pytorch/blob/main/SECURITY.md#untrusted-models for more details). In a future release, the default value for `weights_only` will be flipped to `True`. This limits the functions that could be executed during unpickling. Arbitrary objects will no longer be allowed to be loaded via this mode unless they are explicitly allowlisted by the user via `torch.serialization.add_safe_globals`. We recommend you start setting `weights_only=True` for any use case where you don't have full control of the loaded file. Please open an issue on GitHub for any issues related to this experimental feature.
  model.load_state_dict(torch.load(os.path.join(out_dir, 'best_model.pth')))
Final Test MSE (Best Model): 0.9560

[Fold 3 - SO] Train: ['S008_T001', 'S008_T004'], Test: S008_T006, Norm: fixed
/home/sangukchoi/.conda/envs/torch_gpu/lib/python3.10/site-packages/torch/nn/modules/rnn.py:123: UserWarning: dropout option adds dropout after all but last recurrent layer, so non-zero dropout expects num_layers greater than 1, but got dropout=0.3 and num_layers=1
  warnings.warn(
  Ep 1: Train 0.1078 | Val 0.0478 | Test 0.3381
Validation loss decreased (0.047769 --> 0.047769).  Saving model ...
  Ep 2: Train 0.0459 | Val 0.0389 | Test 0.3163
Validation loss decreased (0.038923 --> 0.038923).  Saving model ...
  Ep 3: Train 0.0398 | Val 0.0356 | Test 0.4967
Validation loss decreased (0.035550 --> 0.035550).  Saving model ...
  Ep 4: Train 0.0369 | Val 0.0341 | Test 0.5114
Validation loss decreased (0.034113 --> 0.034113).  Saving model ...
  Ep 5: Train 0.0350 | Val 0.0318 | Test 0.4964
Validation loss decreased (0.031774 --> 0.031774).  Saving model ...
  Ep 6: Train 0.0334 | Val 0.0305 | Test 0.5352
Validation loss decreased (0.030460 --> 0.030460).  Saving model ...
  Ep 7: Train 0.0322 | Val 0.0293 | Test 0.5378
Validation loss decreased (0.029322 --> 0.029322).  Saving model ...
  Ep 8: Train 0.0313 | Val 0.0292 | Test 0.5221
Validation loss decreased (0.029152 --> 0.029152).  Saving model ...
  Ep 9: Train 0.0303 | Val 0.0282 | Test 0.4420
Validation loss decreased (0.028205 --> 0.028205).  Saving model ...
  Ep 10: Train 0.0297 | Val 0.0276 | Test 0.4585
Validation loss decreased (0.027636 --> 0.027636).  Saving model ...
  Ep 11: Train 0.0286 | Val 0.0265 | Test 0.6181
Validation loss decreased (0.026482 --> 0.026482).  Saving model ...
  Ep 12: Train 0.0280 | Val 0.0257 | Test 0.6194
Validation loss decreased (0.025717 --> 0.025717).  Saving model ...
  Ep 13: Train 0.0267 | Val 0.0254 | Test 0.5151
Validation loss decreased (0.025436 --> 0.025436).  Saving model ...
  Ep 14: Train 0.0258 | Val 0.0235 | Test 0.6311
Validation loss decreased (0.023493 --> 0.023493).  Saving model ...
  Ep 15: Train 0.0249 | Val 0.0236 | Test 0.6622
EarlyStopping counter: 1 out of 10
  Ep 16: Train 0.0240 | Val 0.0229 | Test 0.6822
Validation loss decreased (0.022890 --> 0.022890).  Saving model ...
  Ep 17: Train 0.0232 | Val 0.0216 | Test 0.7209
Validation loss decreased (0.021622 --> 0.021622).  Saving model ...
  Ep 18: Train 0.0225 | Val 0.0210 | Test 0.8146
Validation loss decreased (0.020979 --> 0.020979).  Saving model ...
  Ep 19: Train 0.0214 | Val 0.0205 | Test 0.8331
Validation loss decreased (0.020485 --> 0.020485).  Saving model ...
  Ep 20: Train 0.0210 | Val 0.0194 | Test 0.8062
Validation loss decreased (0.019432 --> 0.019432).  Saving model ...
  Ep 21: Train 0.0201 | Val 0.0191 | Test 0.8284
Validation loss decreased (0.019060 --> 0.019060).  Saving model ...
  Ep 22: Train 0.0196 | Val 0.0191 | Test 0.8760
EarlyStopping counter: 1 out of 10
  Ep 23: Train 0.0188 | Val 0.0180 | Test 0.8450
Validation loss decreased (0.017965 --> 0.017965).  Saving model ...
  Ep 24: Train 0.0184 | Val 0.0184 | Test 0.8481
EarlyStopping counter: 1 out of 10
  Ep 25: Train 0.0178 | Val 0.0176 | Test 0.9431
Validation loss decreased (0.017610 --> 0.017610).  Saving model ...
  Ep 26: Train 0.0172 | Val 0.0173 | Test 0.8852
Validation loss decreased (0.017291 --> 0.017291).  Saving model ...
  Ep 27: Train 0.0167 | Val 0.0165 | Test 0.8768
Validation loss decreased (0.016528 --> 0.016528).  Saving model ...
  Ep 28: Train 0.0164 | Val 0.0170 | Test 0.8180
EarlyStopping counter: 1 out of 10
  Ep 29: Train 0.0161 | Val 0.0155 | Test 0.8554
Validation loss decreased (0.015510 --> 0.015510).  Saving model ...
  Ep 30: Train 0.0155 | Val 0.0159 | Test 0.7667
EarlyStopping counter: 1 out of 10
  Ep 31: Train 0.0151 | Val 0.0162 | Test 0.7030
EarlyStopping counter: 2 out of 10
  Ep 32: Train 0.0148 | Val 0.0149 | Test 0.8732
Validation loss decreased (0.014918 --> 0.014918).  Saving model ...
  Ep 33: Train 0.0143 | Val 0.0144 | Test 0.8791
Validation loss decreased (0.014428 --> 0.014428).  Saving model ...
  Ep 34: Train 0.0139 | Val 0.0149 | Test 0.8037
EarlyStopping counter: 1 out of 10
  Ep 35: Train 0.0135 | Val 0.0140 | Test 0.8441
Validation loss decreased (0.014036 --> 0.014036).  Saving model ...
  Ep 36: Train 0.0135 | Val 0.0144 | Test 0.8318
EarlyStopping counter: 1 out of 10
  Ep 37: Train 0.0129 | Val 0.0139 | Test 0.7975
Validation loss decreased (0.013866 --> 0.013866).  Saving model ...
  Ep 38: Train 0.0126 | Val 0.0136 | Test 0.8104
Validation loss decreased (0.013648 --> 0.013648).  Saving model ...
  Ep 39: Train 0.0120 | Val 0.0135 | Test 0.9793
Validation loss decreased (0.013529 --> 0.013529).  Saving model ...
  Ep 40: Train 0.0120 | Val 0.0151 | Test 0.7993
EarlyStopping counter: 1 out of 10
  Ep 41: Train 0.0119 | Val 0.0126 | Test 0.8171
Validation loss decreased (0.012582 --> 0.012582).  Saving model ...
  Ep 42: Train 0.0113 | Val 0.0126 | Test 0.7471
EarlyStopping counter: 1 out of 10
  Ep 43: Train 0.0108 | Val 0.0127 | Test 0.8670
EarlyStopping counter: 2 out of 10
  Ep 44: Train 0.0109 | Val 0.0118 | Test 0.8465
Validation loss decreased (0.011838 --> 0.011838).  Saving model ...
  Ep 45: Train 0.0103 | Val 0.0121 | Test 0.8058
EarlyStopping counter: 1 out of 10
  Ep 46: Train 0.0108 | Val 0.0114 | Test 0.9484
Validation loss decreased (0.011408 --> 0.011408).  Saving model ...
  Ep 47: Train 0.0099 | Val 0.0109 | Test 0.9621
Validation loss decreased (0.010919 --> 0.010919).  Saving model ...
  Ep 48: Train 0.0097 | Val 0.0117 | Test 1.0013
EarlyStopping counter: 1 out of 10
  Ep 49: Train 0.0096 | Val 0.0106 | Test 0.9559
Validation loss decreased (0.010567 --> 0.010567).  Saving model ...
  Ep 50: Train 0.0094 | Val 0.0104 | Test 1.1045
Validation loss decreased (0.010403 --> 0.010403).  Saving model ...
/home/sangukchoi/Stroke_SDA/sda_training.py:617: FutureWarning: You are using `torch.load` with `weights_only=False` (the current default value), which uses the default pickle module implicitly. It is possible to construct malicious pickle data which will execute arbitrary code during unpickling (See https://github.com/pytorch/pytorch/blob/main/SECURITY.md#untrusted-models for more details). In a future release, the default value for `weights_only` will be flipped to `True`. This limits the functions that could be executed during unpickling. Arbitrary objects will no longer be allowed to be loaded via this mode unless they are explicitly allowlisted by the user via `torch.serialization.add_safe_globals`. We recommend you start setting `weights_only=True` for any use case where you don't have full control of the loaded file. Please open an issue on GitHub for any issues related to this experimental feature.
  model.load_state_dict(torch.load(os.path.join(out_dir, 'best_model.pth')))
Final Test MSE (Best Model): 1.1045
  [Skipping] Found existing model for Fold 1 TL

[Fold 2 - TL] Train: ['S008_T001', 'S008_T006'], Test: S008_T004, Norm: fixed
/home/sangukchoi/.conda/envs/torch_gpu/lib/python3.10/site-packages/torch/nn/modules/rnn.py:123: UserWarning: dropout option adds dropout after all but last recurrent layer, so non-zero dropout expects num_layers greater than 1, but got dropout=0.3 and num_layers=1
  warnings.warn(
  [TL] Loading Pre-trained SO Model from: results_final_rank1/S008/Fold_2_S008_T004_SO_frac1.0/best_model.pth
/home/sangukchoi/Stroke_SDA/sda_training.py:400: FutureWarning: You are using `torch.load` with `weights_only=False` (the current default value), which uses the default pickle module implicitly. It is possible to construct malicious pickle data which will execute arbitrary code during unpickling (See https://github.com/pytorch/pytorch/blob/main/SECURITY.md#untrusted-models for more details). In a future release, the default value for `weights_only` will be flipped to `True`. This limits the functions that could be executed during unpickling. Arbitrary objects will no longer be allowed to be loaded via this mode unless they are explicitly allowlisted by the user via `torch.serialization.add_safe_globals`. We recommend you start setting `weights_only=True` for any use case where you don't have full control of the loaded file. Please open an issue on GitHub for any issues related to this experimental feature.
  checkpoint = torch.load(so_path)
  [TL] Freezing Encoder and initializing Decoder Tgt...
  Ep 1: Train 0.9725 | Val 0.9493 | Test 0.9227
Validation loss decreased (0.949338 --> 0.949338).  Saving model ...
  Ep 2: Train 0.9574 | Val 0.9198 | Test 0.8912
Validation loss decreased (0.919776 --> 0.919776).  Saving model ...
  Ep 3: Train 0.9173 | Val 0.8913 | Test 0.8604
Validation loss decreased (0.891299 --> 0.891299).  Saving model ...
  Ep 4: Train 0.8879 | Val 0.8637 | Test 0.8305
Validation loss decreased (0.863698 --> 0.863698).  Saving model ...
  Ep 5: Train 0.8649 | Val 0.8372 | Test 0.8015
Validation loss decreased (0.837223 --> 0.837223).  Saving model ...
  Ep 6: Train 0.8230 | Val 0.8114 | Test 0.7735
Validation loss decreased (0.811415 --> 0.811415).  Saving model ...
  Ep 7: Train 0.8081 | Val 0.7865 | Test 0.7463
Validation loss decreased (0.786503 --> 0.786503).  Saving model ...
  Ep 8: Train 0.7976 | Val 0.7624 | Test 0.7201
Validation loss decreased (0.762407 --> 0.762407).  Saving model ...
  Ep 9: Train 0.7648 | Val 0.7391 | Test 0.6949
Validation loss decreased (0.739101 --> 0.739101).  Saving model ...
  Ep 10: Train 0.7324 | Val 0.7166 | Test 0.6705
Validation loss decreased (0.716616 --> 0.716616).  Saving model ...
  Ep 11: Train 0.7343 | Val 0.6944 | Test 0.6464
Validation loss decreased (0.694426 --> 0.694426).  Saving model ...
  Ep 12: Train 0.6831 | Val 0.6732 | Test 0.6233
Validation loss decreased (0.673152 --> 0.673152).  Saving model ...
  Ep 13: Train 0.6728 | Val 0.6527 | Test 0.6013
Validation loss decreased (0.652657 --> 0.652657).  Saving model ...
  Ep 14: Train 0.6579 | Val 0.6329 | Test 0.5802
Validation loss decreased (0.632894 --> 0.632894).  Saving model ...
  Ep 15: Train 0.6368 | Val 0.6138 | Test 0.5596
Validation loss decreased (0.613799 --> 0.613799).  Saving model ...
  Ep 16: Train 0.6197 | Val 0.5951 | Test 0.5397
Validation loss decreased (0.595138 --> 0.595138).  Saving model ...
  Ep 17: Train 0.6102 | Val 0.5768 | Test 0.5203
Validation loss decreased (0.576825 --> 0.576825).  Saving model ...
  Ep 18: Train 0.5706 | Val 0.5593 | Test 0.5019
Validation loss decreased (0.559343 --> 0.559343).  Saving model ...
  Ep 19: Train 0.5626 | Val 0.5423 | Test 0.4838
Validation loss decreased (0.542336 --> 0.542336).  Saving model ...
  Ep 20: Train 0.5340 | Val 0.5261 | Test 0.4668
Validation loss decreased (0.526130 --> 0.526130).  Saving model ...
  Ep 21: Train 0.5211 | Val 0.5104 | Test 0.4502
Validation loss decreased (0.510359 --> 0.510359).  Saving model ...
  Ep 22: Train 0.4953 | Val 0.4951 | Test 0.4344
Validation loss decreased (0.495062 --> 0.495062).  Saving model ...
  Ep 23: Train 0.4959 | Val 0.4799 | Test 0.4187
Validation loss decreased (0.479902 --> 0.479902).  Saving model ...
  Ep 24: Train 0.4811 | Val 0.4651 | Test 0.4035
Validation loss decreased (0.465070 --> 0.465070).  Saving model ...
  Ep 25: Train 0.4643 | Val 0.4506 | Test 0.3883
Validation loss decreased (0.450569 --> 0.450569).  Saving model ...
  Ep 26: Train 0.4419 | Val 0.4363 | Test 0.3734
Validation loss decreased (0.436343 --> 0.436343).  Saving model ...
  Ep 27: Train 0.4389 | Val 0.4225 | Test 0.3588
Validation loss decreased (0.422465 --> 0.422465).  Saving model ...
  Ep 28: Train 0.4340 | Val 0.4091 | Test 0.3450
Validation loss decreased (0.409116 --> 0.409116).  Saving model ...
  Ep 29: Train 0.4071 | Val 0.3962 | Test 0.3319
Validation loss decreased (0.396153 --> 0.396153).  Saving model ...
  Ep 30: Train 0.4059 | Val 0.3836 | Test 0.3192
Validation loss decreased (0.383615 --> 0.383615).  Saving model ...
  Ep 31: Train 0.3862 | Val 0.3716 | Test 0.3071
Validation loss decreased (0.371577 --> 0.371577).  Saving model ...
  Ep 32: Train 0.3674 | Val 0.3598 | Test 0.2954
Validation loss decreased (0.359770 --> 0.359770).  Saving model ...
  Ep 33: Train 0.3510 | Val 0.3484 | Test 0.2841
Validation loss decreased (0.348390 --> 0.348390).  Saving model ...
  Ep 34: Train 0.3413 | Val 0.3376 | Test 0.2732
Validation loss decreased (0.337565 --> 0.337565).  Saving model ...
  Ep 35: Train 0.3324 | Val 0.3271 | Test 0.2628
Validation loss decreased (0.327127 --> 0.327127).  Saving model ...
  Ep 36: Train 0.3234 | Val 0.3171 | Test 0.2529
Validation loss decreased (0.317070 --> 0.317070).  Saving model ...
  Ep 37: Train 0.3152 | Val 0.3075 | Test 0.2433
Validation loss decreased (0.307505 --> 0.307505).  Saving model ...
  Ep 38: Train 0.3035 | Val 0.2982 | Test 0.2341
Validation loss decreased (0.298176 --> 0.298176).  Saving model ...
  Ep 39: Train 0.3035 | Val 0.2891 | Test 0.2253
Validation loss decreased (0.289113 --> 0.289113).  Saving model ...
  Ep 40: Train 0.2878 | Val 0.2803 | Test 0.2168
Validation loss decreased (0.280282 --> 0.280282).  Saving model ...
  Ep 41: Train 0.2739 | Val 0.2718 | Test 0.2086
Validation loss decreased (0.271793 --> 0.271793).  Saving model ...
  Ep 42: Train 0.2606 | Val 0.2638 | Test 0.2008
Validation loss decreased (0.263756 --> 0.263756).  Saving model ...
  Ep 43: Train 0.2632 | Val 0.2560 | Test 0.1934
Validation loss decreased (0.256006 --> 0.256006).  Saving model ...
  Ep 44: Train 0.2446 | Val 0.2485 | Test 0.1862
Validation loss decreased (0.248534 --> 0.248534).  Saving model ...
  Ep 45: Train 0.2480 | Val 0.2413 | Test 0.1794
Validation loss decreased (0.241276 --> 0.241276).  Saving model ...
  Ep 46: Train 0.2376 | Val 0.2343 | Test 0.1730
Validation loss decreased (0.234342 --> 0.234342).  Saving model ...
  Ep 47: Train 0.2253 | Val 0.2275 | Test 0.1667
Validation loss decreased (0.227546 --> 0.227546).  Saving model ...
  Ep 48: Train 0.2214 | Val 0.2210 | Test 0.1607
Validation loss decreased (0.221009 --> 0.221009).  Saving model ...
  Ep 49: Train 0.2118 | Val 0.2148 | Test 0.1551
Validation loss decreased (0.214825 --> 0.214825).  Saving model ...
  Ep 50: Train 0.2157 | Val 0.2088 | Test 0.1498
Validation loss decreased (0.208847 --> 0.208847).  Saving model ...
/home/sangukchoi/Stroke_SDA/sda_training.py:617: FutureWarning: You are using `torch.load` with `weights_only=False` (the current default value), which uses the default pickle module implicitly. It is possible to construct malicious pickle data which will execute arbitrary code during unpickling (See https://github.com/pytorch/pytorch/blob/main/SECURITY.md#untrusted-models for more details). In a future release, the default value for `weights_only` will be flipped to `True`. This limits the functions that could be executed during unpickling. Arbitrary objects will no longer be allowed to be loaded via this mode unless they are explicitly allowlisted by the user via `torch.serialization.add_safe_globals`. We recommend you start setting `weights_only=True` for any use case where you don't have full control of the loaded file. Please open an issue on GitHub for any issues related to this experimental feature.
  model.load_state_dict(torch.load(os.path.join(out_dir, 'best_model.pth')))
Final Test MSE (Best Model): 0.1498

[Fold 3 - TL] Train: ['S008_T001', 'S008_T004'], Test: S008_T006, Norm: fixed
/home/sangukchoi/.conda/envs/torch_gpu/lib/python3.10/site-packages/torch/nn/modules/rnn.py:123: UserWarning: dropout option adds dropout after all but last recurrent layer, so non-zero dropout expects num_layers greater than 1, but got dropout=0.3 and num_layers=1
  warnings.warn(
  [TL] Loading Pre-trained SO Model from: results_final_rank1/S008/Fold_3_S008_T006_SO_frac1.0/best_model.pth
/home/sangukchoi/Stroke_SDA/sda_training.py:400: FutureWarning: You are using `torch.load` with `weights_only=False` (the current default value), which uses the default pickle module implicitly. It is possible to construct malicious pickle data which will execute arbitrary code during unpickling (See https://github.com/pytorch/pytorch/blob/main/SECURITY.md#untrusted-models for more details). In a future release, the default value for `weights_only` will be flipped to `True`. This limits the functions that could be executed during unpickling. Arbitrary objects will no longer be allowed to be loaded via this mode unless they are explicitly allowlisted by the user via `torch.serialization.add_safe_globals`. We recommend you start setting `weights_only=True` for any use case where you don't have full control of the loaded file. Please open an issue on GitHub for any issues related to this experimental feature.
  checkpoint = torch.load(so_path)
  [TL] Freezing Encoder and initializing Decoder Tgt...
  Ep 1: Train 0.9424 | Val 0.8425 | Test 1.0810
Validation loss decreased (0.842450 --> 0.842450).  Saving model ...
  Ep 2: Train 0.8624 | Val 0.8200 | Test 1.0586
Validation loss decreased (0.819989 --> 0.819989).  Saving model ...
  Ep 3: Train 0.9190 | Val 0.7978 | Test 1.0361
Validation loss decreased (0.797833 --> 0.797833).  Saving model ...
  Ep 4: Train 0.9391 | Val 0.7762 | Test 1.0139
Validation loss decreased (0.776189 --> 0.776189).  Saving model ...
  Ep 5: Train 0.8324 | Val 0.7549 | Test 0.9921
Validation loss decreased (0.754924 --> 0.754924).  Saving model ...
  Ep 6: Train 0.8180 | Val 0.7342 | Test 0.9712
Validation loss decreased (0.734189 --> 0.734189).  Saving model ...
  Ep 7: Train 0.8505 | Val 0.7137 | Test 0.9505
Validation loss decreased (0.713666 --> 0.713666).  Saving model ...
  Ep 8: Train 0.8106 | Val 0.6936 | Test 0.9303
Validation loss decreased (0.693617 --> 0.693617).  Saving model ...
  Ep 9: Train 0.7646 | Val 0.6739 | Test 0.9104
Validation loss decreased (0.673853 --> 0.673853).  Saving model ...
  Ep 10: Train 0.7135 | Val 0.6547 | Test 0.8917
Validation loss decreased (0.654723 --> 0.654723).  Saving model ...
  Ep 11: Train 0.7396 | Val 0.6359 | Test 0.8731
Validation loss decreased (0.635878 --> 0.635878).  Saving model ...
  Ep 12: Train 0.6768 | Val 0.6175 | Test 0.8550
Validation loss decreased (0.617486 --> 0.617486).  Saving model ...
  Ep 13: Train 0.6377 | Val 0.5998 | Test 0.8377
Validation loss decreased (0.599785 --> 0.599785).  Saving model ...
  Ep 14: Train 0.6606 | Val 0.5825 | Test 0.8208
Validation loss decreased (0.582546 --> 0.582546).  Saving model ...
  Ep 15: Train 0.6670 | Val 0.5656 | Test 0.8041
Validation loss decreased (0.565626 --> 0.565626).  Saving model ...
  Ep 16: Train 0.6048 | Val 0.5492 | Test 0.7879
Validation loss decreased (0.549180 --> 0.549180).  Saving model ...
  Ep 17: Train 0.6153 | Val 0.5330 | Test 0.7721
Validation loss decreased (0.532958 --> 0.532958).  Saving model ...
  Ep 18: Train 0.5792 | Val 0.5171 | Test 0.7566
Validation loss decreased (0.517140 --> 0.517140).  Saving model ...
  Ep 19: Train 0.6009 | Val 0.5016 | Test 0.7415
Validation loss decreased (0.501589 --> 0.501589).  Saving model ...
  Ep 20: Train 0.5360 | Val 0.4864 | Test 0.7267
Validation loss decreased (0.486401 --> 0.486401).  Saving model ...
  Ep 21: Train 0.5210 | Val 0.4716 | Test 0.7124
Validation loss decreased (0.471610 --> 0.471610).  Saving model ...
  Ep 22: Train 0.5052 | Val 0.4572 | Test 0.6986
Validation loss decreased (0.457213 --> 0.457213).  Saving model ...
  Ep 23: Train 0.4890 | Val 0.4433 | Test 0.6852
Validation loss decreased (0.443328 --> 0.443328).  Saving model ...
  Ep 24: Train 0.4982 | Val 0.4298 | Test 0.6719
Validation loss decreased (0.429759 --> 0.429759).  Saving model ...
  Ep 25: Train 0.4693 | Val 0.4166 | Test 0.6589
Validation loss decreased (0.416611 --> 0.416611).  Saving model ...
  Ep 26: Train 0.4621 | Val 0.4038 | Test 0.6462
Validation loss decreased (0.403765 --> 0.403765).  Saving model ...
  Ep 27: Train 0.4747 | Val 0.3913 | Test 0.6335
Validation loss decreased (0.391279 --> 0.391279).  Saving model ...
  Ep 28: Train 0.4399 | Val 0.3790 | Test 0.6212
Validation loss decreased (0.378964 --> 0.378964).  Saving model ...
  Ep 29: Train 0.4037 | Val 0.3670 | Test 0.6092
Validation loss decreased (0.366988 --> 0.366988).  Saving model ...
  Ep 30: Train 0.4028 | Val 0.3555 | Test 0.5980
Validation loss decreased (0.355505 --> 0.355505).  Saving model ...
  Ep 31: Train 0.3949 | Val 0.3443 | Test 0.5870
Validation loss decreased (0.344309 --> 0.344309).  Saving model ...
  Ep 32: Train 0.3797 | Val 0.3334 | Test 0.5764
Validation loss decreased (0.333361 --> 0.333361).  Saving model ...
  Ep 33: Train 0.3723 | Val 0.3226 | Test 0.5661
Validation loss decreased (0.322620 --> 0.322620).  Saving model ...
  Ep 34: Train 0.3627 | Val 0.3122 | Test 0.5561
Validation loss decreased (0.312224 --> 0.312224).  Saving model ...
  Ep 35: Train 0.3444 | Val 0.3022 | Test 0.5463
Validation loss decreased (0.302237 --> 0.302237).  Saving model ...
  Ep 36: Train 0.3468 | Val 0.2925 | Test 0.5367
Validation loss decreased (0.292529 --> 0.292529).  Saving model ...
  Ep 37: Train 0.3412 | Val 0.2832 | Test 0.5274
Validation loss decreased (0.283170 --> 0.283170).  Saving model ...
  Ep 38: Train 0.3256 | Val 0.2740 | Test 0.5182
Validation loss decreased (0.274033 --> 0.274033).  Saving model ...
  Ep 39: Train 0.3143 | Val 0.2652 | Test 0.5095
Validation loss decreased (0.265224 --> 0.265224).  Saving model ...
  Ep 40: Train 0.2912 | Val 0.2567 | Test 0.5010
Validation loss decreased (0.256708 --> 0.256708).  Saving model ...
  Ep 41: Train 0.2985 | Val 0.2484 | Test 0.4926
Validation loss decreased (0.248375 --> 0.248375).  Saving model ...
  Ep 42: Train 0.2998 | Val 0.2403 | Test 0.4844
Validation loss decreased (0.240310 --> 0.240310).  Saving model ...
  Ep 43: Train 0.2662 | Val 0.2326 | Test 0.4765
Validation loss decreased (0.232574 --> 0.232574).  Saving model ...
  Ep 44: Train 0.2605 | Val 0.2251 | Test 0.4689
Validation loss decreased (0.225149 --> 0.225149).  Saving model ...
  Ep 45: Train 0.2617 | Val 0.2181 | Test 0.4618
Validation loss decreased (0.218100 --> 0.218100).  Saving model ...
  Ep 46: Train 0.2481 | Val 0.2113 | Test 0.4548
Validation loss decreased (0.211299 --> 0.211299).  Saving model ...
  Ep 47: Train 0.2345 | Val 0.2047 | Test 0.4480
Validation loss decreased (0.204723 --> 0.204723).  Saving model ...
  Ep 48: Train 0.2217 | Val 0.1985 | Test 0.4415
Validation loss decreased (0.198522 --> 0.198522).  Saving model ...
  Ep 49: Train 0.2215 | Val 0.1926 | Test 0.4354
Validation loss decreased (0.192589 --> 0.192589).  Saving model ...
  Ep 50: Train 0.2208 | Val 0.1869 | Test 0.4293
Validation loss decreased (0.186857 --> 0.186857).  Saving model ...
/home/sangukchoi/Stroke_SDA/sda_training.py:617: FutureWarning: You are using `torch.load` with `weights_only=False` (the current default value), which uses the default pickle module implicitly. It is possible to construct malicious pickle data which will execute arbitrary code during unpickling (See https://github.com/pytorch/pytorch/blob/main/SECURITY.md#untrusted-models for more details). In a future release, the default value for `weights_only` will be flipped to `True`. This limits the functions that could be executed during unpickling. Arbitrary objects will no longer be allowed to be loaded via this mode unless they are explicitly allowlisted by the user via `torch.serialization.add_safe_globals`. We recommend you start setting `weights_only=True` for any use case where you don't have full control of the loaded file. Please open an issue on GitHub for any issues related to this experimental feature.
  model.load_state_dict(torch.load(os.path.join(out_dir, 'best_model.pth')))
Final Test MSE (Best Model): 0.4293
[S008] Finished successfully.
