
[Run Start] Subject S013 | Mode ['SDA', 'TO', 'SO', 'TL'] | Params: Custom
  [Skipping] Found existing model for Fold 1 SDA

[Fold 2 - SDA] Train: ['S013_T002', 'S013_T006'], Test: S013_T003, Norm: fixed
/home/sangukchoi/.conda/envs/torch_gpu/lib/python3.10/site-packages/torch/nn/modules/rnn.py:123: UserWarning: dropout option adds dropout after all but last recurrent layer, so non-zero dropout expects num_layers greater than 1, but got dropout=0.3 and num_layers=1
  warnings.warn(
  Ep 1: Train 0.3958 | Val 0.2556 | Test 0.0344
Validation loss decreased (0.255629 --> 0.255629).  Saving model ...
  Ep 2: Train 0.2168 | Val 0.2432 | Test 0.0301
Validation loss decreased (0.243204 --> 0.243204).  Saving model ...
  Ep 3: Train 0.2055 | Val 0.2327 | Test 0.0247
Validation loss decreased (0.232691 --> 0.232691).  Saving model ...
  Ep 4: Train 0.1973 | Val 0.2439 | Test 0.0246
EarlyStopping counter: 1 out of 10
  Ep 5: Train 0.1931 | Val 0.2269 | Test 0.0236
Validation loss decreased (0.226889 --> 0.226889).  Saving model ...
  Ep 6: Train 0.1889 | Val 0.2309 | Test 0.0245
EarlyStopping counter: 1 out of 10
  Ep 7: Train 0.1856 | Val 0.2236 | Test 0.0222
Validation loss decreased (0.223611 --> 0.223611).  Saving model ...
  Ep 8: Train 0.1807 | Val 0.2352 | Test 0.0202
EarlyStopping counter: 1 out of 10
  Ep 9: Train 0.1806 | Val 0.2458 | Test 0.0251
EarlyStopping counter: 2 out of 10
  Ep 10: Train 0.1767 | Val 0.2327 | Test 0.0196
EarlyStopping counter: 3 out of 10
  Ep 11: Train 0.1727 | Val 0.2496 | Test 0.0262
EarlyStopping counter: 4 out of 10
  Ep 12: Train 0.1705 | Val 0.2344 | Test 0.0206
EarlyStopping counter: 5 out of 10
  Ep 13: Train 0.1699 | Val 0.2443 | Test 0.0201
EarlyStopping counter: 6 out of 10
  Ep 14: Train 0.1655 | Val 0.2299 | Test 0.0179
EarlyStopping counter: 7 out of 10
  Ep 15: Train 0.1636 | Val 0.2402 | Test 0.0211
EarlyStopping counter: 8 out of 10
  Ep 16: Train 0.1612 | Val 0.2283 | Test 0.0190
EarlyStopping counter: 9 out of 10
  Ep 17: Train 0.1605 | Val 0.2325 | Test 0.0233
EarlyStopping counter: 10 out of 10
Early stopping triggered!
/home/sangukchoi/Stroke_SDA/sda_training.py:617: FutureWarning: You are using `torch.load` with `weights_only=False` (the current default value), which uses the default pickle module implicitly. It is possible to construct malicious pickle data which will execute arbitrary code during unpickling (See https://github.com/pytorch/pytorch/blob/main/SECURITY.md#untrusted-models for more details). In a future release, the default value for `weights_only` will be flipped to `True`. This limits the functions that could be executed during unpickling. Arbitrary objects will no longer be allowed to be loaded via this mode unless they are explicitly allowlisted by the user via `torch.serialization.add_safe_globals`. We recommend you start setting `weights_only=True` for any use case where you don't have full control of the loaded file. Please open an issue on GitHub for any issues related to this experimental feature.
  model.load_state_dict(torch.load(os.path.join(out_dir, 'best_model.pth')))
Final Test MSE (Best Model): 0.0222

[Fold 3 - SDA] Train: ['S013_T002', 'S013_T003'], Test: S013_T006, Norm: fixed
/home/sangukchoi/.conda/envs/torch_gpu/lib/python3.10/site-packages/torch/nn/modules/rnn.py:123: UserWarning: dropout option adds dropout after all but last recurrent layer, so non-zero dropout expects num_layers greater than 1, but got dropout=0.3 and num_layers=1
  warnings.warn(
  Ep 1: Train 0.3949 | Val 0.2713 | Test 0.0432
Validation loss decreased (0.271260 --> 0.271260).  Saving model ...
  Ep 2: Train 0.2226 | Val 0.2369 | Test 0.0354
Validation loss decreased (0.236909 --> 0.236909).  Saving model ...
  Ep 3: Train 0.1980 | Val 0.1953 | Test 0.0424
Validation loss decreased (0.195343 --> 0.195343).  Saving model ...
  Ep 4: Train 0.1830 | Val 0.2051 | Test 0.0289
EarlyStopping counter: 1 out of 10
  Ep 5: Train 0.1844 | Val 0.2446 | Test 0.0272
EarlyStopping counter: 2 out of 10
  Ep 6: Train 0.1765 | Val 0.1867 | Test 0.0194
Validation loss decreased (0.186651 --> 0.186651).  Saving model ...
  Ep 7: Train 0.1777 | Val 0.1885 | Test 0.0261
EarlyStopping counter: 1 out of 10
  Ep 8: Train 0.1716 | Val 0.1872 | Test 0.0235
EarlyStopping counter: 2 out of 10
  Ep 9: Train 0.1695 | Val 0.2342 | Test 0.0214
EarlyStopping counter: 3 out of 10
  Ep 10: Train 0.1649 | Val 0.2002 | Test 0.0180
EarlyStopping counter: 4 out of 10
  Ep 11: Train 0.1630 | Val 0.1892 | Test 0.0215
EarlyStopping counter: 5 out of 10
  Ep 12: Train 0.1613 | Val 0.1877 | Test 0.0195
EarlyStopping counter: 6 out of 10
  Ep 13: Train 0.1603 | Val 0.2312 | Test 0.0178
EarlyStopping counter: 7 out of 10
  Ep 14: Train 0.1589 | Val 0.2084 | Test 0.0186
EarlyStopping counter: 8 out of 10
  Ep 15: Train 0.1524 | Val 0.1843 | Test 0.0275
Validation loss decreased (0.184251 --> 0.184251).  Saving model ...
  Ep 16: Train 0.1586 | Val 0.2015 | Test 0.0162
EarlyStopping counter: 1 out of 10
  Ep 17: Train 0.1518 | Val 0.1977 | Test 0.0173
EarlyStopping counter: 2 out of 10
  Ep 18: Train 0.1530 | Val 0.1901 | Test 0.0198
EarlyStopping counter: 3 out of 10
  Ep 19: Train 0.1506 | Val 0.2107 | Test 0.0174
EarlyStopping counter: 4 out of 10
  Ep 20: Train 0.1532 | Val 0.1955 | Test 0.0144
EarlyStopping counter: 5 out of 10
  Ep 21: Train 0.1451 | Val 0.2234 | Test 0.0192
EarlyStopping counter: 6 out of 10
  Ep 22: Train 0.1547 | Val 0.2023 | Test 0.0201
EarlyStopping counter: 7 out of 10
  Ep 23: Train 0.1489 | Val 0.1686 | Test 0.0198
Validation loss decreased (0.168561 --> 0.168561).  Saving model ...
  Ep 24: Train 0.1463 | Val 0.1907 | Test 0.0171
EarlyStopping counter: 1 out of 10
  Ep 25: Train 0.1467 | Val 0.1997 | Test 0.0193
EarlyStopping counter: 2 out of 10
  Ep 26: Train 0.1468 | Val 0.1934 | Test 0.0145
EarlyStopping counter: 3 out of 10
  Ep 27: Train 0.1440 | Val 0.1953 | Test 0.0221
EarlyStopping counter: 4 out of 10
  Ep 28: Train 0.1455 | Val 0.1867 | Test 0.0166
EarlyStopping counter: 5 out of 10
  Ep 29: Train 0.1441 | Val 0.1874 | Test 0.0152
EarlyStopping counter: 6 out of 10
  Ep 30: Train 0.1425 | Val 0.1490 | Test 0.0197
Validation loss decreased (0.148974 --> 0.148974).  Saving model ...
  Ep 31: Train 0.1445 | Val 0.1654 | Test 0.0184
EarlyStopping counter: 1 out of 10
  Ep 32: Train 0.1424 | Val 0.2223 | Test 0.0172
EarlyStopping counter: 2 out of 10
  Ep 33: Train 0.1427 | Val 0.1755 | Test 0.0150
EarlyStopping counter: 3 out of 10
  Ep 34: Train 0.1346 | Val 0.1359 | Test 0.0180
Validation loss decreased (0.135864 --> 0.135864).  Saving model ...
  Ep 35: Train 0.1393 | Val 0.1944 | Test 0.0135
EarlyStopping counter: 1 out of 10
  Ep 36: Train 0.1371 | Val 0.1639 | Test 0.0157
EarlyStopping counter: 2 out of 10
  Ep 37: Train 0.1360 | Val 0.1547 | Test 0.0132
EarlyStopping counter: 3 out of 10
  Ep 38: Train 0.1334 | Val 0.2675 | Test 0.0147
EarlyStopping counter: 4 out of 10
  Ep 39: Train 0.1370 | Val 0.2018 | Test 0.0164
EarlyStopping counter: 5 out of 10
  Ep 40: Train 0.1356 | Val 0.2282 | Test 0.0175
EarlyStopping counter: 6 out of 10
  Ep 41: Train 0.1313 | Val 0.1712 | Test 0.0137
EarlyStopping counter: 7 out of 10
  Ep 42: Train 0.1317 | Val 0.2988 | Test 0.0141
EarlyStopping counter: 8 out of 10
  Ep 43: Train 0.1240 | Val 0.1929 | Test 0.0145
EarlyStopping counter: 9 out of 10
  Ep 44: Train 0.1208 | Val 0.1811 | Test 0.0242
EarlyStopping counter: 10 out of 10
Early stopping triggered!
/home/sangukchoi/Stroke_SDA/sda_training.py:617: FutureWarning: You are using `torch.load` with `weights_only=False` (the current default value), which uses the default pickle module implicitly. It is possible to construct malicious pickle data which will execute arbitrary code during unpickling (See https://github.com/pytorch/pytorch/blob/main/SECURITY.md#untrusted-models for more details). In a future release, the default value for `weights_only` will be flipped to `True`. This limits the functions that could be executed during unpickling. Arbitrary objects will no longer be allowed to be loaded via this mode unless they are explicitly allowlisted by the user via `torch.serialization.add_safe_globals`. We recommend you start setting `weights_only=True` for any use case where you don't have full control of the loaded file. Please open an issue on GitHub for any issues related to this experimental feature.
  model.load_state_dict(torch.load(os.path.join(out_dir, 'best_model.pth')))
Final Test MSE (Best Model): 0.0180

[Fold 1 - TO] Train: ['S013_T003', 'S013_T006'], Test: S013_T002, Norm: independent
/home/sangukchoi/.conda/envs/torch_gpu/lib/python3.10/site-packages/torch/nn/modules/rnn.py:123: UserWarning: dropout option adds dropout after all but last recurrent layer, so non-zero dropout expects num_layers greater than 1, but got dropout=0.3 and num_layers=1
  warnings.warn(
  Ep 1: Train 0.5845 | Val 0.5405 | Test 0.5601
Validation loss decreased (0.540481 --> 0.540481).  Saving model ...
  Ep 2: Train 0.5250 | Val 0.4826 | Test 0.5123
Validation loss decreased (0.482604 --> 0.482604).  Saving model ...
  Ep 3: Train 0.4750 | Val 0.4292 | Test 0.4691
Validation loss decreased (0.429197 --> 0.429197).  Saving model ...
  Ep 4: Train 0.4219 | Val 0.3801 | Test 0.4285
Validation loss decreased (0.380107 --> 0.380107).  Saving model ...
  Ep 5: Train 0.3665 | Val 0.3353 | Test 0.3916
Validation loss decreased (0.335313 --> 0.335313).  Saving model ...
  Ep 6: Train 0.3294 | Val 0.2946 | Test 0.3566
Validation loss decreased (0.294553 --> 0.294553).  Saving model ...
  Ep 7: Train 0.2876 | Val 0.2579 | Test 0.3237
Validation loss decreased (0.257913 --> 0.257913).  Saving model ...
  Ep 8: Train 0.2472 | Val 0.2247 | Test 0.2926
Validation loss decreased (0.224706 --> 0.224706).  Saving model ...
  Ep 9: Train 0.2259 | Val 0.1951 | Test 0.2606
Validation loss decreased (0.195140 --> 0.195140).  Saving model ...
  Ep 10: Train 0.1871 | Val 0.1690 | Test 0.2298
Validation loss decreased (0.168956 --> 0.168956).  Saving model ...
  Ep 11: Train 0.1697 | Val 0.1468 | Test 0.2006
Validation loss decreased (0.146823 --> 0.146823).  Saving model ...
  Ep 12: Train 0.1462 | Val 0.1282 | Test 0.1764
Validation loss decreased (0.128172 --> 0.128172).  Saving model ...
  Ep 13: Train 0.1270 | Val 0.1125 | Test 0.1558
Validation loss decreased (0.112458 --> 0.112458).  Saving model ...
  Ep 14: Train 0.1097 | Val 0.0998 | Test 0.1385
Validation loss decreased (0.099766 --> 0.099766).  Saving model ...
  Ep 15: Train 0.0976 | Val 0.0894 | Test 0.1252
Validation loss decreased (0.089432 --> 0.089432).  Saving model ...
  Ep 16: Train 0.0882 | Val 0.0816 | Test 0.1144
Validation loss decreased (0.081621 --> 0.081621).  Saving model ...
  Ep 17: Train 0.0785 | Val 0.0756 | Test 0.1064
Validation loss decreased (0.075605 --> 0.075605).  Saving model ...
  Ep 18: Train 0.0726 | Val 0.0706 | Test 0.1009
Validation loss decreased (0.070644 --> 0.070644).  Saving model ...
  Ep 19: Train 0.0650 | Val 0.0665 | Test 0.0966
Validation loss decreased (0.066479 --> 0.066479).  Saving model ...
  Ep 20: Train 0.0622 | Val 0.0635 | Test 0.0937
Validation loss decreased (0.063502 --> 0.063502).  Saving model ...
  Ep 21: Train 0.0619 | Val 0.0611 | Test 0.0906
Validation loss decreased (0.061066 --> 0.061066).  Saving model ...
  Ep 22: Train 0.0622 | Val 0.0589 | Test 0.0869
Validation loss decreased (0.058934 --> 0.058934).  Saving model ...
  Ep 23: Train 0.0604 | Val 0.0572 | Test 0.0839
Validation loss decreased (0.057244 --> 0.057244).  Saving model ...
  Ep 24: Train 0.0554 | Val 0.0558 | Test 0.0814
Validation loss decreased (0.055850 --> 0.055850).  Saving model ...
  Ep 25: Train 0.0564 | Val 0.0550 | Test 0.0789
Validation loss decreased (0.055027 --> 0.055027).  Saving model ...
  Ep 26: Train 0.0520 | Val 0.0548 | Test 0.0757
Validation loss decreased (0.054761 --> 0.054761).  Saving model ...
  Ep 27: Train 0.0503 | Val 0.0540 | Test 0.0731
Validation loss decreased (0.053966 --> 0.053966).  Saving model ...
  Ep 28: Train 0.0515 | Val 0.0530 | Test 0.0706
Validation loss decreased (0.052952 --> 0.052952).  Saving model ...
  Ep 29: Train 0.0499 | Val 0.0515 | Test 0.0696
Validation loss decreased (0.051518 --> 0.051518).  Saving model ...
  Ep 30: Train 0.0460 | Val 0.0497 | Test 0.0696
Validation loss decreased (0.049678 --> 0.049678).  Saving model ...
  Ep 31: Train 0.0475 | Val 0.0484 | Test 0.0690
Validation loss decreased (0.048437 --> 0.048437).  Saving model ...
  Ep 32: Train 0.0464 | Val 0.0483 | Test 0.0672
Validation loss decreased (0.048270 --> 0.048270).  Saving model ...
  Ep 33: Train 0.0443 | Val 0.0477 | Test 0.0645
Validation loss decreased (0.047705 --> 0.047705).  Saving model ...
  Ep 34: Train 0.0428 | Val 0.0474 | Test 0.0617
Validation loss decreased (0.047372 --> 0.047372).  Saving model ...
  Ep 35: Train 0.0420 | Val 0.0474 | Test 0.0593
EarlyStopping counter: 1 out of 10
  Ep 36: Train 0.0412 | Val 0.0471 | Test 0.0578
Validation loss decreased (0.047116 --> 0.047116).  Saving model ...
  Ep 37: Train 0.0399 | Val 0.0462 | Test 0.0567
Validation loss decreased (0.046150 --> 0.046150).  Saving model ...
  Ep 38: Train 0.0407 | Val 0.0449 | Test 0.0568
Validation loss decreased (0.044850 --> 0.044850).  Saving model ...
  Ep 39: Train 0.0387 | Val 0.0437 | Test 0.0570
Validation loss decreased (0.043739 --> 0.043739).  Saving model ...
  Ep 40: Train 0.0363 | Val 0.0431 | Test 0.0574
Validation loss decreased (0.043066 --> 0.043066).  Saving model ...
  Ep 41: Train 0.0360 | Val 0.0434 | Test 0.0563
EarlyStopping counter: 1 out of 10
  Ep 42: Train 0.0371 | Val 0.0441 | Test 0.0540
EarlyStopping counter: 2 out of 10
  Ep 43: Train 0.0397 | Val 0.0439 | Test 0.0527
EarlyStopping counter: 3 out of 10
  Ep 44: Train 0.0334 | Val 0.0428 | Test 0.0516
Validation loss decreased (0.042802 --> 0.042802).  Saving model ...
  Ep 45: Train 0.0333 | Val 0.0420 | Test 0.0511
Validation loss decreased (0.041999 --> 0.041999).  Saving model ...
  Ep 46: Train 0.0343 | Val 0.0413 | Test 0.0501
Validation loss decreased (0.041259 --> 0.041259).  Saving model ...
  Ep 47: Train 0.0330 | Val 0.0407 | Test 0.0494
Validation loss decreased (0.040670 --> 0.040670).  Saving model ...
  Ep 48: Train 0.0299 | Val 0.0403 | Test 0.0489
Validation loss decreased (0.040250 --> 0.040250).  Saving model ...
  Ep 49: Train 0.0330 | Val 0.0399 | Test 0.0481
Validation loss decreased (0.039927 --> 0.039927).  Saving model ...
  Ep 50: Train 0.0353 | Val 0.0402 | Test 0.0467
EarlyStopping counter: 1 out of 10
/home/sangukchoi/Stroke_SDA/sda_training.py:617: FutureWarning: You are using `torch.load` with `weights_only=False` (the current default value), which uses the default pickle module implicitly. It is possible to construct malicious pickle data which will execute arbitrary code during unpickling (See https://github.com/pytorch/pytorch/blob/main/SECURITY.md#untrusted-models for more details). In a future release, the default value for `weights_only` will be flipped to `True`. This limits the functions that could be executed during unpickling. Arbitrary objects will no longer be allowed to be loaded via this mode unless they are explicitly allowlisted by the user via `torch.serialization.add_safe_globals`. We recommend you start setting `weights_only=True` for any use case where you don't have full control of the loaded file. Please open an issue on GitHub for any issues related to this experimental feature.
  model.load_state_dict(torch.load(os.path.join(out_dir, 'best_model.pth')))
Final Test MSE (Best Model): 0.0481

[Fold 2 - TO] Train: ['S013_T002', 'S013_T006'], Test: S013_T003, Norm: independent
/home/sangukchoi/.conda/envs/torch_gpu/lib/python3.10/site-packages/torch/nn/modules/rnn.py:123: UserWarning: dropout option adds dropout after all but last recurrent layer, so non-zero dropout expects num_layers greater than 1, but got dropout=0.3 and num_layers=1
  warnings.warn(
  Ep 1: Train 0.6211 | Val 0.5844 | Test 0.6177
Validation loss decreased (0.584416 --> 0.584416).  Saving model ...
  Ep 2: Train 0.5561 | Val 0.5184 | Test 0.5390
Validation loss decreased (0.518386 --> 0.518386).  Saving model ...
  Ep 3: Train 0.4899 | Val 0.4602 | Test 0.4709
Validation loss decreased (0.460154 --> 0.460154).  Saving model ...
  Ep 4: Train 0.4443 | Val 0.4091 | Test 0.4125
Validation loss decreased (0.409073 --> 0.409073).  Saving model ...
  Ep 5: Train 0.3922 | Val 0.3647 | Test 0.3633
Validation loss decreased (0.364678 --> 0.364678).  Saving model ...
  Ep 6: Train 0.3556 | Val 0.3261 | Test 0.3221
Validation loss decreased (0.326092 --> 0.326092).  Saving model ...
  Ep 7: Train 0.3237 | Val 0.2915 | Test 0.2871
Validation loss decreased (0.291532 --> 0.291532).  Saving model ...
  Ep 8: Train 0.2967 | Val 0.2599 | Test 0.2556
Validation loss decreased (0.259921 --> 0.259921).  Saving model ...
  Ep 9: Train 0.2636 | Val 0.2311 | Test 0.2272
Validation loss decreased (0.231100 --> 0.231100).  Saving model ...
  Ep 10: Train 0.2375 | Val 0.2043 | Test 0.2016
Validation loss decreased (0.204309 --> 0.204309).  Saving model ...
  Ep 11: Train 0.2177 | Val 0.1798 | Test 0.1786
Validation loss decreased (0.179810 --> 0.179810).  Saving model ...
  Ep 12: Train 0.1909 | Val 0.1580 | Test 0.1581
Validation loss decreased (0.157993 --> 0.157993).  Saving model ...
  Ep 13: Train 0.1684 | Val 0.1388 | Test 0.1401
Validation loss decreased (0.138759 --> 0.138759).  Saving model ...
  Ep 14: Train 0.1560 | Val 0.1219 | Test 0.1247
Validation loss decreased (0.121896 --> 0.121896).  Saving model ...
  Ep 15: Train 0.1387 | Val 0.1076 | Test 0.1114
Validation loss decreased (0.107582 --> 0.107582).  Saving model ...
  Ep 16: Train 0.1242 | Val 0.0957 | Test 0.1004
Validation loss decreased (0.095737 --> 0.095737).  Saving model ...
  Ep 17: Train 0.1129 | Val 0.0863 | Test 0.0920
Validation loss decreased (0.086339 --> 0.086339).  Saving model ...
  Ep 18: Train 0.0996 | Val 0.0788 | Test 0.0850
Validation loss decreased (0.078799 --> 0.078799).  Saving model ...
  Ep 19: Train 0.0886 | Val 0.0731 | Test 0.0794
Validation loss decreased (0.073076 --> 0.073076).  Saving model ...
  Ep 20: Train 0.0852 | Val 0.0687 | Test 0.0748
Validation loss decreased (0.068679 --> 0.068679).  Saving model ...
  Ep 21: Train 0.0804 | Val 0.0655 | Test 0.0717
Validation loss decreased (0.065525 --> 0.065525).  Saving model ...
  Ep 22: Train 0.0746 | Val 0.0634 | Test 0.0691
Validation loss decreased (0.063371 --> 0.063371).  Saving model ...
  Ep 23: Train 0.0717 | Val 0.0619 | Test 0.0678
Validation loss decreased (0.061909 --> 0.061909).  Saving model ...
  Ep 24: Train 0.0680 | Val 0.0607 | Test 0.0665
Validation loss decreased (0.060663 --> 0.060663).  Saving model ...
  Ep 25: Train 0.0643 | Val 0.0597 | Test 0.0658
Validation loss decreased (0.059662 --> 0.059662).  Saving model ...
  Ep 26: Train 0.0626 | Val 0.0586 | Test 0.0649
Validation loss decreased (0.058609 --> 0.058609).  Saving model ...
  Ep 27: Train 0.0641 | Val 0.0577 | Test 0.0642
Validation loss decreased (0.057717 --> 0.057717).  Saving model ...
  Ep 28: Train 0.0592 | Val 0.0566 | Test 0.0629
Validation loss decreased (0.056624 --> 0.056624).  Saving model ...
  Ep 29: Train 0.0564 | Val 0.0554 | Test 0.0616
Validation loss decreased (0.055438 --> 0.055438).  Saving model ...
  Ep 30: Train 0.0568 | Val 0.0543 | Test 0.0603
Validation loss decreased (0.054294 --> 0.054294).  Saving model ...
  Ep 31: Train 0.0570 | Val 0.0531 | Test 0.0594
Validation loss decreased (0.053141 --> 0.053141).  Saving model ...
  Ep 32: Train 0.0550 | Val 0.0520 | Test 0.0581
Validation loss decreased (0.052030 --> 0.052030).  Saving model ...
  Ep 33: Train 0.0529 | Val 0.0512 | Test 0.0576
Validation loss decreased (0.051163 --> 0.051163).  Saving model ...
  Ep 34: Train 0.0530 | Val 0.0502 | Test 0.0565
Validation loss decreased (0.050191 --> 0.050191).  Saving model ...
  Ep 35: Train 0.0481 | Val 0.0492 | Test 0.0552
Validation loss decreased (0.049166 --> 0.049166).  Saving model ...
  Ep 36: Train 0.0488 | Val 0.0483 | Test 0.0544
Validation loss decreased (0.048313 --> 0.048313).  Saving model ...
  Ep 37: Train 0.0498 | Val 0.0473 | Test 0.0533
Validation loss decreased (0.047338 --> 0.047338).  Saving model ...
  Ep 38: Train 0.0494 | Val 0.0464 | Test 0.0524
Validation loss decreased (0.046378 --> 0.046378).  Saving model ...
  Ep 39: Train 0.0441 | Val 0.0453 | Test 0.0513
Validation loss decreased (0.045301 --> 0.045301).  Saving model ...
  Ep 40: Train 0.0419 | Val 0.0445 | Test 0.0504
Validation loss decreased (0.044494 --> 0.044494).  Saving model ...
  Ep 41: Train 0.0427 | Val 0.0439 | Test 0.0499
Validation loss decreased (0.043863 --> 0.043863).  Saving model ...
  Ep 42: Train 0.0433 | Val 0.0432 | Test 0.0491
Validation loss decreased (0.043248 --> 0.043248).  Saving model ...
  Ep 43: Train 0.0440 | Val 0.0430 | Test 0.0491
Validation loss decreased (0.043036 --> 0.043036).  Saving model ...
  Ep 44: Train 0.0389 | Val 0.0426 | Test 0.0488
Validation loss decreased (0.042619 --> 0.042619).  Saving model ...
  Ep 45: Train 0.0396 | Val 0.0421 | Test 0.0487
Validation loss decreased (0.042099 --> 0.042099).  Saving model ...
  Ep 46: Train 0.0404 | Val 0.0412 | Test 0.0475
Validation loss decreased (0.041221 --> 0.041221).  Saving model ...
  Ep 47: Train 0.0379 | Val 0.0404 | Test 0.0466
Validation loss decreased (0.040393 --> 0.040393).  Saving model ...
  Ep 48: Train 0.0367 | Val 0.0398 | Test 0.0463
Validation loss decreased (0.039772 --> 0.039772).  Saving model ...
  Ep 49: Train 0.0377 | Val 0.0392 | Test 0.0460
Validation loss decreased (0.039250 --> 0.039250).  Saving model ...
  Ep 50: Train 0.0381 | Val 0.0391 | Test 0.0457
Validation loss decreased (0.039062 --> 0.039062).  Saving model ...
/home/sangukchoi/Stroke_SDA/sda_training.py:617: FutureWarning: You are using `torch.load` with `weights_only=False` (the current default value), which uses the default pickle module implicitly. It is possible to construct malicious pickle data which will execute arbitrary code during unpickling (See https://github.com/pytorch/pytorch/blob/main/SECURITY.md#untrusted-models for more details). In a future release, the default value for `weights_only` will be flipped to `True`. This limits the functions that could be executed during unpickling. Arbitrary objects will no longer be allowed to be loaded via this mode unless they are explicitly allowlisted by the user via `torch.serialization.add_safe_globals`. We recommend you start setting `weights_only=True` for any use case where you don't have full control of the loaded file. Please open an issue on GitHub for any issues related to this experimental feature.
  model.load_state_dict(torch.load(os.path.join(out_dir, 'best_model.pth')))
Final Test MSE (Best Model): 0.0457

[Fold 3 - TO] Train: ['S013_T002', 'S013_T003'], Test: S013_T006, Norm: independent
/home/sangukchoi/.conda/envs/torch_gpu/lib/python3.10/site-packages/torch/nn/modules/rnn.py:123: UserWarning: dropout option adds dropout after all but last recurrent layer, so non-zero dropout expects num_layers greater than 1, but got dropout=0.3 and num_layers=1
  warnings.warn(
  Ep 1: Train 0.5660 | Val 0.5022 | Test 0.5149
Validation loss decreased (0.502152 --> 0.502152).  Saving model ...
  Ep 2: Train 0.5002 | Val 0.4461 | Test 0.4617
Validation loss decreased (0.446066 --> 0.446066).  Saving model ...
  Ep 3: Train 0.4391 | Val 0.4049 | Test 0.4191
Validation loss decreased (0.404898 --> 0.404898).  Saving model ...
  Ep 4: Train 0.4092 | Val 0.3719 | Test 0.3842
Validation loss decreased (0.371940 --> 0.371940).  Saving model ...
  Ep 5: Train 0.3755 | Val 0.3429 | Test 0.3551
Validation loss decreased (0.342855 --> 0.342855).  Saving model ...
  Ep 6: Train 0.3460 | Val 0.3147 | Test 0.3299
Validation loss decreased (0.314675 --> 0.314675).  Saving model ...
  Ep 7: Train 0.3173 | Val 0.2870 | Test 0.3070
Validation loss decreased (0.287018 --> 0.287018).  Saving model ...
  Ep 8: Train 0.2879 | Val 0.2593 | Test 0.2859
Validation loss decreased (0.259272 --> 0.259272).  Saving model ...
  Ep 9: Train 0.2660 | Val 0.2312 | Test 0.2678
Validation loss decreased (0.231170 --> 0.231170).  Saving model ...
  Ep 10: Train 0.2418 | Val 0.2037 | Test 0.2517
Validation loss decreased (0.203693 --> 0.203693).  Saving model ...
  Ep 11: Train 0.2181 | Val 0.1777 | Test 0.2375
Validation loss decreased (0.177746 --> 0.177746).  Saving model ...
  Ep 12: Train 0.1959 | Val 0.1544 | Test 0.2234
Validation loss decreased (0.154415 --> 0.154415).  Saving model ...
  Ep 13: Train 0.1765 | Val 0.1334 | Test 0.2108
Validation loss decreased (0.133385 --> 0.133385).  Saving model ...
  Ep 14: Train 0.1546 | Val 0.1154 | Test 0.1984
Validation loss decreased (0.115364 --> 0.115364).  Saving model ...
  Ep 15: Train 0.1360 | Val 0.1004 | Test 0.1851
Validation loss decreased (0.100403 --> 0.100403).  Saving model ...
  Ep 16: Train 0.1274 | Val 0.0883 | Test 0.1722
Validation loss decreased (0.088350 --> 0.088350).  Saving model ...
  Ep 17: Train 0.1109 | Val 0.0787 | Test 0.1603
Validation loss decreased (0.078746 --> 0.078746).  Saving model ...
  Ep 18: Train 0.0990 | Val 0.0716 | Test 0.1485
Validation loss decreased (0.071621 --> 0.071621).  Saving model ...
  Ep 19: Train 0.0875 | Val 0.0665 | Test 0.1376
Validation loss decreased (0.066484 --> 0.066484).  Saving model ...
  Ep 20: Train 0.0867 | Val 0.0623 | Test 0.1295
Validation loss decreased (0.062310 --> 0.062310).  Saving model ...
  Ep 21: Train 0.0814 | Val 0.0594 | Test 0.1215
Validation loss decreased (0.059432 --> 0.059432).  Saving model ...
  Ep 22: Train 0.0783 | Val 0.0571 | Test 0.1143
Validation loss decreased (0.057057 --> 0.057057).  Saving model ...
  Ep 23: Train 0.0719 | Val 0.0550 | Test 0.1095
Validation loss decreased (0.054991 --> 0.054991).  Saving model ...
  Ep 24: Train 0.0699 | Val 0.0529 | Test 0.1059
Validation loss decreased (0.052935 --> 0.052935).  Saving model ...
  Ep 25: Train 0.0681 | Val 0.0510 | Test 0.1024
Validation loss decreased (0.051021 --> 0.051021).  Saving model ...
  Ep 26: Train 0.0690 | Val 0.0494 | Test 0.0971
Validation loss decreased (0.049407 --> 0.049407).  Saving model ...
  Ep 27: Train 0.0631 | Val 0.0478 | Test 0.0923
Validation loss decreased (0.047799 --> 0.047799).  Saving model ...
  Ep 28: Train 0.0616 | Val 0.0465 | Test 0.0863
Validation loss decreased (0.046516 --> 0.046516).  Saving model ...
  Ep 29: Train 0.0573 | Val 0.0453 | Test 0.0802
Validation loss decreased (0.045251 --> 0.045251).  Saving model ...
  Ep 30: Train 0.0610 | Val 0.0441 | Test 0.0748
Validation loss decreased (0.044127 --> 0.044127).  Saving model ...
  Ep 31: Train 0.0557 | Val 0.0429 | Test 0.0713
Validation loss decreased (0.042942 --> 0.042942).  Saving model ...
  Ep 32: Train 0.0542 | Val 0.0419 | Test 0.0676
Validation loss decreased (0.041900 --> 0.041900).  Saving model ...
  Ep 33: Train 0.0527 | Val 0.0410 | Test 0.0637
Validation loss decreased (0.040980 --> 0.040980).  Saving model ...
  Ep 34: Train 0.0519 | Val 0.0400 | Test 0.0603
Validation loss decreased (0.039965 --> 0.039965).  Saving model ...
  Ep 35: Train 0.0484 | Val 0.0389 | Test 0.0581
Validation loss decreased (0.038870 --> 0.038870).  Saving model ...
  Ep 36: Train 0.0498 | Val 0.0379 | Test 0.0568
Validation loss decreased (0.037881 --> 0.037881).  Saving model ...
  Ep 37: Train 0.0489 | Val 0.0372 | Test 0.0544
Validation loss decreased (0.037180 --> 0.037180).  Saving model ...
  Ep 38: Train 0.0486 | Val 0.0365 | Test 0.0523
Validation loss decreased (0.036515 --> 0.036515).  Saving model ...
  Ep 39: Train 0.0451 | Val 0.0359 | Test 0.0502
Validation loss decreased (0.035893 --> 0.035893).  Saving model ...
  Ep 40: Train 0.0453 | Val 0.0353 | Test 0.0487
Validation loss decreased (0.035300 --> 0.035300).  Saving model ...
  Ep 41: Train 0.0453 | Val 0.0347 | Test 0.0470
Validation loss decreased (0.034686 --> 0.034686).  Saving model ...
  Ep 42: Train 0.0442 | Val 0.0340 | Test 0.0460
Validation loss decreased (0.034002 --> 0.034002).  Saving model ...
  Ep 43: Train 0.0430 | Val 0.0335 | Test 0.0444
Validation loss decreased (0.033532 --> 0.033532).  Saving model ...
  Ep 44: Train 0.0429 | Val 0.0333 | Test 0.0424
Validation loss decreased (0.033319 --> 0.033319).  Saving model ...
  Ep 45: Train 0.0430 | Val 0.0330 | Test 0.0414
Validation loss decreased (0.032999 --> 0.032999).  Saving model ...
  Ep 46: Train 0.0421 | Val 0.0326 | Test 0.0405
Validation loss decreased (0.032570 --> 0.032570).  Saving model ...
  Ep 47: Train 0.0425 | Val 0.0320 | Test 0.0395
Validation loss decreased (0.032045 --> 0.032045).  Saving model ...
  Ep 48: Train 0.0424 | Val 0.0314 | Test 0.0386
Validation loss decreased (0.031399 --> 0.031399).  Saving model ...
  Ep 49: Train 0.0386 | Val 0.0310 | Test 0.0375
Validation loss decreased (0.031023 --> 0.031023).  Saving model ...
  Ep 50: Train 0.0409 | Val 0.0305 | Test 0.0371
Validation loss decreased (0.030535 --> 0.030535).  Saving model ...
/home/sangukchoi/Stroke_SDA/sda_training.py:617: FutureWarning: You are using `torch.load` with `weights_only=False` (the current default value), which uses the default pickle module implicitly. It is possible to construct malicious pickle data which will execute arbitrary code during unpickling (See https://github.com/pytorch/pytorch/blob/main/SECURITY.md#untrusted-models for more details). In a future release, the default value for `weights_only` will be flipped to `True`. This limits the functions that could be executed during unpickling. Arbitrary objects will no longer be allowed to be loaded via this mode unless they are explicitly allowlisted by the user via `torch.serialization.add_safe_globals`. We recommend you start setting `weights_only=True` for any use case where you don't have full control of the loaded file. Please open an issue on GitHub for any issues related to this experimental feature.
  model.load_state_dict(torch.load(os.path.join(out_dir, 'best_model.pth')))
Final Test MSE (Best Model): 0.0371
  [Skipping] Found existing model for Fold 1 SO

[Fold 2 - SO] Train: ['S013_T002', 'S013_T006'], Test: S013_T003, Norm: fixed
/home/sangukchoi/.conda/envs/torch_gpu/lib/python3.10/site-packages/torch/nn/modules/rnn.py:123: UserWarning: dropout option adds dropout after all but last recurrent layer, so non-zero dropout expects num_layers greater than 1, but got dropout=0.3 and num_layers=1
  warnings.warn(
  Ep 1: Train 0.1091 | Val 0.0469 | Test 0.1726
Validation loss decreased (0.046877 --> 0.046877).  Saving model ...
  Ep 2: Train 0.0447 | Val 0.0382 | Test 0.1408
Validation loss decreased (0.038186 --> 0.038186).  Saving model ...
  Ep 3: Train 0.0390 | Val 0.0351 | Test 0.2071
Validation loss decreased (0.035111 --> 0.035111).  Saving model ...
  Ep 4: Train 0.0359 | Val 0.0321 | Test 0.2684
Validation loss decreased (0.032146 --> 0.032146).  Saving model ...
  Ep 5: Train 0.0340 | Val 0.0313 | Test 0.4252
Validation loss decreased (0.031288 --> 0.031288).  Saving model ...
  Ep 6: Train 0.0325 | Val 0.0298 | Test 0.5079
Validation loss decreased (0.029802 --> 0.029802).  Saving model ...
  Ep 7: Train 0.0315 | Val 0.0298 | Test 0.5821
EarlyStopping counter: 1 out of 10
  Ep 8: Train 0.0307 | Val 0.0279 | Test 0.6248
Validation loss decreased (0.027879 --> 0.027879).  Saving model ...
  Ep 9: Train 0.0300 | Val 0.0281 | Test 0.6131
EarlyStopping counter: 1 out of 10
  Ep 10: Train 0.0293 | Val 0.0268 | Test 0.5664
Validation loss decreased (0.026765 --> 0.026765).  Saving model ...
  Ep 11: Train 0.0285 | Val 0.0262 | Test 0.6227
Validation loss decreased (0.026234 --> 0.026234).  Saving model ...
  Ep 12: Train 0.0279 | Val 0.0255 | Test 0.6897
Validation loss decreased (0.025541 --> 0.025541).  Saving model ...
  Ep 13: Train 0.0272 | Val 0.0256 | Test 0.8682
EarlyStopping counter: 1 out of 10
  Ep 14: Train 0.0266 | Val 0.0247 | Test 0.7177
Validation loss decreased (0.024672 --> 0.024672).  Saving model ...
  Ep 15: Train 0.0260 | Val 0.0242 | Test 0.6441
Validation loss decreased (0.024183 --> 0.024183).  Saving model ...
  Ep 16: Train 0.0253 | Val 0.0233 | Test 0.7493
Validation loss decreased (0.023311 --> 0.023311).  Saving model ...
  Ep 17: Train 0.0248 | Val 0.0228 | Test 0.6937
Validation loss decreased (0.022833 --> 0.022833).  Saving model ...
  Ep 18: Train 0.0239 | Val 0.0226 | Test 0.7737
Validation loss decreased (0.022571 --> 0.022571).  Saving model ...
  Ep 19: Train 0.0231 | Val 0.0224 | Test 0.7189
Validation loss decreased (0.022373 --> 0.022373).  Saving model ...
  Ep 20: Train 0.0225 | Val 0.0213 | Test 0.7732
Validation loss decreased (0.021345 --> 0.021345).  Saving model ...
  Ep 21: Train 0.0220 | Val 0.0213 | Test 0.8406
EarlyStopping counter: 1 out of 10
  Ep 22: Train 0.0212 | Val 0.0206 | Test 0.9292
Validation loss decreased (0.020610 --> 0.020610).  Saving model ...
  Ep 23: Train 0.0207 | Val 0.0202 | Test 0.8589
Validation loss decreased (0.020237 --> 0.020237).  Saving model ...
  Ep 24: Train 0.0203 | Val 0.0215 | Test 0.8922
EarlyStopping counter: 1 out of 10
  Ep 25: Train 0.0197 | Val 0.0190 | Test 0.9166
Validation loss decreased (0.018987 --> 0.018987).  Saving model ...
  Ep 26: Train 0.0190 | Val 0.0187 | Test 0.9232
Validation loss decreased (0.018678 --> 0.018678).  Saving model ...
  Ep 27: Train 0.0186 | Val 0.0186 | Test 0.9638
EarlyStopping counter: 1 out of 10
  Ep 28: Train 0.0180 | Val 0.0171 | Test 0.9496
Validation loss decreased (0.017095 --> 0.017095).  Saving model ...
  Ep 29: Train 0.0174 | Val 0.0177 | Test 0.9512
EarlyStopping counter: 1 out of 10
  Ep 30: Train 0.0169 | Val 0.0175 | Test 0.8936
EarlyStopping counter: 2 out of 10
  Ep 31: Train 0.0166 | Val 0.0169 | Test 0.8852
Validation loss decreased (0.016919 --> 0.016919).  Saving model ...
  Ep 32: Train 0.0159 | Val 0.0162 | Test 0.9597
Validation loss decreased (0.016164 --> 0.016164).  Saving model ...
  Ep 33: Train 0.0154 | Val 0.0161 | Test 0.9743
Validation loss decreased (0.016062 --> 0.016062).  Saving model ...
  Ep 34: Train 0.0153 | Val 0.0158 | Test 0.9180
Validation loss decreased (0.015779 --> 0.015779).  Saving model ...
  Ep 35: Train 0.0145 | Val 0.0153 | Test 0.8379
Validation loss decreased (0.015293 --> 0.015293).  Saving model ...
  Ep 36: Train 0.0144 | Val 0.0156 | Test 0.9026
EarlyStopping counter: 1 out of 10
  Ep 37: Train 0.0139 | Val 0.0152 | Test 0.8652
Validation loss decreased (0.015175 --> 0.015175).  Saving model ...
  Ep 38: Train 0.0135 | Val 0.0152 | Test 0.8526
EarlyStopping counter: 1 out of 10
  Ep 39: Train 0.0132 | Val 0.0143 | Test 0.8389
Validation loss decreased (0.014313 --> 0.014313).  Saving model ...
  Ep 40: Train 0.0129 | Val 0.0135 | Test 0.9103
Validation loss decreased (0.013462 --> 0.013462).  Saving model ...
  Ep 41: Train 0.0127 | Val 0.0135 | Test 0.8753
EarlyStopping counter: 1 out of 10
  Ep 42: Train 0.0121 | Val 0.0134 | Test 0.9348
EarlyStopping counter: 2 out of 10
  Ep 43: Train 0.0120 | Val 0.0133 | Test 0.8661
Validation loss decreased (0.013293 --> 0.013293).  Saving model ...
  Ep 44: Train 0.0116 | Val 0.0142 | Test 0.8976
EarlyStopping counter: 1 out of 10
  Ep 45: Train 0.0116 | Val 0.0132 | Test 0.9484
EarlyStopping counter: 2 out of 10
  Ep 46: Train 0.0110 | Val 0.0123 | Test 0.8294
Validation loss decreased (0.012317 --> 0.012317).  Saving model ...
  Ep 47: Train 0.0110 | Val 0.0118 | Test 0.8679
Validation loss decreased (0.011780 --> 0.011780).  Saving model ...
  Ep 48: Train 0.0106 | Val 0.0116 | Test 0.8449
Validation loss decreased (0.011582 --> 0.011582).  Saving model ...
  Ep 49: Train 0.0105 | Val 0.0121 | Test 0.7046
EarlyStopping counter: 1 out of 10
  Ep 50: Train 0.0104 | Val 0.0114 | Test 0.8039
Validation loss decreased (0.011396 --> 0.011396).  Saving model ...
/home/sangukchoi/Stroke_SDA/sda_training.py:617: FutureWarning: You are using `torch.load` with `weights_only=False` (the current default value), which uses the default pickle module implicitly. It is possible to construct malicious pickle data which will execute arbitrary code during unpickling (See https://github.com/pytorch/pytorch/blob/main/SECURITY.md#untrusted-models for more details). In a future release, the default value for `weights_only` will be flipped to `True`. This limits the functions that could be executed during unpickling. Arbitrary objects will no longer be allowed to be loaded via this mode unless they are explicitly allowlisted by the user via `torch.serialization.add_safe_globals`. We recommend you start setting `weights_only=True` for any use case where you don't have full control of the loaded file. Please open an issue on GitHub for any issues related to this experimental feature.
  model.load_state_dict(torch.load(os.path.join(out_dir, 'best_model.pth')))
Final Test MSE (Best Model): 0.8039

[Fold 3 - SO] Train: ['S013_T002', 'S013_T003'], Test: S013_T006, Norm: fixed
/home/sangukchoi/.conda/envs/torch_gpu/lib/python3.10/site-packages/torch/nn/modules/rnn.py:123: UserWarning: dropout option adds dropout after all but last recurrent layer, so non-zero dropout expects num_layers greater than 1, but got dropout=0.3 and num_layers=1
  warnings.warn(
  Ep 1: Train 0.1075 | Val 0.0455 | Test 0.2391
Validation loss decreased (0.045502 --> 0.045502).  Saving model ...
  Ep 2: Train 0.0443 | Val 0.0378 | Test 0.3389
Validation loss decreased (0.037800 --> 0.037800).  Saving model ...
  Ep 3: Train 0.0390 | Val 0.0349 | Test 0.4079
Validation loss decreased (0.034882 --> 0.034882).  Saving model ...
  Ep 4: Train 0.0362 | Val 0.0336 | Test 0.4060
Validation loss decreased (0.033575 --> 0.033575).  Saving model ...
  Ep 5: Train 0.0343 | Val 0.0316 | Test 0.4358
Validation loss decreased (0.031553 --> 0.031553).  Saving model ...
  Ep 6: Train 0.0328 | Val 0.0305 | Test 0.6128
Validation loss decreased (0.030526 --> 0.030526).  Saving model ...
  Ep 7: Train 0.0318 | Val 0.0295 | Test 0.7076
Validation loss decreased (0.029540 --> 0.029540).  Saving model ...
  Ep 8: Train 0.0310 | Val 0.0288 | Test 0.7067
Validation loss decreased (0.028761 --> 0.028761).  Saving model ...
  Ep 9: Train 0.0299 | Val 0.0280 | Test 0.7477
Validation loss decreased (0.027968 --> 0.027968).  Saving model ...
  Ep 10: Train 0.0292 | Val 0.0273 | Test 0.9895
Validation loss decreased (0.027261 --> 0.027261).  Saving model ...
  Ep 11: Train 0.0281 | Val 0.0270 | Test 1.0043
Validation loss decreased (0.027029 --> 0.027029).  Saving model ...
  Ep 12: Train 0.0270 | Val 0.0253 | Test 1.1260
Validation loss decreased (0.025303 --> 0.025303).  Saving model ...
  Ep 13: Train 0.0263 | Val 0.0258 | Test 1.1326
EarlyStopping counter: 1 out of 10
  Ep 14: Train 0.0255 | Val 0.0241 | Test 1.0417
Validation loss decreased (0.024149 --> 0.024149).  Saving model ...
  Ep 15: Train 0.0249 | Val 0.0244 | Test 0.9922
EarlyStopping counter: 1 out of 10
  Ep 16: Train 0.0242 | Val 0.0235 | Test 1.0919
Validation loss decreased (0.023480 --> 0.023480).  Saving model ...
  Ep 17: Train 0.0237 | Val 0.0234 | Test 1.0451
EarlyStopping counter: 1 out of 10
  Ep 18: Train 0.0231 | Val 0.0237 | Test 0.8439
EarlyStopping counter: 2 out of 10
  Ep 19: Train 0.0224 | Val 0.0216 | Test 1.0771
Validation loss decreased (0.021611 --> 0.021611).  Saving model ...
  Ep 20: Train 0.0219 | Val 0.0213 | Test 1.1098
Validation loss decreased (0.021332 --> 0.021332).  Saving model ...
  Ep 21: Train 0.0215 | Val 0.0211 | Test 1.0628
Validation loss decreased (0.021089 --> 0.021089).  Saving model ...
  Ep 22: Train 0.0209 | Val 0.0206 | Test 0.9905
Validation loss decreased (0.020650 --> 0.020650).  Saving model ...
  Ep 23: Train 0.0203 | Val 0.0195 | Test 1.0382
Validation loss decreased (0.019532 --> 0.019532).  Saving model ...
  Ep 24: Train 0.0195 | Val 0.0193 | Test 1.0719
Validation loss decreased (0.019278 --> 0.019278).  Saving model ...
  Ep 25: Train 0.0191 | Val 0.0186 | Test 1.0807
Validation loss decreased (0.018592 --> 0.018592).  Saving model ...
  Ep 26: Train 0.0185 | Val 0.0180 | Test 1.1003
Validation loss decreased (0.017956 --> 0.017956).  Saving model ...
  Ep 27: Train 0.0182 | Val 0.0189 | Test 1.1242
EarlyStopping counter: 1 out of 10
  Ep 28: Train 0.0174 | Val 0.0178 | Test 1.1501
Validation loss decreased (0.017813 --> 0.017813).  Saving model ...
  Ep 29: Train 0.0169 | Val 0.0176 | Test 1.1582
Validation loss decreased (0.017577 --> 0.017577).  Saving model ...
  Ep 30: Train 0.0163 | Val 0.0167 | Test 1.1894
Validation loss decreased (0.016701 --> 0.016701).  Saving model ...
  Ep 31: Train 0.0162 | Val 0.0165 | Test 1.2307
Validation loss decreased (0.016483 --> 0.016483).  Saving model ...
  Ep 32: Train 0.0156 | Val 0.0172 | Test 1.0868
EarlyStopping counter: 1 out of 10
  Ep 33: Train 0.0154 | Val 0.0152 | Test 1.1841
Validation loss decreased (0.015236 --> 0.015236).  Saving model ...
  Ep 34: Train 0.0149 | Val 0.0154 | Test 1.1698
EarlyStopping counter: 1 out of 10
  Ep 35: Train 0.0144 | Val 0.0149 | Test 1.1680
Validation loss decreased (0.014853 --> 0.014853).  Saving model ...
  Ep 36: Train 0.0142 | Val 0.0152 | Test 1.1049
EarlyStopping counter: 1 out of 10
  Ep 37: Train 0.0137 | Val 0.0146 | Test 1.0997
Validation loss decreased (0.014605 --> 0.014605).  Saving model ...
  Ep 38: Train 0.0133 | Val 0.0148 | Test 1.1376
EarlyStopping counter: 1 out of 10
  Ep 39: Train 0.0129 | Val 0.0134 | Test 1.1793
Validation loss decreased (0.013418 --> 0.013418).  Saving model ...
  Ep 40: Train 0.0127 | Val 0.0142 | Test 1.1447
EarlyStopping counter: 1 out of 10
  Ep 41: Train 0.0124 | Val 0.0135 | Test 1.1142
EarlyStopping counter: 2 out of 10
  Ep 42: Train 0.0122 | Val 0.0141 | Test 1.1571
EarlyStopping counter: 3 out of 10
  Ep 43: Train 0.0118 | Val 0.0129 | Test 1.1060
Validation loss decreased (0.012870 --> 0.012870).  Saving model ...
  Ep 44: Train 0.0113 | Val 0.0128 | Test 1.1095
EarlyStopping counter: 1 out of 10
  Ep 45: Train 0.0112 | Val 0.0123 | Test 1.2045
Validation loss decreased (0.012298 --> 0.012298).  Saving model ...
  Ep 46: Train 0.0112 | Val 0.0127 | Test 1.2483
EarlyStopping counter: 1 out of 10
  Ep 47: Train 0.0106 | Val 0.0117 | Test 1.1806
Validation loss decreased (0.011691 --> 0.011691).  Saving model ...
  Ep 48: Train 0.0106 | Val 0.0120 | Test 1.1291
EarlyStopping counter: 1 out of 10
  Ep 49: Train 0.0102 | Val 0.0120 | Test 1.1237
EarlyStopping counter: 2 out of 10
  Ep 50: Train 0.0101 | Val 0.0112 | Test 1.1713
Validation loss decreased (0.011173 --> 0.011173).  Saving model ...
/home/sangukchoi/Stroke_SDA/sda_training.py:617: FutureWarning: You are using `torch.load` with `weights_only=False` (the current default value), which uses the default pickle module implicitly. It is possible to construct malicious pickle data which will execute arbitrary code during unpickling (See https://github.com/pytorch/pytorch/blob/main/SECURITY.md#untrusted-models for more details). In a future release, the default value for `weights_only` will be flipped to `True`. This limits the functions that could be executed during unpickling. Arbitrary objects will no longer be allowed to be loaded via this mode unless they are explicitly allowlisted by the user via `torch.serialization.add_safe_globals`. We recommend you start setting `weights_only=True` for any use case where you don't have full control of the loaded file. Please open an issue on GitHub for any issues related to this experimental feature.
  model.load_state_dict(torch.load(os.path.join(out_dir, 'best_model.pth')))
Final Test MSE (Best Model): 1.1713
  [Skipping] Found existing model for Fold 1 TL

[Fold 2 - TL] Train: ['S013_T002', 'S013_T006'], Test: S013_T003, Norm: fixed
/home/sangukchoi/.conda/envs/torch_gpu/lib/python3.10/site-packages/torch/nn/modules/rnn.py:123: UserWarning: dropout option adds dropout after all but last recurrent layer, so non-zero dropout expects num_layers greater than 1, but got dropout=0.3 and num_layers=1
  warnings.warn(
  [TL] Loading Pre-trained SO Model from: results_final_rank1/S013/Fold_2_S013_T003_SO_frac1.0/best_model.pth
/home/sangukchoi/Stroke_SDA/sda_training.py:400: FutureWarning: You are using `torch.load` with `weights_only=False` (the current default value), which uses the default pickle module implicitly. It is possible to construct malicious pickle data which will execute arbitrary code during unpickling (See https://github.com/pytorch/pytorch/blob/main/SECURITY.md#untrusted-models for more details). In a future release, the default value for `weights_only` will be flipped to `True`. This limits the functions that could be executed during unpickling. Arbitrary objects will no longer be allowed to be loaded via this mode unless they are explicitly allowlisted by the user via `torch.serialization.add_safe_globals`. We recommend you start setting `weights_only=True` for any use case where you don't have full control of the loaded file. Please open an issue on GitHub for any issues related to this experimental feature.
  checkpoint = torch.load(so_path)
  [TL] Freezing Encoder and initializing Decoder Tgt...
  Ep 1: Train 0.5272 | Val 0.5960 | Test 0.7690
Validation loss decreased (0.596018 --> 0.596018).  Saving model ...
  Ep 2: Train 0.4999 | Val 0.5716 | Test 0.7366
Validation loss decreased (0.571582 --> 0.571582).  Saving model ...
  Ep 3: Train 0.4614 | Val 0.5492 | Test 0.7067
Validation loss decreased (0.549250 --> 0.549250).  Saving model ...
  Ep 4: Train 0.4608 | Val 0.5285 | Test 0.6788
Validation loss decreased (0.528467 --> 0.528467).  Saving model ...
  Ep 5: Train 0.4394 | Val 0.5092 | Test 0.6527
Validation loss decreased (0.509198 --> 0.509198).  Saving model ...
  Ep 6: Train 0.4185 | Val 0.4912 | Test 0.6283
Validation loss decreased (0.491205 --> 0.491205).  Saving model ...
  Ep 7: Train 0.4043 | Val 0.4749 | Test 0.6064
Validation loss decreased (0.474923 --> 0.474923).  Saving model ...
  Ep 8: Train 0.3935 | Val 0.4599 | Test 0.5862
Validation loss decreased (0.459949 --> 0.459949).  Saving model ...
  Ep 9: Train 0.3873 | Val 0.4460 | Test 0.5674
Validation loss decreased (0.446035 --> 0.446035).  Saving model ...
  Ep 10: Train 0.3666 | Val 0.4330 | Test 0.5498
Validation loss decreased (0.432960 --> 0.432960).  Saving model ...
  Ep 11: Train 0.3490 | Val 0.4209 | Test 0.5335
Validation loss decreased (0.420854 --> 0.420854).  Saving model ...
  Ep 12: Train 0.3514 | Val 0.4097 | Test 0.5185
Validation loss decreased (0.409668 --> 0.409668).  Saving model ...
  Ep 13: Train 0.3503 | Val 0.3992 | Test 0.5046
Validation loss decreased (0.399244 --> 0.399244).  Saving model ...
  Ep 14: Train 0.3152 | Val 0.3899 | Test 0.4923
Validation loss decreased (0.389920 --> 0.389920).  Saving model ...
  Ep 15: Train 0.3180 | Val 0.3810 | Test 0.4806
Validation loss decreased (0.381042 --> 0.381042).  Saving model ...
  Ep 16: Train 0.3058 | Val 0.3726 | Test 0.4694
Validation loss decreased (0.372603 --> 0.372603).  Saving model ...
  Ep 17: Train 0.2988 | Val 0.3646 | Test 0.4589
Validation loss decreased (0.364639 --> 0.364639).  Saving model ...
  Ep 18: Train 0.2992 | Val 0.3573 | Test 0.4490
Validation loss decreased (0.357338 --> 0.357338).  Saving model ...
  Ep 19: Train 0.2964 | Val 0.3502 | Test 0.4394
Validation loss decreased (0.350180 --> 0.350180).  Saving model ...
  Ep 20: Train 0.2828 | Val 0.3435 | Test 0.4305
Validation loss decreased (0.343488 --> 0.343488).  Saving model ...
  Ep 21: Train 0.2849 | Val 0.3372 | Test 0.4218
Validation loss decreased (0.337181 --> 0.337181).  Saving model ...
  Ep 22: Train 0.2779 | Val 0.3310 | Test 0.4136
Validation loss decreased (0.331035 --> 0.331035).  Saving model ...
  Ep 23: Train 0.2731 | Val 0.3252 | Test 0.4053
Validation loss decreased (0.325193 --> 0.325193).  Saving model ...
  Ep 24: Train 0.2641 | Val 0.3196 | Test 0.3976
Validation loss decreased (0.319584 --> 0.319584).  Saving model ...
  Ep 25: Train 0.2662 | Val 0.3143 | Test 0.3904
Validation loss decreased (0.314284 --> 0.314284).  Saving model ...
  Ep 26: Train 0.2566 | Val 0.3091 | Test 0.3833
Validation loss decreased (0.309118 --> 0.309118).  Saving model ...
  Ep 27: Train 0.2524 | Val 0.3040 | Test 0.3763
Validation loss decreased (0.303990 --> 0.303990).  Saving model ...
  Ep 28: Train 0.2535 | Val 0.2991 | Test 0.3693
Validation loss decreased (0.299060 --> 0.299060).  Saving model ...
  Ep 29: Train 0.2505 | Val 0.2943 | Test 0.3624
Validation loss decreased (0.294250 --> 0.294250).  Saving model ...
  Ep 30: Train 0.2462 | Val 0.2897 | Test 0.3562
Validation loss decreased (0.289680 --> 0.289680).  Saving model ...
  Ep 31: Train 0.2337 | Val 0.2852 | Test 0.3498
Validation loss decreased (0.285172 --> 0.285172).  Saving model ...
  Ep 32: Train 0.2291 | Val 0.2808 | Test 0.3439
Validation loss decreased (0.280764 --> 0.280764).  Saving model ...
  Ep 33: Train 0.2276 | Val 0.2764 | Test 0.3382
Validation loss decreased (0.276441 --> 0.276441).  Saving model ...
  Ep 34: Train 0.2195 | Val 0.2722 | Test 0.3324
Validation loss decreased (0.272159 --> 0.272159).  Saving model ...
  Ep 35: Train 0.2155 | Val 0.2680 | Test 0.3267
Validation loss decreased (0.268014 --> 0.268014).  Saving model ...
  Ep 36: Train 0.2183 | Val 0.2639 | Test 0.3211
Validation loss decreased (0.263859 --> 0.263859).  Saving model ...
  Ep 37: Train 0.2199 | Val 0.2598 | Test 0.3156
Validation loss decreased (0.259787 --> 0.259787).  Saving model ...
  Ep 38: Train 0.2104 | Val 0.2559 | Test 0.3104
Validation loss decreased (0.255898 --> 0.255898).  Saving model ...
  Ep 39: Train 0.2026 | Val 0.2520 | Test 0.3050
Validation loss decreased (0.251980 --> 0.251980).  Saving model ...
  Ep 40: Train 0.1995 | Val 0.2482 | Test 0.2998
Validation loss decreased (0.248168 --> 0.248168).  Saving model ...
  Ep 41: Train 0.1960 | Val 0.2445 | Test 0.2950
Validation loss decreased (0.244509 --> 0.244509).  Saving model ...
  Ep 42: Train 0.1923 | Val 0.2410 | Test 0.2908
Validation loss decreased (0.241003 --> 0.241003).  Saving model ...
  Ep 43: Train 0.1889 | Val 0.2375 | Test 0.2863
Validation loss decreased (0.237510 --> 0.237510).  Saving model ...
  Ep 44: Train 0.1899 | Val 0.2342 | Test 0.2824
Validation loss decreased (0.234159 --> 0.234159).  Saving model ...
  Ep 45: Train 0.1860 | Val 0.2309 | Test 0.2783
Validation loss decreased (0.230932 --> 0.230932).  Saving model ...
  Ep 46: Train 0.1903 | Val 0.2277 | Test 0.2743
Validation loss decreased (0.227663 --> 0.227663).  Saving model ...
  Ep 47: Train 0.1790 | Val 0.2245 | Test 0.2704
Validation loss decreased (0.224488 --> 0.224488).  Saving model ...
  Ep 48: Train 0.1852 | Val 0.2215 | Test 0.2665
Validation loss decreased (0.221514 --> 0.221514).  Saving model ...
  Ep 49: Train 0.1764 | Val 0.2185 | Test 0.2626
Validation loss decreased (0.218516 --> 0.218516).  Saving model ...
  Ep 50: Train 0.1728 | Val 0.2157 | Test 0.2592
Validation loss decreased (0.215702 --> 0.215702).  Saving model ...
/home/sangukchoi/Stroke_SDA/sda_training.py:617: FutureWarning: You are using `torch.load` with `weights_only=False` (the current default value), which uses the default pickle module implicitly. It is possible to construct malicious pickle data which will execute arbitrary code during unpickling (See https://github.com/pytorch/pytorch/blob/main/SECURITY.md#untrusted-models for more details). In a future release, the default value for `weights_only` will be flipped to `True`. This limits the functions that could be executed during unpickling. Arbitrary objects will no longer be allowed to be loaded via this mode unless they are explicitly allowlisted by the user via `torch.serialization.add_safe_globals`. We recommend you start setting `weights_only=True` for any use case where you don't have full control of the loaded file. Please open an issue on GitHub for any issues related to this experimental feature.
  model.load_state_dict(torch.load(os.path.join(out_dir, 'best_model.pth')))
Final Test MSE (Best Model): 0.2592

[Fold 3 - TL] Train: ['S013_T002', 'S013_T003'], Test: S013_T006, Norm: fixed
/home/sangukchoi/.conda/envs/torch_gpu/lib/python3.10/site-packages/torch/nn/modules/rnn.py:123: UserWarning: dropout option adds dropout after all but last recurrent layer, so non-zero dropout expects num_layers greater than 1, but got dropout=0.3 and num_layers=1
  warnings.warn(
  [TL] Loading Pre-trained SO Model from: results_final_rank1/S013/Fold_3_S013_T006_SO_frac1.0/best_model.pth
/home/sangukchoi/Stroke_SDA/sda_training.py:400: FutureWarning: You are using `torch.load` with `weights_only=False` (the current default value), which uses the default pickle module implicitly. It is possible to construct malicious pickle data which will execute arbitrary code during unpickling (See https://github.com/pytorch/pytorch/blob/main/SECURITY.md#untrusted-models for more details). In a future release, the default value for `weights_only` will be flipped to `True`. This limits the functions that could be executed during unpickling. Arbitrary objects will no longer be allowed to be loaded via this mode unless they are explicitly allowlisted by the user via `torch.serialization.add_safe_globals`. We recommend you start setting `weights_only=True` for any use case where you don't have full control of the loaded file. Please open an issue on GitHub for any issues related to this experimental feature.
  checkpoint = torch.load(so_path)
  [TL] Freezing Encoder and initializing Decoder Tgt...
  Ep 1: Train 0.6509 | Val 0.6649 | Test 1.1381
Validation loss decreased (0.664899 --> 0.664899).  Saving model ...
  Ep 2: Train 0.6233 | Val 0.6446 | Test 1.1059
Validation loss decreased (0.644618 --> 0.644618).  Saving model ...
  Ep 3: Train 0.6014 | Val 0.6255 | Test 1.0760
Validation loss decreased (0.625507 --> 0.625507).  Saving model ...
  Ep 4: Train 0.5928 | Val 0.6068 | Test 1.0466
Validation loss decreased (0.606768 --> 0.606768).  Saving model ...
  Ep 5: Train 0.5726 | Val 0.5888 | Test 1.0184
Validation loss decreased (0.588783 --> 0.588783).  Saving model ...
  Ep 6: Train 0.5387 | Val 0.5715 | Test 0.9914
Validation loss decreased (0.571472 --> 0.571472).  Saving model ...
  Ep 7: Train 0.5314 | Val 0.5548 | Test 0.9656
Validation loss decreased (0.554754 --> 0.554754).  Saving model ...
  Ep 8: Train 0.4930 | Val 0.5386 | Test 0.9408
Validation loss decreased (0.538552 --> 0.538552).  Saving model ...
  Ep 9: Train 0.5204 | Val 0.5228 | Test 0.9168
Validation loss decreased (0.522803 --> 0.522803).  Saving model ...
  Ep 10: Train 0.4708 | Val 0.5077 | Test 0.8937
Validation loss decreased (0.507705 --> 0.507705).  Saving model ...
  Ep 11: Train 0.4671 | Val 0.4930 | Test 0.8719
Validation loss decreased (0.493019 --> 0.493019).  Saving model ...
  Ep 12: Train 0.4530 | Val 0.4789 | Test 0.8508
Validation loss decreased (0.478908 --> 0.478908).  Saving model ...
  Ep 13: Train 0.4341 | Val 0.4655 | Test 0.8301
Validation loss decreased (0.465518 --> 0.465518).  Saving model ...
  Ep 14: Train 0.4217 | Val 0.4528 | Test 0.8106
Validation loss decreased (0.452752 --> 0.452752).  Saving model ...
  Ep 15: Train 0.4088 | Val 0.4402 | Test 0.7916
Validation loss decreased (0.440240 --> 0.440240).  Saving model ...
  Ep 16: Train 0.4006 | Val 0.4282 | Test 0.7731
Validation loss decreased (0.428202 --> 0.428202).  Saving model ...
  Ep 17: Train 0.3789 | Val 0.4164 | Test 0.7553
Validation loss decreased (0.416372 --> 0.416372).  Saving model ...
  Ep 18: Train 0.3637 | Val 0.4048 | Test 0.7386
Validation loss decreased (0.404773 --> 0.404773).  Saving model ...
  Ep 19: Train 0.3487 | Val 0.3937 | Test 0.7223
Validation loss decreased (0.393686 --> 0.393686).  Saving model ...
  Ep 20: Train 0.3394 | Val 0.3828 | Test 0.7071
Validation loss decreased (0.382820 --> 0.382820).  Saving model ...
  Ep 21: Train 0.3383 | Val 0.3722 | Test 0.6922
Validation loss decreased (0.372242 --> 0.372242).  Saving model ...
  Ep 22: Train 0.3263 | Val 0.3618 | Test 0.6775
Validation loss decreased (0.361815 --> 0.361815).  Saving model ...
  Ep 23: Train 0.3018 | Val 0.3517 | Test 0.6636
Validation loss decreased (0.351706 --> 0.351706).  Saving model ...
  Ep 24: Train 0.3154 | Val 0.3417 | Test 0.6501
Validation loss decreased (0.341725 --> 0.341725).  Saving model ...
  Ep 25: Train 0.2963 | Val 0.3318 | Test 0.6370
Validation loss decreased (0.331808 --> 0.331808).  Saving model ...
  Ep 26: Train 0.2940 | Val 0.3222 | Test 0.6237
Validation loss decreased (0.322237 --> 0.322237).  Saving model ...
  Ep 27: Train 0.2750 | Val 0.3130 | Test 0.6107
Validation loss decreased (0.312959 --> 0.312959).  Saving model ...
  Ep 28: Train 0.2746 | Val 0.3040 | Test 0.5984
Validation loss decreased (0.304018 --> 0.304018).  Saving model ...
  Ep 29: Train 0.2611 | Val 0.2951 | Test 0.5858
Validation loss decreased (0.295089 --> 0.295089).  Saving model ...
  Ep 30: Train 0.2499 | Val 0.2864 | Test 0.5740
Validation loss decreased (0.286394 --> 0.286394).  Saving model ...
  Ep 31: Train 0.2382 | Val 0.2780 | Test 0.5629
Validation loss decreased (0.278012 --> 0.278012).  Saving model ...
  Ep 32: Train 0.2393 | Val 0.2699 | Test 0.5521
Validation loss decreased (0.269897 --> 0.269897).  Saving model ...
  Ep 33: Train 0.2315 | Val 0.2620 | Test 0.5415
Validation loss decreased (0.262048 --> 0.262048).  Saving model ...
  Ep 34: Train 0.2181 | Val 0.2543 | Test 0.5309
Validation loss decreased (0.254304 --> 0.254304).  Saving model ...
  Ep 35: Train 0.2194 | Val 0.2468 | Test 0.5211
Validation loss decreased (0.246790 --> 0.246790).  Saving model ...
  Ep 36: Train 0.2122 | Val 0.2395 | Test 0.5112
Validation loss decreased (0.239527 --> 0.239527).  Saving model ...
  Ep 37: Train 0.2068 | Val 0.2326 | Test 0.5017
Validation loss decreased (0.232607 --> 0.232607).  Saving model ...
  Ep 38: Train 0.2018 | Val 0.2257 | Test 0.4925
Validation loss decreased (0.225720 --> 0.225720).  Saving model ...
  Ep 39: Train 0.1770 | Val 0.2191 | Test 0.4840
Validation loss decreased (0.219109 --> 0.219109).  Saving model ...
  Ep 40: Train 0.1865 | Val 0.2127 | Test 0.4761
Validation loss decreased (0.212716 --> 0.212716).  Saving model ...
  Ep 41: Train 0.1852 | Val 0.2067 | Test 0.4684
Validation loss decreased (0.206702 --> 0.206702).  Saving model ...
  Ep 42: Train 0.1740 | Val 0.2009 | Test 0.4606
Validation loss decreased (0.200922 --> 0.200922).  Saving model ...
  Ep 43: Train 0.1637 | Val 0.1955 | Test 0.4529
Validation loss decreased (0.195457 --> 0.195457).  Saving model ...
  Ep 44: Train 0.1678 | Val 0.1901 | Test 0.4459
Validation loss decreased (0.190071 --> 0.190071).  Saving model ...
  Ep 45: Train 0.1610 | Val 0.1848 | Test 0.4393
Validation loss decreased (0.184850 --> 0.184850).  Saving model ...
  Ep 46: Train 0.1488 | Val 0.1798 | Test 0.4331
Validation loss decreased (0.179839 --> 0.179839).  Saving model ...
  Ep 47: Train 0.1475 | Val 0.1749 | Test 0.4268
Validation loss decreased (0.174897 --> 0.174897).  Saving model ...
  Ep 48: Train 0.1438 | Val 0.1702 | Test 0.4212
Validation loss decreased (0.170187 --> 0.170187).  Saving model ...
  Ep 49: Train 0.1447 | Val 0.1657 | Test 0.4159
Validation loss decreased (0.165677 --> 0.165677).  Saving model ...
  Ep 50: Train 0.1391 | Val 0.1614 | Test 0.4102
Validation loss decreased (0.161354 --> 0.161354).  Saving model ...
/home/sangukchoi/Stroke_SDA/sda_training.py:617: FutureWarning: You are using `torch.load` with `weights_only=False` (the current default value), which uses the default pickle module implicitly. It is possible to construct malicious pickle data which will execute arbitrary code during unpickling (See https://github.com/pytorch/pytorch/blob/main/SECURITY.md#untrusted-models for more details). In a future release, the default value for `weights_only` will be flipped to `True`. This limits the functions that could be executed during unpickling. Arbitrary objects will no longer be allowed to be loaded via this mode unless they are explicitly allowlisted by the user via `torch.serialization.add_safe_globals`. We recommend you start setting `weights_only=True` for any use case where you don't have full control of the loaded file. Please open an issue on GitHub for any issues related to this experimental feature.
  model.load_state_dict(torch.load(os.path.join(out_dir, 'best_model.pth')))
Final Test MSE (Best Model): 0.4102
[S013] Finished successfully.
