Python: /home/sangukchoi/.conda/envs/torch_gpu/bin/python
Conda Env: torch_gpu
Tue Dec 23 22:36:52 2025       
+---------------------------------------------------------------------------------------+
| NVIDIA-SMI 535.247.01             Driver Version: 535.247.01   CUDA Version: 12.2     |
|-----------------------------------------+----------------------+----------------------+
| GPU  Name                 Persistence-M | Bus-Id        Disp.A | Volatile Uncorr. ECC |
| Fan  Temp   Perf          Pwr:Usage/Cap |         Memory-Usage | GPU-Util  Compute M. |
|                                         |                      |               MIG M. |
|=========================================+======================+======================|
|   0  NVIDIA RTX A5000               On  | 00000000:81:00.0 Off |                  Off |
| 30%   44C    P8              25W / 230W |      1MiB / 24564MiB |      0%      Default |
|                                         |                      |                  N/A |
+-----------------------------------------+----------------------+----------------------+
|   1  NVIDIA RTX A5000               On  | 00000000:82:00.0 Off |                  Off |
| 30%   33C    P8              15W / 230W |      1MiB / 24564MiB |      0%      Default |
|                                         |                      |                  N/A |
+-----------------------------------------+----------------------+----------------------+
|   2  NVIDIA RTX A5000               On  | 00000000:C1:00.0 Off |                  Off |
| 30%   37C    P8              18W / 230W |      1MiB / 24564MiB |      0%      Default |
|                                         |                      |                  N/A |
+-----------------------------------------+----------------------+----------------------+
|   3  NVIDIA RTX A5000               On  | 00000000:C2:00.0 Off |                  Off |
| 30%   40C    P8              18W / 230W |      1MiB / 24564MiB |      0%      Default |
|                                         |                      |                  N/A |
+-----------------------------------------+----------------------+----------------------+
                                                                                         
+---------------------------------------------------------------------------------------+
| Processes:                                                                            |
|  GPU   GI   CI        PID   Type   Process name                            GPU Memory |
|        ID   ID                                                             Usage      |
|=======================================================================================|
|  No running processes found                                                           |
+---------------------------------------------------------------------------------------+
!!! CONFIG OVERRIDE LOADED from config_override.json: {'target_subject': 'S003', 'lambda_mmd': 0.1, 'learning_rate': 0.0001, 'encoder_layers': [64, 32], 'decoder_layers': [32], 'dropout': 0.4, 'results_dir': 'd:/RSC lab/Codes/Stroke_SDA/results_grid_search\\S003_L0.1_LR0.0001_E64_D32_Dr0.4', 'max_folds': 1, 'epochs': 100, 'patience': 5, 'batch_size': 64, 'modes': ['SDA']} !!!
Assuming 4 GPUs available.
Loading Source Data into System Memory (Shared by Workers)...
Loading Source Data (All Healthy)...
Data Loaded in 0.34s. Shape: (81491, 50, 8)
Total Combinations: 72 x 6 = 432 runs
Starting Optimized Parallel Execution with 4 workers...
[1/432] S003 L0.5_LS0.3_LR0.0001_E64_D64_Dr0.3 - DONE
[2/432] S003 L0.5_LS0.3_LR0.0001_E128_D64_Dr0.3 - DONE
[3/432] S003 L0.5_LS0.3_LR0.0001_E128_D128_Dr0.3 - DONE
[4/432] S003 L0.5_LS0.3_LR0.0001_E256_D32_Dr0.3 - DONE
[5/432] S003 L0.5_LS0.3_LR0.0001_E256_D64_Dr0.3 - DONE
[6/432] S003 L0.5_LS0.3_LR0.0001_E256_D128_Dr0.3 - DONE
[7/432] S003 L0.5_LS0.5_LR0.0001_E64_D32_Dr0.3 - DONE
[8/432] S003 L0.5_LS0.5_LR0.0001_E64_D64_Dr0.3 - DONE
[9/432] S003 L0.5_LS0.5_LR0.0001_E64_D128_Dr0.3 - DONE
[10/432] S003 L0.5_LS0.5_LR0.0001_E128_D32_Dr0.3 - DONE
[11/432] S003 L0.5_LS0.5_LR0.0001_E128_D64_Dr0.3 - DONE
[12/432] S003 L0.5_LS0.5_LR0.0001_E128_D128_Dr0.3 - DONE
[13/432] S003 L0.5_LS0.5_LR0.0001_E256_D32_Dr0.3 - DONE
[14/432] S003 L0.5_LS0.5_LR0.0001_E256_D64_Dr0.3 - DONE
[15/432] S003 L0.5_LS0.5_LR0.0001_E256_D128_Dr0.3 - DONE
[16/432] S003 L1.0_LS0.3_LR0.0001_E64_D32_Dr0.3 - DONE
[17/432] S003 L1.0_LS0.3_LR0.0001_E64_D64_Dr0.3 - DONE
[18/432] S003 L1.0_LS0.3_LR0.0001_E64_D128_Dr0.3 - DONE
[19/432] S003 L1.0_LS0.3_LR0.0001_E128_D32_Dr0.3 - DONE
[20/432] S003 L1.0_LS0.3_LR0.0001_E128_D64_Dr0.3 - DONE
[21/432] S003 L1.0_LS0.3_LR0.0001_E128_D128_Dr0.3 - DONE
[22/432] S003 L1.0_LS0.3_LR0.0001_E256_D32_Dr0.3 - DONE
[23/432] S003 L1.0_LS0.3_LR0.0001_E256_D64_Dr0.3 - DONE
[24/432] S003 L1.0_LS0.3_LR0.0001_E256_D128_Dr0.3 - DONE
[25/432] S003 L1.0_LS0.5_LR0.0001_E64_D32_Dr0.3 - DONE
[26/432] S003 L1.0_LS0.5_LR0.0001_E64_D64_Dr0.3 - DONE
[27/432] S003 L1.0_LS0.5_LR0.0001_E64_D128_Dr0.3 - DONE
[28/432] S003 L1.0_LS0.5_LR0.0001_E128_D32_Dr0.3 - DONE
[29/432] S003 L1.0_LS0.5_LR0.0001_E128_D64_Dr0.3 - DONE
[30/432] S003 L1.0_LS0.5_LR0.0001_E128_D128_Dr0.3 - DONE
[31/432] S003 L1.0_LS0.5_LR0.0001_E256_D32_Dr0.3 - DONE
[32/432] S003 L1.0_LS0.5_LR0.0001_E256_D64_Dr0.3 - DONE
[33/432] S003 L1.0_LS0.5_LR0.0001_E256_D128_Dr0.3 - DONE
[34/432] S003 L1.5_LS0.3_LR0.0001_E64_D32_Dr0.3 - DONE
[35/432] S003 L1.5_LS0.3_LR0.0001_E64_D64_Dr0.3 - DONE
[36/432] S003 L1.5_LS0.3_LR0.0001_E64_D128_Dr0.3 - DONE
[37/432] S003 L1.5_LS0.3_LR0.0001_E128_D32_Dr0.3 - DONE
[38/432] S003 L1.5_LS0.3_LR0.0001_E128_D64_Dr0.3 - DONE
[39/432] S003 L1.5_LS0.3_LR0.0001_E128_D128_Dr0.3 - DONE
[40/432] S003 L1.5_LS0.3_LR0.0001_E256_D32_Dr0.3 - DONE
[41/432] S003 L1.5_LS0.3_LR0.0001_E256_D64_Dr0.3 - DONE
[42/432] S003 L1.5_LS0.3_LR0.0001_E256_D128_Dr0.3 - DONE
[43/432] S003 L1.5_LS0.5_LR0.0001_E64_D32_Dr0.3 - DONE
[44/432] S003 L1.5_LS0.5_LR0.0001_E64_D64_Dr0.3 - DONE
[45/432] S003 L1.5_LS0.5_LR0.0001_E64_D128_Dr0.3 - DONE
[46/432] S003 L1.5_LS0.5_LR0.0001_E128_D32_Dr0.3 - DONE
[47/432] S003 L1.5_LS0.5_LR0.0001_E128_D64_Dr0.3 - DONE
[48/432] S003 L1.5_LS0.5_LR0.0001_E128_D128_Dr0.3 - DONE
[49/432] S003 L1.5_LS0.5_LR0.0001_E256_D32_Dr0.3 - DONE
[50/432] S003 L1.5_LS0.5_LR0.0001_E256_D64_Dr0.3 - DONE
[51/432] S003 L1.5_LS0.5_LR0.0001_E256_D128_Dr0.3 - DONE
[52/432] S003 L2.0_LS0.3_LR0.0001_E64_D32_Dr0.3 - DONE
[53/432] S003 L2.0_LS0.3_LR0.0001_E64_D64_Dr0.3 - DONE
[54/432] S003 L2.0_LS0.3_LR0.0001_E64_D128_Dr0.3 - DONE
[55/432] S003 L2.0_LS0.3_LR0.0001_E128_D32_Dr0.3 - DONE
[56/432] S003 L2.0_LS0.3_LR0.0001_E128_D64_Dr0.3 - DONE
[57/432] S003 L2.0_LS0.3_LR0.0001_E128_D128_Dr0.3 - DONE
[58/432] S003 L2.0_LS0.3_LR0.0001_E256_D32_Dr0.3 - DONE
[59/432] S003 L2.0_LS0.3_LR0.0001_E256_D64_Dr0.3 - DONE
[60/432] S003 L2.0_LS0.3_LR0.0001_E256_D128_Dr0.3 - DONE
[61/432] S003 L2.0_LS0.5_LR0.0001_E64_D32_Dr0.3 - DONE
[62/432] S003 L2.0_LS0.5_LR0.0001_E64_D64_Dr0.3 - DONE
[63/432] S003 L2.0_LS0.5_LR0.0001_E64_D128_Dr0.3 - DONE
[64/432] S003 L2.0_LS0.5_LR0.0001_E128_D32_Dr0.3 - DONE
[65/432] S003 L2.0_LS0.5_LR0.0001_E128_D64_Dr0.3 - DONE
[66/432] S003 L2.0_LS0.5_LR0.0001_E128_D128_Dr0.3 - DONE
[67/432] S003 L2.0_LS0.5_LR0.0001_E256_D32_Dr0.3 - DONE
[68/432] S003 L2.0_LS0.5_LR0.0001_E256_D64_Dr0.3 - DONE
[69/432] S003 L2.0_LS0.5_LR0.0001_E256_D128_Dr0.3 - DONE
[70/432] S003 L0.5_LS0.3_LR0.0001_E64_D128_Dr0.3 - DONE
[71/432] S004 L0.5_LS0.3_LR0.0001_E64_D64_Dr0.3 - DONE
[72/432] S004 L0.5_LS0.3_LR0.0001_E64_D128_Dr0.3 - DONE
[73/432] S004 L0.5_LS0.3_LR0.0001_E128_D32_Dr0.3 - DONE
[74/432] S004 L0.5_LS0.3_LR0.0001_E128_D64_Dr0.3 - DONE
[75/432] S004 L0.5_LS0.3_LR0.0001_E128_D128_Dr0.3 - DONE
[76/432] S004 L0.5_LS0.3_LR0.0001_E256_D32_Dr0.3 - DONE
[77/432] S004 L0.5_LS0.3_LR0.0001_E256_D64_Dr0.3 - DONE
[78/432] S004 L0.5_LS0.3_LR0.0001_E256_D128_Dr0.3 - DONE
[79/432] S004 L0.5_LS0.5_LR0.0001_E64_D32_Dr0.3 - DONE
[80/432] S004 L0.5_LS0.5_LR0.0001_E64_D64_Dr0.3 - DONE
[81/432] S004 L0.5_LS0.5_LR0.0001_E64_D128_Dr0.3 - DONE
[82/432] S004 L0.5_LS0.5_LR0.0001_E128_D32_Dr0.3 - DONE
[83/432] S004 L0.5_LS0.5_LR0.0001_E128_D64_Dr0.3 - DONE
[84/432] S004 L0.5_LS0.5_LR0.0001_E128_D128_Dr0.3 - DONE
[85/432] S004 L0.5_LS0.5_LR0.0001_E256_D32_Dr0.3 - DONE
[86/432] S004 L0.5_LS0.5_LR0.0001_E256_D64_Dr0.3 - DONE
[87/432] S004 L0.5_LS0.5_LR0.0001_E256_D128_Dr0.3 - DONE
[88/432] S004 L1.0_LS0.3_LR0.0001_E64_D32_Dr0.3 - DONE
[89/432] S004 L1.0_LS0.3_LR0.0001_E64_D64_Dr0.3 - DONE
[90/432] S004 L1.0_LS0.3_LR0.0001_E64_D128_Dr0.3 - DONE
[91/432] S004 L1.0_LS0.3_LR0.0001_E128_D32_Dr0.3 - DONE
[92/432] S004 L1.0_LS0.3_LR0.0001_E128_D64_Dr0.3 - DONE
[93/432] S004 L1.0_LS0.3_LR0.0001_E128_D128_Dr0.3 - DONE
[94/432] S004 L1.0_LS0.3_LR0.0001_E256_D32_Dr0.3 - DONE
[95/432] S004 L1.0_LS0.3_LR0.0001_E256_D64_Dr0.3 - DONE
[96/432] S004 L1.0_LS0.3_LR0.0001_E256_D128_Dr0.3 - DONE
[97/432] S004 L1.0_LS0.5_LR0.0001_E64_D32_Dr0.3 - DONE
[98/432] S004 L1.0_LS0.5_LR0.0001_E64_D64_Dr0.3 - DONE
[99/432] S004 L1.0_LS0.5_LR0.0001_E64_D128_Dr0.3 - DONE
[100/432] S004 L1.0_LS0.5_LR0.0001_E128_D32_Dr0.3 - DONE
[101/432] S004 L1.0_LS0.5_LR0.0001_E128_D64_Dr0.3 - DONE
[102/432] S004 L1.0_LS0.5_LR0.0001_E128_D128_Dr0.3 - DONE
[103/432] S004 L1.0_LS0.5_LR0.0001_E256_D32_Dr0.3 - DONE
[104/432] S004 L1.0_LS0.5_LR0.0001_E256_D64_Dr0.3 - DONE
[105/432] S004 L1.0_LS0.5_LR0.0001_E256_D128_Dr0.3 - DONE
[106/432] S004 L1.5_LS0.3_LR0.0001_E64_D32_Dr0.3 - DONE
[107/432] S004 L1.5_LS0.3_LR0.0001_E64_D64_Dr0.3 - DONE
[108/432] S004 L1.5_LS0.3_LR0.0001_E64_D128_Dr0.3 - DONE
[109/432] S004 L1.5_LS0.3_LR0.0001_E128_D32_Dr0.3 - DONE
[110/432] S004 L1.5_LS0.3_LR0.0001_E128_D64_Dr0.3 - DONE
[111/432] S004 L1.5_LS0.3_LR0.0001_E128_D128_Dr0.3 - DONE
[112/432] S004 L1.5_LS0.3_LR0.0001_E256_D32_Dr0.3 - DONE
[113/432] S004 L1.5_LS0.3_LR0.0001_E256_D64_Dr0.3 - DONE
[114/432] S004 L1.5_LS0.3_LR0.0001_E256_D128_Dr0.3 - DONE
[115/432] S004 L1.5_LS0.5_LR0.0001_E64_D32_Dr0.3 - DONE
[116/432] S004 L1.5_LS0.5_LR0.0001_E64_D64_Dr0.3 - DONE
[117/432] S004 L1.5_LS0.5_LR0.0001_E64_D128_Dr0.3 - DONE
[118/432] S004 L1.5_LS0.5_LR0.0001_E128_D32_Dr0.3 - DONE
[119/432] S004 L1.5_LS0.5_LR0.0001_E128_D64_Dr0.3 - DONE
[120/432] S004 L1.5_LS0.5_LR0.0001_E128_D128_Dr0.3 - DONE
[121/432] S004 L1.5_LS0.5_LR0.0001_E256_D32_Dr0.3 - DONE
[122/432] S004 L1.5_LS0.5_LR0.0001_E256_D64_Dr0.3 - DONE
[123/432] S004 L1.5_LS0.5_LR0.0001_E256_D128_Dr0.3 - DONE
[124/432] S004 L2.0_LS0.3_LR0.0001_E64_D32_Dr0.3 - DONE
[125/432] S004 L2.0_LS0.3_LR0.0001_E64_D64_Dr0.3 - DONE
[126/432] S004 L2.0_LS0.3_LR0.0001_E64_D128_Dr0.3 - DONE
[127/432] S004 L2.0_LS0.3_LR0.0001_E128_D32_Dr0.3 - DONE
[128/432] S004 L2.0_LS0.3_LR0.0001_E128_D64_Dr0.3 - DONE
[129/432] S004 L2.0_LS0.3_LR0.0001_E128_D128_Dr0.3 - DONE
[130/432] S004 L2.0_LS0.3_LR0.0001_E256_D32_Dr0.3 - DONE
[131/432] S004 L2.0_LS0.3_LR0.0001_E256_D64_Dr0.3 - DONE
[132/432] S004 L2.0_LS0.3_LR0.0001_E256_D128_Dr0.3 - DONE
[133/432] S004 L2.0_LS0.5_LR0.0001_E64_D32_Dr0.3 - DONE
[134/432] S004 L2.0_LS0.5_LR0.0001_E64_D64_Dr0.3 - DONE
[135/432] S004 L2.0_LS0.5_LR0.0001_E64_D128_Dr0.3 - DONE
[136/432] S004 L2.0_LS0.5_LR0.0001_E128_D32_Dr0.3 - DONE
[137/432] S004 L2.0_LS0.5_LR0.0001_E128_D64_Dr0.3 - DONE
[138/432] S004 L2.0_LS0.5_LR0.0001_E128_D128_Dr0.3 - DONE
[139/432] S004 L2.0_LS0.5_LR0.0001_E256_D32_Dr0.3 - DONE
[140/432] S004 L2.0_LS0.5_LR0.0001_E256_D64_Dr0.3 - DONE
[141/432] S004 L2.0_LS0.5_LR0.0001_E256_D128_Dr0.3 - DONE
[142/432] S004 L0.5_LS0.3_LR0.0001_E64_D32_Dr0.3 - DONE
[143/432] S006 L0.5_LS0.3_LR0.0001_E64_D64_Dr0.3 - DONE
[144/432] S006 L0.5_LS0.3_LR0.0001_E64_D128_Dr0.3 - DONE
[145/432] S006 L0.5_LS0.3_LR0.0001_E128_D32_Dr0.3 - DONE
