Python: /home/sangukchoi/.conda/envs/torch_gpu/bin/python
Conda Env: torch_gpu
Tue Dec 23 22:53:06 2025       
+---------------------------------------------------------------------------------------+
| NVIDIA-SMI 535.247.01             Driver Version: 535.247.01   CUDA Version: 12.2     |
|-----------------------------------------+----------------------+----------------------+
| GPU  Name                 Persistence-M | Bus-Id        Disp.A | Volatile Uncorr. ECC |
| Fan  Temp   Perf          Pwr:Usage/Cap |         Memory-Usage | GPU-Util  Compute M. |
|                                         |                      |               MIG M. |
|=========================================+======================+======================|
|   0  NVIDIA RTX A5000               On  | 00000000:81:00.0 Off |                  Off |
| 34%   57C    P8              29W / 230W |      1MiB / 24564MiB |      0%      Default |
|                                         |                      |                  N/A |
+-----------------------------------------+----------------------+----------------------+
|   1  NVIDIA RTX A5000               On  | 00000000:82:00.0 Off |                  Off |
| 30%   46C    P8              16W / 230W |      1MiB / 24564MiB |      0%      Default |
|                                         |                      |                  N/A |
+-----------------------------------------+----------------------+----------------------+
|   2  NVIDIA RTX A5000               On  | 00000000:C1:00.0 Off |                  Off |
| 31%   54C    P8              19W / 230W |      1MiB / 24564MiB |      0%      Default |
|                                         |                      |                  N/A |
+-----------------------------------------+----------------------+----------------------+
|   3  NVIDIA RTX A5000               On  | 00000000:C2:00.0 Off |                  Off |
| 36%   57C    P8              19W / 230W |      1MiB / 24564MiB |      0%      Default |
|                                         |                      |                  N/A |
+-----------------------------------------+----------------------+----------------------+
                                                                                         
+---------------------------------------------------------------------------------------+
| Processes:                                                                            |
|  GPU   GI   CI        PID   Type   Process name                            GPU Memory |
|        ID   ID                                                             Usage      |
|=======================================================================================|
|  No running processes found                                                           |
+---------------------------------------------------------------------------------------+
!!! CONFIG OVERRIDE LOADED from config_override.json: {'target_subject': 'S003', 'lambda_mmd': 0.1, 'learning_rate': 0.0001, 'encoder_layers': [64, 32], 'decoder_layers': [32], 'dropout': 0.4, 'results_dir': 'd:/RSC lab/Codes/Stroke_SDA/results_grid_search\\S003_L0.1_LR0.0001_E64_D32_Dr0.4', 'max_folds': 1, 'epochs': 100, 'patience': 5, 'batch_size': 64, 'modes': ['SDA']} !!!
Assuming 4 GPUs available.
Loading Source Data into System Memory (Shared by Workers)...
Loading Source Data (All Healthy)...
Data Loaded in 0.35s. Shape: (81491, 50, 8)
Total Combinations: 72 x 6 = 432 runs
Starting Optimized Parallel Execution with 4 workers...
[1/432] S003 L0.5_LS0.3_LR0.0001_E64_D64_Dr0.3 - DONE
[2/432] S003 L0.5_LS0.3_LR0.0001_E128_D32_Dr0.3 - DONE
[3/432] S003 L0.5_LS0.3_LR0.0001_E64_D128_Dr0.3 - DONE
[4/432] S003 L0.5_LS0.3_LR0.0001_E64_D32_Dr0.3 - DONE
[5/432] S003 L0.5_LS0.3_LR0.0001_E128_D64_Dr0.3 - DONE
[6/432] S003 L0.5_LS0.3_LR0.0001_E128_D128_Dr0.3 - DONE
[7/432] S003 L0.5_LS0.3_LR0.0001_E256_D32_Dr0.3 - DONE
[8/432] S003 L0.5_LS0.3_LR0.0001_E256_D64_Dr0.3 - DONE
[9/432] S003 L0.5_LS0.5_LR0.0001_E64_D128_Dr0.3 - DONE
[10/432] S003 L0.5_LS0.3_LR0.0001_E256_D128_Dr0.3 - DONE
[11/432] S003 L0.5_LS0.5_LR0.0001_E64_D64_Dr0.3 - DONE
[12/432] S003 L0.5_LS0.5_LR0.0001_E64_D32_Dr0.3 - DONE
[13/432] S003 L0.5_LS0.5_LR0.0001_E128_D32_Dr0.3 - DONE
[14/432] S003 L0.5_LS0.5_LR0.0001_E128_D128_Dr0.3 - DONE
[15/432] S003 L0.5_LS0.5_LR0.0001_E128_D64_Dr0.3 - DONE
[16/432] S003 L0.5_LS0.5_LR0.0001_E256_D32_Dr0.3 - DONE
[17/432] S003 L0.5_LS0.5_LR0.0001_E256_D64_Dr0.3 - DONE
[18/432] S003 L0.5_LS0.5_LR0.0001_E256_D128_Dr0.3 - DONE
[19/432] S003 L1.0_LS0.3_LR0.0001_E64_D64_Dr0.3 - DONE
[20/432] S003 L1.0_LS0.3_LR0.0001_E64_D32_Dr0.3 - DONE
[21/432] S003 L1.0_LS0.3_LR0.0001_E128_D32_Dr0.3 - DONE
[22/432] S003 L1.0_LS0.3_LR0.0001_E128_D128_Dr0.3 - DONE
[23/432] S003 L1.0_LS0.3_LR0.0001_E128_D64_Dr0.3 - DONE
[24/432] S003 L1.0_LS0.3_LR0.0001_E64_D128_Dr0.3 - DONE
[25/432] S003 L1.0_LS0.3_LR0.0001_E256_D32_Dr0.3 - DONE
[26/432] S003 L1.0_LS0.3_LR0.0001_E256_D64_Dr0.3 - DONE
[27/432] S003 L1.0_LS0.3_LR0.0001_E256_D128_Dr0.3 - DONE
[28/432] S003 L1.0_LS0.5_LR0.0001_E64_D32_Dr0.3 - DONE
[29/432] S003 L1.0_LS0.5_LR0.0001_E64_D64_Dr0.3 - DONE
[30/432] S003 L1.0_LS0.5_LR0.0001_E128_D32_Dr0.3 - DONE
[31/432] S003 L1.0_LS0.5_LR0.0001_E128_D128_Dr0.3 - DONE
[32/432] S003 L1.0_LS0.5_LR0.0001_E64_D128_Dr0.3 - DONE
[33/432] S003 L1.0_LS0.5_LR0.0001_E256_D32_Dr0.3 - DONE
[34/432] S003 L1.0_LS0.5_LR0.0001_E128_D64_Dr0.3 - DONE
[35/432] S003 L1.5_LS0.3_LR0.0001_E64_D32_Dr0.3 - DONE
[36/432] S003 L1.0_LS0.5_LR0.0001_E256_D64_Dr0.3 - DONE
[37/432] S003 L1.5_LS0.3_LR0.0001_E64_D64_Dr0.3 - DONE
[38/432] S003 L1.0_LS0.5_LR0.0001_E256_D128_Dr0.3 - DONE
[39/432] S003 L1.5_LS0.3_LR0.0001_E128_D64_Dr0.3 - DONE
[40/432] S003 L1.5_LS0.3_LR0.0001_E64_D128_Dr0.3 - DONE
[41/432] S003 L1.5_LS0.3_LR0.0001_E128_D32_Dr0.3 - DONE
[42/432] S003 L1.5_LS0.3_LR0.0001_E128_D128_Dr0.3 - DONE
[43/432] S003 L1.5_LS0.3_LR0.0001_E256_D32_Dr0.3 - DONE
[44/432] S003 L1.5_LS0.3_LR0.0001_E256_D64_Dr0.3 - DONE
[45/432] S003 L1.5_LS0.5_LR0.0001_E64_D32_Dr0.3 - DONE
[46/432] S003 L1.5_LS0.5_LR0.0001_E64_D64_Dr0.3 - DONE
[47/432] S003 L1.5_LS0.5_LR0.0001_E128_D64_Dr0.3 - DONE
[48/432] S003 L1.5_LS0.5_LR0.0001_E64_D128_Dr0.3 - DONE
[49/432] S003 L1.5_LS0.3_LR0.0001_E256_D128_Dr0.3 - DONE
[50/432] S003 L1.5_LS0.5_LR0.0001_E128_D32_Dr0.3 - DONE
[51/432] S003 L1.5_LS0.5_LR0.0001_E128_D128_Dr0.3 - DONE
[52/432] S003 L2.0_LS0.3_LR0.0001_E64_D32_Dr0.3 - DONE
[53/432] S003 L1.5_LS0.5_LR0.0001_E256_D64_Dr0.3 - DONE
[54/432] S003 L1.5_LS0.5_LR0.0001_E256_D32_Dr0.3 - DONE
[55/432] S003 L1.5_LS0.5_LR0.0001_E256_D128_Dr0.3 - DONE
[56/432] S003 L2.0_LS0.3_LR0.0001_E128_D32_Dr0.3 - DONE
[57/432] S003 L2.0_LS0.3_LR0.0001_E64_D128_Dr0.3 - DONE
[58/432] S003 L2.0_LS0.3_LR0.0001_E128_D64_Dr0.3 - DONE
[59/432] S003 L2.0_LS0.3_LR0.0001_E64_D64_Dr0.3 - DONE
[60/432] S003 L2.0_LS0.3_LR0.0001_E256_D64_Dr0.3 - DONE
[61/432] S003 L2.0_LS0.3_LR0.0001_E128_D128_Dr0.3 - DONE
[62/432] S003 L2.0_LS0.3_LR0.0001_E256_D128_Dr0.3 - DONE
[63/432] S003 L2.0_LS0.3_LR0.0001_E256_D32_Dr0.3 - DONE
[64/432] S003 L2.0_LS0.5_LR0.0001_E64_D32_Dr0.3 - DONE
[65/432] S003 L2.0_LS0.5_LR0.0001_E128_D32_Dr0.3 - DONE
[66/432] S003 L2.0_LS0.5_LR0.0001_E64_D128_Dr0.3 - DONE
[67/432] S003 L2.0_LS0.5_LR0.0001_E64_D64_Dr0.3 - DONE
[68/432] S003 L2.0_LS0.5_LR0.0001_E128_D64_Dr0.3 - DONE
[69/432] S003 L2.0_LS0.5_LR0.0001_E128_D128_Dr0.3 - DONE
[70/432] S003 L2.0_LS0.5_LR0.0001_E256_D64_Dr0.3 - DONE
[71/432] S003 L2.0_LS0.5_LR0.0001_E256_D32_Dr0.3 - DONE
[72/432] S004 L0.5_LS0.3_LR0.0001_E64_D32_Dr0.3 - DONE
[73/432] S003 L2.0_LS0.5_LR0.0001_E256_D128_Dr0.3 - DONE
[74/432] S004 L0.5_LS0.3_LR0.0001_E128_D32_Dr0.3 - DONE
[75/432] S004 L0.5_LS0.3_LR0.0001_E128_D64_Dr0.3 - DONE
[76/432] S004 L0.5_LS0.3_LR0.0001_E64_D64_Dr0.3 - DONE
[77/432] S004 L0.5_LS0.3_LR0.0001_E64_D128_Dr0.3 - DONE
[78/432] S004 L0.5_LS0.3_LR0.0001_E128_D128_Dr0.3 - DONE
[79/432] S004 L0.5_LS0.3_LR0.0001_E256_D32_Dr0.3 - DONE
[80/432] S004 L0.5_LS0.3_LR0.0001_E256_D64_Dr0.3 - DONE
[81/432] S004 L0.5_LS0.5_LR0.0001_E64_D64_Dr0.3 - DONE
[82/432] S004 L0.5_LS0.3_LR0.0001_E256_D128_Dr0.3 - DONE
[83/432] S004 L0.5_LS0.5_LR0.0001_E128_D32_Dr0.3 - DONE
[84/432] S004 L0.5_LS0.5_LR0.0001_E64_D32_Dr0.3 - DONE
[85/432] S004 L0.5_LS0.5_LR0.0001_E64_D128_Dr0.3 - DONE
[86/432] S004 L0.5_LS0.5_LR0.0001_E128_D64_Dr0.3 - DONE
[87/432] S004 L0.5_LS0.5_LR0.0001_E256_D64_Dr0.3 - DONE
[88/432] S004 L0.5_LS0.5_LR0.0001_E128_D128_Dr0.3 - DONE
[89/432] S004 L0.5_LS0.5_LR0.0001_E256_D128_Dr0.3 - DONE
[90/432] S004 L0.5_LS0.5_LR0.0001_E256_D32_Dr0.3 - DONE
[91/432] S004 L1.0_LS0.3_LR0.0001_E64_D32_Dr0.3 - DONE
[92/432] S004 L1.0_LS0.3_LR0.0001_E64_D64_Dr0.3 - DONE
[93/432] S004 L1.0_LS0.3_LR0.0001_E128_D32_Dr0.3 - DONE
[94/432] S004 L1.0_LS0.3_LR0.0001_E64_D128_Dr0.3 - DONE
[95/432] S004 L1.0_LS0.3_LR0.0001_E128_D64_Dr0.3 - DONE
[96/432] S004 L1.0_LS0.3_LR0.0001_E256_D32_Dr0.3 - DONE
[97/432] S004 L1.0_LS0.3_LR0.0001_E256_D128_Dr0.3 - DONE
[98/432] S004 L1.0_LS0.3_LR0.0001_E128_D128_Dr0.3 - DONE
[99/432] S004 L1.0_LS0.3_LR0.0001_E256_D64_Dr0.3 - DONE
[100/432] S004 L1.0_LS0.5_LR0.0001_E64_D32_Dr0.3 - DONE
[101/432] S004 L1.0_LS0.5_LR0.0001_E64_D64_Dr0.3 - DONE
[102/432] S004 L1.0_LS0.5_LR0.0001_E128_D128_Dr0.3 - DONE
[103/432] S004 L1.0_LS0.5_LR0.0001_E128_D32_Dr0.3 - DONE
[104/432] S004 L1.0_LS0.5_LR0.0001_E64_D128_Dr0.3 - DONE
[105/432] S004 L1.0_LS0.5_LR0.0001_E128_D64_Dr0.3 - DONE
[106/432] S004 L1.0_LS0.5_LR0.0001_E256_D32_Dr0.3 - DONE
[107/432] S004 L1.0_LS0.5_LR0.0001_E256_D128_Dr0.3 - DONE
[108/432] S004 L1.0_LS0.5_LR0.0001_E256_D64_Dr0.3 - DONE
[109/432] S004 L1.5_LS0.3_LR0.0001_E64_D32_Dr0.3 - DONE
[110/432] S004 L1.5_LS0.3_LR0.0001_E64_D128_Dr0.3 - DONE
[111/432] S004 L1.5_LS0.3_LR0.0001_E64_D64_Dr0.3 - DONE
[112/432] S004 L1.5_LS0.3_LR0.0001_E128_D32_Dr0.3 - DONE
[113/432] S004 L1.5_LS0.3_LR0.0001_E128_D64_Dr0.3 - DONE
[114/432] S004 L1.5_LS0.3_LR0.0001_E256_D64_Dr0.3 - DONE
[115/432] S004 L1.5_LS0.3_LR0.0001_E256_D32_Dr0.3 - DONE
[116/432] S004 L1.5_LS0.3_LR0.0001_E128_D128_Dr0.3 - DONE
[117/432] S004 L1.5_LS0.3_LR0.0001_E256_D128_Dr0.3 - DONE
[118/432] S004 L1.5_LS0.5_LR0.0001_E64_D64_Dr0.3 - DONE
[119/432] S004 L1.5_LS0.5_LR0.0001_E64_D32_Dr0.3 - DONE
[120/432] S004 L1.5_LS0.5_LR0.0001_E64_D128_Dr0.3 - DONE
[121/432] S004 L1.5_LS0.5_LR0.0001_E128_D32_Dr0.3 - DONE
[122/432] S004 L1.5_LS0.5_LR0.0001_E256_D32_Dr0.3 - DONE
[123/432] S004 L1.5_LS0.5_LR0.0001_E128_D128_Dr0.3 - DONE
[124/432] S004 L1.5_LS0.5_LR0.0001_E128_D64_Dr0.3 - DONE
[125/432] S004 L1.5_LS0.5_LR0.0001_E256_D64_Dr0.3 - DONE
[126/432] S004 L1.5_LS0.5_LR0.0001_E256_D128_Dr0.3 - DONE
[127/432] S004 L2.0_LS0.3_LR0.0001_E64_D32_Dr0.3 - DONE
[128/432] S004 L2.0_LS0.3_LR0.0001_E64_D64_Dr0.3 - DONE
[129/432] S004 L2.0_LS0.3_LR0.0001_E128_D32_Dr0.3 - DONE
[130/432] S004 L2.0_LS0.3_LR0.0001_E128_D64_Dr0.3 - DONE
[131/432] S004 L2.0_LS0.3_LR0.0001_E64_D128_Dr0.3 - DONE
[132/432] S004 L2.0_LS0.3_LR0.0001_E256_D32_Dr0.3 - DONE
[133/432] S004 L2.0_LS0.3_LR0.0001_E128_D128_Dr0.3 - DONE
[134/432] S004 L2.0_LS0.3_LR0.0001_E256_D64_Dr0.3 - DONE
[135/432] S004 L2.0_LS0.3_LR0.0001_E256_D128_Dr0.3 - DONE
[136/432] S004 L2.0_LS0.5_LR0.0001_E64_D64_Dr0.3 - DONE
[137/432] S004 L2.0_LS0.5_LR0.0001_E64_D32_Dr0.3 - DONE
[138/432] S004 L2.0_LS0.5_LR0.0001_E128_D32_Dr0.3 - DONE
[139/432] S004 L2.0_LS0.5_LR0.0001_E64_D128_Dr0.3 - DONE
[140/432] S004 L2.0_LS0.5_LR0.0001_E128_D64_Dr0.3 - DONE
[141/432] S004 L2.0_LS0.5_LR0.0001_E128_D128_Dr0.3 - DONE
[142/432] S004 L2.0_LS0.5_LR0.0001_E256_D32_Dr0.3 - DONE
[143/432] S004 L2.0_LS0.5_LR0.0001_E256_D64_Dr0.3 - DONE
[144/432] S004 L2.0_LS0.5_LR0.0001_E256_D128_Dr0.3 - DONE
[145/432] S006 L0.5_LS0.3_LR0.0001_E64_D64_Dr0.3 - DONE
[146/432] S006 L0.5_LS0.3_LR0.0001_E64_D128_Dr0.3 - DONE
[147/432] S006 L0.5_LS0.3_LR0.0001_E64_D32_Dr0.3 - DONE
[148/432] S006 L0.5_LS0.3_LR0.0001_E128_D32_Dr0.3 - DONE
[149/432] S006 L0.5_LS0.3_LR0.0001_E128_D64_Dr0.3 - DONE
[150/432] S006 L0.5_LS0.3_LR0.0001_E128_D128_Dr0.3 - DONE
[151/432] S006 L0.5_LS0.3_LR0.0001_E256_D32_Dr0.3 - DONE
[152/432] S006 L0.5_LS0.3_LR0.0001_E256_D64_Dr0.3 - DONE
[153/432] S006 L0.5_LS0.5_LR0.0001_E64_D128_Dr0.3 - DONE
[154/432] S006 L0.5_LS0.5_LR0.0001_E64_D64_Dr0.3 - DONE
[155/432] S006 L0.5_LS0.3_LR0.0001_E256_D128_Dr0.3 - DONE
[156/432] S006 L0.5_LS0.5_LR0.0001_E128_D32_Dr0.3 - DONE
[157/432] S006 L0.5_LS0.5_LR0.0001_E64_D32_Dr0.3 - DONE
[158/432] S006 L0.5_LS0.5_LR0.0001_E128_D64_Dr0.3 - DONE
[159/432] S006 L0.5_LS0.5_LR0.0001_E256_D64_Dr0.3 - DONE
[160/432] S006 L0.5_LS0.5_LR0.0001_E128_D128_Dr0.3 - DONE
[161/432] S006 L0.5_LS0.5_LR0.0001_E256_D32_Dr0.3 - DONE
[162/432] S006 L1.0_LS0.3_LR0.0001_E64_D64_Dr0.3 - DONE
[163/432] S006 L0.5_LS0.5_LR0.0001_E256_D128_Dr0.3 - DONE
[164/432] S006 L1.0_LS0.3_LR0.0001_E64_D128_Dr0.3 - DONE
[165/432] S006 L1.0_LS0.3_LR0.0001_E128_D32_Dr0.3 - DONE
[166/432] S006 L1.0_LS0.3_LR0.0001_E128_D64_Dr0.3 - DONE
[167/432] S006 L1.0_LS0.3_LR0.0001_E64_D32_Dr0.3 - DONE
[168/432] S006 L1.0_LS0.3_LR0.0001_E128_D128_Dr0.3 - DONE
[169/432] S006 L1.0_LS0.3_LR0.0001_E256_D64_Dr0.3 - DONE
[170/432] S006 L1.0_LS0.5_LR0.0001_E64_D32_Dr0.3 - DONE
[171/432] S006 L1.0_LS0.3_LR0.0001_E256_D128_Dr0.3 - DONE
[172/432] S006 L1.0_LS0.3_LR0.0001_E256_D32_Dr0.3 - DONE
[173/432] S006 L1.0_LS0.5_LR0.0001_E64_D64_Dr0.3 - DONE
[174/432] S006 L1.0_LS0.5_LR0.0001_E128_D32_Dr0.3 - DONE
[175/432] S006 L1.0_LS0.5_LR0.0001_E64_D128_Dr0.3 - DONE
[176/432] S006 L1.0_LS0.5_LR0.0001_E128_D64_Dr0.3 - DONE
[177/432] S006 L1.0_LS0.5_LR0.0001_E128_D128_Dr0.3 - DONE
[178/432] S006 L1.0_LS0.5_LR0.0001_E256_D32_Dr0.3 - DONE
[179/432] S006 L1.0_LS0.5_LR0.0001_E256_D64_Dr0.3 - DONE
[180/432] S006 L1.0_LS0.5_LR0.0001_E256_D128_Dr0.3 - DONE
[181/432] S006 L1.5_LS0.3_LR0.0001_E64_D32_Dr0.3 - DONE
[182/432] S006 L1.5_LS0.3_LR0.0001_E64_D128_Dr0.3 - DONE
[183/432] S006 L1.5_LS0.3_LR0.0001_E64_D64_Dr0.3 - DONE
[184/432] S006 L1.5_LS0.3_LR0.0001_E128_D32_Dr0.3 - DONE
[185/432] S006 L1.5_LS0.3_LR0.0001_E128_D64_Dr0.3 - DONE
[186/432] S006 L1.5_LS0.3_LR0.0001_E128_D128_Dr0.3 - DONE
[187/432] S006 L1.5_LS0.3_LR0.0001_E256_D32_Dr0.3 - DONE
[188/432] S006 L1.5_LS0.5_LR0.0001_E64_D64_Dr0.3 - DONE
[189/432] S006 L1.5_LS0.3_LR0.0001_E256_D128_Dr0.3 - DONE
[190/432] S006 L1.5_LS0.5_LR0.0001_E64_D32_Dr0.3 - DONE
[191/432] S006 L1.5_LS0.3_LR0.0001_E256_D64_Dr0.3 - DONE
[192/432] S006 L1.5_LS0.5_LR0.0001_E128_D32_Dr0.3 - DONE
[193/432] S006 L1.5_LS0.5_LR0.0001_E128_D128_Dr0.3 - DONE
[194/432] S006 L1.5_LS0.5_LR0.0001_E128_D64_Dr0.3 - DONE
[195/432] S006 L1.5_LS0.5_LR0.0001_E64_D128_Dr0.3 - DONE
[196/432] S006 L1.5_LS0.5_LR0.0001_E256_D32_Dr0.3 - DONE
[197/432] S006 L1.5_LS0.5_LR0.0001_E256_D64_Dr0.3 - DONE
[198/432] S006 L1.5_LS0.5_LR0.0001_E256_D128_Dr0.3 - DONE
[199/432] S006 L2.0_LS0.3_LR0.0001_E64_D32_Dr0.3 - DONE
[200/432] S006 L2.0_LS0.3_LR0.0001_E64_D64_Dr0.3 - DONE
[201/432] S006 L2.0_LS0.3_LR0.0001_E64_D128_Dr0.3 - DONE
[202/432] S006 L2.0_LS0.3_LR0.0001_E128_D32_Dr0.3 - DONE
[203/432] S006 L2.0_LS0.3_LR0.0001_E128_D64_Dr0.3 - DONE
[204/432] S006 L2.0_LS0.3_LR0.0001_E256_D32_Dr0.3 - DONE
[205/432] S006 L2.0_LS0.3_LR0.0001_E128_D128_Dr0.3 - DONE
[206/432] S006 L2.0_LS0.3_LR0.0001_E256_D64_Dr0.3 - DONE
[207/432] S006 L2.0_LS0.3_LR0.0001_E256_D128_Dr0.3 - DONE
[208/432] S006 L2.0_LS0.5_LR0.0001_E64_D32_Dr0.3 - DONE
[209/432] S006 L2.0_LS0.5_LR0.0001_E64_D128_Dr0.3 - DONE
[210/432] S006 L2.0_LS0.5_LR0.0001_E128_D64_Dr0.3 - DONE
[211/432] S006 L2.0_LS0.5_LR0.0001_E64_D64_Dr0.3 - DONE
[212/432] S006 L2.0_LS0.5_LR0.0001_E128_D32_Dr0.3 - DONE
[213/432] S006 L2.0_LS0.5_LR0.0001_E128_D128_Dr0.3 - DONE
[214/432] S006 L2.0_LS0.5_LR0.0001_E256_D64_Dr0.3 - DONE
[215/432] S006 L2.0_LS0.5_LR0.0001_E256_D128_Dr0.3 - DONE
[216/432] S006 L2.0_LS0.5_LR0.0001_E256_D32_Dr0.3 - DONE
[217/432] S007 L0.5_LS0.3_LR0.0001_E64_D32_Dr0.3 - DONE
[218/432] S007 L0.5_LS0.3_LR0.0001_E128_D32_Dr0.3 - DONE
[219/432] S007 L0.5_LS0.3_LR0.0001_E64_D64_Dr0.3 - DONE
[220/432] S007 L0.5_LS0.3_LR0.0001_E128_D64_Dr0.3 - DONE
[221/432] S007 L0.5_LS0.3_LR0.0001_E64_D128_Dr0.3 - DONE
[222/432] S007 L0.5_LS0.3_LR0.0001_E128_D128_Dr0.3 - DONE
[223/432] S007 L0.5_LS0.3_LR0.0001_E256_D32_Dr0.3 - DONE
[224/432] S007 L0.5_LS0.3_LR0.0001_E256_D64_Dr0.3 - DONE
[225/432] S007 L0.5_LS0.5_LR0.0001_E64_D32_Dr0.3 - DONE
[226/432] S007 L0.5_LS0.3_LR0.0001_E256_D128_Dr0.3 - DONE
[227/432] S007 L0.5_LS0.5_LR0.0001_E64_D64_Dr0.3 - DONE
[228/432] S007 L0.5_LS0.5_LR0.0001_E128_D32_Dr0.3 - DONE
[229/432] S007 L0.5_LS0.5_LR0.0001_E128_D128_Dr0.3 - DONE
[230/432] S007 L0.5_LS0.5_LR0.0001_E128_D64_Dr0.3 - DONE
[231/432] S007 L0.5_LS0.5_LR0.0001_E256_D32_Dr0.3 - DONE
[232/432] S007 L0.5_LS0.5_LR0.0001_E64_D128_Dr0.3 - DONE
[233/432] S007 L0.5_LS0.5_LR0.0001_E256_D64_Dr0.3 - DONE
[234/432] S007 L0.5_LS0.5_LR0.0001_E256_D128_Dr0.3 - DONE
[235/432] S007 L1.0_LS0.3_LR0.0001_E64_D32_Dr0.3 - DONE
[236/432] S007 L1.0_LS0.3_LR0.0001_E64_D64_Dr0.3 - DONE
[237/432] S007 L1.0_LS0.3_LR0.0001_E128_D32_Dr0.3 - DONE
[238/432] S007 L1.0_LS0.3_LR0.0001_E64_D128_Dr0.3 - DONE
[239/432] S007 L1.0_LS0.3_LR0.0001_E128_D64_Dr0.3 - DONE
[240/432] S007 L1.0_LS0.3_LR0.0001_E256_D32_Dr0.3 - DONE
[241/432] S007 L1.0_LS0.3_LR0.0001_E128_D128_Dr0.3 - DONE
[242/432] S007 L1.0_LS0.5_LR0.0001_E64_D32_Dr0.3 - DONE
[243/432] S007 L1.0_LS0.3_LR0.0001_E256_D128_Dr0.3 - DONE
[244/432] S007 L1.0_LS0.5_LR0.0001_E64_D64_Dr0.3 - DONE
[245/432] S007 L1.0_LS0.3_LR0.0001_E256_D64_Dr0.3 - DONE
[246/432] S007 L1.0_LS0.5_LR0.0001_E64_D128_Dr0.3 - DONE
[247/432] S007 L1.0_LS0.5_LR0.0001_E128_D32_Dr0.3 - DONE
[248/432] S007 L1.0_LS0.5_LR0.0001_E128_D64_Dr0.3 - DONE
[249/432] S007 L1.0_LS0.5_LR0.0001_E128_D128_Dr0.3 - DONE
[250/432] S007 L1.0_LS0.5_LR0.0001_E256_D64_Dr0.3 - DONE
[251/432] S007 L1.5_LS0.3_LR0.0001_E64_D32_Dr0.3 - DONE
[252/432] S007 L1.0_LS0.5_LR0.0001_E256_D32_Dr0.3 - DONE
[253/432] S007 L1.0_LS0.5_LR0.0001_E256_D128_Dr0.3 - DONE
[254/432] S007 L1.5_LS0.3_LR0.0001_E128_D32_Dr0.3 - DONE
[255/432] S007 L1.5_LS0.3_LR0.0001_E64_D64_Dr0.3 - DONE
[256/432] S007 L1.5_LS0.3_LR0.0001_E64_D128_Dr0.3 - DONE
[257/432] S007 L1.5_LS0.3_LR0.0001_E128_D64_Dr0.3 - DONE
[258/432] S007 L1.5_LS0.3_LR0.0001_E256_D64_Dr0.3 - DONE
[259/432] S007 L1.5_LS0.3_LR0.0001_E128_D128_Dr0.3 - DONE
[260/432] S007 L1.5_LS0.3_LR0.0001_E256_D32_Dr0.3 - DONE
[261/432] S007 L1.5_LS0.3_LR0.0001_E256_D128_Dr0.3 - DONE
[262/432] S007 L1.5_LS0.5_LR0.0001_E64_D32_Dr0.3 - DONE
[263/432] S007 L1.5_LS0.5_LR0.0001_E64_D64_Dr0.3 - DONE
[264/432] S007 L1.5_LS0.5_LR0.0001_E64_D128_Dr0.3 - DONE
[265/432] S007 L1.5_LS0.5_LR0.0001_E128_D64_Dr0.3 - DONE
[266/432] S007 L1.5_LS0.5_LR0.0001_E128_D32_Dr0.3 - DONE
[267/432] S007 L1.5_LS0.5_LR0.0001_E128_D128_Dr0.3 - DONE
[268/432] S007 L1.5_LS0.5_LR0.0001_E256_D32_Dr0.3 - DONE
[269/432] S007 L2.0_LS0.3_LR0.0001_E64_D32_Dr0.3 - DONE
[270/432] S007 L1.5_LS0.5_LR0.0001_E256_D128_Dr0.3 - DONE
[271/432] S007 L2.0_LS0.3_LR0.0001_E64_D64_Dr0.3 - DONE
[272/432] S007 L1.5_LS0.5_LR0.0001_E256_D64_Dr0.3 - DONE
[273/432] S007 L2.0_LS0.3_LR0.0001_E128_D32_Dr0.3 - DONE
[274/432] S007 L2.0_LS0.3_LR0.0001_E128_D64_Dr0.3 - DONE
[275/432] S007 L2.0_LS0.3_LR0.0001_E64_D128_Dr0.3 - DONE
[276/432] S007 L2.0_LS0.3_LR0.0001_E256_D32_Dr0.3 - DONE
[277/432] S007 L2.0_LS0.3_LR0.0001_E256_D64_Dr0.3 - DONE
[278/432] S007 L2.0_LS0.3_LR0.0001_E256_D128_Dr0.3 - DONE
[279/432] S007 L2.0_LS0.5_LR0.0001_E64_D32_Dr0.3 - DONE
[280/432] S007 L2.0_LS0.5_LR0.0001_E64_D128_Dr0.3 - DONE
[281/432] S007 L2.0_LS0.3_LR0.0001_E128_D128_Dr0.3 - DONE
[282/432] S007 L2.0_LS0.5_LR0.0001_E128_D32_Dr0.3 - DONE
[283/432] S007 L2.0_LS0.5_LR0.0001_E64_D64_Dr0.3 - DONE
[284/432] S007 L2.0_LS0.5_LR0.0001_E128_D64_Dr0.3 - DONE
[285/432] S007 L2.0_LS0.5_LR0.0001_E256_D32_Dr0.3 - DONE
[286/432] S007 L2.0_LS0.5_LR0.0001_E128_D128_Dr0.3 - DONE
[287/432] S007 L2.0_LS0.5_LR0.0001_E256_D128_Dr0.3 - DONE
[288/432] S008 L0.5_LS0.3_LR0.0001_E64_D64_Dr0.3 - DONE
[289/432] S008 L0.5_LS0.3_LR0.0001_E64_D32_Dr0.3 - DONE
[290/432] S008 L0.5_LS0.3_LR0.0001_E64_D128_Dr0.3 - DONE
[291/432] S008 L0.5_LS0.3_LR0.0001_E128_D64_Dr0.3 - DONE
[292/432] S008 L0.5_LS0.3_LR0.0001_E128_D32_Dr0.3 - DONE
[293/432] S007 L2.0_LS0.5_LR0.0001_E256_D64_Dr0.3 - DONE
[294/432] S008 L0.5_LS0.3_LR0.0001_E128_D128_Dr0.3 - DONE
[295/432] S008 L0.5_LS0.5_LR0.0001_E64_D32_Dr0.3 - DONE
[296/432] S008 L0.5_LS0.3_LR0.0001_E256_D32_Dr0.3 - DONE
[297/432] S008 L0.5_LS0.3_LR0.0001_E256_D64_Dr0.3 - DONE
[298/432] S008 L0.5_LS0.3_LR0.0001_E256_D128_Dr0.3 - DONE
[299/432] S008 L0.5_LS0.5_LR0.0001_E64_D128_Dr0.3 - DONE
[300/432] S008 L0.5_LS0.5_LR0.0001_E128_D32_Dr0.3 - DONE
[301/432] S008 L0.5_LS0.5_LR0.0001_E64_D64_Dr0.3 - DONE
[302/432] S008 L0.5_LS0.5_LR0.0001_E128_D64_Dr0.3 - DONE
[303/432] S008 L0.5_LS0.5_LR0.0001_E256_D32_Dr0.3 - DONE
[304/432] S008 L0.5_LS0.5_LR0.0001_E128_D128_Dr0.3 - DONE
[305/432] S008 L0.5_LS0.5_LR0.0001_E256_D64_Dr0.3 - DONE
[306/432] S008 L0.5_LS0.5_LR0.0001_E256_D128_Dr0.3 - DONE
[307/432] S008 L1.0_LS0.3_LR0.0001_E64_D32_Dr0.3 - DONE
[308/432] S008 L1.0_LS0.3_LR0.0001_E128_D32_Dr0.3 - DONE
[309/432] S008 L1.0_LS0.3_LR0.0001_E64_D64_Dr0.3 - DONE
[310/432] S008 L1.0_LS0.3_LR0.0001_E128_D64_Dr0.3 - DONE
[311/432] S008 L1.0_LS0.3_LR0.0001_E64_D128_Dr0.3 - DONE
[312/432] S008 L1.0_LS0.3_LR0.0001_E256_D32_Dr0.3 - DONE
[313/432] S008 L1.0_LS0.3_LR0.0001_E128_D128_Dr0.3 - DONE
[314/432] S008 L1.0_LS0.3_LR0.0001_E256_D128_Dr0.3 - DONE
[315/432] S008 L1.0_LS0.5_LR0.0001_E64_D32_Dr0.3 - DONE
[316/432] S008 L1.0_LS0.3_LR0.0001_E256_D64_Dr0.3 - DONE
[317/432] S008 L1.0_LS0.5_LR0.0001_E64_D128_Dr0.3 - DONE
[318/432] S008 L1.0_LS0.5_LR0.0001_E64_D64_Dr0.3 - DONE
[319/432] S008 L1.0_LS0.5_LR0.0001_E128_D64_Dr0.3 - DONE
[320/432] S008 L1.0_LS0.5_LR0.0001_E128_D32_Dr0.3 - DONE
[321/432] S008 L1.0_LS0.5_LR0.0001_E256_D64_Dr0.3 - DONE
[322/432] S008 L1.0_LS0.5_LR0.0001_E256_D32_Dr0.3 - DONE
[323/432] S008 L1.0_LS0.5_LR0.0001_E128_D128_Dr0.3 - DONE
[324/432] S008 L1.0_LS0.5_LR0.0001_E256_D128_Dr0.3 - DONE
[325/432] S008 L1.5_LS0.3_LR0.0001_E64_D64_Dr0.3 - DONE
[326/432] S008 L1.5_LS0.3_LR0.0001_E128_D32_Dr0.3 - DONE
[327/432] S008 L1.5_LS0.3_LR0.0001_E64_D128_Dr0.3 - DONE
[328/432] S008 L1.5_LS0.3_LR0.0001_E64_D32_Dr0.3 - DONE
[329/432] S008 L1.5_LS0.3_LR0.0001_E128_D64_Dr0.3 - DONE
[330/432] S008 L1.5_LS0.3_LR0.0001_E256_D128_Dr0.3 - DONE
[331/432] S008 L1.5_LS0.3_LR0.0001_E256_D64_Dr0.3 - DONE
[332/432] S008 L1.5_LS0.3_LR0.0001_E256_D32_Dr0.3 - DONE
[333/432] S008 L1.5_LS0.3_LR0.0001_E128_D128_Dr0.3 - DONE
[334/432] S008 L1.5_LS0.5_LR0.0001_E64_D32_Dr0.3 - DONE
[335/432] S008 L1.5_LS0.5_LR0.0001_E64_D64_Dr0.3 - DONE
[336/432] S008 L1.5_LS0.5_LR0.0001_E128_D32_Dr0.3 - DONE
[337/432] S008 L1.5_LS0.5_LR0.0001_E128_D128_Dr0.3 - DONE
[338/432] S008 L1.5_LS0.5_LR0.0001_E256_D32_Dr0.3 - DONE
[339/432] S008 L1.5_LS0.5_LR0.0001_E64_D128_Dr0.3 - DONE
[340/432] S008 L1.5_LS0.5_LR0.0001_E128_D64_Dr0.3 - DONE
[341/432] S008 L1.5_LS0.5_LR0.0001_E256_D64_Dr0.3 - DONE
[342/432] S008 L1.5_LS0.5_LR0.0001_E256_D128_Dr0.3 - DONE
[343/432] S008 L2.0_LS0.3_LR0.0001_E64_D64_Dr0.3 - DONE
[344/432] S008 L2.0_LS0.3_LR0.0001_E64_D32_Dr0.3 - DONE
[345/432] S008 L2.0_LS0.3_LR0.0001_E128_D32_Dr0.3 - DONE
[346/432] S008 L2.0_LS0.3_LR0.0001_E128_D64_Dr0.3 - DONE
[347/432] S008 L2.0_LS0.3_LR0.0001_E128_D128_Dr0.3 - DONE
[348/432] S008 L2.0_LS0.3_LR0.0001_E256_D64_Dr0.3 - DONE
[349/432] S008 L2.0_LS0.3_LR0.0001_E256_D32_Dr0.3 - DONE
[350/432] S008 L2.0_LS0.3_LR0.0001_E64_D128_Dr0.3 - DONE
[351/432] S008 L2.0_LS0.5_LR0.0001_E64_D32_Dr0.3 - DONE
[352/432] S008 L2.0_LS0.3_LR0.0001_E256_D128_Dr0.3 - DONE
[353/432] S008 L2.0_LS0.5_LR0.0001_E64_D64_Dr0.3 - DONE
[354/432] S008 L2.0_LS0.5_LR0.0001_E64_D128_Dr0.3 - DONE
[355/432] S008 L2.0_LS0.5_LR0.0001_E128_D32_Dr0.3 - DONE
[356/432] S008 L2.0_LS0.5_LR0.0001_E128_D128_Dr0.3 - DONE
[357/432] S008 L2.0_LS0.5_LR0.0001_E128_D64_Dr0.3 - DONE
[358/432] S008 L2.0_LS0.5_LR0.0001_E256_D32_Dr0.3 - DONE
[359/432] S008 L2.0_LS0.5_LR0.0001_E256_D128_Dr0.3 - DONE
[360/432] S008 L2.0_LS0.5_LR0.0001_E256_D64_Dr0.3 - DONE
[361/432] S013 L0.5_LS0.3_LR0.0001_E64_D64_Dr0.3 - DONE
[362/432] S013 L0.5_LS0.3_LR0.0001_E64_D32_Dr0.3 - DONE
[363/432] S013 L0.5_LS0.3_LR0.0001_E64_D128_Dr0.3 - DONE
[364/432] S013 L0.5_LS0.3_LR0.0001_E128_D32_Dr0.3 - DONE
[365/432] S013 L0.5_LS0.3_LR0.0001_E128_D64_Dr0.3 - DONE
[366/432] S013 L0.5_LS0.3_LR0.0001_E128_D128_Dr0.3 - DONE
[367/432] S013 L0.5_LS0.3_LR0.0001_E256_D64_Dr0.3 - DONE
[368/432] S013 L0.5_LS0.3_LR0.0001_E256_D32_Dr0.3 - DONE
[369/432] S013 L0.5_LS0.5_LR0.0001_E64_D32_Dr0.3 - DONE
[370/432] S013 L0.5_LS0.3_LR0.0001_E256_D128_Dr0.3 - DONE
[371/432] S013 L0.5_LS0.5_LR0.0001_E64_D128_Dr0.3 - DONE
[372/432] S013 L0.5_LS0.5_LR0.0001_E128_D32_Dr0.3 - DONE
[373/432] S013 L0.5_LS0.5_LR0.0001_E128_D64_Dr0.3 - DONE
[374/432] S013 L0.5_LS0.5_LR0.0001_E128_D128_Dr0.3 - DONE
[375/432] S013 L0.5_LS0.5_LR0.0001_E256_D32_Dr0.3 - DONE
[376/432] S013 L0.5_LS0.5_LR0.0001_E64_D64_Dr0.3 - DONE
[377/432] S013 L0.5_LS0.5_LR0.0001_E256_D128_Dr0.3 - DONE
[378/432] S013 L0.5_LS0.5_LR0.0001_E256_D64_Dr0.3 - DONE
[379/432] S013 L1.0_LS0.3_LR0.0001_E64_D32_Dr0.3 - DONE
[380/432] S013 L1.0_LS0.3_LR0.0001_E64_D128_Dr0.3 - DONE
[381/432] S013 L1.0_LS0.3_LR0.0001_E64_D64_Dr0.3 - DONE
[382/432] S013 L1.0_LS0.3_LR0.0001_E128_D32_Dr0.3 - DONE
[383/432] S013 L1.0_LS0.3_LR0.0001_E128_D64_Dr0.3 - DONE
[384/432] S013 L1.0_LS0.3_LR0.0001_E256_D64_Dr0.3 - DONE
[385/432] S013 L1.0_LS0.3_LR0.0001_E128_D128_Dr0.3 - DONE
[386/432] S013 L1.0_LS0.5_LR0.0001_E64_D64_Dr0.3 - DONE
[387/432] S013 L1.0_LS0.5_LR0.0001_E64_D32_Dr0.3 - DONE
[388/432] S013 L1.0_LS0.3_LR0.0001_E256_D128_Dr0.3 - DONE
[389/432] S013 L1.0_LS0.3_LR0.0001_E256_D32_Dr0.3 - DONE
[390/432] S013 L1.0_LS0.5_LR0.0001_E128_D32_Dr0.3 - DONE
[391/432] S013 L1.0_LS0.5_LR0.0001_E128_D64_Dr0.3 - DONE
[392/432] S013 L1.0_LS0.5_LR0.0001_E128_D128_Dr0.3 - DONE
[393/432] S013 L1.0_LS0.5_LR0.0001_E64_D128_Dr0.3 - DONE
[394/432] S013 L1.0_LS0.5_LR0.0001_E256_D32_Dr0.3 - DONE
[395/432] S013 L1.0_LS0.5_LR0.0001_E256_D128_Dr0.3 - DONE
[396/432] S013 L1.5_LS0.3_LR0.0001_E64_D32_Dr0.3 - DONE
[397/432] S013 L1.0_LS0.5_LR0.0001_E256_D64_Dr0.3 - DONE
[398/432] S013 L1.5_LS0.3_LR0.0001_E64_D64_Dr0.3 - DONE
[399/432] S013 L1.5_LS0.3_LR0.0001_E64_D128_Dr0.3 - DONE
[400/432] S013 L1.5_LS0.3_LR0.0001_E128_D128_Dr0.3 - DONE
[401/432] S013 L1.5_LS0.3_LR0.0001_E128_D32_Dr0.3 - DONE
[402/432] S013 L1.5_LS0.3_LR0.0001_E128_D64_Dr0.3 - DONE
[403/432] S013 L1.5_LS0.3_LR0.0001_E256_D32_Dr0.3 - DONE
[404/432] S013 L1.5_LS0.3_LR0.0001_E256_D64_Dr0.3 - DONE
[405/432] S013 L1.5_LS0.3_LR0.0001_E256_D128_Dr0.3 - DONE
[406/432] S013 L1.5_LS0.5_LR0.0001_E64_D64_Dr0.3 - DONE
[407/432] S013 L1.5_LS0.5_LR0.0001_E64_D32_Dr0.3 - DONE
[408/432] S013 L1.5_LS0.5_LR0.0001_E64_D128_Dr0.3 - DONE
[409/432] S013 L1.5_LS0.5_LR0.0001_E128_D64_Dr0.3 - DONE
[410/432] S013 L1.5_LS0.5_LR0.0001_E128_D32_Dr0.3 - DONE
[411/432] S013 L1.5_LS0.5_LR0.0001_E128_D128_Dr0.3 - DONE
[412/432] S013 L1.5_LS0.5_LR0.0001_E256_D32_Dr0.3 - DONE
[413/432] S013 L1.5_LS0.5_LR0.0001_E256_D128_Dr0.3 - DONE
[414/432] S013 L1.5_LS0.5_LR0.0001_E256_D64_Dr0.3 - DONE
[415/432] S013 L2.0_LS0.3_LR0.0001_E64_D64_Dr0.3 - DONE
[416/432] S013 L2.0_LS0.3_LR0.0001_E64_D32_Dr0.3 - DONE
[417/432] S013 L2.0_LS0.3_LR0.0001_E128_D32_Dr0.3 - DONE
[418/432] S013 L2.0_LS0.3_LR0.0001_E128_D64_Dr0.3 - DONE
[419/432] S013 L2.0_LS0.3_LR0.0001_E64_D128_Dr0.3 - DONE
[420/432] S013 L2.0_LS0.3_LR0.0001_E128_D128_Dr0.3 - DONE
[421/432] S013 L2.0_LS0.3_LR0.0001_E256_D64_Dr0.3 - DONE
[422/432] S013 L2.0_LS0.3_LR0.0001_E256_D32_Dr0.3 - DONE
[423/432] S013 L2.0_LS0.3_LR0.0001_E256_D128_Dr0.3 - DONE
[424/432] S013 L2.0_LS0.5_LR0.0001_E64_D64_Dr0.3 - DONE
[425/432] S013 L2.0_LS0.5_LR0.0001_E64_D32_Dr0.3 - DONE
[426/432] S013 L2.0_LS0.5_LR0.0001_E64_D128_Dr0.3 - DONE
[427/432] S013 L2.0_LS0.5_LR0.0001_E128_D32_Dr0.3 - DONE
[428/432] S013 L2.0_LS0.5_LR0.0001_E128_D64_Dr0.3 - DONE
[429/432] S013 L2.0_LS0.5_LR0.0001_E128_D128_Dr0.3 - DONE
[430/432] S013 L2.0_LS0.5_LR0.0001_E256_D32_Dr0.3 - DONE
[431/432] S013 L2.0_LS0.5_LR0.0001_E256_D64_Dr0.3 - DONE
[432/432] S013 L2.0_LS0.5_LR0.0001_E256_D128_Dr0.3 - DONE
