Python: /home/sangukchoi/.conda/envs/torch_gpu/bin/python
Conda Env: torch_gpu
Wed Dec 24 11:10:08 2025       
+---------------------------------------------------------------------------------------+
| NVIDIA-SMI 535.247.01             Driver Version: 535.247.01   CUDA Version: 12.2     |
|-----------------------------------------+----------------------+----------------------+
| GPU  Name                 Persistence-M | Bus-Id        Disp.A | Volatile Uncorr. ECC |
| Fan  Temp   Perf          Pwr:Usage/Cap |         Memory-Usage | GPU-Util  Compute M. |
|                                         |                      |               MIG M. |
|=========================================+======================+======================|
|   0  NVIDIA RTX A5000               On  | 00000000:81:00.0 Off |                  Off |
| 30%   38C    P8              23W / 230W |      1MiB / 24564MiB |      0%      Default |
|                                         |                      |                  N/A |
+-----------------------------------------+----------------------+----------------------+
|   1  NVIDIA RTX A5000               On  | 00000000:82:00.0 Off |                  Off |
| 30%   31C    P8              15W / 230W |      1MiB / 24564MiB |      0%      Default |
|                                         |                      |                  N/A |
+-----------------------------------------+----------------------+----------------------+
|   2  NVIDIA RTX A5000               On  | 00000000:C1:00.0 Off |                  Off |
| 30%   33C    P8              17W / 230W |      1MiB / 24564MiB |      0%      Default |
|                                         |                      |                  N/A |
+-----------------------------------------+----------------------+----------------------+
|   3  NVIDIA RTX A5000               On  | 00000000:C2:00.0 Off |                  Off |
| 30%   34C    P8              17W / 230W |      1MiB / 24564MiB |      0%      Default |
|                                         |                      |                  N/A |
+-----------------------------------------+----------------------+----------------------+
                                                                                         
+---------------------------------------------------------------------------------------+
| Processes:                                                                            |
|  GPU   GI   CI        PID   Type   Process name                            GPU Memory |
|        ID   ID                                                             Usage      |
|=======================================================================================|
|  No running processes found                                                           |
+---------------------------------------------------------------------------------------+
!!! CONFIG OVERRIDE LOADED from config_override.json: {'target_subject': 'S003', 'lambda_mmd': 0.1, 'learning_rate': 0.0001, 'encoder_layers': [64, 32], 'decoder_layers': [32], 'dropout': 0.4, 'results_dir': 'd:/RSC lab/Codes/Stroke_SDA/results_grid_search\\S003_L0.1_LR0.0001_E64_D32_Dr0.4', 'max_folds': 1, 'epochs': 100, 'patience': 5, 'batch_size': 64, 'modes': ['SDA']} !!!
Assuming 4 GPUs available.
Loading Source Data into System Memory (Shared by Workers)...
Loading Source Data (All Healthy)...
Data Loaded in 0.34s. Shape: (81491, 50, 8)
Total Combinations: 216 x 6 = 1296 runs
Starting Optimized Parallel Execution with 4 workers...
[1/1296] S003 L0.5_LS0.3_LR0.0001_E64_D32_Dr0.3 - DONE
[2/1296] S003 L0.5_LS0.3_LR0.0001_E64_D64_Dr0.3 - DONE
[3/1296] S003 L0.5_LS0.3_LR0.0001_E128_D32_Dr0.3 - DONE
[4/1296] S003 L0.5_LS0.3_LR0.0001_E128_D64_Dr0.3 - DONE
[5/1296] S003 L0.5_LS0.3_LR0.0001_E128_D128_Dr0.3 - DONE
[6/1296] S003 L0.5_LS0.3_LR0.0001_E64_D128_Dr0.3 - DONE
[7/1296] S003 L0.5_LS0.3_LR0.0001_E256_D32_Dr0.3 - DONE
[8/1296] S003 L0.5_LS0.3_LR0.0001_E256_D64_Dr0.3 - DONE
[9/1296] S003 L0.5_LS0.3_LR0.0001_E256_D128_Dr0.3 - DONE
[10/1296] S003 L0.5_LS0.5_LR0.0001_E64_D128_Dr0.3 - DONE
[11/1296] S003 L0.5_LS0.5_LR0.0001_E64_D64_Dr0.3 - DONE
[12/1296] S003 L0.5_LS0.5_LR0.0001_E64_D32_Dr0.3 - DONE
[13/1296] S003 L0.5_LS0.5_LR0.0001_E128_D128_Dr0.3 - DONE
[14/1296] S003 L0.5_LS0.5_LR0.0001_E128_D32_Dr0.3 - DONE
[15/1296] S003 L0.5_LS0.5_LR0.0001_E128_D64_Dr0.3 - DONE
[16/1296] S003 L0.5_LS0.5_LR0.0001_E256_D32_Dr0.3 - DONE
[17/1296] S003 L0.5_LS0.5_LR0.0001_E256_D64_Dr0.3 - DONE
[18/1296] S003 L0.5_LS0.5_LR0.0001_E256_D128_Dr0.3 - DONE
[19/1296] S003 L0.5_LS0.7_LR0.0001_E64_D64_Dr0.3 - DONE
[20/1296] S003 L0.5_LS0.7_LR0.0001_E64_D128_Dr0.3 - DONE
[21/1296] S003 L0.5_LS0.7_LR0.0001_E128_D32_Dr0.3 - DONE
[22/1296] S003 L0.5_LS0.7_LR0.0001_E128_D64_Dr0.3 - DONE
[23/1296] S003 L0.5_LS0.7_LR0.0001_E64_D32_Dr0.3 - DONE
[24/1296] S003 L0.5_LS0.7_LR0.0001_E128_D128_Dr0.3 - DONE
[25/1296] S003 L0.5_LS0.7_LR0.0001_E256_D128_Dr0.3 - DONE
[26/1296] S003 L0.5_LS0.7_LR0.0001_E256_D32_Dr0.3 - DONE
[27/1296] S003 L0.5_LS0.7_LR0.0001_E256_D64_Dr0.3 - DONE
[28/1296] S003 L0.5_LS1.0_LR0.0001_E64_D32_Dr0.3 - DONE
[29/1296] S003 L0.5_LS1.0_LR0.0001_E128_D32_Dr0.3 - DONE
[30/1296] S003 L0.5_LS1.0_LR0.0001_E64_D64_Dr0.3 - DONE
[31/1296] S003 L0.5_LS1.0_LR0.0001_E64_D128_Dr0.3 - DONE
[32/1296] S003 L0.5_LS1.0_LR0.0001_E128_D64_Dr0.3 - DONE
[33/1296] S003 L0.5_LS1.0_LR0.0001_E128_D128_Dr0.3 - DONE
[34/1296] S003 L1.0_LS0.3_LR0.0001_E64_D32_Dr0.3 - DONE
[35/1296] S003 L1.0_LS0.3_LR0.0001_E64_D64_Dr0.3 - DONE
[36/1296] S003 L1.0_LS0.3_LR0.0001_E64_D128_Dr0.3 - DONE
[37/1296] S003 L1.0_LS0.3_LR0.0001_E128_D32_Dr0.3 - DONE
[38/1296] S003 L1.0_LS0.3_LR0.0001_E128_D64_Dr0.3 - DONE
[39/1296] S003 L1.0_LS0.3_LR0.0001_E128_D128_Dr0.3 - DONE
[40/1296] S003 L1.0_LS0.3_LR0.0001_E256_D32_Dr0.3 - DONE
[41/1296] S003 L1.0_LS0.3_LR0.0001_E256_D64_Dr0.3 - DONE
[42/1296] S003 L1.0_LS0.3_LR0.0001_E256_D128_Dr0.3 - DONE
[43/1296] S003 L1.0_LS0.5_LR0.0001_E64_D32_Dr0.3 - DONE
[44/1296] S003 L1.0_LS0.5_LR0.0001_E64_D64_Dr0.3 - DONE
[45/1296] S003 L1.0_LS0.5_LR0.0001_E64_D128_Dr0.3 - DONE
[46/1296] S003 L1.0_LS0.5_LR0.0001_E128_D32_Dr0.3 - DONE
[47/1296] S003 L1.0_LS0.5_LR0.0001_E128_D64_Dr0.3 - DONE
[48/1296] S003 L1.0_LS0.5_LR0.0001_E128_D128_Dr0.3 - DONE
[49/1296] S003 L1.0_LS0.5_LR0.0001_E256_D32_Dr0.3 - DONE
[50/1296] S003 L1.0_LS0.5_LR0.0001_E256_D64_Dr0.3 - DONE
[51/1296] S003 L1.0_LS0.5_LR0.0001_E256_D128_Dr0.3 - DONE
[52/1296] S003 L0.5_LS1.0_LR0.0001_E256_D64_Dr0.3 - DONE
[53/1296] S003 L0.5_LS1.0_LR0.0001_E256_D128_Dr0.3 - DONE
[54/1296] S003 L0.5_LS1.0_LR0.0001_E256_D32_Dr0.3 - DONE
[55/1296] S003 L1.0_LS0.7_LR0.0001_E64_D64_Dr0.3 - DONE
[56/1296] S003 L1.0_LS0.7_LR0.0001_E64_D32_Dr0.3 - DONE
[57/1296] S003 L1.0_LS0.7_LR0.0001_E64_D128_Dr0.3 - DONE
[58/1296] S003 L1.0_LS0.7_LR0.0001_E128_D128_Dr0.3 - DONE
[59/1296] S003 L1.0_LS0.7_LR0.0001_E128_D64_Dr0.3 - DONE
[60/1296] S003 L1.0_LS0.7_LR0.0001_E128_D32_Dr0.3 - DONE
[61/1296] S003 L1.0_LS0.7_LR0.0001_E256_D32_Dr0.3 - DONE
[62/1296] S003 L1.0_LS1.0_LR0.0001_E64_D64_Dr0.3 - DONE
[63/1296] S003 L1.0_LS0.7_LR0.0001_E256_D128_Dr0.3 - DONE
[64/1296] S003 L1.0_LS1.0_LR0.0001_E64_D32_Dr0.3 - DONE
[65/1296] S003 L1.0_LS0.7_LR0.0001_E256_D64_Dr0.3 - DONE
[66/1296] S003 L1.0_LS1.0_LR0.0001_E128_D32_Dr0.3 - DONE
[67/1296] S003 L1.0_LS1.0_LR0.0001_E64_D128_Dr0.3 - DONE
[68/1296] S003 L1.0_LS1.0_LR0.0001_E128_D128_Dr0.3 - DONE
[69/1296] S003 L1.0_LS1.0_LR0.0001_E128_D64_Dr0.3 - DONE
[70/1296] S003 L1.5_LS0.3_LR0.0001_E64_D32_Dr0.3 - DONE
[71/1296] S003 L1.5_LS0.3_LR0.0001_E64_D64_Dr0.3 - DONE
[72/1296] S003 L1.5_LS0.3_LR0.0001_E64_D128_Dr0.3 - DONE
[73/1296] S003 L1.5_LS0.3_LR0.0001_E128_D32_Dr0.3 - DONE
[74/1296] S003 L1.5_LS0.3_LR0.0001_E128_D64_Dr0.3 - DONE
[75/1296] S003 L1.5_LS0.3_LR0.0001_E128_D128_Dr0.3 - DONE
[76/1296] S003 L1.5_LS0.3_LR0.0001_E256_D32_Dr0.3 - DONE
[77/1296] S003 L1.5_LS0.3_LR0.0001_E256_D64_Dr0.3 - DONE
[78/1296] S003 L1.5_LS0.3_LR0.0001_E256_D128_Dr0.3 - DONE
[79/1296] S003 L1.5_LS0.5_LR0.0001_E64_D32_Dr0.3 - DONE
[80/1296] S003 L1.5_LS0.5_LR0.0001_E64_D64_Dr0.3 - DONE
[81/1296] S003 L1.5_LS0.5_LR0.0001_E64_D128_Dr0.3 - DONE
[82/1296] S003 L1.5_LS0.5_LR0.0001_E128_D32_Dr0.3 - DONE
[83/1296] S003 L1.5_LS0.5_LR0.0001_E128_D64_Dr0.3 - DONE
[84/1296] S003 L1.5_LS0.5_LR0.0001_E128_D128_Dr0.3 - DONE
[85/1296] S003 L1.5_LS0.5_LR0.0001_E256_D32_Dr0.3 - DONE
[86/1296] S003 L1.5_LS0.5_LR0.0001_E256_D64_Dr0.3 - DONE
[87/1296] S003 L1.5_LS0.5_LR0.0001_E256_D128_Dr0.3 - DONE
[88/1296] S003 L1.0_LS1.0_LR0.0001_E256_D64_Dr0.3 - DONE
[89/1296] S003 L1.0_LS1.0_LR0.0001_E256_D128_Dr0.3 - DONE
[90/1296] S003 L1.0_LS1.0_LR0.0001_E256_D32_Dr0.3 - DONE
[91/1296] S003 L1.5_LS0.7_LR0.0001_E64_D32_Dr0.3 - DONE
[92/1296] S003 L1.5_LS0.7_LR0.0001_E128_D32_Dr0.3 - DONE
[93/1296] S003 L1.5_LS0.7_LR0.0001_E64_D64_Dr0.3 - DONE
[94/1296] S003 L1.5_LS0.7_LR0.0001_E64_D128_Dr0.3 - DONE
[95/1296] S003 L1.5_LS0.7_LR0.0001_E128_D64_Dr0.3 - DONE
[96/1296] S003 L1.5_LS0.7_LR0.0001_E256_D32_Dr0.3 - DONE
[97/1296] S003 L1.5_LS0.7_LR0.0001_E128_D128_Dr0.3 - DONE
[98/1296] S003 L1.5_LS0.7_LR0.0001_E256_D64_Dr0.3 - DONE
[99/1296] S003 L1.5_LS1.0_LR0.0001_E64_D32_Dr0.3 - DONE
[100/1296] S003 L1.5_LS0.7_LR0.0001_E256_D128_Dr0.3 - DONE
[101/1296] S003 L1.5_LS1.0_LR0.0001_E64_D64_Dr0.3 - DONE
[102/1296] S003 L1.5_LS1.0_LR0.0001_E128_D32_Dr0.3 - DONE
[103/1296] S003 L1.5_LS1.0_LR0.0001_E64_D128_Dr0.3 - DONE
[104/1296] S003 L1.5_LS1.0_LR0.0001_E256_D64_Dr0.3 - DONE
[105/1296] S003 L1.5_LS1.0_LR0.0001_E128_D64_Dr0.3 - DONE
[106/1296] S003 L2.0_LS0.3_LR0.0001_E64_D32_Dr0.3 - DONE
[107/1296] S003 L2.0_LS0.3_LR0.0001_E64_D64_Dr0.3 - DONE
[108/1296] S003 L2.0_LS0.3_LR0.0001_E64_D128_Dr0.3 - DONE
[109/1296] S003 L2.0_LS0.3_LR0.0001_E128_D32_Dr0.3 - DONE
[110/1296] S003 L2.0_LS0.3_LR0.0001_E128_D64_Dr0.3 - DONE
[111/1296] S003 L2.0_LS0.3_LR0.0001_E128_D128_Dr0.3 - DONE
[112/1296] S003 L2.0_LS0.3_LR0.0001_E256_D32_Dr0.3 - DONE
[113/1296] S003 L2.0_LS0.3_LR0.0001_E256_D64_Dr0.3 - DONE
[114/1296] S003 L2.0_LS0.3_LR0.0001_E256_D128_Dr0.3 - DONE
[115/1296] S003 L2.0_LS0.5_LR0.0001_E64_D32_Dr0.3 - DONE
[116/1296] S003 L2.0_LS0.5_LR0.0001_E64_D64_Dr0.3 - DONE
[117/1296] S003 L2.0_LS0.5_LR0.0001_E64_D128_Dr0.3 - DONE
[118/1296] S003 L2.0_LS0.5_LR0.0001_E128_D32_Dr0.3 - DONE
[119/1296] S003 L2.0_LS0.5_LR0.0001_E128_D64_Dr0.3 - DONE
[120/1296] S003 L2.0_LS0.5_LR0.0001_E128_D128_Dr0.3 - DONE
[121/1296] S003 L2.0_LS0.5_LR0.0001_E256_D32_Dr0.3 - DONE
[122/1296] S003 L2.0_LS0.5_LR0.0001_E256_D64_Dr0.3 - DONE
[123/1296] S003 L2.0_LS0.5_LR0.0001_E256_D128_Dr0.3 - DONE
[124/1296] S003 L1.5_LS1.0_LR0.0001_E256_D32_Dr0.3 - DONE
[125/1296] S003 L1.5_LS1.0_LR0.0001_E256_D128_Dr0.3 - DONE
[126/1296] S003 L1.5_LS1.0_LR0.0001_E128_D128_Dr0.3 - DONE
[127/1296] S003 L2.0_LS0.7_LR0.0001_E64_D32_Dr0.3 - DONE
[128/1296] S003 L2.0_LS0.7_LR0.0001_E64_D64_Dr0.3 - DONE
[129/1296] S003 L2.0_LS0.7_LR0.0001_E128_D32_Dr0.3 - DONE
[130/1296] S003 L2.0_LS0.7_LR0.0001_E128_D128_Dr0.3 - DONE
[131/1296] S003 L2.0_LS0.7_LR0.0001_E128_D64_Dr0.3 - DONE
[132/1296] S003 L2.0_LS0.7_LR0.0001_E64_D128_Dr0.3 - DONE
[133/1296] S003 L2.0_LS0.7_LR0.0001_E256_D64_Dr0.3 - DONE
[134/1296] S003 L2.0_LS0.7_LR0.0001_E256_D32_Dr0.3 - DONE
[135/1296] S003 L2.0_LS0.7_LR0.0001_E256_D128_Dr0.3 - DONE
[136/1296] S003 L2.0_LS1.0_LR0.0001_E64_D32_Dr0.3 - DONE
[137/1296] S003 L2.0_LS1.0_LR0.0001_E64_D64_Dr0.3 - DONE
[138/1296] S003 L2.0_LS1.0_LR0.0001_E64_D128_Dr0.3 - DONE
[139/1296] S003 L2.0_LS1.0_LR0.0001_E128_D128_Dr0.3 - DONE
[140/1296] S003 L2.0_LS1.0_LR0.0001_E128_D64_Dr0.3 - DONE
[141/1296] S003 L2.0_LS1.0_LR0.0001_E256_D32_Dr0.3 - DONE
[142/1296] S003 L2.0_LS1.0_LR0.0001_E128_D32_Dr0.3 - DONE
[143/1296] S003 L2.0_LS1.0_LR0.0001_E256_D128_Dr0.3 - DONE
[144/1296] S003 L2.0_LS1.0_LR0.0001_E256_D64_Dr0.3 - DONE
[145/1296] S003 L2.5_LS0.3_LR0.0001_E64_D32_Dr0.3 - DONE
[146/1296] S003 L2.5_LS0.3_LR0.0001_E64_D64_Dr0.3 - DONE
[147/1296] S003 L2.5_LS0.3_LR0.0001_E64_D128_Dr0.3 - DONE
[148/1296] S003 L2.5_LS0.3_LR0.0001_E128_D32_Dr0.3 - DONE
[149/1296] S003 L2.5_LS0.3_LR0.0001_E128_D64_Dr0.3 - DONE
[150/1296] S003 L2.5_LS0.3_LR0.0001_E256_D32_Dr0.3 - DONE
[151/1296] S003 L2.5_LS0.3_LR0.0001_E128_D128_Dr0.3 - DONE
[152/1296] S003 L2.5_LS0.3_LR0.0001_E256_D128_Dr0.3 - DONE
[153/1296] S003 L2.5_LS0.3_LR0.0001_E256_D64_Dr0.3 - DONE
[154/1296] S003 L2.5_LS0.5_LR0.0001_E64_D64_Dr0.3 - DONE
[155/1296] S003 L2.5_LS0.5_LR0.0001_E64_D32_Dr0.3 - DONE
[156/1296] S003 L2.5_LS0.5_LR0.0001_E128_D32_Dr0.3 - DONE
[157/1296] S003 L2.5_LS0.5_LR0.0001_E128_D128_Dr0.3 - DONE
[158/1296] S003 L2.5_LS0.5_LR0.0001_E64_D128_Dr0.3 - DONE
[159/1296] S003 L2.5_LS0.5_LR0.0001_E128_D64_Dr0.3 - DONE
[160/1296] S003 L2.5_LS0.5_LR0.0001_E256_D32_Dr0.3 - DONE
[161/1296] S003 L2.5_LS0.5_LR0.0001_E256_D128_Dr0.3 - DONE
[162/1296] S003 L2.5_LS0.5_LR0.0001_E256_D64_Dr0.3 - DONE
[163/1296] S003 L2.5_LS0.7_LR0.0001_E64_D32_Dr0.3 - DONE
[164/1296] S003 L2.5_LS0.7_LR0.0001_E64_D64_Dr0.3 - DONE
[165/1296] S003 L2.5_LS0.7_LR0.0001_E64_D128_Dr0.3 - DONE
[166/1296] S003 L2.5_LS0.7_LR0.0001_E128_D32_Dr0.3 - DONE
[167/1296] S003 L2.5_LS0.7_LR0.0001_E128_D64_Dr0.3 - DONE
[168/1296] S003 L2.5_LS0.7_LR0.0001_E128_D128_Dr0.3 - DONE
[169/1296] S003 L2.5_LS0.7_LR0.0001_E256_D32_Dr0.3 - DONE
[170/1296] S003 L2.5_LS0.7_LR0.0001_E256_D64_Dr0.3 - DONE
[171/1296] S003 L2.5_LS1.0_LR0.0001_E64_D32_Dr0.3 - DONE
[172/1296] S003 L2.5_LS0.7_LR0.0001_E256_D128_Dr0.3 - DONE
[173/1296] S003 L2.5_LS1.0_LR0.0001_E64_D64_Dr0.3 - DONE
[174/1296] S003 L2.5_LS1.0_LR0.0001_E64_D128_Dr0.3 - DONE
[175/1296] S003 L2.5_LS1.0_LR0.0001_E128_D128_Dr0.3 - DONE
[176/1296] S003 L2.5_LS1.0_LR0.0001_E128_D32_Dr0.3 - DONE
[177/1296] S003 L2.5_LS1.0_LR0.0001_E256_D64_Dr0.3 - DONE
[178/1296] S003 L2.5_LS1.0_LR0.0001_E128_D64_Dr0.3 - DONE
[179/1296] S003 L2.5_LS1.0_LR0.0001_E256_D32_Dr0.3 - DONE
[180/1296] S003 L2.5_LS1.0_LR0.0001_E256_D128_Dr0.3 - DONE
[181/1296] S003 L3.0_LS0.3_LR0.0001_E128_D32_Dr0.3 - DONE
[182/1296] S003 L3.0_LS0.3_LR0.0001_E64_D32_Dr0.3 - DONE
[183/1296] S003 L3.0_LS0.3_LR0.0001_E64_D64_Dr0.3 - DONE
[184/1296] S003 L3.0_LS0.3_LR0.0001_E64_D128_Dr0.3 - DONE
[185/1296] S003 L3.0_LS0.3_LR0.0001_E128_D128_Dr0.3 - DONE
[186/1296] S003 L3.0_LS0.3_LR0.0001_E256_D64_Dr0.3 - DONE
[187/1296] S003 L3.0_LS0.3_LR0.0001_E128_D64_Dr0.3 - DONE
[188/1296] S003 L3.0_LS0.3_LR0.0001_E256_D32_Dr0.3 - DONE
[189/1296] S003 L3.0_LS0.5_LR0.0001_E64_D32_Dr0.3 - DONE
[190/1296] S003 L3.0_LS0.3_LR0.0001_E256_D128_Dr0.3 - DONE
[191/1296] S003 L3.0_LS0.5_LR0.0001_E64_D128_Dr0.3 - DONE
[192/1296] S003 L3.0_LS0.5_LR0.0001_E128_D32_Dr0.3 - DONE
[193/1296] S003 L3.0_LS0.5_LR0.0001_E64_D64_Dr0.3 - DONE
[194/1296] S003 L3.0_LS0.5_LR0.0001_E128_D64_Dr0.3 - DONE
[195/1296] S003 L3.0_LS0.5_LR0.0001_E128_D128_Dr0.3 - DONE
[196/1296] S003 L3.0_LS0.5_LR0.0001_E256_D128_Dr0.3 - DONE
[197/1296] S003 L3.0_LS0.5_LR0.0001_E256_D64_Dr0.3 - DONE
[198/1296] S003 L3.0_LS0.7_LR0.0001_E64_D32_Dr0.3 - DONE
[199/1296] S003 L3.0_LS0.5_LR0.0001_E256_D32_Dr0.3 - DONE
[200/1296] S003 L3.0_LS0.7_LR0.0001_E128_D32_Dr0.3 - DONE
[201/1296] S003 L3.0_LS0.7_LR0.0001_E128_D64_Dr0.3 - DONE
[202/1296] S003 L3.0_LS0.7_LR0.0001_E64_D64_Dr0.3 - DONE
[203/1296] S003 L3.0_LS0.7_LR0.0001_E128_D128_Dr0.3 - DONE
[204/1296] S003 L3.0_LS0.7_LR0.0001_E64_D128_Dr0.3 - DONE
[205/1296] S003 L3.0_LS0.7_LR0.0001_E256_D128_Dr0.3 - DONE
[206/1296] S003 L3.0_LS0.7_LR0.0001_E256_D32_Dr0.3 - DONE
[207/1296] S003 L3.0_LS0.7_LR0.0001_E256_D64_Dr0.3 - DONE
[208/1296] S003 L3.0_LS1.0_LR0.0001_E64_D64_Dr0.3 - DONE
[209/1296] S003 L3.0_LS1.0_LR0.0001_E64_D128_Dr0.3 - DONE
[210/1296] S003 L3.0_LS1.0_LR0.0001_E128_D32_Dr0.3 - DONE
[211/1296] S003 L3.0_LS1.0_LR0.0001_E64_D32_Dr0.3 - DONE
[212/1296] S003 L3.0_LS1.0_LR0.0001_E128_D64_Dr0.3 - DONE
[213/1296] S003 L3.0_LS1.0_LR0.0001_E256_D32_Dr0.3 - DONE
[214/1296] S004 L0.5_LS0.3_LR0.0001_E64_D32_Dr0.3 - DONE
[215/1296] S004 L0.5_LS0.3_LR0.0001_E64_D64_Dr0.3 - DONE
[216/1296] S004 L0.5_LS0.3_LR0.0001_E64_D128_Dr0.3 - DONE
[217/1296] S004 L0.5_LS0.3_LR0.0001_E128_D32_Dr0.3 - DONE
[218/1296] S004 L0.5_LS0.3_LR0.0001_E128_D64_Dr0.3 - DONE
[219/1296] S004 L0.5_LS0.3_LR0.0001_E128_D128_Dr0.3 - DONE
[220/1296] S004 L0.5_LS0.3_LR0.0001_E256_D32_Dr0.3 - DONE
[221/1296] S004 L0.5_LS0.3_LR0.0001_E256_D64_Dr0.3 - DONE
[222/1296] S004 L0.5_LS0.3_LR0.0001_E256_D128_Dr0.3 - DONE
[223/1296] S004 L0.5_LS0.5_LR0.0001_E64_D32_Dr0.3 - DONE
[224/1296] S004 L0.5_LS0.5_LR0.0001_E64_D64_Dr0.3 - DONE
[225/1296] S004 L0.5_LS0.5_LR0.0001_E64_D128_Dr0.3 - DONE
[226/1296] S004 L0.5_LS0.5_LR0.0001_E128_D32_Dr0.3 - DONE
[227/1296] S004 L0.5_LS0.5_LR0.0001_E128_D64_Dr0.3 - DONE
[228/1296] S004 L0.5_LS0.5_LR0.0001_E128_D128_Dr0.3 - DONE
[229/1296] S004 L0.5_LS0.5_LR0.0001_E256_D32_Dr0.3 - DONE
[230/1296] S004 L0.5_LS0.5_LR0.0001_E256_D64_Dr0.3 - DONE
[231/1296] S004 L0.5_LS0.5_LR0.0001_E256_D128_Dr0.3 - DONE
[232/1296] S003 L3.0_LS1.0_LR0.0001_E256_D64_Dr0.3 - DONE
[233/1296] S003 L3.0_LS1.0_LR0.0001_E128_D128_Dr0.3 - DONE
[234/1296] S004 L0.5_LS0.7_LR0.0001_E64_D32_Dr0.3 - DONE
[235/1296] S003 L3.0_LS1.0_LR0.0001_E256_D128_Dr0.3 - DONE
[236/1296] S004 L0.5_LS0.7_LR0.0001_E64_D64_Dr0.3 - DONE
[237/1296] S004 L0.5_LS0.7_LR0.0001_E128_D32_Dr0.3 - DONE
[238/1296] S004 L0.5_LS0.7_LR0.0001_E128_D64_Dr0.3 - DONE
[239/1296] S004 L0.5_LS0.7_LR0.0001_E128_D128_Dr0.3 - DONE
[240/1296] S004 L0.5_LS0.7_LR0.0001_E64_D128_Dr0.3 - DONE
[241/1296] S004 L0.5_LS0.7_LR0.0001_E256_D128_Dr0.3 - DONE
[242/1296] S004 L0.5_LS1.0_LR0.0001_E64_D32_Dr0.3 - DONE
[243/1296] S004 L0.5_LS0.7_LR0.0001_E256_D32_Dr0.3 - DONE
[244/1296] S004 L0.5_LS0.7_LR0.0001_E256_D64_Dr0.3 - DONE
[245/1296] S004 L0.5_LS1.0_LR0.0001_E64_D64_Dr0.3 - DONE
[246/1296] S004 L0.5_LS1.0_LR0.0001_E64_D128_Dr0.3 - DONE
[247/1296] S004 L0.5_LS1.0_LR0.0001_E128_D64_Dr0.3 - DONE
[248/1296] S004 L0.5_LS1.0_LR0.0001_E128_D128_Dr0.3 - DONE
[249/1296] S004 L0.5_LS1.0_LR0.0001_E128_D32_Dr0.3 - DONE
[250/1296] S004 L1.0_LS0.3_LR0.0001_E64_D32_Dr0.3 - DONE
[251/1296] S004 L1.0_LS0.3_LR0.0001_E64_D64_Dr0.3 - DONE
[252/1296] S004 L1.0_LS0.3_LR0.0001_E64_D128_Dr0.3 - DONE
[253/1296] S004 L1.0_LS0.3_LR0.0001_E128_D32_Dr0.3 - DONE
[254/1296] S004 L1.0_LS0.3_LR0.0001_E128_D64_Dr0.3 - DONE
[255/1296] S004 L1.0_LS0.3_LR0.0001_E128_D128_Dr0.3 - DONE
[256/1296] S004 L1.0_LS0.3_LR0.0001_E256_D32_Dr0.3 - DONE
[257/1296] S004 L1.0_LS0.3_LR0.0001_E256_D64_Dr0.3 - DONE
[258/1296] S004 L1.0_LS0.3_LR0.0001_E256_D128_Dr0.3 - DONE
[259/1296] S004 L1.0_LS0.5_LR0.0001_E64_D32_Dr0.3 - DONE
[260/1296] S004 L1.0_LS0.5_LR0.0001_E64_D64_Dr0.3 - DONE
[261/1296] S004 L1.0_LS0.5_LR0.0001_E64_D128_Dr0.3 - DONE
[262/1296] S004 L1.0_LS0.5_LR0.0001_E128_D32_Dr0.3 - DONE
[263/1296] S004 L1.0_LS0.5_LR0.0001_E128_D64_Dr0.3 - DONE
[264/1296] S004 L1.0_LS0.5_LR0.0001_E128_D128_Dr0.3 - DONE
[265/1296] S004 L1.0_LS0.5_LR0.0001_E256_D32_Dr0.3 - DONE
[266/1296] S004 L1.0_LS0.5_LR0.0001_E256_D64_Dr0.3 - DONE
[267/1296] S004 L1.0_LS0.5_LR0.0001_E256_D128_Dr0.3 - DONE
[268/1296] S004 L0.5_LS1.0_LR0.0001_E256_D32_Dr0.3 - DONE
[269/1296] S004 L1.0_LS0.7_LR0.0001_E64_D32_Dr0.3 - DONE
[270/1296] S004 L0.5_LS1.0_LR0.0001_E256_D64_Dr0.3 - DONE
[271/1296] S004 L0.5_LS1.0_LR0.0001_E256_D128_Dr0.3 - DONE
[272/1296] S004 L1.0_LS0.7_LR0.0001_E64_D128_Dr0.3 - DONE
[273/1296] S004 L1.0_LS0.7_LR0.0001_E128_D64_Dr0.3 - DONE
[274/1296] S004 L1.0_LS0.7_LR0.0001_E128_D32_Dr0.3 - DONE
[275/1296] S004 L1.0_LS0.7_LR0.0001_E64_D64_Dr0.3 - DONE
[276/1296] S004 L1.0_LS0.7_LR0.0001_E256_D32_Dr0.3 - DONE
[277/1296] S004 L1.0_LS0.7_LR0.0001_E128_D128_Dr0.3 - DONE
[278/1296] S004 L1.0_LS0.7_LR0.0001_E256_D128_Dr0.3 - DONE
[279/1296] S004 L1.0_LS0.7_LR0.0001_E256_D64_Dr0.3 - DONE
[280/1296] S004 L1.0_LS1.0_LR0.0001_E64_D128_Dr0.3 - DONE
[281/1296] S004 L1.0_LS1.0_LR0.0001_E64_D64_Dr0.3 - DONE
[282/1296] S004 L1.0_LS1.0_LR0.0001_E128_D32_Dr0.3 - DONE
[283/1296] S004 L1.0_LS1.0_LR0.0001_E64_D32_Dr0.3 - DONE
[284/1296] S004 L1.0_LS1.0_LR0.0001_E128_D64_Dr0.3 - DONE
[285/1296] S004 L1.0_LS1.0_LR0.0001_E128_D128_Dr0.3 - DONE
[286/1296] S004 L1.5_LS0.3_LR0.0001_E64_D32_Dr0.3 - DONE
[287/1296] S004 L1.5_LS0.3_LR0.0001_E64_D64_Dr0.3 - DONE
[288/1296] S004 L1.5_LS0.3_LR0.0001_E64_D128_Dr0.3 - DONE
[289/1296] S004 L1.5_LS0.3_LR0.0001_E128_D32_Dr0.3 - DONE
[290/1296] S004 L1.5_LS0.3_LR0.0001_E128_D64_Dr0.3 - DONE
[291/1296] S004 L1.5_LS0.3_LR0.0001_E128_D128_Dr0.3 - DONE
[292/1296] S004 L1.5_LS0.3_LR0.0001_E256_D32_Dr0.3 - DONE
[293/1296] S004 L1.5_LS0.3_LR0.0001_E256_D64_Dr0.3 - DONE
[294/1296] S004 L1.5_LS0.3_LR0.0001_E256_D128_Dr0.3 - DONE
[295/1296] S004 L1.5_LS0.5_LR0.0001_E64_D32_Dr0.3 - DONE
[296/1296] S004 L1.5_LS0.5_LR0.0001_E64_D64_Dr0.3 - DONE
[297/1296] S004 L1.5_LS0.5_LR0.0001_E64_D128_Dr0.3 - DONE
[298/1296] S004 L1.5_LS0.5_LR0.0001_E128_D32_Dr0.3 - DONE
[299/1296] S004 L1.5_LS0.5_LR0.0001_E128_D64_Dr0.3 - DONE
[300/1296] S004 L1.5_LS0.5_LR0.0001_E128_D128_Dr0.3 - DONE
[301/1296] S004 L1.5_LS0.5_LR0.0001_E256_D32_Dr0.3 - DONE
[302/1296] S004 L1.5_LS0.5_LR0.0001_E256_D64_Dr0.3 - DONE
[303/1296] S004 L1.5_LS0.5_LR0.0001_E256_D128_Dr0.3 - DONE
[304/1296] S004 L1.0_LS1.0_LR0.0001_E256_D64_Dr0.3 - DONE
[305/1296] S004 L1.0_LS1.0_LR0.0001_E256_D128_Dr0.3 - DONE
[306/1296] S004 L1.5_LS0.7_LR0.0001_E64_D64_Dr0.3 - DONE
[307/1296] S004 L1.0_LS1.0_LR0.0001_E256_D32_Dr0.3 - DONE
[308/1296] S004 L1.5_LS0.7_LR0.0001_E64_D32_Dr0.3 - DONE
[309/1296] S004 L1.5_LS0.7_LR0.0001_E64_D128_Dr0.3 - DONE
[310/1296] S004 L1.5_LS0.7_LR0.0001_E128_D32_Dr0.3 - DONE
[311/1296] S004 L1.5_LS0.7_LR0.0001_E128_D128_Dr0.3 - DONE
[312/1296] S004 L1.5_LS0.7_LR0.0001_E256_D64_Dr0.3 - DONE
[313/1296] S004 L1.5_LS0.7_LR0.0001_E256_D32_Dr0.3 - DONE
[314/1296] S004 L1.5_LS0.7_LR0.0001_E128_D64_Dr0.3 - DONE
[315/1296] S004 L1.5_LS0.7_LR0.0001_E256_D128_Dr0.3 - DONE
[316/1296] S004 L1.5_LS1.0_LR0.0001_E64_D128_Dr0.3 - DONE
[317/1296] S004 L1.5_LS1.0_LR0.0001_E64_D64_Dr0.3 - DONE
[318/1296] S004 L1.5_LS1.0_LR0.0001_E128_D32_Dr0.3 - DONE
[319/1296] S004 L1.5_LS1.0_LR0.0001_E64_D32_Dr0.3 - DONE
[320/1296] S004 L1.5_LS1.0_LR0.0001_E256_D32_Dr0.3 - DONE
[321/1296] S004 L1.5_LS1.0_LR0.0001_E128_D128_Dr0.3 - DONE
[322/1296] S004 L2.0_LS0.3_LR0.0001_E64_D32_Dr0.3 - DONE
[323/1296] S004 L2.0_LS0.3_LR0.0001_E64_D64_Dr0.3 - DONE
[324/1296] S004 L2.0_LS0.3_LR0.0001_E64_D128_Dr0.3 - DONE
[325/1296] S004 L2.0_LS0.3_LR0.0001_E128_D32_Dr0.3 - DONE
[326/1296] S004 L2.0_LS0.3_LR0.0001_E128_D64_Dr0.3 - DONE
[327/1296] S004 L2.0_LS0.3_LR0.0001_E128_D128_Dr0.3 - DONE
[328/1296] S004 L2.0_LS0.3_LR0.0001_E256_D32_Dr0.3 - DONE
[329/1296] S004 L2.0_LS0.3_LR0.0001_E256_D64_Dr0.3 - DONE
[330/1296] S004 L2.0_LS0.3_LR0.0001_E256_D128_Dr0.3 - DONE
[331/1296] S004 L2.0_LS0.5_LR0.0001_E64_D32_Dr0.3 - DONE
[332/1296] S004 L2.0_LS0.5_LR0.0001_E64_D64_Dr0.3 - DONE
[333/1296] S004 L2.0_LS0.5_LR0.0001_E64_D128_Dr0.3 - DONE
[334/1296] S004 L2.0_LS0.5_LR0.0001_E128_D32_Dr0.3 - DONE
[335/1296] S004 L2.0_LS0.5_LR0.0001_E128_D64_Dr0.3 - DONE
[336/1296] S004 L2.0_LS0.5_LR0.0001_E128_D128_Dr0.3 - DONE
[337/1296] S004 L2.0_LS0.5_LR0.0001_E256_D32_Dr0.3 - DONE
[338/1296] S004 L2.0_LS0.5_LR0.0001_E256_D64_Dr0.3 - DONE
[339/1296] S004 L2.0_LS0.5_LR0.0001_E256_D128_Dr0.3 - DONE
[340/1296] S004 L1.5_LS1.0_LR0.0001_E128_D64_Dr0.3 - DONE
[341/1296] S004 L1.5_LS1.0_LR0.0001_E256_D64_Dr0.3 - DONE
[342/1296] S004 L1.5_LS1.0_LR0.0001_E256_D128_Dr0.3 - DONE
[343/1296] S004 L2.0_LS0.7_LR0.0001_E64_D64_Dr0.3 - DONE
[344/1296] S004 L2.0_LS0.7_LR0.0001_E64_D32_Dr0.3 - DONE
[345/1296] S004 L2.0_LS0.7_LR0.0001_E64_D128_Dr0.3 - DONE
[346/1296] S004 L2.0_LS0.7_LR0.0001_E128_D32_Dr0.3 - DONE
[347/1296] S004 L2.0_LS0.7_LR0.0001_E256_D32_Dr0.3 - DONE
[348/1296] S004 L2.0_LS0.7_LR0.0001_E128_D64_Dr0.3 - DONE
[349/1296] S004 L2.0_LS0.7_LR0.0001_E256_D64_Dr0.3 - DONE
[350/1296] S004 L2.0_LS0.7_LR0.0001_E128_D128_Dr0.3 - DONE
[351/1296] S004 L2.0_LS0.7_LR0.0001_E256_D128_Dr0.3 - DONE
[352/1296] S004 L2.0_LS1.0_LR0.0001_E64_D32_Dr0.3 - DONE
[353/1296] S004 L2.0_LS1.0_LR0.0001_E128_D32_Dr0.3 - DONE
[354/1296] S004 L2.0_LS1.0_LR0.0001_E128_D64_Dr0.3 - DONE
[355/1296] S004 L2.0_LS1.0_LR0.0001_E64_D128_Dr0.3 - DONE
[356/1296] S004 L2.0_LS1.0_LR0.0001_E64_D64_Dr0.3 - DONE
[357/1296] S004 L2.0_LS1.0_LR0.0001_E256_D32_Dr0.3 - DONE
[358/1296] S004 L2.0_LS1.0_LR0.0001_E256_D64_Dr0.3 - DONE
[359/1296] S004 L2.0_LS1.0_LR0.0001_E128_D128_Dr0.3 - DONE
[360/1296] S004 L2.0_LS1.0_LR0.0001_E256_D128_Dr0.3 - DONE
[361/1296] S004 L2.5_LS0.3_LR0.0001_E128_D32_Dr0.3 - DONE
[362/1296] S004 L2.5_LS0.3_LR0.0001_E64_D32_Dr0.3 - DONE
[363/1296] S004 L2.5_LS0.3_LR0.0001_E64_D128_Dr0.3 - DONE
[364/1296] S004 L2.5_LS0.3_LR0.0001_E64_D64_Dr0.3 - DONE
[365/1296] S004 L2.5_LS0.3_LR0.0001_E256_D32_Dr0.3 - DONE
[366/1296] S004 L2.5_LS0.3_LR0.0001_E128_D128_Dr0.3 - DONE
[367/1296] S004 L2.5_LS0.3_LR0.0001_E128_D64_Dr0.3 - DONE
[368/1296] S004 L2.5_LS0.3_LR0.0001_E256_D64_Dr0.3 - DONE
[369/1296] S004 L2.5_LS0.3_LR0.0001_E256_D128_Dr0.3 - DONE
[370/1296] S004 L2.5_LS0.5_LR0.0001_E64_D32_Dr0.3 - DONE
[371/1296] S004 L2.5_LS0.5_LR0.0001_E64_D64_Dr0.3 - DONE
[372/1296] S004 L2.5_LS0.5_LR0.0001_E128_D32_Dr0.3 - DONE
[373/1296] S004 L2.5_LS0.5_LR0.0001_E128_D128_Dr0.3 - DONE
[374/1296] S004 L2.5_LS0.5_LR0.0001_E64_D128_Dr0.3 - DONE
[375/1296] S004 L2.5_LS0.5_LR0.0001_E128_D64_Dr0.3 - DONE
[376/1296] S004 L2.5_LS0.5_LR0.0001_E256_D32_Dr0.3 - DONE
[377/1296] S004 L2.5_LS0.5_LR0.0001_E256_D64_Dr0.3 - DONE
[378/1296] S004 L2.5_LS0.5_LR0.0001_E256_D128_Dr0.3 - DONE
[379/1296] S004 L2.5_LS0.7_LR0.0001_E64_D64_Dr0.3 - DONE
[380/1296] S004 L2.5_LS0.7_LR0.0001_E128_D32_Dr0.3 - DONE
[381/1296] S004 L2.5_LS0.7_LR0.0001_E64_D128_Dr0.3 - DONE
[382/1296] S004 L2.5_LS0.7_LR0.0001_E64_D32_Dr0.3 - DONE
[383/1296] S004 L2.5_LS0.7_LR0.0001_E128_D64_Dr0.3 - DONE
[384/1296] S004 L2.5_LS0.7_LR0.0001_E256_D32_Dr0.3 - DONE
[385/1296] S004 L2.5_LS0.7_LR0.0001_E256_D64_Dr0.3 - DONE
[386/1296] S004 L2.5_LS0.7_LR0.0001_E128_D128_Dr0.3 - DONE
[387/1296] S004 L2.5_LS0.7_LR0.0001_E256_D128_Dr0.3 - DONE
[388/1296] S004 L2.5_LS1.0_LR0.0001_E128_D32_Dr0.3 - DONE
[389/1296] S004 L2.5_LS1.0_LR0.0001_E64_D64_Dr0.3 - DONE
[390/1296] S004 L2.5_LS1.0_LR0.0001_E64_D32_Dr0.3 - DONE
[391/1296] S004 L2.5_LS1.0_LR0.0001_E64_D128_Dr0.3 - DONE
[392/1296] S004 L2.5_LS1.0_LR0.0001_E128_D64_Dr0.3 - DONE
[393/1296] S004 L2.5_LS1.0_LR0.0001_E128_D128_Dr0.3 - DONE
[394/1296] S004 L2.5_LS1.0_LR0.0001_E256_D32_Dr0.3 - DONE
[395/1296] S004 L2.5_LS1.0_LR0.0001_E256_D64_Dr0.3 - DONE
[396/1296] S004 L2.5_LS1.0_LR0.0001_E256_D128_Dr0.3 - DONE
[397/1296] S004 L3.0_LS0.3_LR0.0001_E64_D32_Dr0.3 - DONE
[398/1296] S004 L3.0_LS0.3_LR0.0001_E128_D32_Dr0.3 - DONE
[399/1296] S004 L3.0_LS0.3_LR0.0001_E64_D64_Dr0.3 - DONE
[400/1296] S004 L3.0_LS0.3_LR0.0001_E64_D128_Dr0.3 - DONE
[401/1296] S004 L3.0_LS0.3_LR0.0001_E128_D64_Dr0.3 - DONE
[402/1296] S004 L3.0_LS0.3_LR0.0001_E128_D128_Dr0.3 - DONE
[403/1296] S004 L3.0_LS0.3_LR0.0001_E256_D32_Dr0.3 - DONE
[404/1296] S004 L3.0_LS0.3_LR0.0001_E256_D128_Dr0.3 - DONE
[405/1296] S004 L3.0_LS0.3_LR0.0001_E256_D64_Dr0.3 - DONE
[406/1296] S004 L3.0_LS0.5_LR0.0001_E64_D32_Dr0.3 - DONE
[407/1296] S004 L3.0_LS0.5_LR0.0001_E128_D32_Dr0.3 - DONE
[408/1296] S004 L3.0_LS0.5_LR0.0001_E64_D64_Dr0.3 - DONE
[409/1296] S004 L3.0_LS0.5_LR0.0001_E128_D64_Dr0.3 - DONE
[410/1296] S004 L3.0_LS0.5_LR0.0001_E64_D128_Dr0.3 - DONE
[411/1296] S004 L3.0_LS0.5_LR0.0001_E128_D128_Dr0.3 - DONE
[412/1296] S004 L3.0_LS0.5_LR0.0001_E256_D32_Dr0.3 - DONE
[413/1296] S004 L3.0_LS0.5_LR0.0001_E256_D128_Dr0.3 - DONE
[414/1296] S004 L3.0_LS0.7_LR0.0001_E64_D64_Dr0.3 - DONE
[415/1296] S004 L3.0_LS0.5_LR0.0001_E256_D64_Dr0.3 - DONE
[416/1296] S004 L3.0_LS0.7_LR0.0001_E64_D128_Dr0.3 - DONE
[417/1296] S004 L3.0_LS0.7_LR0.0001_E64_D32_Dr0.3 - DONE
[418/1296] S004 L3.0_LS0.7_LR0.0001_E128_D32_Dr0.3 - DONE
[419/1296] S004 L3.0_LS0.7_LR0.0001_E128_D64_Dr0.3 - DONE
[420/1296] S004 L3.0_LS0.7_LR0.0001_E128_D128_Dr0.3 - DONE
[421/1296] S004 L3.0_LS0.7_LR0.0001_E256_D32_Dr0.3 - DONE
[422/1296] S004 L3.0_LS0.7_LR0.0001_E256_D64_Dr0.3 - DONE
[423/1296] S004 L3.0_LS0.7_LR0.0001_E256_D128_Dr0.3 - DONE
[424/1296] S004 L3.0_LS1.0_LR0.0001_E64_D32_Dr0.3 - DONE
[425/1296] S004 L3.0_LS1.0_LR0.0001_E64_D64_Dr0.3 - DONE
[426/1296] S004 L3.0_LS1.0_LR0.0001_E64_D128_Dr0.3 - DONE
[427/1296] S004 L3.0_LS1.0_LR0.0001_E128_D32_Dr0.3 - DONE
[428/1296] S004 L3.0_LS1.0_LR0.0001_E128_D64_Dr0.3 - DONE
[429/1296] S004 L3.0_LS1.0_LR0.0001_E128_D128_Dr0.3 - DONE
[430/1296] S006 L0.5_LS0.3_LR0.0001_E64_D32_Dr0.3 - DONE
[431/1296] S006 L0.5_LS0.3_LR0.0001_E64_D64_Dr0.3 - DONE
[432/1296] S006 L0.5_LS0.3_LR0.0001_E64_D128_Dr0.3 - DONE
[433/1296] S006 L0.5_LS0.3_LR0.0001_E128_D32_Dr0.3 - DONE
[434/1296] S006 L0.5_LS0.3_LR0.0001_E128_D64_Dr0.3 - DONE
[435/1296] S006 L0.5_LS0.3_LR0.0001_E128_D128_Dr0.3 - DONE
[436/1296] S006 L0.5_LS0.3_LR0.0001_E256_D32_Dr0.3 - DONE
[437/1296] S006 L0.5_LS0.3_LR0.0001_E256_D64_Dr0.3 - DONE
[438/1296] S006 L0.5_LS0.3_LR0.0001_E256_D128_Dr0.3 - DONE
[439/1296] S006 L0.5_LS0.5_LR0.0001_E64_D32_Dr0.3 - DONE
[440/1296] S006 L0.5_LS0.5_LR0.0001_E64_D64_Dr0.3 - DONE
[441/1296] S006 L0.5_LS0.5_LR0.0001_E64_D128_Dr0.3 - DONE
[442/1296] S006 L0.5_LS0.5_LR0.0001_E128_D32_Dr0.3 - DONE
[443/1296] S006 L0.5_LS0.5_LR0.0001_E128_D64_Dr0.3 - DONE
[444/1296] S006 L0.5_LS0.5_LR0.0001_E128_D128_Dr0.3 - DONE
[445/1296] S006 L0.5_LS0.5_LR0.0001_E256_D32_Dr0.3 - DONE
[446/1296] S006 L0.5_LS0.5_LR0.0001_E256_D64_Dr0.3 - DONE
[447/1296] S006 L0.5_LS0.5_LR0.0001_E256_D128_Dr0.3 - DONE
[448/1296] S004 L3.0_LS1.0_LR0.0001_E256_D32_Dr0.3 - DONE
[449/1296] S004 L3.0_LS1.0_LR0.0001_E256_D64_Dr0.3 - DONE
[450/1296] S004 L3.0_LS1.0_LR0.0001_E256_D128_Dr0.3 - DONE
[451/1296] S006 L0.5_LS0.7_LR0.0001_E64_D32_Dr0.3 - DONE
[452/1296] S006 L0.5_LS0.7_LR0.0001_E128_D32_Dr0.3 - DONE
[453/1296] S006 L0.5_LS0.7_LR0.0001_E64_D64_Dr0.3 - DONE
[454/1296] S006 L0.5_LS0.7_LR0.0001_E64_D128_Dr0.3 - DONE
[455/1296] S006 L0.5_LS0.7_LR0.0001_E128_D64_Dr0.3 - DONE
[456/1296] S006 L0.5_LS0.7_LR0.0001_E128_D128_Dr0.3 - DONE
[457/1296] S006 L0.5_LS0.7_LR0.0001_E256_D32_Dr0.3 - DONE
[458/1296] S006 L0.5_LS0.7_LR0.0001_E256_D64_Dr0.3 - DONE
[459/1296] S006 L0.5_LS1.0_LR0.0001_E64_D32_Dr0.3 - DONE
[460/1296] S006 L0.5_LS0.7_LR0.0001_E256_D128_Dr0.3 - DONE
[461/1296] S006 L0.5_LS1.0_LR0.0001_E64_D128_Dr0.3 - DONE
[462/1296] S006 L0.5_LS1.0_LR0.0001_E64_D64_Dr0.3 - DONE
[463/1296] S006 L0.5_LS1.0_LR0.0001_E128_D64_Dr0.3 - DONE
[464/1296] S006 L0.5_LS1.0_LR0.0001_E128_D128_Dr0.3 - DONE
[465/1296] S006 L0.5_LS1.0_LR0.0001_E128_D32_Dr0.3 - DONE
[466/1296] S006 L1.0_LS0.3_LR0.0001_E64_D32_Dr0.3 - DONE
[467/1296] S006 L1.0_LS0.3_LR0.0001_E64_D64_Dr0.3 - DONE
[468/1296] S006 L1.0_LS0.3_LR0.0001_E64_D128_Dr0.3 - DONE
[469/1296] S006 L1.0_LS0.3_LR0.0001_E128_D32_Dr0.3 - DONE
[470/1296] S006 L1.0_LS0.3_LR0.0001_E128_D64_Dr0.3 - DONE
[471/1296] S006 L1.0_LS0.3_LR0.0001_E128_D128_Dr0.3 - DONE
[472/1296] S006 L1.0_LS0.3_LR0.0001_E256_D32_Dr0.3 - DONE
[473/1296] S006 L1.0_LS0.3_LR0.0001_E256_D64_Dr0.3 - DONE
[474/1296] S006 L1.0_LS0.3_LR0.0001_E256_D128_Dr0.3 - DONE
[475/1296] S006 L1.0_LS0.5_LR0.0001_E64_D32_Dr0.3 - DONE
[476/1296] S006 L1.0_LS0.5_LR0.0001_E64_D64_Dr0.3 - DONE
[477/1296] S006 L1.0_LS0.5_LR0.0001_E64_D128_Dr0.3 - DONE
[478/1296] S006 L1.0_LS0.5_LR0.0001_E128_D32_Dr0.3 - DONE
[479/1296] S006 L1.0_LS0.5_LR0.0001_E128_D64_Dr0.3 - DONE
[480/1296] S006 L1.0_LS0.5_LR0.0001_E128_D128_Dr0.3 - DONE
[481/1296] S006 L1.0_LS0.5_LR0.0001_E256_D32_Dr0.3 - DONE
[482/1296] S006 L1.0_LS0.5_LR0.0001_E256_D64_Dr0.3 - DONE
[483/1296] S006 L1.0_LS0.5_LR0.0001_E256_D128_Dr0.3 - DONE
[484/1296] S006 L0.5_LS1.0_LR0.0001_E256_D32_Dr0.3 - DONE
[485/1296] S006 L1.0_LS0.7_LR0.0001_E64_D32_Dr0.3 - DONE
[486/1296] S006 L0.5_LS1.0_LR0.0001_E256_D128_Dr0.3 - DONE
[487/1296] S006 L0.5_LS1.0_LR0.0001_E256_D64_Dr0.3 - DONE
[488/1296] S006 L1.0_LS0.7_LR0.0001_E64_D128_Dr0.3 - DONE
[489/1296] S006 L1.0_LS0.7_LR0.0001_E128_D32_Dr0.3 - DONE
[490/1296] S006 L1.0_LS0.7_LR0.0001_E64_D64_Dr0.3 - DONE
[491/1296] S006 L1.0_LS0.7_LR0.0001_E128_D64_Dr0.3 - DONE
[492/1296] S006 L1.0_LS0.7_LR0.0001_E128_D128_Dr0.3 - DONE
[493/1296] S006 L1.0_LS0.7_LR0.0001_E256_D64_Dr0.3 - DONE
[494/1296] S006 L1.0_LS0.7_LR0.0001_E256_D32_Dr0.3 - DONE
[495/1296] S006 L1.0_LS0.7_LR0.0001_E256_D128_Dr0.3 - DONE
[496/1296] S006 L1.0_LS1.0_LR0.0001_E64_D32_Dr0.3 - DONE
[497/1296] S006 L1.0_LS1.0_LR0.0001_E64_D128_Dr0.3 - DONE
[498/1296] S006 L1.0_LS1.0_LR0.0001_E128_D32_Dr0.3 - DONE
[499/1296] S006 L1.0_LS1.0_LR0.0001_E64_D64_Dr0.3 - DONE
[500/1296] S006 L1.0_LS1.0_LR0.0001_E128_D64_Dr0.3 - DONE
[501/1296] S006 L1.0_LS1.0_LR0.0001_E128_D128_Dr0.3 - DONE
[502/1296] S006 L1.5_LS0.3_LR0.0001_E64_D32_Dr0.3 - DONE
[503/1296] S006 L1.5_LS0.3_LR0.0001_E64_D64_Dr0.3 - DONE
[504/1296] S006 L1.5_LS0.3_LR0.0001_E64_D128_Dr0.3 - DONE
[505/1296] S006 L1.5_LS0.3_LR0.0001_E128_D32_Dr0.3 - DONE
[506/1296] S006 L1.5_LS0.3_LR0.0001_E128_D64_Dr0.3 - DONE
[507/1296] S006 L1.5_LS0.3_LR0.0001_E128_D128_Dr0.3 - DONE
[508/1296] S006 L1.5_LS0.3_LR0.0001_E256_D32_Dr0.3 - DONE
[509/1296] S006 L1.5_LS0.3_LR0.0001_E256_D64_Dr0.3 - DONE
[510/1296] S006 L1.5_LS0.3_LR0.0001_E256_D128_Dr0.3 - DONE
[511/1296] S006 L1.5_LS0.5_LR0.0001_E64_D32_Dr0.3 - DONE
[512/1296] S006 L1.5_LS0.5_LR0.0001_E64_D64_Dr0.3 - DONE
[513/1296] S006 L1.5_LS0.5_LR0.0001_E64_D128_Dr0.3 - DONE
[514/1296] S006 L1.5_LS0.5_LR0.0001_E128_D32_Dr0.3 - DONE
[515/1296] S006 L1.5_LS0.5_LR0.0001_E128_D64_Dr0.3 - DONE
[516/1296] S006 L1.5_LS0.5_LR0.0001_E128_D128_Dr0.3 - DONE
[517/1296] S006 L1.5_LS0.5_LR0.0001_E256_D32_Dr0.3 - DONE
[518/1296] S006 L1.5_LS0.5_LR0.0001_E256_D64_Dr0.3 - DONE
[519/1296] S006 L1.5_LS0.5_LR0.0001_E256_D128_Dr0.3 - DONE
[520/1296] S006 L1.0_LS1.0_LR0.0001_E256_D64_Dr0.3 - DONE
[521/1296] S006 L1.0_LS1.0_LR0.0001_E256_D32_Dr0.3 - DONE
[522/1296] S006 L1.0_LS1.0_LR0.0001_E256_D128_Dr0.3 - DONE
[523/1296] S006 L1.5_LS0.7_LR0.0001_E64_D32_Dr0.3 - DONE
[524/1296] S006 L1.5_LS0.7_LR0.0001_E64_D128_Dr0.3 - DONE
[525/1296] S006 L1.5_LS0.7_LR0.0001_E64_D64_Dr0.3 - DONE
[526/1296] S006 L1.5_LS0.7_LR0.0001_E128_D64_Dr0.3 - DONE
[527/1296] S006 L1.5_LS0.7_LR0.0001_E128_D32_Dr0.3 - DONE
[528/1296] S006 L1.5_LS0.7_LR0.0001_E256_D32_Dr0.3 - DONE
[529/1296] S006 L1.5_LS0.7_LR0.0001_E128_D128_Dr0.3 - DONE
[530/1296] S006 L1.5_LS0.7_LR0.0001_E256_D128_Dr0.3 - DONE
[531/1296] S006 L1.5_LS0.7_LR0.0001_E256_D64_Dr0.3 - DONE
[532/1296] S006 L1.5_LS1.0_LR0.0001_E64_D32_Dr0.3 - DONE
[533/1296] S006 L1.5_LS1.0_LR0.0001_E64_D64_Dr0.3 - DONE
[534/1296] S006 L1.5_LS1.0_LR0.0001_E128_D32_Dr0.3 - DONE
[535/1296] S006 L1.5_LS1.0_LR0.0001_E128_D128_Dr0.3 - DONE
[536/1296] S006 L1.5_LS1.0_LR0.0001_E64_D128_Dr0.3 - DONE
[537/1296] S006 L1.5_LS1.0_LR0.0001_E128_D64_Dr0.3 - DONE
[538/1296] S006 L2.0_LS0.3_LR0.0001_E64_D32_Dr0.3 - DONE
[539/1296] S006 L2.0_LS0.3_LR0.0001_E64_D64_Dr0.3 - DONE
[540/1296] S006 L2.0_LS0.3_LR0.0001_E64_D128_Dr0.3 - DONE
[541/1296] S006 L2.0_LS0.3_LR0.0001_E128_D32_Dr0.3 - DONE
[542/1296] S006 L2.0_LS0.3_LR0.0001_E128_D64_Dr0.3 - DONE
[543/1296] S006 L2.0_LS0.3_LR0.0001_E128_D128_Dr0.3 - DONE
[544/1296] S006 L2.0_LS0.3_LR0.0001_E256_D32_Dr0.3 - DONE
[545/1296] S006 L2.0_LS0.3_LR0.0001_E256_D64_Dr0.3 - DONE
[546/1296] S006 L2.0_LS0.3_LR0.0001_E256_D128_Dr0.3 - DONE
[547/1296] S006 L2.0_LS0.5_LR0.0001_E64_D32_Dr0.3 - DONE
[548/1296] S006 L2.0_LS0.5_LR0.0001_E64_D64_Dr0.3 - DONE
[549/1296] S006 L2.0_LS0.5_LR0.0001_E64_D128_Dr0.3 - DONE
[550/1296] S006 L2.0_LS0.5_LR0.0001_E128_D32_Dr0.3 - DONE
[551/1296] S006 L2.0_LS0.5_LR0.0001_E128_D64_Dr0.3 - DONE
[552/1296] S006 L2.0_LS0.5_LR0.0001_E128_D128_Dr0.3 - DONE
[553/1296] S006 L2.0_LS0.5_LR0.0001_E256_D32_Dr0.3 - DONE
[554/1296] S006 L2.0_LS0.5_LR0.0001_E256_D64_Dr0.3 - DONE
[555/1296] S006 L2.0_LS0.5_LR0.0001_E256_D128_Dr0.3 - DONE
[556/1296] S006 L1.5_LS1.0_LR0.0001_E256_D64_Dr0.3 - DONE
[557/1296] S006 L1.5_LS1.0_LR0.0001_E256_D32_Dr0.3 - DONE
[558/1296] S006 L2.0_LS0.7_LR0.0001_E64_D32_Dr0.3 - DONE
[559/1296] S006 L1.5_LS1.0_LR0.0001_E256_D128_Dr0.3 - DONE
[560/1296] S006 L2.0_LS0.7_LR0.0001_E64_D64_Dr0.3 - DONE
[561/1296] S006 L2.0_LS0.7_LR0.0001_E64_D128_Dr0.3 - DONE
[562/1296] S006 L2.0_LS0.7_LR0.0001_E256_D32_Dr0.3 - DONE
[563/1296] S006 L2.0_LS0.7_LR0.0001_E128_D64_Dr0.3 - DONE
[564/1296] S006 L2.0_LS0.7_LR0.0001_E128_D128_Dr0.3 - DONE
[565/1296] S006 L2.0_LS0.7_LR0.0001_E256_D64_Dr0.3 - DONE
[566/1296] S006 L2.0_LS0.7_LR0.0001_E128_D32_Dr0.3 - DONE
[567/1296] S006 L2.0_LS0.7_LR0.0001_E256_D128_Dr0.3 - DONE
[568/1296] S006 L2.0_LS1.0_LR0.0001_E64_D32_Dr0.3 - DONE
[569/1296] S006 L2.0_LS1.0_LR0.0001_E128_D32_Dr0.3 - DONE
[570/1296] S006 L2.0_LS1.0_LR0.0001_E64_D64_Dr0.3 - DONE
[571/1296] S006 L2.0_LS1.0_LR0.0001_E64_D128_Dr0.3 - DONE
[572/1296] S006 L2.0_LS1.0_LR0.0001_E128_D128_Dr0.3 - DONE
[573/1296] S006 L2.0_LS1.0_LR0.0001_E128_D64_Dr0.3 - DONE
[574/1296] S006 L2.0_LS1.0_LR0.0001_E256_D32_Dr0.3 - DONE
[575/1296] S006 L2.0_LS1.0_LR0.0001_E256_D64_Dr0.3 - DONE
[576/1296] S006 L2.5_LS0.3_LR0.0001_E64_D32_Dr0.3 - DONE
[577/1296] S006 L2.5_LS0.3_LR0.0001_E64_D64_Dr0.3 - DONE
[578/1296] S006 L2.0_LS1.0_LR0.0001_E256_D128_Dr0.3 - DONE
[579/1296] S006 L2.5_LS0.3_LR0.0001_E64_D128_Dr0.3 - DONE
[580/1296] S006 L2.5_LS0.3_LR0.0001_E128_D32_Dr0.3 - DONE
[581/1296] S006 L2.5_LS0.3_LR0.0001_E128_D64_Dr0.3 - DONE
[582/1296] S006 L2.5_LS0.3_LR0.0001_E256_D32_Dr0.3 - DONE
[583/1296] S006 L2.5_LS0.3_LR0.0001_E128_D128_Dr0.3 - DONE
[584/1296] S006 L2.5_LS0.5_LR0.0001_E64_D32_Dr0.3 - DONE
[585/1296] S006 L2.5_LS0.3_LR0.0001_E256_D64_Dr0.3 - DONE
[586/1296] S006 L2.5_LS0.3_LR0.0001_E256_D128_Dr0.3 - DONE
[587/1296] S006 L2.5_LS0.5_LR0.0001_E128_D32_Dr0.3 - DONE
[588/1296] S006 L2.5_LS0.5_LR0.0001_E64_D128_Dr0.3 - DONE
[589/1296] S006 L2.5_LS0.5_LR0.0001_E64_D64_Dr0.3 - DONE
[590/1296] S006 L2.5_LS0.5_LR0.0001_E128_D64_Dr0.3 - DONE
[591/1296] S006 L2.5_LS0.5_LR0.0001_E256_D64_Dr0.3 - DONE
[592/1296] S006 L2.5_LS0.5_LR0.0001_E128_D128_Dr0.3 - DONE
[593/1296] S006 L2.5_LS0.5_LR0.0001_E256_D128_Dr0.3 - DONE
[594/1296] S006 L2.5_LS0.5_LR0.0001_E256_D32_Dr0.3 - DONE
[595/1296] S006 L2.5_LS0.7_LR0.0001_E64_D32_Dr0.3 - DONE
[596/1296] S006 L2.5_LS0.7_LR0.0001_E64_D128_Dr0.3 - DONE
[597/1296] S006 L2.5_LS0.7_LR0.0001_E64_D64_Dr0.3 - DONE
[598/1296] S006 L2.5_LS0.7_LR0.0001_E128_D32_Dr0.3 - DONE
[599/1296] S006 L2.5_LS0.7_LR0.0001_E128_D128_Dr0.3 - DONE
[600/1296] S006 L2.5_LS0.7_LR0.0001_E256_D32_Dr0.3 - DONE
[601/1296] S006 L2.5_LS0.7_LR0.0001_E128_D64_Dr0.3 - DONE
[602/1296] S006 L2.5_LS0.7_LR0.0001_E256_D64_Dr0.3 - DONE
[603/1296] S006 L2.5_LS0.7_LR0.0001_E256_D128_Dr0.3 - DONE
[604/1296] S006 L2.5_LS1.0_LR0.0001_E64_D32_Dr0.3 - DONE
[605/1296] S006 L2.5_LS1.0_LR0.0001_E128_D32_Dr0.3 - DONE
[606/1296] S006 L2.5_LS1.0_LR0.0001_E64_D64_Dr0.3 - DONE
[607/1296] S006 L2.5_LS1.0_LR0.0001_E64_D128_Dr0.3 - DONE
[608/1296] S006 L2.5_LS1.0_LR0.0001_E256_D32_Dr0.3 - DONE
[609/1296] S006 L2.5_LS1.0_LR0.0001_E128_D64_Dr0.3 - DONE
[610/1296] S006 L2.5_LS1.0_LR0.0001_E128_D128_Dr0.3 - DONE
[611/1296] S006 L2.5_LS1.0_LR0.0001_E256_D64_Dr0.3 - DONE
[612/1296] S006 L2.5_LS1.0_LR0.0001_E256_D128_Dr0.3 - DONE
[613/1296] S006 L3.0_LS0.3_LR0.0001_E64_D32_Dr0.3 - DONE
[614/1296] S006 L3.0_LS0.3_LR0.0001_E64_D128_Dr0.3 - DONE
[615/1296] S006 L3.0_LS0.3_LR0.0001_E64_D64_Dr0.3 - DONE
[616/1296] S006 L3.0_LS0.3_LR0.0001_E128_D64_Dr0.3 - DONE
[617/1296] S006 L3.0_LS0.3_LR0.0001_E128_D32_Dr0.3 - DONE
[618/1296] S006 L3.0_LS0.3_LR0.0001_E128_D128_Dr0.3 - DONE
[619/1296] S006 L3.0_LS0.3_LR0.0001_E256_D32_Dr0.3 - DONE
[620/1296] S006 L3.0_LS0.5_LR0.0001_E64_D32_Dr0.3 - DONE
[621/1296] S006 L3.0_LS0.3_LR0.0001_E256_D128_Dr0.3 - DONE
[622/1296] S006 L3.0_LS0.5_LR0.0001_E128_D32_Dr0.3 - DONE
[623/1296] S006 L3.0_LS0.3_LR0.0001_E256_D64_Dr0.3 - DONE
[624/1296] S006 L3.0_LS0.5_LR0.0001_E64_D64_Dr0.3 - DONE
[625/1296] S006 L3.0_LS0.5_LR0.0001_E64_D128_Dr0.3 - DONE
[626/1296] S006 L3.0_LS0.5_LR0.0001_E128_D128_Dr0.3 - DONE
[627/1296] S006 L3.0_LS0.5_LR0.0001_E256_D32_Dr0.3 - DONE
[628/1296] S006 L3.0_LS0.5_LR0.0001_E256_D128_Dr0.3 - DONE
[629/1296] S006 L3.0_LS0.5_LR0.0001_E128_D64_Dr0.3 - DONE
[630/1296] S006 L3.0_LS0.5_LR0.0001_E256_D64_Dr0.3 - DONE
[631/1296] S006 L3.0_LS0.7_LR0.0001_E64_D64_Dr0.3 - DONE
[632/1296] S006 L3.0_LS0.7_LR0.0001_E64_D32_Dr0.3 - DONE
[633/1296] S006 L3.0_LS0.7_LR0.0001_E128_D32_Dr0.3 - DONE
[634/1296] S006 L3.0_LS0.7_LR0.0001_E64_D128_Dr0.3 - DONE
[635/1296] S006 L3.0_LS0.7_LR0.0001_E128_D128_Dr0.3 - DONE
[636/1296] S006 L3.0_LS0.7_LR0.0001_E128_D64_Dr0.3 - DONE
[637/1296] S006 L3.0_LS0.7_LR0.0001_E256_D64_Dr0.3 - DONE
[638/1296] S006 L3.0_LS0.7_LR0.0001_E256_D128_Dr0.3 - DONE
[639/1296] S006 L3.0_LS0.7_LR0.0001_E256_D32_Dr0.3 - DONE
[640/1296] S006 L3.0_LS1.0_LR0.0001_E64_D32_Dr0.3 - DONE
[641/1296] S006 L3.0_LS1.0_LR0.0001_E64_D128_Dr0.3 - DONE
[642/1296] S006 L3.0_LS1.0_LR0.0001_E64_D64_Dr0.3 - DONE
[643/1296] S006 L3.0_LS1.0_LR0.0001_E128_D64_Dr0.3 - DONE
[644/1296] S006 L3.0_LS1.0_LR0.0001_E128_D32_Dr0.3 - DONE
[645/1296] S006 L3.0_LS1.0_LR0.0001_E256_D64_Dr0.3 - DONE
[646/1296] S007 L0.5_LS0.3_LR0.0001_E64_D32_Dr0.3 - DONE
[647/1296] S007 L0.5_LS0.3_LR0.0001_E64_D64_Dr0.3 - DONE
[648/1296] S007 L0.5_LS0.3_LR0.0001_E64_D128_Dr0.3 - DONE
[649/1296] S007 L0.5_LS0.3_LR0.0001_E128_D32_Dr0.3 - DONE
[650/1296] S007 L0.5_LS0.3_LR0.0001_E128_D64_Dr0.3 - DONE
[651/1296] S007 L0.5_LS0.3_LR0.0001_E128_D128_Dr0.3 - DONE
[652/1296] S007 L0.5_LS0.3_LR0.0001_E256_D32_Dr0.3 - DONE
[653/1296] S007 L0.5_LS0.3_LR0.0001_E256_D64_Dr0.3 - DONE
[654/1296] S007 L0.5_LS0.3_LR0.0001_E256_D128_Dr0.3 - DONE
[655/1296] S007 L0.5_LS0.5_LR0.0001_E64_D32_Dr0.3 - DONE
[656/1296] S007 L0.5_LS0.5_LR0.0001_E64_D64_Dr0.3 - DONE
[657/1296] S007 L0.5_LS0.5_LR0.0001_E64_D128_Dr0.3 - DONE
[658/1296] S007 L0.5_LS0.5_LR0.0001_E128_D32_Dr0.3 - DONE
[659/1296] S007 L0.5_LS0.5_LR0.0001_E128_D64_Dr0.3 - DONE
[660/1296] S007 L0.5_LS0.5_LR0.0001_E128_D128_Dr0.3 - DONE
[661/1296] S007 L0.5_LS0.5_LR0.0001_E256_D32_Dr0.3 - DONE
[662/1296] S007 L0.5_LS0.5_LR0.0001_E256_D64_Dr0.3 - DONE
[663/1296] S007 L0.5_LS0.5_LR0.0001_E256_D128_Dr0.3 - DONE
[664/1296] S006 L3.0_LS1.0_LR0.0001_E128_D128_Dr0.3 - DONE
[665/1296] S006 L3.0_LS1.0_LR0.0001_E256_D32_Dr0.3 - DONE
[666/1296] S006 L3.0_LS1.0_LR0.0001_E256_D128_Dr0.3 - DONE
[667/1296] S007 L0.5_LS0.7_LR0.0001_E64_D64_Dr0.3 - DONE
[668/1296] S007 L0.5_LS0.7_LR0.0001_E64_D128_Dr0.3 - DONE
[669/1296] S007 L0.5_LS0.7_LR0.0001_E128_D32_Dr0.3 - DONE
[670/1296] S007 L0.5_LS0.7_LR0.0001_E64_D32_Dr0.3 - DONE
[671/1296] S007 L0.5_LS0.7_LR0.0001_E128_D64_Dr0.3 - DONE
[672/1296] S007 L0.5_LS0.7_LR0.0001_E128_D128_Dr0.3 - DONE
[673/1296] S007 L0.5_LS0.7_LR0.0001_E256_D64_Dr0.3 - DONE
[674/1296] S007 L0.5_LS0.7_LR0.0001_E256_D32_Dr0.3 - DONE
[675/1296] S007 L0.5_LS1.0_LR0.0001_E64_D32_Dr0.3 - DONE
[676/1296] S007 L0.5_LS0.7_LR0.0001_E256_D128_Dr0.3 - DONE
[677/1296] S007 L0.5_LS1.0_LR0.0001_E64_D64_Dr0.3 - DONE
[678/1296] S007 L0.5_LS1.0_LR0.0001_E64_D128_Dr0.3 - DONE
[679/1296] S007 L0.5_LS1.0_LR0.0001_E128_D32_Dr0.3 - DONE
[680/1296] S007 L0.5_LS1.0_LR0.0001_E128_D128_Dr0.3 - DONE
[681/1296] S007 L0.5_LS1.0_LR0.0001_E128_D64_Dr0.3 - DONE
[682/1296] S007 L1.0_LS0.3_LR0.0001_E64_D32_Dr0.3 - DONE
[683/1296] S007 L1.0_LS0.3_LR0.0001_E64_D64_Dr0.3 - DONE
[684/1296] S007 L1.0_LS0.3_LR0.0001_E64_D128_Dr0.3 - DONE
[685/1296] S007 L1.0_LS0.3_LR0.0001_E128_D32_Dr0.3 - DONE
[686/1296] S007 L1.0_LS0.3_LR0.0001_E128_D64_Dr0.3 - DONE
[687/1296] S007 L1.0_LS0.3_LR0.0001_E128_D128_Dr0.3 - DONE
[688/1296] S007 L1.0_LS0.3_LR0.0001_E256_D32_Dr0.3 - DONE
[689/1296] S007 L1.0_LS0.3_LR0.0001_E256_D64_Dr0.3 - DONE
[690/1296] S007 L1.0_LS0.3_LR0.0001_E256_D128_Dr0.3 - DONE
[691/1296] S007 L1.0_LS0.5_LR0.0001_E64_D32_Dr0.3 - DONE
[692/1296] S007 L1.0_LS0.5_LR0.0001_E64_D64_Dr0.3 - DONE
[693/1296] S007 L1.0_LS0.5_LR0.0001_E64_D128_Dr0.3 - DONE
[694/1296] S007 L1.0_LS0.5_LR0.0001_E128_D32_Dr0.3 - DONE
[695/1296] S007 L1.0_LS0.5_LR0.0001_E128_D64_Dr0.3 - DONE
[696/1296] S007 L1.0_LS0.5_LR0.0001_E128_D128_Dr0.3 - DONE
[697/1296] S007 L1.0_LS0.5_LR0.0001_E256_D32_Dr0.3 - DONE
[698/1296] S007 L1.0_LS0.5_LR0.0001_E256_D64_Dr0.3 - DONE
[699/1296] S007 L1.0_LS0.5_LR0.0001_E256_D128_Dr0.3 - DONE
[700/1296] S007 L0.5_LS1.0_LR0.0001_E256_D32_Dr0.3 - DONE
[701/1296] S007 L0.5_LS1.0_LR0.0001_E256_D64_Dr0.3 - DONE
[702/1296] S007 L1.0_LS0.7_LR0.0001_E64_D64_Dr0.3 - DONE
[703/1296] S007 L0.5_LS1.0_LR0.0001_E256_D128_Dr0.3 - DONE
[704/1296] S007 L1.0_LS0.7_LR0.0001_E64_D128_Dr0.3 - DONE
[705/1296] S007 L1.0_LS0.7_LR0.0001_E128_D32_Dr0.3 - DONE
[706/1296] S007 L1.0_LS0.7_LR0.0001_E64_D32_Dr0.3 - DONE
[707/1296] S007 L1.0_LS0.7_LR0.0001_E128_D64_Dr0.3 - DONE
[708/1296] S007 L1.0_LS0.7_LR0.0001_E128_D128_Dr0.3 - DONE
[709/1296] S007 L1.0_LS0.7_LR0.0001_E256_D32_Dr0.3 - DONE
[710/1296] S007 L1.0_LS0.7_LR0.0001_E256_D128_Dr0.3 - DONE
[711/1296] S007 L1.0_LS1.0_LR0.0001_E64_D64_Dr0.3 - DONE
[712/1296] S007 L1.0_LS0.7_LR0.0001_E256_D64_Dr0.3 - DONE
[713/1296] S007 L1.0_LS1.0_LR0.0001_E64_D32_Dr0.3 - DONE
[714/1296] S007 L1.0_LS1.0_LR0.0001_E128_D32_Dr0.3 - DONE
[715/1296] S007 L1.0_LS1.0_LR0.0001_E128_D64_Dr0.3 - DONE
[716/1296] S007 L1.0_LS1.0_LR0.0001_E128_D128_Dr0.3 - DONE
[717/1296] S007 L1.0_LS1.0_LR0.0001_E64_D128_Dr0.3 - DONE
[718/1296] S007 L1.5_LS0.3_LR0.0001_E64_D32_Dr0.3 - DONE
[719/1296] S007 L1.5_LS0.3_LR0.0001_E64_D64_Dr0.3 - DONE
[720/1296] S007 L1.5_LS0.3_LR0.0001_E64_D128_Dr0.3 - DONE
[721/1296] S007 L1.5_LS0.3_LR0.0001_E128_D32_Dr0.3 - DONE
[722/1296] S007 L1.5_LS0.3_LR0.0001_E128_D64_Dr0.3 - DONE
[723/1296] S007 L1.5_LS0.3_LR0.0001_E128_D128_Dr0.3 - DONE
[724/1296] S007 L1.5_LS0.3_LR0.0001_E256_D32_Dr0.3 - DONE
[725/1296] S007 L1.5_LS0.3_LR0.0001_E256_D64_Dr0.3 - DONE
[726/1296] S007 L1.5_LS0.3_LR0.0001_E256_D128_Dr0.3 - DONE
[727/1296] S007 L1.5_LS0.5_LR0.0001_E64_D32_Dr0.3 - DONE
[728/1296] S007 L1.5_LS0.5_LR0.0001_E64_D64_Dr0.3 - DONE
[729/1296] S007 L1.5_LS0.5_LR0.0001_E64_D128_Dr0.3 - DONE
[730/1296] S007 L1.5_LS0.5_LR0.0001_E128_D32_Dr0.3 - DONE
[731/1296] S007 L1.5_LS0.5_LR0.0001_E128_D64_Dr0.3 - DONE
[732/1296] S007 L1.5_LS0.5_LR0.0001_E128_D128_Dr0.3 - DONE
[733/1296] S007 L1.5_LS0.5_LR0.0001_E256_D32_Dr0.3 - DONE
[734/1296] S007 L1.5_LS0.5_LR0.0001_E256_D64_Dr0.3 - DONE
[735/1296] S007 L1.5_LS0.5_LR0.0001_E256_D128_Dr0.3 - DONE
[736/1296] S007 L1.0_LS1.0_LR0.0001_E256_D32_Dr0.3 - DONE
[737/1296] S007 L1.5_LS0.7_LR0.0001_E64_D64_Dr0.3 - DONE
[738/1296] S007 L1.0_LS1.0_LR0.0001_E256_D64_Dr0.3 - DONE
[739/1296] S007 L1.0_LS1.0_LR0.0001_E256_D128_Dr0.3 - DONE
[740/1296] S007 L1.5_LS0.7_LR0.0001_E64_D32_Dr0.3 - DONE
[741/1296] S007 L1.5_LS0.7_LR0.0001_E128_D64_Dr0.3 - DONE
[742/1296] S007 L1.5_LS0.7_LR0.0001_E64_D128_Dr0.3 - DONE
[743/1296] S007 L1.5_LS0.7_LR0.0001_E128_D128_Dr0.3 - DONE
[744/1296] S007 L1.5_LS0.7_LR0.0001_E128_D32_Dr0.3 - DONE
[745/1296] S007 L1.5_LS0.7_LR0.0001_E256_D128_Dr0.3 - DONE
[746/1296] S007 L1.5_LS1.0_LR0.0001_E64_D32_Dr0.3 - DONE
[747/1296] S007 L1.5_LS0.7_LR0.0001_E256_D32_Dr0.3 - DONE
[748/1296] S007 L1.5_LS0.7_LR0.0001_E256_D64_Dr0.3 - DONE
[749/1296] S007 L1.5_LS1.0_LR0.0001_E64_D64_Dr0.3 - DONE
[750/1296] S007 L1.5_LS1.0_LR0.0001_E128_D64_Dr0.3 - DONE
[751/1296] S007 L1.5_LS1.0_LR0.0001_E128_D32_Dr0.3 - DONE
[752/1296] S007 L1.5_LS1.0_LR0.0001_E64_D128_Dr0.3 - DONE
[753/1296] S007 L1.5_LS1.0_LR0.0001_E256_D64_Dr0.3 - DONE
[754/1296] S007 L2.0_LS0.3_LR0.0001_E64_D32_Dr0.3 - DONE
[755/1296] S007 L2.0_LS0.3_LR0.0001_E64_D64_Dr0.3 - DONE
[756/1296] S007 L2.0_LS0.3_LR0.0001_E64_D128_Dr0.3 - DONE
[757/1296] S007 L2.0_LS0.3_LR0.0001_E128_D32_Dr0.3 - DONE
[758/1296] S007 L2.0_LS0.3_LR0.0001_E128_D64_Dr0.3 - DONE
[759/1296] S007 L2.0_LS0.3_LR0.0001_E128_D128_Dr0.3 - DONE
[760/1296] S007 L2.0_LS0.3_LR0.0001_E256_D32_Dr0.3 - DONE
[761/1296] S007 L2.0_LS0.3_LR0.0001_E256_D64_Dr0.3 - DONE
[762/1296] S007 L2.0_LS0.3_LR0.0001_E256_D128_Dr0.3 - DONE
[763/1296] S007 L2.0_LS0.5_LR0.0001_E64_D32_Dr0.3 - DONE
[764/1296] S007 L2.0_LS0.5_LR0.0001_E64_D64_Dr0.3 - DONE
[765/1296] S007 L2.0_LS0.5_LR0.0001_E64_D128_Dr0.3 - DONE
[766/1296] S007 L2.0_LS0.5_LR0.0001_E128_D32_Dr0.3 - DONE
[767/1296] S007 L2.0_LS0.5_LR0.0001_E128_D64_Dr0.3 - DONE
[768/1296] S007 L2.0_LS0.5_LR0.0001_E128_D128_Dr0.3 - DONE
[769/1296] S007 L2.0_LS0.5_LR0.0001_E256_D32_Dr0.3 - DONE
[770/1296] S007 L2.0_LS0.5_LR0.0001_E256_D64_Dr0.3 - DONE
[771/1296] S007 L2.0_LS0.5_LR0.0001_E256_D128_Dr0.3 - DONE
[772/1296] S007 L1.5_LS1.0_LR0.0001_E256_D32_Dr0.3 - DONE
[773/1296] S007 L1.5_LS1.0_LR0.0001_E128_D128_Dr0.3 - DONE
[774/1296] S007 L1.5_LS1.0_LR0.0001_E256_D128_Dr0.3 - DONE
[775/1296] S007 L2.0_LS0.7_LR0.0001_E64_D64_Dr0.3 - DONE
[776/1296] S007 L2.0_LS0.7_LR0.0001_E64_D32_Dr0.3 - DONE
[777/1296] S007 L2.0_LS0.7_LR0.0001_E64_D128_Dr0.3 - DONE
[778/1296] S007 L2.0_LS0.7_LR0.0001_E128_D32_Dr0.3 - DONE
[779/1296] S007 L2.0_LS0.7_LR0.0001_E128_D64_Dr0.3 - DONE
[780/1296] S007 L2.0_LS0.7_LR0.0001_E128_D128_Dr0.3 - DONE
[781/1296] S007 L2.0_LS0.7_LR0.0001_E256_D32_Dr0.3 - DONE
[782/1296] S007 L2.0_LS1.0_LR0.0001_E64_D64_Dr0.3 - DONE
[783/1296] S007 L2.0_LS0.7_LR0.0001_E256_D128_Dr0.3 - DONE
[784/1296] S007 L2.0_LS1.0_LR0.0001_E64_D32_Dr0.3 - DONE
[785/1296] S007 L2.0_LS0.7_LR0.0001_E256_D64_Dr0.3 - DONE
[786/1296] S007 L2.0_LS1.0_LR0.0001_E128_D128_Dr0.3 - DONE
[787/1296] S007 L2.0_LS1.0_LR0.0001_E128_D32_Dr0.3 - DONE
[788/1296] S007 L2.0_LS1.0_LR0.0001_E128_D64_Dr0.3 - DONE
[789/1296] S007 L2.0_LS1.0_LR0.0001_E64_D128_Dr0.3 - DONE
[790/1296] S007 L2.0_LS1.0_LR0.0001_E256_D32_Dr0.3 - DONE
[791/1296] S007 L2.0_LS1.0_LR0.0001_E256_D64_Dr0.3 - DONE
[792/1296] S007 L2.5_LS0.3_LR0.0001_E64_D64_Dr0.3 - DONE
[793/1296] S007 L2.5_LS0.3_LR0.0001_E64_D128_Dr0.3 - DONE
[794/1296] S007 L2.5_LS0.3_LR0.0001_E64_D32_Dr0.3 - DONE
[795/1296] S007 L2.0_LS1.0_LR0.0001_E256_D128_Dr0.3 - DONE
[796/1296] S007 L2.5_LS0.3_LR0.0001_E128_D32_Dr0.3 - DONE
[797/1296] S007 L2.5_LS0.3_LR0.0001_E128_D64_Dr0.3 - DONE
[798/1296] S007 L2.5_LS0.3_LR0.0001_E256_D32_Dr0.3 - DONE
[799/1296] S007 L2.5_LS0.3_LR0.0001_E128_D128_Dr0.3 - DONE
[800/1296] S007 L2.5_LS0.3_LR0.0001_E256_D64_Dr0.3 - DONE
[801/1296] S007 L2.5_LS0.5_LR0.0001_E64_D64_Dr0.3 - DONE
[802/1296] S007 L2.5_LS0.5_LR0.0001_E64_D32_Dr0.3 - DONE
[803/1296] S007 L2.5_LS0.3_LR0.0001_E256_D128_Dr0.3 - DONE
[804/1296] S007 L2.5_LS0.5_LR0.0001_E128_D32_Dr0.3 - DONE
[805/1296] S007 L2.5_LS0.5_LR0.0001_E64_D128_Dr0.3 - DONE
[806/1296] S007 L2.5_LS0.5_LR0.0001_E128_D64_Dr0.3 - DONE
[807/1296] S007 L2.5_LS0.5_LR0.0001_E128_D128_Dr0.3 - DONE
[808/1296] S007 L2.5_LS0.5_LR0.0001_E256_D128_Dr0.3 - DONE
[809/1296] S007 L2.5_LS0.5_LR0.0001_E256_D64_Dr0.3 - DONE
[810/1296] S007 L2.5_LS0.5_LR0.0001_E256_D32_Dr0.3 - DONE
[811/1296] S007 L2.5_LS0.7_LR0.0001_E64_D32_Dr0.3 - DONE
[812/1296] S007 L2.5_LS0.7_LR0.0001_E64_D64_Dr0.3 - DONE
[813/1296] S007 L2.5_LS0.7_LR0.0001_E128_D32_Dr0.3 - DONE
[814/1296] S007 L2.5_LS0.7_LR0.0001_E128_D64_Dr0.3 - DONE
[815/1296] S007 L2.5_LS0.7_LR0.0001_E256_D32_Dr0.3 - DONE
[816/1296] S007 L2.5_LS0.7_LR0.0001_E128_D128_Dr0.3 - DONE
[817/1296] S007 L2.5_LS0.7_LR0.0001_E64_D128_Dr0.3 - DONE
[818/1296] S007 L2.5_LS0.7_LR0.0001_E256_D64_Dr0.3 - DONE
[819/1296] S007 L2.5_LS1.0_LR0.0001_E64_D32_Dr0.3 - DONE
[820/1296] S007 L2.5_LS1.0_LR0.0001_E64_D64_Dr0.3 - DONE
[821/1296] S007 L2.5_LS0.7_LR0.0001_E256_D128_Dr0.3 - DONE
[822/1296] S007 L2.5_LS1.0_LR0.0001_E128_D32_Dr0.3 - DONE
[823/1296] S007 L2.5_LS1.0_LR0.0001_E128_D64_Dr0.3 - DONE
[824/1296] S007 L2.5_LS1.0_LR0.0001_E64_D128_Dr0.3 - DONE
[825/1296] S007 L2.5_LS1.0_LR0.0001_E128_D128_Dr0.3 - DONE
[826/1296] S007 L2.5_LS1.0_LR0.0001_E256_D32_Dr0.3 - DONE
[827/1296] S007 L3.0_LS0.3_LR0.0001_E64_D32_Dr0.3 - DONE
[828/1296] S007 L2.5_LS1.0_LR0.0001_E256_D64_Dr0.3 - DONE
[829/1296] S007 L3.0_LS0.3_LR0.0001_E64_D128_Dr0.3 - DONE
[830/1296] S007 L3.0_LS0.3_LR0.0001_E128_D32_Dr0.3 - DONE
[831/1296] S007 L2.5_LS1.0_LR0.0001_E256_D128_Dr0.3 - DONE
[832/1296] S007 L3.0_LS0.3_LR0.0001_E128_D64_Dr0.3 - DONE
[833/1296] S007 L3.0_LS0.3_LR0.0001_E128_D128_Dr0.3 - DONE
[834/1296] S007 L3.0_LS0.3_LR0.0001_E256_D32_Dr0.3 - DONE
[835/1296] S007 L3.0_LS0.3_LR0.0001_E64_D64_Dr0.3 - DONE
[836/1296] S007 L3.0_LS0.3_LR0.0001_E256_D64_Dr0.3 - DONE
[837/1296] S007 L3.0_LS0.3_LR0.0001_E256_D128_Dr0.3 - DONE
[838/1296] S007 L3.0_LS0.5_LR0.0001_E64_D32_Dr0.3 - DONE
[839/1296] S007 L3.0_LS0.5_LR0.0001_E64_D64_Dr0.3 - DONE
[840/1296] S007 L3.0_LS0.5_LR0.0001_E128_D32_Dr0.3 - DONE
[841/1296] S007 L3.0_LS0.5_LR0.0001_E128_D128_Dr0.3 - DONE
[842/1296] S007 L3.0_LS0.5_LR0.0001_E128_D64_Dr0.3 - DONE
[843/1296] S007 L3.0_LS0.5_LR0.0001_E64_D128_Dr0.3 - DONE
[844/1296] S007 L3.0_LS0.5_LR0.0001_E256_D32_Dr0.3 - DONE
[845/1296] S007 L3.0_LS0.5_LR0.0001_E256_D64_Dr0.3 - DONE
[846/1296] S007 L3.0_LS0.7_LR0.0001_E64_D32_Dr0.3 - DONE
[847/1296] S007 L3.0_LS0.5_LR0.0001_E256_D128_Dr0.3 - DONE
[848/1296] S007 L3.0_LS0.7_LR0.0001_E64_D64_Dr0.3 - DONE
[849/1296] S007 L3.0_LS0.7_LR0.0001_E128_D64_Dr0.3 - DONE
[850/1296] S007 L3.0_LS0.7_LR0.0001_E128_D32_Dr0.3 - DONE
[851/1296] S007 L3.0_LS0.7_LR0.0001_E256_D64_Dr0.3 - DONE
[852/1296] S007 L3.0_LS0.7_LR0.0001_E256_D32_Dr0.3 - DONE
[853/1296] S007 L3.0_LS0.7_LR0.0001_E64_D128_Dr0.3 - DONE
[854/1296] S007 L3.0_LS0.7_LR0.0001_E128_D128_Dr0.3 - DONE
[855/1296] S007 L3.0_LS1.0_LR0.0001_E64_D32_Dr0.3 - DONE
[856/1296] S007 L3.0_LS1.0_LR0.0001_E64_D64_Dr0.3 - DONE
[857/1296] S007 L3.0_LS1.0_LR0.0001_E64_D128_Dr0.3 - DONE
[858/1296] S007 L3.0_LS1.0_LR0.0001_E128_D32_Dr0.3 - DONE
[859/1296] S007 L3.0_LS1.0_LR0.0001_E128_D64_Dr0.3 - DONE
[860/1296] S007 L3.0_LS0.7_LR0.0001_E256_D128_Dr0.3 - DONE
[861/1296] S007 L3.0_LS1.0_LR0.0001_E256_D32_Dr0.3 - DONE
[862/1296] S008 L0.5_LS0.3_LR0.0001_E64_D32_Dr0.3 - DONE
[863/1296] S008 L0.5_LS0.3_LR0.0001_E64_D64_Dr0.3 - DONE
[864/1296] S008 L0.5_LS0.3_LR0.0001_E64_D128_Dr0.3 - DONE
[865/1296] S008 L0.5_LS0.3_LR0.0001_E128_D32_Dr0.3 - DONE
[866/1296] S008 L0.5_LS0.3_LR0.0001_E128_D64_Dr0.3 - DONE
[867/1296] S008 L0.5_LS0.3_LR0.0001_E128_D128_Dr0.3 - DONE
[868/1296] S008 L0.5_LS0.3_LR0.0001_E256_D32_Dr0.3 - DONE
[869/1296] S008 L0.5_LS0.3_LR0.0001_E256_D64_Dr0.3 - DONE
[870/1296] S008 L0.5_LS0.3_LR0.0001_E256_D128_Dr0.3 - DONE
[871/1296] S008 L0.5_LS0.5_LR0.0001_E64_D32_Dr0.3 - DONE
[872/1296] S008 L0.5_LS0.5_LR0.0001_E64_D64_Dr0.3 - DONE
[873/1296] S008 L0.5_LS0.5_LR0.0001_E64_D128_Dr0.3 - DONE
[874/1296] S008 L0.5_LS0.5_LR0.0001_E128_D32_Dr0.3 - DONE
[875/1296] S008 L0.5_LS0.5_LR0.0001_E128_D64_Dr0.3 - DONE
[876/1296] S008 L0.5_LS0.5_LR0.0001_E128_D128_Dr0.3 - DONE
[877/1296] S008 L0.5_LS0.5_LR0.0001_E256_D32_Dr0.3 - DONE
[878/1296] S008 L0.5_LS0.5_LR0.0001_E256_D64_Dr0.3 - DONE
[879/1296] S008 L0.5_LS0.5_LR0.0001_E256_D128_Dr0.3 - DONE
[880/1296] S007 L3.0_LS1.0_LR0.0001_E128_D128_Dr0.3 - DONE
[881/1296] S007 L3.0_LS1.0_LR0.0001_E256_D64_Dr0.3 - DONE
[882/1296] S008 L0.5_LS0.7_LR0.0001_E64_D32_Dr0.3 - DONE
[883/1296] S008 L0.5_LS0.7_LR0.0001_E64_D64_Dr0.3 - DONE
[884/1296] S008 L0.5_LS0.7_LR0.0001_E64_D128_Dr0.3 - DONE
[885/1296] S007 L3.0_LS1.0_LR0.0001_E256_D128_Dr0.3 - DONE
[886/1296] S008 L0.5_LS0.7_LR0.0001_E128_D32_Dr0.3 - DONE
[887/1296] S008 L0.5_LS0.7_LR0.0001_E128_D128_Dr0.3 - DONE
[888/1296] S008 L0.5_LS0.7_LR0.0001_E128_D64_Dr0.3 - DONE
[889/1296] S008 L0.5_LS0.7_LR0.0001_E256_D32_Dr0.3 - DONE
[890/1296] S008 L0.5_LS0.7_LR0.0001_E256_D64_Dr0.3 - DONE
[891/1296] S008 L0.5_LS0.7_LR0.0001_E256_D128_Dr0.3 - DONE
[892/1296] S008 L0.5_LS1.0_LR0.0001_E64_D32_Dr0.3 - DONE
[893/1296] S008 L0.5_LS1.0_LR0.0001_E64_D64_Dr0.3 - DONE
[894/1296] S008 L0.5_LS1.0_LR0.0001_E64_D128_Dr0.3 - DONE
[895/1296] S008 L0.5_LS1.0_LR0.0001_E128_D32_Dr0.3 - DONE
[896/1296] S008 L0.5_LS1.0_LR0.0001_E128_D64_Dr0.3 - DONE
[897/1296] S008 L0.5_LS1.0_LR0.0001_E256_D32_Dr0.3 - DONE
[898/1296] S008 L1.0_LS0.3_LR0.0001_E64_D32_Dr0.3 - DONE
[899/1296] S008 L1.0_LS0.3_LR0.0001_E64_D64_Dr0.3 - DONE
[900/1296] S008 L1.0_LS0.3_LR0.0001_E64_D128_Dr0.3 - DONE
[901/1296] S008 L1.0_LS0.3_LR0.0001_E128_D32_Dr0.3 - DONE
[902/1296] S008 L1.0_LS0.3_LR0.0001_E128_D64_Dr0.3 - DONE
[903/1296] S008 L1.0_LS0.3_LR0.0001_E128_D128_Dr0.3 - DONE
[904/1296] S008 L1.0_LS0.3_LR0.0001_E256_D32_Dr0.3 - DONE
[905/1296] S008 L1.0_LS0.3_LR0.0001_E256_D64_Dr0.3 - DONE
[906/1296] S008 L1.0_LS0.3_LR0.0001_E256_D128_Dr0.3 - DONE
[907/1296] S008 L1.0_LS0.5_LR0.0001_E64_D32_Dr0.3 - DONE
[908/1296] S008 L1.0_LS0.5_LR0.0001_E64_D64_Dr0.3 - DONE
[909/1296] S008 L1.0_LS0.5_LR0.0001_E64_D128_Dr0.3 - DONE
[910/1296] S008 L1.0_LS0.5_LR0.0001_E128_D32_Dr0.3 - DONE
[911/1296] S008 L1.0_LS0.5_LR0.0001_E128_D64_Dr0.3 - DONE
[912/1296] S008 L1.0_LS0.5_LR0.0001_E128_D128_Dr0.3 - DONE
[913/1296] S008 L1.0_LS0.5_LR0.0001_E256_D32_Dr0.3 - DONE
[914/1296] S008 L1.0_LS0.5_LR0.0001_E256_D64_Dr0.3 - DONE
[915/1296] S008 L1.0_LS0.5_LR0.0001_E256_D128_Dr0.3 - DONE
[916/1296] S008 L0.5_LS1.0_LR0.0001_E128_D128_Dr0.3 - DONE
[917/1296] S008 L0.5_LS1.0_LR0.0001_E256_D64_Dr0.3 - DONE
[918/1296] S008 L0.5_LS1.0_LR0.0001_E256_D128_Dr0.3 - DONE
[919/1296] S008 L1.0_LS0.7_LR0.0001_E64_D32_Dr0.3 - DONE
[920/1296] S008 L1.0_LS0.7_LR0.0001_E64_D64_Dr0.3 - DONE
[921/1296] S008 L1.0_LS0.7_LR0.0001_E64_D128_Dr0.3 - DONE
[922/1296] S008 L1.0_LS0.7_LR0.0001_E128_D64_Dr0.3 - DONE
[923/1296] S008 L1.0_LS0.7_LR0.0001_E128_D32_Dr0.3 - DONE
[924/1296] S008 L1.0_LS0.7_LR0.0001_E128_D128_Dr0.3 - DONE
[925/1296] S008 L1.0_LS0.7_LR0.0001_E256_D64_Dr0.3 - DONE
[926/1296] S008 L1.0_LS0.7_LR0.0001_E256_D32_Dr0.3 - DONE
[927/1296] S008 L1.0_LS1.0_LR0.0001_E64_D32_Dr0.3 - DONE
[928/1296] S008 L1.0_LS0.7_LR0.0001_E256_D128_Dr0.3 - DONE
[929/1296] S008 L1.0_LS1.0_LR0.0001_E64_D128_Dr0.3 - DONE
[930/1296] S008 L1.0_LS1.0_LR0.0001_E128_D64_Dr0.3 - DONE
[931/1296] S008 L1.0_LS1.0_LR0.0001_E128_D32_Dr0.3 - DONE
[932/1296] S008 L1.0_LS1.0_LR0.0001_E64_D64_Dr0.3 - DONE
[933/1296] S008 L1.0_LS1.0_LR0.0001_E128_D128_Dr0.3 - DONE
[934/1296] S008 L1.5_LS0.3_LR0.0001_E64_D32_Dr0.3 - DONE
[935/1296] S008 L1.5_LS0.3_LR0.0001_E64_D64_Dr0.3 - DONE
[936/1296] S008 L1.5_LS0.3_LR0.0001_E64_D128_Dr0.3 - DONE
[937/1296] S008 L1.5_LS0.3_LR0.0001_E128_D32_Dr0.3 - DONE
[938/1296] S008 L1.5_LS0.3_LR0.0001_E128_D64_Dr0.3 - DONE
[939/1296] S008 L1.5_LS0.3_LR0.0001_E128_D128_Dr0.3 - DONE
[940/1296] S008 L1.5_LS0.3_LR0.0001_E256_D32_Dr0.3 - DONE
[941/1296] S008 L1.5_LS0.3_LR0.0001_E256_D64_Dr0.3 - DONE
[942/1296] S008 L1.5_LS0.3_LR0.0001_E256_D128_Dr0.3 - DONE
[943/1296] S008 L1.5_LS0.5_LR0.0001_E64_D32_Dr0.3 - DONE
[944/1296] S008 L1.5_LS0.5_LR0.0001_E64_D64_Dr0.3 - DONE
[945/1296] S008 L1.5_LS0.5_LR0.0001_E64_D128_Dr0.3 - DONE
[946/1296] S008 L1.5_LS0.5_LR0.0001_E128_D32_Dr0.3 - DONE
[947/1296] S008 L1.5_LS0.5_LR0.0001_E128_D64_Dr0.3 - DONE
[948/1296] S008 L1.5_LS0.5_LR0.0001_E128_D128_Dr0.3 - DONE
[949/1296] S008 L1.5_LS0.5_LR0.0001_E256_D32_Dr0.3 - DONE
[950/1296] S008 L1.5_LS0.5_LR0.0001_E256_D64_Dr0.3 - DONE
[951/1296] S008 L1.5_LS0.5_LR0.0001_E256_D128_Dr0.3 - DONE
[952/1296] S008 L1.0_LS1.0_LR0.0001_E256_D128_Dr0.3 - DONE
[953/1296] S008 L1.0_LS1.0_LR0.0001_E256_D64_Dr0.3 - DONE
[954/1296] S008 L1.0_LS1.0_LR0.0001_E256_D32_Dr0.3 - DONE
[955/1296] S008 L1.5_LS0.7_LR0.0001_E64_D32_Dr0.3 - DONE
[956/1296] S008 L1.5_LS0.7_LR0.0001_E128_D32_Dr0.3 - DONE
[957/1296] S008 L1.5_LS0.7_LR0.0001_E64_D128_Dr0.3 - DONE
[958/1296] S008 L1.5_LS0.7_LR0.0001_E128_D64_Dr0.3 - DONE
[959/1296] S008 L1.5_LS0.7_LR0.0001_E128_D128_Dr0.3 - DONE
[960/1296] S008 L1.5_LS0.7_LR0.0001_E64_D64_Dr0.3 - DONE
[961/1296] S008 L1.5_LS0.7_LR0.0001_E256_D32_Dr0.3 - DONE
[962/1296] S008 L1.5_LS0.7_LR0.0001_E256_D64_Dr0.3 - DONE
[963/1296] S008 L1.5_LS0.7_LR0.0001_E256_D128_Dr0.3 - DONE
[964/1296] S008 L1.5_LS1.0_LR0.0001_E64_D64_Dr0.3 - DONE
[965/1296] S008 L1.5_LS1.0_LR0.0001_E64_D128_Dr0.3 - DONE
[966/1296] S008 L1.5_LS1.0_LR0.0001_E128_D64_Dr0.3 - DONE
[967/1296] S008 L1.5_LS1.0_LR0.0001_E128_D32_Dr0.3 - DONE
[968/1296] S008 L1.5_LS1.0_LR0.0001_E64_D32_Dr0.3 - DONE
[969/1296] S008 L1.5_LS1.0_LR0.0001_E128_D128_Dr0.3 - DONE
[970/1296] S008 L2.0_LS0.3_LR0.0001_E64_D32_Dr0.3 - DONE
[971/1296] S008 L2.0_LS0.3_LR0.0001_E64_D64_Dr0.3 - DONE
[972/1296] S008 L2.0_LS0.3_LR0.0001_E64_D128_Dr0.3 - DONE
[973/1296] S008 L2.0_LS0.3_LR0.0001_E128_D32_Dr0.3 - DONE
[974/1296] S008 L2.0_LS0.3_LR0.0001_E128_D64_Dr0.3 - DONE
[975/1296] S008 L2.0_LS0.3_LR0.0001_E128_D128_Dr0.3 - DONE
[976/1296] S008 L2.0_LS0.3_LR0.0001_E256_D32_Dr0.3 - DONE
[977/1296] S008 L2.0_LS0.3_LR0.0001_E256_D64_Dr0.3 - DONE
[978/1296] S008 L2.0_LS0.3_LR0.0001_E256_D128_Dr0.3 - DONE
[979/1296] S008 L2.0_LS0.5_LR0.0001_E64_D32_Dr0.3 - DONE
[980/1296] S008 L2.0_LS0.5_LR0.0001_E64_D64_Dr0.3 - DONE
[981/1296] S008 L2.0_LS0.5_LR0.0001_E64_D128_Dr0.3 - DONE
[982/1296] S008 L2.0_LS0.5_LR0.0001_E128_D32_Dr0.3 - DONE
[983/1296] S008 L2.0_LS0.5_LR0.0001_E128_D64_Dr0.3 - DONE
[984/1296] S008 L2.0_LS0.5_LR0.0001_E128_D128_Dr0.3 - DONE
[985/1296] S008 L2.0_LS0.5_LR0.0001_E256_D32_Dr0.3 - DONE
[986/1296] S008 L2.0_LS0.5_LR0.0001_E256_D64_Dr0.3 - DONE
[987/1296] S008 L2.0_LS0.5_LR0.0001_E256_D128_Dr0.3 - DONE
[988/1296] S008 L2.0_LS0.7_LR0.0001_E64_D32_Dr0.3 - DONE
[989/1296] S008 L1.5_LS1.0_LR0.0001_E256_D32_Dr0.3 - DONE
[990/1296] S008 L1.5_LS1.0_LR0.0001_E256_D64_Dr0.3 - DONE
[991/1296] S008 L1.5_LS1.0_LR0.0001_E256_D128_Dr0.3 - DONE
[992/1296] S008 L2.0_LS0.7_LR0.0001_E128_D32_Dr0.3 - DONE
[993/1296] S008 L2.0_LS0.7_LR0.0001_E64_D128_Dr0.3 - DONE
[994/1296] S008 L2.0_LS0.7_LR0.0001_E64_D64_Dr0.3 - DONE
[995/1296] S008 L2.0_LS0.7_LR0.0001_E128_D64_Dr0.3 - DONE
[996/1296] S008 L2.0_LS0.7_LR0.0001_E256_D32_Dr0.3 - DONE
[997/1296] S008 L2.0_LS0.7_LR0.0001_E256_D64_Dr0.3 - DONE
[998/1296] S008 L2.0_LS0.7_LR0.0001_E128_D128_Dr0.3 - DONE
[999/1296] S008 L2.0_LS1.0_LR0.0001_E64_D32_Dr0.3 - DONE
[1000/1296] S008 L2.0_LS1.0_LR0.0001_E64_D64_Dr0.3 - DONE
[1001/1296] S008 L2.0_LS1.0_LR0.0001_E128_D32_Dr0.3 - DONE
[1002/1296] S008 L2.0_LS0.7_LR0.0001_E256_D128_Dr0.3 - DONE
[1003/1296] S008 L2.0_LS1.0_LR0.0001_E64_D128_Dr0.3 - DONE
[1004/1296] S008 L2.0_LS1.0_LR0.0001_E128_D128_Dr0.3 - DONE
[1005/1296] S008 L2.0_LS1.0_LR0.0001_E128_D64_Dr0.3 - DONE
[1006/1296] S008 L2.0_LS1.0_LR0.0001_E256_D32_Dr0.3 - DONE
[1007/1296] S008 L2.0_LS1.0_LR0.0001_E256_D64_Dr0.3 - DONE
[1008/1296] S008 L2.0_LS1.0_LR0.0001_E256_D128_Dr0.3 - DONE
[1009/1296] S008 L2.5_LS0.3_LR0.0001_E64_D32_Dr0.3 - DONE
[1010/1296] S008 L2.5_LS0.3_LR0.0001_E64_D128_Dr0.3 - DONE
[1011/1296] S008 L2.5_LS0.3_LR0.0001_E64_D64_Dr0.3 - DONE
[1012/1296] S008 L2.5_LS0.3_LR0.0001_E128_D32_Dr0.3 - DONE
[1013/1296] S008 L2.5_LS0.3_LR0.0001_E128_D128_Dr0.3 - DONE
[1014/1296] S008 L2.5_LS0.3_LR0.0001_E128_D64_Dr0.3 - DONE
[1015/1296] S008 L2.5_LS0.3_LR0.0001_E256_D64_Dr0.3 - DONE
[1016/1296] S008 L2.5_LS0.3_LR0.0001_E256_D32_Dr0.3 - DONE
[1017/1296] S008 L2.5_LS0.5_LR0.0001_E64_D32_Dr0.3 - DONE
[1018/1296] S008 L2.5_LS0.3_LR0.0001_E256_D128_Dr0.3 - DONE
[1019/1296] S008 L2.5_LS0.5_LR0.0001_E64_D64_Dr0.3 - DONE
[1020/1296] S008 L2.5_LS0.5_LR0.0001_E64_D128_Dr0.3 - DONE
[1021/1296] S008 L2.5_LS0.5_LR0.0001_E128_D32_Dr0.3 - DONE
[1022/1296] S008 L2.5_LS0.5_LR0.0001_E128_D64_Dr0.3 - DONE
[1023/1296] S008 L2.5_LS0.5_LR0.0001_E128_D128_Dr0.3 - DONE
[1024/1296] S008 L2.5_LS0.5_LR0.0001_E256_D32_Dr0.3 - DONE
[1025/1296] S008 L2.5_LS0.5_LR0.0001_E256_D64_Dr0.3 - DONE
[1026/1296] S008 L2.5_LS0.7_LR0.0001_E64_D32_Dr0.3 - DONE
[1027/1296] S008 L2.5_LS0.5_LR0.0001_E256_D128_Dr0.3 - DONE
[1028/1296] S008 L2.5_LS0.7_LR0.0001_E128_D32_Dr0.3 - DONE
[1029/1296] S008 L2.5_LS0.7_LR0.0001_E64_D64_Dr0.3 - DONE
[1030/1296] S008 L2.5_LS0.7_LR0.0001_E128_D64_Dr0.3 - DONE
[1031/1296] S008 L2.5_LS0.7_LR0.0001_E128_D128_Dr0.3 - DONE
[1032/1296] S008 L2.5_LS0.7_LR0.0001_E64_D128_Dr0.3 - DONE
[1033/1296] S008 L2.5_LS0.7_LR0.0001_E256_D64_Dr0.3 - DONE
[1034/1296] S008 L2.5_LS0.7_LR0.0001_E256_D32_Dr0.3 - DONE
[1035/1296] S008 L2.5_LS0.7_LR0.0001_E256_D128_Dr0.3 - DONE
[1036/1296] S008 L2.5_LS1.0_LR0.0001_E64_D32_Dr0.3 - DONE
[1037/1296] S008 L2.5_LS1.0_LR0.0001_E64_D64_Dr0.3 - DONE
[1038/1296] S008 L2.5_LS1.0_LR0.0001_E128_D32_Dr0.3 - DONE
[1039/1296] S008 L2.5_LS1.0_LR0.0001_E128_D64_Dr0.3 - DONE
[1040/1296] S008 L2.5_LS1.0_LR0.0001_E128_D128_Dr0.3 - DONE
[1041/1296] S008 L2.5_LS1.0_LR0.0001_E64_D128_Dr0.3 - DONE
[1042/1296] S008 L2.5_LS1.0_LR0.0001_E256_D32_Dr0.3 - DONE
[1043/1296] S008 L2.5_LS1.0_LR0.0001_E256_D64_Dr0.3 - DONE
[1044/1296] S008 L2.5_LS1.0_LR0.0001_E256_D128_Dr0.3 - DONE
[1045/1296] S008 L3.0_LS0.3_LR0.0001_E64_D32_Dr0.3 - DONE
[1046/1296] S008 L3.0_LS0.3_LR0.0001_E64_D64_Dr0.3 - DONE
[1047/1296] S008 L3.0_LS0.3_LR0.0001_E64_D128_Dr0.3 - DONE
[1048/1296] S008 L3.0_LS0.3_LR0.0001_E128_D32_Dr0.3 - DONE
[1049/1296] S008 L3.0_LS0.3_LR0.0001_E256_D32_Dr0.3 - DONE
[1050/1296] S008 L3.0_LS0.3_LR0.0001_E256_D64_Dr0.3 - DONE
[1051/1296] S008 L3.0_LS0.3_LR0.0001_E128_D128_Dr0.3 - DONE
[1052/1296] S008 L3.0_LS0.3_LR0.0001_E128_D64_Dr0.3 - DONE
[1053/1296] S008 L3.0_LS0.3_LR0.0001_E256_D128_Dr0.3 - DONE
[1054/1296] S008 L3.0_LS0.5_LR0.0001_E64_D32_Dr0.3 - DONE
[1055/1296] S008 L3.0_LS0.5_LR0.0001_E128_D32_Dr0.3 - DONE
[1056/1296] S008 L3.0_LS0.5_LR0.0001_E64_D128_Dr0.3 - DONE
[1057/1296] S008 L3.0_LS0.5_LR0.0001_E64_D64_Dr0.3 - DONE
[1058/1296] S008 L3.0_LS0.5_LR0.0001_E128_D64_Dr0.3 - DONE
[1059/1296] S008 L3.0_LS0.5_LR0.0001_E256_D32_Dr0.3 - DONE
[1060/1296] S008 L3.0_LS0.5_LR0.0001_E128_D128_Dr0.3 - DONE
[1061/1296] S008 L3.0_LS0.5_LR0.0001_E256_D64_Dr0.3 - DONE
[1062/1296] S008 L3.0_LS0.5_LR0.0001_E256_D128_Dr0.3 - DONE
[1063/1296] S008 L3.0_LS0.7_LR0.0001_E64_D64_Dr0.3 - DONE
[1064/1296] S008 L3.0_LS0.7_LR0.0001_E64_D32_Dr0.3 - DONE
[1065/1296] S008 L3.0_LS0.7_LR0.0001_E128_D32_Dr0.3 - DONE
[1066/1296] S008 L3.0_LS0.7_LR0.0001_E64_D128_Dr0.3 - DONE
[1067/1296] S008 L3.0_LS0.7_LR0.0001_E128_D64_Dr0.3 - DONE
[1068/1296] S008 L3.0_LS0.7_LR0.0001_E128_D128_Dr0.3 - DONE
[1069/1296] S008 L3.0_LS0.7_LR0.0001_E256_D32_Dr0.3 - DONE
[1070/1296] S008 L3.0_LS1.0_LR0.0001_E64_D32_Dr0.3 - DONE
[1071/1296] S008 L3.0_LS0.7_LR0.0001_E256_D64_Dr0.3 - DONE
[1072/1296] S008 L3.0_LS1.0_LR0.0001_E64_D64_Dr0.3 - DONE
[1073/1296] S008 L3.0_LS1.0_LR0.0001_E128_D32_Dr0.3 - DONE
[1074/1296] S008 L3.0_LS1.0_LR0.0001_E128_D64_Dr0.3 - DONE
[1075/1296] S008 L3.0_LS1.0_LR0.0001_E64_D128_Dr0.3 - DONE
[1076/1296] S008 L3.0_LS0.7_LR0.0001_E256_D128_Dr0.3 - DONE
[1077/1296] S008 L3.0_LS1.0_LR0.0001_E128_D128_Dr0.3 - DONE
[1078/1296] S013 L0.5_LS0.3_LR0.0001_E64_D32_Dr0.3 - DONE
[1079/1296] S013 L0.5_LS0.3_LR0.0001_E64_D64_Dr0.3 - DONE
[1080/1296] S013 L0.5_LS0.3_LR0.0001_E64_D128_Dr0.3 - DONE
[1081/1296] S013 L0.5_LS0.3_LR0.0001_E128_D32_Dr0.3 - DONE
[1082/1296] S013 L0.5_LS0.3_LR0.0001_E128_D64_Dr0.3 - DONE
[1083/1296] S013 L0.5_LS0.3_LR0.0001_E128_D128_Dr0.3 - DONE
[1084/1296] S013 L0.5_LS0.3_LR0.0001_E256_D32_Dr0.3 - DONE
[1085/1296] S013 L0.5_LS0.3_LR0.0001_E256_D64_Dr0.3 - DONE
[1086/1296] S013 L0.5_LS0.3_LR0.0001_E256_D128_Dr0.3 - DONE
[1087/1296] S013 L0.5_LS0.5_LR0.0001_E64_D32_Dr0.3 - DONE
[1088/1296] S013 L0.5_LS0.5_LR0.0001_E64_D64_Dr0.3 - DONE
[1089/1296] S013 L0.5_LS0.5_LR0.0001_E64_D128_Dr0.3 - DONE
[1090/1296] S013 L0.5_LS0.5_LR0.0001_E128_D32_Dr0.3 - DONE
[1091/1296] S013 L0.5_LS0.5_LR0.0001_E128_D64_Dr0.3 - DONE
[1092/1296] S013 L0.5_LS0.5_LR0.0001_E128_D128_Dr0.3 - DONE
[1093/1296] S013 L0.5_LS0.5_LR0.0001_E256_D32_Dr0.3 - DONE
[1094/1296] S013 L0.5_LS0.5_LR0.0001_E256_D64_Dr0.3 - DONE
[1095/1296] S013 L0.5_LS0.5_LR0.0001_E256_D128_Dr0.3 - DONE
[1096/1296] S008 L3.0_LS1.0_LR0.0001_E256_D32_Dr0.3 - DONE
[1097/1296] S008 L3.0_LS1.0_LR0.0001_E256_D64_Dr0.3 - DONE
[1098/1296] S008 L3.0_LS1.0_LR0.0001_E256_D128_Dr0.3 - DONE
[1099/1296] S013 L0.5_LS0.7_LR0.0001_E128_D32_Dr0.3 - DONE
[1100/1296] S013 L0.5_LS0.7_LR0.0001_E64_D64_Dr0.3 - DONE
[1101/1296] S013 L0.5_LS0.7_LR0.0001_E64_D128_Dr0.3 - DONE
[1102/1296] S013 L0.5_LS0.7_LR0.0001_E64_D32_Dr0.3 - DONE
[1103/1296] S013 L0.5_LS0.7_LR0.0001_E128_D64_Dr0.3 - DONE
[1104/1296] S013 L0.5_LS0.7_LR0.0001_E128_D128_Dr0.3 - DONE
[1105/1296] S013 L0.5_LS0.7_LR0.0001_E256_D32_Dr0.3 - DONE
[1106/1296] S013 L0.5_LS0.7_LR0.0001_E256_D64_Dr0.3 - DONE
[1107/1296] S013 L0.5_LS0.7_LR0.0001_E256_D128_Dr0.3 - DONE
[1108/1296] S013 L0.5_LS1.0_LR0.0001_E64_D32_Dr0.3 - DONE
[1109/1296] S013 L0.5_LS1.0_LR0.0001_E64_D128_Dr0.3 - DONE
[1110/1296] S013 L0.5_LS1.0_LR0.0001_E64_D64_Dr0.3 - DONE
[1111/1296] S013 L0.5_LS1.0_LR0.0001_E128_D32_Dr0.3 - DONE
[1112/1296] S013 L0.5_LS1.0_LR0.0001_E128_D128_Dr0.3 - DONE
[1113/1296] S013 L0.5_LS1.0_LR0.0001_E128_D64_Dr0.3 - DONE
[1114/1296] S013 L1.0_LS0.3_LR0.0001_E64_D32_Dr0.3 - DONE
[1115/1296] S013 L1.0_LS0.3_LR0.0001_E64_D64_Dr0.3 - DONE
[1116/1296] S013 L1.0_LS0.3_LR0.0001_E64_D128_Dr0.3 - DONE
[1117/1296] S013 L1.0_LS0.3_LR0.0001_E128_D32_Dr0.3 - DONE
[1118/1296] S013 L1.0_LS0.3_LR0.0001_E128_D64_Dr0.3 - DONE
[1119/1296] S013 L1.0_LS0.3_LR0.0001_E128_D128_Dr0.3 - DONE
[1120/1296] S013 L1.0_LS0.3_LR0.0001_E256_D32_Dr0.3 - DONE
[1121/1296] S013 L1.0_LS0.3_LR0.0001_E256_D64_Dr0.3 - DONE
[1122/1296] S013 L1.0_LS0.3_LR0.0001_E256_D128_Dr0.3 - DONE
[1123/1296] S013 L1.0_LS0.5_LR0.0001_E64_D32_Dr0.3 - DONE
[1124/1296] S013 L1.0_LS0.5_LR0.0001_E64_D64_Dr0.3 - DONE
[1125/1296] S013 L1.0_LS0.5_LR0.0001_E64_D128_Dr0.3 - DONE
[1126/1296] S013 L1.0_LS0.5_LR0.0001_E128_D32_Dr0.3 - DONE
[1127/1296] S013 L1.0_LS0.5_LR0.0001_E128_D64_Dr0.3 - DONE
[1128/1296] S013 L1.0_LS0.5_LR0.0001_E128_D128_Dr0.3 - DONE
[1129/1296] S013 L1.0_LS0.5_LR0.0001_E256_D32_Dr0.3 - DONE
[1130/1296] S013 L1.0_LS0.5_LR0.0001_E256_D64_Dr0.3 - DONE
[1131/1296] S013 L1.0_LS0.5_LR0.0001_E256_D128_Dr0.3 - DONE
[1132/1296] S013 L0.5_LS1.0_LR0.0001_E256_D32_Dr0.3 - DONE
[1133/1296] S013 L0.5_LS1.0_LR0.0001_E256_D128_Dr0.3 - DONE
[1134/1296] S013 L1.0_LS0.7_LR0.0001_E64_D32_Dr0.3 - DONE
[1135/1296] S013 L1.0_LS0.7_LR0.0001_E64_D128_Dr0.3 - DONE
[1136/1296] S013 L0.5_LS1.0_LR0.0001_E256_D64_Dr0.3 - DONE
[1137/1296] S013 L1.0_LS0.7_LR0.0001_E64_D64_Dr0.3 - DONE
[1138/1296] S013 L1.0_LS0.7_LR0.0001_E128_D32_Dr0.3 - DONE
[1139/1296] S013 L1.0_LS0.7_LR0.0001_E128_D128_Dr0.3 - DONE
[1140/1296] S013 L1.0_LS0.7_LR0.0001_E128_D64_Dr0.3 - DONE
[1141/1296] S013 L1.0_LS0.7_LR0.0001_E256_D64_Dr0.3 - DONE
[1142/1296] S013 L1.0_LS0.7_LR0.0001_E256_D32_Dr0.3 - DONE
[1143/1296] S013 L1.0_LS0.7_LR0.0001_E256_D128_Dr0.3 - DONE
[1144/1296] S013 L1.0_LS1.0_LR0.0001_E64_D32_Dr0.3 - DONE
[1145/1296] S013 L1.0_LS1.0_LR0.0001_E64_D64_Dr0.3 - DONE
[1146/1296] S013 L1.0_LS1.0_LR0.0001_E64_D128_Dr0.3 - DONE
[1147/1296] S013 L1.0_LS1.0_LR0.0001_E128_D64_Dr0.3 - DONE
[1148/1296] S013 L1.0_LS1.0_LR0.0001_E128_D32_Dr0.3 - DONE
[1149/1296] S013 L1.0_LS1.0_LR0.0001_E128_D128_Dr0.3 - DONE
[1150/1296] S013 L1.5_LS0.3_LR0.0001_E64_D32_Dr0.3 - DONE
[1151/1296] S013 L1.5_LS0.3_LR0.0001_E64_D64_Dr0.3 - DONE
[1152/1296] S013 L1.5_LS0.3_LR0.0001_E64_D128_Dr0.3 - DONE
[1153/1296] S013 L1.5_LS0.3_LR0.0001_E128_D32_Dr0.3 - DONE
[1154/1296] S013 L1.5_LS0.3_LR0.0001_E128_D64_Dr0.3 - DONE
[1155/1296] S013 L1.5_LS0.3_LR0.0001_E128_D128_Dr0.3 - DONE
[1156/1296] S013 L1.5_LS0.3_LR0.0001_E256_D32_Dr0.3 - DONE
[1157/1296] S013 L1.5_LS0.3_LR0.0001_E256_D64_Dr0.3 - DONE
[1158/1296] S013 L1.5_LS0.3_LR0.0001_E256_D128_Dr0.3 - DONE
[1159/1296] S013 L1.5_LS0.5_LR0.0001_E64_D32_Dr0.3 - DONE
[1160/1296] S013 L1.5_LS0.5_LR0.0001_E64_D64_Dr0.3 - DONE
[1161/1296] S013 L1.5_LS0.5_LR0.0001_E64_D128_Dr0.3 - DONE
[1162/1296] S013 L1.5_LS0.5_LR0.0001_E128_D32_Dr0.3 - DONE
[1163/1296] S013 L1.5_LS0.5_LR0.0001_E128_D64_Dr0.3 - DONE
[1164/1296] S013 L1.5_LS0.5_LR0.0001_E128_D128_Dr0.3 - DONE
[1165/1296] S013 L1.5_LS0.5_LR0.0001_E256_D32_Dr0.3 - DONE
[1166/1296] S013 L1.5_LS0.5_LR0.0001_E256_D64_Dr0.3 - DONE
[1167/1296] S013 L1.5_LS0.5_LR0.0001_E256_D128_Dr0.3 - DONE
[1168/1296] S013 L1.0_LS1.0_LR0.0001_E256_D32_Dr0.3 - DONE
[1169/1296] S013 L1.0_LS1.0_LR0.0001_E256_D64_Dr0.3 - DONE
[1170/1296] S013 L1.5_LS0.7_LR0.0001_E64_D32_Dr0.3 - DONE
[1171/1296] S013 L1.0_LS1.0_LR0.0001_E256_D128_Dr0.3 - DONE
[1172/1296] S013 L1.5_LS0.7_LR0.0001_E64_D64_Dr0.3 - DONE
[1173/1296] S013 L1.5_LS0.7_LR0.0001_E64_D128_Dr0.3 - DONE
[1174/1296] S013 L1.5_LS0.7_LR0.0001_E128_D32_Dr0.3 - DONE
[1175/1296] S013 L1.5_LS0.7_LR0.0001_E128_D64_Dr0.3 - DONE
[1176/1296] S013 L1.5_LS0.7_LR0.0001_E128_D128_Dr0.3 - DONE
[1177/1296] S013 L1.5_LS0.7_LR0.0001_E256_D32_Dr0.3 - DONE
[1178/1296] S013 L1.5_LS0.7_LR0.0001_E256_D64_Dr0.3 - DONE
[1179/1296] S013 L1.5_LS0.7_LR0.0001_E256_D128_Dr0.3 - DONE
[1180/1296] S013 L1.5_LS1.0_LR0.0001_E64_D32_Dr0.3 - DONE
[1181/1296] S013 L1.5_LS1.0_LR0.0001_E128_D32_Dr0.3 - DONE
[1182/1296] S013 L1.5_LS1.0_LR0.0001_E64_D64_Dr0.3 - DONE
[1183/1296] S013 L1.5_LS1.0_LR0.0001_E64_D128_Dr0.3 - DONE
[1184/1296] S013 L1.5_LS1.0_LR0.0001_E128_D64_Dr0.3 - DONE
[1185/1296] S013 L1.5_LS1.0_LR0.0001_E128_D128_Dr0.3 - DONE
[1186/1296] S013 L2.0_LS0.3_LR0.0001_E64_D32_Dr0.3 - DONE
[1187/1296] S013 L2.0_LS0.3_LR0.0001_E64_D64_Dr0.3 - DONE
[1188/1296] S013 L2.0_LS0.3_LR0.0001_E64_D128_Dr0.3 - DONE
[1189/1296] S013 L2.0_LS0.3_LR0.0001_E128_D32_Dr0.3 - DONE
[1190/1296] S013 L2.0_LS0.3_LR0.0001_E128_D64_Dr0.3 - DONE
[1191/1296] S013 L2.0_LS0.3_LR0.0001_E128_D128_Dr0.3 - DONE
[1192/1296] S013 L2.0_LS0.3_LR0.0001_E256_D32_Dr0.3 - DONE
[1193/1296] S013 L2.0_LS0.3_LR0.0001_E256_D64_Dr0.3 - DONE
[1194/1296] S013 L2.0_LS0.3_LR0.0001_E256_D128_Dr0.3 - DONE
[1195/1296] S013 L2.0_LS0.5_LR0.0001_E64_D32_Dr0.3 - DONE
[1196/1296] S013 L2.0_LS0.5_LR0.0001_E64_D64_Dr0.3 - DONE
[1197/1296] S013 L2.0_LS0.5_LR0.0001_E64_D128_Dr0.3 - DONE
[1198/1296] S013 L2.0_LS0.5_LR0.0001_E128_D32_Dr0.3 - DONE
[1199/1296] S013 L2.0_LS0.5_LR0.0001_E128_D64_Dr0.3 - DONE
[1200/1296] S013 L2.0_LS0.5_LR0.0001_E128_D128_Dr0.3 - DONE
[1201/1296] S013 L2.0_LS0.5_LR0.0001_E256_D32_Dr0.3 - DONE
[1202/1296] S013 L2.0_LS0.5_LR0.0001_E256_D64_Dr0.3 - DONE
[1203/1296] S013 L2.0_LS0.5_LR0.0001_E256_D128_Dr0.3 - DONE
[1204/1296] S013 L1.5_LS1.0_LR0.0001_E256_D32_Dr0.3 - DONE
[1205/1296] S013 L1.5_LS1.0_LR0.0001_E256_D64_Dr0.3 - DONE
[1206/1296] S013 L1.5_LS1.0_LR0.0001_E256_D128_Dr0.3 - DONE
[1207/1296] S013 L2.0_LS0.7_LR0.0001_E64_D32_Dr0.3 - DONE
[1208/1296] S013 L2.0_LS0.7_LR0.0001_E64_D64_Dr0.3 - DONE
[1209/1296] S013 L2.0_LS0.7_LR0.0001_E128_D64_Dr0.3 - DONE
[1210/1296] S013 L2.0_LS0.7_LR0.0001_E64_D128_Dr0.3 - DONE
[1211/1296] S013 L2.0_LS0.7_LR0.0001_E128_D32_Dr0.3 - DONE
[1212/1296] S013 L2.0_LS0.7_LR0.0001_E128_D128_Dr0.3 - DONE
[1213/1296] S013 L2.0_LS0.7_LR0.0001_E256_D128_Dr0.3 - DONE
[1214/1296] S013 L2.0_LS0.7_LR0.0001_E256_D64_Dr0.3 - DONE
[1215/1296] S013 L2.0_LS0.7_LR0.0001_E256_D32_Dr0.3 - DONE
[1216/1296] S013 L2.0_LS1.0_LR0.0001_E64_D32_Dr0.3 - DONE
[1217/1296] S013 L2.0_LS1.0_LR0.0001_E128_D32_Dr0.3 - DONE
[1218/1296] S013 L2.0_LS1.0_LR0.0001_E64_D128_Dr0.3 - DONE
[1219/1296] S013 L2.0_LS1.0_LR0.0001_E64_D64_Dr0.3 - DONE
[1220/1296] S013 L2.0_LS1.0_LR0.0001_E128_D64_Dr0.3 - DONE
[1221/1296] S013 L2.0_LS1.0_LR0.0001_E128_D128_Dr0.3 - DONE
[1222/1296] S013 L2.0_LS1.0_LR0.0001_E256_D64_Dr0.3 - DONE
[1223/1296] S013 L2.0_LS1.0_LR0.0001_E256_D32_Dr0.3 - DONE
[1224/1296] S013 L2.0_LS1.0_LR0.0001_E256_D128_Dr0.3 - DONE
[1225/1296] S013 L2.5_LS0.3_LR0.0001_E64_D64_Dr0.3 - DONE
[1226/1296] S013 L2.5_LS0.3_LR0.0001_E64_D32_Dr0.3 - DONE
[1227/1296] S013 L2.5_LS0.3_LR0.0001_E128_D32_Dr0.3 - DONE
[1228/1296] S013 L2.5_LS0.3_LR0.0001_E128_D64_Dr0.3 - DONE
[1229/1296] S013 L2.5_LS0.3_LR0.0001_E128_D128_Dr0.3 - DONE
[1230/1296] S013 L2.5_LS0.3_LR0.0001_E64_D128_Dr0.3 - DONE
[1231/1296] S013 L2.5_LS0.3_LR0.0001_E256_D32_Dr0.3 - DONE
[1232/1296] S013 L2.5_LS0.5_LR0.0001_E64_D32_Dr0.3 - DONE
[1233/1296] S013 L2.5_LS0.3_LR0.0001_E256_D128_Dr0.3 - DONE
[1234/1296] S013 L2.5_LS0.3_LR0.0001_E256_D64_Dr0.3 - DONE
[1235/1296] S013 L2.5_LS0.5_LR0.0001_E64_D64_Dr0.3 - DONE
[1236/1296] S013 L2.5_LS0.5_LR0.0001_E128_D64_Dr0.3 - DONE
[1237/1296] S013 L2.5_LS0.5_LR0.0001_E128_D32_Dr0.3 - DONE
[1238/1296] S013 L2.5_LS0.5_LR0.0001_E64_D128_Dr0.3 - DONE
[1239/1296] S013 L2.5_LS0.5_LR0.0001_E128_D128_Dr0.3 - DONE
[1240/1296] S013 L2.5_LS0.5_LR0.0001_E256_D64_Dr0.3 - DONE
[1241/1296] S013 L2.5_LS0.5_LR0.0001_E256_D128_Dr0.3 - DONE
[1242/1296] S013 L2.5_LS0.5_LR0.0001_E256_D32_Dr0.3 - DONE
[1243/1296] S013 L2.5_LS0.7_LR0.0001_E64_D32_Dr0.3 - DONE
[1244/1296] S013 L2.5_LS0.7_LR0.0001_E64_D128_Dr0.3 - DONE
[1245/1296] S013 L2.5_LS0.7_LR0.0001_E128_D32_Dr0.3 - DONE
[1246/1296] S013 L2.5_LS0.7_LR0.0001_E64_D64_Dr0.3 - DONE
[1247/1296] S013 L2.5_LS0.7_LR0.0001_E128_D128_Dr0.3 - DONE
[1248/1296] S013 L2.5_LS0.7_LR0.0001_E128_D64_Dr0.3 - DONE
[1249/1296] S013 L2.5_LS0.7_LR0.0001_E256_D32_Dr0.3 - DONE
[1250/1296] S013 L2.5_LS0.7_LR0.0001_E256_D64_Dr0.3 - DONE
[1251/1296] S013 L2.5_LS1.0_LR0.0001_E64_D32_Dr0.3 - DONE
[1252/1296] S013 L2.5_LS1.0_LR0.0001_E64_D64_Dr0.3 - DONE
[1253/1296] S013 L2.5_LS0.7_LR0.0001_E256_D128_Dr0.3 - DONE
[1254/1296] S013 L2.5_LS1.0_LR0.0001_E64_D128_Dr0.3 - DONE
[1255/1296] S013 L2.5_LS1.0_LR0.0001_E128_D128_Dr0.3 - DONE
[1256/1296] S013 L2.5_LS1.0_LR0.0001_E128_D32_Dr0.3 - DONE
[1257/1296] S013 L2.5_LS1.0_LR0.0001_E128_D64_Dr0.3 - DONE
[1258/1296] S013 L2.5_LS1.0_LR0.0001_E256_D64_Dr0.3 - DONE
[1259/1296] S013 L3.0_LS0.3_LR0.0001_E64_D32_Dr0.3 - DONE
[1260/1296] S013 L2.5_LS1.0_LR0.0001_E256_D32_Dr0.3 - DONE
[1261/1296] S013 L2.5_LS1.0_LR0.0001_E256_D128_Dr0.3 - DONE
[1262/1296] S013 L3.0_LS0.3_LR0.0001_E128_D64_Dr0.3 - DONE
[1263/1296] S013 L3.0_LS0.3_LR0.0001_E64_D64_Dr0.3 - DONE
[1264/1296] S013 L3.0_LS0.3_LR0.0001_E64_D128_Dr0.3 - DONE
[1265/1296] S013 L3.0_LS0.3_LR0.0001_E128_D32_Dr0.3 - DONE
[1266/1296] S013 L3.0_LS0.3_LR0.0001_E128_D128_Dr0.3 - DONE
[1267/1296] S013 L3.0_LS0.3_LR0.0001_E256_D32_Dr0.3 - DONE
[1268/1296] S013 L3.0_LS0.3_LR0.0001_E256_D64_Dr0.3 - DONE
[1269/1296] S013 L3.0_LS0.3_LR0.0001_E256_D128_Dr0.3 - DONE
[1270/1296] S013 L3.0_LS0.5_LR0.0001_E64_D32_Dr0.3 - DONE
[1271/1296] S013 L3.0_LS0.5_LR0.0001_E64_D64_Dr0.3 - DONE
[1272/1296] S013 L3.0_LS0.5_LR0.0001_E128_D32_Dr0.3 - DONE
[1273/1296] S013 L3.0_LS0.5_LR0.0001_E128_D64_Dr0.3 - DONE
[1274/1296] S013 L3.0_LS0.5_LR0.0001_E64_D128_Dr0.3 - DONE
[1275/1296] S013 L3.0_LS0.5_LR0.0001_E128_D128_Dr0.3 - DONE
[1276/1296] S013 L3.0_LS0.5_LR0.0001_E256_D128_Dr0.3 - DONE
[1277/1296] S013 L3.0_LS0.5_LR0.0001_E256_D32_Dr0.3 - DONE
[1278/1296] S013 L3.0_LS0.5_LR0.0001_E256_D64_Dr0.3 - DONE
[1279/1296] S013 L3.0_LS0.7_LR0.0001_E64_D128_Dr0.3 - DONE
[1280/1296] S013 L3.0_LS0.7_LR0.0001_E64_D32_Dr0.3 - DONE
[1281/1296] S013 L3.0_LS0.7_LR0.0001_E128_D32_Dr0.3 - DONE
[1282/1296] S013 L3.0_LS0.7_LR0.0001_E128_D64_Dr0.3 - DONE
[1283/1296] S013 L3.0_LS0.7_LR0.0001_E64_D64_Dr0.3 - DONE
[1284/1296] S013 L3.0_LS0.7_LR0.0001_E128_D128_Dr0.3 - DONE
[1285/1296] S013 L3.0_LS0.7_LR0.0001_E256_D32_Dr0.3 - DONE
[1286/1296] S013 L3.0_LS0.7_LR0.0001_E256_D64_Dr0.3 - DONE
[1287/1296] S013 L3.0_LS1.0_LR0.0001_E64_D64_Dr0.3 - DONE
[1288/1296] S013 L3.0_LS0.7_LR0.0001_E256_D128_Dr0.3 - DONE
[1289/1296] S013 L3.0_LS1.0_LR0.0001_E128_D32_Dr0.3 - DONE
[1290/1296] S013 L3.0_LS1.0_LR0.0001_E64_D128_Dr0.3 - DONE
[1291/1296] S013 L3.0_LS1.0_LR0.0001_E64_D32_Dr0.3 - DONE
[1292/1296] S013 L3.0_LS1.0_LR0.0001_E128_D64_Dr0.3 - DONE
[1293/1296] S013 L3.0_LS1.0_LR0.0001_E128_D128_Dr0.3 - DONE
[1294/1296] S013 L3.0_LS1.0_LR0.0001_E256_D64_Dr0.3 - DONE
[1295/1296] S013 L3.0_LS1.0_LR0.0001_E256_D32_Dr0.3 - DONE
[1296/1296] S013 L3.0_LS1.0_LR0.0001_E256_D128_Dr0.3 - DONE
