Starting Run on GPU 0
Time: 2025-12-24 12:42:58

[Run Start] Subject S003 | Mode ['SDA'] | Params: L1.5_LS0.7_LR0.0001_E256_D128_Dr0.3

[Fold 1 - SDA] Train: ['S003_T003', 'S003_T006'], Test: S003_T002, Norm: fixed
/home/sangukchoi/.conda/envs/torch_gpu/lib/python3.10/site-packages/torch/nn/modules/rnn.py:123: UserWarning: dropout option adds dropout after all but last recurrent layer, so non-zero dropout expects num_layers greater than 1, but got dropout=0.3 and num_layers=1
  warnings.warn(
  Ep 1: Train 0.3567 | Val 0.2366 | Test 0.0240
Validation loss decreased (0.236592 --> 0.236592).  Saving model ...
  Ep 2: Train 0.2412 | Val 0.1876 | Test 0.0243
Validation loss decreased (0.187633 --> 0.187633).  Saving model ...
  Ep 3: Train 0.2279 | Val 0.1698 | Test 0.0257
Validation loss decreased (0.169777 --> 0.169777).  Saving model ...
  Ep 4: Train 0.2154 | Val 0.1640 | Test 0.0247
Validation loss decreased (0.163999 --> 0.163999).  Saving model ...
  Ep 5: Train 0.2070 | Val 0.1630 | Test 0.0238
Validation loss decreased (0.162998 --> 0.162998).  Saving model ...
  Ep 6: Train 0.1983 | Val 0.1701 | Test 0.0228
EarlyStopping counter: 1 out of 5
  Ep 7: Train 0.1920 | Val 0.1725 | Test 0.0257
EarlyStopping counter: 2 out of 5
  Ep 8: Train 0.1896 | Val 0.1439 | Test 0.0212
Validation loss decreased (0.143899 --> 0.143899).  Saving model ...
  Ep 9: Train 0.1862 | Val 0.1687 | Test 0.0251
EarlyStopping counter: 1 out of 5
  Ep 10: Train 0.1815 | Val 0.1420 | Test 0.0225
Validation loss decreased (0.142044 --> 0.142044).  Saving model ...
  Ep 11: Train 0.1828 | Val 0.1487 | Test 0.0233
EarlyStopping counter: 1 out of 5
  Ep 12: Train 0.1770 | Val 0.1480 | Test 0.0258
EarlyStopping counter: 2 out of 5
  Ep 13: Train 0.1795 | Val 0.1479 | Test 0.0247
EarlyStopping counter: 3 out of 5
  Ep 14: Train 0.1786 | Val 0.1413 | Test 0.0261
Validation loss decreased (0.141303 --> 0.141303).  Saving model ...
  Ep 15: Train 0.1728 | Val 0.1557 | Test 0.0273
EarlyStopping counter: 1 out of 5
  Ep 16: Train 0.1688 | Val 0.1582 | Test 0.0311
EarlyStopping counter: 2 out of 5
  Ep 17: Train 0.1718 | Val 0.1602 | Test 0.0303
EarlyStopping counter: 3 out of 5
  Ep 18: Train 0.1700 | Val 0.1393 | Test 0.0270
Validation loss decreased (0.139315 --> 0.139315).  Saving model ...
  Ep 19: Train 0.1667 | Val 0.1316 | Test 0.0279
Validation loss decreased (0.131552 --> 0.131552).  Saving model ...
  Ep 20: Train 0.1650 | Val 0.1250 | Test 0.0295
Validation loss decreased (0.124979 --> 0.124979).  Saving model ...
  Ep 21: Train 0.1624 | Val 0.1308 | Test 0.0295
EarlyStopping counter: 1 out of 5
  Ep 22: Train 0.1659 | Val 0.1389 | Test 0.0328
EarlyStopping counter: 2 out of 5
  Ep 23: Train 0.1623 | Val 0.1404 | Test 0.0290
EarlyStopping counter: 3 out of 5
  Ep 24: Train 0.1637 | Val 0.1189 | Test 0.0330
Validation loss decreased (0.118858 --> 0.118858).  Saving model ...
  Ep 25: Train 0.1573 | Val 0.1298 | Test 0.0337
EarlyStopping counter: 1 out of 5
  Ep 26: Train 0.1603 | Val 0.1206 | Test 0.0339
EarlyStopping counter: 2 out of 5
  Ep 27: Train 0.1592 | Val 0.1308 | Test 0.0307
EarlyStopping counter: 3 out of 5
  Ep 28: Train 0.1575 | Val 0.1405 | Test 0.0381
EarlyStopping counter: 4 out of 5
  Ep 29: Train 0.1540 | Val 0.1290 | Test 0.0350
EarlyStopping counter: 5 out of 5
Early stopping triggered!
/home/sangukchoi/Stroke_SDA/sda_training.py:615: FutureWarning: You are using `torch.load` with `weights_only=False` (the current default value), which uses the default pickle module implicitly. It is possible to construct malicious pickle data which will execute arbitrary code during unpickling (See https://github.com/pytorch/pytorch/blob/main/SECURITY.md#untrusted-models for more details). In a future release, the default value for `weights_only` will be flipped to `True`. This limits the functions that could be executed during unpickling. Arbitrary objects will no longer be allowed to be loaded via this mode unless they are explicitly allowlisted by the user via `torch.serialization.add_safe_globals`. We recommend you start setting `weights_only=True` for any use case where you don't have full control of the loaded file. Please open an issue on GitHub for any issues related to this experimental feature.
  model.load_state_dict(torch.load(os.path.join(out_dir, 'best_model.pth')))
Final Test MSE (Best Model): 0.0330
Finished. Status: Success
