Starting Run on GPU 0
Time: 2025-12-24 12:16:01

[Run Start] Subject S003 | Mode ['SDA'] | Params: L1.0_LS1.0_LR0.0001_E128_D64_Dr0.3

[Fold 1 - SDA] Train: ['S003_T003', 'S003_T006'], Test: S003_T002, Norm: fixed
/home/sangukchoi/.conda/envs/torch_gpu/lib/python3.10/site-packages/torch/nn/modules/rnn.py:123: UserWarning: dropout option adds dropout after all but last recurrent layer, so non-zero dropout expects num_layers greater than 1, but got dropout=0.3 and num_layers=1
  warnings.warn(
  Ep 1: Train 0.3803 | Val 0.1992 | Test 0.0194
Validation loss decreased (0.199170 --> 0.199170).  Saving model ...
  Ep 2: Train 0.2095 | Val 0.1750 | Test 0.0250
Validation loss decreased (0.174956 --> 0.174956).  Saving model ...
  Ep 3: Train 0.1849 | Val 0.1454 | Test 0.0219
Validation loss decreased (0.145414 --> 0.145414).  Saving model ...
  Ep 4: Train 0.1747 | Val 0.1365 | Test 0.0211
Validation loss decreased (0.136537 --> 0.136537).  Saving model ...
  Ep 5: Train 0.1657 | Val 0.1302 | Test 0.0234
Validation loss decreased (0.130167 --> 0.130167).  Saving model ...
  Ep 6: Train 0.1611 | Val 0.1227 | Test 0.0219
Validation loss decreased (0.122669 --> 0.122669).  Saving model ...
  Ep 7: Train 0.1583 | Val 0.1193 | Test 0.0210
Validation loss decreased (0.119311 --> 0.119311).  Saving model ...
  Ep 8: Train 0.1557 | Val 0.1200 | Test 0.0205
EarlyStopping counter: 1 out of 5
  Ep 9: Train 0.1500 | Val 0.1292 | Test 0.0225
EarlyStopping counter: 2 out of 5
  Ep 10: Train 0.1522 | Val 0.1119 | Test 0.0203
Validation loss decreased (0.111854 --> 0.111854).  Saving model ...
  Ep 11: Train 0.1480 | Val 0.1138 | Test 0.0203
EarlyStopping counter: 1 out of 5
  Ep 12: Train 0.1459 | Val 0.1105 | Test 0.0217
Validation loss decreased (0.110455 --> 0.110455).  Saving model ...
  Ep 13: Train 0.1435 | Val 0.1138 | Test 0.0233
EarlyStopping counter: 1 out of 5
  Ep 14: Train 0.1406 | Val 0.1106 | Test 0.0238
EarlyStopping counter: 2 out of 5
  Ep 15: Train 0.1414 | Val 0.1068 | Test 0.0226
Validation loss decreased (0.106785 --> 0.106785).  Saving model ...
  Ep 16: Train 0.1400 | Val 0.1053 | Test 0.0250
Validation loss decreased (0.105324 --> 0.105324).  Saving model ...
  Ep 17: Train 0.1374 | Val 0.1114 | Test 0.0268
EarlyStopping counter: 1 out of 5
  Ep 18: Train 0.1377 | Val 0.1017 | Test 0.0234
Validation loss decreased (0.101665 --> 0.101665).  Saving model ...
  Ep 19: Train 0.1349 | Val 0.1049 | Test 0.0248
EarlyStopping counter: 1 out of 5
  Ep 20: Train 0.1367 | Val 0.1065 | Test 0.0244
EarlyStopping counter: 2 out of 5
  Ep 21: Train 0.1326 | Val 0.1073 | Test 0.0265
EarlyStopping counter: 3 out of 5
  Ep 22: Train 0.1320 | Val 0.0984 | Test 0.0251
Validation loss decreased (0.098374 --> 0.098374).  Saving model ...
  Ep 23: Train 0.1304 | Val 0.0981 | Test 0.0273
EarlyStopping counter: 1 out of 5
  Ep 24: Train 0.1297 | Val 0.1130 | Test 0.0302
EarlyStopping counter: 2 out of 5
  Ep 25: Train 0.1289 | Val 0.0975 | Test 0.0294
Validation loss decreased (0.097460 --> 0.097460).  Saving model ...
  Ep 26: Train 0.1291 | Val 0.1004 | Test 0.0310
EarlyStopping counter: 1 out of 5
  Ep 27: Train 0.1304 | Val 0.0984 | Test 0.0282
EarlyStopping counter: 2 out of 5
  Ep 28: Train 0.1310 | Val 0.0961 | Test 0.0276
Validation loss decreased (0.096138 --> 0.096138).  Saving model ...
  Ep 29: Train 0.1272 | Val 0.0977 | Test 0.0280
EarlyStopping counter: 1 out of 5
  Ep 30: Train 0.1265 | Val 0.0953 | Test 0.0296
Validation loss decreased (0.095278 --> 0.095278).  Saving model ...
  Ep 31: Train 0.1264 | Val 0.0955 | Test 0.0299
EarlyStopping counter: 1 out of 5
  Ep 32: Train 0.1276 | Val 0.1010 | Test 0.0317
EarlyStopping counter: 2 out of 5
  Ep 33: Train 0.1265 | Val 0.0938 | Test 0.0281
Validation loss decreased (0.093802 --> 0.093802).  Saving model ...
  Ep 34: Train 0.1266 | Val 0.0931 | Test 0.0287
Validation loss decreased (0.093091 --> 0.093091).  Saving model ...
  Ep 35: Train 0.1227 | Val 0.0992 | Test 0.0339
EarlyStopping counter: 1 out of 5
  Ep 36: Train 0.1212 | Val 0.0903 | Test 0.0326
Validation loss decreased (0.090266 --> 0.090266).  Saving model ...
  Ep 37: Train 0.1252 | Val 0.0947 | Test 0.0348
EarlyStopping counter: 1 out of 5
  Ep 38: Train 0.1210 | Val 0.0939 | Test 0.0337
EarlyStopping counter: 2 out of 5
  Ep 39: Train 0.1229 | Val 0.0910 | Test 0.0329
EarlyStopping counter: 3 out of 5
  Ep 40: Train 0.1230 | Val 0.0993 | Test 0.0351
EarlyStopping counter: 4 out of 5
  Ep 41: Train 0.1195 | Val 0.0881 | Test 0.0344
Validation loss decreased (0.088056 --> 0.088056).  Saving model ...
  Ep 42: Train 0.1212 | Val 0.0971 | Test 0.0367
EarlyStopping counter: 1 out of 5
  Ep 43: Train 0.1179 | Val 0.0950 | Test 0.0351
EarlyStopping counter: 2 out of 5
  Ep 44: Train 0.1195 | Val 0.0884 | Test 0.0330
EarlyStopping counter: 3 out of 5
  Ep 45: Train 0.1189 | Val 0.0952 | Test 0.0359
EarlyStopping counter: 4 out of 5
  Ep 46: Train 0.1190 | Val 0.1031 | Test 0.0357
EarlyStopping counter: 5 out of 5
Early stopping triggered!
/home/sangukchoi/Stroke_SDA/sda_training.py:615: FutureWarning: You are using `torch.load` with `weights_only=False` (the current default value), which uses the default pickle module implicitly. It is possible to construct malicious pickle data which will execute arbitrary code during unpickling (See https://github.com/pytorch/pytorch/blob/main/SECURITY.md#untrusted-models for more details). In a future release, the default value for `weights_only` will be flipped to `True`. This limits the functions that could be executed during unpickling. Arbitrary objects will no longer be allowed to be loaded via this mode unless they are explicitly allowlisted by the user via `torch.serialization.add_safe_globals`. We recommend you start setting `weights_only=True` for any use case where you don't have full control of the loaded file. Please open an issue on GitHub for any issues related to this experimental feature.
  model.load_state_dict(torch.load(os.path.join(out_dir, 'best_model.pth')))
Final Test MSE (Best Model): 0.0344
Finished. Status: Success
