Starting Run on GPU 0
Time: 2025-12-24 11:34:22

[Run Start] Subject S003 | Mode ['SDA'] | Params: L0.5_LS1.0_LR0.0001_E64_D64_Dr0.3

[Fold 1 - SDA] Train: ['S003_T003', 'S003_T006'], Test: S003_T002, Norm: fixed
/home/sangukchoi/.conda/envs/torch_gpu/lib/python3.10/site-packages/torch/nn/modules/rnn.py:123: UserWarning: dropout option adds dropout after all but last recurrent layer, so non-zero dropout expects num_layers greater than 1, but got dropout=0.3 and num_layers=1
  warnings.warn(
  Ep 1: Train 0.3748 | Val 0.1559 | Test 0.0267
Validation loss decreased (0.155938 --> 0.155938).  Saving model ...
  Ep 2: Train 0.1499 | Val 0.1176 | Test 0.0260
Validation loss decreased (0.117610 --> 0.117610).  Saving model ...
  Ep 3: Train 0.1279 | Val 0.1058 | Test 0.0243
Validation loss decreased (0.105782 --> 0.105782).  Saving model ...
  Ep 4: Train 0.1188 | Val 0.0968 | Test 0.0247
Validation loss decreased (0.096780 --> 0.096780).  Saving model ...
  Ep 5: Train 0.1127 | Val 0.0904 | Test 0.0217
Validation loss decreased (0.090357 --> 0.090357).  Saving model ...
  Ep 6: Train 0.1091 | Val 0.0862 | Test 0.0215
Validation loss decreased (0.086194 --> 0.086194).  Saving model ...
  Ep 7: Train 0.1075 | Val 0.0852 | Test 0.0238
Validation loss decreased (0.085197 --> 0.085197).  Saving model ...
  Ep 8: Train 0.1050 | Val 0.0858 | Test 0.0216
EarlyStopping counter: 1 out of 5
  Ep 9: Train 0.1039 | Val 0.0815 | Test 0.0225
Validation loss decreased (0.081465 --> 0.081465).  Saving model ...
  Ep 10: Train 0.1019 | Val 0.0797 | Test 0.0251
Validation loss decreased (0.079699 --> 0.079699).  Saving model ...
  Ep 11: Train 0.1017 | Val 0.0802 | Test 0.0246
EarlyStopping counter: 1 out of 5
  Ep 12: Train 0.1007 | Val 0.0743 | Test 0.0223
Validation loss decreased (0.074277 --> 0.074277).  Saving model ...
  Ep 13: Train 0.0984 | Val 0.0738 | Test 0.0247
EarlyStopping counter: 1 out of 5
  Ep 14: Train 0.0968 | Val 0.0785 | Test 0.0267
EarlyStopping counter: 2 out of 5
  Ep 15: Train 0.0964 | Val 0.0733 | Test 0.0287
Validation loss decreased (0.073258 --> 0.073258).  Saving model ...
  Ep 16: Train 0.0963 | Val 0.0686 | Test 0.0263
Validation loss decreased (0.068605 --> 0.068605).  Saving model ...
  Ep 17: Train 0.0942 | Val 0.0691 | Test 0.0289
EarlyStopping counter: 1 out of 5
  Ep 18: Train 0.0941 | Val 0.0699 | Test 0.0288
EarlyStopping counter: 2 out of 5
  Ep 19: Train 0.0919 | Val 0.0718 | Test 0.0318
EarlyStopping counter: 3 out of 5
  Ep 20: Train 0.0915 | Val 0.0680 | Test 0.0326
Validation loss decreased (0.068019 --> 0.068019).  Saving model ...
  Ep 21: Train 0.0907 | Val 0.0672 | Test 0.0293
Validation loss decreased (0.067211 --> 0.067211).  Saving model ...
  Ep 22: Train 0.0901 | Val 0.0665 | Test 0.0287
Validation loss decreased (0.066489 --> 0.066489).  Saving model ...
  Ep 23: Train 0.0887 | Val 0.0675 | Test 0.0315
EarlyStopping counter: 1 out of 5
  Ep 24: Train 0.0888 | Val 0.0687 | Test 0.0314
EarlyStopping counter: 2 out of 5
  Ep 25: Train 0.0891 | Val 0.0696 | Test 0.0301
EarlyStopping counter: 3 out of 5
  Ep 26: Train 0.0874 | Val 0.0656 | Test 0.0295
Validation loss decreased (0.065619 --> 0.065619).  Saving model ...
  Ep 27: Train 0.0854 | Val 0.0648 | Test 0.0279
Validation loss decreased (0.064834 --> 0.064834).  Saving model ...
  Ep 28: Train 0.0871 | Val 0.0659 | Test 0.0352
EarlyStopping counter: 1 out of 5
  Ep 29: Train 0.0858 | Val 0.0665 | Test 0.0284
EarlyStopping counter: 2 out of 5
  Ep 30: Train 0.0843 | Val 0.0657 | Test 0.0308
EarlyStopping counter: 3 out of 5
  Ep 31: Train 0.0852 | Val 0.0650 | Test 0.0305
EarlyStopping counter: 4 out of 5
  Ep 32: Train 0.0843 | Val 0.0652 | Test 0.0297
EarlyStopping counter: 5 out of 5
Early stopping triggered!
/home/sangukchoi/Stroke_SDA/sda_training.py:615: FutureWarning: You are using `torch.load` with `weights_only=False` (the current default value), which uses the default pickle module implicitly. It is possible to construct malicious pickle data which will execute arbitrary code during unpickling (See https://github.com/pytorch/pytorch/blob/main/SECURITY.md#untrusted-models for more details). In a future release, the default value for `weights_only` will be flipped to `True`. This limits the functions that could be executed during unpickling. Arbitrary objects will no longer be allowed to be loaded via this mode unless they are explicitly allowlisted by the user via `torch.serialization.add_safe_globals`. We recommend you start setting `weights_only=True` for any use case where you don't have full control of the loaded file. Please open an issue on GitHub for any issues related to this experimental feature.
  model.load_state_dict(torch.load(os.path.join(out_dir, 'best_model.pth')))
Final Test MSE (Best Model): 0.0279
Finished. Status: Success
