Starting Run on GPU 3
Time: 2025-12-24 13:51:44

[Run Start] Subject S003 | Mode ['SDA'] | Params: L2.5_LS0.3_LR0.0001_E256_D128_Dr0.3

[Fold 1 - SDA] Train: ['S003_T003', 'S003_T006'], Test: S003_T002, Norm: fixed
/home/sangukchoi/.conda/envs/torch_gpu/lib/python3.10/site-packages/torch/nn/modules/rnn.py:123: UserWarning: dropout option adds dropout after all but last recurrent layer, so non-zero dropout expects num_layers greater than 1, but got dropout=0.3 and num_layers=1
  warnings.warn(
  Ep 1: Train 0.4518 | Val 0.3360 | Test 0.0402
Validation loss decreased (0.335993 --> 0.335993).  Saving model ...
  Ep 2: Train 0.3326 | Val 0.2240 | Test 0.0273
Validation loss decreased (0.223981 --> 0.223981).  Saving model ...
  Ep 3: Train 0.3093 | Val 0.2207 | Test 0.0306
Validation loss decreased (0.220687 --> 0.220687).  Saving model ...
  Ep 4: Train 0.2962 | Val 0.2202 | Test 0.0379
EarlyStopping counter: 1 out of 5
  Ep 5: Train 0.2892 | Val 0.2160 | Test 0.0324
Validation loss decreased (0.216004 --> 0.216004).  Saving model ...
  Ep 6: Train 0.2814 | Val 0.2035 | Test 0.0285
Validation loss decreased (0.203474 --> 0.203474).  Saving model ...
  Ep 7: Train 0.2818 | Val 0.2129 | Test 0.0385
EarlyStopping counter: 1 out of 5
  Ep 8: Train 0.2805 | Val 0.2029 | Test 0.0278
Validation loss decreased (0.202880 --> 0.202880).  Saving model ...
  Ep 9: Train 0.2771 | Val 0.2014 | Test 0.0333
Validation loss decreased (0.201431 --> 0.201431).  Saving model ...
  Ep 10: Train 0.2757 | Val 0.1899 | Test 0.0271
Validation loss decreased (0.189853 --> 0.189853).  Saving model ...
  Ep 11: Train 0.2674 | Val 0.1934 | Test 0.0254
EarlyStopping counter: 1 out of 5
  Ep 12: Train 0.2725 | Val 0.1993 | Test 0.0328
EarlyStopping counter: 2 out of 5
  Ep 13: Train 0.2664 | Val 0.1943 | Test 0.0280
EarlyStopping counter: 3 out of 5
  Ep 14: Train 0.2700 | Val 0.1995 | Test 0.0273
EarlyStopping counter: 4 out of 5
  Ep 15: Train 0.2653 | Val 0.2063 | Test 0.0302
EarlyStopping counter: 5 out of 5
Early stopping triggered!
/home/sangukchoi/Stroke_SDA/sda_training.py:615: FutureWarning: You are using `torch.load` with `weights_only=False` (the current default value), which uses the default pickle module implicitly. It is possible to construct malicious pickle data which will execute arbitrary code during unpickling (See https://github.com/pytorch/pytorch/blob/main/SECURITY.md#untrusted-models for more details). In a future release, the default value for `weights_only` will be flipped to `True`. This limits the functions that could be executed during unpickling. Arbitrary objects will no longer be allowed to be loaded via this mode unless they are explicitly allowlisted by the user via `torch.serialization.add_safe_globals`. We recommend you start setting `weights_only=True` for any use case where you don't have full control of the loaded file. Please open an issue on GitHub for any issues related to this experimental feature.
  model.load_state_dict(torch.load(os.path.join(out_dir, 'best_model.pth')))
Final Test MSE (Best Model): 0.0271
Finished. Status: Success
