Starting Run on GPU 1
Time: 2025-12-24 15:12:47

[Run Start] Subject S003 | Mode ['SDA'] | Params: L3.0_LS1.0_LR0.0001_E64_D32_Dr0.3

[Fold 1 - SDA] Train: ['S003_T003', 'S003_T006'], Test: S003_T002, Norm: fixed
/home/sangukchoi/.conda/envs/torch_gpu/lib/python3.10/site-packages/torch/nn/modules/rnn.py:123: UserWarning: dropout option adds dropout after all but last recurrent layer, so non-zero dropout expects num_layers greater than 1, but got dropout=0.3 and num_layers=1
  warnings.warn(
  Ep 1: Train 1.0184 | Val 0.7735 | Test 0.1236
Validation loss decreased (0.773522 --> 0.773522).  Saving model ...
  Ep 2: Train 0.5829 | Val 0.4487 | Test 0.0306
Validation loss decreased (0.448652 --> 0.448652).  Saving model ...
  Ep 3: Train 0.4872 | Val 0.4034 | Test 0.0288
Validation loss decreased (0.403422 --> 0.403422).  Saving model ...
  Ep 4: Train 0.4515 | Val 0.3584 | Test 0.0269
Validation loss decreased (0.358397 --> 0.358397).  Saving model ...
  Ep 5: Train 0.4261 | Val 0.3343 | Test 0.0243
Validation loss decreased (0.334307 --> 0.334307).  Saving model ...
  Ep 6: Train 0.4096 | Val 0.3208 | Test 0.0275
Validation loss decreased (0.320761 --> 0.320761).  Saving model ...
  Ep 7: Train 0.3981 | Val 0.3210 | Test 0.0272
EarlyStopping counter: 1 out of 5
  Ep 8: Train 0.3928 | Val 0.3067 | Test 0.0235
Validation loss decreased (0.306656 --> 0.306656).  Saving model ...
  Ep 9: Train 0.3855 | Val 0.2980 | Test 0.0249
Validation loss decreased (0.297966 --> 0.297966).  Saving model ...
  Ep 10: Train 0.3813 | Val 0.2871 | Test 0.0238
Validation loss decreased (0.287134 --> 0.287134).  Saving model ...
  Ep 11: Train 0.3679 | Val 0.2835 | Test 0.0241
Validation loss decreased (0.283489 --> 0.283489).  Saving model ...
  Ep 12: Train 0.3646 | Val 0.2874 | Test 0.0265
EarlyStopping counter: 1 out of 5
  Ep 13: Train 0.3625 | Val 0.2963 | Test 0.0244
EarlyStopping counter: 2 out of 5
  Ep 14: Train 0.3601 | Val 0.2831 | Test 0.0233
EarlyStopping counter: 3 out of 5
  Ep 15: Train 0.3573 | Val 0.2714 | Test 0.0232
Validation loss decreased (0.271393 --> 0.271393).  Saving model ...
  Ep 16: Train 0.3525 | Val 0.2827 | Test 0.0252
EarlyStopping counter: 1 out of 5
  Ep 17: Train 0.3488 | Val 0.2935 | Test 0.0287
EarlyStopping counter: 2 out of 5
  Ep 18: Train 0.3490 | Val 0.2833 | Test 0.0231
EarlyStopping counter: 3 out of 5
  Ep 19: Train 0.3478 | Val 0.2682 | Test 0.0239
Validation loss decreased (0.268218 --> 0.268218).  Saving model ...
  Ep 20: Train 0.3385 | Val 0.2658 | Test 0.0219
Validation loss decreased (0.265760 --> 0.265760).  Saving model ...
  Ep 21: Train 0.3381 | Val 0.2658 | Test 0.0225
EarlyStopping counter: 1 out of 5
  Ep 22: Train 0.3390 | Val 0.2702 | Test 0.0221
EarlyStopping counter: 2 out of 5
  Ep 23: Train 0.3415 | Val 0.2766 | Test 0.0228
EarlyStopping counter: 3 out of 5
  Ep 24: Train 0.3324 | Val 0.2650 | Test 0.0236
Validation loss decreased (0.265026 --> 0.265026).  Saving model ...
  Ep 25: Train 0.3350 | Val 0.2722 | Test 0.0210
EarlyStopping counter: 1 out of 5
  Ep 26: Train 0.3261 | Val 0.2611 | Test 0.0218
Validation loss decreased (0.261059 --> 0.261059).  Saving model ...
  Ep 27: Train 0.3270 | Val 0.2580 | Test 0.0217
Validation loss decreased (0.257963 --> 0.257963).  Saving model ...
  Ep 28: Train 0.3267 | Val 0.2585 | Test 0.0203
EarlyStopping counter: 1 out of 5
  Ep 29: Train 0.3303 | Val 0.2599 | Test 0.0211
EarlyStopping counter: 2 out of 5
  Ep 30: Train 0.3226 | Val 0.2631 | Test 0.0223
EarlyStopping counter: 3 out of 5
  Ep 31: Train 0.3222 | Val 0.2396 | Test 0.0219
Validation loss decreased (0.239626 --> 0.239626).  Saving model ...
  Ep 32: Train 0.3344 | Val 0.2460 | Test 0.0219
EarlyStopping counter: 1 out of 5
  Ep 33: Train 0.3234 | Val 0.2391 | Test 0.0207
Validation loss decreased (0.239065 --> 0.239065).  Saving model ...
  Ep 34: Train 0.3139 | Val 0.2514 | Test 0.0210
EarlyStopping counter: 1 out of 5
  Ep 35: Train 0.3175 | Val 0.2474 | Test 0.0205
EarlyStopping counter: 2 out of 5
  Ep 36: Train 0.3172 | Val 0.2399 | Test 0.0213
EarlyStopping counter: 3 out of 5
  Ep 37: Train 0.3209 | Val 0.2475 | Test 0.0203
EarlyStopping counter: 4 out of 5
  Ep 38: Train 0.3004 | Val 0.2811 | Test 0.0205
EarlyStopping counter: 5 out of 5
Early stopping triggered!
/home/sangukchoi/Stroke_SDA/sda_training.py:615: FutureWarning: You are using `torch.load` with `weights_only=False` (the current default value), which uses the default pickle module implicitly. It is possible to construct malicious pickle data which will execute arbitrary code during unpickling (See https://github.com/pytorch/pytorch/blob/main/SECURITY.md#untrusted-models for more details). In a future release, the default value for `weights_only` will be flipped to `True`. This limits the functions that could be executed during unpickling. Arbitrary objects will no longer be allowed to be loaded via this mode unless they are explicitly allowlisted by the user via `torch.serialization.add_safe_globals`. We recommend you start setting `weights_only=True` for any use case where you don't have full control of the loaded file. Please open an issue on GitHub for any issues related to this experimental feature.
  model.load_state_dict(torch.load(os.path.join(out_dir, 'best_model.pth')))
Final Test MSE (Best Model): 0.0207
Finished. Status: Success
