Starting Run on GPU 3
Time: 2025-12-24 12:48:10

[Run Start] Subject S003 | Mode ['SDA'] | Params: L1.5_LS1.0_LR0.0001_E64_D64_Dr0.3

[Fold 1 - SDA] Train: ['S003_T003', 'S003_T006'], Test: S003_T002, Norm: fixed
/home/sangukchoi/.conda/envs/torch_gpu/lib/python3.10/site-packages/torch/nn/modules/rnn.py:123: UserWarning: dropout option adds dropout after all but last recurrent layer, so non-zero dropout expects num_layers greater than 1, but got dropout=0.3 and num_layers=1
  warnings.warn(
  Ep 1: Train 0.6113 | Val 0.3819 | Test 0.0369
Validation loss decreased (0.381912 --> 0.381912).  Saving model ...
  Ep 2: Train 0.3231 | Val 0.2703 | Test 0.0221
Validation loss decreased (0.270348 --> 0.270348).  Saving model ...
  Ep 3: Train 0.2719 | Val 0.2217 | Test 0.0253
Validation loss decreased (0.221696 --> 0.221696).  Saving model ...
  Ep 4: Train 0.2520 | Val 0.1998 | Test 0.0222
Validation loss decreased (0.199825 --> 0.199825).  Saving model ...
  Ep 5: Train 0.2397 | Val 0.1954 | Test 0.0246
Validation loss decreased (0.195354 --> 0.195354).  Saving model ...
  Ep 6: Train 0.2305 | Val 0.1802 | Test 0.0242
Validation loss decreased (0.180168 --> 0.180168).  Saving model ...
  Ep 7: Train 0.2239 | Val 0.1757 | Test 0.0245
Validation loss decreased (0.175687 --> 0.175687).  Saving model ...
  Ep 8: Train 0.2188 | Val 0.1657 | Test 0.0251
Validation loss decreased (0.165689 --> 0.165689).  Saving model ...
  Ep 9: Train 0.2126 | Val 0.1649 | Test 0.0273
Validation loss decreased (0.164883 --> 0.164883).  Saving model ...
  Ep 10: Train 0.2122 | Val 0.1614 | Test 0.0242
Validation loss decreased (0.161360 --> 0.161360).  Saving model ...
  Ep 11: Train 0.2080 | Val 0.1665 | Test 0.0243
EarlyStopping counter: 1 out of 5
  Ep 12: Train 0.2042 | Val 0.1614 | Test 0.0238
EarlyStopping counter: 2 out of 5
  Ep 13: Train 0.2017 | Val 0.1496 | Test 0.0231
Validation loss decreased (0.149595 --> 0.149595).  Saving model ...
  Ep 14: Train 0.2002 | Val 0.1582 | Test 0.0248
EarlyStopping counter: 1 out of 5
  Ep 15: Train 0.1984 | Val 0.1535 | Test 0.0250
EarlyStopping counter: 2 out of 5
  Ep 16: Train 0.1924 | Val 0.1486 | Test 0.0225
Validation loss decreased (0.148562 --> 0.148562).  Saving model ...
  Ep 17: Train 0.1958 | Val 0.1510 | Test 0.0242
EarlyStopping counter: 1 out of 5
  Ep 18: Train 0.1938 | Val 0.1518 | Test 0.0254
EarlyStopping counter: 2 out of 5
  Ep 19: Train 0.1917 | Val 0.1482 | Test 0.0244
EarlyStopping counter: 3 out of 5
  Ep 20: Train 0.1895 | Val 0.1429 | Test 0.0264
Validation loss decreased (0.142873 --> 0.142873).  Saving model ...
  Ep 21: Train 0.1884 | Val 0.1452 | Test 0.0239
EarlyStopping counter: 1 out of 5
  Ep 22: Train 0.1918 | Val 0.1520 | Test 0.0247
EarlyStopping counter: 2 out of 5
  Ep 23: Train 0.1844 | Val 0.1428 | Test 0.0252
EarlyStopping counter: 3 out of 5
  Ep 24: Train 0.1806 | Val 0.1489 | Test 0.0285
EarlyStopping counter: 4 out of 5
  Ep 25: Train 0.1857 | Val 0.1387 | Test 0.0228
Validation loss decreased (0.138710 --> 0.138710).  Saving model ...
  Ep 26: Train 0.1820 | Val 0.1481 | Test 0.0256
EarlyStopping counter: 1 out of 5
  Ep 27: Train 0.1832 | Val 0.1448 | Test 0.0246
EarlyStopping counter: 2 out of 5
  Ep 28: Train 0.1820 | Val 0.1424 | Test 0.0258
EarlyStopping counter: 3 out of 5
  Ep 29: Train 0.1831 | Val 0.1429 | Test 0.0260
EarlyStopping counter: 4 out of 5
  Ep 30: Train 0.1821 | Val 0.1514 | Test 0.0276
EarlyStopping counter: 5 out of 5
Early stopping triggered!
/home/sangukchoi/Stroke_SDA/sda_training.py:615: FutureWarning: You are using `torch.load` with `weights_only=False` (the current default value), which uses the default pickle module implicitly. It is possible to construct malicious pickle data which will execute arbitrary code during unpickling (See https://github.com/pytorch/pytorch/blob/main/SECURITY.md#untrusted-models for more details). In a future release, the default value for `weights_only` will be flipped to `True`. This limits the functions that could be executed during unpickling. Arbitrary objects will no longer be allowed to be loaded via this mode unless they are explicitly allowlisted by the user via `torch.serialization.add_safe_globals`. We recommend you start setting `weights_only=True` for any use case where you don't have full control of the loaded file. Please open an issue on GitHub for any issues related to this experimental feature.
  model.load_state_dict(torch.load(os.path.join(out_dir, 'best_model.pth')))
Final Test MSE (Best Model): 0.0228
Finished. Status: Success
