Starting Run on GPU 3
Time: 2025-12-24 12:39:06

[Run Start] Subject S003 | Mode ['SDA'] | Params: L1.5_LS0.7_LR0.0001_E128_D128_Dr0.3

[Fold 1 - SDA] Train: ['S003_T003', 'S003_T006'], Test: S003_T002, Norm: fixed
/home/sangukchoi/.conda/envs/torch_gpu/lib/python3.10/site-packages/torch/nn/modules/rnn.py:123: UserWarning: dropout option adds dropout after all but last recurrent layer, so non-zero dropout expects num_layers greater than 1, but got dropout=0.3 and num_layers=1
  warnings.warn(
  Ep 1: Train 0.4429 | Val 0.2527 | Test 0.0247
Validation loss decreased (0.252729 --> 0.252729).  Saving model ...
  Ep 2: Train 0.2564 | Val 0.2007 | Test 0.0208
Validation loss decreased (0.200657 --> 0.200657).  Saving model ...
  Ep 3: Train 0.2294 | Val 0.1783 | Test 0.0216
Validation loss decreased (0.178350 --> 0.178350).  Saving model ...
  Ep 4: Train 0.2121 | Val 0.1841 | Test 0.0253
EarlyStopping counter: 1 out of 5
  Ep 5: Train 0.2038 | Val 0.1735 | Test 0.0219
Validation loss decreased (0.173471 --> 0.173471).  Saving model ...
  Ep 6: Train 0.2025 | Val 0.1621 | Test 0.0234
Validation loss decreased (0.162058 --> 0.162058).  Saving model ...
  Ep 7: Train 0.1975 | Val 0.1623 | Test 0.0219
EarlyStopping counter: 1 out of 5
  Ep 8: Train 0.1903 | Val 0.1500 | Test 0.0200
Validation loss decreased (0.149958 --> 0.149958).  Saving model ...
  Ep 9: Train 0.1906 | Val 0.1636 | Test 0.0261
EarlyStopping counter: 1 out of 5
  Ep 10: Train 0.1878 | Val 0.1565 | Test 0.0224
EarlyStopping counter: 2 out of 5
  Ep 11: Train 0.1838 | Val 0.1542 | Test 0.0236
EarlyStopping counter: 3 out of 5
  Ep 12: Train 0.1784 | Val 0.1453 | Test 0.0211
Validation loss decreased (0.145281 --> 0.145281).  Saving model ...
  Ep 13: Train 0.1806 | Val 0.1444 | Test 0.0199
Validation loss decreased (0.144421 --> 0.144421).  Saving model ...
  Ep 14: Train 0.1768 | Val 0.1502 | Test 0.0226
EarlyStopping counter: 1 out of 5
  Ep 15: Train 0.1756 | Val 0.1396 | Test 0.0209
Validation loss decreased (0.139611 --> 0.139611).  Saving model ...
  Ep 16: Train 0.1760 | Val 0.1402 | Test 0.0206
EarlyStopping counter: 1 out of 5
  Ep 17: Train 0.1781 | Val 0.1385 | Test 0.0218
Validation loss decreased (0.138488 --> 0.138488).  Saving model ...
  Ep 18: Train 0.1794 | Val 0.1362 | Test 0.0226
Validation loss decreased (0.136178 --> 0.136178).  Saving model ...
  Ep 19: Train 0.1779 | Val 0.1406 | Test 0.0235
EarlyStopping counter: 1 out of 5
  Ep 20: Train 0.1747 | Val 0.1417 | Test 0.0214
EarlyStopping counter: 2 out of 5
  Ep 21: Train 0.1706 | Val 0.1442 | Test 0.0266
EarlyStopping counter: 3 out of 5
  Ep 22: Train 0.1727 | Val 0.1299 | Test 0.0227
Validation loss decreased (0.129949 --> 0.129949).  Saving model ...
  Ep 23: Train 0.1704 | Val 0.1255 | Test 0.0220
Validation loss decreased (0.125518 --> 0.125518).  Saving model ...
  Ep 24: Train 0.1684 | Val 0.1317 | Test 0.0211
EarlyStopping counter: 1 out of 5
  Ep 25: Train 0.1664 | Val 0.1434 | Test 0.0261
EarlyStopping counter: 2 out of 5
  Ep 26: Train 0.1699 | Val 0.1316 | Test 0.0227
EarlyStopping counter: 3 out of 5
  Ep 27: Train 0.1643 | Val 0.1303 | Test 0.0252
EarlyStopping counter: 4 out of 5
  Ep 28: Train 0.1640 | Val 0.1250 | Test 0.0230
Validation loss decreased (0.124975 --> 0.124975).  Saving model ...
  Ep 29: Train 0.1637 | Val 0.1305 | Test 0.0246
EarlyStopping counter: 1 out of 5
  Ep 30: Train 0.1603 | Val 0.1306 | Test 0.0256
EarlyStopping counter: 2 out of 5
  Ep 31: Train 0.1604 | Val 0.1316 | Test 0.0293
EarlyStopping counter: 3 out of 5
  Ep 32: Train 0.1636 | Val 0.1180 | Test 0.0242
Validation loss decreased (0.118049 --> 0.118049).  Saving model ...
  Ep 33: Train 0.1604 | Val 0.1283 | Test 0.0243
EarlyStopping counter: 1 out of 5
  Ep 34: Train 0.1620 | Val 0.1252 | Test 0.0275
EarlyStopping counter: 2 out of 5
  Ep 35: Train 0.1642 | Val 0.1310 | Test 0.0251
EarlyStopping counter: 3 out of 5
  Ep 36: Train 0.1585 | Val 0.1375 | Test 0.0287
EarlyStopping counter: 4 out of 5
  Ep 37: Train 0.1590 | Val 0.1232 | Test 0.0314
EarlyStopping counter: 5 out of 5
Early stopping triggered!
/home/sangukchoi/Stroke_SDA/sda_training.py:615: FutureWarning: You are using `torch.load` with `weights_only=False` (the current default value), which uses the default pickle module implicitly. It is possible to construct malicious pickle data which will execute arbitrary code during unpickling (See https://github.com/pytorch/pytorch/blob/main/SECURITY.md#untrusted-models for more details). In a future release, the default value for `weights_only` will be flipped to `True`. This limits the functions that could be executed during unpickling. Arbitrary objects will no longer be allowed to be loaded via this mode unless they are explicitly allowlisted by the user via `torch.serialization.add_safe_globals`. We recommend you start setting `weights_only=True` for any use case where you don't have full control of the loaded file. Please open an issue on GitHub for any issues related to this experimental feature.
  model.load_state_dict(torch.load(os.path.join(out_dir, 'best_model.pth')))
Final Test MSE (Best Model): 0.0242
Finished. Status: Success
