Starting Run on GPU 1
Time: 2025-12-24 12:31:02

[Run Start] Subject S003 | Mode ['SDA'] | Params: L1.5_LS0.7_LR0.0001_E64_D64_Dr0.3

[Fold 1 - SDA] Train: ['S003_T003', 'S003_T006'], Test: S003_T002, Norm: fixed
/home/sangukchoi/.conda/envs/torch_gpu/lib/python3.10/site-packages/torch/nn/modules/rnn.py:123: UserWarning: dropout option adds dropout after all but last recurrent layer, so non-zero dropout expects num_layers greater than 1, but got dropout=0.3 and num_layers=1
  warnings.warn(
  Ep 1: Train 0.5808 | Val 0.3390 | Test 0.0363
Validation loss decreased (0.338988 --> 0.338988).  Saving model ...
  Ep 2: Train 0.3149 | Val 0.2584 | Test 0.0248
Validation loss decreased (0.258354 --> 0.258354).  Saving model ...
  Ep 3: Train 0.2616 | Val 0.1986 | Test 0.0267
Validation loss decreased (0.198601 --> 0.198601).  Saving model ...
  Ep 4: Train 0.2369 | Val 0.1921 | Test 0.0281
Validation loss decreased (0.192066 --> 0.192066).  Saving model ...
  Ep 5: Train 0.2261 | Val 0.1753 | Test 0.0260
Validation loss decreased (0.175275 --> 0.175275).  Saving model ...
  Ep 6: Train 0.2231 | Val 0.1692 | Test 0.0246
Validation loss decreased (0.169228 --> 0.169228).  Saving model ...
  Ep 7: Train 0.2151 | Val 0.1667 | Test 0.0279
Validation loss decreased (0.166714 --> 0.166714).  Saving model ...
  Ep 8: Train 0.2120 | Val 0.1642 | Test 0.0255
Validation loss decreased (0.164234 --> 0.164234).  Saving model ...
  Ep 9: Train 0.2073 | Val 0.1690 | Test 0.0268
EarlyStopping counter: 1 out of 5
  Ep 10: Train 0.2099 | Val 0.1623 | Test 0.0252
Validation loss decreased (0.162310 --> 0.162310).  Saving model ...
  Ep 11: Train 0.2021 | Val 0.1643 | Test 0.0297
EarlyStopping counter: 1 out of 5
  Ep 12: Train 0.2043 | Val 0.1558 | Test 0.0244
Validation loss decreased (0.155760 --> 0.155760).  Saving model ...
  Ep 13: Train 0.2028 | Val 0.1658 | Test 0.0255
EarlyStopping counter: 1 out of 5
  Ep 14: Train 0.1981 | Val 0.1617 | Test 0.0298
EarlyStopping counter: 2 out of 5
  Ep 15: Train 0.1954 | Val 0.1585 | Test 0.0273
EarlyStopping counter: 3 out of 5
  Ep 16: Train 0.1930 | Val 0.1535 | Test 0.0254
Validation loss decreased (0.153540 --> 0.153540).  Saving model ...
  Ep 17: Train 0.1924 | Val 0.1535 | Test 0.0225
EarlyStopping counter: 1 out of 5
  Ep 18: Train 0.1933 | Val 0.1733 | Test 0.0255
EarlyStopping counter: 2 out of 5
  Ep 19: Train 0.1903 | Val 0.1539 | Test 0.0253
EarlyStopping counter: 3 out of 5
  Ep 20: Train 0.1886 | Val 0.1585 | Test 0.0242
EarlyStopping counter: 4 out of 5
  Ep 21: Train 0.1860 | Val 0.1490 | Test 0.0240
Validation loss decreased (0.149036 --> 0.149036).  Saving model ...
  Ep 22: Train 0.1812 | Val 0.1554 | Test 0.0254
EarlyStopping counter: 1 out of 5
  Ep 23: Train 0.1803 | Val 0.1436 | Test 0.0228
Validation loss decreased (0.143575 --> 0.143575).  Saving model ...
  Ep 24: Train 0.1786 | Val 0.1512 | Test 0.0247
EarlyStopping counter: 1 out of 5
  Ep 25: Train 0.1812 | Val 0.1537 | Test 0.0310
EarlyStopping counter: 2 out of 5
  Ep 26: Train 0.1767 | Val 0.1464 | Test 0.0267
EarlyStopping counter: 3 out of 5
  Ep 27: Train 0.1779 | Val 0.1480 | Test 0.0277
EarlyStopping counter: 4 out of 5
  Ep 28: Train 0.1800 | Val 0.1409 | Test 0.0244
Validation loss decreased (0.140895 --> 0.140895).  Saving model ...
  Ep 29: Train 0.1738 | Val 0.1434 | Test 0.0275
EarlyStopping counter: 1 out of 5
  Ep 30: Train 0.1778 | Val 0.1378 | Test 0.0252
Validation loss decreased (0.137766 --> 0.137766).  Saving model ...
  Ep 31: Train 0.1726 | Val 0.1467 | Test 0.0286
EarlyStopping counter: 1 out of 5
  Ep 32: Train 0.1763 | Val 0.1408 | Test 0.0265
EarlyStopping counter: 2 out of 5
  Ep 33: Train 0.1764 | Val 0.1408 | Test 0.0274
EarlyStopping counter: 3 out of 5
  Ep 34: Train 0.1719 | Val 0.1455 | Test 0.0280
EarlyStopping counter: 4 out of 5
  Ep 35: Train 0.1713 | Val 0.1399 | Test 0.0257
EarlyStopping counter: 5 out of 5
Early stopping triggered!
/home/sangukchoi/Stroke_SDA/sda_training.py:615: FutureWarning: You are using `torch.load` with `weights_only=False` (the current default value), which uses the default pickle module implicitly. It is possible to construct malicious pickle data which will execute arbitrary code during unpickling (See https://github.com/pytorch/pytorch/blob/main/SECURITY.md#untrusted-models for more details). In a future release, the default value for `weights_only` will be flipped to `True`. This limits the functions that could be executed during unpickling. Arbitrary objects will no longer be allowed to be loaded via this mode unless they are explicitly allowlisted by the user via `torch.serialization.add_safe_globals`. We recommend you start setting `weights_only=True` for any use case where you don't have full control of the loaded file. Please open an issue on GitHub for any issues related to this experimental feature.
  model.load_state_dict(torch.load(os.path.join(out_dir, 'best_model.pth')))
Final Test MSE (Best Model): 0.0252
Finished. Status: Success
