Starting Run on GPU 2
Time: 2025-12-24 11:36:50

[Run Start] Subject S003 | Mode ['SDA'] | Params: L0.5_LS1.0_LR0.0001_E128_D32_Dr0.3

[Fold 1 - SDA] Train: ['S003_T003', 'S003_T006'], Test: S003_T002, Norm: fixed
/home/sangukchoi/.conda/envs/torch_gpu/lib/python3.10/site-packages/torch/nn/modules/rnn.py:123: UserWarning: dropout option adds dropout after all but last recurrent layer, so non-zero dropout expects num_layers greater than 1, but got dropout=0.3 and num_layers=1
  warnings.warn(
  Ep 1: Train 0.2924 | Val 0.1360 | Test 0.0203
Validation loss decreased (0.135974 --> 0.135974).  Saving model ...
  Ep 2: Train 0.1358 | Val 0.1059 | Test 0.0184
Validation loss decreased (0.105884 --> 0.105884).  Saving model ...
  Ep 3: Train 0.1184 | Val 0.0904 | Test 0.0179
Validation loss decreased (0.090378 --> 0.090378).  Saving model ...
  Ep 4: Train 0.1130 | Val 0.0876 | Test 0.0199
Validation loss decreased (0.087610 --> 0.087610).  Saving model ...
  Ep 5: Train 0.1088 | Val 0.0885 | Test 0.0267
EarlyStopping counter: 1 out of 5
  Ep 6: Train 0.1048 | Val 0.0827 | Test 0.0218
Validation loss decreased (0.082656 --> 0.082656).  Saving model ...
  Ep 7: Train 0.1021 | Val 0.0763 | Test 0.0231
Validation loss decreased (0.076315 --> 0.076315).  Saving model ...
  Ep 8: Train 0.0994 | Val 0.0793 | Test 0.0240
EarlyStopping counter: 1 out of 5
  Ep 9: Train 0.0979 | Val 0.0743 | Test 0.0247
Validation loss decreased (0.074256 --> 0.074256).  Saving model ...
  Ep 10: Train 0.0965 | Val 0.0725 | Test 0.0254
Validation loss decreased (0.072534 --> 0.072534).  Saving model ...
  Ep 11: Train 0.0946 | Val 0.0772 | Test 0.0308
EarlyStopping counter: 1 out of 5
  Ep 12: Train 0.0944 | Val 0.0741 | Test 0.0269
EarlyStopping counter: 2 out of 5
  Ep 13: Train 0.0936 | Val 0.0676 | Test 0.0284
Validation loss decreased (0.067638 --> 0.067638).  Saving model ...
  Ep 14: Train 0.0911 | Val 0.0671 | Test 0.0314
EarlyStopping counter: 1 out of 5
  Ep 15: Train 0.0913 | Val 0.0654 | Test 0.0295
Validation loss decreased (0.065401 --> 0.065401).  Saving model ...
  Ep 16: Train 0.0905 | Val 0.0612 | Test 0.0276
Validation loss decreased (0.061192 --> 0.061192).  Saving model ...
  Ep 17: Train 0.0893 | Val 0.0635 | Test 0.0272
EarlyStopping counter: 1 out of 5
  Ep 18: Train 0.0874 | Val 0.0639 | Test 0.0291
EarlyStopping counter: 2 out of 5
  Ep 19: Train 0.0862 | Val 0.0614 | Test 0.0290
EarlyStopping counter: 3 out of 5
  Ep 20: Train 0.0863 | Val 0.0631 | Test 0.0298
EarlyStopping counter: 4 out of 5
  Ep 21: Train 0.0856 | Val 0.0677 | Test 0.0308
EarlyStopping counter: 5 out of 5
Early stopping triggered!
/home/sangukchoi/Stroke_SDA/sda_training.py:615: FutureWarning: You are using `torch.load` with `weights_only=False` (the current default value), which uses the default pickle module implicitly. It is possible to construct malicious pickle data which will execute arbitrary code during unpickling (See https://github.com/pytorch/pytorch/blob/main/SECURITY.md#untrusted-models for more details). In a future release, the default value for `weights_only` will be flipped to `True`. This limits the functions that could be executed during unpickling. Arbitrary objects will no longer be allowed to be loaded via this mode unless they are explicitly allowlisted by the user via `torch.serialization.add_safe_globals`. We recommend you start setting `weights_only=True` for any use case where you don't have full control of the loaded file. Please open an issue on GitHub for any issues related to this experimental feature.
  model.load_state_dict(torch.load(os.path.join(out_dir, 'best_model.pth')))
Final Test MSE (Best Model): 0.0276
Finished. Status: Success
