Starting Run on GPU 2
Time: 2025-12-24 14:45:01

[Run Start] Subject S003 | Mode ['SDA'] | Params: L3.0_LS0.3_LR0.0001_E256_D64_Dr0.3

[Fold 1 - SDA] Train: ['S003_T003', 'S003_T006'], Test: S003_T002, Norm: fixed
/home/sangukchoi/.conda/envs/torch_gpu/lib/python3.10/site-packages/torch/nn/modules/rnn.py:123: UserWarning: dropout option adds dropout after all but last recurrent layer, so non-zero dropout expects num_layers greater than 1, but got dropout=0.3 and num_layers=1
  warnings.warn(
  Ep 1: Train 0.7326 | Val 0.6630 | Test 0.2883
Validation loss decreased (0.663037 --> 0.663037).  Saving model ...
  Ep 2: Train 0.7001 | Val 0.6663 | Test 0.3072
EarlyStopping counter: 1 out of 5
  Ep 3: Train 0.7147 | Val 0.6838 | Test 0.3335
EarlyStopping counter: 2 out of 5
  Ep 4: Train 0.7520 | Val 1.0437 | Test 0.4500
EarlyStopping counter: 3 out of 5
  Ep 5: Train 9.7380 | Val 3.7264 | Test 0.4929
EarlyStopping counter: 4 out of 5
  Ep 6: Train 0.9589 | Val 3.0737 | Test 0.4917
EarlyStopping counter: 5 out of 5
Early stopping triggered!
/home/sangukchoi/Stroke_SDA/sda_training.py:615: FutureWarning: You are using `torch.load` with `weights_only=False` (the current default value), which uses the default pickle module implicitly. It is possible to construct malicious pickle data which will execute arbitrary code during unpickling (See https://github.com/pytorch/pytorch/blob/main/SECURITY.md#untrusted-models for more details). In a future release, the default value for `weights_only` will be flipped to `True`. This limits the functions that could be executed during unpickling. Arbitrary objects will no longer be allowed to be loaded via this mode unless they are explicitly allowlisted by the user via `torch.serialization.add_safe_globals`. We recommend you start setting `weights_only=True` for any use case where you don't have full control of the loaded file. Please open an issue on GitHub for any issues related to this experimental feature.
  model.load_state_dict(torch.load(os.path.join(out_dir, 'best_model.pth')))
Final Test MSE (Best Model): 0.2883
Finished. Status: Success
