Starting Run on GPU 1
Time: 2025-12-24 13:35:47

[Run Start] Subject S003 | Mode ['SDA'] | Params: L2.0_LS1.0_LR0.0001_E256_D64_Dr0.3

[Fold 1 - SDA] Train: ['S003_T003', 'S003_T006'], Test: S003_T002, Norm: fixed
/home/sangukchoi/.conda/envs/torch_gpu/lib/python3.10/site-packages/torch/nn/modules/rnn.py:123: UserWarning: dropout option adds dropout after all but last recurrent layer, so non-zero dropout expects num_layers greater than 1, but got dropout=0.3 and num_layers=1
  warnings.warn(
  Ep 1: Train 0.4727 | Val 0.4012 | Test 0.0453
Validation loss decreased (0.401157 --> 0.401157).  Saving model ...
  Ep 2: Train 0.3201 | Val 0.2454 | Test 0.0257
Validation loss decreased (0.245357 --> 0.245357).  Saving model ...
  Ep 3: Train 0.2882 | Val 0.2423 | Test 0.0297
Validation loss decreased (0.242327 --> 0.242327).  Saving model ...
  Ep 4: Train 0.2734 | Val 0.2084 | Test 0.0242
Validation loss decreased (0.208401 --> 0.208401).  Saving model ...
  Ep 5: Train 0.2623 | Val 0.2134 | Test 0.0276
EarlyStopping counter: 1 out of 5
  Ep 6: Train 0.2507 | Val 0.1974 | Test 0.0225
Validation loss decreased (0.197426 --> 0.197426).  Saving model ...
  Ep 7: Train 0.2550 | Val 0.2046 | Test 0.0245
EarlyStopping counter: 1 out of 5
  Ep 8: Train 0.2505 | Val 0.1928 | Test 0.0218
Validation loss decreased (0.192810 --> 0.192810).  Saving model ...
  Ep 9: Train 0.2415 | Val 0.1894 | Test 0.0231
Validation loss decreased (0.189438 --> 0.189438).  Saving model ...
  Ep 10: Train 0.2394 | Val 0.1930 | Test 0.0252
EarlyStopping counter: 1 out of 5
  Ep 11: Train 0.2355 | Val 0.1800 | Test 0.0221
Validation loss decreased (0.180028 --> 0.180028).  Saving model ...
  Ep 12: Train 0.2368 | Val 0.1798 | Test 0.0216
EarlyStopping counter: 1 out of 5
  Ep 13: Train 0.2323 | Val 0.1734 | Test 0.0247
Validation loss decreased (0.173431 --> 0.173431).  Saving model ...
  Ep 14: Train 0.2347 | Val 0.1669 | Test 0.0236
Validation loss decreased (0.166891 --> 0.166891).  Saving model ...
  Ep 15: Train 0.2301 | Val 0.1714 | Test 0.0225
EarlyStopping counter: 1 out of 5
  Ep 16: Train 0.2310 | Val 0.1851 | Test 0.0246
EarlyStopping counter: 2 out of 5
  Ep 17: Train 0.2280 | Val 0.1627 | Test 0.0250
Validation loss decreased (0.162676 --> 0.162676).  Saving model ...
  Ep 18: Train 0.2228 | Val 0.1675 | Test 0.0246
EarlyStopping counter: 1 out of 5
  Ep 19: Train 0.2206 | Val 0.1725 | Test 0.0309
EarlyStopping counter: 2 out of 5
  Ep 20: Train 0.2179 | Val 0.1742 | Test 0.0255
EarlyStopping counter: 3 out of 5
  Ep 21: Train 0.2263 | Val 0.1887 | Test 0.0311
EarlyStopping counter: 4 out of 5
  Ep 22: Train 0.2164 | Val 0.1469 | Test 0.0244
Validation loss decreased (0.146913 --> 0.146913).  Saving model ...
  Ep 23: Train 0.2202 | Val 0.1512 | Test 0.0244
EarlyStopping counter: 1 out of 5
  Ep 24: Train 0.2178 | Val 0.1869 | Test 0.0259
EarlyStopping counter: 2 out of 5
  Ep 25: Train 0.2210 | Val 0.1637 | Test 0.0284
EarlyStopping counter: 3 out of 5
  Ep 26: Train 0.2102 | Val 0.1545 | Test 0.0285
EarlyStopping counter: 4 out of 5
  Ep 27: Train 0.2132 | Val 0.1607 | Test 0.0248
EarlyStopping counter: 5 out of 5
Early stopping triggered!
/home/sangukchoi/Stroke_SDA/sda_training.py:615: FutureWarning: You are using `torch.load` with `weights_only=False` (the current default value), which uses the default pickle module implicitly. It is possible to construct malicious pickle data which will execute arbitrary code during unpickling (See https://github.com/pytorch/pytorch/blob/main/SECURITY.md#untrusted-models for more details). In a future release, the default value for `weights_only` will be flipped to `True`. This limits the functions that could be executed during unpickling. Arbitrary objects will no longer be allowed to be loaded via this mode unless they are explicitly allowlisted by the user via `torch.serialization.add_safe_globals`. We recommend you start setting `weights_only=True` for any use case where you don't have full control of the loaded file. Please open an issue on GitHub for any issues related to this experimental feature.
  model.load_state_dict(torch.load(os.path.join(out_dir, 'best_model.pth')))
Final Test MSE (Best Model): 0.0244
Finished. Status: Success
