Starting Run on GPU 3
Time: 2025-12-24 14:45:30

[Run Start] Subject S003 | Mode ['SDA'] | Params: L3.0_LS0.3_LR0.0001_E256_D128_Dr0.3

[Fold 1 - SDA] Train: ['S003_T003', 'S003_T006'], Test: S003_T002, Norm: fixed
/home/sangukchoi/.conda/envs/torch_gpu/lib/python3.10/site-packages/torch/nn/modules/rnn.py:123: UserWarning: dropout option adds dropout after all but last recurrent layer, so non-zero dropout expects num_layers greater than 1, but got dropout=0.3 and num_layers=1
  warnings.warn(
  Ep 1: Train 0.6832 | Val 0.5262 | Test 0.1252
Validation loss decreased (0.526234 --> 0.526234).  Saving model ...
  Ep 2: Train 0.4622 | Val 0.4343 | Test 0.0523
Validation loss decreased (0.434316 --> 0.434316).  Saving model ...
  Ep 3: Train 0.4121 | Val 0.3488 | Test 0.0336
Validation loss decreased (0.348843 --> 0.348843).  Saving model ...
  Ep 4: Train 0.3761 | Val 0.3324 | Test 0.0344
Validation loss decreased (0.332372 --> 0.332372).  Saving model ...
  Ep 5: Train 0.3563 | Val 0.2699 | Test 0.0292
Validation loss decreased (0.269924 --> 0.269924).  Saving model ...
  Ep 6: Train 0.3493 | Val 0.2778 | Test 0.0304
EarlyStopping counter: 1 out of 5
  Ep 7: Train 0.3410 | Val 0.2698 | Test 0.0367
EarlyStopping counter: 2 out of 5
  Ep 8: Train 0.3386 | Val 0.2670 | Test 0.0357
Validation loss decreased (0.266993 --> 0.266993).  Saving model ...
  Ep 9: Train 0.3306 | Val 0.2366 | Test 0.0323
Validation loss decreased (0.236567 --> 0.236567).  Saving model ...
  Ep 10: Train 0.3321 | Val 0.2457 | Test 0.0287
EarlyStopping counter: 1 out of 5
  Ep 11: Train 0.3395 | Val 0.2323 | Test 0.0338
Validation loss decreased (0.232278 --> 0.232278).  Saving model ...
  Ep 12: Train 0.3218 | Val 0.2625 | Test 0.0306
EarlyStopping counter: 1 out of 5
  Ep 13: Train 0.3191 | Val 0.2218 | Test 0.0326
Validation loss decreased (0.221788 --> 0.221788).  Saving model ...
  Ep 14: Train 0.3196 | Val 0.2559 | Test 0.0367
EarlyStopping counter: 1 out of 5
  Ep 15: Train 0.3145 | Val 0.2632 | Test 0.0387
EarlyStopping counter: 2 out of 5
  Ep 16: Train 0.3102 | Val 0.2273 | Test 0.0313
EarlyStopping counter: 3 out of 5
  Ep 17: Train 0.3048 | Val 0.2152 | Test 0.0288
Validation loss decreased (0.215181 --> 0.215181).  Saving model ...
  Ep 18: Train 0.3011 | Val 0.2013 | Test 0.0381
Validation loss decreased (0.201300 --> 0.201300).  Saving model ...
  Ep 19: Train 0.3014 | Val 0.1085 | Test 0.0430
Validation loss decreased (0.108497 --> 0.108497).  Saving model ...
  Ep 20: Train 0.3114 | Val 0.2800 | Test 0.0662
EarlyStopping counter: 1 out of 5
  Ep 21: Train 0.3015 | Val 0.2453 | Test 0.0330
EarlyStopping counter: 2 out of 5
  Ep 22: Train 0.3018 | Val 0.1367 | Test 0.0362
EarlyStopping counter: 3 out of 5
  Ep 23: Train 5.3838 | Val 1.0077 | Test 0.4178
EarlyStopping counter: 4 out of 5
  Ep 24: Train 1.0064 | Val 1.0031 | Test 0.3890
EarlyStopping counter: 5 out of 5
Early stopping triggered!
/home/sangukchoi/Stroke_SDA/sda_training.py:615: FutureWarning: You are using `torch.load` with `weights_only=False` (the current default value), which uses the default pickle module implicitly. It is possible to construct malicious pickle data which will execute arbitrary code during unpickling (See https://github.com/pytorch/pytorch/blob/main/SECURITY.md#untrusted-models for more details). In a future release, the default value for `weights_only` will be flipped to `True`. This limits the functions that could be executed during unpickling. Arbitrary objects will no longer be allowed to be loaded via this mode unless they are explicitly allowlisted by the user via `torch.serialization.add_safe_globals`. We recommend you start setting `weights_only=True` for any use case where you don't have full control of the loaded file. Please open an issue on GitHub for any issues related to this experimental feature.
  model.load_state_dict(torch.load(os.path.join(out_dir, 'best_model.pth')))
Final Test MSE (Best Model): 0.0430
Finished. Status: Success
