Starting Run on GPU 2
Time: 2025-12-24 12:20:31

[Run Start] Subject S003 | Mode ['SDA'] | Params: L1.0_LS1.0_LR0.0001_E128_D128_Dr0.3

[Fold 1 - SDA] Train: ['S003_T003', 'S003_T006'], Test: S003_T002, Norm: fixed
/home/sangukchoi/.conda/envs/torch_gpu/lib/python3.10/site-packages/torch/nn/modules/rnn.py:123: UserWarning: dropout option adds dropout after all but last recurrent layer, so non-zero dropout expects num_layers greater than 1, but got dropout=0.3 and num_layers=1
  warnings.warn(
  Ep 1: Train 0.3705 | Val 0.2025 | Test 0.0203
Validation loss decreased (0.202543 --> 0.202543).  Saving model ...
  Ep 2: Train 0.2053 | Val 0.1741 | Test 0.0219
Validation loss decreased (0.174100 --> 0.174100).  Saving model ...
  Ep 3: Train 0.1881 | Val 0.1446 | Test 0.0242
Validation loss decreased (0.144640 --> 0.144640).  Saving model ...
  Ep 4: Train 0.1786 | Val 0.1420 | Test 0.0268
Validation loss decreased (0.142029 --> 0.142029).  Saving model ...
  Ep 5: Train 0.1709 | Val 0.1364 | Test 0.0240
Validation loss decreased (0.136414 --> 0.136414).  Saving model ...
  Ep 6: Train 0.1668 | Val 0.1304 | Test 0.0239
Validation loss decreased (0.130422 --> 0.130422).  Saving model ...
  Ep 7: Train 0.1627 | Val 0.1310 | Test 0.0217
EarlyStopping counter: 1 out of 5
  Ep 8: Train 0.1587 | Val 0.1227 | Test 0.0222
Validation loss decreased (0.122723 --> 0.122723).  Saving model ...
  Ep 9: Train 0.1558 | Val 0.1205 | Test 0.0212
Validation loss decreased (0.120501 --> 0.120501).  Saving model ...
  Ep 10: Train 0.1558 | Val 0.1219 | Test 0.0231
EarlyStopping counter: 1 out of 5
  Ep 11: Train 0.1547 | Val 0.1178 | Test 0.0235
Validation loss decreased (0.117802 --> 0.117802).  Saving model ...
  Ep 12: Train 0.1521 | Val 0.1228 | Test 0.0252
EarlyStopping counter: 1 out of 5
  Ep 13: Train 0.1522 | Val 0.1193 | Test 0.0211
EarlyStopping counter: 2 out of 5
  Ep 14: Train 0.1476 | Val 0.1152 | Test 0.0208
Validation loss decreased (0.115229 --> 0.115229).  Saving model ...
  Ep 15: Train 0.1452 | Val 0.1175 | Test 0.0199
EarlyStopping counter: 1 out of 5
  Ep 16: Train 0.1442 | Val 0.1090 | Test 0.0219
Validation loss decreased (0.108991 --> 0.108991).  Saving model ...
  Ep 17: Train 0.1435 | Val 0.1114 | Test 0.0250
EarlyStopping counter: 1 out of 5
  Ep 18: Train 0.1400 | Val 0.1028 | Test 0.0214
Validation loss decreased (0.102818 --> 0.102818).  Saving model ...
  Ep 19: Train 0.1384 | Val 0.1185 | Test 0.0253
EarlyStopping counter: 1 out of 5
  Ep 20: Train 0.1375 | Val 0.1161 | Test 0.0264
EarlyStopping counter: 2 out of 5
  Ep 21: Train 0.1364 | Val 0.1023 | Test 0.0262
EarlyStopping counter: 3 out of 5
  Ep 22: Train 0.1355 | Val 0.1061 | Test 0.0236
EarlyStopping counter: 4 out of 5
  Ep 23: Train 0.1363 | Val 0.1072 | Test 0.0270
EarlyStopping counter: 5 out of 5
Early stopping triggered!
/home/sangukchoi/Stroke_SDA/sda_training.py:615: FutureWarning: You are using `torch.load` with `weights_only=False` (the current default value), which uses the default pickle module implicitly. It is possible to construct malicious pickle data which will execute arbitrary code during unpickling (See https://github.com/pytorch/pytorch/blob/main/SECURITY.md#untrusted-models for more details). In a future release, the default value for `weights_only` will be flipped to `True`. This limits the functions that could be executed during unpickling. Arbitrary objects will no longer be allowed to be loaded via this mode unless they are explicitly allowlisted by the user via `torch.serialization.add_safe_globals`. We recommend you start setting `weights_only=True` for any use case where you don't have full control of the loaded file. Please open an issue on GitHub for any issues related to this experimental feature.
  model.load_state_dict(torch.load(os.path.join(out_dir, 'best_model.pth')))
Final Test MSE (Best Model): 0.0214
Finished. Status: Success
