Starting Run on GPU 0
Time: 2025-12-24 11:43:22

[Run Start] Subject S003 | Mode ['SDA'] | Params: L0.5_LS1.0_LR0.0001_E256_D32_Dr0.3

[Fold 1 - SDA] Train: ['S003_T003', 'S003_T006'], Test: S003_T002, Norm: fixed
/home/sangukchoi/.conda/envs/torch_gpu/lib/python3.10/site-packages/torch/nn/modules/rnn.py:123: UserWarning: dropout option adds dropout after all but last recurrent layer, so non-zero dropout expects num_layers greater than 1, but got dropout=0.3 and num_layers=1
  warnings.warn(
  Ep 1: Train 0.2387 | Val 0.1239 | Test 0.0214
Validation loss decreased (0.123934 --> 0.123934).  Saving model ...
  Ep 2: Train 0.1297 | Val 0.1015 | Test 0.0219
Validation loss decreased (0.101525 --> 0.101525).  Saving model ...
  Ep 3: Train 0.1154 | Val 0.0952 | Test 0.0238
Validation loss decreased (0.095169 --> 0.095169).  Saving model ...
  Ep 4: Train 0.1082 | Val 0.0875 | Test 0.0205
Validation loss decreased (0.087489 --> 0.087489).  Saving model ...
  Ep 5: Train 0.1031 | Val 0.0801 | Test 0.0224
Validation loss decreased (0.080143 --> 0.080143).  Saving model ...
  Ep 6: Train 0.0977 | Val 0.0786 | Test 0.0244
Validation loss decreased (0.078582 --> 0.078582).  Saving model ...
  Ep 7: Train 0.0960 | Val 0.0790 | Test 0.0251
EarlyStopping counter: 1 out of 5
  Ep 8: Train 0.0941 | Val 0.0693 | Test 0.0283
Validation loss decreased (0.069316 --> 0.069316).  Saving model ...
  Ep 9: Train 0.0913 | Val 0.0661 | Test 0.0286
Validation loss decreased (0.066133 --> 0.066133).  Saving model ...
  Ep 10: Train 0.0895 | Val 0.0662 | Test 0.0289
EarlyStopping counter: 1 out of 5
  Ep 11: Train 0.0877 | Val 0.0681 | Test 0.0302
EarlyStopping counter: 2 out of 5
  Ep 12: Train 0.0870 | Val 0.0665 | Test 0.0325
EarlyStopping counter: 3 out of 5
  Ep 13: Train 0.0848 | Val 0.0621 | Test 0.0323
Validation loss decreased (0.062133 --> 0.062133).  Saving model ...
  Ep 14: Train 0.0826 | Val 0.0654 | Test 0.0334
EarlyStopping counter: 1 out of 5
  Ep 15: Train 0.0820 | Val 0.0617 | Test 0.0336
EarlyStopping counter: 2 out of 5
  Ep 16: Train 0.0805 | Val 0.0597 | Test 0.0339
Validation loss decreased (0.059669 --> 0.059669).  Saving model ...
  Ep 17: Train 0.0782 | Val 0.0659 | Test 0.0307
EarlyStopping counter: 1 out of 5
  Ep 18: Train 0.0761 | Val 0.0608 | Test 0.0336
EarlyStopping counter: 2 out of 5
  Ep 19: Train 0.0772 | Val 0.0613 | Test 0.0405
EarlyStopping counter: 3 out of 5
  Ep 20: Train 0.0748 | Val 0.0568 | Test 0.0341
Validation loss decreased (0.056785 --> 0.056785).  Saving model ...
  Ep 21: Train 0.0765 | Val 0.0578 | Test 0.0391
EarlyStopping counter: 1 out of 5
  Ep 22: Train 0.0732 | Val 0.0564 | Test 0.0354
EarlyStopping counter: 2 out of 5
  Ep 23: Train 0.0719 | Val 0.0628 | Test 0.0395
EarlyStopping counter: 3 out of 5
  Ep 24: Train 0.0709 | Val 0.0599 | Test 0.0335
EarlyStopping counter: 4 out of 5
  Ep 25: Train 0.0710 | Val 0.0547 | Test 0.0432
Validation loss decreased (0.054678 --> 0.054678).  Saving model ...
  Ep 26: Train 0.0700 | Val 0.0577 | Test 0.0407
EarlyStopping counter: 1 out of 5
  Ep 27: Train 0.0681 | Val 0.0545 | Test 0.0346
EarlyStopping counter: 2 out of 5
  Ep 28: Train 0.0701 | Val 0.0532 | Test 0.0406
Validation loss decreased (0.053248 --> 0.053248).  Saving model ...
  Ep 29: Train 0.0673 | Val 0.0514 | Test 0.0453
Validation loss decreased (0.051413 --> 0.051413).  Saving model ...
  Ep 30: Train 0.0678 | Val 0.0536 | Test 0.0358
EarlyStopping counter: 1 out of 5
  Ep 31: Train 0.0653 | Val 0.0515 | Test 0.0386
EarlyStopping counter: 2 out of 5
  Ep 32: Train 0.0665 | Val 0.0536 | Test 0.0451
EarlyStopping counter: 3 out of 5
  Ep 33: Train 0.0641 | Val 0.0487 | Test 0.0369
Validation loss decreased (0.048725 --> 0.048725).  Saving model ...
  Ep 34: Train 0.0633 | Val 0.0500 | Test 0.0364
EarlyStopping counter: 1 out of 5
  Ep 35: Train 0.0638 | Val 0.0491 | Test 0.0384
EarlyStopping counter: 2 out of 5
  Ep 36: Train 0.0632 | Val 0.0519 | Test 0.0400
EarlyStopping counter: 3 out of 5
  Ep 37: Train 0.0629 | Val 0.0476 | Test 0.0442
Validation loss decreased (0.047575 --> 0.047575).  Saving model ...
  Ep 38: Train 0.0618 | Val 0.0466 | Test 0.0392
Validation loss decreased (0.046623 --> 0.046623).  Saving model ...
  Ep 39: Train 0.0610 | Val 0.0469 | Test 0.0398
EarlyStopping counter: 1 out of 5
  Ep 40: Train 0.0613 | Val 0.0442 | Test 0.0404
Validation loss decreased (0.044230 --> 0.044230).  Saving model ...
  Ep 41: Train 0.0600 | Val 0.0481 | Test 0.0499
EarlyStopping counter: 1 out of 5
  Ep 42: Train 0.0599 | Val 0.0457 | Test 0.0405
EarlyStopping counter: 2 out of 5
  Ep 43: Train 0.0594 | Val 0.0438 | Test 0.0419
EarlyStopping counter: 3 out of 5
  Ep 44: Train 0.0590 | Val 0.0448 | Test 0.0376
EarlyStopping counter: 4 out of 5
  Ep 45: Train 0.0583 | Val 0.0438 | Test 0.0429
EarlyStopping counter: 5 out of 5
Early stopping triggered!
/home/sangukchoi/Stroke_SDA/sda_training.py:615: FutureWarning: You are using `torch.load` with `weights_only=False` (the current default value), which uses the default pickle module implicitly. It is possible to construct malicious pickle data which will execute arbitrary code during unpickling (See https://github.com/pytorch/pytorch/blob/main/SECURITY.md#untrusted-models for more details). In a future release, the default value for `weights_only` will be flipped to `True`. This limits the functions that could be executed during unpickling. Arbitrary objects will no longer be allowed to be loaded via this mode unless they are explicitly allowlisted by the user via `torch.serialization.add_safe_globals`. We recommend you start setting `weights_only=True` for any use case where you don't have full control of the loaded file. Please open an issue on GitHub for any issues related to this experimental feature.
  model.load_state_dict(torch.load(os.path.join(out_dir, 'best_model.pth')))
Final Test MSE (Best Model): 0.0404
Finished. Status: Success
