Starting Run on GPU 0
Time: 2025-12-24 12:35:56

[Run Start] Subject S003 | Mode ['SDA'] | Params: L1.5_LS0.7_LR0.0001_E128_D64_Dr0.3

[Fold 1 - SDA] Train: ['S003_T003', 'S003_T006'], Test: S003_T002, Norm: fixed
/home/sangukchoi/.conda/envs/torch_gpu/lib/python3.10/site-packages/torch/nn/modules/rnn.py:123: UserWarning: dropout option adds dropout after all but last recurrent layer, so non-zero dropout expects num_layers greater than 1, but got dropout=0.3 and num_layers=1
  warnings.warn(
  Ep 1: Train 0.4355 | Val 0.2719 | Test 0.0230
Validation loss decreased (0.271892 --> 0.271892).  Saving model ...
  Ep 2: Train 0.2674 | Val 0.2183 | Test 0.0234
Validation loss decreased (0.218266 --> 0.218266).  Saving model ...
  Ep 3: Train 0.2267 | Val 0.1724 | Test 0.0211
Validation loss decreased (0.172363 --> 0.172363).  Saving model ...
  Ep 4: Train 0.2121 | Val 0.1712 | Test 0.0247
Validation loss decreased (0.171183 --> 0.171183).  Saving model ...
  Ep 5: Train 0.2041 | Val 0.1670 | Test 0.0227
Validation loss decreased (0.166967 --> 0.166967).  Saving model ...
  Ep 6: Train 0.1995 | Val 0.1510 | Test 0.0193
Validation loss decreased (0.150989 --> 0.150989).  Saving model ...
  Ep 7: Train 0.1896 | Val 0.1539 | Test 0.0212
EarlyStopping counter: 1 out of 5
  Ep 8: Train 0.1919 | Val 0.1469 | Test 0.0229
Validation loss decreased (0.146946 --> 0.146946).  Saving model ...
  Ep 9: Train 0.1923 | Val 0.1415 | Test 0.0236
Validation loss decreased (0.141525 --> 0.141525).  Saving model ...
  Ep 10: Train 0.1853 | Val 0.1547 | Test 0.0241
EarlyStopping counter: 1 out of 5
  Ep 11: Train 0.1894 | Val 0.1338 | Test 0.0200
Validation loss decreased (0.133811 --> 0.133811).  Saving model ...
  Ep 12: Train 0.1849 | Val 0.1369 | Test 0.0204
EarlyStopping counter: 1 out of 5
  Ep 13: Train 0.1813 | Val 0.1385 | Test 0.0202
EarlyStopping counter: 2 out of 5
  Ep 14: Train 0.1791 | Val 0.1393 | Test 0.0204
EarlyStopping counter: 3 out of 5
  Ep 15: Train 0.1800 | Val 0.1451 | Test 0.0224
EarlyStopping counter: 4 out of 5
  Ep 16: Train 0.1800 | Val 0.1325 | Test 0.0210
Validation loss decreased (0.132456 --> 0.132456).  Saving model ...
  Ep 17: Train 0.1735 | Val 0.1368 | Test 0.0219
EarlyStopping counter: 1 out of 5
  Ep 18: Train 0.1756 | Val 0.1416 | Test 0.0223
EarlyStopping counter: 2 out of 5
  Ep 19: Train 0.1784 | Val 0.1350 | Test 0.0206
EarlyStopping counter: 3 out of 5
  Ep 20: Train 0.1772 | Val 0.1334 | Test 0.0216
EarlyStopping counter: 4 out of 5
  Ep 21: Train 0.1749 | Val 0.1278 | Test 0.0220
Validation loss decreased (0.127797 --> 0.127797).  Saving model ...
  Ep 22: Train 0.1738 | Val 0.1344 | Test 0.0217
EarlyStopping counter: 1 out of 5
  Ep 23: Train 0.1708 | Val 0.1278 | Test 0.0222
EarlyStopping counter: 2 out of 5
  Ep 24: Train 0.1708 | Val 0.1372 | Test 0.0256
EarlyStopping counter: 3 out of 5
  Ep 25: Train 0.1715 | Val 0.1361 | Test 0.0246
EarlyStopping counter: 4 out of 5
  Ep 26: Train 0.1694 | Val 0.1278 | Test 0.0241
EarlyStopping counter: 5 out of 5
Early stopping triggered!
/home/sangukchoi/Stroke_SDA/sda_training.py:615: FutureWarning: You are using `torch.load` with `weights_only=False` (the current default value), which uses the default pickle module implicitly. It is possible to construct malicious pickle data which will execute arbitrary code during unpickling (See https://github.com/pytorch/pytorch/blob/main/SECURITY.md#untrusted-models for more details). In a future release, the default value for `weights_only` will be flipped to `True`. This limits the functions that could be executed during unpickling. Arbitrary objects will no longer be allowed to be loaded via this mode unless they are explicitly allowlisted by the user via `torch.serialization.add_safe_globals`. We recommend you start setting `weights_only=True` for any use case where you don't have full control of the loaded file. Please open an issue on GitHub for any issues related to this experimental feature.
  model.load_state_dict(torch.load(os.path.join(out_dir, 'best_model.pth')))
Final Test MSE (Best Model): 0.0220
Finished. Status: Success
