Starting Run on GPU 2
Time: 2025-12-24 14:01:09

[Run Start] Subject S003 | Mode ['SDA'] | Params: L2.5_LS0.5_LR0.0001_E128_D128_Dr0.3

[Fold 1 - SDA] Train: ['S003_T003', 'S003_T006'], Test: S003_T002, Norm: fixed
/home/sangukchoi/.conda/envs/torch_gpu/lib/python3.10/site-packages/torch/nn/modules/rnn.py:123: UserWarning: dropout option adds dropout after all but last recurrent layer, so non-zero dropout expects num_layers greater than 1, but got dropout=0.3 and num_layers=1
  warnings.warn(
  Ep 1: Train 0.5866 | Val 0.4105 | Test 0.0391
Validation loss decreased (0.410482 --> 0.410482).  Saving model ...
  Ep 2: Train 0.3759 | Val 0.3182 | Test 0.0312
Validation loss decreased (0.318222 --> 0.318222).  Saving model ...
  Ep 3: Train 0.3339 | Val 0.2538 | Test 0.0238
Validation loss decreased (0.253794 --> 0.253794).  Saving model ...
  Ep 4: Train 0.3228 | Val 0.2541 | Test 0.0288
EarlyStopping counter: 1 out of 5
  Ep 5: Train 0.3154 | Val 0.2439 | Test 0.0263
Validation loss decreased (0.243919 --> 0.243919).  Saving model ...
  Ep 6: Train 0.3007 | Val 0.2482 | Test 0.0265
EarlyStopping counter: 1 out of 5
  Ep 7: Train 0.3018 | Val 0.2523 | Test 0.0325
EarlyStopping counter: 2 out of 5
  Ep 8: Train 0.2967 | Val 0.2336 | Test 0.0343
Validation loss decreased (0.233568 --> 0.233568).  Saving model ...
  Ep 9: Train 0.2940 | Val 0.2186 | Test 0.0254
Validation loss decreased (0.218615 --> 0.218615).  Saving model ...
  Ep 10: Train 0.2847 | Val 0.2121 | Test 0.0235
Validation loss decreased (0.212053 --> 0.212053).  Saving model ...
  Ep 11: Train 0.2792 | Val 0.2152 | Test 0.0232
EarlyStopping counter: 1 out of 5
  Ep 12: Train 0.2817 | Val 0.2169 | Test 0.0249
EarlyStopping counter: 2 out of 5
  Ep 13: Train 0.2826 | Val 0.2280 | Test 0.0244
EarlyStopping counter: 3 out of 5
  Ep 14: Train 0.2790 | Val 0.2134 | Test 0.0215
EarlyStopping counter: 4 out of 5
  Ep 15: Train 0.2791 | Val 0.2188 | Test 0.0231
EarlyStopping counter: 5 out of 5
Early stopping triggered!
/home/sangukchoi/Stroke_SDA/sda_training.py:615: FutureWarning: You are using `torch.load` with `weights_only=False` (the current default value), which uses the default pickle module implicitly. It is possible to construct malicious pickle data which will execute arbitrary code during unpickling (See https://github.com/pytorch/pytorch/blob/main/SECURITY.md#untrusted-models for more details). In a future release, the default value for `weights_only` will be flipped to `True`. This limits the functions that could be executed during unpickling. Arbitrary objects will no longer be allowed to be loaded via this mode unless they are explicitly allowlisted by the user via `torch.serialization.add_safe_globals`. We recommend you start setting `weights_only=True` for any use case where you don't have full control of the loaded file. Please open an issue on GitHub for any issues related to this experimental feature.
  model.load_state_dict(torch.load(os.path.join(out_dir, 'best_model.pth')))
Final Test MSE (Best Model): 0.0235
Finished. Status: Success
