Starting Run on GPU 0
Time: 2025-12-24 14:37:17

[Run Start] Subject S003 | Mode ['SDA'] | Params: L3.0_LS0.3_LR0.0001_E64_D64_Dr0.3

[Fold 1 - SDA] Train: ['S003_T003', 'S003_T006'], Test: S003_T002, Norm: fixed
/home/sangukchoi/.conda/envs/torch_gpu/lib/python3.10/site-packages/torch/nn/modules/rnn.py:123: UserWarning: dropout option adds dropout after all but last recurrent layer, so non-zero dropout expects num_layers greater than 1, but got dropout=0.3 and num_layers=1
  warnings.warn(
  Ep 1: Train 0.8461 | Val 0.7353 | Test 0.2914
Validation loss decreased (0.735340 --> 0.735340).  Saving model ...
  Ep 2: Train 0.7292 | Val 0.7175 | Test 0.3002
Validation loss decreased (0.717459 --> 0.717459).  Saving model ...
  Ep 3: Train 0.7198 | Val 0.7189 | Test 0.2980
EarlyStopping counter: 1 out of 5
  Ep 4: Train 0.7208 | Val 0.7071 | Test 0.2978
Validation loss decreased (0.707069 --> 0.707069).  Saving model ...
  Ep 5: Train 0.7053 | Val 0.7077 | Test 0.2971
EarlyStopping counter: 1 out of 5
  Ep 6: Train 0.7144 | Val 0.7096 | Test 0.3046
EarlyStopping counter: 2 out of 5
  Ep 7: Train 0.7178 | Val 0.6931 | Test 0.3096
Validation loss decreased (0.693144 --> 0.693144).  Saving model ...
  Ep 8: Train 0.7265 | Val 0.7007 | Test 0.3110
EarlyStopping counter: 1 out of 5
  Ep 9: Train 0.7373 | Val 0.7310 | Test 0.3301
EarlyStopping counter: 2 out of 5
  Ep 10: Train 0.7393 | Val 0.7619 | Test 0.3496
EarlyStopping counter: 3 out of 5
  Ep 11: Train 0.7744 | Val 0.5341 | Test 0.3580
Validation loss decreased (0.534076 --> 0.534076).  Saving model ...
  Ep 12: Train 0.8104 | Val 0.3342 | Test 0.3736
Validation loss decreased (0.334176 --> 0.334176).  Saving model ...
  Ep 13: Train 0.7398 | Val 0.3749 | Test 0.3625
EarlyStopping counter: 1 out of 5
  Ep 14: Train 0.6622 | Val 2.1168 | Test 0.3592
EarlyStopping counter: 2 out of 5
  Ep 15: Train 1627.4266 | Val 823.9346 | Test 0.4357
EarlyStopping counter: 3 out of 5
  Ep 16: Train 5.1884 | Val -3134.5769 | Test 0.4327
Validation loss decreased (-3134.576851 --> -3134.576851).  Saving model ...
  Ep 17: Train 21.0368 | Val 11326.0548 | Test 0.4263
EarlyStopping counter: 1 out of 5
  Ep 18: Train -13.9104 | Val -25.9959 | Test 0.4249
EarlyStopping counter: 2 out of 5
  Ep 19: Train 29.5449 | Val -17.9861 | Test 0.4169
EarlyStopping counter: 3 out of 5
  Ep 20: Train -16.2454 | Val -184.3091 | Test 0.4096
EarlyStopping counter: 4 out of 5
  Ep 21: Train 20.3472 | Val 4235.8137 | Test 0.3992
EarlyStopping counter: 5 out of 5
Early stopping triggered!
/home/sangukchoi/Stroke_SDA/sda_training.py:615: FutureWarning: You are using `torch.load` with `weights_only=False` (the current default value), which uses the default pickle module implicitly. It is possible to construct malicious pickle data which will execute arbitrary code during unpickling (See https://github.com/pytorch/pytorch/blob/main/SECURITY.md#untrusted-models for more details). In a future release, the default value for `weights_only` will be flipped to `True`. This limits the functions that could be executed during unpickling. Arbitrary objects will no longer be allowed to be loaded via this mode unless they are explicitly allowlisted by the user via `torch.serialization.add_safe_globals`. We recommend you start setting `weights_only=True` for any use case where you don't have full control of the loaded file. Please open an issue on GitHub for any issues related to this experimental feature.
  model.load_state_dict(torch.load(os.path.join(out_dir, 'best_model.pth')))
Final Test MSE (Best Model): 0.4327
Finished. Status: Success
