Starting Run on GPU 2
Time: 2025-12-24 14:29:29

[Run Start] Subject S003 | Mode ['SDA'] | Params: L2.5_LS1.0_LR0.0001_E256_D32_Dr0.3

[Fold 1 - SDA] Train: ['S003_T003', 'S003_T006'], Test: S003_T002, Norm: fixed
/home/sangukchoi/.conda/envs/torch_gpu/lib/python3.10/site-packages/torch/nn/modules/rnn.py:123: UserWarning: dropout option adds dropout after all but last recurrent layer, so non-zero dropout expects num_layers greater than 1, but got dropout=0.3 and num_layers=1
  warnings.warn(
  Ep 1: Train 0.5542 | Val 0.3509 | Test 0.0390
Validation loss decreased (0.350862 --> 0.350862).  Saving model ...
  Ep 2: Train 0.3808 | Val 0.3304 | Test 0.0329
Validation loss decreased (0.330383 --> 0.330383).  Saving model ...
  Ep 3: Train 0.3502 | Val 0.2765 | Test 0.0332
Validation loss decreased (0.276474 --> 0.276474).  Saving model ...
  Ep 4: Train 0.3310 | Val 0.3022 | Test 0.0338
EarlyStopping counter: 1 out of 5
  Ep 5: Train 0.3202 | Val 0.2588 | Test 0.0276
Validation loss decreased (0.258806 --> 0.258806).  Saving model ...
  Ep 6: Train 0.3126 | Val 0.2544 | Test 0.0273
Validation loss decreased (0.254423 --> 0.254423).  Saving model ...
  Ep 7: Train 0.3073 | Val 0.2260 | Test 0.0229
Validation loss decreased (0.226029 --> 0.226029).  Saving model ...
  Ep 8: Train 0.2914 | Val 0.2433 | Test 0.0252
EarlyStopping counter: 1 out of 5
  Ep 9: Train 0.2932 | Val 0.2282 | Test 0.0230
EarlyStopping counter: 2 out of 5
  Ep 10: Train 0.2893 | Val 0.2285 | Test 0.0239
EarlyStopping counter: 3 out of 5
  Ep 11: Train 0.2844 | Val 0.2228 | Test 0.0240
Validation loss decreased (0.222838 --> 0.222838).  Saving model ...
  Ep 12: Train 0.2822 | Val 0.2354 | Test 0.0284
EarlyStopping counter: 1 out of 5
  Ep 13: Train 0.2753 | Val 0.2207 | Test 0.0238
Validation loss decreased (0.220678 --> 0.220678).  Saving model ...
  Ep 14: Train 0.2814 | Val 0.2233 | Test 0.0229
EarlyStopping counter: 1 out of 5
  Ep 15: Train 0.2821 | Val 0.2389 | Test 0.0276
EarlyStopping counter: 2 out of 5
  Ep 16: Train 0.2698 | Val 0.2185 | Test 0.0231
Validation loss decreased (0.218540 --> 0.218540).  Saving model ...
  Ep 17: Train 0.2782 | Val 0.2149 | Test 0.0230
Validation loss decreased (0.214944 --> 0.214944).  Saving model ...
  Ep 18: Train 0.2721 | Val 0.2066 | Test 0.0262
Validation loss decreased (0.206626 --> 0.206626).  Saving model ...
  Ep 19: Train 0.2703 | Val 0.2277 | Test 0.0234
EarlyStopping counter: 1 out of 5
  Ep 20: Train 0.2667 | Val 0.2119 | Test 0.0222
EarlyStopping counter: 2 out of 5
  Ep 21: Train 0.2662 | Val 0.2168 | Test 0.0262
EarlyStopping counter: 3 out of 5
  Ep 22: Train 0.2646 | Val 0.2071 | Test 0.0235
EarlyStopping counter: 4 out of 5
  Ep 23: Train 0.2708 | Val 0.2148 | Test 0.0254
EarlyStopping counter: 5 out of 5
Early stopping triggered!
/home/sangukchoi/Stroke_SDA/sda_training.py:615: FutureWarning: You are using `torch.load` with `weights_only=False` (the current default value), which uses the default pickle module implicitly. It is possible to construct malicious pickle data which will execute arbitrary code during unpickling (See https://github.com/pytorch/pytorch/blob/main/SECURITY.md#untrusted-models for more details). In a future release, the default value for `weights_only` will be flipped to `True`. This limits the functions that could be executed during unpickling. Arbitrary objects will no longer be allowed to be loaded via this mode unless they are explicitly allowlisted by the user via `torch.serialization.add_safe_globals`. We recommend you start setting `weights_only=True` for any use case where you don't have full control of the loaded file. Please open an issue on GitHub for any issues related to this experimental feature.
  model.load_state_dict(torch.load(os.path.join(out_dir, 'best_model.pth')))
Final Test MSE (Best Model): 0.0262
Finished. Status: Success
