Starting Run on GPU 1
Time: 2025-12-24 12:02:58

[Run Start] Subject S003 | Mode ['SDA'] | Params: L1.0_LS0.7_LR0.0001_E256_D32_Dr0.3

[Fold 1 - SDA] Train: ['S003_T003', 'S003_T006'], Test: S003_T002, Norm: fixed
/home/sangukchoi/.conda/envs/torch_gpu/lib/python3.10/site-packages/torch/nn/modules/rnn.py:123: UserWarning: dropout option adds dropout after all but last recurrent layer, so non-zero dropout expects num_layers greater than 1, but got dropout=0.3 and num_layers=1
  warnings.warn(
  Ep 1: Train 0.2801 | Val 0.1861 | Test 0.0190
Validation loss decreased (0.186118 --> 0.186118).  Saving model ...
  Ep 2: Train 0.1788 | Val 0.1441 | Test 0.0273
Validation loss decreased (0.144066 --> 0.144066).  Saving model ...
  Ep 3: Train 0.1611 | Val 0.1225 | Test 0.0224
Validation loss decreased (0.122476 --> 0.122476).  Saving model ...
  Ep 4: Train 0.1531 | Val 0.1169 | Test 0.0223
Validation loss decreased (0.116898 --> 0.116898).  Saving model ...
  Ep 5: Train 0.1440 | Val 0.1106 | Test 0.0241
Validation loss decreased (0.110571 --> 0.110571).  Saving model ...
  Ep 6: Train 0.1381 | Val 0.1163 | Test 0.0243
EarlyStopping counter: 1 out of 5
  Ep 7: Train 0.1371 | Val 0.1009 | Test 0.0223
Validation loss decreased (0.100945 --> 0.100945).  Saving model ...
  Ep 8: Train 0.1356 | Val 0.1140 | Test 0.0280
EarlyStopping counter: 1 out of 5
  Ep 9: Train 0.1346 | Val 0.1032 | Test 0.0271
EarlyStopping counter: 2 out of 5
  Ep 10: Train 0.1287 | Val 0.0950 | Test 0.0252
Validation loss decreased (0.094969 --> 0.094969).  Saving model ...
  Ep 11: Train 0.1255 | Val 0.1054 | Test 0.0295
EarlyStopping counter: 1 out of 5
  Ep 12: Train 0.1303 | Val 0.0997 | Test 0.0282
EarlyStopping counter: 2 out of 5
  Ep 13: Train 0.1233 | Val 0.0923 | Test 0.0270
Validation loss decreased (0.092270 --> 0.092270).  Saving model ...
  Ep 14: Train 0.1253 | Val 0.0909 | Test 0.0278
Validation loss decreased (0.090936 --> 0.090936).  Saving model ...
  Ep 15: Train 0.1224 | Val 0.0970 | Test 0.0299
EarlyStopping counter: 1 out of 5
  Ep 16: Train 0.1225 | Val 0.0943 | Test 0.0310
EarlyStopping counter: 2 out of 5
  Ep 17: Train 0.1202 | Val 0.0940 | Test 0.0285
EarlyStopping counter: 3 out of 5
  Ep 18: Train 0.1199 | Val 0.0950 | Test 0.0321
EarlyStopping counter: 4 out of 5
  Ep 19: Train 0.1204 | Val 0.0933 | Test 0.0362
EarlyStopping counter: 5 out of 5
Early stopping triggered!
/home/sangukchoi/Stroke_SDA/sda_training.py:615: FutureWarning: You are using `torch.load` with `weights_only=False` (the current default value), which uses the default pickle module implicitly. It is possible to construct malicious pickle data which will execute arbitrary code during unpickling (See https://github.com/pytorch/pytorch/blob/main/SECURITY.md#untrusted-models for more details). In a future release, the default value for `weights_only` will be flipped to `True`. This limits the functions that could be executed during unpickling. Arbitrary objects will no longer be allowed to be loaded via this mode unless they are explicitly allowlisted by the user via `torch.serialization.add_safe_globals`. We recommend you start setting `weights_only=True` for any use case where you don't have full control of the loaded file. Please open an issue on GitHub for any issues related to this experimental feature.
  model.load_state_dict(torch.load(os.path.join(out_dir, 'best_model.pth')))
Final Test MSE (Best Model): 0.0278
Finished. Status: Success
