Starting Run on GPU 3
Time: 2025-12-24 12:07:37

[Run Start] Subject S003 | Mode ['SDA'] | Params: L1.0_LS0.7_LR0.0001_E256_D128_Dr0.3

[Fold 1 - SDA] Train: ['S003_T003', 'S003_T006'], Test: S003_T002, Norm: fixed
/home/sangukchoi/.conda/envs/torch_gpu/lib/python3.10/site-packages/torch/nn/modules/rnn.py:123: UserWarning: dropout option adds dropout after all but last recurrent layer, so non-zero dropout expects num_layers greater than 1, but got dropout=0.3 and num_layers=1
  warnings.warn(
  Ep 1: Train 0.2776 | Val 0.1926 | Test 0.0208
Validation loss decreased (0.192586 --> 0.192586).  Saving model ...
  Ep 2: Train 0.1807 | Val 0.1481 | Test 0.0230
Validation loss decreased (0.148069 --> 0.148069).  Saving model ...
  Ep 3: Train 0.1580 | Val 0.1301 | Test 0.0231
Validation loss decreased (0.130127 --> 0.130127).  Saving model ...
  Ep 4: Train 0.1510 | Val 0.1217 | Test 0.0203
Validation loss decreased (0.121749 --> 0.121749).  Saving model ...
  Ep 5: Train 0.1467 | Val 0.1178 | Test 0.0219
Validation loss decreased (0.117754 --> 0.117754).  Saving model ...
  Ep 6: Train 0.1451 | Val 0.1152 | Test 0.0202
Validation loss decreased (0.115247 --> 0.115247).  Saving model ...
  Ep 7: Train 0.1421 | Val 0.1128 | Test 0.0220
Validation loss decreased (0.112775 --> 0.112775).  Saving model ...
  Ep 8: Train 0.1384 | Val 0.1075 | Test 0.0234
Validation loss decreased (0.107532 --> 0.107532).  Saving model ...
  Ep 9: Train 0.1376 | Val 0.1078 | Test 0.0213
EarlyStopping counter: 1 out of 5
  Ep 10: Train 0.1325 | Val 0.1059 | Test 0.0226
Validation loss decreased (0.105949 --> 0.105949).  Saving model ...
  Ep 11: Train 0.1309 | Val 0.1032 | Test 0.0241
Validation loss decreased (0.103183 --> 0.103183).  Saving model ...
  Ep 12: Train 0.1271 | Val 0.1087 | Test 0.0259
EarlyStopping counter: 1 out of 5
  Ep 13: Train 0.1276 | Val 0.1032 | Test 0.0263
EarlyStopping counter: 2 out of 5
  Ep 14: Train 0.1268 | Val 0.1031 | Test 0.0268
EarlyStopping counter: 3 out of 5
  Ep 15: Train 0.1260 | Val 0.1058 | Test 0.0250
EarlyStopping counter: 4 out of 5
  Ep 16: Train 0.1256 | Val 0.0978 | Test 0.0257
Validation loss decreased (0.097756 --> 0.097756).  Saving model ...
  Ep 17: Train 0.1226 | Val 0.0927 | Test 0.0260
Validation loss decreased (0.092669 --> 0.092669).  Saving model ...
  Ep 18: Train 0.1237 | Val 0.0982 | Test 0.0317
EarlyStopping counter: 1 out of 5
  Ep 19: Train 0.1229 | Val 0.0967 | Test 0.0298
EarlyStopping counter: 2 out of 5
  Ep 20: Train 0.1174 | Val 0.0957 | Test 0.0365
EarlyStopping counter: 3 out of 5
  Ep 21: Train 0.1182 | Val 0.1064 | Test 0.0359
EarlyStopping counter: 4 out of 5
  Ep 22: Train 0.1196 | Val 0.0955 | Test 0.0346
EarlyStopping counter: 5 out of 5
Early stopping triggered!
/home/sangukchoi/Stroke_SDA/sda_training.py:615: FutureWarning: You are using `torch.load` with `weights_only=False` (the current default value), which uses the default pickle module implicitly. It is possible to construct malicious pickle data which will execute arbitrary code during unpickling (See https://github.com/pytorch/pytorch/blob/main/SECURITY.md#untrusted-models for more details). In a future release, the default value for `weights_only` will be flipped to `True`. This limits the functions that could be executed during unpickling. Arbitrary objects will no longer be allowed to be loaded via this mode unless they are explicitly allowlisted by the user via `torch.serialization.add_safe_globals`. We recommend you start setting `weights_only=True` for any use case where you don't have full control of the loaded file. Please open an issue on GitHub for any issues related to this experimental feature.
  model.load_state_dict(torch.load(os.path.join(out_dir, 'best_model.pth')))
Final Test MSE (Best Model): 0.0260
Finished. Status: Success
