Starting Run on GPU 0
Time: 2025-12-24 11:10:12

[Run Start] Subject S003 | Mode ['SDA'] | Params: L0.5_LS0.7_LR0.0001_E64_D32_Dr0.3

[Fold 1 - SDA] Train: ['S003_T003', 'S003_T006'], Test: S003_T002, Norm: fixed
/home/sangukchoi/.conda/envs/torch_gpu/lib/python3.10/site-packages/torch/nn/modules/rnn.py:123: UserWarning: dropout option adds dropout after all but last recurrent layer, so non-zero dropout expects num_layers greater than 1, but got dropout=0.3 and num_layers=1
  warnings.warn(
  Ep 1: Train 0.3566 | Val 0.1310 | Test 0.0216
Validation loss decreased (0.130960 --> 0.130960).  Saving model ...
  Ep 2: Train 0.1338 | Val 0.0924 | Test 0.0208
Validation loss decreased (0.092421 --> 0.092421).  Saving model ...
  Ep 3: Train 0.1134 | Val 0.0834 | Test 0.0216
Validation loss decreased (0.083383 --> 0.083383).  Saving model ...
  Ep 4: Train 0.1043 | Val 0.0826 | Test 0.0229
Validation loss decreased (0.082591 --> 0.082591).  Saving model ...
  Ep 5: Train 0.0997 | Val 0.0840 | Test 0.0228
EarlyStopping counter: 1 out of 5
  Ep 6: Train 0.0983 | Val 0.0808 | Test 0.0252
Validation loss decreased (0.080769 --> 0.080769).  Saving model ...
  Ep 7: Train 0.0952 | Val 0.0764 | Test 0.0261
Validation loss decreased (0.076395 --> 0.076395).  Saving model ...
  Ep 8: Train 0.0939 | Val 0.0768 | Test 0.0232
EarlyStopping counter: 1 out of 5
  Ep 9: Train 0.0926 | Val 0.0728 | Test 0.0243
Validation loss decreased (0.072811 --> 0.072811).  Saving model ...
  Ep 10: Train 0.0918 | Val 0.0738 | Test 0.0282
EarlyStopping counter: 1 out of 5
  Ep 11: Train 0.0918 | Val 0.0769 | Test 0.0266
EarlyStopping counter: 2 out of 5
  Ep 12: Train 0.0884 | Val 0.0729 | Test 0.0259
EarlyStopping counter: 3 out of 5
  Ep 13: Train 0.0888 | Val 0.0680 | Test 0.0258
Validation loss decreased (0.067984 --> 0.067984).  Saving model ...
  Ep 14: Train 0.0878 | Val 0.0734 | Test 0.0277
EarlyStopping counter: 1 out of 5
  Ep 15: Train 0.0879 | Val 0.0676 | Test 0.0294
EarlyStopping counter: 2 out of 5
  Ep 16: Train 0.0856 | Val 0.0674 | Test 0.0322
Validation loss decreased (0.067362 --> 0.067362).  Saving model ...
  Ep 17: Train 0.0842 | Val 0.0641 | Test 0.0287
Validation loss decreased (0.064114 --> 0.064114).  Saving model ...
  Ep 18: Train 0.0849 | Val 0.0636 | Test 0.0284
Validation loss decreased (0.063585 --> 0.063585).  Saving model ...
  Ep 19: Train 0.0834 | Val 0.0616 | Test 0.0315
Validation loss decreased (0.061583 --> 0.061583).  Saving model ...
  Ep 20: Train 0.0823 | Val 0.0634 | Test 0.0288
EarlyStopping counter: 1 out of 5
  Ep 21: Train 0.0830 | Val 0.0656 | Test 0.0293
EarlyStopping counter: 2 out of 5
  Ep 22: Train 0.0820 | Val 0.0595 | Test 0.0296
Validation loss decreased (0.059527 --> 0.059527).  Saving model ...
  Ep 23: Train 0.0806 | Val 0.0609 | Test 0.0295
EarlyStopping counter: 1 out of 5
  Ep 24: Train 0.0792 | Val 0.0585 | Test 0.0322
Validation loss decreased (0.058520 --> 0.058520).  Saving model ...
  Ep 25: Train 0.0789 | Val 0.0598 | Test 0.0299
EarlyStopping counter: 1 out of 5
  Ep 26: Train 0.0776 | Val 0.0578 | Test 0.0325
Validation loss decreased (0.057765 --> 0.057765).  Saving model ...
  Ep 27: Train 0.0778 | Val 0.0590 | Test 0.0311
EarlyStopping counter: 1 out of 5
  Ep 28: Train 0.0775 | Val 0.0583 | Test 0.0276
EarlyStopping counter: 2 out of 5
  Ep 29: Train 0.0763 | Val 0.0571 | Test 0.0322
Validation loss decreased (0.057082 --> 0.057082).  Saving model ...
  Ep 30: Train 0.0775 | Val 0.0582 | Test 0.0259
EarlyStopping counter: 1 out of 5
  Ep 31: Train 0.0762 | Val 0.0591 | Test 0.0297
EarlyStopping counter: 2 out of 5
  Ep 32: Train 0.0742 | Val 0.0559 | Test 0.0307
Validation loss decreased (0.055904 --> 0.055904).  Saving model ...
  Ep 33: Train 0.0742 | Val 0.0569 | Test 0.0274
EarlyStopping counter: 1 out of 5
  Ep 34: Train 0.0751 | Val 0.0611 | Test 0.0286
EarlyStopping counter: 2 out of 5
  Ep 35: Train 0.0730 | Val 0.0554 | Test 0.0288
Validation loss decreased (0.055371 --> 0.055371).  Saving model ...
  Ep 36: Train 0.0743 | Val 0.0564 | Test 0.0325
EarlyStopping counter: 1 out of 5
  Ep 37: Train 0.0732 | Val 0.0553 | Test 0.0289
EarlyStopping counter: 2 out of 5
  Ep 38: Train 0.0729 | Val 0.0589 | Test 0.0339
EarlyStopping counter: 3 out of 5
  Ep 39: Train 0.0731 | Val 0.0556 | Test 0.0303
EarlyStopping counter: 4 out of 5
  Ep 40: Train 0.0735 | Val 0.0542 | Test 0.0294
Validation loss decreased (0.054198 --> 0.054198).  Saving model ...
  Ep 41: Train 0.0720 | Val 0.0538 | Test 0.0278
EarlyStopping counter: 1 out of 5
  Ep 42: Train 0.0715 | Val 0.0541 | Test 0.0285
EarlyStopping counter: 2 out of 5
  Ep 43: Train 0.0712 | Val 0.0532 | Test 0.0282
Validation loss decreased (0.053161 --> 0.053161).  Saving model ...
  Ep 44: Train 0.0714 | Val 0.0536 | Test 0.0312
EarlyStopping counter: 1 out of 5
  Ep 45: Train 0.0699 | Val 0.0536 | Test 0.0296
EarlyStopping counter: 2 out of 5
  Ep 46: Train 0.0709 | Val 0.0546 | Test 0.0293
EarlyStopping counter: 3 out of 5
  Ep 47: Train 0.0711 | Val 0.0536 | Test 0.0286
EarlyStopping counter: 4 out of 5
  Ep 48: Train 0.0692 | Val 0.0524 | Test 0.0290
Validation loss decreased (0.052418 --> 0.052418).  Saving model ...
  Ep 49: Train 0.0700 | Val 0.0528 | Test 0.0274
EarlyStopping counter: 1 out of 5
  Ep 50: Train 0.0702 | Val 0.0533 | Test 0.0326
EarlyStopping counter: 2 out of 5
  Ep 51: Train 0.0709 | Val 0.0536 | Test 0.0286
EarlyStopping counter: 3 out of 5
  Ep 52: Train 0.0690 | Val 0.0535 | Test 0.0317
EarlyStopping counter: 4 out of 5
  Ep 53: Train 0.0705 | Val 0.0513 | Test 0.0302
Validation loss decreased (0.051270 --> 0.051270).  Saving model ...
  Ep 54: Train 0.0682 | Val 0.0526 | Test 0.0296
EarlyStopping counter: 1 out of 5
  Ep 55: Train 0.0675 | Val 0.0508 | Test 0.0293
EarlyStopping counter: 2 out of 5
  Ep 56: Train 0.0684 | Val 0.0540 | Test 0.0306
EarlyStopping counter: 3 out of 5
  Ep 57: Train 0.0702 | Val 0.0513 | Test 0.0317
EarlyStopping counter: 4 out of 5
  Ep 58: Train 0.0683 | Val 0.0509 | Test 0.0301
EarlyStopping counter: 5 out of 5
Early stopping triggered!
/home/sangukchoi/Stroke_SDA/sda_training.py:615: FutureWarning: You are using `torch.load` with `weights_only=False` (the current default value), which uses the default pickle module implicitly. It is possible to construct malicious pickle data which will execute arbitrary code during unpickling (See https://github.com/pytorch/pytorch/blob/main/SECURITY.md#untrusted-models for more details). In a future release, the default value for `weights_only` will be flipped to `True`. This limits the functions that could be executed during unpickling. Arbitrary objects will no longer be allowed to be loaded via this mode unless they are explicitly allowlisted by the user via `torch.serialization.add_safe_globals`. We recommend you start setting `weights_only=True` for any use case where you don't have full control of the loaded file. Please open an issue on GitHub for any issues related to this experimental feature.
  model.load_state_dict(torch.load(os.path.join(out_dir, 'best_model.pth')))
Final Test MSE (Best Model): 0.0302
Finished. Status: Success
