Starting Run on GPU 2
Time: 2025-12-24 13:50:53

[Run Start] Subject S003 | Mode ['SDA'] | Params: L2.5_LS0.3_LR0.0001_E256_D32_Dr0.3

[Fold 1 - SDA] Train: ['S003_T003', 'S003_T006'], Test: S003_T002, Norm: fixed
/home/sangukchoi/.conda/envs/torch_gpu/lib/python3.10/site-packages/torch/nn/modules/rnn.py:123: UserWarning: dropout option adds dropout after all but last recurrent layer, so non-zero dropout expects num_layers greater than 1, but got dropout=0.3 and num_layers=1
  warnings.warn(
  Ep 1: Train 0.4730 | Val 0.2686 | Test 0.0264
Validation loss decreased (0.268621 --> 0.268621).  Saving model ...
  Ep 2: Train 0.3262 | Val 0.2325 | Test 0.0255
Validation loss decreased (0.232479 --> 0.232479).  Saving model ...
  Ep 3: Train 0.2997 | Val 0.2357 | Test 0.0386
EarlyStopping counter: 1 out of 5
  Ep 4: Train 0.2939 | Val 0.2219 | Test 0.0289
Validation loss decreased (0.221863 --> 0.221863).  Saving model ...
  Ep 5: Train 0.2846 | Val 0.2228 | Test 0.0354
EarlyStopping counter: 1 out of 5
  Ep 6: Train 0.2835 | Val 0.2116 | Test 0.0340
Validation loss decreased (0.211620 --> 0.211620).  Saving model ...
  Ep 7: Train 0.2868 | Val 0.2080 | Test 0.0270
Validation loss decreased (0.208003 --> 0.208003).  Saving model ...
  Ep 8: Train 0.2765 | Val 0.2064 | Test 0.0265
Validation loss decreased (0.206433 --> 0.206433).  Saving model ...
  Ep 9: Train 0.2656 | Val 0.2179 | Test 0.0272
EarlyStopping counter: 1 out of 5
  Ep 10: Train 0.2746 | Val 0.2003 | Test 0.0246
Validation loss decreased (0.200332 --> 0.200332).  Saving model ...
  Ep 11: Train 0.2718 | Val 0.2300 | Test 0.0293
EarlyStopping counter: 1 out of 5
  Ep 12: Train 0.2695 | Val 0.2184 | Test 0.0304
EarlyStopping counter: 2 out of 5
  Ep 13: Train 0.2677 | Val 0.2318 | Test 0.0364
EarlyStopping counter: 3 out of 5
  Ep 14: Train 0.2617 | Val 0.2031 | Test 0.0288
EarlyStopping counter: 4 out of 5
  Ep 15: Train 0.2670 | Val 0.2141 | Test 0.0277
EarlyStopping counter: 5 out of 5
Early stopping triggered!
/home/sangukchoi/Stroke_SDA/sda_training.py:615: FutureWarning: You are using `torch.load` with `weights_only=False` (the current default value), which uses the default pickle module implicitly. It is possible to construct malicious pickle data which will execute arbitrary code during unpickling (See https://github.com/pytorch/pytorch/blob/main/SECURITY.md#untrusted-models for more details). In a future release, the default value for `weights_only` will be flipped to `True`. This limits the functions that could be executed during unpickling. Arbitrary objects will no longer be allowed to be loaded via this mode unless they are explicitly allowlisted by the user via `torch.serialization.add_safe_globals`. We recommend you start setting `weights_only=True` for any use case where you don't have full control of the loaded file. Please open an issue on GitHub for any issues related to this experimental feature.
  model.load_state_dict(torch.load(os.path.join(out_dir, 'best_model.pth')))
Final Test MSE (Best Model): 0.0246
Finished. Status: Success
