Starting Run on GPU 1
Time: 2025-12-24 14:12:18

[Run Start] Subject S003 | Mode ['SDA'] | Params: L2.5_LS0.7_LR0.0001_E128_D128_Dr0.3

[Fold 1 - SDA] Train: ['S003_T003', 'S003_T006'], Test: S003_T002, Norm: fixed
/home/sangukchoi/.conda/envs/torch_gpu/lib/python3.10/site-packages/torch/nn/modules/rnn.py:123: UserWarning: dropout option adds dropout after all but last recurrent layer, so non-zero dropout expects num_layers greater than 1, but got dropout=0.3 and num_layers=1
  warnings.warn(
  Ep 1: Train 0.5901 | Val 0.3907 | Test 0.0255
Validation loss decreased (0.390658 --> 0.390658).  Saving model ...
  Ep 2: Train 0.3866 | Val 0.3638 | Test 0.0280
Validation loss decreased (0.363779 --> 0.363779).  Saving model ...
  Ep 3: Train 0.3530 | Val 0.3082 | Test 0.0263
Validation loss decreased (0.308234 --> 0.308234).  Saving model ...
  Ep 4: Train 0.3347 | Val 0.2802 | Test 0.0307
Validation loss decreased (0.280204 --> 0.280204).  Saving model ...
  Ep 5: Train 0.3196 | Val 0.2400 | Test 0.0259
Validation loss decreased (0.240046 --> 0.240046).  Saving model ...
  Ep 6: Train 0.3102 | Val 0.2271 | Test 0.0233
Validation loss decreased (0.227147 --> 0.227147).  Saving model ...
  Ep 7: Train 0.2993 | Val 0.2523 | Test 0.0291
EarlyStopping counter: 1 out of 5
  Ep 8: Train 0.2950 | Val 0.2493 | Test 0.0280
EarlyStopping counter: 2 out of 5
  Ep 9: Train 0.2937 | Val 0.2394 | Test 0.0259
EarlyStopping counter: 3 out of 5
  Ep 10: Train 0.2888 | Val 0.2238 | Test 0.0264
Validation loss decreased (0.223790 --> 0.223790).  Saving model ...
  Ep 11: Train 0.2860 | Val 0.2394 | Test 0.0248
EarlyStopping counter: 1 out of 5
  Ep 12: Train 0.2866 | Val 0.2108 | Test 0.0245
Validation loss decreased (0.210753 --> 0.210753).  Saving model ...
  Ep 13: Train 0.2781 | Val 0.2320 | Test 0.0261
EarlyStopping counter: 1 out of 5
  Ep 14: Train 0.2785 | Val 0.2140 | Test 0.0220
EarlyStopping counter: 2 out of 5
  Ep 15: Train 0.2759 | Val 0.2147 | Test 0.0219
EarlyStopping counter: 3 out of 5
  Ep 16: Train 0.2705 | Val 0.2125 | Test 0.0220
EarlyStopping counter: 4 out of 5
  Ep 17: Train 0.2732 | Val 0.2451 | Test 0.0272
EarlyStopping counter: 5 out of 5
Early stopping triggered!
/home/sangukchoi/Stroke_SDA/sda_training.py:615: FutureWarning: You are using `torch.load` with `weights_only=False` (the current default value), which uses the default pickle module implicitly. It is possible to construct malicious pickle data which will execute arbitrary code during unpickling (See https://github.com/pytorch/pytorch/blob/main/SECURITY.md#untrusted-models for more details). In a future release, the default value for `weights_only` will be flipped to `True`. This limits the functions that could be executed during unpickling. Arbitrary objects will no longer be allowed to be loaded via this mode unless they are explicitly allowlisted by the user via `torch.serialization.add_safe_globals`. We recommend you start setting `weights_only=True` for any use case where you don't have full control of the loaded file. Please open an issue on GitHub for any issues related to this experimental feature.
  model.load_state_dict(torch.load(os.path.join(out_dir, 'best_model.pth')))
Final Test MSE (Best Model): 0.0245
Finished. Status: Success
