Starting Run on GPU 1
Time: 2025-12-24 14:16:51

[Run Start] Subject S003 | Mode ['SDA'] | Params: L2.5_LS1.0_LR0.0001_E64_D32_Dr0.3

[Fold 1 - SDA] Train: ['S003_T003', 'S003_T006'], Test: S003_T002, Norm: fixed
/home/sangukchoi/.conda/envs/torch_gpu/lib/python3.10/site-packages/torch/nn/modules/rnn.py:123: UserWarning: dropout option adds dropout after all but last recurrent layer, so non-zero dropout expects num_layers greater than 1, but got dropout=0.3 and num_layers=1
  warnings.warn(
  Ep 1: Train 0.9143 | Val 0.5119 | Test 0.0536
Validation loss decreased (0.511895 --> 0.511895).  Saving model ...
  Ep 2: Train 0.4573 | Val 0.3175 | Test 0.0275
Validation loss decreased (0.317516 --> 0.317516).  Saving model ...
  Ep 3: Train 0.3937 | Val 0.2960 | Test 0.0276
Validation loss decreased (0.295993 --> 0.295993).  Saving model ...
  Ep 4: Train 0.3724 | Val 0.2765 | Test 0.0242
Validation loss decreased (0.276491 --> 0.276491).  Saving model ...
  Ep 5: Train 0.3683 | Val 0.2837 | Test 0.0287
EarlyStopping counter: 1 out of 5
  Ep 6: Train 0.3554 | Val 0.2880 | Test 0.0371
EarlyStopping counter: 2 out of 5
  Ep 7: Train 0.3523 | Val 0.2597 | Test 0.0270
Validation loss decreased (0.259735 --> 0.259735).  Saving model ...
  Ep 8: Train 0.3450 | Val 0.2529 | Test 0.0238
Validation loss decreased (0.252859 --> 0.252859).  Saving model ...
  Ep 9: Train 0.3390 | Val 0.2536 | Test 0.0233
EarlyStopping counter: 1 out of 5
  Ep 10: Train 0.3341 | Val 0.2398 | Test 0.0236
Validation loss decreased (0.239809 --> 0.239809).  Saving model ...
  Ep 11: Train 0.3280 | Val 0.2561 | Test 0.0252
EarlyStopping counter: 1 out of 5
  Ep 12: Train 0.3236 | Val 0.2544 | Test 0.0268
EarlyStopping counter: 2 out of 5
  Ep 13: Train 0.3198 | Val 0.2523 | Test 0.0228
EarlyStopping counter: 3 out of 5
  Ep 14: Train 0.3200 | Val 0.2360 | Test 0.0226
Validation loss decreased (0.236000 --> 0.236000).  Saving model ...
  Ep 15: Train 0.3110 | Val 0.2401 | Test 0.0226
EarlyStopping counter: 1 out of 5
  Ep 16: Train 0.3120 | Val 0.2274 | Test 0.0243
Validation loss decreased (0.227424 --> 0.227424).  Saving model ...
  Ep 17: Train 0.3099 | Val 0.2143 | Test 0.0225
Validation loss decreased (0.214340 --> 0.214340).  Saving model ...
  Ep 18: Train 0.3100 | Val 0.2501 | Test 0.0233
EarlyStopping counter: 1 out of 5
  Ep 19: Train 0.3052 | Val 0.2264 | Test 0.0229
EarlyStopping counter: 2 out of 5
  Ep 20: Train 0.2996 | Val 0.2171 | Test 0.0199
EarlyStopping counter: 3 out of 5
  Ep 21: Train 0.2973 | Val 0.2269 | Test 0.0216
EarlyStopping counter: 4 out of 5
  Ep 22: Train 0.2940 | Val 0.2250 | Test 0.0211
EarlyStopping counter: 5 out of 5
Early stopping triggered!
/home/sangukchoi/Stroke_SDA/sda_training.py:615: FutureWarning: You are using `torch.load` with `weights_only=False` (the current default value), which uses the default pickle module implicitly. It is possible to construct malicious pickle data which will execute arbitrary code during unpickling (See https://github.com/pytorch/pytorch/blob/main/SECURITY.md#untrusted-models for more details). In a future release, the default value for `weights_only` will be flipped to `True`. This limits the functions that could be executed during unpickling. Arbitrary objects will no longer be allowed to be loaded via this mode unless they are explicitly allowlisted by the user via `torch.serialization.add_safe_globals`. We recommend you start setting `weights_only=True` for any use case where you don't have full control of the loaded file. Please open an issue on GitHub for any issues related to this experimental feature.
  model.load_state_dict(torch.load(os.path.join(out_dir, 'best_model.pth')))
Final Test MSE (Best Model): 0.0225
Finished. Status: Success
