Starting Run on GPU 3
Time: 2025-12-24 12:14:42

[Run Start] Subject S003 | Mode ['SDA'] | Params: L1.0_LS1.0_LR0.0001_E128_D32_Dr0.3

[Fold 1 - SDA] Train: ['S003_T003', 'S003_T006'], Test: S003_T002, Norm: fixed
/home/sangukchoi/.conda/envs/torch_gpu/lib/python3.10/site-packages/torch/nn/modules/rnn.py:123: UserWarning: dropout option adds dropout after all but last recurrent layer, so non-zero dropout expects num_layers greater than 1, but got dropout=0.3 and num_layers=1
  warnings.warn(
  Ep 1: Train 0.3968 | Val 0.2332 | Test 0.0230
Validation loss decreased (0.233229 --> 0.233229).  Saving model ...
  Ep 2: Train 0.2127 | Val 0.1594 | Test 0.0234
Validation loss decreased (0.159378 --> 0.159378).  Saving model ...
  Ep 3: Train 0.1838 | Val 0.1357 | Test 0.0216
Validation loss decreased (0.135664 --> 0.135664).  Saving model ...
  Ep 4: Train 0.1708 | Val 0.1338 | Test 0.0232
Validation loss decreased (0.133848 --> 0.133848).  Saving model ...
  Ep 5: Train 0.1622 | Val 0.1320 | Test 0.0252
Validation loss decreased (0.132030 --> 0.132030).  Saving model ...
  Ep 6: Train 0.1569 | Val 0.1250 | Test 0.0247
Validation loss decreased (0.124995 --> 0.124995).  Saving model ...
  Ep 7: Train 0.1529 | Val 0.1199 | Test 0.0271
Validation loss decreased (0.119859 --> 0.119859).  Saving model ...
  Ep 8: Train 0.1499 | Val 0.1159 | Test 0.0240
Validation loss decreased (0.115866 --> 0.115866).  Saving model ...
  Ep 9: Train 0.1474 | Val 0.1142 | Test 0.0265
Validation loss decreased (0.114215 --> 0.114215).  Saving model ...
  Ep 10: Train 0.1471 | Val 0.1221 | Test 0.0335
EarlyStopping counter: 1 out of 5
  Ep 11: Train 0.1487 | Val 0.1146 | Test 0.0278
EarlyStopping counter: 2 out of 5
  Ep 12: Train 0.1452 | Val 0.1162 | Test 0.0302
EarlyStopping counter: 3 out of 5
  Ep 13: Train 0.1428 | Val 0.1086 | Test 0.0305
Validation loss decreased (0.108650 --> 0.108650).  Saving model ...
  Ep 14: Train 0.1412 | Val 0.1129 | Test 0.0336
EarlyStopping counter: 1 out of 5
  Ep 15: Train 0.1414 | Val 0.1038 | Test 0.0287
Validation loss decreased (0.103763 --> 0.103763).  Saving model ...
  Ep 16: Train 0.1385 | Val 0.1032 | Test 0.0293
Validation loss decreased (0.103158 --> 0.103158).  Saving model ...
  Ep 17: Train 0.1376 | Val 0.1090 | Test 0.0370
EarlyStopping counter: 1 out of 5
  Ep 18: Train 0.1369 | Val 0.1067 | Test 0.0345
EarlyStopping counter: 2 out of 5
  Ep 19: Train 0.1330 | Val 0.1063 | Test 0.0332
EarlyStopping counter: 3 out of 5
  Ep 20: Train 0.1340 | Val 0.1008 | Test 0.0308
Validation loss decreased (0.100792 --> 0.100792).  Saving model ...
  Ep 21: Train 0.1317 | Val 0.1108 | Test 0.0349
EarlyStopping counter: 1 out of 5
  Ep 22: Train 0.1374 | Val 0.0973 | Test 0.0330
Validation loss decreased (0.097334 --> 0.097334).  Saving model ...
  Ep 23: Train 0.1313 | Val 0.1039 | Test 0.0344
EarlyStopping counter: 1 out of 5
  Ep 24: Train 0.1311 | Val 0.1071 | Test 0.0348
EarlyStopping counter: 2 out of 5
  Ep 25: Train 0.1327 | Val 0.1081 | Test 0.0360
EarlyStopping counter: 3 out of 5
  Ep 26: Train 0.1288 | Val 0.1012 | Test 0.0351
EarlyStopping counter: 4 out of 5
  Ep 27: Train 0.1308 | Val 0.0999 | Test 0.0323
EarlyStopping counter: 5 out of 5
Early stopping triggered!
/home/sangukchoi/Stroke_SDA/sda_training.py:615: FutureWarning: You are using `torch.load` with `weights_only=False` (the current default value), which uses the default pickle module implicitly. It is possible to construct malicious pickle data which will execute arbitrary code during unpickling (See https://github.com/pytorch/pytorch/blob/main/SECURITY.md#untrusted-models for more details). In a future release, the default value for `weights_only` will be flipped to `True`. This limits the functions that could be executed during unpickling. Arbitrary objects will no longer be allowed to be loaded via this mode unless they are explicitly allowlisted by the user via `torch.serialization.add_safe_globals`. We recommend you start setting `weights_only=True` for any use case where you don't have full control of the loaded file. Please open an issue on GitHub for any issues related to this experimental feature.
  model.load_state_dict(torch.load(os.path.join(out_dir, 'best_model.pth')))
Final Test MSE (Best Model): 0.0330
Finished. Status: Success
