Starting Run on GPU 3
Time: 2025-12-24 11:44:47

[Run Start] Subject S003 | Mode ['SDA'] | Params: L0.5_LS1.0_LR0.0001_E256_D64_Dr0.3

[Fold 1 - SDA] Train: ['S003_T003', 'S003_T006'], Test: S003_T002, Norm: fixed
/home/sangukchoi/.conda/envs/torch_gpu/lib/python3.10/site-packages/torch/nn/modules/rnn.py:123: UserWarning: dropout option adds dropout after all but last recurrent layer, so non-zero dropout expects num_layers greater than 1, but got dropout=0.3 and num_layers=1
  warnings.warn(
  Ep 1: Train 0.2314 | Val 0.1284 | Test 0.0185
Validation loss decreased (0.128392 --> 0.128392).  Saving model ...
  Ep 2: Train 0.1276 | Val 0.1028 | Test 0.0190
Validation loss decreased (0.102776 --> 0.102776).  Saving model ...
  Ep 3: Train 0.1131 | Val 0.0918 | Test 0.0230
Validation loss decreased (0.091825 --> 0.091825).  Saving model ...
  Ep 4: Train 0.1069 | Val 0.0910 | Test 0.0246
Validation loss decreased (0.091029 --> 0.091029).  Saving model ...
  Ep 5: Train 0.1010 | Val 0.0786 | Test 0.0249
Validation loss decreased (0.078625 --> 0.078625).  Saving model ...
  Ep 6: Train 0.0967 | Val 0.0738 | Test 0.0253
Validation loss decreased (0.073781 --> 0.073781).  Saving model ...
  Ep 7: Train 0.0943 | Val 0.0698 | Test 0.0256
Validation loss decreased (0.069753 --> 0.069753).  Saving model ...
  Ep 8: Train 0.0926 | Val 0.0719 | Test 0.0325
EarlyStopping counter: 1 out of 5
  Ep 9: Train 0.0910 | Val 0.0688 | Test 0.0322
Validation loss decreased (0.068839 --> 0.068839).  Saving model ...
  Ep 10: Train 0.0884 | Val 0.0650 | Test 0.0347
Validation loss decreased (0.064993 --> 0.064993).  Saving model ...
  Ep 11: Train 0.0884 | Val 0.0653 | Test 0.0324
EarlyStopping counter: 1 out of 5
  Ep 12: Train 0.0859 | Val 0.0650 | Test 0.0393
EarlyStopping counter: 2 out of 5
  Ep 13: Train 0.0838 | Val 0.0650 | Test 0.0370
EarlyStopping counter: 3 out of 5
  Ep 14: Train 0.0827 | Val 0.0641 | Test 0.0368
Validation loss decreased (0.064052 --> 0.064052).  Saving model ...
  Ep 15: Train 0.0815 | Val 0.0605 | Test 0.0368
Validation loss decreased (0.060500 --> 0.060500).  Saving model ...
  Ep 16: Train 0.0810 | Val 0.0681 | Test 0.0382
EarlyStopping counter: 1 out of 5
  Ep 17: Train 0.0782 | Val 0.0680 | Test 0.0435
EarlyStopping counter: 2 out of 5
  Ep 18: Train 0.0778 | Val 0.0629 | Test 0.0400
EarlyStopping counter: 3 out of 5
  Ep 19: Train 0.0771 | Val 0.0662 | Test 0.0398
EarlyStopping counter: 4 out of 5
  Ep 20: Train 0.0768 | Val 0.0637 | Test 0.0424
EarlyStopping counter: 5 out of 5
Early stopping triggered!
/home/sangukchoi/Stroke_SDA/sda_training.py:615: FutureWarning: You are using `torch.load` with `weights_only=False` (the current default value), which uses the default pickle module implicitly. It is possible to construct malicious pickle data which will execute arbitrary code during unpickling (See https://github.com/pytorch/pytorch/blob/main/SECURITY.md#untrusted-models for more details). In a future release, the default value for `weights_only` will be flipped to `True`. This limits the functions that could be executed during unpickling. Arbitrary objects will no longer be allowed to be loaded via this mode unless they are explicitly allowlisted by the user via `torch.serialization.add_safe_globals`. We recommend you start setting `weights_only=True` for any use case where you don't have full control of the loaded file. Please open an issue on GitHub for any issues related to this experimental feature.
  model.load_state_dict(torch.load(os.path.join(out_dir, 'best_model.pth')))
Final Test MSE (Best Model): 0.0368
Finished. Status: Success
