Starting Run on GPU 1
Time: 2025-12-24 11:20:26

[Run Start] Subject S003 | Mode ['SDA'] | Params: L0.5_LS0.7_LR0.0001_E128_D128_Dr0.3

[Fold 1 - SDA] Train: ['S003_T003', 'S003_T006'], Test: S003_T002, Norm: fixed
/home/sangukchoi/.conda/envs/torch_gpu/lib/python3.10/site-packages/torch/nn/modules/rnn.py:123: UserWarning: dropout option adds dropout after all but last recurrent layer, so non-zero dropout expects num_layers greater than 1, but got dropout=0.3 and num_layers=1
  warnings.warn(
  Ep 1: Train 0.2462 | Val 0.1316 | Test 0.0184
Validation loss decreased (0.131573 --> 0.131573).  Saving model ...
  Ep 2: Train 0.1290 | Val 0.0987 | Test 0.0188
Validation loss decreased (0.098696 --> 0.098696).  Saving model ...
  Ep 3: Train 0.1140 | Val 0.0906 | Test 0.0207
Validation loss decreased (0.090607 --> 0.090607).  Saving model ...
  Ep 4: Train 0.1051 | Val 0.0840 | Test 0.0253
Validation loss decreased (0.084034 --> 0.084034).  Saving model ...
  Ep 5: Train 0.1008 | Val 0.0829 | Test 0.0239
Validation loss decreased (0.082921 --> 0.082921).  Saving model ...
  Ep 6: Train 0.0953 | Val 0.0783 | Test 0.0268
Validation loss decreased (0.078285 --> 0.078285).  Saving model ...
  Ep 7: Train 0.0924 | Val 0.0755 | Test 0.0254
Validation loss decreased (0.075492 --> 0.075492).  Saving model ...
  Ep 8: Train 0.0898 | Val 0.0798 | Test 0.0275
EarlyStopping counter: 1 out of 5
  Ep 9: Train 0.0887 | Val 0.0726 | Test 0.0268
Validation loss decreased (0.072628 --> 0.072628).  Saving model ...
  Ep 10: Train 0.0876 | Val 0.0735 | Test 0.0279
EarlyStopping counter: 1 out of 5
  Ep 11: Train 0.0854 | Val 0.0695 | Test 0.0278
Validation loss decreased (0.069528 --> 0.069528).  Saving model ...
  Ep 12: Train 0.0834 | Val 0.0708 | Test 0.0338
EarlyStopping counter: 1 out of 5
  Ep 13: Train 0.0809 | Val 0.0645 | Test 0.0311
Validation loss decreased (0.064520 --> 0.064520).  Saving model ...
  Ep 14: Train 0.0817 | Val 0.0654 | Test 0.0327
EarlyStopping counter: 1 out of 5
  Ep 15: Train 0.0800 | Val 0.0610 | Test 0.0314
Validation loss decreased (0.061040 --> 0.061040).  Saving model ...
  Ep 16: Train 0.0782 | Val 0.0650 | Test 0.0312
EarlyStopping counter: 1 out of 5
  Ep 17: Train 0.0775 | Val 0.0631 | Test 0.0314
EarlyStopping counter: 2 out of 5
  Ep 18: Train 0.0772 | Val 0.0623 | Test 0.0378
EarlyStopping counter: 3 out of 5
  Ep 19: Train 0.0753 | Val 0.0610 | Test 0.0345
EarlyStopping counter: 4 out of 5
  Ep 20: Train 0.0743 | Val 0.0603 | Test 0.0328
Validation loss decreased (0.060283 --> 0.060283).  Saving model ...
  Ep 21: Train 0.0748 | Val 0.0578 | Test 0.0339
Validation loss decreased (0.057783 --> 0.057783).  Saving model ...
  Ep 22: Train 0.0753 | Val 0.0597 | Test 0.0363
EarlyStopping counter: 1 out of 5
  Ep 23: Train 0.0744 | Val 0.0616 | Test 0.0312
EarlyStopping counter: 2 out of 5
  Ep 24: Train 0.0739 | Val 0.0583 | Test 0.0333
EarlyStopping counter: 3 out of 5
  Ep 25: Train 0.0728 | Val 0.0603 | Test 0.0327
EarlyStopping counter: 4 out of 5
  Ep 26: Train 0.0722 | Val 0.0589 | Test 0.0361
EarlyStopping counter: 5 out of 5
Early stopping triggered!
/home/sangukchoi/Stroke_SDA/sda_training.py:615: FutureWarning: You are using `torch.load` with `weights_only=False` (the current default value), which uses the default pickle module implicitly. It is possible to construct malicious pickle data which will execute arbitrary code during unpickling (See https://github.com/pytorch/pytorch/blob/main/SECURITY.md#untrusted-models for more details). In a future release, the default value for `weights_only` will be flipped to `True`. This limits the functions that could be executed during unpickling. Arbitrary objects will no longer be allowed to be loaded via this mode unless they are explicitly allowlisted by the user via `torch.serialization.add_safe_globals`. We recommend you start setting `weights_only=True` for any use case where you don't have full control of the loaded file. Please open an issue on GitHub for any issues related to this experimental feature.
  model.load_state_dict(torch.load(os.path.join(out_dir, 'best_model.pth')))
Final Test MSE (Best Model): 0.0339
Finished. Status: Success
