Starting Run on GPU 2
Time: 2025-12-24 15:07:27

[Run Start] Subject S003 | Mode ['SDA'] | Params: L3.0_LS0.7_LR0.0001_E256_D32_Dr0.3

[Fold 1 - SDA] Train: ['S003_T003', 'S003_T006'], Test: S003_T002, Norm: fixed
/home/sangukchoi/.conda/envs/torch_gpu/lib/python3.10/site-packages/torch/nn/modules/rnn.py:123: UserWarning: dropout option adds dropout after all but last recurrent layer, so non-zero dropout expects num_layers greater than 1, but got dropout=0.3 and num_layers=1
  warnings.warn(
  Ep 1: Train 0.6295 | Val 0.3786 | Test 0.0353
Validation loss decreased (0.378632 --> 0.378632).  Saving model ...
  Ep 2: Train 0.4113 | Val 0.2996 | Test 0.0317
Validation loss decreased (0.299587 --> 0.299587).  Saving model ...
  Ep 3: Train 0.3910 | Val 0.3212 | Test 0.0412
EarlyStopping counter: 1 out of 5
  Ep 4: Train 0.3802 | Val 0.3037 | Test 0.0302
EarlyStopping counter: 2 out of 5
  Ep 5: Train 0.3667 | Val 0.2797 | Test 0.0270
Validation loss decreased (0.279715 --> 0.279715).  Saving model ...
  Ep 6: Train 0.3522 | Val 0.2926 | Test 0.0315
EarlyStopping counter: 1 out of 5
  Ep 7: Train 0.3408 | Val 0.2687 | Test 0.0310
Validation loss decreased (0.268678 --> 0.268678).  Saving model ...
  Ep 8: Train 0.3451 | Val 0.2773 | Test 0.0306
EarlyStopping counter: 1 out of 5
  Ep 9: Train 0.3363 | Val 0.2731 | Test 0.0289
EarlyStopping counter: 2 out of 5
  Ep 10: Train 0.3353 | Val 0.2519 | Test 0.0252
Validation loss decreased (0.251921 --> 0.251921).  Saving model ...
  Ep 11: Train 0.3254 | Val 0.2644 | Test 0.0284
EarlyStopping counter: 1 out of 5
  Ep 12: Train 0.3362 | Val 0.2553 | Test 0.0275
EarlyStopping counter: 2 out of 5
  Ep 13: Train 0.3293 | Val 0.2442 | Test 0.0261
Validation loss decreased (0.244209 --> 0.244209).  Saving model ...
  Ep 14: Train 0.3290 | Val 0.2547 | Test 0.0267
EarlyStopping counter: 1 out of 5
  Ep 15: Train 0.3121 | Val 0.2321 | Test 0.0231
Validation loss decreased (0.232146 --> 0.232146).  Saving model ...
  Ep 16: Train 0.3160 | Val 0.2435 | Test 0.0251
EarlyStopping counter: 1 out of 5
  Ep 17: Train 0.3100 | Val 0.2517 | Test 0.0240
EarlyStopping counter: 2 out of 5
  Ep 18: Train 0.3149 | Val 0.2409 | Test 0.0256
EarlyStopping counter: 3 out of 5
  Ep 19: Train 0.3094 | Val 0.2652 | Test 0.0271
EarlyStopping counter: 4 out of 5
  Ep 20: Train 0.3091 | Val 0.2411 | Test 0.0276
EarlyStopping counter: 5 out of 5
Early stopping triggered!
/home/sangukchoi/Stroke_SDA/sda_training.py:615: FutureWarning: You are using `torch.load` with `weights_only=False` (the current default value), which uses the default pickle module implicitly. It is possible to construct malicious pickle data which will execute arbitrary code during unpickling (See https://github.com/pytorch/pytorch/blob/main/SECURITY.md#untrusted-models for more details). In a future release, the default value for `weights_only` will be flipped to `True`. This limits the functions that could be executed during unpickling. Arbitrary objects will no longer be allowed to be loaded via this mode unless they are explicitly allowlisted by the user via `torch.serialization.add_safe_globals`. We recommend you start setting `weights_only=True` for any use case where you don't have full control of the loaded file. Please open an issue on GitHub for any issues related to this experimental feature.
  model.load_state_dict(torch.load(os.path.join(out_dir, 'best_model.pth')))
Final Test MSE (Best Model): 0.0231
Finished. Status: Success
