Starting Run on GPU 2
Time: 2025-12-24 15:19:30

[Run Start] Subject S003 | Mode ['SDA'] | Params: L3.0_LS1.0_LR0.0001_E128_D128_Dr0.3

[Fold 1 - SDA] Train: ['S003_T003', 'S003_T006'], Test: S003_T002, Norm: fixed
/home/sangukchoi/.conda/envs/torch_gpu/lib/python3.10/site-packages/torch/nn/modules/rnn.py:123: UserWarning: dropout option adds dropout after all but last recurrent layer, so non-zero dropout expects num_layers greater than 1, but got dropout=0.3 and num_layers=1
  warnings.warn(
  Ep 1: Train 0.7807 | Val 0.5551 | Test 0.0344
Validation loss decreased (0.555145 --> 0.555145).  Saving model ...
  Ep 2: Train 0.4561 | Val 0.3552 | Test 0.0293
Validation loss decreased (0.355214 --> 0.355214).  Saving model ...
  Ep 3: Train 0.4218 | Val 0.3191 | Test 0.0250
Validation loss decreased (0.319061 --> 0.319061).  Saving model ...
  Ep 4: Train 0.4072 | Val 0.3304 | Test 0.0282
EarlyStopping counter: 1 out of 5
  Ep 5: Train 0.3952 | Val 0.2891 | Test 0.0294
Validation loss decreased (0.289137 --> 0.289137).  Saving model ...
  Ep 6: Train 0.3915 | Val 0.2938 | Test 0.0258
EarlyStopping counter: 1 out of 5
  Ep 7: Train 0.3702 | Val 0.3128 | Test 0.0328
EarlyStopping counter: 2 out of 5
  Ep 8: Train 0.3652 | Val 0.2716 | Test 0.0252
Validation loss decreased (0.271577 --> 0.271577).  Saving model ...
  Ep 9: Train 0.3609 | Val 0.2928 | Test 0.0308
EarlyStopping counter: 1 out of 5
  Ep 10: Train 0.3608 | Val 0.2709 | Test 0.0260
Validation loss decreased (0.270948 --> 0.270948).  Saving model ...
  Ep 11: Train 0.3569 | Val 0.2794 | Test 0.0247
EarlyStopping counter: 1 out of 5
  Ep 12: Train 0.3456 | Val 0.2718 | Test 0.0277
EarlyStopping counter: 2 out of 5
  Ep 13: Train 0.3365 | Val 0.2751 | Test 0.0236
EarlyStopping counter: 3 out of 5
  Ep 14: Train 0.3394 | Val 0.2803 | Test 0.0234
EarlyStopping counter: 4 out of 5
  Ep 15: Train 0.3290 | Val 0.2534 | Test 0.0247
Validation loss decreased (0.253436 --> 0.253436).  Saving model ...
  Ep 16: Train 0.3363 | Val 0.2598 | Test 0.0222
EarlyStopping counter: 1 out of 5
  Ep 17: Train 0.3224 | Val 0.2747 | Test 0.0235
EarlyStopping counter: 2 out of 5
  Ep 18: Train 0.3176 | Val 0.2849 | Test 0.0338
EarlyStopping counter: 3 out of 5
  Ep 19: Train 0.3252 | Val 0.2378 | Test 0.0238
Validation loss decreased (0.237840 --> 0.237840).  Saving model ...
  Ep 20: Train 0.3198 | Val 0.2488 | Test 0.0228
EarlyStopping counter: 1 out of 5
  Ep 21: Train 0.3135 | Val 0.2558 | Test 0.0245
EarlyStopping counter: 2 out of 5
  Ep 22: Train 0.3216 | Val 0.2672 | Test 0.0263
EarlyStopping counter: 3 out of 5
  Ep 23: Train 0.3123 | Val 0.2475 | Test 0.0223
EarlyStopping counter: 4 out of 5
  Ep 24: Train 0.3075 | Val 0.2320 | Test 0.0237
Validation loss decreased (0.231991 --> 0.231991).  Saving model ...
  Ep 25: Train 0.3194 | Val 0.2706 | Test 0.0233
EarlyStopping counter: 1 out of 5
  Ep 26: Train 0.3099 | Val 0.2407 | Test 0.0230
EarlyStopping counter: 2 out of 5
  Ep 27: Train 0.3127 | Val 0.2569 | Test 0.0226
EarlyStopping counter: 3 out of 5
  Ep 28: Train 0.3072 | Val 0.2531 | Test 0.0243
EarlyStopping counter: 4 out of 5
  Ep 29: Train 0.3030 | Val 0.2135 | Test 0.0249
Validation loss decreased (0.213459 --> 0.213459).  Saving model ...
  Ep 30: Train 0.3126 | Val 0.2548 | Test 0.0248
EarlyStopping counter: 1 out of 5
  Ep 31: Train 0.3032 | Val 0.2012 | Test 0.0229
Validation loss decreased (0.201162 --> 0.201162).  Saving model ...
  Ep 32: Train 0.2995 | Val 0.2565 | Test 0.0256
EarlyStopping counter: 1 out of 5
  Ep 33: Train 0.2972 | Val 0.2493 | Test 0.0212
EarlyStopping counter: 2 out of 5
  Ep 34: Train 0.3022 | Val 0.1942 | Test 0.0215
Validation loss decreased (0.194172 --> 0.194172).  Saving model ...
  Ep 35: Train 0.3079 | Val 0.2357 | Test 0.0249
EarlyStopping counter: 1 out of 5
  Ep 36: Train 0.2943 | Val 0.2607 | Test 0.0226
EarlyStopping counter: 2 out of 5
  Ep 37: Train 0.2890 | Val 0.2745 | Test 0.0263
EarlyStopping counter: 3 out of 5
  Ep 38: Train 0.2956 | Val 0.1605 | Test 0.0244
Validation loss decreased (0.160547 --> 0.160547).  Saving model ...
  Ep 39: Train 0.2876 | Val 0.2109 | Test 0.0280
EarlyStopping counter: 1 out of 5
  Ep 40: Train 0.2874 | Val 0.2509 | Test 0.0250
EarlyStopping counter: 2 out of 5
  Ep 41: Train 0.2941 | Val 0.2764 | Test 0.0303
EarlyStopping counter: 3 out of 5
  Ep 42: Train 0.2970 | Val 0.2836 | Test 0.0352
EarlyStopping counter: 4 out of 5
  Ep 43: Train 0.2883 | Val 0.1856 | Test 0.0249
EarlyStopping counter: 5 out of 5
Early stopping triggered!
/home/sangukchoi/Stroke_SDA/sda_training.py:615: FutureWarning: You are using `torch.load` with `weights_only=False` (the current default value), which uses the default pickle module implicitly. It is possible to construct malicious pickle data which will execute arbitrary code during unpickling (See https://github.com/pytorch/pytorch/blob/main/SECURITY.md#untrusted-models for more details). In a future release, the default value for `weights_only` will be flipped to `True`. This limits the functions that could be executed during unpickling. Arbitrary objects will no longer be allowed to be loaded via this mode unless they are explicitly allowlisted by the user via `torch.serialization.add_safe_globals`. We recommend you start setting `weights_only=True` for any use case where you don't have full control of the loaded file. Please open an issue on GitHub for any issues related to this experimental feature.
  model.load_state_dict(torch.load(os.path.join(out_dir, 'best_model.pth')))
Final Test MSE (Best Model): 0.0244
Finished. Status: Success
