Starting Run on GPU 3
Time: 2025-12-24 13:32:31

[Run Start] Subject S003 | Mode ['SDA'] | Params: L2.0_LS1.0_LR0.0001_E256_D32_Dr0.3

[Fold 1 - SDA] Train: ['S003_T003', 'S003_T006'], Test: S003_T002, Norm: fixed
/home/sangukchoi/.conda/envs/torch_gpu/lib/python3.10/site-packages/torch/nn/modules/rnn.py:123: UserWarning: dropout option adds dropout after all but last recurrent layer, so non-zero dropout expects num_layers greater than 1, but got dropout=0.3 and num_layers=1
  warnings.warn(
  Ep 1: Train 0.4674 | Val 0.3088 | Test 0.0250
Validation loss decreased (0.308842 --> 0.308842).  Saving model ...
  Ep 2: Train 0.3063 | Val 0.2454 | Test 0.0313
Validation loss decreased (0.245386 --> 0.245386).  Saving model ...
  Ep 3: Train 0.2848 | Val 0.2117 | Test 0.0270
Validation loss decreased (0.211681 --> 0.211681).  Saving model ...
  Ep 4: Train 0.2615 | Val 0.2118 | Test 0.0261
EarlyStopping counter: 1 out of 5
  Ep 5: Train 0.2520 | Val 0.1995 | Test 0.0222
Validation loss decreased (0.199492 --> 0.199492).  Saving model ...
  Ep 6: Train 0.2486 | Val 0.2020 | Test 0.0268
EarlyStopping counter: 1 out of 5
  Ep 7: Train 0.2497 | Val 0.1874 | Test 0.0213
Validation loss decreased (0.187377 --> 0.187377).  Saving model ...
  Ep 8: Train 0.2445 | Val 0.1900 | Test 0.0217
EarlyStopping counter: 1 out of 5
  Ep 9: Train 0.2339 | Val 0.1928 | Test 0.0220
EarlyStopping counter: 2 out of 5
  Ep 10: Train 0.2325 | Val 0.1866 | Test 0.0225
Validation loss decreased (0.186598 --> 0.186598).  Saving model ...
  Ep 11: Train 0.2396 | Val 0.1686 | Test 0.0189
Validation loss decreased (0.168577 --> 0.168577).  Saving model ...
  Ep 12: Train 0.2340 | Val 0.1805 | Test 0.0205
EarlyStopping counter: 1 out of 5
  Ep 13: Train 0.2328 | Val 0.1717 | Test 0.0218
EarlyStopping counter: 2 out of 5
  Ep 14: Train 0.2288 | Val 0.1705 | Test 0.0215
EarlyStopping counter: 3 out of 5
  Ep 15: Train 0.2218 | Val 0.1875 | Test 0.0264
EarlyStopping counter: 4 out of 5
  Ep 16: Train 0.2277 | Val 0.1976 | Test 0.0248
EarlyStopping counter: 5 out of 5
Early stopping triggered!
/home/sangukchoi/Stroke_SDA/sda_training.py:615: FutureWarning: You are using `torch.load` with `weights_only=False` (the current default value), which uses the default pickle module implicitly. It is possible to construct malicious pickle data which will execute arbitrary code during unpickling (See https://github.com/pytorch/pytorch/blob/main/SECURITY.md#untrusted-models for more details). In a future release, the default value for `weights_only` will be flipped to `True`. This limits the functions that could be executed during unpickling. Arbitrary objects will no longer be allowed to be loaded via this mode unless they are explicitly allowlisted by the user via `torch.serialization.add_safe_globals`. We recommend you start setting `weights_only=True` for any use case where you don't have full control of the loaded file. Please open an issue on GitHub for any issues related to this experimental feature.
  model.load_state_dict(torch.load(os.path.join(out_dir, 'best_model.pth')))
Final Test MSE (Best Model): 0.0189
Finished. Status: Success
