Starting Run on GPU 0
Time: 2025-12-24 13:25:18

[Run Start] Subject S003 | Mode ['SDA'] | Params: L2.0_LS1.0_LR0.0001_E128_D32_Dr0.3

[Fold 1 - SDA] Train: ['S003_T003', 'S003_T006'], Test: S003_T002, Norm: fixed
/home/sangukchoi/.conda/envs/torch_gpu/lib/python3.10/site-packages/torch/nn/modules/rnn.py:123: UserWarning: dropout option adds dropout after all but last recurrent layer, so non-zero dropout expects num_layers greater than 1, but got dropout=0.3 and num_layers=1
  warnings.warn(
  Ep 1: Train 0.5911 | Val 0.3243 | Test 0.0229
Validation loss decreased (0.324308 --> 0.324308).  Saving model ...
  Ep 2: Train 0.3272 | Val 0.2469 | Test 0.0294
Validation loss decreased (0.246885 --> 0.246885).  Saving model ...
  Ep 3: Train 0.2921 | Val 0.2353 | Test 0.0291
Validation loss decreased (0.235332 --> 0.235332).  Saving model ...
  Ep 4: Train 0.2761 | Val 0.2143 | Test 0.0278
Validation loss decreased (0.214314 --> 0.214314).  Saving model ...
  Ep 5: Train 0.2755 | Val 0.2176 | Test 0.0265
EarlyStopping counter: 1 out of 5
  Ep 6: Train 0.2604 | Val 0.1986 | Test 0.0239
Validation loss decreased (0.198559 --> 0.198559).  Saving model ...
  Ep 7: Train 0.2572 | Val 0.2080 | Test 0.0257
EarlyStopping counter: 1 out of 5
  Ep 8: Train 0.2550 | Val 0.1944 | Test 0.0232
Validation loss decreased (0.194430 --> 0.194430).  Saving model ...
  Ep 9: Train 0.2504 | Val 0.2045 | Test 0.0243
EarlyStopping counter: 1 out of 5
  Ep 10: Train 0.2452 | Val 0.2015 | Test 0.0252
EarlyStopping counter: 2 out of 5
  Ep 11: Train 0.2453 | Val 0.1980 | Test 0.0248
EarlyStopping counter: 3 out of 5
  Ep 12: Train 0.2359 | Val 0.1946 | Test 0.0219
EarlyStopping counter: 4 out of 5
  Ep 13: Train 0.2362 | Val 0.1920 | Test 0.0219
Validation loss decreased (0.191986 --> 0.191986).  Saving model ...
  Ep 14: Train 0.2380 | Val 0.1837 | Test 0.0224
Validation loss decreased (0.183714 --> 0.183714).  Saving model ...
  Ep 15: Train 0.2352 | Val 0.2013 | Test 0.0253
EarlyStopping counter: 1 out of 5
  Ep 16: Train 0.2356 | Val 0.1883 | Test 0.0236
EarlyStopping counter: 2 out of 5
  Ep 17: Train 0.2379 | Val 0.1811 | Test 0.0249
Validation loss decreased (0.181052 --> 0.181052).  Saving model ...
  Ep 18: Train 0.2234 | Val 0.1811 | Test 0.0226
EarlyStopping counter: 1 out of 5
  Ep 19: Train 0.2307 | Val 0.1777 | Test 0.0223
Validation loss decreased (0.177732 --> 0.177732).  Saving model ...
  Ep 20: Train 0.2252 | Val 0.1716 | Test 0.0221
Validation loss decreased (0.171622 --> 0.171622).  Saving model ...
  Ep 21: Train 0.2246 | Val 0.1790 | Test 0.0246
EarlyStopping counter: 1 out of 5
  Ep 22: Train 0.2293 | Val 0.1687 | Test 0.0209
Validation loss decreased (0.168683 --> 0.168683).  Saving model ...
  Ep 23: Train 0.2247 | Val 0.1957 | Test 0.0271
EarlyStopping counter: 1 out of 5
  Ep 24: Train 0.2266 | Val 0.1720 | Test 0.0211
EarlyStopping counter: 2 out of 5
  Ep 25: Train 0.2269 | Val 0.1766 | Test 0.0260
EarlyStopping counter: 3 out of 5
  Ep 26: Train 0.2215 | Val 0.1747 | Test 0.0234
EarlyStopping counter: 4 out of 5
  Ep 27: Train 0.2194 | Val 0.1676 | Test 0.0238
Validation loss decreased (0.167638 --> 0.167638).  Saving model ...
  Ep 28: Train 0.2220 | Val 0.1679 | Test 0.0225
EarlyStopping counter: 1 out of 5
  Ep 29: Train 0.2207 | Val 0.1739 | Test 0.0236
EarlyStopping counter: 2 out of 5
  Ep 30: Train 0.2160 | Val 0.1766 | Test 0.0230
EarlyStopping counter: 3 out of 5
  Ep 31: Train 0.2186 | Val 0.1662 | Test 0.0247
Validation loss decreased (0.166221 --> 0.166221).  Saving model ...
  Ep 32: Train 0.2162 | Val 0.1785 | Test 0.0260
EarlyStopping counter: 1 out of 5
  Ep 33: Train 0.2135 | Val 0.1673 | Test 0.0234
EarlyStopping counter: 2 out of 5
  Ep 34: Train 0.2138 | Val 0.1658 | Test 0.0245
EarlyStopping counter: 3 out of 5
  Ep 35: Train 0.2082 | Val 0.1573 | Test 0.0234
Validation loss decreased (0.157273 --> 0.157273).  Saving model ...
  Ep 36: Train 0.2143 | Val 0.1718 | Test 0.0266
EarlyStopping counter: 1 out of 5
  Ep 37: Train 0.2092 | Val 0.1540 | Test 0.0229
Validation loss decreased (0.153951 --> 0.153951).  Saving model ...
  Ep 38: Train 0.2112 | Val 0.1600 | Test 0.0258
EarlyStopping counter: 1 out of 5
  Ep 39: Train 0.2116 | Val 0.1677 | Test 0.0294
EarlyStopping counter: 2 out of 5
  Ep 40: Train 0.2124 | Val 0.1508 | Test 0.0282
Validation loss decreased (0.150843 --> 0.150843).  Saving model ...
  Ep 41: Train 0.2152 | Val 0.1564 | Test 0.0263
EarlyStopping counter: 1 out of 5
  Ep 42: Train 0.2091 | Val 0.1609 | Test 0.0270
EarlyStopping counter: 2 out of 5
  Ep 43: Train 0.2020 | Val 0.1668 | Test 0.0269
EarlyStopping counter: 3 out of 5
  Ep 44: Train 0.2112 | Val 0.1678 | Test 0.0275
EarlyStopping counter: 4 out of 5
  Ep 45: Train 0.2066 | Val 0.1551 | Test 0.0269
EarlyStopping counter: 5 out of 5
Early stopping triggered!
/home/sangukchoi/Stroke_SDA/sda_training.py:615: FutureWarning: You are using `torch.load` with `weights_only=False` (the current default value), which uses the default pickle module implicitly. It is possible to construct malicious pickle data which will execute arbitrary code during unpickling (See https://github.com/pytorch/pytorch/blob/main/SECURITY.md#untrusted-models for more details). In a future release, the default value for `weights_only` will be flipped to `True`. This limits the functions that could be executed during unpickling. Arbitrary objects will no longer be allowed to be loaded via this mode unless they are explicitly allowlisted by the user via `torch.serialization.add_safe_globals`. We recommend you start setting `weights_only=True` for any use case where you don't have full control of the loaded file. Please open an issue on GitHub for any issues related to this experimental feature.
  model.load_state_dict(torch.load(os.path.join(out_dir, 'best_model.pth')))
Final Test MSE (Best Model): 0.0282
Finished. Status: Success
