Starting Run on GPU 0
Time: 2025-12-24 14:48:19

[Run Start] Subject S003 | Mode ['SDA'] | Params: L3.0_LS0.5_LR0.0001_E64_D128_Dr0.3

[Fold 1 - SDA] Train: ['S003_T003', 'S003_T006'], Test: S003_T002, Norm: fixed
/home/sangukchoi/.conda/envs/torch_gpu/lib/python3.10/site-packages/torch/nn/modules/rnn.py:123: UserWarning: dropout option adds dropout after all but last recurrent layer, so non-zero dropout expects num_layers greater than 1, but got dropout=0.3 and num_layers=1
  warnings.warn(
  Ep 1: Train 0.8877 | Val 0.7907 | Test 0.2592
Validation loss decreased (0.790662 --> 0.790662).  Saving model ...
  Ep 2: Train 0.7691 | Val 0.7401 | Test 0.2645
Validation loss decreased (0.740092 --> 0.740092).  Saving model ...
  Ep 3: Train 0.7585 | Val 0.7264 | Test 0.2641
Validation loss decreased (0.726369 --> 0.726369).  Saving model ...
  Ep 4: Train 0.7584 | Val 0.7290 | Test 0.2718
EarlyStopping counter: 1 out of 5
  Ep 5: Train 0.7518 | Val 0.7046 | Test 0.2682
Validation loss decreased (0.704628 --> 0.704628).  Saving model ...
  Ep 6: Train 0.7566 | Val 0.7247 | Test 0.2768
EarlyStopping counter: 1 out of 5
  Ep 7: Train 0.7469 | Val 0.6906 | Test 0.2736
Validation loss decreased (0.690563 --> 0.690563).  Saving model ...
  Ep 8: Train 0.7416 | Val 0.6778 | Test 0.2788
Validation loss decreased (0.677839 --> 0.677839).  Saving model ...
  Ep 9: Train 0.7382 | Val 0.6756 | Test 0.2781
Validation loss decreased (0.675607 --> 0.675607).  Saving model ...
  Ep 10: Train 0.7267 | Val 0.6950 | Test 0.2870
EarlyStopping counter: 1 out of 5
  Ep 11: Train 0.7351 | Val 0.6828 | Test 0.2783
EarlyStopping counter: 2 out of 5
  Ep 12: Train 0.7274 | Val 0.6516 | Test 0.2831
Validation loss decreased (0.651636 --> 0.651636).  Saving model ...
  Ep 13: Train 0.7107 | Val 0.6734 | Test 0.2836
EarlyStopping counter: 1 out of 5
  Ep 14: Train 0.7191 | Val 0.7616 | Test 0.2973
EarlyStopping counter: 2 out of 5
  Ep 15: Train 0.7146 | Val 0.7277 | Test 0.2915
EarlyStopping counter: 3 out of 5
  Ep 16: Train 0.7157 | Val 0.6506 | Test 0.2923
Validation loss decreased (0.650582 --> 0.650582).  Saving model ...
  Ep 17: Train 0.7051 | Val 0.6479 | Test 0.2926
Validation loss decreased (0.647896 --> 0.647896).  Saving model ...
  Ep 18: Train 0.6969 | Val 0.6269 | Test 0.3064
Validation loss decreased (0.626890 --> 0.626890).  Saving model ...
  Ep 19: Train 0.6895 | Val 0.6376 | Test 0.2908
EarlyStopping counter: 1 out of 5
  Ep 20: Train 1.0665 | Val 0.6688 | Test 0.2888
EarlyStopping counter: 2 out of 5
  Ep 21: Train 0.6827 | Val 0.6991 | Test 0.2914
EarlyStopping counter: 3 out of 5
  Ep 22: Train 0.6788 | Val 0.5903 | Test 0.2853
Validation loss decreased (0.590349 --> 0.590349).  Saving model ...
  Ep 23: Train 0.6515 | Val 0.8855 | Test 0.2864
EarlyStopping counter: 1 out of 5
  Ep 24: Train 0.6615 | Val 0.7912 | Test 0.3141
EarlyStopping counter: 2 out of 5
  Ep 25: Train -177426363882259873792.0000 | Val 4314357848.0000 | Test 0.4886
EarlyStopping counter: 3 out of 5
  Ep 26: Train 605591856279246161838080.0000 | Val 4314357848.0000 | Test 0.4869
EarlyStopping counter: 4 out of 5
  Ep 27: Train 605414382667353024364544.0000 | Val 4314357848.0000 | Test 0.4870
EarlyStopping counter: 5 out of 5
Early stopping triggered!
/home/sangukchoi/Stroke_SDA/sda_training.py:615: FutureWarning: You are using `torch.load` with `weights_only=False` (the current default value), which uses the default pickle module implicitly. It is possible to construct malicious pickle data which will execute arbitrary code during unpickling (See https://github.com/pytorch/pytorch/blob/main/SECURITY.md#untrusted-models for more details). In a future release, the default value for `weights_only` will be flipped to `True`. This limits the functions that could be executed during unpickling. Arbitrary objects will no longer be allowed to be loaded via this mode unless they are explicitly allowlisted by the user via `torch.serialization.add_safe_globals`. We recommend you start setting `weights_only=True` for any use case where you don't have full control of the loaded file. Please open an issue on GitHub for any issues related to this experimental feature.
  model.load_state_dict(torch.load(os.path.join(out_dir, 'best_model.pth')))
Final Test MSE (Best Model): 0.2853
Finished. Status: Success
