Starting Run on GPU 3
Time: 2025-12-24 14:25:27

[Run Start] Subject S003 | Mode ['SDA'] | Params: L2.5_LS1.0_LR0.0001_E128_D128_Dr0.3

[Fold 1 - SDA] Train: ['S003_T003', 'S003_T006'], Test: S003_T002, Norm: fixed
/home/sangukchoi/.conda/envs/torch_gpu/lib/python3.10/site-packages/torch/nn/modules/rnn.py:123: UserWarning: dropout option adds dropout after all but last recurrent layer, so non-zero dropout expects num_layers greater than 1, but got dropout=0.3 and num_layers=1
  warnings.warn(
  Ep 1: Train 0.6628 | Val 0.4668 | Test 0.0378
Validation loss decreased (0.466789 --> 0.466789).  Saving model ...
  Ep 2: Train 0.4101 | Val 0.3516 | Test 0.0352
Validation loss decreased (0.351571 --> 0.351571).  Saving model ...
  Ep 3: Train 0.3716 | Val 0.3027 | Test 0.0339
Validation loss decreased (0.302711 --> 0.302711).  Saving model ...
  Ep 4: Train 0.3519 | Val 0.2723 | Test 0.0241
Validation loss decreased (0.272319 --> 0.272319).  Saving model ...
  Ep 5: Train 0.3349 | Val 0.2526 | Test 0.0220
Validation loss decreased (0.252554 --> 0.252554).  Saving model ...
  Ep 6: Train 0.3292 | Val 0.2637 | Test 0.0279
EarlyStopping counter: 1 out of 5
  Ep 7: Train 0.3296 | Val 0.2395 | Test 0.0273
Validation loss decreased (0.239494 --> 0.239494).  Saving model ...
  Ep 8: Train 0.3163 | Val 0.2289 | Test 0.0220
Validation loss decreased (0.228856 --> 0.228856).  Saving model ...
  Ep 9: Train 0.3116 | Val 0.2580 | Test 0.0292
EarlyStopping counter: 1 out of 5
  Ep 10: Train 0.3020 | Val 0.2415 | Test 0.0290
EarlyStopping counter: 2 out of 5
  Ep 11: Train 0.2935 | Val 0.2568 | Test 0.0266
EarlyStopping counter: 3 out of 5
  Ep 12: Train 0.2952 | Val 0.2405 | Test 0.0257
EarlyStopping counter: 4 out of 5
  Ep 13: Train 0.2915 | Val 0.2125 | Test 0.0211
Validation loss decreased (0.212456 --> 0.212456).  Saving model ...
  Ep 14: Train 0.2852 | Val 0.2172 | Test 0.0216
EarlyStopping counter: 1 out of 5
  Ep 15: Train 0.2800 | Val 0.2246 | Test 0.0231
EarlyStopping counter: 2 out of 5
  Ep 16: Train 0.2827 | Val 0.2258 | Test 0.0218
EarlyStopping counter: 3 out of 5
  Ep 17: Train 0.2777 | Val 0.2128 | Test 0.0196
EarlyStopping counter: 4 out of 5
  Ep 18: Train 0.2757 | Val 0.2315 | Test 0.0205
EarlyStopping counter: 5 out of 5
Early stopping triggered!
/home/sangukchoi/Stroke_SDA/sda_training.py:615: FutureWarning: You are using `torch.load` with `weights_only=False` (the current default value), which uses the default pickle module implicitly. It is possible to construct malicious pickle data which will execute arbitrary code during unpickling (See https://github.com/pytorch/pytorch/blob/main/SECURITY.md#untrusted-models for more details). In a future release, the default value for `weights_only` will be flipped to `True`. This limits the functions that could be executed during unpickling. Arbitrary objects will no longer be allowed to be loaded via this mode unless they are explicitly allowlisted by the user via `torch.serialization.add_safe_globals`. We recommend you start setting `weights_only=True` for any use case where you don't have full control of the loaded file. Please open an issue on GitHub for any issues related to this experimental feature.
  model.load_state_dict(torch.load(os.path.join(out_dir, 'best_model.pth')))
Final Test MSE (Best Model): 0.0211
Finished. Status: Success
