Starting Run on GPU 0
Time: 2025-12-24 14:16:51

[Run Start] Subject S003 | Mode ['SDA'] | Params: L2.5_LS0.7_LR0.0001_E256_D128_Dr0.3

[Fold 1 - SDA] Train: ['S003_T003', 'S003_T006'], Test: S003_T002, Norm: fixed
/home/sangukchoi/.conda/envs/torch_gpu/lib/python3.10/site-packages/torch/nn/modules/rnn.py:123: UserWarning: dropout option adds dropout after all but last recurrent layer, so non-zero dropout expects num_layers greater than 1, but got dropout=0.3 and num_layers=1
  warnings.warn(
  Ep 1: Train 0.4997 | Val 0.3590 | Test 0.0276
Validation loss decreased (0.358975 --> 0.358975).  Saving model ...
  Ep 2: Train 0.3543 | Val 0.2853 | Test 0.0323
Validation loss decreased (0.285281 --> 0.285281).  Saving model ...
  Ep 3: Train 0.3289 | Val 0.2570 | Test 0.0295
Validation loss decreased (0.257011 --> 0.257011).  Saving model ...
  Ep 4: Train 0.3223 | Val 0.3410 | Test 0.0442
EarlyStopping counter: 1 out of 5
  Ep 5: Train 0.3133 | Val 0.2431 | Test 0.0241
Validation loss decreased (0.243100 --> 0.243100).  Saving model ...
  Ep 6: Train 0.3014 | Val 0.2339 | Test 0.0259
Validation loss decreased (0.233903 --> 0.233903).  Saving model ...
  Ep 7: Train 0.2994 | Val 0.2488 | Test 0.0284
EarlyStopping counter: 1 out of 5
  Ep 8: Train 0.2874 | Val 0.2450 | Test 0.0250
EarlyStopping counter: 2 out of 5
  Ep 9: Train 0.2904 | Val 0.2205 | Test 0.0229
Validation loss decreased (0.220453 --> 0.220453).  Saving model ...
  Ep 10: Train 0.2883 | Val 0.2292 | Test 0.0240
EarlyStopping counter: 1 out of 5
  Ep 11: Train 0.2792 | Val 0.2272 | Test 0.0255
EarlyStopping counter: 2 out of 5
  Ep 12: Train 0.2760 | Val 0.2324 | Test 0.0284
EarlyStopping counter: 3 out of 5
  Ep 13: Train 0.2686 | Val 0.2160 | Test 0.0271
Validation loss decreased (0.216007 --> 0.216007).  Saving model ...
  Ep 14: Train 0.2610 | Val 0.1956 | Test 0.0195
Validation loss decreased (0.195564 --> 0.195564).  Saving model ...
  Ep 15: Train 0.2641 | Val 0.2281 | Test 0.0319
EarlyStopping counter: 1 out of 5
  Ep 16: Train 0.2636 | Val 0.2039 | Test 0.0206
EarlyStopping counter: 2 out of 5
  Ep 17: Train 0.2617 | Val 0.2061 | Test 0.0204
EarlyStopping counter: 3 out of 5
  Ep 18: Train 0.2603 | Val 0.1963 | Test 0.0249
EarlyStopping counter: 4 out of 5
  Ep 19: Train 0.2531 | Val 0.1850 | Test 0.0241
Validation loss decreased (0.184971 --> 0.184971).  Saving model ...
  Ep 20: Train 0.2528 | Val 0.1749 | Test 0.0256
Validation loss decreased (0.174924 --> 0.174924).  Saving model ...
  Ep 21: Train 0.2588 | Val 0.2518 | Test 0.0284
EarlyStopping counter: 1 out of 5
  Ep 22: Train 0.2500 | Val 0.2096 | Test 0.0217
EarlyStopping counter: 2 out of 5
  Ep 23: Train 0.2522 | Val 0.1797 | Test 0.0248
EarlyStopping counter: 3 out of 5
  Ep 24: Train 0.2465 | Val 0.2132 | Test 0.0256
EarlyStopping counter: 4 out of 5
  Ep 25: Train 0.2478 | Val 0.1855 | Test 0.0242
EarlyStopping counter: 5 out of 5
Early stopping triggered!
/home/sangukchoi/Stroke_SDA/sda_training.py:615: FutureWarning: You are using `torch.load` with `weights_only=False` (the current default value), which uses the default pickle module implicitly. It is possible to construct malicious pickle data which will execute arbitrary code during unpickling (See https://github.com/pytorch/pytorch/blob/main/SECURITY.md#untrusted-models for more details). In a future release, the default value for `weights_only` will be flipped to `True`. This limits the functions that could be executed during unpickling. Arbitrary objects will no longer be allowed to be loaded via this mode unless they are explicitly allowlisted by the user via `torch.serialization.add_safe_globals`. We recommend you start setting `weights_only=True` for any use case where you don't have full control of the loaded file. Please open an issue on GitHub for any issues related to this experimental feature.
  model.load_state_dict(torch.load(os.path.join(out_dir, 'best_model.pth')))
Final Test MSE (Best Model): 0.0256
Finished. Status: Success
