Starting Run on GPU 2
Time: 2025-12-24 14:37:28

[Run Start] Subject S003 | Mode ['SDA'] | Params: L3.0_LS0.3_LR0.0001_E64_D128_Dr0.3

[Fold 1 - SDA] Train: ['S003_T003', 'S003_T006'], Test: S003_T002, Norm: fixed
/home/sangukchoi/.conda/envs/torch_gpu/lib/python3.10/site-packages/torch/nn/modules/rnn.py:123: UserWarning: dropout option adds dropout after all but last recurrent layer, so non-zero dropout expects num_layers greater than 1, but got dropout=0.3 and num_layers=1
  warnings.warn(
  Ep 1: Train 0.7623 | Val 0.7142 | Test 0.2552
Validation loss decreased (0.714158 --> 0.714158).  Saving model ...
  Ep 2: Train 0.6772 | Val 0.6788 | Test 0.2403
Validation loss decreased (0.678833 --> 0.678833).  Saving model ...
  Ep 3: Train 0.6456 | Val 0.6125 | Test 0.1745
Validation loss decreased (0.612478 --> 0.612478).  Saving model ...
  Ep 4: Train 0.5266 | Val 0.4400 | Test 0.0561
Validation loss decreased (0.439976 --> 0.439976).  Saving model ...
  Ep 5: Train 0.4768 | Val 0.4011 | Test 0.0459
Validation loss decreased (0.401127 --> 0.401127).  Saving model ...
  Ep 6: Train 0.4601 | Val 0.3804 | Test 0.0389
Validation loss decreased (0.380404 --> 0.380404).  Saving model ...
  Ep 7: Train 0.4503 | Val 0.3746 | Test 0.0395
Validation loss decreased (0.374623 --> 0.374623).  Saving model ...
  Ep 8: Train 0.4367 | Val 0.3840 | Test 0.0390
EarlyStopping counter: 1 out of 5
  Ep 9: Train 0.4355 | Val 0.3621 | Test 0.0345
Validation loss decreased (0.362053 --> 0.362053).  Saving model ...
  Ep 10: Train 0.4292 | Val 0.3661 | Test 0.0365
EarlyStopping counter: 1 out of 5
  Ep 11: Train 0.4248 | Val 0.3542 | Test 0.0370
Validation loss decreased (0.354212 --> 0.354212).  Saving model ...
  Ep 12: Train 0.4212 | Val 0.3347 | Test 0.0373
Validation loss decreased (0.334721 --> 0.334721).  Saving model ...
  Ep 13: Train 0.4142 | Val 0.3350 | Test 0.0323
EarlyStopping counter: 1 out of 5
  Ep 14: Train 0.4113 | Val 0.3197 | Test 0.0367
Validation loss decreased (0.319744 --> 0.319744).  Saving model ...
  Ep 15: Train 0.4104 | Val 0.3201 | Test 0.0321
EarlyStopping counter: 1 out of 5
  Ep 16: Train 0.4019 | Val 0.3236 | Test 0.0391
EarlyStopping counter: 2 out of 5
  Ep 17: Train 0.4031 | Val 0.3061 | Test 0.0403
Validation loss decreased (0.306053 --> 0.306053).  Saving model ...
  Ep 18: Train 0.4024 | Val 0.2968 | Test 0.0341
Validation loss decreased (0.296751 --> 0.296751).  Saving model ...
  Ep 19: Train 0.3959 | Val 0.2930 | Test 0.0378
Validation loss decreased (0.293023 --> 0.293023).  Saving model ...
  Ep 20: Train 0.3917 | Val 0.2705 | Test 0.0351
Validation loss decreased (0.270500 --> 0.270500).  Saving model ...
  Ep 21: Train 0.3982 | Val 0.2847 | Test 0.0340
EarlyStopping counter: 1 out of 5
  Ep 22: Train 0.3950 | Val 0.2979 | Test 0.0416
EarlyStopping counter: 2 out of 5
  Ep 23: Train 0.3880 | Val 0.2830 | Test 0.0379
EarlyStopping counter: 3 out of 5
  Ep 24: Train 0.3789 | Val 0.2666 | Test 0.0379
Validation loss decreased (0.266584 --> 0.266584).  Saving model ...
  Ep 25: Train 0.3872 | Val 0.2730 | Test 0.0314
EarlyStopping counter: 1 out of 5
  Ep 26: Train 0.3814 | Val 0.2785 | Test 0.0349
EarlyStopping counter: 2 out of 5
  Ep 27: Train 0.3850 | Val 0.2922 | Test 0.0374
EarlyStopping counter: 3 out of 5
  Ep 28: Train 0.3786 | Val 0.2672 | Test 0.0327
EarlyStopping counter: 4 out of 5
  Ep 29: Train 0.3731 | Val 0.2838 | Test 0.0343
EarlyStopping counter: 5 out of 5
Early stopping triggered!
/home/sangukchoi/Stroke_SDA/sda_training.py:615: FutureWarning: You are using `torch.load` with `weights_only=False` (the current default value), which uses the default pickle module implicitly. It is possible to construct malicious pickle data which will execute arbitrary code during unpickling (See https://github.com/pytorch/pytorch/blob/main/SECURITY.md#untrusted-models for more details). In a future release, the default value for `weights_only` will be flipped to `True`. This limits the functions that could be executed during unpickling. Arbitrary objects will no longer be allowed to be loaded via this mode unless they are explicitly allowlisted by the user via `torch.serialization.add_safe_globals`. We recommend you start setting `weights_only=True` for any use case where you don't have full control of the loaded file. Please open an issue on GitHub for any issues related to this experimental feature.
  model.load_state_dict(torch.load(os.path.join(out_dir, 'best_model.pth')))
Final Test MSE (Best Model): 0.0379
Finished. Status: Success
