Starting Run on GPU 3
Time: 2025-12-24 13:14:33

[Run Start] Subject S003 | Mode ['SDA'] | Params: L2.0_LS0.7_LR0.0001_E256_D32_Dr0.3

[Fold 1 - SDA] Train: ['S003_T003', 'S003_T006'], Test: S003_T002, Norm: fixed
/home/sangukchoi/.conda/envs/torch_gpu/lib/python3.10/site-packages/torch/nn/modules/rnn.py:123: UserWarning: dropout option adds dropout after all but last recurrent layer, so non-zero dropout expects num_layers greater than 1, but got dropout=0.3 and num_layers=1
  warnings.warn(
  Ep 1: Train 0.4334 | Val 0.3052 | Test 0.0341
Validation loss decreased (0.305203 --> 0.305203).  Saving model ...
  Ep 2: Train 0.2958 | Val 0.2264 | Test 0.0277
Validation loss decreased (0.226369 --> 0.226369).  Saving model ...
  Ep 3: Train 0.2724 | Val 0.2397 | Test 0.0299
EarlyStopping counter: 1 out of 5
  Ep 4: Train 0.2638 | Val 0.1959 | Test 0.0225
Validation loss decreased (0.195943 --> 0.195943).  Saving model ...
  Ep 5: Train 0.2515 | Val 0.2078 | Test 0.0251
EarlyStopping counter: 1 out of 5
  Ep 6: Train 0.2473 | Val 0.2027 | Test 0.0235
EarlyStopping counter: 2 out of 5
  Ep 7: Train 0.2375 | Val 0.1894 | Test 0.0259
Validation loss decreased (0.189408 --> 0.189408).  Saving model ...
  Ep 8: Train 0.2296 | Val 0.2037 | Test 0.0270
EarlyStopping counter: 1 out of 5
  Ep 9: Train 0.2318 | Val 0.1758 | Test 0.0206
Validation loss decreased (0.175796 --> 0.175796).  Saving model ...
  Ep 10: Train 0.2301 | Val 0.1830 | Test 0.0233
EarlyStopping counter: 1 out of 5
  Ep 11: Train 0.2323 | Val 0.1984 | Test 0.0274
EarlyStopping counter: 2 out of 5
  Ep 12: Train 0.2299 | Val 0.1724 | Test 0.0221
Validation loss decreased (0.172436 --> 0.172436).  Saving model ...
  Ep 13: Train 0.2248 | Val 0.1709 | Test 0.0209
Validation loss decreased (0.170910 --> 0.170910).  Saving model ...
  Ep 14: Train 0.2192 | Val 0.1762 | Test 0.0244
EarlyStopping counter: 1 out of 5
  Ep 15: Train 0.2243 | Val 0.1754 | Test 0.0229
EarlyStopping counter: 2 out of 5
  Ep 16: Train 0.2196 | Val 0.1758 | Test 0.0244
EarlyStopping counter: 3 out of 5
  Ep 17: Train 0.2174 | Val 0.1681 | Test 0.0278
Validation loss decreased (0.168111 --> 0.168111).  Saving model ...
  Ep 18: Train 0.2140 | Val 0.1887 | Test 0.0238
EarlyStopping counter: 1 out of 5
  Ep 19: Train 0.2158 | Val 0.1588 | Test 0.0229
Validation loss decreased (0.158806 --> 0.158806).  Saving model ...
  Ep 20: Train 0.2105 | Val 0.1568 | Test 0.0232
Validation loss decreased (0.156836 --> 0.156836).  Saving model ...
  Ep 21: Train 0.2136 | Val 0.1624 | Test 0.0265
EarlyStopping counter: 1 out of 5
  Ep 22: Train 0.2122 | Val 0.1853 | Test 0.0307
EarlyStopping counter: 2 out of 5
  Ep 23: Train 0.1993 | Val 0.1607 | Test 0.0249
EarlyStopping counter: 3 out of 5
  Ep 24: Train 0.2033 | Val 0.1427 | Test 0.0258
Validation loss decreased (0.142655 --> 0.142655).  Saving model ...
  Ep 25: Train 0.1986 | Val 0.1513 | Test 0.0274
EarlyStopping counter: 1 out of 5
  Ep 26: Train 0.2021 | Val 0.1870 | Test 0.0335
EarlyStopping counter: 2 out of 5
  Ep 27: Train 0.1938 | Val 0.1562 | Test 0.0285
EarlyStopping counter: 3 out of 5
  Ep 28: Train 0.2093 | Val 0.2054 | Test 0.0364
EarlyStopping counter: 4 out of 5
  Ep 29: Train 0.2088 | Val 0.1731 | Test 0.0496
EarlyStopping counter: 5 out of 5
Early stopping triggered!
/home/sangukchoi/Stroke_SDA/sda_training.py:615: FutureWarning: You are using `torch.load` with `weights_only=False` (the current default value), which uses the default pickle module implicitly. It is possible to construct malicious pickle data which will execute arbitrary code during unpickling (See https://github.com/pytorch/pytorch/blob/main/SECURITY.md#untrusted-models for more details). In a future release, the default value for `weights_only` will be flipped to `True`. This limits the functions that could be executed during unpickling. Arbitrary objects will no longer be allowed to be loaded via this mode unless they are explicitly allowlisted by the user via `torch.serialization.add_safe_globals`. We recommend you start setting `weights_only=True` for any use case where you don't have full control of the loaded file. Please open an issue on GitHub for any issues related to this experimental feature.
  model.load_state_dict(torch.load(os.path.join(out_dir, 'best_model.pth')))
Final Test MSE (Best Model): 0.0258
Finished. Status: Success
