Starting Run on GPU 2
Time: 2025-12-24 11:49:53

[Run Start] Subject S003 | Mode ['SDA'] | Params: L1.0_LS0.7_LR0.0001_E64_D32_Dr0.3

[Fold 1 - SDA] Train: ['S003_T003', 'S003_T006'], Test: S003_T002, Norm: fixed
/home/sangukchoi/.conda/envs/torch_gpu/lib/python3.10/site-packages/torch/nn/modules/rnn.py:123: UserWarning: dropout option adds dropout after all but last recurrent layer, so non-zero dropout expects num_layers greater than 1, but got dropout=0.3 and num_layers=1
  warnings.warn(
  Ep 1: Train 0.4991 | Val 0.2326 | Test 0.0250
Validation loss decreased (0.232592 --> 0.232592).  Saving model ...
  Ep 2: Train 0.2124 | Val 0.1590 | Test 0.0213
Validation loss decreased (0.159010 --> 0.159010).  Saving model ...
  Ep 3: Train 0.1828 | Val 0.1386 | Test 0.0220
Validation loss decreased (0.138561 --> 0.138561).  Saving model ...
  Ep 4: Train 0.1735 | Val 0.1403 | Test 0.0230
EarlyStopping counter: 1 out of 5
  Ep 5: Train 0.1654 | Val 0.1293 | Test 0.0213
Validation loss decreased (0.129272 --> 0.129272).  Saving model ...
  Ep 6: Train 0.1593 | Val 0.1257 | Test 0.0215
Validation loss decreased (0.125743 --> 0.125743).  Saving model ...
  Ep 7: Train 0.1574 | Val 0.1211 | Test 0.0218
Validation loss decreased (0.121109 --> 0.121109).  Saving model ...
  Ep 8: Train 0.1510 | Val 0.1199 | Test 0.0244
Validation loss decreased (0.119905 --> 0.119905).  Saving model ...
  Ep 9: Train 0.1503 | Val 0.1197 | Test 0.0248
EarlyStopping counter: 1 out of 5
  Ep 10: Train 0.1471 | Val 0.1188 | Test 0.0238
Validation loss decreased (0.118773 --> 0.118773).  Saving model ...
  Ep 11: Train 0.1443 | Val 0.1175 | Test 0.0218
Validation loss decreased (0.117457 --> 0.117457).  Saving model ...
  Ep 12: Train 0.1449 | Val 0.1133 | Test 0.0210
Validation loss decreased (0.113315 --> 0.113315).  Saving model ...
  Ep 13: Train 0.1417 | Val 0.1134 | Test 0.0224
EarlyStopping counter: 1 out of 5
  Ep 14: Train 0.1401 | Val 0.1106 | Test 0.0211
Validation loss decreased (0.110598 --> 0.110598).  Saving model ...
  Ep 15: Train 0.1393 | Val 0.1091 | Test 0.0222
Validation loss decreased (0.109120 --> 0.109120).  Saving model ...
  Ep 16: Train 0.1371 | Val 0.1097 | Test 0.0232
EarlyStopping counter: 1 out of 5
  Ep 17: Train 0.1359 | Val 0.1093 | Test 0.0238
EarlyStopping counter: 2 out of 5
  Ep 18: Train 0.1356 | Val 0.1060 | Test 0.0221
Validation loss decreased (0.106045 --> 0.106045).  Saving model ...
  Ep 19: Train 0.1357 | Val 0.1134 | Test 0.0233
EarlyStopping counter: 1 out of 5
  Ep 20: Train 0.1309 | Val 0.1064 | Test 0.0267
EarlyStopping counter: 2 out of 5
  Ep 21: Train 0.1316 | Val 0.1054 | Test 0.0239
Validation loss decreased (0.105390 --> 0.105390).  Saving model ...
  Ep 22: Train 0.1333 | Val 0.1014 | Test 0.0243
Validation loss decreased (0.101395 --> 0.101395).  Saving model ...
  Ep 23: Train 0.1295 | Val 0.1108 | Test 0.0255
EarlyStopping counter: 1 out of 5
  Ep 24: Train 0.1297 | Val 0.1100 | Test 0.0291
EarlyStopping counter: 2 out of 5
  Ep 25: Train 0.1301 | Val 0.0999 | Test 0.0218
Validation loss decreased (0.099935 --> 0.099935).  Saving model ...
  Ep 26: Train 0.1283 | Val 0.1059 | Test 0.0258
EarlyStopping counter: 1 out of 5
  Ep 27: Train 0.1303 | Val 0.1022 | Test 0.0249
EarlyStopping counter: 2 out of 5
  Ep 28: Train 0.1249 | Val 0.1040 | Test 0.0283
EarlyStopping counter: 3 out of 5
  Ep 29: Train 0.1263 | Val 0.0991 | Test 0.0238
Validation loss decreased (0.099066 --> 0.099066).  Saving model ...
  Ep 30: Train 0.1234 | Val 0.0990 | Test 0.0257
EarlyStopping counter: 1 out of 5
  Ep 31: Train 0.1249 | Val 0.1051 | Test 0.0256
EarlyStopping counter: 2 out of 5
  Ep 32: Train 0.1275 | Val 0.0936 | Test 0.0243
Validation loss decreased (0.093646 --> 0.093646).  Saving model ...
  Ep 33: Train 0.1206 | Val 0.0952 | Test 0.0243
EarlyStopping counter: 1 out of 5
  Ep 34: Train 0.1229 | Val 0.0972 | Test 0.0255
EarlyStopping counter: 2 out of 5
  Ep 35: Train 0.1248 | Val 0.0987 | Test 0.0249
EarlyStopping counter: 3 out of 5
  Ep 36: Train 0.1242 | Val 0.0960 | Test 0.0247
EarlyStopping counter: 4 out of 5
  Ep 37: Train 0.1240 | Val 0.0935 | Test 0.0265
EarlyStopping counter: 5 out of 5
Early stopping triggered!
/home/sangukchoi/Stroke_SDA/sda_training.py:615: FutureWarning: You are using `torch.load` with `weights_only=False` (the current default value), which uses the default pickle module implicitly. It is possible to construct malicious pickle data which will execute arbitrary code during unpickling (See https://github.com/pytorch/pytorch/blob/main/SECURITY.md#untrusted-models for more details). In a future release, the default value for `weights_only` will be flipped to `True`. This limits the functions that could be executed during unpickling. Arbitrary objects will no longer be allowed to be loaded via this mode unless they are explicitly allowlisted by the user via `torch.serialization.add_safe_globals`. We recommend you start setting `weights_only=True` for any use case where you don't have full control of the loaded file. Please open an issue on GitHub for any issues related to this experimental feature.
  model.load_state_dict(torch.load(os.path.join(out_dir, 'best_model.pth')))
Final Test MSE (Best Model): 0.0243
Finished. Status: Success
