Starting Run on GPU 1
Time: 2025-12-24 14:38:16

[Run Start] Subject S003 | Mode ['SDA'] | Params: L3.0_LS0.3_LR0.0001_E128_D32_Dr0.3

[Fold 1 - SDA] Train: ['S003_T003', 'S003_T006'], Test: S003_T002, Norm: fixed
/home/sangukchoi/.conda/envs/torch_gpu/lib/python3.10/site-packages/torch/nn/modules/rnn.py:123: UserWarning: dropout option adds dropout after all but last recurrent layer, so non-zero dropout expects num_layers greater than 1, but got dropout=0.3 and num_layers=1
  warnings.warn(
  Ep 1: Train 0.8047 | Val 0.7068 | Test 0.3182
Validation loss decreased (0.706810 --> 0.706810).  Saving model ...
  Ep 2: Train 0.7477 | Val 0.6590 | Test 0.3328
Validation loss decreased (0.659037 --> 0.659037).  Saving model ...
  Ep 3: Train 0.7393 | Val 0.6785 | Test 0.3225
EarlyStopping counter: 1 out of 5
  Ep 4: Train 0.7393 | Val 0.6909 | Test 0.3452
EarlyStopping counter: 2 out of 5
  Ep 5: Train 0.7922 | Val 0.9852 | Test 0.4738
EarlyStopping counter: 3 out of 5
  Ep 6: Train 0.9765 | Val -438779.0667 | Test 0.4992
Validation loss decreased (-438779.066713 --> -438779.066713).  Saving model ...
  Ep 7: Train 1.0387 | Val 82.4269 | Test 0.4941
EarlyStopping counter: 1 out of 5
  Ep 8: Train 0.9416 | Val 3520647.4375 | Test 0.4959
EarlyStopping counter: 2 out of 5
  Ep 9: Train 0.9684 | Val 3191649.9980 | Test 0.4959
EarlyStopping counter: 3 out of 5
  Ep 10: Train 0.9599 | Val 2126640501.1500 | Test 0.4963
EarlyStopping counter: 4 out of 5
  Ep 11: Train 0.9315 | Val 2125587843.1250 | Test 0.4970
EarlyStopping counter: 5 out of 5
Early stopping triggered!
/home/sangukchoi/Stroke_SDA/sda_training.py:615: FutureWarning: You are using `torch.load` with `weights_only=False` (the current default value), which uses the default pickle module implicitly. It is possible to construct malicious pickle data which will execute arbitrary code during unpickling (See https://github.com/pytorch/pytorch/blob/main/SECURITY.md#untrusted-models for more details). In a future release, the default value for `weights_only` will be flipped to `True`. This limits the functions that could be executed during unpickling. Arbitrary objects will no longer be allowed to be loaded via this mode unless they are explicitly allowlisted by the user via `torch.serialization.add_safe_globals`. We recommend you start setting `weights_only=True` for any use case where you don't have full control of the loaded file. Please open an issue on GitHub for any issues related to this experimental feature.
  model.load_state_dict(torch.load(os.path.join(out_dir, 'best_model.pth')))
Final Test MSE (Best Model): 0.4992
Finished. Status: Success
