Starting Run on GPU 3
Time: 2025-12-24 12:22:19

[Run Start] Subject S003 | Mode ['SDA'] | Params: L1.0_LS1.0_LR0.0001_E256_D32_Dr0.3

[Fold 1 - SDA] Train: ['S003_T003', 'S003_T006'], Test: S003_T002, Norm: fixed
/home/sangukchoi/.conda/envs/torch_gpu/lib/python3.10/site-packages/torch/nn/modules/rnn.py:123: UserWarning: dropout option adds dropout after all but last recurrent layer, so non-zero dropout expects num_layers greater than 1, but got dropout=0.3 and num_layers=1
  warnings.warn(
  Ep 1: Train 0.3147 | Val 0.1936 | Test 0.0190
Validation loss decreased (0.193563 --> 0.193563).  Saving model ...
  Ep 2: Train 0.1915 | Val 0.1552 | Test 0.0303
Validation loss decreased (0.155216 --> 0.155216).  Saving model ...
  Ep 3: Train 0.1725 | Val 0.1397 | Test 0.0248
Validation loss decreased (0.139735 --> 0.139735).  Saving model ...
  Ep 4: Train 0.1613 | Val 0.1241 | Test 0.0266
Validation loss decreased (0.124124 --> 0.124124).  Saving model ...
  Ep 5: Train 0.1579 | Val 0.1224 | Test 0.0249
Validation loss decreased (0.122416 --> 0.122416).  Saving model ...
  Ep 6: Train 0.1504 | Val 0.1224 | Test 0.0256
EarlyStopping counter: 1 out of 5
  Ep 7: Train 0.1440 | Val 0.1114 | Test 0.0215
Validation loss decreased (0.111401 --> 0.111401).  Saving model ...
  Ep 8: Train 0.1440 | Val 0.1055 | Test 0.0225
Validation loss decreased (0.105493 --> 0.105493).  Saving model ...
  Ep 9: Train 0.1393 | Val 0.1108 | Test 0.0268
EarlyStopping counter: 1 out of 5
  Ep 10: Train 0.1353 | Val 0.1101 | Test 0.0313
EarlyStopping counter: 2 out of 5
  Ep 11: Train 0.1364 | Val 0.1042 | Test 0.0279
Validation loss decreased (0.104179 --> 0.104179).  Saving model ...
  Ep 12: Train 0.1348 | Val 0.1081 | Test 0.0285
EarlyStopping counter: 1 out of 5
  Ep 13: Train 0.1326 | Val 0.1043 | Test 0.0318
EarlyStopping counter: 2 out of 5
  Ep 14: Train 0.1329 | Val 0.1055 | Test 0.0367
EarlyStopping counter: 3 out of 5
  Ep 15: Train 0.1279 | Val 0.1020 | Test 0.0346
Validation loss decreased (0.102010 --> 0.102010).  Saving model ...
  Ep 16: Train 0.1290 | Val 0.0976 | Test 0.0311
Validation loss decreased (0.097562 --> 0.097562).  Saving model ...
  Ep 17: Train 0.1273 | Val 0.1056 | Test 0.0376
EarlyStopping counter: 1 out of 5
  Ep 18: Train 0.1277 | Val 0.0972 | Test 0.0326
EarlyStopping counter: 2 out of 5
  Ep 19: Train 0.1261 | Val 0.0943 | Test 0.0322
Validation loss decreased (0.094309 --> 0.094309).  Saving model ...
  Ep 20: Train 0.1292 | Val 0.0985 | Test 0.0339
EarlyStopping counter: 1 out of 5
  Ep 21: Train 0.1247 | Val 0.0971 | Test 0.0346
EarlyStopping counter: 2 out of 5
  Ep 22: Train 0.1251 | Val 0.1002 | Test 0.0351
EarlyStopping counter: 3 out of 5
  Ep 23: Train 0.1218 | Val 0.0916 | Test 0.0330
Validation loss decreased (0.091596 --> 0.091596).  Saving model ...
  Ep 24: Train 0.1195 | Val 0.0919 | Test 0.0332
EarlyStopping counter: 1 out of 5
  Ep 25: Train 0.1219 | Val 0.0893 | Test 0.0346
Validation loss decreased (0.089304 --> 0.089304).  Saving model ...
  Ep 26: Train 0.1210 | Val 0.0971 | Test 0.0355
EarlyStopping counter: 1 out of 5
  Ep 27: Train 0.1198 | Val 0.0989 | Test 0.0339
EarlyStopping counter: 2 out of 5
  Ep 28: Train 0.1166 | Val 0.0919 | Test 0.0360
EarlyStopping counter: 3 out of 5
  Ep 29: Train 0.1196 | Val 0.0885 | Test 0.0337
Validation loss decreased (0.088497 --> 0.088497).  Saving model ...
  Ep 30: Train 0.1166 | Val 0.0936 | Test 0.0400
EarlyStopping counter: 1 out of 5
  Ep 31: Train 0.1162 | Val 0.0822 | Test 0.0335
Validation loss decreased (0.082209 --> 0.082209).  Saving model ...
  Ep 32: Train 0.1139 | Val 0.0880 | Test 0.0381
EarlyStopping counter: 1 out of 5
  Ep 33: Train 0.1155 | Val 0.0805 | Test 0.0324
Validation loss decreased (0.080536 --> 0.080536).  Saving model ...
  Ep 34: Train 0.1176 | Val 0.0814 | Test 0.0348
EarlyStopping counter: 1 out of 5
  Ep 35: Train 0.1152 | Val 0.0861 | Test 0.0357
EarlyStopping counter: 2 out of 5
  Ep 36: Train 0.1118 | Val 0.0819 | Test 0.0357
EarlyStopping counter: 3 out of 5
  Ep 37: Train 0.1120 | Val 0.0864 | Test 0.0410
EarlyStopping counter: 4 out of 5
  Ep 38: Train 0.1102 | Val 0.0850 | Test 0.0384
EarlyStopping counter: 5 out of 5
Early stopping triggered!
/home/sangukchoi/Stroke_SDA/sda_training.py:615: FutureWarning: You are using `torch.load` with `weights_only=False` (the current default value), which uses the default pickle module implicitly. It is possible to construct malicious pickle data which will execute arbitrary code during unpickling (See https://github.com/pytorch/pytorch/blob/main/SECURITY.md#untrusted-models for more details). In a future release, the default value for `weights_only` will be flipped to `True`. This limits the functions that could be executed during unpickling. Arbitrary objects will no longer be allowed to be loaded via this mode unless they are explicitly allowlisted by the user via `torch.serialization.add_safe_globals`. We recommend you start setting `weights_only=True` for any use case where you don't have full control of the loaded file. Please open an issue on GitHub for any issues related to this experimental feature.
  model.load_state_dict(torch.load(os.path.join(out_dir, 'best_model.pth')))
Final Test MSE (Best Model): 0.0324
Finished. Status: Success
