Starting Run on GPU 2
Time: 2025-12-24 15:03:11

[Run Start] Subject S003 | Mode ['SDA'] | Params: L3.0_LS0.7_LR0.0001_E128_D64_Dr0.3

[Fold 1 - SDA] Train: ['S003_T003', 'S003_T006'], Test: S003_T002, Norm: fixed
/home/sangukchoi/.conda/envs/torch_gpu/lib/python3.10/site-packages/torch/nn/modules/rnn.py:123: UserWarning: dropout option adds dropout after all but last recurrent layer, so non-zero dropout expects num_layers greater than 1, but got dropout=0.3 and num_layers=1
  warnings.warn(
  Ep 1: Train 0.9055 | Val 0.8390 | Test 0.2548
Validation loss decreased (0.839023 --> 0.839023).  Saving model ...
  Ep 2: Train 0.7023 | Val 0.4257 | Test 0.0483
Validation loss decreased (0.425660 --> 0.425660).  Saving model ...
  Ep 3: Train 0.4220 | Val 0.3372 | Test 0.0341
Validation loss decreased (0.337190 --> 0.337190).  Saving model ...
  Ep 4: Train 0.3935 | Val 0.2779 | Test 0.0297
Validation loss decreased (0.277928 --> 0.277928).  Saving model ...
  Ep 5: Train 0.3766 | Val 0.2717 | Test 0.0274
Validation loss decreased (0.271692 --> 0.271692).  Saving model ...
  Ep 6: Train 0.3626 | Val 0.2880 | Test 0.0283
EarlyStopping counter: 1 out of 5
  Ep 7: Train 0.3602 | Val 0.2762 | Test 0.0328
EarlyStopping counter: 2 out of 5
  Ep 8: Train 0.3478 | Val 0.2671 | Test 0.0273
Validation loss decreased (0.267074 --> 0.267074).  Saving model ...
  Ep 9: Train 0.3479 | Val 0.2584 | Test 0.0279
Validation loss decreased (0.258356 --> 0.258356).  Saving model ...
  Ep 10: Train 0.3471 | Val 0.2804 | Test 0.0381
EarlyStopping counter: 1 out of 5
  Ep 11: Train 0.3465 | Val 0.2554 | Test 0.0292
Validation loss decreased (0.255444 --> 0.255444).  Saving model ...
  Ep 12: Train 0.3424 | Val 0.2691 | Test 0.0309
EarlyStopping counter: 1 out of 5
  Ep 13: Train 0.3294 | Val 0.2576 | Test 0.0283
EarlyStopping counter: 2 out of 5
  Ep 14: Train 0.3425 | Val 0.2619 | Test 0.0285
EarlyStopping counter: 3 out of 5
  Ep 15: Train 0.3352 | Val 0.2590 | Test 0.0264
EarlyStopping counter: 4 out of 5
  Ep 16: Train 0.3217 | Val 0.2562 | Test 0.0270
EarlyStopping counter: 5 out of 5
Early stopping triggered!
/home/sangukchoi/Stroke_SDA/sda_training.py:615: FutureWarning: You are using `torch.load` with `weights_only=False` (the current default value), which uses the default pickle module implicitly. It is possible to construct malicious pickle data which will execute arbitrary code during unpickling (See https://github.com/pytorch/pytorch/blob/main/SECURITY.md#untrusted-models for more details). In a future release, the default value for `weights_only` will be flipped to `True`. This limits the functions that could be executed during unpickling. Arbitrary objects will no longer be allowed to be loaded via this mode unless they are explicitly allowlisted by the user via `torch.serialization.add_safe_globals`. We recommend you start setting `weights_only=True` for any use case where you don't have full control of the loaded file. Please open an issue on GitHub for any issues related to this experimental feature.
  model.load_state_dict(torch.load(os.path.join(out_dir, 'best_model.pth')))
Final Test MSE (Best Model): 0.0292
Finished. Status: Success
