Starting Run on GPU 2
Time: 2025-12-24 13:19:41

[Run Start] Subject S003 | Mode ['SDA'] | Params: L2.0_LS1.0_LR0.0001_E64_D32_Dr0.3

[Fold 1 - SDA] Train: ['S003_T003', 'S003_T006'], Test: S003_T002, Norm: fixed
/home/sangukchoi/.conda/envs/torch_gpu/lib/python3.10/site-packages/torch/nn/modules/rnn.py:123: UserWarning: dropout option adds dropout after all but last recurrent layer, so non-zero dropout expects num_layers greater than 1, but got dropout=0.3 and num_layers=1
  warnings.warn(
  Ep 1: Train 0.7212 | Val 0.4511 | Test 0.0337
Validation loss decreased (0.451122 --> 0.451122).  Saving model ...
  Ep 2: Train 0.4005 | Val 0.3304 | Test 0.0232
Validation loss decreased (0.330421 --> 0.330421).  Saving model ...
  Ep 3: Train 0.3436 | Val 0.2837 | Test 0.0243
Validation loss decreased (0.283730 --> 0.283730).  Saving model ...
  Ep 4: Train 0.3229 | Val 0.2646 | Test 0.0253
Validation loss decreased (0.264608 --> 0.264608).  Saving model ...
  Ep 5: Train 0.3049 | Val 0.2543 | Test 0.0270
Validation loss decreased (0.254301 --> 0.254301).  Saving model ...
  Ep 6: Train 0.2974 | Val 0.2366 | Test 0.0243
Validation loss decreased (0.236577 --> 0.236577).  Saving model ...
  Ep 7: Train 0.2913 | Val 0.2301 | Test 0.0252
Validation loss decreased (0.230137 --> 0.230137).  Saving model ...
  Ep 8: Train 0.2815 | Val 0.2269 | Test 0.0262
Validation loss decreased (0.226881 --> 0.226881).  Saving model ...
  Ep 9: Train 0.2813 | Val 0.2189 | Test 0.0245
Validation loss decreased (0.218894 --> 0.218894).  Saving model ...
  Ep 10: Train 0.2699 | Val 0.2312 | Test 0.0233
EarlyStopping counter: 1 out of 5
  Ep 11: Train 0.2677 | Val 0.2182 | Test 0.0226
Validation loss decreased (0.218237 --> 0.218237).  Saving model ...
  Ep 12: Train 0.2673 | Val 0.2303 | Test 0.0265
EarlyStopping counter: 1 out of 5
  Ep 13: Train 0.2584 | Val 0.2079 | Test 0.0209
Validation loss decreased (0.207908 --> 0.207908).  Saving model ...
  Ep 14: Train 0.2613 | Val 0.2099 | Test 0.0217
EarlyStopping counter: 1 out of 5
  Ep 15: Train 0.2546 | Val 0.2067 | Test 0.0200
Validation loss decreased (0.206733 --> 0.206733).  Saving model ...
  Ep 16: Train 0.2512 | Val 0.2068 | Test 0.0258
EarlyStopping counter: 1 out of 5
  Ep 17: Train 0.2505 | Val 0.2107 | Test 0.0241
EarlyStopping counter: 2 out of 5
  Ep 18: Train 0.2525 | Val 0.1997 | Test 0.0213
Validation loss decreased (0.199673 --> 0.199673).  Saving model ...
  Ep 19: Train 0.2481 | Val 0.2188 | Test 0.0293
EarlyStopping counter: 1 out of 5
  Ep 20: Train 0.2429 | Val 0.2101 | Test 0.0282
EarlyStopping counter: 2 out of 5
  Ep 21: Train 0.2421 | Val 0.1921 | Test 0.0217
Validation loss decreased (0.192096 --> 0.192096).  Saving model ...
  Ep 22: Train 0.2463 | Val 0.1867 | Test 0.0211
Validation loss decreased (0.186740 --> 0.186740).  Saving model ...
  Ep 23: Train 0.2450 | Val 0.1859 | Test 0.0192
Validation loss decreased (0.185913 --> 0.185913).  Saving model ...
  Ep 24: Train 0.2412 | Val 0.1873 | Test 0.0192
EarlyStopping counter: 1 out of 5
  Ep 25: Train 0.2352 | Val 0.1882 | Test 0.0203
EarlyStopping counter: 2 out of 5
  Ep 26: Train 0.2395 | Val 0.1905 | Test 0.0226
EarlyStopping counter: 3 out of 5
  Ep 27: Train 0.2349 | Val 0.1868 | Test 0.0209
EarlyStopping counter: 4 out of 5
  Ep 28: Train 0.2313 | Val 0.1865 | Test 0.0208
EarlyStopping counter: 5 out of 5
Early stopping triggered!
/home/sangukchoi/Stroke_SDA/sda_training.py:615: FutureWarning: You are using `torch.load` with `weights_only=False` (the current default value), which uses the default pickle module implicitly. It is possible to construct malicious pickle data which will execute arbitrary code during unpickling (See https://github.com/pytorch/pytorch/blob/main/SECURITY.md#untrusted-models for more details). In a future release, the default value for `weights_only` will be flipped to `True`. This limits the functions that could be executed during unpickling. Arbitrary objects will no longer be allowed to be loaded via this mode unless they are explicitly allowlisted by the user via `torch.serialization.add_safe_globals`. We recommend you start setting `weights_only=True` for any use case where you don't have full control of the loaded file. Please open an issue on GitHub for any issues related to this experimental feature.
  model.load_state_dict(torch.load(os.path.join(out_dir, 'best_model.pth')))
Final Test MSE (Best Model): 0.0192
Finished. Status: Success
