Starting Run on GPU 3
Time: 2025-12-24 12:00:14

[Run Start] Subject S003 | Mode ['SDA'] | Params: L1.0_LS0.7_LR0.0001_E128_D64_Dr0.3

[Fold 1 - SDA] Train: ['S003_T003', 'S003_T006'], Test: S003_T002, Norm: fixed
/home/sangukchoi/.conda/envs/torch_gpu/lib/python3.10/site-packages/torch/nn/modules/rnn.py:123: UserWarning: dropout option adds dropout after all but last recurrent layer, so non-zero dropout expects num_layers greater than 1, but got dropout=0.3 and num_layers=1
  warnings.warn(
  Ep 1: Train 0.3439 | Val 0.1997 | Test 0.0220
Validation loss decreased (0.199659 --> 0.199659).  Saving model ...
  Ep 2: Train 0.1936 | Val 0.1672 | Test 0.0193
Validation loss decreased (0.167171 --> 0.167171).  Saving model ...
  Ep 3: Train 0.1721 | Val 0.1378 | Test 0.0222
Validation loss decreased (0.137791 --> 0.137791).  Saving model ...
  Ep 4: Train 0.1597 | Val 0.1311 | Test 0.0233
Validation loss decreased (0.131139 --> 0.131139).  Saving model ...
  Ep 5: Train 0.1531 | Val 0.1194 | Test 0.0212
Validation loss decreased (0.119422 --> 0.119422).  Saving model ...
  Ep 6: Train 0.1469 | Val 0.1118 | Test 0.0232
Validation loss decreased (0.111772 --> 0.111772).  Saving model ...
  Ep 7: Train 0.1453 | Val 0.1055 | Test 0.0224
Validation loss decreased (0.105485 --> 0.105485).  Saving model ...
  Ep 8: Train 0.1427 | Val 0.1121 | Test 0.0243
EarlyStopping counter: 1 out of 5
  Ep 9: Train 0.1403 | Val 0.1025 | Test 0.0214
Validation loss decreased (0.102487 --> 0.102487).  Saving model ...
  Ep 10: Train 0.1394 | Val 0.1048 | Test 0.0218
EarlyStopping counter: 1 out of 5
  Ep 11: Train 0.1337 | Val 0.1045 | Test 0.0231
EarlyStopping counter: 2 out of 5
  Ep 12: Train 0.1339 | Val 0.1040 | Test 0.0225
EarlyStopping counter: 3 out of 5
  Ep 13: Train 0.1323 | Val 0.1018 | Test 0.0214
Validation loss decreased (0.101803 --> 0.101803).  Saving model ...
  Ep 14: Train 0.1302 | Val 0.1022 | Test 0.0239
EarlyStopping counter: 1 out of 5
  Ep 15: Train 0.1337 | Val 0.0976 | Test 0.0225
Validation loss decreased (0.097598 --> 0.097598).  Saving model ...
  Ep 16: Train 0.1285 | Val 0.0951 | Test 0.0217
Validation loss decreased (0.095093 --> 0.095093).  Saving model ...
  Ep 17: Train 0.1273 | Val 0.1015 | Test 0.0227
EarlyStopping counter: 1 out of 5
  Ep 18: Train 0.1256 | Val 0.0982 | Test 0.0237
EarlyStopping counter: 2 out of 5
  Ep 19: Train 0.1242 | Val 0.0975 | Test 0.0230
EarlyStopping counter: 3 out of 5
  Ep 20: Train 0.1244 | Val 0.0971 | Test 0.0256
EarlyStopping counter: 4 out of 5
  Ep 21: Train 0.1210 | Val 0.0929 | Test 0.0244
Validation loss decreased (0.092948 --> 0.092948).  Saving model ...
  Ep 22: Train 0.1250 | Val 0.0913 | Test 0.0243
Validation loss decreased (0.091332 --> 0.091332).  Saving model ...
  Ep 23: Train 0.1197 | Val 0.0895 | Test 0.0255
Validation loss decreased (0.089533 --> 0.089533).  Saving model ...
  Ep 24: Train 0.1207 | Val 0.0989 | Test 0.0273
EarlyStopping counter: 1 out of 5
  Ep 25: Train 0.1229 | Val 0.0972 | Test 0.0258
EarlyStopping counter: 2 out of 5
  Ep 26: Train 0.1206 | Val 0.0913 | Test 0.0266
EarlyStopping counter: 3 out of 5
  Ep 27: Train 0.1184 | Val 0.0945 | Test 0.0277
EarlyStopping counter: 4 out of 5
  Ep 28: Train 0.1221 | Val 0.0910 | Test 0.0263
EarlyStopping counter: 5 out of 5
Early stopping triggered!
/home/sangukchoi/Stroke_SDA/sda_training.py:615: FutureWarning: You are using `torch.load` with `weights_only=False` (the current default value), which uses the default pickle module implicitly. It is possible to construct malicious pickle data which will execute arbitrary code during unpickling (See https://github.com/pytorch/pytorch/blob/main/SECURITY.md#untrusted-models for more details). In a future release, the default value for `weights_only` will be flipped to `True`. This limits the functions that could be executed during unpickling. Arbitrary objects will no longer be allowed to be loaded via this mode unless they are explicitly allowlisted by the user via `torch.serialization.add_safe_globals`. We recommend you start setting `weights_only=True` for any use case where you don't have full control of the loaded file. Please open an issue on GitHub for any issues related to this experimental feature.
  model.load_state_dict(torch.load(os.path.join(out_dir, 'best_model.pth')))
Final Test MSE (Best Model): 0.0255
Finished. Status: Success
