Starting Run on GPU 3
Time: 2025-12-24 13:56:51

[Run Start] Subject S003 | Mode ['SDA'] | Params: L2.5_LS0.5_LR0.0001_E64_D128_Dr0.3

[Fold 1 - SDA] Train: ['S003_T003', 'S003_T006'], Test: S003_T002, Norm: fixed
/home/sangukchoi/.conda/envs/torch_gpu/lib/python3.10/site-packages/torch/nn/modules/rnn.py:123: UserWarning: dropout option adds dropout after all but last recurrent layer, so non-zero dropout expects num_layers greater than 1, but got dropout=0.3 and num_layers=1
  warnings.warn(
  Ep 1: Train 0.7905 | Val 0.6965 | Test 0.2128
Validation loss decreased (0.696477 --> 0.696477).  Saving model ...
  Ep 2: Train 0.5207 | Val 0.4195 | Test 0.0437
Validation loss decreased (0.419482 --> 0.419482).  Saving model ...
  Ep 3: Train 0.3990 | Val 0.3392 | Test 0.0317
Validation loss decreased (0.339195 --> 0.339195).  Saving model ...
  Ep 4: Train 0.3521 | Val 0.2775 | Test 0.0260
Validation loss decreased (0.277458 --> 0.277458).  Saving model ...
  Ep 5: Train 0.3335 | Val 0.2601 | Test 0.0243
Validation loss decreased (0.260104 --> 0.260104).  Saving model ...
  Ep 6: Train 0.3160 | Val 0.2563 | Test 0.0276
Validation loss decreased (0.256345 --> 0.256345).  Saving model ...
  Ep 7: Train 0.3085 | Val 0.2393 | Test 0.0230
Validation loss decreased (0.239260 --> 0.239260).  Saving model ...
  Ep 8: Train 0.3054 | Val 0.2486 | Test 0.0248
EarlyStopping counter: 1 out of 5
  Ep 9: Train 0.3035 | Val 0.2292 | Test 0.0229
Validation loss decreased (0.229239 --> 0.229239).  Saving model ...
  Ep 10: Train 0.2969 | Val 0.2318 | Test 0.0244
EarlyStopping counter: 1 out of 5
  Ep 11: Train 0.2998 | Val 0.2390 | Test 0.0241
EarlyStopping counter: 2 out of 5
  Ep 12: Train 0.2873 | Val 0.2283 | Test 0.0214
Validation loss decreased (0.228323 --> 0.228323).  Saving model ...
  Ep 13: Train 0.2895 | Val 0.2236 | Test 0.0227
Validation loss decreased (0.223593 --> 0.223593).  Saving model ...
  Ep 14: Train 0.2847 | Val 0.2342 | Test 0.0244
EarlyStopping counter: 1 out of 5
  Ep 15: Train 0.2863 | Val 0.2291 | Test 0.0240
EarlyStopping counter: 2 out of 5
  Ep 16: Train 0.2855 | Val 0.2258 | Test 0.0250
EarlyStopping counter: 3 out of 5
  Ep 17: Train 0.2770 | Val 0.2271 | Test 0.0272
EarlyStopping counter: 4 out of 5
  Ep 18: Train 0.2744 | Val 0.2177 | Test 0.0229
Validation loss decreased (0.217697 --> 0.217697).  Saving model ...
  Ep 19: Train 0.2727 | Val 0.2305 | Test 0.0266
EarlyStopping counter: 1 out of 5
  Ep 20: Train 0.2688 | Val 0.2238 | Test 0.0226
EarlyStopping counter: 2 out of 5
  Ep 21: Train 0.2747 | Val 0.2156 | Test 0.0252
Validation loss decreased (0.215590 --> 0.215590).  Saving model ...
  Ep 22: Train 0.2691 | Val 0.2156 | Test 0.0262
EarlyStopping counter: 1 out of 5
  Ep 23: Train 0.2672 | Val 0.2088 | Test 0.0238
Validation loss decreased (0.208753 --> 0.208753).  Saving model ...
  Ep 24: Train 0.2723 | Val 0.2101 | Test 0.0241
EarlyStopping counter: 1 out of 5
  Ep 25: Train 0.2618 | Val 0.2158 | Test 0.0249
EarlyStopping counter: 2 out of 5
  Ep 26: Train 0.2660 | Val 0.2194 | Test 0.0240
EarlyStopping counter: 3 out of 5
  Ep 27: Train 0.2629 | Val 0.2255 | Test 0.0243
EarlyStopping counter: 4 out of 5
  Ep 28: Train 0.2639 | Val 0.1881 | Test 0.0248
Validation loss decreased (0.188134 --> 0.188134).  Saving model ...
  Ep 29: Train 0.2545 | Val 0.2243 | Test 0.0252
EarlyStopping counter: 1 out of 5
  Ep 30: Train 0.2626 | Val 0.1794 | Test 0.0219
Validation loss decreased (0.179390 --> 0.179390).  Saving model ...
  Ep 31: Train 0.2552 | Val 0.1617 | Test 0.0244
Validation loss decreased (0.161682 --> 0.161682).  Saving model ...
  Ep 32: Train 0.2524 | Val 0.1858 | Test 0.0243
EarlyStopping counter: 1 out of 5
  Ep 33: Train 0.2517 | Val 0.1884 | Test 0.0270
EarlyStopping counter: 2 out of 5
  Ep 34: Train 0.2622 | Val 0.3043 | Test 0.0294
EarlyStopping counter: 3 out of 5
  Ep 35: Train 0.2440 | Val 0.1827 | Test 0.0286
EarlyStopping counter: 4 out of 5
  Ep 36: Train 0.2904 | Val 0.3310 | Test 0.0298
EarlyStopping counter: 5 out of 5
Early stopping triggered!
/home/sangukchoi/Stroke_SDA/sda_training.py:615: FutureWarning: You are using `torch.load` with `weights_only=False` (the current default value), which uses the default pickle module implicitly. It is possible to construct malicious pickle data which will execute arbitrary code during unpickling (See https://github.com/pytorch/pytorch/blob/main/SECURITY.md#untrusted-models for more details). In a future release, the default value for `weights_only` will be flipped to `True`. This limits the functions that could be executed during unpickling. Arbitrary objects will no longer be allowed to be loaded via this mode unless they are explicitly allowlisted by the user via `torch.serialization.add_safe_globals`. We recommend you start setting `weights_only=True` for any use case where you don't have full control of the loaded file. Please open an issue on GitHub for any issues related to this experimental feature.
  model.load_state_dict(torch.load(os.path.join(out_dir, 'best_model.pth')))
Final Test MSE (Best Model): 0.0244
Finished. Status: Success
