Starting Run on GPU 3
Time: 2025-12-24 13:24:21

[Run Start] Subject S003 | Mode ['SDA'] | Params: L2.0_LS1.0_LR0.0001_E64_D128_Dr0.3

[Fold 1 - SDA] Train: ['S003_T003', 'S003_T006'], Test: S003_T002, Norm: fixed
/home/sangukchoi/.conda/envs/torch_gpu/lib/python3.10/site-packages/torch/nn/modules/rnn.py:123: UserWarning: dropout option adds dropout after all but last recurrent layer, so non-zero dropout expects num_layers greater than 1, but got dropout=0.3 and num_layers=1
  warnings.warn(
  Ep 1: Train 0.6418 | Val 0.4334 | Test 0.0316
Validation loss decreased (0.433398 --> 0.433398).  Saving model ...
  Ep 2: Train 0.3861 | Val 0.3450 | Test 0.0333
Validation loss decreased (0.345040 --> 0.345040).  Saving model ...
  Ep 3: Train 0.3339 | Val 0.2706 | Test 0.0258
Validation loss decreased (0.270620 --> 0.270620).  Saving model ...
  Ep 4: Train 0.3105 | Val 0.2541 | Test 0.0265
Validation loss decreased (0.254110 --> 0.254110).  Saving model ...
  Ep 5: Train 0.3026 | Val 0.2494 | Test 0.0266
Validation loss decreased (0.249435 --> 0.249435).  Saving model ...
  Ep 6: Train 0.2987 | Val 0.2368 | Test 0.0260
Validation loss decreased (0.236823 --> 0.236823).  Saving model ...
  Ep 7: Train 0.2920 | Val 0.2359 | Test 0.0262
Validation loss decreased (0.235905 --> 0.235905).  Saving model ...
  Ep 8: Train 0.2841 | Val 0.2333 | Test 0.0257
Validation loss decreased (0.233304 --> 0.233304).  Saving model ...
  Ep 9: Train 0.2808 | Val 0.2393 | Test 0.0285
EarlyStopping counter: 1 out of 5
  Ep 10: Train 0.2791 | Val 0.2257 | Test 0.0268
Validation loss decreased (0.225715 --> 0.225715).  Saving model ...
  Ep 11: Train 0.2778 | Val 0.2257 | Test 0.0259
EarlyStopping counter: 1 out of 5
  Ep 12: Train 0.2712 | Val 0.2212 | Test 0.0254
Validation loss decreased (0.221243 --> 0.221243).  Saving model ...
  Ep 13: Train 0.2715 | Val 0.2276 | Test 0.0278
EarlyStopping counter: 1 out of 5
  Ep 14: Train 0.2706 | Val 0.2123 | Test 0.0245
Validation loss decreased (0.212283 --> 0.212283).  Saving model ...
  Ep 15: Train 0.2639 | Val 0.2227 | Test 0.0280
EarlyStopping counter: 1 out of 5
  Ep 16: Train 0.2668 | Val 0.2212 | Test 0.0275
EarlyStopping counter: 2 out of 5
  Ep 17: Train 0.2629 | Val 0.2068 | Test 0.0244
Validation loss decreased (0.206786 --> 0.206786).  Saving model ...
  Ep 18: Train 0.2600 | Val 0.2089 | Test 0.0280
EarlyStopping counter: 1 out of 5
  Ep 19: Train 0.2549 | Val 0.2026 | Test 0.0237
Validation loss decreased (0.202577 --> 0.202577).  Saving model ...
  Ep 20: Train 0.2519 | Val 0.2048 | Test 0.0246
EarlyStopping counter: 1 out of 5
  Ep 21: Train 0.2470 | Val 0.2161 | Test 0.0244
EarlyStopping counter: 2 out of 5
  Ep 22: Train 0.2513 | Val 0.2078 | Test 0.0266
EarlyStopping counter: 3 out of 5
  Ep 23: Train 0.2464 | Val 0.1925 | Test 0.0230
Validation loss decreased (0.192482 --> 0.192482).  Saving model ...
  Ep 24: Train 0.2462 | Val 0.1905 | Test 0.0242
Validation loss decreased (0.190499 --> 0.190499).  Saving model ...
  Ep 25: Train 0.2406 | Val 0.1870 | Test 0.0227
Validation loss decreased (0.187029 --> 0.187029).  Saving model ...
  Ep 26: Train 0.2368 | Val 0.1930 | Test 0.0233
EarlyStopping counter: 1 out of 5
  Ep 27: Train 0.2427 | Val 0.2014 | Test 0.0258
EarlyStopping counter: 2 out of 5
  Ep 28: Train 0.2379 | Val 0.1890 | Test 0.0211
EarlyStopping counter: 3 out of 5
  Ep 29: Train 0.2406 | Val 0.1952 | Test 0.0224
EarlyStopping counter: 4 out of 5
  Ep 30: Train 0.2302 | Val 0.1923 | Test 0.0243
EarlyStopping counter: 5 out of 5
Early stopping triggered!
/home/sangukchoi/Stroke_SDA/sda_training.py:615: FutureWarning: You are using `torch.load` with `weights_only=False` (the current default value), which uses the default pickle module implicitly. It is possible to construct malicious pickle data which will execute arbitrary code during unpickling (See https://github.com/pytorch/pytorch/blob/main/SECURITY.md#untrusted-models for more details). In a future release, the default value for `weights_only` will be flipped to `True`. This limits the functions that could be executed during unpickling. Arbitrary objects will no longer be allowed to be loaded via this mode unless they are explicitly allowlisted by the user via `torch.serialization.add_safe_globals`. We recommend you start setting `weights_only=True` for any use case where you don't have full control of the loaded file. Please open an issue on GitHub for any issues related to this experimental feature.
  model.load_state_dict(torch.load(os.path.join(out_dir, 'best_model.pth')))
Final Test MSE (Best Model): 0.0227
Finished. Status: Success
