Starting Run on GPU 0
Time: 2025-12-24 13:37:53

[Run Start] Subject S003 | Mode ['SDA'] | Params: L2.5_LS0.3_LR0.0001_E64_D64_Dr0.3

[Fold 1 - SDA] Train: ['S003_T003', 'S003_T006'], Test: S003_T002, Norm: fixed
/home/sangukchoi/.conda/envs/torch_gpu/lib/python3.10/site-packages/torch/nn/modules/rnn.py:123: UserWarning: dropout option adds dropout after all but last recurrent layer, so non-zero dropout expects num_layers greater than 1, but got dropout=0.3 and num_layers=1
  warnings.warn(
  Ep 1: Train 0.6912 | Val 0.5774 | Test 0.1457
Validation loss decreased (0.577421 --> 0.577421).  Saving model ...
  Ep 2: Train 0.4184 | Val 0.3629 | Test 0.0402
Validation loss decreased (0.362947 --> 0.362947).  Saving model ...
  Ep 3: Train 0.3670 | Val 0.3350 | Test 0.0318
Validation loss decreased (0.334979 --> 0.334979).  Saving model ...
  Ep 4: Train 0.3468 | Val 0.2924 | Test 0.0276
Validation loss decreased (0.292449 --> 0.292449).  Saving model ...
  Ep 5: Train 0.3299 | Val 0.2737 | Test 0.0268
Validation loss decreased (0.273653 --> 0.273653).  Saving model ...
  Ep 6: Train 0.3146 | Val 0.2557 | Test 0.0247
Validation loss decreased (0.255685 --> 0.255685).  Saving model ...
  Ep 7: Train 0.3142 | Val 0.2372 | Test 0.0270
Validation loss decreased (0.237248 --> 0.237248).  Saving model ...
  Ep 8: Train 0.2993 | Val 0.2308 | Test 0.0277
Validation loss decreased (0.230842 --> 0.230842).  Saving model ...
  Ep 9: Train 0.3005 | Val 0.2260 | Test 0.0268
Validation loss decreased (0.225973 --> 0.225973).  Saving model ...
  Ep 10: Train 0.2930 | Val 0.2281 | Test 0.0246
EarlyStopping counter: 1 out of 5
  Ep 11: Train 0.2920 | Val 0.2342 | Test 0.0267
EarlyStopping counter: 2 out of 5
  Ep 12: Train 0.2874 | Val 0.2207 | Test 0.0229
Validation loss decreased (0.220707 --> 0.220707).  Saving model ...
  Ep 13: Train 0.2861 | Val 0.2185 | Test 0.0247
Validation loss decreased (0.218503 --> 0.218503).  Saving model ...
  Ep 14: Train 0.2818 | Val 0.2197 | Test 0.0247
EarlyStopping counter: 1 out of 5
  Ep 15: Train 0.2798 | Val 0.2151 | Test 0.0266
Validation loss decreased (0.215141 --> 0.215141).  Saving model ...
  Ep 16: Train 0.2794 | Val 0.2159 | Test 0.0273
EarlyStopping counter: 1 out of 5
  Ep 17: Train 0.2719 | Val 0.2108 | Test 0.0267
Validation loss decreased (0.210812 --> 0.210812).  Saving model ...
  Ep 18: Train 0.2798 | Val 0.2159 | Test 0.0276
EarlyStopping counter: 1 out of 5
  Ep 19: Train 0.2739 | Val 0.2086 | Test 0.0270
Validation loss decreased (0.208600 --> 0.208600).  Saving model ...
  Ep 20: Train 0.2683 | Val 0.2142 | Test 0.0269
EarlyStopping counter: 1 out of 5
  Ep 21: Train 0.2757 | Val 0.2164 | Test 0.0241
EarlyStopping counter: 2 out of 5
  Ep 22: Train 0.2674 | Val 0.2177 | Test 0.0244
EarlyStopping counter: 3 out of 5
  Ep 23: Train 0.2719 | Val 0.2051 | Test 0.0250
Validation loss decreased (0.205090 --> 0.205090).  Saving model ...
  Ep 24: Train 0.2684 | Val 0.2038 | Test 0.0244
Validation loss decreased (0.203809 --> 0.203809).  Saving model ...
  Ep 25: Train 0.2662 | Val 0.2085 | Test 0.0280
EarlyStopping counter: 1 out of 5
  Ep 26: Train 0.2727 | Val 0.2167 | Test 0.0260
EarlyStopping counter: 2 out of 5
  Ep 27: Train 0.2668 | Val 0.2099 | Test 0.0252
EarlyStopping counter: 3 out of 5
  Ep 28: Train 0.2657 | Val 0.2012 | Test 0.0246
Validation loss decreased (0.201215 --> 0.201215).  Saving model ...
  Ep 29: Train 0.2617 | Val 0.1949 | Test 0.0255
Validation loss decreased (0.194864 --> 0.194864).  Saving model ...
  Ep 30: Train 0.2574 | Val 0.2325 | Test 0.0291
EarlyStopping counter: 1 out of 5
  Ep 31: Train 0.2603 | Val 0.1966 | Test 0.0293
EarlyStopping counter: 2 out of 5
  Ep 32: Train 0.2542 | Val 0.1837 | Test 0.0234
Validation loss decreased (0.183723 --> 0.183723).  Saving model ...
  Ep 33: Train 0.2565 | Val 0.2358 | Test 0.0294
EarlyStopping counter: 1 out of 5
  Ep 34: Train 0.2612 | Val 0.1968 | Test 0.0259
EarlyStopping counter: 2 out of 5
  Ep 35: Train 0.2553 | Val 0.2019 | Test 0.0231
EarlyStopping counter: 3 out of 5
  Ep 36: Train 0.2480 | Val 0.1741 | Test 0.0231
Validation loss decreased (0.174108 --> 0.174108).  Saving model ...
  Ep 37: Train 0.2567 | Val 0.2469 | Test 0.0320
EarlyStopping counter: 1 out of 5
  Ep 38: Train 0.2449 | Val 0.2147 | Test 0.0272
EarlyStopping counter: 2 out of 5
  Ep 39: Train 0.2460 | Val 0.1461 | Test 0.0235
Validation loss decreased (0.146087 --> 0.146087).  Saving model ...
  Ep 40: Train 0.2473 | Val 0.1662 | Test 0.0251
EarlyStopping counter: 1 out of 5
  Ep 41: Train 0.2547 | Val 0.1920 | Test 0.0287
EarlyStopping counter: 2 out of 5
  Ep 42: Train 0.2485 | Val 0.0670 | Test 0.0276
Validation loss decreased (0.066958 --> 0.066958).  Saving model ...
  Ep 43: Train 0.2449 | Val 0.2795 | Test 0.0255
EarlyStopping counter: 1 out of 5
  Ep 44: Train 0.2452 | Val 0.2521 | Test 0.0249
EarlyStopping counter: 2 out of 5
  Ep 45: Train 0.2450 | Val 0.0743 | Test 0.0260
EarlyStopping counter: 3 out of 5
  Ep 46: Train 0.2430 | Val 0.2118 | Test 0.0339
EarlyStopping counter: 4 out of 5
  Ep 47: Train 0.2327 | Val 0.4394 | Test 0.0359
EarlyStopping counter: 5 out of 5
Early stopping triggered!
/home/sangukchoi/Stroke_SDA/sda_training.py:615: FutureWarning: You are using `torch.load` with `weights_only=False` (the current default value), which uses the default pickle module implicitly. It is possible to construct malicious pickle data which will execute arbitrary code during unpickling (See https://github.com/pytorch/pytorch/blob/main/SECURITY.md#untrusted-models for more details). In a future release, the default value for `weights_only` will be flipped to `True`. This limits the functions that could be executed during unpickling. Arbitrary objects will no longer be allowed to be loaded via this mode unless they are explicitly allowlisted by the user via `torch.serialization.add_safe_globals`. We recommend you start setting `weights_only=True` for any use case where you don't have full control of the loaded file. Please open an issue on GitHub for any issues related to this experimental feature.
  model.load_state_dict(torch.load(os.path.join(out_dir, 'best_model.pth')))
Final Test MSE (Best Model): 0.0276
Finished. Status: Success
