Starting Run on GPU 3
Time: 2025-12-24 11:10:12

[Run Start] Subject S003 | Mode ['SDA'] | Params: L0.5_LS0.7_LR0.0001_E128_D32_Dr0.3

[Fold 1 - SDA] Train: ['S003_T003', 'S003_T006'], Test: S003_T002, Norm: fixed
/home/sangukchoi/.conda/envs/torch_gpu/lib/python3.10/site-packages/torch/nn/modules/rnn.py:123: UserWarning: dropout option adds dropout after all but last recurrent layer, so non-zero dropout expects num_layers greater than 1, but got dropout=0.3 and num_layers=1
  warnings.warn(
  Ep 1: Train 0.2597 | Val 0.1221 | Test 0.0174
Validation loss decreased (0.122129 --> 0.122129).  Saving model ...
  Ep 2: Train 0.1230 | Val 0.0872 | Test 0.0178
Validation loss decreased (0.087156 --> 0.087156).  Saving model ...
  Ep 3: Train 0.1065 | Val 0.0821 | Test 0.0179
Validation loss decreased (0.082063 --> 0.082063).  Saving model ...
  Ep 4: Train 0.1001 | Val 0.0785 | Test 0.0232
Validation loss decreased (0.078525 --> 0.078525).  Saving model ...
  Ep 5: Train 0.0964 | Val 0.0747 | Test 0.0224
Validation loss decreased (0.074739 --> 0.074739).  Saving model ...
  Ep 6: Train 0.0921 | Val 0.0711 | Test 0.0256
Validation loss decreased (0.071096 --> 0.071096).  Saving model ...
  Ep 7: Train 0.0894 | Val 0.0685 | Test 0.0237
Validation loss decreased (0.068505 --> 0.068505).  Saving model ...
  Ep 8: Train 0.0873 | Val 0.0678 | Test 0.0261
Validation loss decreased (0.067841 --> 0.067841).  Saving model ...
  Ep 9: Train 0.0860 | Val 0.0645 | Test 0.0243
Validation loss decreased (0.064537 --> 0.064537).  Saving model ...
  Ep 10: Train 0.0847 | Val 0.0654 | Test 0.0283
EarlyStopping counter: 1 out of 5
  Ep 11: Train 0.0823 | Val 0.0680 | Test 0.0306
EarlyStopping counter: 2 out of 5
  Ep 12: Train 0.0813 | Val 0.0630 | Test 0.0278
Validation loss decreased (0.063036 --> 0.063036).  Saving model ...
  Ep 13: Train 0.0811 | Val 0.0609 | Test 0.0262
Validation loss decreased (0.060865 --> 0.060865).  Saving model ...
  Ep 14: Train 0.0789 | Val 0.0609 | Test 0.0284
EarlyStopping counter: 1 out of 5
  Ep 15: Train 0.0767 | Val 0.0605 | Test 0.0307
EarlyStopping counter: 2 out of 5
  Ep 16: Train 0.0774 | Val 0.0611 | Test 0.0312
EarlyStopping counter: 3 out of 5
  Ep 17: Train 0.0770 | Val 0.0581 | Test 0.0282
Validation loss decreased (0.058099 --> 0.058099).  Saving model ...
  Ep 18: Train 0.0759 | Val 0.0600 | Test 0.0327
EarlyStopping counter: 1 out of 5
  Ep 19: Train 0.0747 | Val 0.0577 | Test 0.0307
EarlyStopping counter: 2 out of 5
  Ep 20: Train 0.0740 | Val 0.0616 | Test 0.0304
EarlyStopping counter: 3 out of 5
  Ep 21: Train 0.0742 | Val 0.0553 | Test 0.0296
Validation loss decreased (0.055285 --> 0.055285).  Saving model ...
  Ep 22: Train 0.0741 | Val 0.0571 | Test 0.0340
EarlyStopping counter: 1 out of 5
  Ep 23: Train 0.0713 | Val 0.0576 | Test 0.0329
EarlyStopping counter: 2 out of 5
  Ep 24: Train 0.0702 | Val 0.0584 | Test 0.0339
EarlyStopping counter: 3 out of 5
  Ep 25: Train 0.0720 | Val 0.0547 | Test 0.0343
Validation loss decreased (0.054734 --> 0.054734).  Saving model ...
  Ep 26: Train 0.0701 | Val 0.0543 | Test 0.0321
EarlyStopping counter: 1 out of 5
  Ep 27: Train 0.0703 | Val 0.0567 | Test 0.0338
EarlyStopping counter: 2 out of 5
  Ep 28: Train 0.0687 | Val 0.0584 | Test 0.0342
EarlyStopping counter: 3 out of 5
  Ep 29: Train 0.0696 | Val 0.0540 | Test 0.0336
Validation loss decreased (0.054048 --> 0.054048).  Saving model ...
  Ep 30: Train 0.0685 | Val 0.0558 | Test 0.0349
EarlyStopping counter: 1 out of 5
  Ep 31: Train 0.0698 | Val 0.0548 | Test 0.0326
EarlyStopping counter: 2 out of 5
  Ep 32: Train 0.0688 | Val 0.0525 | Test 0.0337
Validation loss decreased (0.052475 --> 0.052475).  Saving model ...
  Ep 33: Train 0.0665 | Val 0.0518 | Test 0.0349
Validation loss decreased (0.051793 --> 0.051793).  Saving model ...
  Ep 34: Train 0.0658 | Val 0.0520 | Test 0.0304
EarlyStopping counter: 1 out of 5
  Ep 35: Train 0.0669 | Val 0.0512 | Test 0.0340
Validation loss decreased (0.051170 --> 0.051170).  Saving model ...
  Ep 36: Train 0.0652 | Val 0.0518 | Test 0.0337
EarlyStopping counter: 1 out of 5
  Ep 37: Train 0.0649 | Val 0.0530 | Test 0.0386
EarlyStopping counter: 2 out of 5
  Ep 38: Train 0.0643 | Val 0.0519 | Test 0.0337
EarlyStopping counter: 3 out of 5
  Ep 39: Train 0.0638 | Val 0.0496 | Test 0.0340
Validation loss decreased (0.049648 --> 0.049648).  Saving model ...
  Ep 40: Train 0.0647 | Val 0.0517 | Test 0.0423
EarlyStopping counter: 1 out of 5
  Ep 41: Train 0.0634 | Val 0.0485 | Test 0.0356
Validation loss decreased (0.048532 --> 0.048532).  Saving model ...
  Ep 42: Train 0.0623 | Val 0.0500 | Test 0.0394
EarlyStopping counter: 1 out of 5
  Ep 43: Train 0.0638 | Val 0.0514 | Test 0.0391
EarlyStopping counter: 2 out of 5
  Ep 44: Train 0.0621 | Val 0.0490 | Test 0.0363
EarlyStopping counter: 3 out of 5
  Ep 45: Train 0.0622 | Val 0.0503 | Test 0.0384
EarlyStopping counter: 4 out of 5
  Ep 46: Train 0.0617 | Val 0.0520 | Test 0.0356
EarlyStopping counter: 5 out of 5
Early stopping triggered!
/home/sangukchoi/Stroke_SDA/sda_training.py:615: FutureWarning: You are using `torch.load` with `weights_only=False` (the current default value), which uses the default pickle module implicitly. It is possible to construct malicious pickle data which will execute arbitrary code during unpickling (See https://github.com/pytorch/pytorch/blob/main/SECURITY.md#untrusted-models for more details). In a future release, the default value for `weights_only` will be flipped to `True`. This limits the functions that could be executed during unpickling. Arbitrary objects will no longer be allowed to be loaded via this mode unless they are explicitly allowlisted by the user via `torch.serialization.add_safe_globals`. We recommend you start setting `weights_only=True` for any use case where you don't have full control of the loaded file. Please open an issue on GitHub for any issues related to this experimental feature.
  model.load_state_dict(torch.load(os.path.join(out_dir, 'best_model.pth')))
Final Test MSE (Best Model): 0.0356
Finished. Status: Success
