Starting Run on GPU 0
Time: 2025-12-24 15:05:09

[Run Start] Subject S003 | Mode ['SDA'] | Params: L3.0_LS0.7_LR0.0001_E128_D128_Dr0.3

[Fold 1 - SDA] Train: ['S003_T003', 'S003_T006'], Test: S003_T002, Norm: fixed
/home/sangukchoi/.conda/envs/torch_gpu/lib/python3.10/site-packages/torch/nn/modules/rnn.py:123: UserWarning: dropout option adds dropout after all but last recurrent layer, so non-zero dropout expects num_layers greater than 1, but got dropout=0.3 and num_layers=1
  warnings.warn(
  Ep 1: Train 0.7591 | Val 0.5362 | Test 0.0522
Validation loss decreased (0.536194 --> 0.536194).  Saving model ...
  Ep 2: Train 0.4547 | Val 0.3542 | Test 0.0259
Validation loss decreased (0.354248 --> 0.354248).  Saving model ...
  Ep 3: Train 0.3952 | Val 0.3189 | Test 0.0272
Validation loss decreased (0.318889 --> 0.318889).  Saving model ...
  Ep 4: Train 0.3896 | Val 0.3237 | Test 0.0325
EarlyStopping counter: 1 out of 5
  Ep 5: Train 0.3737 | Val 0.2994 | Test 0.0270
Validation loss decreased (0.299434 --> 0.299434).  Saving model ...
  Ep 6: Train 0.3694 | Val 0.2921 | Test 0.0248
Validation loss decreased (0.292127 --> 0.292127).  Saving model ...
  Ep 7: Train 0.3603 | Val 0.2855 | Test 0.0251
Validation loss decreased (0.285487 --> 0.285487).  Saving model ...
  Ep 8: Train 0.3571 | Val 0.2737 | Test 0.0258
Validation loss decreased (0.273703 --> 0.273703).  Saving model ...
  Ep 9: Train 0.3467 | Val 0.2936 | Test 0.0321
EarlyStopping counter: 1 out of 5
  Ep 10: Train 0.3446 | Val 0.3012 | Test 0.0298
EarlyStopping counter: 2 out of 5
  Ep 11: Train 0.3424 | Val 0.2716 | Test 0.0250
Validation loss decreased (0.271577 --> 0.271577).  Saving model ...
  Ep 12: Train 0.3448 | Val 0.2707 | Test 0.0264
Validation loss decreased (0.270733 --> 0.270733).  Saving model ...
  Ep 13: Train 0.3302 | Val 0.2618 | Test 0.0236
Validation loss decreased (0.261828 --> 0.261828).  Saving model ...
  Ep 14: Train 0.3357 | Val 0.2674 | Test 0.0260
EarlyStopping counter: 1 out of 5
  Ep 15: Train 0.3359 | Val 0.2748 | Test 0.0229
EarlyStopping counter: 2 out of 5
  Ep 16: Train 0.3317 | Val 0.2866 | Test 0.0276
EarlyStopping counter: 3 out of 5
  Ep 17: Train 0.3315 | Val 0.2892 | Test 0.0294
EarlyStopping counter: 4 out of 5
  Ep 18: Train 0.3281 | Val 0.2817 | Test 0.0304
EarlyStopping counter: 5 out of 5
Early stopping triggered!
/home/sangukchoi/Stroke_SDA/sda_training.py:615: FutureWarning: You are using `torch.load` with `weights_only=False` (the current default value), which uses the default pickle module implicitly. It is possible to construct malicious pickle data which will execute arbitrary code during unpickling (See https://github.com/pytorch/pytorch/blob/main/SECURITY.md#untrusted-models for more details). In a future release, the default value for `weights_only` will be flipped to `True`. This limits the functions that could be executed during unpickling. Arbitrary objects will no longer be allowed to be loaded via this mode unless they are explicitly allowlisted by the user via `torch.serialization.add_safe_globals`. We recommend you start setting `weights_only=True` for any use case where you don't have full control of the loaded file. Please open an issue on GitHub for any issues related to this experimental feature.
  model.load_state_dict(torch.load(os.path.join(out_dir, 'best_model.pth')))
Final Test MSE (Best Model): 0.0236
Finished. Status: Success
