Starting Run on GPU 1
Time: 2025-12-24 13:45:03

[Run Start] Subject S003 | Mode ['SDA'] | Params: L2.5_LS0.3_LR0.0001_E128_D32_Dr0.3

[Fold 1 - SDA] Train: ['S003_T003', 'S003_T006'], Test: S003_T002, Norm: fixed
/home/sangukchoi/.conda/envs/torch_gpu/lib/python3.10/site-packages/torch/nn/modules/rnn.py:123: UserWarning: dropout option adds dropout after all but last recurrent layer, so non-zero dropout expects num_layers greater than 1, but got dropout=0.3 and num_layers=1
  warnings.warn(
  Ep 1: Train 0.5716 | Val 0.3568 | Test 0.0419
Validation loss decreased (0.356804 --> 0.356804).  Saving model ...
  Ep 2: Train 0.3549 | Val 0.2852 | Test 0.0342
Validation loss decreased (0.285163 --> 0.285163).  Saving model ...
  Ep 3: Train 0.3190 | Val 0.2472 | Test 0.0301
Validation loss decreased (0.247172 --> 0.247172).  Saving model ...
  Ep 4: Train 0.3131 | Val 0.2381 | Test 0.0281
Validation loss decreased (0.238129 --> 0.238129).  Saving model ...
  Ep 5: Train 0.3030 | Val 0.2163 | Test 0.0229
Validation loss decreased (0.216276 --> 0.216276).  Saving model ...
  Ep 6: Train 0.2954 | Val 0.2442 | Test 0.0292
EarlyStopping counter: 1 out of 5
  Ep 7: Train 0.2911 | Val 0.2316 | Test 0.0289
EarlyStopping counter: 2 out of 5
  Ep 8: Train 0.2864 | Val 0.2138 | Test 0.0327
Validation loss decreased (0.213832 --> 0.213832).  Saving model ...
  Ep 9: Train 0.2899 | Val 0.2096 | Test 0.0292
Validation loss decreased (0.209635 --> 0.209635).  Saving model ...
  Ep 10: Train 0.2799 | Val 0.2072 | Test 0.0279
Validation loss decreased (0.207180 --> 0.207180).  Saving model ...
  Ep 11: Train 0.2798 | Val 0.2357 | Test 0.0324
EarlyStopping counter: 1 out of 5
  Ep 12: Train 0.2753 | Val 0.2052 | Test 0.0297
Validation loss decreased (0.205157 --> 0.205157).  Saving model ...
  Ep 13: Train 0.2781 | Val 0.2037 | Test 0.0271
Validation loss decreased (0.203663 --> 0.203663).  Saving model ...
  Ep 14: Train 0.2785 | Val 0.1987 | Test 0.0251
Validation loss decreased (0.198654 --> 0.198654).  Saving model ...
  Ep 15: Train 0.2708 | Val 0.1978 | Test 0.0290
Validation loss decreased (0.197777 --> 0.197777).  Saving model ...
  Ep 16: Train 0.2677 | Val 0.1979 | Test 0.0259
EarlyStopping counter: 1 out of 5
  Ep 17: Train 0.2645 | Val 0.1932 | Test 0.0245
Validation loss decreased (0.193215 --> 0.193215).  Saving model ...
  Ep 18: Train 0.2656 | Val 0.1966 | Test 0.0296
EarlyStopping counter: 1 out of 5
  Ep 19: Train 0.2640 | Val 0.1888 | Test 0.0272
Validation loss decreased (0.188798 --> 0.188798).  Saving model ...
  Ep 20: Train 0.2654 | Val 0.1964 | Test 0.0302
EarlyStopping counter: 1 out of 5
  Ep 21: Train 0.2519 | Val 0.1909 | Test 0.0238
EarlyStopping counter: 2 out of 5
  Ep 22: Train 0.2512 | Val 0.1988 | Test 0.0262
EarlyStopping counter: 3 out of 5
  Ep 23: Train 0.2609 | Val 0.2025 | Test 0.0298
EarlyStopping counter: 4 out of 5
  Ep 24: Train 0.2590 | Val 0.1952 | Test 0.0273
EarlyStopping counter: 5 out of 5
Early stopping triggered!
/home/sangukchoi/Stroke_SDA/sda_training.py:615: FutureWarning: You are using `torch.load` with `weights_only=False` (the current default value), which uses the default pickle module implicitly. It is possible to construct malicious pickle data which will execute arbitrary code during unpickling (See https://github.com/pytorch/pytorch/blob/main/SECURITY.md#untrusted-models for more details). In a future release, the default value for `weights_only` will be flipped to `True`. This limits the functions that could be executed during unpickling. Arbitrary objects will no longer be allowed to be loaded via this mode unless they are explicitly allowlisted by the user via `torch.serialization.add_safe_globals`. We recommend you start setting `weights_only=True` for any use case where you don't have full control of the loaded file. Please open an issue on GitHub for any issues related to this experimental feature.
  model.load_state_dict(torch.load(os.path.join(out_dir, 'best_model.pth')))
Final Test MSE (Best Model): 0.0272
Finished. Status: Success
