Starting Run on GPU 1
Time: 2025-12-24 13:11:21

[Run Start] Subject S003 | Mode ['SDA'] | Params: L2.0_LS0.7_LR0.0001_E128_D128_Dr0.3

[Fold 1 - SDA] Train: ['S003_T003', 'S003_T006'], Test: S003_T002, Norm: fixed
/home/sangukchoi/.conda/envs/torch_gpu/lib/python3.10/site-packages/torch/nn/modules/rnn.py:123: UserWarning: dropout option adds dropout after all but last recurrent layer, so non-zero dropout expects num_layers greater than 1, but got dropout=0.3 and num_layers=1
  warnings.warn(
  Ep 1: Train 0.5222 | Val 0.3569 | Test 0.0240
Validation loss decreased (0.356947 --> 0.356947).  Saving model ...
  Ep 2: Train 0.3199 | Val 0.2574 | Test 0.0293
Validation loss decreased (0.257361 --> 0.257361).  Saving model ...
  Ep 3: Train 0.2848 | Val 0.2371 | Test 0.0260
Validation loss decreased (0.237099 --> 0.237099).  Saving model ...
  Ep 4: Train 0.2753 | Val 0.2153 | Test 0.0237
Validation loss decreased (0.215297 --> 0.215297).  Saving model ...
  Ep 5: Train 0.2640 | Val 0.2143 | Test 0.0239
Validation loss decreased (0.214286 --> 0.214286).  Saving model ...
  Ep 6: Train 0.2654 | Val 0.2084 | Test 0.0208
Validation loss decreased (0.208417 --> 0.208417).  Saving model ...
  Ep 7: Train 0.2542 | Val 0.2132 | Test 0.0317
EarlyStopping counter: 1 out of 5
  Ep 8: Train 0.2481 | Val 0.2033 | Test 0.0222
Validation loss decreased (0.203272 --> 0.203272).  Saving model ...
  Ep 9: Train 0.2488 | Val 0.2048 | Test 0.0240
EarlyStopping counter: 1 out of 5
  Ep 10: Train 0.2384 | Val 0.2119 | Test 0.0265
EarlyStopping counter: 2 out of 5
  Ep 11: Train 0.2376 | Val 0.2095 | Test 0.0225
EarlyStopping counter: 3 out of 5
  Ep 12: Train 0.2321 | Val 0.2112 | Test 0.0244
EarlyStopping counter: 4 out of 5
  Ep 13: Train 0.2327 | Val 0.2070 | Test 0.0245
EarlyStopping counter: 5 out of 5
Early stopping triggered!
/home/sangukchoi/Stroke_SDA/sda_training.py:615: FutureWarning: You are using `torch.load` with `weights_only=False` (the current default value), which uses the default pickle module implicitly. It is possible to construct malicious pickle data which will execute arbitrary code during unpickling (See https://github.com/pytorch/pytorch/blob/main/SECURITY.md#untrusted-models for more details). In a future release, the default value for `weights_only` will be flipped to `True`. This limits the functions that could be executed during unpickling. Arbitrary objects will no longer be allowed to be loaded via this mode unless they are explicitly allowlisted by the user via `torch.serialization.add_safe_globals`. We recommend you start setting `weights_only=True` for any use case where you don't have full control of the loaded file. Please open an issue on GitHub for any issues related to this experimental feature.
  model.load_state_dict(torch.load(os.path.join(out_dir, 'best_model.pth')))
Final Test MSE (Best Model): 0.0222
Finished. Status: Success
