Starting Run on GPU 0
Time: 2025-12-24 15:13:16

[Run Start] Subject S003 | Mode ['SDA'] | Params: L3.0_LS1.0_LR0.0001_E64_D64_Dr0.3

[Fold 1 - SDA] Train: ['S003_T003', 'S003_T006'], Test: S003_T002, Norm: fixed
/home/sangukchoi/.conda/envs/torch_gpu/lib/python3.10/site-packages/torch/nn/modules/rnn.py:123: UserWarning: dropout option adds dropout after all but last recurrent layer, so non-zero dropout expects num_layers greater than 1, but got dropout=0.3 and num_layers=1
  warnings.warn(
  Ep 1: Train 0.9123 | Val 0.6853 | Test 0.0766
Validation loss decreased (0.685323 --> 0.685323).  Saving model ...
  Ep 2: Train 0.5895 | Val 0.5618 | Test 0.0438
Validation loss decreased (0.561761 --> 0.561761).  Saving model ...
  Ep 3: Train 0.5124 | Val 0.4466 | Test 0.0329
Validation loss decreased (0.446551 --> 0.446551).  Saving model ...
  Ep 4: Train 0.4461 | Val 0.3489 | Test 0.0303
Validation loss decreased (0.348895 --> 0.348895).  Saving model ...
  Ep 5: Train 0.4118 | Val 0.3274 | Test 0.0282
Validation loss decreased (0.327376 --> 0.327376).  Saving model ...
  Ep 6: Train 0.4006 | Val 0.3157 | Test 0.0308
Validation loss decreased (0.315663 --> 0.315663).  Saving model ...
  Ep 7: Train 0.3958 | Val 0.3230 | Test 0.0273
EarlyStopping counter: 1 out of 5
  Ep 8: Train 0.3905 | Val 0.3017 | Test 0.0275
Validation loss decreased (0.301740 --> 0.301740).  Saving model ...
  Ep 9: Train 0.3844 | Val 0.2952 | Test 0.0268
Validation loss decreased (0.295173 --> 0.295173).  Saving model ...
  Ep 10: Train 0.3747 | Val 0.3059 | Test 0.0312
EarlyStopping counter: 1 out of 5
  Ep 11: Train 0.3691 | Val 0.2992 | Test 0.0289
EarlyStopping counter: 2 out of 5
  Ep 12: Train 0.3719 | Val 0.2780 | Test 0.0248
Validation loss decreased (0.278020 --> 0.278020).  Saving model ...
  Ep 13: Train 0.3646 | Val 0.3153 | Test 0.0321
EarlyStopping counter: 1 out of 5
  Ep 14: Train 0.3640 | Val 0.3146 | Test 0.0314
EarlyStopping counter: 2 out of 5
  Ep 15: Train 0.3574 | Val 0.2757 | Test 0.0263
Validation loss decreased (0.275651 --> 0.275651).  Saving model ...
  Ep 16: Train 0.3586 | Val 0.2673 | Test 0.0266
Validation loss decreased (0.267304 --> 0.267304).  Saving model ...
  Ep 17: Train 0.3533 | Val 0.2716 | Test 0.0275
EarlyStopping counter: 1 out of 5
  Ep 18: Train 0.3617 | Val 0.2742 | Test 0.0267
EarlyStopping counter: 2 out of 5
  Ep 19: Train 0.3391 | Val 0.2763 | Test 0.0280
EarlyStopping counter: 3 out of 5
  Ep 20: Train 0.3399 | Val 0.2675 | Test 0.0269
EarlyStopping counter: 4 out of 5
  Ep 21: Train 0.3412 | Val 0.2954 | Test 0.0276
EarlyStopping counter: 5 out of 5
Early stopping triggered!
/home/sangukchoi/Stroke_SDA/sda_training.py:615: FutureWarning: You are using `torch.load` with `weights_only=False` (the current default value), which uses the default pickle module implicitly. It is possible to construct malicious pickle data which will execute arbitrary code during unpickling (See https://github.com/pytorch/pytorch/blob/main/SECURITY.md#untrusted-models for more details). In a future release, the default value for `weights_only` will be flipped to `True`. This limits the functions that could be executed during unpickling. Arbitrary objects will no longer be allowed to be loaded via this mode unless they are explicitly allowlisted by the user via `torch.serialization.add_safe_globals`. We recommend you start setting `weights_only=True` for any use case where you don't have full control of the loaded file. Please open an issue on GitHub for any issues related to this experimental feature.
  model.load_state_dict(torch.load(os.path.join(out_dir, 'best_model.pth')))
Final Test MSE (Best Model): 0.0266
Finished. Status: Success
