Starting Run on GPU 3
Time: 2025-12-24 15:07:46

[Run Start] Subject S003 | Mode ['SDA'] | Params: L3.0_LS0.7_LR0.0001_E256_D64_Dr0.3

[Fold 1 - SDA] Train: ['S003_T003', 'S003_T006'], Test: S003_T002, Norm: fixed
/home/sangukchoi/.conda/envs/torch_gpu/lib/python3.10/site-packages/torch/nn/modules/rnn.py:123: UserWarning: dropout option adds dropout after all but last recurrent layer, so non-zero dropout expects num_layers greater than 1, but got dropout=0.3 and num_layers=1
  warnings.warn(
  Ep 1: Train 0.6266 | Val 0.4312 | Test 0.0358
Validation loss decreased (0.431225 --> 0.431225).  Saving model ...
  Ep 2: Train 0.4332 | Val 0.3528 | Test 0.0379
Validation loss decreased (0.352765 --> 0.352765).  Saving model ...
  Ep 3: Train 0.3851 | Val 0.2831 | Test 0.0271
Validation loss decreased (0.283108 --> 0.283108).  Saving model ...
  Ep 4: Train 0.3828 | Val 0.2883 | Test 0.0276
EarlyStopping counter: 1 out of 5
  Ep 5: Train 0.3675 | Val 0.2851 | Test 0.0290
EarlyStopping counter: 2 out of 5
  Ep 6: Train 0.3543 | Val 0.2637 | Test 0.0279
Validation loss decreased (0.263654 --> 0.263654).  Saving model ...
  Ep 7: Train 0.3506 | Val 0.2665 | Test 0.0288
EarlyStopping counter: 1 out of 5
  Ep 8: Train 0.3490 | Val 0.2642 | Test 0.0285
EarlyStopping counter: 2 out of 5
  Ep 9: Train 0.3449 | Val 0.2789 | Test 0.0283
EarlyStopping counter: 3 out of 5
  Ep 10: Train 0.3417 | Val 0.2598 | Test 0.0253
Validation loss decreased (0.259834 --> 0.259834).  Saving model ...
  Ep 11: Train 0.3329 | Val 0.2610 | Test 0.0254
EarlyStopping counter: 1 out of 5
  Ep 12: Train 0.3373 | Val 0.2666 | Test 0.0283
EarlyStopping counter: 2 out of 5
  Ep 13: Train 0.3254 | Val 0.2355 | Test 0.0281
Validation loss decreased (0.235476 --> 0.235476).  Saving model ...
  Ep 14: Train 0.3242 | Val 0.2603 | Test 0.0263
EarlyStopping counter: 1 out of 5
  Ep 15: Train 0.3170 | Val 0.2411 | Test 0.0245
EarlyStopping counter: 2 out of 5
  Ep 16: Train 0.3164 | Val 0.2559 | Test 0.0268
EarlyStopping counter: 3 out of 5
  Ep 17: Train 0.3181 | Val 0.2520 | Test 0.0257
EarlyStopping counter: 4 out of 5
  Ep 18: Train 0.3174 | Val 0.2448 | Test 0.0232
EarlyStopping counter: 5 out of 5
Early stopping triggered!
/home/sangukchoi/Stroke_SDA/sda_training.py:615: FutureWarning: You are using `torch.load` with `weights_only=False` (the current default value), which uses the default pickle module implicitly. It is possible to construct malicious pickle data which will execute arbitrary code during unpickling (See https://github.com/pytorch/pytorch/blob/main/SECURITY.md#untrusted-models for more details). In a future release, the default value for `weights_only` will be flipped to `True`. This limits the functions that could be executed during unpickling. Arbitrary objects will no longer be allowed to be loaded via this mode unless they are explicitly allowlisted by the user via `torch.serialization.add_safe_globals`. We recommend you start setting `weights_only=True` for any use case where you don't have full control of the loaded file. Please open an issue on GitHub for any issues related to this experimental feature.
  model.load_state_dict(torch.load(os.path.join(out_dir, 'best_model.pth')))
Final Test MSE (Best Model): 0.0281
Finished. Status: Success
