Starting Run on GPU 1
Time: 2025-12-24 11:56:27

[Run Start] Subject S003 | Mode ['SDA'] | Params: L1.0_LS0.7_LR0.0001_E64_D128_Dr0.3

[Fold 1 - SDA] Train: ['S003_T003', 'S003_T006'], Test: S003_T002, Norm: fixed
/home/sangukchoi/.conda/envs/torch_gpu/lib/python3.10/site-packages/torch/nn/modules/rnn.py:123: UserWarning: dropout option adds dropout after all but last recurrent layer, so non-zero dropout expects num_layers greater than 1, but got dropout=0.3 and num_layers=1
  warnings.warn(
  Ep 1: Train 0.4088 | Val 0.2426 | Test 0.0236
Validation loss decreased (0.242556 --> 0.242556).  Saving model ...
  Ep 2: Train 0.2199 | Val 0.1596 | Test 0.0199
Validation loss decreased (0.159567 --> 0.159567).  Saving model ...
  Ep 3: Train 0.1838 | Val 0.1422 | Test 0.0196
Validation loss decreased (0.142216 --> 0.142216).  Saving model ...
  Ep 4: Train 0.1741 | Val 0.1313 | Test 0.0209
Validation loss decreased (0.131278 --> 0.131278).  Saving model ...
  Ep 5: Train 0.1688 | Val 0.1261 | Test 0.0207
Validation loss decreased (0.126078 --> 0.126078).  Saving model ...
  Ep 6: Train 0.1627 | Val 0.1259 | Test 0.0250
EarlyStopping counter: 1 out of 5
  Ep 7: Train 0.1591 | Val 0.1237 | Test 0.0215
Validation loss decreased (0.123692 --> 0.123692).  Saving model ...
  Ep 8: Train 0.1564 | Val 0.1262 | Test 0.0288
EarlyStopping counter: 1 out of 5
  Ep 9: Train 0.1513 | Val 0.1189 | Test 0.0225
Validation loss decreased (0.118871 --> 0.118871).  Saving model ...
  Ep 10: Train 0.1523 | Val 0.1189 | Test 0.0246
EarlyStopping counter: 1 out of 5
  Ep 11: Train 0.1479 | Val 0.1115 | Test 0.0228
Validation loss decreased (0.111542 --> 0.111542).  Saving model ...
  Ep 12: Train 0.1454 | Val 0.1104 | Test 0.0221
Validation loss decreased (0.110433 --> 0.110433).  Saving model ...
  Ep 13: Train 0.1446 | Val 0.1150 | Test 0.0211
EarlyStopping counter: 1 out of 5
  Ep 14: Train 0.1419 | Val 0.1102 | Test 0.0215
EarlyStopping counter: 2 out of 5
  Ep 15: Train 0.1420 | Val 0.1104 | Test 0.0204
EarlyStopping counter: 3 out of 5
  Ep 16: Train 0.1400 | Val 0.1057 | Test 0.0220
Validation loss decreased (0.105659 --> 0.105659).  Saving model ...
  Ep 17: Train 0.1384 | Val 0.1137 | Test 0.0275
EarlyStopping counter: 1 out of 5
  Ep 18: Train 0.1356 | Val 0.1066 | Test 0.0254
EarlyStopping counter: 2 out of 5
  Ep 19: Train 0.1362 | Val 0.0989 | Test 0.0209
Validation loss decreased (0.098863 --> 0.098863).  Saving model ...
  Ep 20: Train 0.1362 | Val 0.1016 | Test 0.0213
EarlyStopping counter: 1 out of 5
  Ep 21: Train 0.1340 | Val 0.1036 | Test 0.0237
EarlyStopping counter: 2 out of 5
  Ep 22: Train 0.1357 | Val 0.1001 | Test 0.0209
EarlyStopping counter: 3 out of 5
  Ep 23: Train 0.1317 | Val 0.1068 | Test 0.0275
EarlyStopping counter: 4 out of 5
  Ep 24: Train 0.1330 | Val 0.0985 | Test 0.0241
EarlyStopping counter: 5 out of 5
Early stopping triggered!
/home/sangukchoi/Stroke_SDA/sda_training.py:615: FutureWarning: You are using `torch.load` with `weights_only=False` (the current default value), which uses the default pickle module implicitly. It is possible to construct malicious pickle data which will execute arbitrary code during unpickling (See https://github.com/pytorch/pytorch/blob/main/SECURITY.md#untrusted-models for more details). In a future release, the default value for `weights_only` will be flipped to `True`. This limits the functions that could be executed during unpickling. Arbitrary objects will no longer be allowed to be loaded via this mode unless they are explicitly allowlisted by the user via `torch.serialization.add_safe_globals`. We recommend you start setting `weights_only=True` for any use case where you don't have full control of the loaded file. Please open an issue on GitHub for any issues related to this experimental feature.
  model.load_state_dict(torch.load(os.path.join(out_dir, 'best_model.pth')))
Final Test MSE (Best Model): 0.0209
Finished. Status: Success
