Starting Run on GPU 3
Time: 2025-12-24 15:21:51

[Run Start] Subject S003 | Mode ['SDA'] | Params: L3.0_LS1.0_LR0.0001_E256_D32_Dr0.3

[Fold 1 - SDA] Train: ['S003_T003', 'S003_T006'], Test: S003_T002, Norm: fixed
/home/sangukchoi/.conda/envs/torch_gpu/lib/python3.10/site-packages/torch/nn/modules/rnn.py:123: UserWarning: dropout option adds dropout after all but last recurrent layer, so non-zero dropout expects num_layers greater than 1, but got dropout=0.3 and num_layers=1
  warnings.warn(
  Ep 1: Train 0.6544 | Val 0.4382 | Test 0.0327
Validation loss decreased (0.438217 --> 0.438217).  Saving model ...
  Ep 2: Train 0.4358 | Val 0.3263 | Test 0.0286
Validation loss decreased (0.326337 --> 0.326337).  Saving model ...
  Ep 3: Train 0.4034 | Val 0.3207 | Test 0.0284
Validation loss decreased (0.320748 --> 0.320748).  Saving model ...
  Ep 4: Train 0.3779 | Val 0.2896 | Test 0.0246
Validation loss decreased (0.289640 --> 0.289640).  Saving model ...
  Ep 5: Train 0.3655 | Val 0.2885 | Test 0.0263
Validation loss decreased (0.288541 --> 0.288541).  Saving model ...
  Ep 6: Train 0.3552 | Val 0.2606 | Test 0.0241
Validation loss decreased (0.260611 --> 0.260611).  Saving model ...
  Ep 7: Train 0.3449 | Val 0.2935 | Test 0.0303
EarlyStopping counter: 1 out of 5
  Ep 8: Train 0.3526 | Val 0.2564 | Test 0.0262
Validation loss decreased (0.256410 --> 0.256410).  Saving model ...
  Ep 9: Train 0.3442 | Val 0.2653 | Test 0.0237
EarlyStopping counter: 1 out of 5
  Ep 10: Train 0.3319 | Val 0.2522 | Test 0.0225
Validation loss decreased (0.252196 --> 0.252196).  Saving model ...
  Ep 11: Train 0.3364 | Val 0.2681 | Test 0.0276
EarlyStopping counter: 1 out of 5
  Ep 12: Train 0.3274 | Val 0.2315 | Test 0.0200
Validation loss decreased (0.231473 --> 0.231473).  Saving model ...
  Ep 13: Train 0.3286 | Val 0.2671 | Test 0.0299
EarlyStopping counter: 1 out of 5
  Ep 14: Train 0.3192 | Val 0.2366 | Test 0.0239
EarlyStopping counter: 2 out of 5
  Ep 15: Train 0.3301 | Val 0.2398 | Test 0.0234
EarlyStopping counter: 3 out of 5
  Ep 16: Train 0.3189 | Val 0.2310 | Test 0.0220
EarlyStopping counter: 4 out of 5
  Ep 17: Train 0.3257 | Val 0.2484 | Test 0.0266
EarlyStopping counter: 5 out of 5
Early stopping triggered!
/home/sangukchoi/Stroke_SDA/sda_training.py:615: FutureWarning: You are using `torch.load` with `weights_only=False` (the current default value), which uses the default pickle module implicitly. It is possible to construct malicious pickle data which will execute arbitrary code during unpickling (See https://github.com/pytorch/pytorch/blob/main/SECURITY.md#untrusted-models for more details). In a future release, the default value for `weights_only` will be flipped to `True`. This limits the functions that could be executed during unpickling. Arbitrary objects will no longer be allowed to be loaded via this mode unless they are explicitly allowlisted by the user via `torch.serialization.add_safe_globals`. We recommend you start setting `weights_only=True` for any use case where you don't have full control of the loaded file. Please open an issue on GitHub for any issues related to this experimental feature.
  model.load_state_dict(torch.load(os.path.join(out_dir, 'best_model.pth')))
Final Test MSE (Best Model): 0.0200
Finished. Status: Success
