Starting Run on GPU 0
Time: 2025-12-24 11:58:22

[Run Start] Subject S003 | Mode ['SDA'] | Params: L1.0_LS0.7_LR0.0001_E128_D32_Dr0.3

[Fold 1 - SDA] Train: ['S003_T003', 'S003_T006'], Test: S003_T002, Norm: fixed
/home/sangukchoi/.conda/envs/torch_gpu/lib/python3.10/site-packages/torch/nn/modules/rnn.py:123: UserWarning: dropout option adds dropout after all but last recurrent layer, so non-zero dropout expects num_layers greater than 1, but got dropout=0.3 and num_layers=1
  warnings.warn(
  Ep 1: Train 0.3476 | Val 0.1871 | Test 0.0185
Validation loss decreased (0.187056 --> 0.187056).  Saving model ...
  Ep 2: Train 0.1865 | Val 0.1492 | Test 0.0216
Validation loss decreased (0.149181 --> 0.149181).  Saving model ...
  Ep 3: Train 0.1698 | Val 0.1336 | Test 0.0223
Validation loss decreased (0.133635 --> 0.133635).  Saving model ...
  Ep 4: Train 0.1620 | Val 0.1262 | Test 0.0226
Validation loss decreased (0.126193 --> 0.126193).  Saving model ...
  Ep 5: Train 0.1531 | Val 0.1161 | Test 0.0216
Validation loss decreased (0.116140 --> 0.116140).  Saving model ...
  Ep 6: Train 0.1490 | Val 0.1146 | Test 0.0205
Validation loss decreased (0.114643 --> 0.114643).  Saving model ...
  Ep 7: Train 0.1447 | Val 0.1145 | Test 0.0229
EarlyStopping counter: 1 out of 5
  Ep 8: Train 0.1438 | Val 0.1121 | Test 0.0222
Validation loss decreased (0.112062 --> 0.112062).  Saving model ...
  Ep 9: Train 0.1416 | Val 0.1095 | Test 0.0202
Validation loss decreased (0.109514 --> 0.109514).  Saving model ...
  Ep 10: Train 0.1397 | Val 0.1067 | Test 0.0205
Validation loss decreased (0.106747 --> 0.106747).  Saving model ...
  Ep 11: Train 0.1373 | Val 0.1055 | Test 0.0195
Validation loss decreased (0.105519 --> 0.105519).  Saving model ...
  Ep 12: Train 0.1352 | Val 0.1056 | Test 0.0219
EarlyStopping counter: 1 out of 5
  Ep 13: Train 0.1359 | Val 0.1061 | Test 0.0196
EarlyStopping counter: 2 out of 5
  Ep 14: Train 0.1326 | Val 0.1140 | Test 0.0253
EarlyStopping counter: 3 out of 5
  Ep 15: Train 0.1316 | Val 0.1024 | Test 0.0259
Validation loss decreased (0.102397 --> 0.102397).  Saving model ...
  Ep 16: Train 0.1310 | Val 0.0969 | Test 0.0213
Validation loss decreased (0.096858 --> 0.096858).  Saving model ...
  Ep 17: Train 0.1299 | Val 0.0996 | Test 0.0235
EarlyStopping counter: 1 out of 5
  Ep 18: Train 0.1261 | Val 0.1001 | Test 0.0247
EarlyStopping counter: 2 out of 5
  Ep 19: Train 0.1245 | Val 0.1010 | Test 0.0253
EarlyStopping counter: 3 out of 5
  Ep 20: Train 0.1265 | Val 0.0931 | Test 0.0265
Validation loss decreased (0.093146 --> 0.093146).  Saving model ...
  Ep 21: Train 0.1223 | Val 0.0958 | Test 0.0215
EarlyStopping counter: 1 out of 5
  Ep 22: Train 0.1252 | Val 0.0973 | Test 0.0249
EarlyStopping counter: 2 out of 5
  Ep 23: Train 0.1262 | Val 0.0944 | Test 0.0228
EarlyStopping counter: 3 out of 5
  Ep 24: Train 0.1213 | Val 0.0983 | Test 0.0266
EarlyStopping counter: 4 out of 5
  Ep 25: Train 0.1204 | Val 0.0916 | Test 0.0227
Validation loss decreased (0.091587 --> 0.091587).  Saving model ...
  Ep 26: Train 0.1197 | Val 0.0971 | Test 0.0255
EarlyStopping counter: 1 out of 5
  Ep 27: Train 0.1193 | Val 0.0892 | Test 0.0235
Validation loss decreased (0.089182 --> 0.089182).  Saving model ...
  Ep 28: Train 0.1199 | Val 0.0895 | Test 0.0251
EarlyStopping counter: 1 out of 5
  Ep 29: Train 0.1208 | Val 0.0901 | Test 0.0255
EarlyStopping counter: 2 out of 5
  Ep 30: Train 0.1208 | Val 0.0889 | Test 0.0251
EarlyStopping counter: 3 out of 5
  Ep 31: Train 0.1193 | Val 0.0868 | Test 0.0271
Validation loss decreased (0.086842 --> 0.086842).  Saving model ...
  Ep 32: Train 0.1160 | Val 0.0973 | Test 0.0291
EarlyStopping counter: 1 out of 5
  Ep 33: Train 0.1183 | Val 0.0930 | Test 0.0258
EarlyStopping counter: 2 out of 5
  Ep 34: Train 0.1130 | Val 0.0916 | Test 0.0281
EarlyStopping counter: 3 out of 5
  Ep 35: Train 0.1151 | Val 0.0883 | Test 0.0287
EarlyStopping counter: 4 out of 5
  Ep 36: Train 0.1152 | Val 0.0877 | Test 0.0291
EarlyStopping counter: 5 out of 5
Early stopping triggered!
/home/sangukchoi/Stroke_SDA/sda_training.py:615: FutureWarning: You are using `torch.load` with `weights_only=False` (the current default value), which uses the default pickle module implicitly. It is possible to construct malicious pickle data which will execute arbitrary code during unpickling (See https://github.com/pytorch/pytorch/blob/main/SECURITY.md#untrusted-models for more details). In a future release, the default value for `weights_only` will be flipped to `True`. This limits the functions that could be executed during unpickling. Arbitrary objects will no longer be allowed to be loaded via this mode unless they are explicitly allowlisted by the user via `torch.serialization.add_safe_globals`. We recommend you start setting `weights_only=True` for any use case where you don't have full control of the loaded file. Please open an issue on GitHub for any issues related to this experimental feature.
  model.load_state_dict(torch.load(os.path.join(out_dir, 'best_model.pth')))
Final Test MSE (Best Model): 0.0271
Finished. Status: Success
