Starting Run on GPU 3
Time: 2025-12-24 14:30:19

[Run Start] Subject S003 | Mode ['SDA'] | Params: L2.5_LS1.0_LR0.0001_E256_D64_Dr0.3

[Fold 1 - SDA] Train: ['S003_T003', 'S003_T006'], Test: S003_T002, Norm: fixed
/home/sangukchoi/.conda/envs/torch_gpu/lib/python3.10/site-packages/torch/nn/modules/rnn.py:123: UserWarning: dropout option adds dropout after all but last recurrent layer, so non-zero dropout expects num_layers greater than 1, but got dropout=0.3 and num_layers=1
  warnings.warn(
  Ep 1: Train 0.5582 | Val 0.3919 | Test 0.0442
Validation loss decreased (0.391948 --> 0.391948).  Saving model ...
  Ep 2: Train 0.3714 | Val 0.2995 | Test 0.0344
Validation loss decreased (0.299480 --> 0.299480).  Saving model ...
  Ep 3: Train 0.3490 | Val 0.3001 | Test 0.0295
EarlyStopping counter: 1 out of 5
  Ep 4: Train 0.3344 | Val 0.2739 | Test 0.0298
Validation loss decreased (0.273916 --> 0.273916).  Saving model ...
  Ep 5: Train 0.3213 | Val 0.2730 | Test 0.0338
Validation loss decreased (0.272962 --> 0.272962).  Saving model ...
  Ep 6: Train 0.3138 | Val 0.2592 | Test 0.0296
Validation loss decreased (0.259185 --> 0.259185).  Saving model ...
  Ep 7: Train 0.3075 | Val 0.2453 | Test 0.0301
Validation loss decreased (0.245293 --> 0.245293).  Saving model ...
  Ep 8: Train 0.2938 | Val 0.2233 | Test 0.0253
Validation loss decreased (0.223313 --> 0.223313).  Saving model ...
  Ep 9: Train 0.2932 | Val 0.2215 | Test 0.0234
Validation loss decreased (0.221482 --> 0.221482).  Saving model ...
  Ep 10: Train 0.2884 | Val 0.2338 | Test 0.0275
EarlyStopping counter: 1 out of 5
  Ep 11: Train 0.2924 | Val 0.2136 | Test 0.0249
Validation loss decreased (0.213622 --> 0.213622).  Saving model ...
  Ep 12: Train 0.2773 | Val 0.2218 | Test 0.0271
EarlyStopping counter: 1 out of 5
  Ep 13: Train 0.2904 | Val 0.2047 | Test 0.0243
Validation loss decreased (0.204678 --> 0.204678).  Saving model ...
  Ep 14: Train 0.2734 | Val 0.2072 | Test 0.0232
EarlyStopping counter: 1 out of 5
  Ep 15: Train 0.2785 | Val 0.2108 | Test 0.0247
EarlyStopping counter: 2 out of 5
  Ep 16: Train 0.2760 | Val 0.2071 | Test 0.0255
EarlyStopping counter: 3 out of 5
  Ep 17: Train 0.2688 | Val 0.2131 | Test 0.0265
EarlyStopping counter: 4 out of 5
  Ep 18: Train 0.2696 | Val 0.2233 | Test 0.0258
EarlyStopping counter: 5 out of 5
Early stopping triggered!
/home/sangukchoi/Stroke_SDA/sda_training.py:615: FutureWarning: You are using `torch.load` with `weights_only=False` (the current default value), which uses the default pickle module implicitly. It is possible to construct malicious pickle data which will execute arbitrary code during unpickling (See https://github.com/pytorch/pytorch/blob/main/SECURITY.md#untrusted-models for more details). In a future release, the default value for `weights_only` will be flipped to `True`. This limits the functions that could be executed during unpickling. Arbitrary objects will no longer be allowed to be loaded via this mode unless they are explicitly allowlisted by the user via `torch.serialization.add_safe_globals`. We recommend you start setting `weights_only=True` for any use case where you don't have full control of the loaded file. Please open an issue on GitHub for any issues related to this experimental feature.
  model.load_state_dict(torch.load(os.path.join(out_dir, 'best_model.pth')))
Final Test MSE (Best Model): 0.0243
Finished. Status: Success
