Starting Run on GPU 3
Time: 2025-12-24 15:14:11

[Run Start] Subject S003 | Mode ['SDA'] | Params: L3.0_LS1.0_LR0.0001_E128_D32_Dr0.3

[Fold 1 - SDA] Train: ['S003_T003', 'S003_T006'], Test: S003_T002, Norm: fixed
/home/sangukchoi/.conda/envs/torch_gpu/lib/python3.10/site-packages/torch/nn/modules/rnn.py:123: UserWarning: dropout option adds dropout after all but last recurrent layer, so non-zero dropout expects num_layers greater than 1, but got dropout=0.3 and num_layers=1
  warnings.warn(
  Ep 1: Train 0.8687 | Val 0.5002 | Test 0.0444
Validation loss decreased (0.500173 --> 0.500173).  Saving model ...
  Ep 2: Train 0.4775 | Val 0.3621 | Test 0.0280
Validation loss decreased (0.362102 --> 0.362102).  Saving model ...
  Ep 3: Train 0.4164 | Val 0.3060 | Test 0.0270
Validation loss decreased (0.306021 --> 0.306021).  Saving model ...
  Ep 4: Train 0.3937 | Val 0.2957 | Test 0.0261
Validation loss decreased (0.295691 --> 0.295691).  Saving model ...
  Ep 5: Train 0.3899 | Val 0.2912 | Test 0.0258
Validation loss decreased (0.291171 --> 0.291171).  Saving model ...
  Ep 6: Train 0.3718 | Val 0.2916 | Test 0.0284
EarlyStopping counter: 1 out of 5
  Ep 7: Train 0.3730 | Val 0.2935 | Test 0.0303
EarlyStopping counter: 2 out of 5
  Ep 8: Train 0.3631 | Val 0.2741 | Test 0.0308
Validation loss decreased (0.274130 --> 0.274130).  Saving model ...
  Ep 9: Train 0.3547 | Val 0.2658 | Test 0.0247
Validation loss decreased (0.265837 --> 0.265837).  Saving model ...
  Ep 10: Train 0.3559 | Val 0.2779 | Test 0.0278
EarlyStopping counter: 1 out of 5
  Ep 11: Train 0.3429 | Val 0.2620 | Test 0.0252
Validation loss decreased (0.262042 --> 0.262042).  Saving model ...
  Ep 12: Train 0.3486 | Val 0.2652 | Test 0.0255
EarlyStopping counter: 1 out of 5
  Ep 13: Train 0.3326 | Val 0.2574 | Test 0.0280
Validation loss decreased (0.257448 --> 0.257448).  Saving model ...
  Ep 14: Train 0.3411 | Val 0.2672 | Test 0.0272
EarlyStopping counter: 1 out of 5
  Ep 15: Train 0.3409 | Val 0.2603 | Test 0.0239
EarlyStopping counter: 2 out of 5
  Ep 16: Train 0.3314 | Val 0.2604 | Test 0.0291
EarlyStopping counter: 3 out of 5
  Ep 17: Train 0.3277 | Val 0.2566 | Test 0.0263
Validation loss decreased (0.256605 --> 0.256605).  Saving model ...
  Ep 18: Train 0.3361 | Val 0.2497 | Test 0.0243
Validation loss decreased (0.249677 --> 0.249677).  Saving model ...
  Ep 19: Train 0.3237 | Val 0.2598 | Test 0.0255
EarlyStopping counter: 1 out of 5
  Ep 20: Train 0.3148 | Val 0.2696 | Test 0.0301
EarlyStopping counter: 2 out of 5
  Ep 21: Train 0.3171 | Val 0.2629 | Test 0.0263
EarlyStopping counter: 3 out of 5
  Ep 22: Train 0.3175 | Val 0.2539 | Test 0.0252
EarlyStopping counter: 4 out of 5
  Ep 23: Train 0.3233 | Val 0.2457 | Test 0.0228
Validation loss decreased (0.245663 --> 0.245663).  Saving model ...
  Ep 24: Train 0.3154 | Val 0.2558 | Test 0.0230
EarlyStopping counter: 1 out of 5
  Ep 25: Train 0.3140 | Val 0.2554 | Test 0.0263
EarlyStopping counter: 2 out of 5
  Ep 26: Train 0.3168 | Val 0.2538 | Test 0.0286
EarlyStopping counter: 3 out of 5
  Ep 27: Train 0.3130 | Val 0.2592 | Test 0.0248
EarlyStopping counter: 4 out of 5
  Ep 28: Train 0.3149 | Val 0.2644 | Test 0.0286
EarlyStopping counter: 5 out of 5
Early stopping triggered!
/home/sangukchoi/Stroke_SDA/sda_training.py:615: FutureWarning: You are using `torch.load` with `weights_only=False` (the current default value), which uses the default pickle module implicitly. It is possible to construct malicious pickle data which will execute arbitrary code during unpickling (See https://github.com/pytorch/pytorch/blob/main/SECURITY.md#untrusted-models for more details). In a future release, the default value for `weights_only` will be flipped to `True`. This limits the functions that could be executed during unpickling. Arbitrary objects will no longer be allowed to be loaded via this mode unless they are explicitly allowlisted by the user via `torch.serialization.add_safe_globals`. We recommend you start setting `weights_only=True` for any use case where you don't have full control of the loaded file. Please open an issue on GitHub for any issues related to this experimental feature.
  model.load_state_dict(torch.load(os.path.join(out_dir, 'best_model.pth')))
Final Test MSE (Best Model): 0.0228
Finished. Status: Success
