Starting Run on GPU 2
Time: 2025-12-24 14:47:09

[Run Start] Subject S003 | Mode ['SDA'] | Params: L3.0_LS0.5_LR0.0001_E64_D32_Dr0.3

[Fold 1 - SDA] Train: ['S003_T003', 'S003_T006'], Test: S003_T002, Norm: fixed
/home/sangukchoi/.conda/envs/torch_gpu/lib/python3.10/site-packages/torch/nn/modules/rnn.py:123: UserWarning: dropout option adds dropout after all but last recurrent layer, so non-zero dropout expects num_layers greater than 1, but got dropout=0.3 and num_layers=1
  warnings.warn(
  Ep 1: Train 0.9359 | Val 0.8293 | Test 0.2936
Validation loss decreased (0.829312 --> 0.829312).  Saving model ...
  Ep 2: Train 0.7998 | Val 0.7616 | Test 0.2983
Validation loss decreased (0.761645 --> 0.761645).  Saving model ...
  Ep 3: Train 0.7918 | Val 0.7410 | Test 0.3001
Validation loss decreased (0.741001 --> 0.741001).  Saving model ...
  Ep 4: Train 0.7750 | Val 0.7201 | Test 0.2956
Validation loss decreased (0.720075 --> 0.720075).  Saving model ...
  Ep 5: Train 0.7650 | Val 0.7404 | Test 0.3003
EarlyStopping counter: 1 out of 5
  Ep 6: Train 0.7620 | Val 0.7242 | Test 0.2885
EarlyStopping counter: 2 out of 5
  Ep 7: Train 0.7395 | Val 0.7277 | Test 0.2911
EarlyStopping counter: 3 out of 5
  Ep 8: Train 0.7419 | Val 0.7246 | Test 0.2877
EarlyStopping counter: 4 out of 5
  Ep 9: Train 0.7294 | Val 0.7254 | Test 0.2882
EarlyStopping counter: 5 out of 5
Early stopping triggered!
/home/sangukchoi/Stroke_SDA/sda_training.py:615: FutureWarning: You are using `torch.load` with `weights_only=False` (the current default value), which uses the default pickle module implicitly. It is possible to construct malicious pickle data which will execute arbitrary code during unpickling (See https://github.com/pytorch/pytorch/blob/main/SECURITY.md#untrusted-models for more details). In a future release, the default value for `weights_only` will be flipped to `True`. This limits the functions that could be executed during unpickling. Arbitrary objects will no longer be allowed to be loaded via this mode unless they are explicitly allowlisted by the user via `torch.serialization.add_safe_globals`. We recommend you start setting `weights_only=True` for any use case where you don't have full control of the loaded file. Please open an issue on GitHub for any issues related to this experimental feature.
  model.load_state_dict(torch.load(os.path.join(out_dir, 'best_model.pth')))
Final Test MSE (Best Model): 0.2956
Finished. Status: Success
