Starting Run on GPU 1
Time: 2025-12-24 14:02:52

[Run Start] Subject S003 | Mode ['SDA'] | Params: L2.5_LS0.5_LR0.0001_E256_D32_Dr0.3

[Fold 1 - SDA] Train: ['S003_T003', 'S003_T006'], Test: S003_T002, Norm: fixed
/home/sangukchoi/.conda/envs/torch_gpu/lib/python3.10/site-packages/torch/nn/modules/rnn.py:123: UserWarning: dropout option adds dropout after all but last recurrent layer, so non-zero dropout expects num_layers greater than 1, but got dropout=0.3 and num_layers=1
  warnings.warn(
  Ep 1: Train 0.4870 | Val 0.3461 | Test 0.0360
Validation loss decreased (0.346066 --> 0.346066).  Saving model ...
  Ep 2: Train 0.3345 | Val 0.2464 | Test 0.0288
Validation loss decreased (0.246438 --> 0.246438).  Saving model ...
  Ep 3: Train 0.3126 | Val 0.2373 | Test 0.0249
Validation loss decreased (0.237340 --> 0.237340).  Saving model ...
  Ep 4: Train 0.3056 | Val 0.2242 | Test 0.0272
Validation loss decreased (0.224231 --> 0.224231).  Saving model ...
  Ep 5: Train 0.3022 | Val 0.2202 | Test 0.0274
Validation loss decreased (0.220223 --> 0.220223).  Saving model ...
  Ep 6: Train 0.2954 | Val 0.2177 | Test 0.0289
Validation loss decreased (0.217682 --> 0.217682).  Saving model ...
  Ep 7: Train 0.2872 | Val 0.2315 | Test 0.0270
EarlyStopping counter: 1 out of 5
  Ep 8: Train 0.2770 | Val 0.2260 | Test 0.0258
EarlyStopping counter: 2 out of 5
  Ep 9: Train 0.2775 | Val 0.2166 | Test 0.0257
Validation loss decreased (0.216561 --> 0.216561).  Saving model ...
  Ep 10: Train 0.2769 | Val 0.2115 | Test 0.0248
Validation loss decreased (0.211525 --> 0.211525).  Saving model ...
  Ep 11: Train 0.2704 | Val 0.2134 | Test 0.0249
EarlyStopping counter: 1 out of 5
  Ep 12: Train 0.2769 | Val 0.2137 | Test 0.0290
EarlyStopping counter: 2 out of 5
  Ep 13: Train 0.2689 | Val 0.1967 | Test 0.0225
Validation loss decreased (0.196742 --> 0.196742).  Saving model ...
  Ep 14: Train 0.2665 | Val 0.2148 | Test 0.0258
EarlyStopping counter: 1 out of 5
  Ep 15: Train 0.2620 | Val 0.2163 | Test 0.0275
EarlyStopping counter: 2 out of 5
  Ep 16: Train 0.2607 | Val 0.2145 | Test 0.0216
EarlyStopping counter: 3 out of 5
  Ep 17: Train 0.2588 | Val 0.2074 | Test 0.0299
EarlyStopping counter: 4 out of 5
  Ep 18: Train 0.2560 | Val 0.2275 | Test 0.0287
EarlyStopping counter: 5 out of 5
Early stopping triggered!
/home/sangukchoi/Stroke_SDA/sda_training.py:615: FutureWarning: You are using `torch.load` with `weights_only=False` (the current default value), which uses the default pickle module implicitly. It is possible to construct malicious pickle data which will execute arbitrary code during unpickling (See https://github.com/pytorch/pytorch/blob/main/SECURITY.md#untrusted-models for more details). In a future release, the default value for `weights_only` will be flipped to `True`. This limits the functions that could be executed during unpickling. Arbitrary objects will no longer be allowed to be loaded via this mode unless they are explicitly allowlisted by the user via `torch.serialization.add_safe_globals`. We recommend you start setting `weights_only=True` for any use case where you don't have full control of the loaded file. Please open an issue on GitHub for any issues related to this experimental feature.
  model.load_state_dict(torch.load(os.path.join(out_dir, 'best_model.pth')))
Final Test MSE (Best Model): 0.0225
Finished. Status: Success
