Starting Run on GPU 0
Time: 2025-12-24 13:50:31

[Run Start] Subject S003 | Mode ['SDA'] | Params: L2.5_LS0.3_LR0.0001_E128_D128_Dr0.3

[Fold 1 - SDA] Train: ['S003_T003', 'S003_T006'], Test: S003_T002, Norm: fixed
/home/sangukchoi/.conda/envs/torch_gpu/lib/python3.10/site-packages/torch/nn/modules/rnn.py:123: UserWarning: dropout option adds dropout after all but last recurrent layer, so non-zero dropout expects num_layers greater than 1, but got dropout=0.3 and num_layers=1
  warnings.warn(
  Ep 1: Train 0.5562 | Val 0.3727 | Test 0.0405
Validation loss decreased (0.372667 --> 0.372667).  Saving model ...
  Ep 2: Train 0.3613 | Val 0.3192 | Test 0.0415
Validation loss decreased (0.319247 --> 0.319247).  Saving model ...
  Ep 3: Train 0.3272 | Val 0.2633 | Test 0.0273
Validation loss decreased (0.263266 --> 0.263266).  Saving model ...
  Ep 4: Train 0.3204 | Val 0.2514 | Test 0.0264
Validation loss decreased (0.251386 --> 0.251386).  Saving model ...
  Ep 5: Train 0.3113 | Val 0.2552 | Test 0.0280
EarlyStopping counter: 1 out of 5
  Ep 6: Train 0.2993 | Val 0.2296 | Test 0.0250
Validation loss decreased (0.229565 --> 0.229565).  Saving model ...
  Ep 7: Train 0.3013 | Val 0.2106 | Test 0.0267
Validation loss decreased (0.210626 --> 0.210626).  Saving model ...
  Ep 8: Train 0.2850 | Val 0.2261 | Test 0.0293
EarlyStopping counter: 1 out of 5
  Ep 9: Train 0.2909 | Val 0.2193 | Test 0.0322
EarlyStopping counter: 2 out of 5
  Ep 10: Train 0.2778 | Val 0.2134 | Test 0.0285
EarlyStopping counter: 3 out of 5
  Ep 11: Train 0.2830 | Val 0.2181 | Test 0.0276
EarlyStopping counter: 4 out of 5
  Ep 12: Train 0.2645 | Val 0.2098 | Test 0.0277
Validation loss decreased (0.209757 --> 0.209757).  Saving model ...
  Ep 13: Train 0.2846 | Val 0.2045 | Test 0.0252
Validation loss decreased (0.204490 --> 0.204490).  Saving model ...
  Ep 14: Train 0.2704 | Val 0.2030 | Test 0.0277
Validation loss decreased (0.203025 --> 0.203025).  Saving model ...
  Ep 15: Train 0.2730 | Val 0.2072 | Test 0.0305
EarlyStopping counter: 1 out of 5
  Ep 16: Train 0.2735 | Val 0.2016 | Test 0.0269
Validation loss decreased (0.201556 --> 0.201556).  Saving model ...
  Ep 17: Train 0.2687 | Val 0.2030 | Test 0.0265
EarlyStopping counter: 1 out of 5
  Ep 18: Train 0.2671 | Val 0.1973 | Test 0.0264
Validation loss decreased (0.197258 --> 0.197258).  Saving model ...
  Ep 19: Train 0.2591 | Val 0.2051 | Test 0.0262
EarlyStopping counter: 1 out of 5
  Ep 20: Train 0.2591 | Val 0.1907 | Test 0.0230
Validation loss decreased (0.190672 --> 0.190672).  Saving model ...
  Ep 21: Train 0.2596 | Val 0.2080 | Test 0.0297
EarlyStopping counter: 1 out of 5
  Ep 22: Train 0.2581 | Val 0.2213 | Test 0.0314
EarlyStopping counter: 2 out of 5
  Ep 23: Train 0.2640 | Val 0.2072 | Test 0.0279
EarlyStopping counter: 3 out of 5
  Ep 24: Train 0.2617 | Val 0.1991 | Test 0.0250
EarlyStopping counter: 4 out of 5
  Ep 25: Train 0.2677 | Val 0.2127 | Test 0.0257
EarlyStopping counter: 5 out of 5
Early stopping triggered!
/home/sangukchoi/Stroke_SDA/sda_training.py:615: FutureWarning: You are using `torch.load` with `weights_only=False` (the current default value), which uses the default pickle module implicitly. It is possible to construct malicious pickle data which will execute arbitrary code during unpickling (See https://github.com/pytorch/pytorch/blob/main/SECURITY.md#untrusted-models for more details). In a future release, the default value for `weights_only` will be flipped to `True`. This limits the functions that could be executed during unpickling. Arbitrary objects will no longer be allowed to be loaded via this mode unless they are explicitly allowlisted by the user via `torch.serialization.add_safe_globals`. We recommend you start setting `weights_only=True` for any use case where you don't have full control of the loaded file. Please open an issue on GitHub for any issues related to this experimental feature.
  model.load_state_dict(torch.load(os.path.join(out_dir, 'best_model.pth')))
Final Test MSE (Best Model): 0.0230
Finished. Status: Success
