Starting Run on GPU 1
Time: 2025-12-24 12:14:28

[Run Start] Subject S003 | Mode ['SDA'] | Params: L1.0_LS1.0_LR0.0001_E64_D128_Dr0.3

[Fold 1 - SDA] Train: ['S003_T003', 'S003_T006'], Test: S003_T002, Norm: fixed
/home/sangukchoi/.conda/envs/torch_gpu/lib/python3.10/site-packages/torch/nn/modules/rnn.py:123: UserWarning: dropout option adds dropout after all but last recurrent layer, so non-zero dropout expects num_layers greater than 1, but got dropout=0.3 and num_layers=1
  warnings.warn(
  Ep 1: Train 0.4598 | Val 0.2495 | Test 0.0250
Validation loss decreased (0.249485 --> 0.249485).  Saving model ...
  Ep 2: Train 0.2264 | Val 0.1746 | Test 0.0225
Validation loss decreased (0.174564 --> 0.174564).  Saving model ...
  Ep 3: Train 0.1984 | Val 0.1500 | Test 0.0244
Validation loss decreased (0.149972 --> 0.149972).  Saving model ...
  Ep 4: Train 0.1826 | Val 0.1397 | Test 0.0258
Validation loss decreased (0.139656 --> 0.139656).  Saving model ...
  Ep 5: Train 0.1749 | Val 0.1356 | Test 0.0291
Validation loss decreased (0.135643 --> 0.135643).  Saving model ...
  Ep 6: Train 0.1730 | Val 0.1349 | Test 0.0283
Validation loss decreased (0.134908 --> 0.134908).  Saving model ...
  Ep 7: Train 0.1667 | Val 0.1401 | Test 0.0290
EarlyStopping counter: 1 out of 5
  Ep 8: Train 0.1667 | Val 0.1255 | Test 0.0238
Validation loss decreased (0.125471 --> 0.125471).  Saving model ...
  Ep 9: Train 0.1630 | Val 0.1267 | Test 0.0259
EarlyStopping counter: 1 out of 5
  Ep 10: Train 0.1576 | Val 0.1298 | Test 0.0260
EarlyStopping counter: 2 out of 5
  Ep 11: Train 0.1554 | Val 0.1234 | Test 0.0225
Validation loss decreased (0.123446 --> 0.123446).  Saving model ...
  Ep 12: Train 0.1539 | Val 0.1233 | Test 0.0237
EarlyStopping counter: 1 out of 5
  Ep 13: Train 0.1517 | Val 0.1191 | Test 0.0254
Validation loss decreased (0.119134 --> 0.119134).  Saving model ...
  Ep 14: Train 0.1512 | Val 0.1227 | Test 0.0231
EarlyStopping counter: 1 out of 5
  Ep 15: Train 0.1503 | Val 0.1153 | Test 0.0223
Validation loss decreased (0.115341 --> 0.115341).  Saving model ...
  Ep 16: Train 0.1519 | Val 0.1147 | Test 0.0228
Validation loss decreased (0.114748 --> 0.114748).  Saving model ...
  Ep 17: Train 0.1470 | Val 0.1213 | Test 0.0233
EarlyStopping counter: 1 out of 5
  Ep 18: Train 0.1470 | Val 0.1267 | Test 0.0236
EarlyStopping counter: 2 out of 5
  Ep 19: Train 0.1460 | Val 0.1134 | Test 0.0259
Validation loss decreased (0.113378 --> 0.113378).  Saving model ...
  Ep 20: Train 0.1439 | Val 0.1071 | Test 0.0231
Validation loss decreased (0.107088 --> 0.107088).  Saving model ...
  Ep 21: Train 0.1414 | Val 0.1088 | Test 0.0231
EarlyStopping counter: 1 out of 5
  Ep 22: Train 0.1436 | Val 0.1165 | Test 0.0278
EarlyStopping counter: 2 out of 5
  Ep 23: Train 0.1395 | Val 0.1060 | Test 0.0247
Validation loss decreased (0.105961 --> 0.105961).  Saving model ...
  Ep 24: Train 0.1402 | Val 0.1114 | Test 0.0277
EarlyStopping counter: 1 out of 5
  Ep 25: Train 0.1387 | Val 0.1063 | Test 0.0240
EarlyStopping counter: 2 out of 5
  Ep 26: Train 0.1388 | Val 0.1044 | Test 0.0234
Validation loss decreased (0.104382 --> 0.104382).  Saving model ...
  Ep 27: Train 0.1386 | Val 0.1073 | Test 0.0242
EarlyStopping counter: 1 out of 5
  Ep 28: Train 0.1364 | Val 0.1050 | Test 0.0236
EarlyStopping counter: 2 out of 5
  Ep 29: Train 0.1365 | Val 0.1036 | Test 0.0240
Validation loss decreased (0.103573 --> 0.103573).  Saving model ...
  Ep 30: Train 0.1372 | Val 0.1035 | Test 0.0254
EarlyStopping counter: 1 out of 5
  Ep 31: Train 0.1355 | Val 0.1020 | Test 0.0257
Validation loss decreased (0.102025 --> 0.102025).  Saving model ...
  Ep 32: Train 0.1353 | Val 0.0967 | Test 0.0252
Validation loss decreased (0.096666 --> 0.096666).  Saving model ...
  Ep 33: Train 0.1311 | Val 0.1030 | Test 0.0301
EarlyStopping counter: 1 out of 5
  Ep 34: Train 0.1348 | Val 0.0974 | Test 0.0256
EarlyStopping counter: 2 out of 5
  Ep 35: Train 0.1320 | Val 0.1000 | Test 0.0272
EarlyStopping counter: 3 out of 5
  Ep 36: Train 0.1316 | Val 0.0975 | Test 0.0273
EarlyStopping counter: 4 out of 5
  Ep 37: Train 0.1334 | Val 0.0993 | Test 0.0297
EarlyStopping counter: 5 out of 5
Early stopping triggered!
/home/sangukchoi/Stroke_SDA/sda_training.py:615: FutureWarning: You are using `torch.load` with `weights_only=False` (the current default value), which uses the default pickle module implicitly. It is possible to construct malicious pickle data which will execute arbitrary code during unpickling (See https://github.com/pytorch/pytorch/blob/main/SECURITY.md#untrusted-models for more details). In a future release, the default value for `weights_only` will be flipped to `True`. This limits the functions that could be executed during unpickling. Arbitrary objects will no longer be allowed to be loaded via this mode unless they are explicitly allowlisted by the user via `torch.serialization.add_safe_globals`. We recommend you start setting `weights_only=True` for any use case where you don't have full control of the loaded file. Please open an issue on GitHub for any issues related to this experimental feature.
  model.load_state_dict(torch.load(os.path.join(out_dir, 'best_model.pth')))
Final Test MSE (Best Model): 0.0252
Finished. Status: Success
