Starting Run on GPU 3
Time: 2025-12-24 11:34:35

[Run Start] Subject S003 | Mode ['SDA'] | Params: L0.5_LS1.0_LR0.0001_E64_D128_Dr0.3

[Fold 1 - SDA] Train: ['S003_T003', 'S003_T006'], Test: S003_T002, Norm: fixed
/home/sangukchoi/.conda/envs/torch_gpu/lib/python3.10/site-packages/torch/nn/modules/rnn.py:123: UserWarning: dropout option adds dropout after all but last recurrent layer, so non-zero dropout expects num_layers greater than 1, but got dropout=0.3 and num_layers=1
  warnings.warn(
  Ep 1: Train 0.3530 | Val 0.1620 | Test 0.0223
Validation loss decreased (0.161974 --> 0.161974).  Saving model ...
  Ep 2: Train 0.1564 | Val 0.1178 | Test 0.0190
Validation loss decreased (0.117788 --> 0.117788).  Saving model ...
  Ep 3: Train 0.1320 | Val 0.0965 | Test 0.0195
Validation loss decreased (0.096516 --> 0.096516).  Saving model ...
  Ep 4: Train 0.1204 | Val 0.0898 | Test 0.0206
Validation loss decreased (0.089789 --> 0.089789).  Saving model ...
  Ep 5: Train 0.1148 | Val 0.0877 | Test 0.0228
Validation loss decreased (0.087708 --> 0.087708).  Saving model ...
  Ep 6: Train 0.1092 | Val 0.0854 | Test 0.0222
Validation loss decreased (0.085372 --> 0.085372).  Saving model ...
  Ep 7: Train 0.1086 | Val 0.0851 | Test 0.0230
EarlyStopping counter: 1 out of 5
  Ep 8: Train 0.1061 | Val 0.0854 | Test 0.0250
EarlyStopping counter: 2 out of 5
  Ep 9: Train 0.1067 | Val 0.0804 | Test 0.0242
Validation loss decreased (0.080365 --> 0.080365).  Saving model ...
  Ep 10: Train 0.1050 | Val 0.0841 | Test 0.0248
EarlyStopping counter: 1 out of 5
  Ep 11: Train 0.1037 | Val 0.0753 | Test 0.0228
Validation loss decreased (0.075297 --> 0.075297).  Saving model ...
  Ep 12: Train 0.1013 | Val 0.0759 | Test 0.0251
EarlyStopping counter: 1 out of 5
  Ep 13: Train 0.0997 | Val 0.0748 | Test 0.0268
EarlyStopping counter: 2 out of 5
  Ep 14: Train 0.0994 | Val 0.0740 | Test 0.0247
Validation loss decreased (0.074049 --> 0.074049).  Saving model ...
  Ep 15: Train 0.0984 | Val 0.0725 | Test 0.0248
Validation loss decreased (0.072534 --> 0.072534).  Saving model ...
  Ep 16: Train 0.0974 | Val 0.0768 | Test 0.0264
EarlyStopping counter: 1 out of 5
  Ep 17: Train 0.0979 | Val 0.0787 | Test 0.0263
EarlyStopping counter: 2 out of 5
  Ep 18: Train 0.0968 | Val 0.0741 | Test 0.0263
EarlyStopping counter: 3 out of 5
  Ep 19: Train 0.0963 | Val 0.0717 | Test 0.0253
Validation loss decreased (0.071743 --> 0.071743).  Saving model ...
  Ep 20: Train 0.0947 | Val 0.0739 | Test 0.0268
EarlyStopping counter: 1 out of 5
  Ep 21: Train 0.0943 | Val 0.0723 | Test 0.0244
EarlyStopping counter: 2 out of 5
  Ep 22: Train 0.0934 | Val 0.0720 | Test 0.0263
EarlyStopping counter: 3 out of 5
  Ep 23: Train 0.0930 | Val 0.0708 | Test 0.0272
Validation loss decreased (0.070763 --> 0.070763).  Saving model ...
  Ep 24: Train 0.0919 | Val 0.0717 | Test 0.0295
EarlyStopping counter: 1 out of 5
  Ep 25: Train 0.0926 | Val 0.0758 | Test 0.0278
EarlyStopping counter: 2 out of 5
  Ep 26: Train 0.0913 | Val 0.0701 | Test 0.0262
Validation loss decreased (0.070133 --> 0.070133).  Saving model ...
  Ep 27: Train 0.0909 | Val 0.0706 | Test 0.0265
EarlyStopping counter: 1 out of 5
  Ep 28: Train 0.0903 | Val 0.0710 | Test 0.0288
EarlyStopping counter: 2 out of 5
  Ep 29: Train 0.0909 | Val 0.0690 | Test 0.0264
Validation loss decreased (0.069047 --> 0.069047).  Saving model ...
  Ep 30: Train 0.0893 | Val 0.0734 | Test 0.0263
EarlyStopping counter: 1 out of 5
  Ep 31: Train 0.0885 | Val 0.0721 | Test 0.0293
EarlyStopping counter: 2 out of 5
  Ep 32: Train 0.0880 | Val 0.0682 | Test 0.0273
Validation loss decreased (0.068198 --> 0.068198).  Saving model ...
  Ep 33: Train 0.0886 | Val 0.0673 | Test 0.0242
Validation loss decreased (0.067331 --> 0.067331).  Saving model ...
  Ep 34: Train 0.0883 | Val 0.0673 | Test 0.0262
EarlyStopping counter: 1 out of 5
  Ep 35: Train 0.0858 | Val 0.0694 | Test 0.0302
EarlyStopping counter: 2 out of 5
  Ep 36: Train 0.0862 | Val 0.0676 | Test 0.0276
EarlyStopping counter: 3 out of 5
  Ep 37: Train 0.0864 | Val 0.0682 | Test 0.0280
EarlyStopping counter: 4 out of 5
  Ep 38: Train 0.0857 | Val 0.0695 | Test 0.0314
EarlyStopping counter: 5 out of 5
Early stopping triggered!
/home/sangukchoi/Stroke_SDA/sda_training.py:615: FutureWarning: You are using `torch.load` with `weights_only=False` (the current default value), which uses the default pickle module implicitly. It is possible to construct malicious pickle data which will execute arbitrary code during unpickling (See https://github.com/pytorch/pytorch/blob/main/SECURITY.md#untrusted-models for more details). In a future release, the default value for `weights_only` will be flipped to `True`. This limits the functions that could be executed during unpickling. Arbitrary objects will no longer be allowed to be loaded via this mode unless they are explicitly allowlisted by the user via `torch.serialization.add_safe_globals`. We recommend you start setting `weights_only=True` for any use case where you don't have full control of the loaded file. Please open an issue on GitHub for any issues related to this experimental feature.
  model.load_state_dict(torch.load(os.path.join(out_dir, 'best_model.pth')))
Final Test MSE (Best Model): 0.0242
Finished. Status: Success
