Starting Run on GPU 3
Time: 2025-12-24 14:15:21

[Run Start] Subject S003 | Mode ['SDA'] | Params: L2.5_LS0.7_LR0.0001_E256_D32_Dr0.3

[Fold 1 - SDA] Train: ['S003_T003', 'S003_T006'], Test: S003_T002, Norm: fixed
/home/sangukchoi/.conda/envs/torch_gpu/lib/python3.10/site-packages/torch/nn/modules/rnn.py:123: UserWarning: dropout option adds dropout after all but last recurrent layer, so non-zero dropout expects num_layers greater than 1, but got dropout=0.3 and num_layers=1
  warnings.warn(
  Ep 1: Train 0.5145 | Val 0.3283 | Test 0.0279
Validation loss decreased (0.328346 --> 0.328346).  Saving model ...
  Ep 2: Train 0.3442 | Val 0.2687 | Test 0.0259
Validation loss decreased (0.268651 --> 0.268651).  Saving model ...
  Ep 3: Train 0.3278 | Val 0.2771 | Test 0.0312
EarlyStopping counter: 1 out of 5
  Ep 4: Train 0.3089 | Val 0.2490 | Test 0.0255
Validation loss decreased (0.248957 --> 0.248957).  Saving model ...
  Ep 5: Train 0.3059 | Val 0.2510 | Test 0.0363
EarlyStopping counter: 1 out of 5
  Ep 6: Train 0.2969 | Val 0.2475 | Test 0.0281
Validation loss decreased (0.247472 --> 0.247472).  Saving model ...
  Ep 7: Train 0.2939 | Val 0.2223 | Test 0.0233
Validation loss decreased (0.222280 --> 0.222280).  Saving model ...
  Ep 8: Train 0.2843 | Val 0.2265 | Test 0.0231
EarlyStopping counter: 1 out of 5
  Ep 9: Train 0.2841 | Val 0.2353 | Test 0.0256
EarlyStopping counter: 2 out of 5
  Ep 10: Train 0.2799 | Val 0.2327 | Test 0.0237
EarlyStopping counter: 3 out of 5
  Ep 11: Train 0.2778 | Val 0.2265 | Test 0.0264
EarlyStopping counter: 4 out of 5
  Ep 12: Train 0.2741 | Val 0.2325 | Test 0.0273
EarlyStopping counter: 5 out of 5
Early stopping triggered!
/home/sangukchoi/Stroke_SDA/sda_training.py:615: FutureWarning: You are using `torch.load` with `weights_only=False` (the current default value), which uses the default pickle module implicitly. It is possible to construct malicious pickle data which will execute arbitrary code during unpickling (See https://github.com/pytorch/pytorch/blob/main/SECURITY.md#untrusted-models for more details). In a future release, the default value for `weights_only` will be flipped to `True`. This limits the functions that could be executed during unpickling. Arbitrary objects will no longer be allowed to be loaded via this mode unless they are explicitly allowlisted by the user via `torch.serialization.add_safe_globals`. We recommend you start setting `weights_only=True` for any use case where you don't have full control of the loaded file. Please open an issue on GitHub for any issues related to this experimental feature.
  model.load_state_dict(torch.load(os.path.join(out_dir, 'best_model.pth')))
Final Test MSE (Best Model): 0.0233
Finished. Status: Success
