Starting Run on GPU 1
Time: 2025-12-24 12:52:01

[Run Start] Subject S003 | Mode ['SDA'] | Params: L1.5_LS1.0_LR0.0001_E128_D32_Dr0.3

[Fold 1 - SDA] Train: ['S003_T003', 'S003_T006'], Test: S003_T002, Norm: fixed
/home/sangukchoi/.conda/envs/torch_gpu/lib/python3.10/site-packages/torch/nn/modules/rnn.py:123: UserWarning: dropout option adds dropout after all but last recurrent layer, so non-zero dropout expects num_layers greater than 1, but got dropout=0.3 and num_layers=1
  warnings.warn(
  Ep 1: Train 0.5028 | Val 0.2998 | Test 0.0227
Validation loss decreased (0.299816 --> 0.299816).  Saving model ...
  Ep 2: Train 0.2735 | Val 0.2014 | Test 0.0224
Validation loss decreased (0.201428 --> 0.201428).  Saving model ...
  Ep 3: Train 0.2452 | Val 0.1839 | Test 0.0249
Validation loss decreased (0.183853 --> 0.183853).  Saving model ...
  Ep 4: Train 0.2360 | Val 0.1732 | Test 0.0233
Validation loss decreased (0.173218 --> 0.173218).  Saving model ...
  Ep 5: Train 0.2299 | Val 0.1756 | Test 0.0251
EarlyStopping counter: 1 out of 5
  Ep 6: Train 0.2179 | Val 0.1619 | Test 0.0226
Validation loss decreased (0.161941 --> 0.161941).  Saving model ...
  Ep 7: Train 0.2155 | Val 0.1687 | Test 0.0242
EarlyStopping counter: 1 out of 5
  Ep 8: Train 0.2109 | Val 0.1627 | Test 0.0247
EarlyStopping counter: 2 out of 5
  Ep 9: Train 0.2036 | Val 0.1528 | Test 0.0213
Validation loss decreased (0.152803 --> 0.152803).  Saving model ...
  Ep 10: Train 0.2052 | Val 0.1628 | Test 0.0252
EarlyStopping counter: 1 out of 5
  Ep 11: Train 0.1996 | Val 0.1490 | Test 0.0224
Validation loss decreased (0.148950 --> 0.148950).  Saving model ...
  Ep 12: Train 0.2000 | Val 0.1573 | Test 0.0241
EarlyStopping counter: 1 out of 5
  Ep 13: Train 0.1979 | Val 0.1509 | Test 0.0233
EarlyStopping counter: 2 out of 5
  Ep 14: Train 0.1938 | Val 0.1602 | Test 0.0246
EarlyStopping counter: 3 out of 5
  Ep 15: Train 0.1948 | Val 0.1538 | Test 0.0247
EarlyStopping counter: 4 out of 5
  Ep 16: Train 0.1898 | Val 0.1454 | Test 0.0215
Validation loss decreased (0.145419 --> 0.145419).  Saving model ...
  Ep 17: Train 0.1850 | Val 0.1422 | Test 0.0219
Validation loss decreased (0.142184 --> 0.142184).  Saving model ...
  Ep 18: Train 0.1908 | Val 0.1459 | Test 0.0244
EarlyStopping counter: 1 out of 5
  Ep 19: Train 0.1852 | Val 0.1496 | Test 0.0245
EarlyStopping counter: 2 out of 5
  Ep 20: Train 0.1798 | Val 0.1456 | Test 0.0249
EarlyStopping counter: 3 out of 5
  Ep 21: Train 0.1867 | Val 0.1465 | Test 0.0254
EarlyStopping counter: 4 out of 5
  Ep 22: Train 0.1822 | Val 0.1427 | Test 0.0248
EarlyStopping counter: 5 out of 5
Early stopping triggered!
/home/sangukchoi/Stroke_SDA/sda_training.py:615: FutureWarning: You are using `torch.load` with `weights_only=False` (the current default value), which uses the default pickle module implicitly. It is possible to construct malicious pickle data which will execute arbitrary code during unpickling (See https://github.com/pytorch/pytorch/blob/main/SECURITY.md#untrusted-models for more details). In a future release, the default value for `weights_only` will be flipped to `True`. This limits the functions that could be executed during unpickling. Arbitrary objects will no longer be allowed to be loaded via this mode unless they are explicitly allowlisted by the user via `torch.serialization.add_safe_globals`. We recommend you start setting `weights_only=True` for any use case where you don't have full control of the loaded file. Please open an issue on GitHub for any issues related to this experimental feature.
  model.load_state_dict(torch.load(os.path.join(out_dir, 'best_model.pth')))
Final Test MSE (Best Model): 0.0219
Finished. Status: Success
