Starting Run on GPU 3
Time: 2025-12-24 14:40:59

[Run Start] Subject S003 | Mode ['SDA'] | Params: L3.0_LS0.3_LR0.0001_E128_D128_Dr0.3

[Fold 1 - SDA] Train: ['S003_T003', 'S003_T006'], Test: S003_T002, Norm: fixed
/home/sangukchoi/.conda/envs/torch_gpu/lib/python3.10/site-packages/torch/nn/modules/rnn.py:123: UserWarning: dropout option adds dropout after all but last recurrent layer, so non-zero dropout expects num_layers greater than 1, but got dropout=0.3 and num_layers=1
  warnings.warn(
  Ep 1: Train 0.7685 | Val 0.6944 | Test 0.2670
Validation loss decreased (0.694369 --> 0.694369).  Saving model ...
  Ep 2: Train 0.6296 | Val 0.5169 | Test 0.1177
Validation loss decreased (0.516865 --> 0.516865).  Saving model ...
  Ep 3: Train 0.4626 | Val 0.4098 | Test 0.0444
Validation loss decreased (0.409833 --> 0.409833).  Saving model ...
  Ep 4: Train 0.4075 | Val 0.3580 | Test 0.0361
Validation loss decreased (0.358049 --> 0.358049).  Saving model ...
  Ep 5: Train 0.3908 | Val 0.3280 | Test 0.0279
Validation loss decreased (0.327961 --> 0.327961).  Saving model ...
  Ep 6: Train 0.3680 | Val 0.2901 | Test 0.0311
Validation loss decreased (0.290089 --> 0.290089).  Saving model ...
  Ep 7: Train 0.3624 | Val 0.2876 | Test 0.0311
Validation loss decreased (0.287568 --> 0.287568).  Saving model ...
  Ep 8: Train 0.3491 | Val 0.2758 | Test 0.0317
Validation loss decreased (0.275802 --> 0.275802).  Saving model ...
  Ep 9: Train 0.3416 | Val 0.2797 | Test 0.0338
EarlyStopping counter: 1 out of 5
  Ep 10: Train 0.3336 | Val 0.2567 | Test 0.0302
Validation loss decreased (0.256676 --> 0.256676).  Saving model ...
  Ep 11: Train 0.3398 | Val 0.2498 | Test 0.0296
Validation loss decreased (0.249840 --> 0.249840).  Saving model ...
  Ep 12: Train 0.3335 | Val 0.2589 | Test 0.0290
EarlyStopping counter: 1 out of 5
  Ep 13: Train 0.3247 | Val 0.2706 | Test 0.0361
EarlyStopping counter: 2 out of 5
  Ep 14: Train 0.3330 | Val 0.2649 | Test 0.0280
EarlyStopping counter: 3 out of 5
  Ep 15: Train 0.3243 | Val 0.2494 | Test 0.0334
EarlyStopping counter: 4 out of 5
  Ep 16: Train 0.3233 | Val 0.2538 | Test 0.0334
EarlyStopping counter: 5 out of 5
Early stopping triggered!
/home/sangukchoi/Stroke_SDA/sda_training.py:615: FutureWarning: You are using `torch.load` with `weights_only=False` (the current default value), which uses the default pickle module implicitly. It is possible to construct malicious pickle data which will execute arbitrary code during unpickling (See https://github.com/pytorch/pytorch/blob/main/SECURITY.md#untrusted-models for more details). In a future release, the default value for `weights_only` will be flipped to `True`. This limits the functions that could be executed during unpickling. Arbitrary objects will no longer be allowed to be loaded via this mode unless they are explicitly allowlisted by the user via `torch.serialization.add_safe_globals`. We recommend you start setting `weights_only=True` for any use case where you don't have full control of the loaded file. Please open an issue on GitHub for any issues related to this experimental feature.
  model.load_state_dict(torch.load(os.path.join(out_dir, 'best_model.pth')))
Final Test MSE (Best Model): 0.0296
Finished. Status: Success
