Starting Run on GPU 3
Time: 2025-12-24 12:56:31

[Run Start] Subject S003 | Mode ['SDA'] | Params: L1.5_LS1.0_LR0.0001_E128_D128_Dr0.3

[Fold 1 - SDA] Train: ['S003_T003', 'S003_T006'], Test: S003_T002, Norm: fixed
/home/sangukchoi/.conda/envs/torch_gpu/lib/python3.10/site-packages/torch/nn/modules/rnn.py:123: UserWarning: dropout option adds dropout after all but last recurrent layer, so non-zero dropout expects num_layers greater than 1, but got dropout=0.3 and num_layers=1
  warnings.warn(
  Ep 1: Train 0.4628 | Val 0.2941 | Test 0.0216
Validation loss decreased (0.294095 --> 0.294095).  Saving model ...
  Ep 2: Train 0.2814 | Val 0.2251 | Test 0.0216
Validation loss decreased (0.225122 --> 0.225122).  Saving model ...
  Ep 3: Train 0.2479 | Val 0.1915 | Test 0.0223
Validation loss decreased (0.191494 --> 0.191494).  Saving model ...
  Ep 4: Train 0.2295 | Val 0.1730 | Test 0.0208
Validation loss decreased (0.173007 --> 0.173007).  Saving model ...
  Ep 5: Train 0.2177 | Val 0.1686 | Test 0.0221
Validation loss decreased (0.168595 --> 0.168595).  Saving model ...
  Ep 6: Train 0.2154 | Val 0.1595 | Test 0.0212
Validation loss decreased (0.159452 --> 0.159452).  Saving model ...
  Ep 7: Train 0.2091 | Val 0.1587 | Test 0.0219
Validation loss decreased (0.158713 --> 0.158713).  Saving model ...
  Ep 8: Train 0.2079 | Val 0.1570 | Test 0.0226
Validation loss decreased (0.156990 --> 0.156990).  Saving model ...
  Ep 9: Train 0.2056 | Val 0.1724 | Test 0.0239
EarlyStopping counter: 1 out of 5
  Ep 10: Train 0.2004 | Val 0.1623 | Test 0.0231
EarlyStopping counter: 2 out of 5
  Ep 11: Train 0.2010 | Val 0.1503 | Test 0.0209
Validation loss decreased (0.150338 --> 0.150338).  Saving model ...
  Ep 12: Train 0.1984 | Val 0.1575 | Test 0.0254
EarlyStopping counter: 1 out of 5
  Ep 13: Train 0.1952 | Val 0.1423 | Test 0.0195
Validation loss decreased (0.142330 --> 0.142330).  Saving model ...
  Ep 14: Train 0.1941 | Val 0.1441 | Test 0.0212
EarlyStopping counter: 1 out of 5
  Ep 15: Train 0.1901 | Val 0.1456 | Test 0.0202
EarlyStopping counter: 2 out of 5
  Ep 16: Train 0.1887 | Val 0.1405 | Test 0.0202
Validation loss decreased (0.140483 --> 0.140483).  Saving model ...
  Ep 17: Train 0.1874 | Val 0.1352 | Test 0.0187
Validation loss decreased (0.135247 --> 0.135247).  Saving model ...
  Ep 18: Train 0.1833 | Val 0.1363 | Test 0.0196
EarlyStopping counter: 1 out of 5
  Ep 19: Train 0.1801 | Val 0.1421 | Test 0.0191
EarlyStopping counter: 2 out of 5
  Ep 20: Train 0.1840 | Val 0.1416 | Test 0.0192
EarlyStopping counter: 3 out of 5
  Ep 21: Train 0.1841 | Val 0.1309 | Test 0.0215
Validation loss decreased (0.130882 --> 0.130882).  Saving model ...
  Ep 22: Train 0.1829 | Val 0.1325 | Test 0.0191
EarlyStopping counter: 1 out of 5
  Ep 23: Train 0.1765 | Val 0.1393 | Test 0.0255
EarlyStopping counter: 2 out of 5
  Ep 24: Train 0.1793 | Val 0.1319 | Test 0.0220
EarlyStopping counter: 3 out of 5
  Ep 25: Train 0.1820 | Val 0.1369 | Test 0.0221
EarlyStopping counter: 4 out of 5
  Ep 26: Train 0.1791 | Val 0.1299 | Test 0.0200
Validation loss decreased (0.129939 --> 0.129939).  Saving model ...
  Ep 27: Train 0.1782 | Val 0.1323 | Test 0.0223
EarlyStopping counter: 1 out of 5
  Ep 28: Train 0.1749 | Val 0.1411 | Test 0.0237
EarlyStopping counter: 2 out of 5
  Ep 29: Train 0.1742 | Val 0.1284 | Test 0.0217
Validation loss decreased (0.128415 --> 0.128415).  Saving model ...
  Ep 30: Train 0.1742 | Val 0.1312 | Test 0.0258
EarlyStopping counter: 1 out of 5
  Ep 31: Train 0.1740 | Val 0.1290 | Test 0.0281
EarlyStopping counter: 2 out of 5
  Ep 32: Train 0.1740 | Val 0.1274 | Test 0.0228
Validation loss decreased (0.127396 --> 0.127396).  Saving model ...
  Ep 33: Train 0.1699 | Val 0.1374 | Test 0.0256
EarlyStopping counter: 1 out of 5
  Ep 34: Train 0.1704 | Val 0.1348 | Test 0.0259
EarlyStopping counter: 2 out of 5
  Ep 35: Train 0.1745 | Val 0.1262 | Test 0.0245
Validation loss decreased (0.126239 --> 0.126239).  Saving model ...
  Ep 36: Train 0.1696 | Val 0.1286 | Test 0.0244
EarlyStopping counter: 1 out of 5
  Ep 37: Train 0.1703 | Val 0.1391 | Test 0.0298
EarlyStopping counter: 2 out of 5
  Ep 38: Train 0.1704 | Val 0.1305 | Test 0.0296
EarlyStopping counter: 3 out of 5
  Ep 39: Train 0.1665 | Val 0.1306 | Test 0.0283
EarlyStopping counter: 4 out of 5
  Ep 40: Train 0.1687 | Val 0.1202 | Test 0.0274
Validation loss decreased (0.120173 --> 0.120173).  Saving model ...
  Ep 41: Train 0.1667 | Val 0.1274 | Test 0.0309
EarlyStopping counter: 1 out of 5
  Ep 42: Train 0.1653 | Val 0.1225 | Test 0.0274
EarlyStopping counter: 2 out of 5
  Ep 43: Train 0.1683 | Val 0.1351 | Test 0.0309
EarlyStopping counter: 3 out of 5
  Ep 44: Train 0.1649 | Val 0.1271 | Test 0.0305
EarlyStopping counter: 4 out of 5
  Ep 45: Train 0.1648 | Val 0.1211 | Test 0.0283
EarlyStopping counter: 5 out of 5
Early stopping triggered!
/home/sangukchoi/Stroke_SDA/sda_training.py:615: FutureWarning: You are using `torch.load` with `weights_only=False` (the current default value), which uses the default pickle module implicitly. It is possible to construct malicious pickle data which will execute arbitrary code during unpickling (See https://github.com/pytorch/pytorch/blob/main/SECURITY.md#untrusted-models for more details). In a future release, the default value for `weights_only` will be flipped to `True`. This limits the functions that could be executed during unpickling. Arbitrary objects will no longer be allowed to be loaded via this mode unless they are explicitly allowlisted by the user via `torch.serialization.add_safe_globals`. We recommend you start setting `weights_only=True` for any use case where you don't have full control of the loaded file. Please open an issue on GitHub for any issues related to this experimental feature.
  model.load_state_dict(torch.load(os.path.join(out_dir, 'best_model.pth')))
Final Test MSE (Best Model): 0.0274
Finished. Status: Success
