Starting Run on GPU 3
Time: 2025-12-24 14:09:49

[Run Start] Subject S003 | Mode ['SDA'] | Params: L2.5_LS0.7_LR0.0001_E64_D128_Dr0.3

[Fold 1 - SDA] Train: ['S003_T003', 'S003_T006'], Test: S003_T002, Norm: fixed
/home/sangukchoi/.conda/envs/torch_gpu/lib/python3.10/site-packages/torch/nn/modules/rnn.py:123: UserWarning: dropout option adds dropout after all but last recurrent layer, so non-zero dropout expects num_layers greater than 1, but got dropout=0.3 and num_layers=1
  warnings.warn(
  Ep 1: Train 0.7541 | Val 0.5866 | Test 0.0714
Validation loss decreased (0.586553 --> 0.586553).  Saving model ...
  Ep 2: Train 0.4619 | Val 0.3823 | Test 0.0299
Validation loss decreased (0.382262 --> 0.382262).  Saving model ...
  Ep 3: Train 0.3778 | Val 0.2894 | Test 0.0257
Validation loss decreased (0.289390 --> 0.289390).  Saving model ...
  Ep 4: Train 0.3434 | Val 0.2694 | Test 0.0273
Validation loss decreased (0.269392 --> 0.269392).  Saving model ...
  Ep 5: Train 0.3306 | Val 0.2425 | Test 0.0231
Validation loss decreased (0.242484 --> 0.242484).  Saving model ...
  Ep 6: Train 0.3217 | Val 0.2448 | Test 0.0250
EarlyStopping counter: 1 out of 5
  Ep 7: Train 0.3165 | Val 0.2484 | Test 0.0284
EarlyStopping counter: 2 out of 5
  Ep 8: Train 0.3149 | Val 0.2461 | Test 0.0265
EarlyStopping counter: 3 out of 5
  Ep 9: Train 0.3072 | Val 0.2378 | Test 0.0234
Validation loss decreased (0.237818 --> 0.237818).  Saving model ...
  Ep 10: Train 0.3067 | Val 0.2379 | Test 0.0264
EarlyStopping counter: 1 out of 5
  Ep 11: Train 0.2998 | Val 0.2346 | Test 0.0233
Validation loss decreased (0.234574 --> 0.234574).  Saving model ...
  Ep 12: Train 0.3046 | Val 0.2323 | Test 0.0260
Validation loss decreased (0.232265 --> 0.232265).  Saving model ...
  Ep 13: Train 0.2944 | Val 0.2279 | Test 0.0246
Validation loss decreased (0.227914 --> 0.227914).  Saving model ...
  Ep 14: Train 0.2930 | Val 0.2286 | Test 0.0242
EarlyStopping counter: 1 out of 5
  Ep 15: Train 0.2911 | Val 0.2215 | Test 0.0226
Validation loss decreased (0.221524 --> 0.221524).  Saving model ...
  Ep 16: Train 0.2877 | Val 0.2273 | Test 0.0267
EarlyStopping counter: 1 out of 5
  Ep 17: Train 0.2845 | Val 0.2291 | Test 0.0248
EarlyStopping counter: 2 out of 5
  Ep 18: Train 0.2835 | Val 0.2294 | Test 0.0254
EarlyStopping counter: 3 out of 5
  Ep 19: Train 0.2861 | Val 0.2219 | Test 0.0236
EarlyStopping counter: 4 out of 5
  Ep 20: Train 0.2952 | Val 0.2213 | Test 0.0218
EarlyStopping counter: 5 out of 5
Early stopping triggered!
/home/sangukchoi/Stroke_SDA/sda_training.py:615: FutureWarning: You are using `torch.load` with `weights_only=False` (the current default value), which uses the default pickle module implicitly. It is possible to construct malicious pickle data which will execute arbitrary code during unpickling (See https://github.com/pytorch/pytorch/blob/main/SECURITY.md#untrusted-models for more details). In a future release, the default value for `weights_only` will be flipped to `True`. This limits the functions that could be executed during unpickling. Arbitrary objects will no longer be allowed to be loaded via this mode unless they are explicitly allowlisted by the user via `torch.serialization.add_safe_globals`. We recommend you start setting `weights_only=True` for any use case where you don't have full control of the loaded file. Please open an issue on GitHub for any issues related to this experimental feature.
  model.load_state_dict(torch.load(os.path.join(out_dir, 'best_model.pth')))
Final Test MSE (Best Model): 0.0226
Finished. Status: Success
