Starting Run on GPU 0
Time: 2025-12-24 13:16:27

[Run Start] Subject S003 | Mode ['SDA'] | Params: L2.0_LS0.7_LR0.0001_E256_D128_Dr0.3

[Fold 1 - SDA] Train: ['S003_T003', 'S003_T006'], Test: S003_T002, Norm: fixed
/home/sangukchoi/.conda/envs/torch_gpu/lib/python3.10/site-packages/torch/nn/modules/rnn.py:123: UserWarning: dropout option adds dropout after all but last recurrent layer, so non-zero dropout expects num_layers greater than 1, but got dropout=0.3 and num_layers=1
  warnings.warn(
  Ep 1: Train 0.4137 | Val 0.3983 | Test 0.0468
Validation loss decreased (0.398278 --> 0.398278).  Saving model ...
  Ep 2: Train 0.3091 | Val 0.2498 | Test 0.0277
Validation loss decreased (0.249848 --> 0.249848).  Saving model ...
  Ep 3: Train 0.2838 | Val 0.2376 | Test 0.0272
Validation loss decreased (0.237648 --> 0.237648).  Saving model ...
  Ep 4: Train 0.2701 | Val 0.2067 | Test 0.0234
Validation loss decreased (0.206717 --> 0.206717).  Saving model ...
  Ep 5: Train 0.2654 | Val 0.2008 | Test 0.0210
Validation loss decreased (0.200784 --> 0.200784).  Saving model ...
  Ep 6: Train 0.2609 | Val 0.2033 | Test 0.0253
EarlyStopping counter: 1 out of 5
  Ep 7: Train 0.2477 | Val 0.1937 | Test 0.0227
Validation loss decreased (0.193686 --> 0.193686).  Saving model ...
  Ep 8: Train 0.2395 | Val 0.1977 | Test 0.0216
EarlyStopping counter: 1 out of 5
  Ep 9: Train 0.2346 | Val 0.1883 | Test 0.0226
Validation loss decreased (0.188312 --> 0.188312).  Saving model ...
  Ep 10: Train 0.2327 | Val 0.1923 | Test 0.0231
EarlyStopping counter: 1 out of 5
  Ep 11: Train 0.2310 | Val 0.1953 | Test 0.0241
EarlyStopping counter: 2 out of 5
  Ep 12: Train 0.2308 | Val 0.1935 | Test 0.0236
EarlyStopping counter: 3 out of 5
  Ep 13: Train 0.2262 | Val 0.1868 | Test 0.0251
Validation loss decreased (0.186828 --> 0.186828).  Saving model ...
  Ep 14: Train 0.2276 | Val 0.1830 | Test 0.0237
Validation loss decreased (0.182980 --> 0.182980).  Saving model ...
  Ep 15: Train 0.2212 | Val 0.1880 | Test 0.0241
EarlyStopping counter: 1 out of 5
  Ep 16: Train 0.2211 | Val 0.2019 | Test 0.0255
EarlyStopping counter: 2 out of 5
  Ep 17: Train 0.2179 | Val 0.1823 | Test 0.0220
Validation loss decreased (0.182323 --> 0.182323).  Saving model ...
  Ep 18: Train 0.2129 | Val 0.1811 | Test 0.0241
Validation loss decreased (0.181139 --> 0.181139).  Saving model ...
  Ep 19: Train 0.2163 | Val 0.1733 | Test 0.0239
Validation loss decreased (0.173346 --> 0.173346).  Saving model ...
  Ep 20: Train 0.2125 | Val 0.1767 | Test 0.0233
EarlyStopping counter: 1 out of 5
  Ep 21: Train 0.2156 | Val 0.1698 | Test 0.0230
Validation loss decreased (0.169822 --> 0.169822).  Saving model ...
  Ep 22: Train 0.2163 | Val 0.1610 | Test 0.0253
Validation loss decreased (0.160994 --> 0.160994).  Saving model ...
  Ep 23: Train 0.2103 | Val 0.1494 | Test 0.0220
Validation loss decreased (0.149449 --> 0.149449).  Saving model ...
  Ep 24: Train 0.2113 | Val 0.1753 | Test 0.0239
EarlyStopping counter: 1 out of 5
  Ep 25: Train 0.2052 | Val 0.1767 | Test 0.0218
EarlyStopping counter: 2 out of 5
  Ep 26: Train 0.2092 | Val 0.1698 | Test 0.0292
EarlyStopping counter: 3 out of 5
  Ep 27: Train 0.2086 | Val 0.1607 | Test 0.0223
EarlyStopping counter: 4 out of 5
  Ep 28: Train 0.2079 | Val 0.1620 | Test 0.0229
EarlyStopping counter: 5 out of 5
Early stopping triggered!
/home/sangukchoi/Stroke_SDA/sda_training.py:615: FutureWarning: You are using `torch.load` with `weights_only=False` (the current default value), which uses the default pickle module implicitly. It is possible to construct malicious pickle data which will execute arbitrary code during unpickling (See https://github.com/pytorch/pytorch/blob/main/SECURITY.md#untrusted-models for more details). In a future release, the default value for `weights_only` will be flipped to `True`. This limits the functions that could be executed during unpickling. Arbitrary objects will no longer be allowed to be loaded via this mode unless they are explicitly allowlisted by the user via `torch.serialization.add_safe_globals`. We recommend you start setting `weights_only=True` for any use case where you don't have full control of the loaded file. Please open an issue on GitHub for any issues related to this experimental feature.
  model.load_state_dict(torch.load(os.path.join(out_dir, 'best_model.pth')))
Final Test MSE (Best Model): 0.0220
Finished. Status: Success
