Starting Run on GPU 3
Time: 2025-12-24 14:19:34

[Run Start] Subject S003 | Mode ['SDA'] | Params: L2.5_LS1.0_LR0.0001_E64_D64_Dr0.3

[Fold 1 - SDA] Train: ['S003_T003', 'S003_T006'], Test: S003_T002, Norm: fixed
/home/sangukchoi/.conda/envs/torch_gpu/lib/python3.10/site-packages/torch/nn/modules/rnn.py:123: UserWarning: dropout option adds dropout after all but last recurrent layer, so non-zero dropout expects num_layers greater than 1, but got dropout=0.3 and num_layers=1
  warnings.warn(
  Ep 1: Train 0.8321 | Val 0.5555 | Test 0.0434
Validation loss decreased (0.555471 --> 0.555471).  Saving model ...
  Ep 2: Train 0.4975 | Val 0.4170 | Test 0.0329
Validation loss decreased (0.417043 --> 0.417043).  Saving model ...
  Ep 3: Train 0.4192 | Val 0.3693 | Test 0.0341
Validation loss decreased (0.369350 --> 0.369350).  Saving model ...
  Ep 4: Train 0.3768 | Val 0.3343 | Test 0.0335
Validation loss decreased (0.334315 --> 0.334315).  Saving model ...
  Ep 5: Train 0.3560 | Val 0.3072 | Test 0.0263
Validation loss decreased (0.307225 --> 0.307225).  Saving model ...
  Ep 6: Train 0.3544 | Val 0.3078 | Test 0.0318
EarlyStopping counter: 1 out of 5
  Ep 7: Train 0.3468 | Val 0.3035 | Test 0.0290
Validation loss decreased (0.303528 --> 0.303528).  Saving model ...
  Ep 8: Train 0.3441 | Val 0.2900 | Test 0.0273
Validation loss decreased (0.290002 --> 0.290002).  Saving model ...
  Ep 9: Train 0.3368 | Val 0.3092 | Test 0.0351
EarlyStopping counter: 1 out of 5
  Ep 10: Train 0.3259 | Val 0.2866 | Test 0.0263
Validation loss decreased (0.286562 --> 0.286562).  Saving model ...
  Ep 11: Train 0.3318 | Val 0.2629 | Test 0.0258
Validation loss decreased (0.262852 --> 0.262852).  Saving model ...
  Ep 12: Train 0.3248 | Val 0.2601 | Test 0.0265
Validation loss decreased (0.260112 --> 0.260112).  Saving model ...
  Ep 13: Train 0.3200 | Val 0.2513 | Test 0.0264
Validation loss decreased (0.251277 --> 0.251277).  Saving model ...
  Ep 14: Train 0.3205 | Val 0.2574 | Test 0.0267
EarlyStopping counter: 1 out of 5
  Ep 15: Train 0.3155 | Val 0.2556 | Test 0.0234
EarlyStopping counter: 2 out of 5
  Ep 16: Train 0.3150 | Val 0.2483 | Test 0.0262
Validation loss decreased (0.248331 --> 0.248331).  Saving model ...
  Ep 17: Train 0.3124 | Val 0.2409 | Test 0.0226
Validation loss decreased (0.240855 --> 0.240855).  Saving model ...
  Ep 18: Train 0.3109 | Val 0.2361 | Test 0.0226
Validation loss decreased (0.236114 --> 0.236114).  Saving model ...
  Ep 19: Train 0.3077 | Val 0.2577 | Test 0.0261
EarlyStopping counter: 1 out of 5
  Ep 20: Train 0.3070 | Val 0.2540 | Test 0.0251
EarlyStopping counter: 2 out of 5
  Ep 21: Train 0.3129 | Val 0.2469 | Test 0.0239
EarlyStopping counter: 3 out of 5
  Ep 22: Train 0.3062 | Val 0.2401 | Test 0.0262
EarlyStopping counter: 4 out of 5
  Ep 23: Train 0.3026 | Val 0.2484 | Test 0.0267
EarlyStopping counter: 5 out of 5
Early stopping triggered!
/home/sangukchoi/Stroke_SDA/sda_training.py:615: FutureWarning: You are using `torch.load` with `weights_only=False` (the current default value), which uses the default pickle module implicitly. It is possible to construct malicious pickle data which will execute arbitrary code during unpickling (See https://github.com/pytorch/pytorch/blob/main/SECURITY.md#untrusted-models for more details). In a future release, the default value for `weights_only` will be flipped to `True`. This limits the functions that could be executed during unpickling. Arbitrary objects will no longer be allowed to be loaded via this mode unless they are explicitly allowlisted by the user via `torch.serialization.add_safe_globals`. We recommend you start setting `weights_only=True` for any use case where you don't have full control of the loaded file. Please open an issue on GitHub for any issues related to this experimental feature.
  model.load_state_dict(torch.load(os.path.join(out_dir, 'best_model.pth')))
Final Test MSE (Best Model): 0.0226
Finished. Status: Success
