Starting Run on GPU 0
Time: 2025-12-24 14:25:09

[Run Start] Subject S003 | Mode ['SDA'] | Params: L2.5_LS1.0_LR0.0001_E128_D64_Dr0.3

[Fold 1 - SDA] Train: ['S003_T003', 'S003_T006'], Test: S003_T002, Norm: fixed
/home/sangukchoi/.conda/envs/torch_gpu/lib/python3.10/site-packages/torch/nn/modules/rnn.py:123: UserWarning: dropout option adds dropout after all but last recurrent layer, so non-zero dropout expects num_layers greater than 1, but got dropout=0.3 and num_layers=1
  warnings.warn(
  Ep 1: Train 0.6609 | Val 0.4401 | Test 0.0276
Validation loss decreased (0.440076 --> 0.440076).  Saving model ...
  Ep 2: Train 0.3886 | Val 0.2895 | Test 0.0244
Validation loss decreased (0.289474 --> 0.289474).  Saving model ...
  Ep 3: Train 0.3488 | Val 0.2866 | Test 0.0266
Validation loss decreased (0.286626 --> 0.286626).  Saving model ...
  Ep 4: Train 0.3386 | Val 0.2738 | Test 0.0250
Validation loss decreased (0.273791 --> 0.273791).  Saving model ...
  Ep 5: Train 0.3340 | Val 0.2598 | Test 0.0238
Validation loss decreased (0.259847 --> 0.259847).  Saving model ...
  Ep 6: Train 0.3298 | Val 0.2930 | Test 0.0292
EarlyStopping counter: 1 out of 5
  Ep 7: Train 0.3245 | Val 0.2634 | Test 0.0263
EarlyStopping counter: 2 out of 5
  Ep 8: Train 0.3182 | Val 0.2484 | Test 0.0245
Validation loss decreased (0.248352 --> 0.248352).  Saving model ...
  Ep 9: Train 0.3073 | Val 0.2513 | Test 0.0266
EarlyStopping counter: 1 out of 5
  Ep 10: Train 0.3107 | Val 0.2592 | Test 0.0240
EarlyStopping counter: 2 out of 5
  Ep 11: Train 0.3054 | Val 0.2599 | Test 0.0240
EarlyStopping counter: 3 out of 5
  Ep 12: Train 0.2957 | Val 0.2522 | Test 0.0247
EarlyStopping counter: 4 out of 5
  Ep 13: Train 0.2924 | Val 0.2394 | Test 0.0241
Validation loss decreased (0.239416 --> 0.239416).  Saving model ...
  Ep 14: Train 0.2962 | Val 0.2349 | Test 0.0213
Validation loss decreased (0.234909 --> 0.234909).  Saving model ...
  Ep 15: Train 0.2943 | Val 0.2435 | Test 0.0225
EarlyStopping counter: 1 out of 5
  Ep 16: Train 0.2881 | Val 0.2450 | Test 0.0248
EarlyStopping counter: 2 out of 5
  Ep 17: Train 0.2887 | Val 0.2391 | Test 0.0241
EarlyStopping counter: 3 out of 5
  Ep 18: Train 0.2818 | Val 0.2343 | Test 0.0242
Validation loss decreased (0.234252 --> 0.234252).  Saving model ...
  Ep 19: Train 0.2810 | Val 0.2354 | Test 0.0228
EarlyStopping counter: 1 out of 5
  Ep 20: Train 0.2753 | Val 0.2388 | Test 0.0249
EarlyStopping counter: 2 out of 5
  Ep 21: Train 0.2872 | Val 0.2310 | Test 0.0241
Validation loss decreased (0.231020 --> 0.231020).  Saving model ...
  Ep 22: Train 0.2788 | Val 0.2270 | Test 0.0224
Validation loss decreased (0.226951 --> 0.226951).  Saving model ...
  Ep 23: Train 0.2807 | Val 0.2462 | Test 0.0244
EarlyStopping counter: 1 out of 5
  Ep 24: Train 0.2804 | Val 0.2228 | Test 0.0235
Validation loss decreased (0.222765 --> 0.222765).  Saving model ...
  Ep 25: Train 0.2704 | Val 0.2181 | Test 0.0210
Validation loss decreased (0.218100 --> 0.218100).  Saving model ...
  Ep 26: Train 0.2743 | Val 0.2322 | Test 0.0224
EarlyStopping counter: 1 out of 5
  Ep 27: Train 0.2724 | Val 0.2221 | Test 0.0236
EarlyStopping counter: 2 out of 5
  Ep 28: Train 0.2663 | Val 0.2230 | Test 0.0261
EarlyStopping counter: 3 out of 5
  Ep 29: Train 0.2762 | Val 0.2086 | Test 0.0211
Validation loss decreased (0.208597 --> 0.208597).  Saving model ...
  Ep 30: Train 0.2699 | Val 0.2124 | Test 0.0209
EarlyStopping counter: 1 out of 5
  Ep 31: Train 0.2656 | Val 0.2162 | Test 0.0232
EarlyStopping counter: 2 out of 5
  Ep 32: Train 0.2713 | Val 0.2165 | Test 0.0246
EarlyStopping counter: 3 out of 5
  Ep 33: Train 0.2635 | Val 0.2063 | Test 0.0219
Validation loss decreased (0.206302 --> 0.206302).  Saving model ...
  Ep 34: Train 0.2630 | Val 0.2065 | Test 0.0218
EarlyStopping counter: 1 out of 5
  Ep 35: Train 0.2593 | Val 0.2191 | Test 0.0235
EarlyStopping counter: 2 out of 5
  Ep 36: Train 0.2590 | Val 0.2137 | Test 0.0224
EarlyStopping counter: 3 out of 5
  Ep 37: Train 0.2623 | Val 0.1977 | Test 0.0248
Validation loss decreased (0.197720 --> 0.197720).  Saving model ...
  Ep 38: Train 0.2566 | Val 0.1944 | Test 0.0213
Validation loss decreased (0.194376 --> 0.194376).  Saving model ...
  Ep 39: Train 0.2573 | Val 0.2216 | Test 0.0229
EarlyStopping counter: 1 out of 5
  Ep 40: Train 0.2588 | Val 0.2073 | Test 0.0235
EarlyStopping counter: 2 out of 5
  Ep 41: Train 0.2573 | Val 0.2149 | Test 0.0249
EarlyStopping counter: 3 out of 5
  Ep 42: Train 0.2599 | Val 0.1983 | Test 0.0223
EarlyStopping counter: 4 out of 5
  Ep 43: Train 0.2564 | Val 0.1780 | Test 0.0211
Validation loss decreased (0.178048 --> 0.178048).  Saving model ...
  Ep 44: Train 0.2624 | Val 0.2077 | Test 0.0219
EarlyStopping counter: 1 out of 5
  Ep 45: Train 0.2526 | Val 0.2084 | Test 0.0246
EarlyStopping counter: 2 out of 5
  Ep 46: Train 0.2596 | Val 0.1971 | Test 0.0235
EarlyStopping counter: 3 out of 5
  Ep 47: Train 0.2541 | Val 0.1817 | Test 0.0249
EarlyStopping counter: 4 out of 5
  Ep 48: Train 0.2538 | Val 0.2166 | Test 0.0256
EarlyStopping counter: 5 out of 5
Early stopping triggered!
/home/sangukchoi/Stroke_SDA/sda_training.py:615: FutureWarning: You are using `torch.load` with `weights_only=False` (the current default value), which uses the default pickle module implicitly. It is possible to construct malicious pickle data which will execute arbitrary code during unpickling (See https://github.com/pytorch/pytorch/blob/main/SECURITY.md#untrusted-models for more details). In a future release, the default value for `weights_only` will be flipped to `True`. This limits the functions that could be executed during unpickling. Arbitrary objects will no longer be allowed to be loaded via this mode unless they are explicitly allowlisted by the user via `torch.serialization.add_safe_globals`. We recommend you start setting `weights_only=True` for any use case where you don't have full control of the loaded file. Please open an issue on GitHub for any issues related to this experimental feature.
  model.load_state_dict(torch.load(os.path.join(out_dir, 'best_model.pth')))
Final Test MSE (Best Model): 0.0211
Finished. Status: Success
