Starting Run on GPU 0
Time: 2025-12-24 14:42:54

[Run Start] Subject S003 | Mode ['SDA'] | Params: L3.0_LS0.3_LR0.0001_E256_D32_Dr0.3

[Fold 1 - SDA] Train: ['S003_T003', 'S003_T006'], Test: S003_T002, Norm: fixed
/home/sangukchoi/.conda/envs/torch_gpu/lib/python3.10/site-packages/torch/nn/modules/rnn.py:123: UserWarning: dropout option adds dropout after all but last recurrent layer, so non-zero dropout expects num_layers greater than 1, but got dropout=0.3 and num_layers=1
  warnings.warn(
  Ep 1: Train 0.8762 | Val 365.3735 | Test 0.4987
Validation loss decreased (365.373520 --> 365.373520).  Saving model ...
  Ep 2: Train 5.0244 | Val 4.6998 | Test 0.4998
Validation loss decreased (4.699789 --> 4.699789).  Saving model ...
  Ep 3: Train 1.0538 | Val 2.5784 | Test 0.5000
Validation loss decreased (2.578427 --> 2.578427).  Saving model ...
  Ep 4: Train 1.0385 | Val 25.1678 | Test 0.4994
EarlyStopping counter: 1 out of 5
  Ep 5: Train 1.0113 | Val 339.1405 | Test 0.5005
EarlyStopping counter: 2 out of 5
  Ep 6: Train 1.0001 | Val -2295.4665 | Test 0.4997
Validation loss decreased (-2295.466500 --> -2295.466500).  Saving model ...
  Ep 7: Train 0.9838 | Val 139352.0688 | Test 0.5012
EarlyStopping counter: 1 out of 5
  Ep 8: Train 0.9665 | Val -131208.0933 | Test 0.4992
Validation loss decreased (-131208.093262 --> -131208.093262).  Saving model ...
  Ep 9: Train 0.9449 | Val 19072629644903.2383 | Test 0.5004
EarlyStopping counter: 1 out of 5
  Ep 10: Train 0.9757 | Val 12221132297.8236 | Test 0.5006
EarlyStopping counter: 2 out of 5
  Ep 11: Train 0.9361 | Val -13469060301.6000 | Test 0.4998
Validation loss decreased (-13469060301.600000 --> -13469060301.600000).  Saving model ...
  Ep 12: Train 0.9761 | Val 4679.7353 | Test 0.5016
EarlyStopping counter: 1 out of 5
  Ep 13: Train 0.9439 | Val 53165407883673.6016 | Test 0.5017
EarlyStopping counter: 2 out of 5
  Ep 14: Train 1.0095 | Val 9.5741 | Test 0.4997
EarlyStopping counter: 3 out of 5
  Ep 15: Train 1.0033 | Val -124226.6903 | Test 0.5000
EarlyStopping counter: 4 out of 5
  Ep 16: Train 0.9722 | Val -1055.4002 | Test 0.4997
EarlyStopping counter: 5 out of 5
Early stopping triggered!
/home/sangukchoi/Stroke_SDA/sda_training.py:615: FutureWarning: You are using `torch.load` with `weights_only=False` (the current default value), which uses the default pickle module implicitly. It is possible to construct malicious pickle data which will execute arbitrary code during unpickling (See https://github.com/pytorch/pytorch/blob/main/SECURITY.md#untrusted-models for more details). In a future release, the default value for `weights_only` will be flipped to `True`. This limits the functions that could be executed during unpickling. Arbitrary objects will no longer be allowed to be loaded via this mode unless they are explicitly allowlisted by the user via `torch.serialization.add_safe_globals`. We recommend you start setting `weights_only=True` for any use case where you don't have full control of the loaded file. Please open an issue on GitHub for any issues related to this experimental feature.
  model.load_state_dict(torch.load(os.path.join(out_dir, 'best_model.pth')))
Final Test MSE (Best Model): 0.4998
Finished. Status: Success
