Starting Run on GPU 1
Time: 2025-12-24 14:30:31

[Run Start] Subject S003 | Mode ['SDA'] | Params: L2.5_LS1.0_LR0.0001_E256_D128_Dr0.3

[Fold 1 - SDA] Train: ['S003_T003', 'S003_T006'], Test: S003_T002, Norm: fixed
/home/sangukchoi/.conda/envs/torch_gpu/lib/python3.10/site-packages/torch/nn/modules/rnn.py:123: UserWarning: dropout option adds dropout after all but last recurrent layer, so non-zero dropout expects num_layers greater than 1, but got dropout=0.3 and num_layers=1
  warnings.warn(
  Ep 1: Train 0.5448 | Val 0.3840 | Test 0.0305
Validation loss decreased (0.383951 --> 0.383951).  Saving model ...
  Ep 2: Train 0.3755 | Val 0.3036 | Test 0.0300
Validation loss decreased (0.303604 --> 0.303604).  Saving model ...
  Ep 3: Train 0.3488 | Val 0.2695 | Test 0.0289
Validation loss decreased (0.269476 --> 0.269476).  Saving model ...
  Ep 4: Train 0.3341 | Val 0.3216 | Test 0.0414
EarlyStopping counter: 1 out of 5
  Ep 5: Train 0.3234 | Val 0.2368 | Test 0.0287
Validation loss decreased (0.236841 --> 0.236841).  Saving model ...
  Ep 6: Train 0.3072 | Val 0.2362 | Test 0.0235
Validation loss decreased (0.236218 --> 0.236218).  Saving model ...
  Ep 7: Train 0.3054 | Val 0.2755 | Test 0.0292
EarlyStopping counter: 1 out of 5
  Ep 8: Train 0.2976 | Val 0.2255 | Test 0.0251
Validation loss decreased (0.225529 --> 0.225529).  Saving model ...
  Ep 9: Train 0.2887 | Val 0.2292 | Test 0.0269
EarlyStopping counter: 1 out of 5
  Ep 10: Train 0.2815 | Val 0.2490 | Test 0.0242
EarlyStopping counter: 2 out of 5
  Ep 11: Train 0.2833 | Val 0.2224 | Test 0.0269
Validation loss decreased (0.222383 --> 0.222383).  Saving model ...
  Ep 12: Train 0.2882 | Val 0.2074 | Test 0.0226
Validation loss decreased (0.207435 --> 0.207435).  Saving model ...
  Ep 13: Train 0.2789 | Val 0.2096 | Test 0.0245
EarlyStopping counter: 1 out of 5
  Ep 14: Train 0.2724 | Val 0.2328 | Test 0.0253
EarlyStopping counter: 2 out of 5
  Ep 15: Train 0.2650 | Val 0.2349 | Test 0.0271
EarlyStopping counter: 3 out of 5
  Ep 16: Train 0.2733 | Val 0.2155 | Test 0.0274
EarlyStopping counter: 4 out of 5
  Ep 17: Train 0.2656 | Val 0.1974 | Test 0.0236
Validation loss decreased (0.197422 --> 0.197422).  Saving model ...
  Ep 18: Train 0.2724 | Val 0.1826 | Test 0.0261
Validation loss decreased (0.182626 --> 0.182626).  Saving model ...
  Ep 19: Train 0.2721 | Val 0.1664 | Test 0.0295
Validation loss decreased (0.166396 --> 0.166396).  Saving model ...
  Ep 20: Train 10536023.0566 | Val 4.2957 | Test 0.2505
EarlyStopping counter: 1 out of 5
  Ep 21: Train 2.5155 | Val 5.0924 | Test 0.2237
EarlyStopping counter: 2 out of 5
  Ep 22: Train 2.4129 | Val 19.7070 | Test 0.2048
EarlyStopping counter: 3 out of 5
  Ep 23: Train 2.6854 | Val 19.0674 | Test 0.2020
EarlyStopping counter: 4 out of 5
  Ep 24: Train 3.1497 | Val 19.3202 | Test 0.1933
EarlyStopping counter: 5 out of 5
Early stopping triggered!
/home/sangukchoi/Stroke_SDA/sda_training.py:615: FutureWarning: You are using `torch.load` with `weights_only=False` (the current default value), which uses the default pickle module implicitly. It is possible to construct malicious pickle data which will execute arbitrary code during unpickling (See https://github.com/pytorch/pytorch/blob/main/SECURITY.md#untrusted-models for more details). In a future release, the default value for `weights_only` will be flipped to `True`. This limits the functions that could be executed during unpickling. Arbitrary objects will no longer be allowed to be loaded via this mode unless they are explicitly allowlisted by the user via `torch.serialization.add_safe_globals`. We recommend you start setting `weights_only=True` for any use case where you don't have full control of the loaded file. Please open an issue on GitHub for any issues related to this experimental feature.
  model.load_state_dict(torch.load(os.path.join(out_dir, 'best_model.pth')))
Final Test MSE (Best Model): 0.0295
Finished. Status: Success
