Starting Run on GPU 1
Time: 2025-12-24 11:47:31

[Run Start] Subject S003 | Mode ['SDA'] | Params: L0.5_LS1.0_LR0.0001_E256_D128_Dr0.3

[Fold 1 - SDA] Train: ['S003_T003', 'S003_T006'], Test: S003_T002, Norm: fixed
/home/sangukchoi/.conda/envs/torch_gpu/lib/python3.10/site-packages/torch/nn/modules/rnn.py:123: UserWarning: dropout option adds dropout after all but last recurrent layer, so non-zero dropout expects num_layers greater than 1, but got dropout=0.3 and num_layers=1
  warnings.warn(
  Ep 1: Train 0.2371 | Val 0.1306 | Test 0.0223
Validation loss decreased (0.130582 --> 0.130582).  Saving model ...
  Ep 2: Train 0.1285 | Val 0.1102 | Test 0.0210
Validation loss decreased (0.110218 --> 0.110218).  Saving model ...
  Ep 3: Train 0.1142 | Val 0.0896 | Test 0.0201
Validation loss decreased (0.089556 --> 0.089556).  Saving model ...
  Ep 4: Train 0.1061 | Val 0.0836 | Test 0.0240
Validation loss decreased (0.083602 --> 0.083602).  Saving model ...
  Ep 5: Train 0.1000 | Val 0.0778 | Test 0.0274
Validation loss decreased (0.077752 --> 0.077752).  Saving model ...
  Ep 6: Train 0.0953 | Val 0.0733 | Test 0.0281
Validation loss decreased (0.073342 --> 0.073342).  Saving model ...
  Ep 7: Train 0.0926 | Val 0.0767 | Test 0.0375
EarlyStopping counter: 1 out of 5
  Ep 8: Train 0.0903 | Val 0.0788 | Test 0.0418
EarlyStopping counter: 2 out of 5
  Ep 9: Train 0.0894 | Val 0.0669 | Test 0.0330
Validation loss decreased (0.066858 --> 0.066858).  Saving model ...
  Ep 10: Train 0.0873 | Val 0.0702 | Test 0.0364
EarlyStopping counter: 1 out of 5
  Ep 11: Train 0.0855 | Val 0.0655 | Test 0.0335
Validation loss decreased (0.065510 --> 0.065510).  Saving model ...
  Ep 12: Train 0.0840 | Val 0.0766 | Test 0.0388
EarlyStopping counter: 1 out of 5
  Ep 13: Train 0.0825 | Val 0.0625 | Test 0.0371
Validation loss decreased (0.062452 --> 0.062452).  Saving model ...
  Ep 14: Train 0.0800 | Val 0.0661 | Test 0.0367
EarlyStopping counter: 1 out of 5
  Ep 15: Train 0.0798 | Val 0.0630 | Test 0.0345
EarlyStopping counter: 2 out of 5
  Ep 16: Train 0.0780 | Val 0.0610 | Test 0.0383
Validation loss decreased (0.061029 --> 0.061029).  Saving model ...
  Ep 17: Train 0.0769 | Val 0.0628 | Test 0.0363
EarlyStopping counter: 1 out of 5
  Ep 18: Train 0.0754 | Val 0.0575 | Test 0.0382
Validation loss decreased (0.057532 --> 0.057532).  Saving model ...
  Ep 19: Train 0.0749 | Val 0.0592 | Test 0.0373
EarlyStopping counter: 1 out of 5
  Ep 20: Train 0.0739 | Val 0.0666 | Test 0.0388
EarlyStopping counter: 2 out of 5
  Ep 21: Train 0.0731 | Val 0.0563 | Test 0.0402
Validation loss decreased (0.056266 --> 0.056266).  Saving model ...
  Ep 22: Train 0.0708 | Val 0.0643 | Test 0.0351
EarlyStopping counter: 1 out of 5
  Ep 23: Train 0.0713 | Val 0.0555 | Test 0.0471
Validation loss decreased (0.055504 --> 0.055504).  Saving model ...
  Ep 24: Train 0.0694 | Val 0.0506 | Test 0.0378
Validation loss decreased (0.050582 --> 0.050582).  Saving model ...
  Ep 25: Train 0.0701 | Val 0.0524 | Test 0.0365
EarlyStopping counter: 1 out of 5
  Ep 26: Train 0.0679 | Val 0.0582 | Test 0.0448
EarlyStopping counter: 2 out of 5
  Ep 27: Train 0.0677 | Val 0.0520 | Test 0.0396
EarlyStopping counter: 3 out of 5
  Ep 28: Train 0.0683 | Val 0.0553 | Test 0.0400
EarlyStopping counter: 4 out of 5
  Ep 29: Train 0.0664 | Val 0.0514 | Test 0.0379
EarlyStopping counter: 5 out of 5
Early stopping triggered!
/home/sangukchoi/Stroke_SDA/sda_training.py:615: FutureWarning: You are using `torch.load` with `weights_only=False` (the current default value), which uses the default pickle module implicitly. It is possible to construct malicious pickle data which will execute arbitrary code during unpickling (See https://github.com/pytorch/pytorch/blob/main/SECURITY.md#untrusted-models for more details). In a future release, the default value for `weights_only` will be flipped to `True`. This limits the functions that could be executed during unpickling. Arbitrary objects will no longer be allowed to be loaded via this mode unless they are explicitly allowlisted by the user via `torch.serialization.add_safe_globals`. We recommend you start setting `weights_only=True` for any use case where you don't have full control of the loaded file. Please open an issue on GitHub for any issues related to this experimental feature.
  model.load_state_dict(torch.load(os.path.join(out_dir, 'best_model.pth')))
Final Test MSE (Best Model): 0.0378
Finished. Status: Success
