Starting Run on GPU 2
Time: 2025-12-24 12:41:05

[Run Start] Subject S003 | Mode ['SDA'] | Params: L1.5_LS0.7_LR0.0001_E256_D64_Dr0.3

[Fold 1 - SDA] Train: ['S003_T003', 'S003_T006'], Test: S003_T002, Norm: fixed
/home/sangukchoi/.conda/envs/torch_gpu/lib/python3.10/site-packages/torch/nn/modules/rnn.py:123: UserWarning: dropout option adds dropout after all but last recurrent layer, so non-zero dropout expects num_layers greater than 1, but got dropout=0.3 and num_layers=1
  warnings.warn(
  Ep 1: Train 0.3453 | Val 0.2433 | Test 0.0174
Validation loss decreased (0.243256 --> 0.243256).  Saving model ...
  Ep 2: Train 0.2384 | Val 0.1818 | Test 0.0228
Validation loss decreased (0.181845 --> 0.181845).  Saving model ...
  Ep 3: Train 0.2242 | Val 0.1910 | Test 0.0303
EarlyStopping counter: 1 out of 5
  Ep 4: Train 0.2085 | Val 0.1741 | Test 0.0253
Validation loss decreased (0.174106 --> 0.174106).  Saving model ...
  Ep 5: Train 0.2033 | Val 0.1632 | Test 0.0228
Validation loss decreased (0.163205 --> 0.163205).  Saving model ...
  Ep 6: Train 0.1923 | Val 0.1664 | Test 0.0245
EarlyStopping counter: 1 out of 5
  Ep 7: Train 0.1900 | Val 0.1663 | Test 0.0250
EarlyStopping counter: 2 out of 5
  Ep 8: Train 0.1846 | Val 0.1541 | Test 0.0218
Validation loss decreased (0.154109 --> 0.154109).  Saving model ...
  Ep 9: Train 0.1809 | Val 0.1590 | Test 0.0229
EarlyStopping counter: 1 out of 5
  Ep 10: Train 0.1786 | Val 0.1616 | Test 0.0227
EarlyStopping counter: 2 out of 5
  Ep 11: Train 0.1761 | Val 0.1500 | Test 0.0212
Validation loss decreased (0.149956 --> 0.149956).  Saving model ...
  Ep 12: Train 0.1782 | Val 0.1513 | Test 0.0233
EarlyStopping counter: 1 out of 5
  Ep 13: Train 0.1739 | Val 0.1512 | Test 0.0255
EarlyStopping counter: 2 out of 5
  Ep 14: Train 0.1769 | Val 0.1422 | Test 0.0235
Validation loss decreased (0.142208 --> 0.142208).  Saving model ...
  Ep 15: Train 0.1725 | Val 0.1380 | Test 0.0255
Validation loss decreased (0.138009 --> 0.138009).  Saving model ...
  Ep 16: Train 0.1715 | Val 0.1362 | Test 0.0256
Validation loss decreased (0.136155 --> 0.136155).  Saving model ...
  Ep 17: Train 0.1663 | Val 0.1449 | Test 0.0278
EarlyStopping counter: 1 out of 5
  Ep 18: Train 0.1673 | Val 0.1151 | Test 0.0229
Validation loss decreased (0.115141 --> 0.115141).  Saving model ...
  Ep 19: Train 0.1646 | Val 0.1259 | Test 0.0274
EarlyStopping counter: 1 out of 5
  Ep 20: Train 0.1645 | Val 0.1027 | Test 0.0247
Validation loss decreased (0.102729 --> 0.102729).  Saving model ...
  Ep 21: Train 0.1634 | Val 0.1186 | Test 0.0314
EarlyStopping counter: 1 out of 5
  Ep 22: Train 0.1552 | Val 0.1244 | Test 0.0283
EarlyStopping counter: 2 out of 5
  Ep 23: Train 0.1654 | Val 0.1486 | Test 0.0286
EarlyStopping counter: 3 out of 5
  Ep 24: Train 0.1573 | Val 0.1138 | Test 0.0365
EarlyStopping counter: 4 out of 5
  Ep 25: Train 0.1865 | Val 0.1878 | Test 0.0459
EarlyStopping counter: 5 out of 5
Early stopping triggered!
/home/sangukchoi/Stroke_SDA/sda_training.py:615: FutureWarning: You are using `torch.load` with `weights_only=False` (the current default value), which uses the default pickle module implicitly. It is possible to construct malicious pickle data which will execute arbitrary code during unpickling (See https://github.com/pytorch/pytorch/blob/main/SECURITY.md#untrusted-models for more details). In a future release, the default value for `weights_only` will be flipped to `True`. This limits the functions that could be executed during unpickling. Arbitrary objects will no longer be allowed to be loaded via this mode unless they are explicitly allowlisted by the user via `torch.serialization.add_safe_globals`. We recommend you start setting `weights_only=True` for any use case where you don't have full control of the loaded file. Please open an issue on GitHub for any issues related to this experimental feature.
  model.load_state_dict(torch.load(os.path.join(out_dir, 'best_model.pth')))
Final Test MSE (Best Model): 0.0247
Finished. Status: Success
