Starting Run on GPU 0
Time: 2025-12-24 15:02:59

[Run Start] Subject S003 | Mode ['SDA'] | Params: L3.0_LS0.7_LR0.0001_E128_D32_Dr0.3

[Fold 1 - SDA] Train: ['S003_T003', 'S003_T006'], Test: S003_T002, Norm: fixed
/home/sangukchoi/.conda/envs/torch_gpu/lib/python3.10/site-packages/torch/nn/modules/rnn.py:123: UserWarning: dropout option adds dropout after all but last recurrent layer, so non-zero dropout expects num_layers greater than 1, but got dropout=0.3 and num_layers=1
  warnings.warn(
  Ep 1: Train 0.9224 | Val 0.8434 | Test 0.2638
Validation loss decreased (0.843435 --> 0.843435).  Saving model ...
  Ep 2: Train 0.8225 | Val 0.7839 | Test 0.2594
Validation loss decreased (0.783894 --> 0.783894).  Saving model ...
  Ep 3: Train 0.7892 | Val 0.6980 | Test 0.2458
Validation loss decreased (0.698036 --> 0.698036).  Saving model ...
  Ep 4: Train 0.7604 | Val 0.6995 | Test 0.2490
EarlyStopping counter: 1 out of 5
  Ep 5: Train 0.7476 | Val 0.7200 | Test 0.2580
EarlyStopping counter: 2 out of 5
  Ep 6: Train 0.7487 | Val 0.6978 | Test 0.2504
EarlyStopping counter: 3 out of 5
  Ep 7: Train 0.7384 | Val 0.7397 | Test 0.2599
EarlyStopping counter: 4 out of 5
  Ep 8: Train 0.7502 | Val 0.7197 | Test 0.2651
EarlyStopping counter: 5 out of 5
Early stopping triggered!
/home/sangukchoi/Stroke_SDA/sda_training.py:615: FutureWarning: You are using `torch.load` with `weights_only=False` (the current default value), which uses the default pickle module implicitly. It is possible to construct malicious pickle data which will execute arbitrary code during unpickling (See https://github.com/pytorch/pytorch/blob/main/SECURITY.md#untrusted-models for more details). In a future release, the default value for `weights_only` will be flipped to `True`. This limits the functions that could be executed during unpickling. Arbitrary objects will no longer be allowed to be loaded via this mode unless they are explicitly allowlisted by the user via `torch.serialization.add_safe_globals`. We recommend you start setting `weights_only=True` for any use case where you don't have full control of the loaded file. Please open an issue on GitHub for any issues related to this experimental feature.
  model.load_state_dict(torch.load(os.path.join(out_dir, 'best_model.pth')))
Final Test MSE (Best Model): 0.2458
Finished. Status: Success
