Starting Run on GPU 0
Time: 2025-12-24 12:52:19

[Run Start] Subject S003 | Mode ['SDA'] | Params: L1.5_LS1.0_LR0.0001_E128_D64_Dr0.3

[Fold 1 - SDA] Train: ['S003_T003', 'S003_T006'], Test: S003_T002, Norm: fixed
/home/sangukchoi/.conda/envs/torch_gpu/lib/python3.10/site-packages/torch/nn/modules/rnn.py:123: UserWarning: dropout option adds dropout after all but last recurrent layer, so non-zero dropout expects num_layers greater than 1, but got dropout=0.3 and num_layers=1
  warnings.warn(
  Ep 1: Train 0.4812 | Val 0.2948 | Test 0.0225
Validation loss decreased (0.294836 --> 0.294836).  Saving model ...
  Ep 2: Train 0.2697 | Val 0.2103 | Test 0.0218
Validation loss decreased (0.210316 --> 0.210316).  Saving model ...
  Ep 3: Train 0.2391 | Val 0.1920 | Test 0.0239
Validation loss decreased (0.192012 --> 0.192012).  Saving model ...
  Ep 4: Train 0.2238 | Val 0.1737 | Test 0.0228
Validation loss decreased (0.173671 --> 0.173671).  Saving model ...
  Ep 5: Train 0.2191 | Val 0.1715 | Test 0.0226
Validation loss decreased (0.171514 --> 0.171514).  Saving model ...
  Ep 6: Train 0.2105 | Val 0.1722 | Test 0.0253
EarlyStopping counter: 1 out of 5
  Ep 7: Train 0.2061 | Val 0.1562 | Test 0.0216
Validation loss decreased (0.156171 --> 0.156171).  Saving model ...
  Ep 8: Train 0.2012 | Val 0.1638 | Test 0.0252
EarlyStopping counter: 1 out of 5
  Ep 9: Train 0.1995 | Val 0.1582 | Test 0.0230
EarlyStopping counter: 2 out of 5
  Ep 10: Train 0.1931 | Val 0.1513 | Test 0.0211
Validation loss decreased (0.151295 --> 0.151295).  Saving model ...
  Ep 11: Train 0.1956 | Val 0.1495 | Test 0.0232
Validation loss decreased (0.149481 --> 0.149481).  Saving model ...
  Ep 12: Train 0.1943 | Val 0.1530 | Test 0.0232
EarlyStopping counter: 1 out of 5
  Ep 13: Train 0.1909 | Val 0.1460 | Test 0.0220
Validation loss decreased (0.146035 --> 0.146035).  Saving model ...
  Ep 14: Train 0.1916 | Val 0.1564 | Test 0.0286
EarlyStopping counter: 1 out of 5
  Ep 15: Train 0.1923 | Val 0.1448 | Test 0.0239
Validation loss decreased (0.144822 --> 0.144822).  Saving model ...
  Ep 16: Train 0.1871 | Val 0.1470 | Test 0.0229
EarlyStopping counter: 1 out of 5
  Ep 17: Train 0.1857 | Val 0.1357 | Test 0.0235
Validation loss decreased (0.135681 --> 0.135681).  Saving model ...
  Ep 18: Train 0.1806 | Val 0.1350 | Test 0.0233
Validation loss decreased (0.135008 --> 0.135008).  Saving model ...
  Ep 19: Train 0.1806 | Val 0.1551 | Test 0.0269
EarlyStopping counter: 1 out of 5
  Ep 20: Train 0.1828 | Val 0.1405 | Test 0.0260
EarlyStopping counter: 2 out of 5
  Ep 21: Train 0.1835 | Val 0.1467 | Test 0.0265
EarlyStopping counter: 3 out of 5
  Ep 22: Train 0.1840 | Val 0.1355 | Test 0.0239
EarlyStopping counter: 4 out of 5
  Ep 23: Train 0.1752 | Val 0.1337 | Test 0.0282
Validation loss decreased (0.133713 --> 0.133713).  Saving model ...
  Ep 24: Train 0.1723 | Val 0.1463 | Test 0.0275
EarlyStopping counter: 1 out of 5
  Ep 25: Train 0.1742 | Val 0.1273 | Test 0.0264
Validation loss decreased (0.127280 --> 0.127280).  Saving model ...
  Ep 26: Train 0.1753 | Val 0.1434 | Test 0.0324
EarlyStopping counter: 1 out of 5
  Ep 27: Train 0.1743 | Val 0.1316 | Test 0.0291
EarlyStopping counter: 2 out of 5
  Ep 28: Train 0.1750 | Val 0.1267 | Test 0.0311
Validation loss decreased (0.126690 --> 0.126690).  Saving model ...
  Ep 29: Train 0.1716 | Val 0.1477 | Test 0.0316
EarlyStopping counter: 1 out of 5
  Ep 30: Train 0.1686 | Val 0.1224 | Test 0.0267
Validation loss decreased (0.122354 --> 0.122354).  Saving model ...
  Ep 31: Train 0.1679 | Val 0.1259 | Test 0.0292
EarlyStopping counter: 1 out of 5
  Ep 32: Train 0.1701 | Val 0.1298 | Test 0.0302
EarlyStopping counter: 2 out of 5
  Ep 33: Train 0.1630 | Val 0.1232 | Test 0.0284
EarlyStopping counter: 3 out of 5
  Ep 34: Train 0.1718 | Val 0.1292 | Test 0.0319
EarlyStopping counter: 4 out of 5
  Ep 35: Train 0.1625 | Val 0.1309 | Test 0.0311
EarlyStopping counter: 5 out of 5
Early stopping triggered!
/home/sangukchoi/Stroke_SDA/sda_training.py:615: FutureWarning: You are using `torch.load` with `weights_only=False` (the current default value), which uses the default pickle module implicitly. It is possible to construct malicious pickle data which will execute arbitrary code during unpickling (See https://github.com/pytorch/pytorch/blob/main/SECURITY.md#untrusted-models for more details). In a future release, the default value for `weights_only` will be flipped to `True`. This limits the functions that could be executed during unpickling. Arbitrary objects will no longer be allowed to be loaded via this mode unless they are explicitly allowlisted by the user via `torch.serialization.add_safe_globals`. We recommend you start setting `weights_only=True` for any use case where you don't have full control of the loaded file. Please open an issue on GitHub for any issues related to this experimental feature.
  model.load_state_dict(torch.load(os.path.join(out_dir, 'best_model.pth')))
Final Test MSE (Best Model): 0.0267
Finished. Status: Success
