Starting Run on GPU 1
Time: 2025-12-24 14:57:02

[Run Start] Subject S003 | Mode ['SDA'] | Params: L3.0_LS0.5_LR0.0001_E256_D64_Dr0.3

[Fold 1 - SDA] Train: ['S003_T003', 'S003_T006'], Test: S003_T002, Norm: fixed
/home/sangukchoi/.conda/envs/torch_gpu/lib/python3.10/site-packages/torch/nn/modules/rnn.py:123: UserWarning: dropout option adds dropout after all but last recurrent layer, so non-zero dropout expects num_layers greater than 1, but got dropout=0.3 and num_layers=1
  warnings.warn(
  Ep 1: Train 0.6116 | Val 0.4368 | Test 0.0441
Validation loss decreased (0.436786 --> 0.436786).  Saving model ...
  Ep 2: Train 0.4122 | Val 0.2961 | Test 0.0268
Validation loss decreased (0.296141 --> 0.296141).  Saving model ...
  Ep 3: Train 0.3881 | Val 0.2742 | Test 0.0256
Validation loss decreased (0.274163 --> 0.274163).  Saving model ...
  Ep 4: Train 0.3703 | Val 0.2853 | Test 0.0340
EarlyStopping counter: 1 out of 5
  Ep 5: Train 0.3580 | Val 0.2746 | Test 0.0281
EarlyStopping counter: 2 out of 5
  Ep 6: Train 0.3639 | Val 0.2587 | Test 0.0315
Validation loss decreased (0.258677 --> 0.258677).  Saving model ...
  Ep 7: Train 0.3496 | Val 0.2870 | Test 0.0356
EarlyStopping counter: 1 out of 5
  Ep 8: Train 0.3346 | Val 0.2366 | Test 0.0266
Validation loss decreased (0.236557 --> 0.236557).  Saving model ...
  Ep 9: Train 0.3380 | Val 0.2587 | Test 0.0328
EarlyStopping counter: 1 out of 5
  Ep 10: Train 0.3372 | Val 0.2424 | Test 0.0277
EarlyStopping counter: 2 out of 5
  Ep 11: Train 0.3298 | Val 0.2560 | Test 0.0410
EarlyStopping counter: 3 out of 5
  Ep 12: Train 0.3243 | Val 0.2457 | Test 0.0309
EarlyStopping counter: 4 out of 5
  Ep 13: Train 0.3236 | Val 0.2252 | Test 0.0276
Validation loss decreased (0.225198 --> 0.225198).  Saving model ...
  Ep 14: Train 0.3113 | Val 0.2449 | Test 0.0266
EarlyStopping counter: 1 out of 5
  Ep 15: Train 0.3196 | Val 0.2567 | Test 0.0278
EarlyStopping counter: 2 out of 5
  Ep 16: Train 0.3155 | Val 0.2449 | Test 0.0263
EarlyStopping counter: 3 out of 5
  Ep 17: Train 0.3118 | Val 0.2555 | Test 0.0269
EarlyStopping counter: 4 out of 5
  Ep 18: Train 0.3053 | Val 0.2285 | Test 0.0308
EarlyStopping counter: 5 out of 5
Early stopping triggered!
/home/sangukchoi/Stroke_SDA/sda_training.py:615: FutureWarning: You are using `torch.load` with `weights_only=False` (the current default value), which uses the default pickle module implicitly. It is possible to construct malicious pickle data which will execute arbitrary code during unpickling (See https://github.com/pytorch/pytorch/blob/main/SECURITY.md#untrusted-models for more details). In a future release, the default value for `weights_only` will be flipped to `True`. This limits the functions that could be executed during unpickling. Arbitrary objects will no longer be allowed to be loaded via this mode unless they are explicitly allowlisted by the user via `torch.serialization.add_safe_globals`. We recommend you start setting `weights_only=True` for any use case where you don't have full control of the loaded file. Please open an issue on GitHub for any issues related to this experimental feature.
  model.load_state_dict(torch.load(os.path.join(out_dir, 'best_model.pth')))
Final Test MSE (Best Model): 0.0276
Finished. Status: Success
