Starting Run on GPU 1
Time: 2025-12-24 13:02:18

[Run Start] Subject S003 | Mode ['SDA'] | Params: L2.0_LS0.7_LR0.0001_E64_D64_Dr0.3

[Fold 1 - SDA] Train: ['S003_T003', 'S003_T006'], Test: S003_T002, Norm: fixed
/home/sangukchoi/.conda/envs/torch_gpu/lib/python3.10/site-packages/torch/nn/modules/rnn.py:123: UserWarning: dropout option adds dropout after all but last recurrent layer, so non-zero dropout expects num_layers greater than 1, but got dropout=0.3 and num_layers=1
  warnings.warn(
  Ep 1: Train 0.6956 | Val 0.4306 | Test 0.0474
Validation loss decreased (0.430611 --> 0.430611).  Saving model ...
  Ep 2: Train 0.3905 | Val 0.3233 | Test 0.0222
Validation loss decreased (0.323319 --> 0.323319).  Saving model ...
  Ep 3: Train 0.3412 | Val 0.3054 | Test 0.0229
Validation loss decreased (0.305398 --> 0.305398).  Saving model ...
  Ep 4: Train 0.3222 | Val 0.3062 | Test 0.0228
EarlyStopping counter: 1 out of 5
  Ep 5: Train 0.3172 | Val 0.2922 | Test 0.0212
Validation loss decreased (0.292233 --> 0.292233).  Saving model ...
  Ep 6: Train 0.3047 | Val 0.2690 | Test 0.0247
Validation loss decreased (0.268992 --> 0.268992).  Saving model ...
  Ep 7: Train 0.2903 | Val 0.2417 | Test 0.0205
Validation loss decreased (0.241693 --> 0.241693).  Saving model ...
  Ep 8: Train 0.2788 | Val 0.2522 | Test 0.0235
EarlyStopping counter: 1 out of 5
  Ep 9: Train 0.2762 | Val 0.2362 | Test 0.0238
Validation loss decreased (0.236224 --> 0.236224).  Saving model ...
  Ep 10: Train 0.2681 | Val 0.2296 | Test 0.0224
Validation loss decreased (0.229617 --> 0.229617).  Saving model ...
  Ep 11: Train 0.2630 | Val 0.2270 | Test 0.0226
Validation loss decreased (0.227032 --> 0.227032).  Saving model ...
  Ep 12: Train 0.2602 | Val 0.2191 | Test 0.0239
Validation loss decreased (0.219071 --> 0.219071).  Saving model ...
  Ep 13: Train 0.2524 | Val 0.2060 | Test 0.0230
Validation loss decreased (0.205984 --> 0.205984).  Saving model ...
  Ep 14: Train 0.2522 | Val 0.2015 | Test 0.0232
Validation loss decreased (0.201533 --> 0.201533).  Saving model ...
  Ep 15: Train 0.2468 | Val 0.1998 | Test 0.0245
Validation loss decreased (0.199754 --> 0.199754).  Saving model ...
  Ep 16: Train 0.2442 | Val 0.1948 | Test 0.0213
Validation loss decreased (0.194829 --> 0.194829).  Saving model ...
  Ep 17: Train 0.2447 | Val 0.1959 | Test 0.0234
EarlyStopping counter: 1 out of 5
  Ep 18: Train 0.2433 | Val 0.1965 | Test 0.0220
EarlyStopping counter: 2 out of 5
  Ep 19: Train 0.2389 | Val 0.1865 | Test 0.0200
Validation loss decreased (0.186496 --> 0.186496).  Saving model ...
  Ep 20: Train 0.2402 | Val 0.1946 | Test 0.0213
EarlyStopping counter: 1 out of 5
  Ep 21: Train 0.2312 | Val 0.1992 | Test 0.0215
EarlyStopping counter: 2 out of 5
  Ep 22: Train 0.2372 | Val 0.1797 | Test 0.0192
Validation loss decreased (0.179724 --> 0.179724).  Saving model ...
  Ep 23: Train 0.2317 | Val 0.1917 | Test 0.0211
EarlyStopping counter: 1 out of 5
  Ep 24: Train 0.2319 | Val 0.1839 | Test 0.0212
EarlyStopping counter: 2 out of 5
  Ep 25: Train 0.2277 | Val 0.1838 | Test 0.0212
EarlyStopping counter: 3 out of 5
  Ep 26: Train 0.2274 | Val 0.1777 | Test 0.0235
Validation loss decreased (0.177668 --> 0.177668).  Saving model ...
  Ep 27: Train 0.2250 | Val 0.1744 | Test 0.0199
Validation loss decreased (0.174395 --> 0.174395).  Saving model ...
  Ep 28: Train 0.2272 | Val 0.1770 | Test 0.0199
EarlyStopping counter: 1 out of 5
  Ep 29: Train 0.2247 | Val 0.1731 | Test 0.0207
Validation loss decreased (0.173074 --> 0.173074).  Saving model ...
  Ep 30: Train 0.2190 | Val 0.1670 | Test 0.0212
Validation loss decreased (0.166980 --> 0.166980).  Saving model ...
  Ep 31: Train 0.2215 | Val 0.1713 | Test 0.0217
EarlyStopping counter: 1 out of 5
  Ep 32: Train 0.2191 | Val 0.1781 | Test 0.0195
EarlyStopping counter: 2 out of 5
  Ep 33: Train 0.2236 | Val 0.1698 | Test 0.0210
EarlyStopping counter: 3 out of 5
  Ep 34: Train 0.2199 | Val 0.1727 | Test 0.0202
EarlyStopping counter: 4 out of 5
  Ep 35: Train 0.2124 | Val 0.1725 | Test 0.0208
EarlyStopping counter: 5 out of 5
Early stopping triggered!
/home/sangukchoi/Stroke_SDA/sda_training.py:615: FutureWarning: You are using `torch.load` with `weights_only=False` (the current default value), which uses the default pickle module implicitly. It is possible to construct malicious pickle data which will execute arbitrary code during unpickling (See https://github.com/pytorch/pytorch/blob/main/SECURITY.md#untrusted-models for more details). In a future release, the default value for `weights_only` will be flipped to `True`. This limits the functions that could be executed during unpickling. Arbitrary objects will no longer be allowed to be loaded via this mode unless they are explicitly allowlisted by the user via `torch.serialization.add_safe_globals`. We recommend you start setting `weights_only=True` for any use case where you don't have full control of the loaded file. Please open an issue on GitHub for any issues related to this experimental feature.
  model.load_state_dict(torch.load(os.path.join(out_dir, 'best_model.pth')))
Final Test MSE (Best Model): 0.0212
Finished. Status: Success
