Starting Run on GPU 3
Time: 2025-12-24 11:51:08

[Run Start] Subject S003 | Mode ['SDA'] | Params: L1.0_LS0.7_LR0.0001_E64_D64_Dr0.3

[Fold 1 - SDA] Train: ['S003_T003', 'S003_T006'], Test: S003_T002, Norm: fixed
/home/sangukchoi/.conda/envs/torch_gpu/lib/python3.10/site-packages/torch/nn/modules/rnn.py:123: UserWarning: dropout option adds dropout after all but last recurrent layer, so non-zero dropout expects num_layers greater than 1, but got dropout=0.3 and num_layers=1
  warnings.warn(
  Ep 1: Train 0.4548 | Val 0.2133 | Test 0.0224
Validation loss decreased (0.213276 --> 0.213276).  Saving model ...
  Ep 2: Train 0.2078 | Val 0.1518 | Test 0.0216
Validation loss decreased (0.151835 --> 0.151835).  Saving model ...
  Ep 3: Train 0.1791 | Val 0.1401 | Test 0.0249
Validation loss decreased (0.140130 --> 0.140130).  Saving model ...
  Ep 4: Train 0.1674 | Val 0.1288 | Test 0.0246
Validation loss decreased (0.128822 --> 0.128822).  Saving model ...
  Ep 5: Train 0.1619 | Val 0.1254 | Test 0.0236
Validation loss decreased (0.125360 --> 0.125360).  Saving model ...
  Ep 6: Train 0.1581 | Val 0.1257 | Test 0.0242
EarlyStopping counter: 1 out of 5
  Ep 7: Train 0.1519 | Val 0.1208 | Test 0.0223
Validation loss decreased (0.120847 --> 0.120847).  Saving model ...
  Ep 8: Train 0.1527 | Val 0.1219 | Test 0.0243
EarlyStopping counter: 1 out of 5
  Ep 9: Train 0.1506 | Val 0.1185 | Test 0.0224
Validation loss decreased (0.118464 --> 0.118464).  Saving model ...
  Ep 10: Train 0.1460 | Val 0.1168 | Test 0.0270
Validation loss decreased (0.116787 --> 0.116787).  Saving model ...
  Ep 11: Train 0.1480 | Val 0.1185 | Test 0.0249
EarlyStopping counter: 1 out of 5
  Ep 12: Train 0.1455 | Val 0.1111 | Test 0.0231
Validation loss decreased (0.111090 --> 0.111090).  Saving model ...
  Ep 13: Train 0.1436 | Val 0.1094 | Test 0.0218
Validation loss decreased (0.109405 --> 0.109405).  Saving model ...
  Ep 14: Train 0.1408 | Val 0.1139 | Test 0.0242
EarlyStopping counter: 1 out of 5
  Ep 15: Train 0.1401 | Val 0.1118 | Test 0.0227
EarlyStopping counter: 2 out of 5
  Ep 16: Train 0.1393 | Val 0.1071 | Test 0.0250
Validation loss decreased (0.107135 --> 0.107135).  Saving model ...
  Ep 17: Train 0.1374 | Val 0.1106 | Test 0.0239
EarlyStopping counter: 1 out of 5
  Ep 18: Train 0.1361 | Val 0.1052 | Test 0.0238
Validation loss decreased (0.105218 --> 0.105218).  Saving model ...
  Ep 19: Train 0.1355 | Val 0.1054 | Test 0.0257
EarlyStopping counter: 1 out of 5
  Ep 20: Train 0.1339 | Val 0.1035 | Test 0.0225
Validation loss decreased (0.103451 --> 0.103451).  Saving model ...
  Ep 21: Train 0.1351 | Val 0.1000 | Test 0.0241
Validation loss decreased (0.100042 --> 0.100042).  Saving model ...
  Ep 22: Train 0.1326 | Val 0.1008 | Test 0.0240
EarlyStopping counter: 1 out of 5
  Ep 23: Train 0.1314 | Val 0.1000 | Test 0.0255
EarlyStopping counter: 2 out of 5
  Ep 24: Train 0.1304 | Val 0.0980 | Test 0.0280
Validation loss decreased (0.098008 --> 0.098008).  Saving model ...
  Ep 25: Train 0.1307 | Val 0.0999 | Test 0.0256
EarlyStopping counter: 1 out of 5
  Ep 26: Train 0.1330 | Val 0.1004 | Test 0.0285
EarlyStopping counter: 2 out of 5
  Ep 27: Train 0.1271 | Val 0.1025 | Test 0.0264
EarlyStopping counter: 3 out of 5
  Ep 28: Train 0.1285 | Val 0.0954 | Test 0.0242
Validation loss decreased (0.095409 --> 0.095409).  Saving model ...
  Ep 29: Train 0.1245 | Val 0.0971 | Test 0.0278
EarlyStopping counter: 1 out of 5
  Ep 30: Train 0.1276 | Val 0.0981 | Test 0.0272
EarlyStopping counter: 2 out of 5
  Ep 31: Train 0.1268 | Val 0.0974 | Test 0.0324
EarlyStopping counter: 3 out of 5
  Ep 32: Train 0.1268 | Val 0.0964 | Test 0.0243
EarlyStopping counter: 4 out of 5
  Ep 33: Train 0.1247 | Val 0.0956 | Test 0.0264
EarlyStopping counter: 5 out of 5
Early stopping triggered!
/home/sangukchoi/Stroke_SDA/sda_training.py:615: FutureWarning: You are using `torch.load` with `weights_only=False` (the current default value), which uses the default pickle module implicitly. It is possible to construct malicious pickle data which will execute arbitrary code during unpickling (See https://github.com/pytorch/pytorch/blob/main/SECURITY.md#untrusted-models for more details). In a future release, the default value for `weights_only` will be flipped to `True`. This limits the functions that could be executed during unpickling. Arbitrary objects will no longer be allowed to be loaded via this mode unless they are explicitly allowlisted by the user via `torch.serialization.add_safe_globals`. We recommend you start setting `weights_only=True` for any use case where you don't have full control of the loaded file. Please open an issue on GitHub for any issues related to this experimental feature.
  model.load_state_dict(torch.load(os.path.join(out_dir, 'best_model.pth')))
Final Test MSE (Best Model): 0.0242
Finished. Status: Success
