Starting Run on GPU 2
Time: 2025-12-24 12:31:43

[Run Start] Subject S003 | Mode ['SDA'] | Params: L1.5_LS0.7_LR0.0001_E64_D128_Dr0.3

[Fold 1 - SDA] Train: ['S003_T003', 'S003_T006'], Test: S003_T002, Norm: fixed
/home/sangukchoi/.conda/envs/torch_gpu/lib/python3.10/site-packages/torch/nn/modules/rnn.py:123: UserWarning: dropout option adds dropout after all but last recurrent layer, so non-zero dropout expects num_layers greater than 1, but got dropout=0.3 and num_layers=1
  warnings.warn(
  Ep 1: Train 0.5360 | Val 0.3206 | Test 0.0275
Validation loss decreased (0.320570 --> 0.320570).  Saving model ...
  Ep 2: Train 0.2960 | Val 0.2512 | Test 0.0190
Validation loss decreased (0.251211 --> 0.251211).  Saving model ...
  Ep 3: Train 0.2621 | Val 0.2123 | Test 0.0210
Validation loss decreased (0.212255 --> 0.212255).  Saving model ...
  Ep 4: Train 0.2415 | Val 0.1921 | Test 0.0229
Validation loss decreased (0.192143 --> 0.192143).  Saving model ...
  Ep 5: Train 0.2302 | Val 0.1797 | Test 0.0213
Validation loss decreased (0.179713 --> 0.179713).  Saving model ...
  Ep 6: Train 0.2222 | Val 0.1884 | Test 0.0243
EarlyStopping counter: 1 out of 5
  Ep 7: Train 0.2151 | Val 0.1962 | Test 0.0317
EarlyStopping counter: 2 out of 5
  Ep 8: Train 0.2107 | Val 0.1799 | Test 0.0273
EarlyStopping counter: 3 out of 5
  Ep 9: Train 0.2105 | Val 0.1764 | Test 0.0231
Validation loss decreased (0.176425 --> 0.176425).  Saving model ...
  Ep 10: Train 0.2047 | Val 0.1672 | Test 0.0245
Validation loss decreased (0.167248 --> 0.167248).  Saving model ...
  Ep 11: Train 0.2017 | Val 0.1707 | Test 0.0278
EarlyStopping counter: 1 out of 5
  Ep 12: Train 0.2006 | Val 0.1653 | Test 0.0218
Validation loss decreased (0.165272 --> 0.165272).  Saving model ...
  Ep 13: Train 0.1993 | Val 0.1652 | Test 0.0232
EarlyStopping counter: 1 out of 5
  Ep 14: Train 0.1950 | Val 0.1624 | Test 0.0228
Validation loss decreased (0.162409 --> 0.162409).  Saving model ...
  Ep 15: Train 0.1938 | Val 0.1572 | Test 0.0220
Validation loss decreased (0.157154 --> 0.157154).  Saving model ...
  Ep 16: Train 0.1883 | Val 0.1588 | Test 0.0240
EarlyStopping counter: 1 out of 5
  Ep 17: Train 0.1916 | Val 0.1565 | Test 0.0216
Validation loss decreased (0.156453 --> 0.156453).  Saving model ...
  Ep 18: Train 0.1857 | Val 0.1555 | Test 0.0223
Validation loss decreased (0.155478 --> 0.155478).  Saving model ...
  Ep 19: Train 0.1859 | Val 0.1595 | Test 0.0231
EarlyStopping counter: 1 out of 5
  Ep 20: Train 0.1861 | Val 0.1535 | Test 0.0219
Validation loss decreased (0.153453 --> 0.153453).  Saving model ...
  Ep 21: Train 0.1868 | Val 0.1540 | Test 0.0215
EarlyStopping counter: 1 out of 5
  Ep 22: Train 0.1833 | Val 0.1499 | Test 0.0210
Validation loss decreased (0.149902 --> 0.149902).  Saving model ...
  Ep 23: Train 0.1828 | Val 0.1538 | Test 0.0260
EarlyStopping counter: 1 out of 5
  Ep 24: Train 0.1823 | Val 0.1461 | Test 0.0216
Validation loss decreased (0.146080 --> 0.146080).  Saving model ...
  Ep 25: Train 0.1813 | Val 0.1498 | Test 0.0228
EarlyStopping counter: 1 out of 5
  Ep 26: Train 0.1809 | Val 0.1692 | Test 0.0263
EarlyStopping counter: 2 out of 5
  Ep 27: Train 0.1800 | Val 0.1392 | Test 0.0209
Validation loss decreased (0.139182 --> 0.139182).  Saving model ...
  Ep 28: Train 0.1816 | Val 0.1463 | Test 0.0252
EarlyStopping counter: 1 out of 5
  Ep 29: Train 0.1783 | Val 0.1411 | Test 0.0219
EarlyStopping counter: 2 out of 5
  Ep 30: Train 0.1749 | Val 0.1446 | Test 0.0246
EarlyStopping counter: 3 out of 5
  Ep 31: Train 0.1732 | Val 0.1466 | Test 0.0223
EarlyStopping counter: 4 out of 5
  Ep 32: Train 0.1754 | Val 0.1478 | Test 0.0222
EarlyStopping counter: 5 out of 5
Early stopping triggered!
/home/sangukchoi/Stroke_SDA/sda_training.py:615: FutureWarning: You are using `torch.load` with `weights_only=False` (the current default value), which uses the default pickle module implicitly. It is possible to construct malicious pickle data which will execute arbitrary code during unpickling (See https://github.com/pytorch/pytorch/blob/main/SECURITY.md#untrusted-models for more details). In a future release, the default value for `weights_only` will be flipped to `True`. This limits the functions that could be executed during unpickling. Arbitrary objects will no longer be allowed to be loaded via this mode unless they are explicitly allowlisted by the user via `torch.serialization.add_safe_globals`. We recommend you start setting `weights_only=True` for any use case where you don't have full control of the loaded file. Please open an issue on GitHub for any issues related to this experimental feature.
  model.load_state_dict(torch.load(os.path.join(out_dir, 'best_model.pth')))
Final Test MSE (Best Model): 0.0209
Finished. Status: Success
