Starting Run on GPU 3
Time: 2025-12-24 12:35:08

[Run Start] Subject S003 | Mode ['SDA'] | Params: L1.5_LS0.7_LR0.0001_E128_D32_Dr0.3

[Fold 1 - SDA] Train: ['S003_T003', 'S003_T006'], Test: S003_T002, Norm: fixed
/home/sangukchoi/.conda/envs/torch_gpu/lib/python3.10/site-packages/torch/nn/modules/rnn.py:123: UserWarning: dropout option adds dropout after all but last recurrent layer, so non-zero dropout expects num_layers greater than 1, but got dropout=0.3 and num_layers=1
  warnings.warn(
  Ep 1: Train 0.4348 | Val 0.2770 | Test 0.0307
Validation loss decreased (0.276978 --> 0.276978).  Saving model ...
  Ep 2: Train 0.2529 | Val 0.1919 | Test 0.0220
Validation loss decreased (0.191898 --> 0.191898).  Saving model ...
  Ep 3: Train 0.2279 | Val 0.1782 | Test 0.0269
Validation loss decreased (0.178168 --> 0.178168).  Saving model ...
  Ep 4: Train 0.2204 | Val 0.1663 | Test 0.0216
Validation loss decreased (0.166301 --> 0.166301).  Saving model ...
  Ep 5: Train 0.2090 | Val 0.1640 | Test 0.0212
Validation loss decreased (0.163951 --> 0.163951).  Saving model ...
  Ep 6: Train 0.2053 | Val 0.1712 | Test 0.0236
EarlyStopping counter: 1 out of 5
  Ep 7: Train 0.2005 | Val 0.1730 | Test 0.0255
EarlyStopping counter: 2 out of 5
  Ep 8: Train 0.1964 | Val 0.1579 | Test 0.0218
Validation loss decreased (0.157948 --> 0.157948).  Saving model ...
  Ep 9: Train 0.1938 | Val 0.1574 | Test 0.0266
Validation loss decreased (0.157439 --> 0.157439).  Saving model ...
  Ep 10: Train 0.1910 | Val 0.1478 | Test 0.0243
Validation loss decreased (0.147800 --> 0.147800).  Saving model ...
  Ep 11: Train 0.1845 | Val 0.1474 | Test 0.0212
EarlyStopping counter: 1 out of 5
  Ep 12: Train 0.1820 | Val 0.1483 | Test 0.0231
EarlyStopping counter: 2 out of 5
  Ep 13: Train 0.1813 | Val 0.1520 | Test 0.0258
EarlyStopping counter: 3 out of 5
  Ep 14: Train 0.1773 | Val 0.1525 | Test 0.0249
EarlyStopping counter: 4 out of 5
  Ep 15: Train 0.1757 | Val 0.1555 | Test 0.0245
EarlyStopping counter: 5 out of 5
Early stopping triggered!
/home/sangukchoi/Stroke_SDA/sda_training.py:615: FutureWarning: You are using `torch.load` with `weights_only=False` (the current default value), which uses the default pickle module implicitly. It is possible to construct malicious pickle data which will execute arbitrary code during unpickling (See https://github.com/pytorch/pytorch/blob/main/SECURITY.md#untrusted-models for more details). In a future release, the default value for `weights_only` will be flipped to `True`. This limits the functions that could be executed during unpickling. Arbitrary objects will no longer be allowed to be loaded via this mode unless they are explicitly allowlisted by the user via `torch.serialization.add_safe_globals`. We recommend you start setting `weights_only=True` for any use case where you don't have full control of the loaded file. Please open an issue on GitHub for any issues related to this experimental feature.
  model.load_state_dict(torch.load(os.path.join(out_dir, 'best_model.pth')))
Final Test MSE (Best Model): 0.0243
Finished. Status: Success
