Starting Run on GPU 2
Time: 2025-12-24 12:25:52

[Run Start] Subject S003 | Mode ['SDA'] | Params: L1.0_LS1.0_LR0.0001_E256_D128_Dr0.3

[Fold 1 - SDA] Train: ['S003_T003', 'S003_T006'], Test: S003_T002, Norm: fixed
/home/sangukchoi/.conda/envs/torch_gpu/lib/python3.10/site-packages/torch/nn/modules/rnn.py:123: UserWarning: dropout option adds dropout after all but last recurrent layer, so non-zero dropout expects num_layers greater than 1, but got dropout=0.3 and num_layers=1
  warnings.warn(
  Ep 1: Train 0.3040 | Val 0.2014 | Test 0.0198
Validation loss decreased (0.201362 --> 0.201362).  Saving model ...
  Ep 2: Train 0.2017 | Val 0.2088 | Test 0.0190
EarlyStopping counter: 1 out of 5
  Ep 3: Train 0.1823 | Val 0.1570 | Test 0.0208
Validation loss decreased (0.157014 --> 0.157014).  Saving model ...
  Ep 4: Train 0.1684 | Val 0.1361 | Test 0.0240
Validation loss decreased (0.136114 --> 0.136114).  Saving model ...
  Ep 5: Train 0.1600 | Val 0.1337 | Test 0.0255
Validation loss decreased (0.133716 --> 0.133716).  Saving model ...
  Ep 6: Train 0.1561 | Val 0.1303 | Test 0.0275
Validation loss decreased (0.130257 --> 0.130257).  Saving model ...
  Ep 7: Train 0.1519 | Val 0.1304 | Test 0.0293
EarlyStopping counter: 1 out of 5
  Ep 8: Train 0.1486 | Val 0.1120 | Test 0.0288
Validation loss decreased (0.111956 --> 0.111956).  Saving model ...
  Ep 9: Train 0.1438 | Val 0.1142 | Test 0.0296
EarlyStopping counter: 1 out of 5
  Ep 10: Train 0.1423 | Val 0.1059 | Test 0.0255
Validation loss decreased (0.105937 --> 0.105937).  Saving model ...
  Ep 11: Train 0.1390 | Val 0.1004 | Test 0.0284
Validation loss decreased (0.100436 --> 0.100436).  Saving model ...
  Ep 12: Train 0.1398 | Val 0.1101 | Test 0.0301
EarlyStopping counter: 1 out of 5
  Ep 13: Train 0.1364 | Val 0.1007 | Test 0.0334
EarlyStopping counter: 2 out of 5
  Ep 14: Train 0.1347 | Val 0.1042 | Test 0.0382
EarlyStopping counter: 3 out of 5
  Ep 15: Train 0.1312 | Val 0.1086 | Test 0.0409
EarlyStopping counter: 4 out of 5
  Ep 16: Train 0.1319 | Val 0.1035 | Test 0.0316
EarlyStopping counter: 5 out of 5
Early stopping triggered!
/home/sangukchoi/Stroke_SDA/sda_training.py:615: FutureWarning: You are using `torch.load` with `weights_only=False` (the current default value), which uses the default pickle module implicitly. It is possible to construct malicious pickle data which will execute arbitrary code during unpickling (See https://github.com/pytorch/pytorch/blob/main/SECURITY.md#untrusted-models for more details). In a future release, the default value for `weights_only` will be flipped to `True`. This limits the functions that could be executed during unpickling. Arbitrary objects will no longer be allowed to be loaded via this mode unless they are explicitly allowlisted by the user via `torch.serialization.add_safe_globals`. We recommend you start setting `weights_only=True` for any use case where you don't have full control of the loaded file. Please open an issue on GitHub for any issues related to this experimental feature.
  model.load_state_dict(torch.load(os.path.join(out_dir, 'best_model.pth')))
Final Test MSE (Best Model): 0.0284
Finished. Status: Success
