Starting Run on GPU 2
Time: 2025-12-24 14:10:08

[Run Start] Subject S003 | Mode ['SDA'] | Params: L2.5_LS0.7_LR0.0001_E128_D32_Dr0.3

[Fold 1 - SDA] Train: ['S003_T003', 'S003_T006'], Test: S003_T002, Norm: fixed
/home/sangukchoi/.conda/envs/torch_gpu/lib/python3.10/site-packages/torch/nn/modules/rnn.py:123: UserWarning: dropout option adds dropout after all but last recurrent layer, so non-zero dropout expects num_layers greater than 1, but got dropout=0.3 and num_layers=1
  warnings.warn(
  Ep 1: Train 0.6458 | Val 0.4209 | Test 0.0278
Validation loss decreased (0.420899 --> 0.420899).  Saving model ...
  Ep 2: Train 0.3740 | Val 0.2895 | Test 0.0241
Validation loss decreased (0.289523 --> 0.289523).  Saving model ...
  Ep 3: Train 0.3424 | Val 0.2691 | Test 0.0276
Validation loss decreased (0.269146 --> 0.269146).  Saving model ...
  Ep 4: Train 0.3276 | Val 0.2630 | Test 0.0276
Validation loss decreased (0.263029 --> 0.263029).  Saving model ...
  Ep 5: Train 0.3160 | Val 0.2557 | Test 0.0231
Validation loss decreased (0.255714 --> 0.255714).  Saving model ...
  Ep 6: Train 0.3122 | Val 0.2458 | Test 0.0245
Validation loss decreased (0.245827 --> 0.245827).  Saving model ...
  Ep 7: Train 0.3103 | Val 0.2420 | Test 0.0271
Validation loss decreased (0.241969 --> 0.241969).  Saving model ...
  Ep 8: Train 0.3017 | Val 0.2405 | Test 0.0241
Validation loss decreased (0.240534 --> 0.240534).  Saving model ...
  Ep 9: Train 0.3001 | Val 0.2332 | Test 0.0246
Validation loss decreased (0.233190 --> 0.233190).  Saving model ...
  Ep 10: Train 0.2909 | Val 0.2276 | Test 0.0229
Validation loss decreased (0.227562 --> 0.227562).  Saving model ...
  Ep 11: Train 0.2956 | Val 0.2270 | Test 0.0225
Validation loss decreased (0.227003 --> 0.227003).  Saving model ...
  Ep 12: Train 0.2867 | Val 0.2397 | Test 0.0269
EarlyStopping counter: 1 out of 5
  Ep 13: Train 0.2881 | Val 0.2445 | Test 0.0267
EarlyStopping counter: 2 out of 5
  Ep 14: Train 0.2877 | Val 0.2250 | Test 0.0224
Validation loss decreased (0.224951 --> 0.224951).  Saving model ...
  Ep 15: Train 0.2779 | Val 0.2272 | Test 0.0249
EarlyStopping counter: 1 out of 5
  Ep 16: Train 0.2766 | Val 0.2211 | Test 0.0272
Validation loss decreased (0.221114 --> 0.221114).  Saving model ...
  Ep 17: Train 0.2765 | Val 0.2234 | Test 0.0226
EarlyStopping counter: 1 out of 5
  Ep 18: Train 0.2701 | Val 0.2335 | Test 0.0247
EarlyStopping counter: 2 out of 5
  Ep 19: Train 0.2672 | Val 0.2289 | Test 0.0260
EarlyStopping counter: 3 out of 5
  Ep 20: Train 0.2726 | Val 0.2070 | Test 0.0222
Validation loss decreased (0.207045 --> 0.207045).  Saving model ...
  Ep 21: Train 0.2598 | Val 0.2171 | Test 0.0245
EarlyStopping counter: 1 out of 5
  Ep 22: Train 0.2679 | Val 0.2230 | Test 0.0270
EarlyStopping counter: 2 out of 5
  Ep 23: Train 0.2630 | Val 0.2140 | Test 0.0212
EarlyStopping counter: 3 out of 5
  Ep 24: Train 0.2606 | Val 0.2143 | Test 0.0215
EarlyStopping counter: 4 out of 5
  Ep 25: Train 0.2646 | Val 0.2076 | Test 0.0213
EarlyStopping counter: 5 out of 5
Early stopping triggered!
/home/sangukchoi/Stroke_SDA/sda_training.py:615: FutureWarning: You are using `torch.load` with `weights_only=False` (the current default value), which uses the default pickle module implicitly. It is possible to construct malicious pickle data which will execute arbitrary code during unpickling (See https://github.com/pytorch/pytorch/blob/main/SECURITY.md#untrusted-models for more details). In a future release, the default value for `weights_only` will be flipped to `True`. This limits the functions that could be executed during unpickling. Arbitrary objects will no longer be allowed to be loaded via this mode unless they are explicitly allowlisted by the user via `torch.serialization.add_safe_globals`. We recommend you start setting `weights_only=True` for any use case where you don't have full control of the loaded file. Please open an issue on GitHub for any issues related to this experimental feature.
  model.load_state_dict(torch.load(os.path.join(out_dir, 'best_model.pth')))
Final Test MSE (Best Model): 0.0222
Finished. Status: Success
