Starting Run on GPU 2
Time: 2025-12-24 14:21:27

[Run Start] Subject S003 | Mode ['SDA'] | Params: L2.5_LS1.0_LR0.0001_E64_D128_Dr0.3

[Fold 1 - SDA] Train: ['S003_T003', 'S003_T006'], Test: S003_T002, Norm: fixed
/home/sangukchoi/.conda/envs/torch_gpu/lib/python3.10/site-packages/torch/nn/modules/rnn.py:123: UserWarning: dropout option adds dropout after all but last recurrent layer, so non-zero dropout expects num_layers greater than 1, but got dropout=0.3 and num_layers=1
  warnings.warn(
  Ep 1: Train 0.7708 | Val 0.5373 | Test 0.0469
Validation loss decreased (0.537323 --> 0.537323).  Saving model ...
  Ep 2: Train 0.4823 | Val 0.3926 | Test 0.0298
Validation loss decreased (0.392564 --> 0.392564).  Saving model ...
  Ep 3: Train 0.4027 | Val 0.3173 | Test 0.0261
Validation loss decreased (0.317261 --> 0.317261).  Saving model ...
  Ep 4: Train 0.3736 | Val 0.2949 | Test 0.0218
Validation loss decreased (0.294937 --> 0.294937).  Saving model ...
  Ep 5: Train 0.3577 | Val 0.2942 | Test 0.0223
Validation loss decreased (0.294158 --> 0.294158).  Saving model ...
  Ep 6: Train 0.3433 | Val 0.2707 | Test 0.0215
Validation loss decreased (0.270658 --> 0.270658).  Saving model ...
  Ep 7: Train 0.3381 | Val 0.2556 | Test 0.0210
Validation loss decreased (0.255550 --> 0.255550).  Saving model ...
  Ep 8: Train 0.3339 | Val 0.2517 | Test 0.0203
Validation loss decreased (0.251721 --> 0.251721).  Saving model ...
  Ep 9: Train 0.3248 | Val 0.2377 | Test 0.0199
Validation loss decreased (0.237710 --> 0.237710).  Saving model ...
  Ep 10: Train 0.3257 | Val 0.2417 | Test 0.0193
EarlyStopping counter: 1 out of 5
  Ep 11: Train 0.3181 | Val 0.2302 | Test 0.0224
Validation loss decreased (0.230248 --> 0.230248).  Saving model ...
  Ep 12: Train 0.3105 | Val 0.2309 | Test 0.0251
EarlyStopping counter: 1 out of 5
  Ep 13: Train 0.3097 | Val 0.2570 | Test 0.0297
EarlyStopping counter: 2 out of 5
  Ep 14: Train 0.3167 | Val 0.2292 | Test 0.0232
Validation loss decreased (0.229198 --> 0.229198).  Saving model ...
  Ep 15: Train 0.3074 | Val 0.2484 | Test 0.0242
EarlyStopping counter: 1 out of 5
  Ep 16: Train 0.3012 | Val 0.2326 | Test 0.0266
EarlyStopping counter: 2 out of 5
  Ep 17: Train 0.2993 | Val 0.2223 | Test 0.0214
Validation loss decreased (0.222273 --> 0.222273).  Saving model ...
  Ep 18: Train 0.3014 | Val 0.2333 | Test 0.0244
EarlyStopping counter: 1 out of 5
  Ep 19: Train 0.2923 | Val 0.2138 | Test 0.0239
Validation loss decreased (0.213760 --> 0.213760).  Saving model ...
  Ep 20: Train 0.2952 | Val 0.2192 | Test 0.0257
EarlyStopping counter: 1 out of 5
  Ep 21: Train 0.2923 | Val 0.2040 | Test 0.0190
Validation loss decreased (0.203957 --> 0.203957).  Saving model ...
  Ep 22: Train 0.2880 | Val 0.2209 | Test 0.0272
EarlyStopping counter: 1 out of 5
  Ep 23: Train 0.2915 | Val 0.2206 | Test 0.0231
EarlyStopping counter: 2 out of 5
  Ep 24: Train 0.2919 | Val 0.2012 | Test 0.0213
Validation loss decreased (0.201166 --> 0.201166).  Saving model ...
  Ep 25: Train 0.2900 | Val 0.1930 | Test 0.0195
Validation loss decreased (0.193008 --> 0.193008).  Saving model ...
  Ep 26: Train 0.2788 | Val 0.2040 | Test 0.0211
EarlyStopping counter: 1 out of 5
  Ep 27: Train 0.2861 | Val 0.1955 | Test 0.0216
EarlyStopping counter: 2 out of 5
  Ep 28: Train 0.2841 | Val 0.2094 | Test 0.0207
EarlyStopping counter: 3 out of 5
  Ep 29: Train 0.2781 | Val 0.1978 | Test 0.0206
EarlyStopping counter: 4 out of 5
  Ep 30: Train 0.2754 | Val 0.1958 | Test 0.0202
EarlyStopping counter: 5 out of 5
Early stopping triggered!
/home/sangukchoi/Stroke_SDA/sda_training.py:615: FutureWarning: You are using `torch.load` with `weights_only=False` (the current default value), which uses the default pickle module implicitly. It is possible to construct malicious pickle data which will execute arbitrary code during unpickling (See https://github.com/pytorch/pytorch/blob/main/SECURITY.md#untrusted-models for more details). In a future release, the default value for `weights_only` will be flipped to `True`. This limits the functions that could be executed during unpickling. Arbitrary objects will no longer be allowed to be loaded via this mode unless they are explicitly allowlisted by the user via `torch.serialization.add_safe_globals`. We recommend you start setting `weights_only=True` for any use case where you don't have full control of the loaded file. Please open an issue on GitHub for any issues related to this experimental feature.
  model.load_state_dict(torch.load(os.path.join(out_dir, 'best_model.pth')))
Final Test MSE (Best Model): 0.0195
Finished. Status: Success
