Starting Run on GPU 3
Time: 2025-12-24 14:06:05

[Run Start] Subject S003 | Mode ['SDA'] | Params: L2.5_LS0.5_LR0.0001_E256_D128_Dr0.3

[Fold 1 - SDA] Train: ['S003_T003', 'S003_T006'], Test: S003_T002, Norm: fixed
/home/sangukchoi/.conda/envs/torch_gpu/lib/python3.10/site-packages/torch/nn/modules/rnn.py:123: UserWarning: dropout option adds dropout after all but last recurrent layer, so non-zero dropout expects num_layers greater than 1, but got dropout=0.3 and num_layers=1
  warnings.warn(
  Ep 1: Train 0.4825 | Val 0.3348 | Test 0.0274
Validation loss decreased (0.334803 --> 0.334803).  Saving model ...
  Ep 2: Train 0.3375 | Val 0.2546 | Test 0.0268
Validation loss decreased (0.254568 --> 0.254568).  Saving model ...
  Ep 3: Train 0.3235 | Val 0.2745 | Test 0.0292
EarlyStopping counter: 1 out of 5
  Ep 4: Train 0.3124 | Val 0.2237 | Test 0.0249
Validation loss decreased (0.223675 --> 0.223675).  Saving model ...
  Ep 5: Train 0.3007 | Val 0.2837 | Test 0.0515
EarlyStopping counter: 1 out of 5
  Ep 6: Train 0.2914 | Val 0.2158 | Test 0.0273
Validation loss decreased (0.215831 --> 0.215831).  Saving model ...
  Ep 7: Train 0.2883 | Val 0.2303 | Test 0.0259
EarlyStopping counter: 1 out of 5
  Ep 8: Train 0.2809 | Val 0.2274 | Test 0.0275
EarlyStopping counter: 2 out of 5
  Ep 9: Train 0.2764 | Val 0.2197 | Test 0.0246
EarlyStopping counter: 3 out of 5
  Ep 10: Train 0.2742 | Val 0.2267 | Test 0.0320
EarlyStopping counter: 4 out of 5
  Ep 11: Train 0.2747 | Val 0.2224 | Test 0.0268
EarlyStopping counter: 5 out of 5
Early stopping triggered!
/home/sangukchoi/Stroke_SDA/sda_training.py:615: FutureWarning: You are using `torch.load` with `weights_only=False` (the current default value), which uses the default pickle module implicitly. It is possible to construct malicious pickle data which will execute arbitrary code during unpickling (See https://github.com/pytorch/pytorch/blob/main/SECURITY.md#untrusted-models for more details). In a future release, the default value for `weights_only` will be flipped to `True`. This limits the functions that could be executed during unpickling. Arbitrary objects will no longer be allowed to be loaded via this mode unless they are explicitly allowlisted by the user via `torch.serialization.add_safe_globals`. We recommend you start setting `weights_only=True` for any use case where you don't have full control of the loaded file. Please open an issue on GitHub for any issues related to this experimental feature.
  model.load_state_dict(torch.load(os.path.join(out_dir, 'best_model.pth')))
Final Test MSE (Best Model): 0.0273
Finished. Status: Success
