Starting Run on GPU 0
Time: 2025-12-24 12:28:36

[Run Start] Subject S003 | Mode ['SDA'] | Params: L1.5_LS0.7_LR0.0001_E64_D32_Dr0.3

[Fold 1 - SDA] Train: ['S003_T003', 'S003_T006'], Test: S003_T002, Norm: fixed
/home/sangukchoi/.conda/envs/torch_gpu/lib/python3.10/site-packages/torch/nn/modules/rnn.py:123: UserWarning: dropout option adds dropout after all but last recurrent layer, so non-zero dropout expects num_layers greater than 1, but got dropout=0.3 and num_layers=1
  warnings.warn(
  Ep 1: Train 0.5767 | Val 0.3029 | Test 0.0258
Validation loss decreased (0.302868 --> 0.302868).  Saving model ...
  Ep 2: Train 0.2912 | Val 0.2360 | Test 0.0189
Validation loss decreased (0.236040 --> 0.236040).  Saving model ...
  Ep 3: Train 0.2627 | Val 0.2120 | Test 0.0229
Validation loss decreased (0.212037 --> 0.212037).  Saving model ...
  Ep 4: Train 0.2422 | Val 0.1922 | Test 0.0243
Validation loss decreased (0.192221 --> 0.192221).  Saving model ...
  Ep 5: Train 0.2266 | Val 0.1744 | Test 0.0219
Validation loss decreased (0.174431 --> 0.174431).  Saving model ...
  Ep 6: Train 0.2191 | Val 0.1875 | Test 0.0281
EarlyStopping counter: 1 out of 5
  Ep 7: Train 0.2145 | Val 0.1833 | Test 0.0265
EarlyStopping counter: 2 out of 5
  Ep 8: Train 0.2072 | Val 0.1666 | Test 0.0230
Validation loss decreased (0.166625 --> 0.166625).  Saving model ...
  Ep 9: Train 0.2065 | Val 0.1642 | Test 0.0218
Validation loss decreased (0.164233 --> 0.164233).  Saving model ...
  Ep 10: Train 0.2015 | Val 0.1637 | Test 0.0243
Validation loss decreased (0.163651 --> 0.163651).  Saving model ...
  Ep 11: Train 0.2008 | Val 0.1599 | Test 0.0257
Validation loss decreased (0.159874 --> 0.159874).  Saving model ...
  Ep 12: Train 0.1953 | Val 0.1564 | Test 0.0244
Validation loss decreased (0.156350 --> 0.156350).  Saving model ...
  Ep 13: Train 0.1974 | Val 0.1528 | Test 0.0230
Validation loss decreased (0.152771 --> 0.152771).  Saving model ...
  Ep 14: Train 0.1922 | Val 0.1512 | Test 0.0230
Validation loss decreased (0.151241 --> 0.151241).  Saving model ...
  Ep 15: Train 0.1920 | Val 0.1515 | Test 0.0218
EarlyStopping counter: 1 out of 5
  Ep 16: Train 0.1877 | Val 0.1547 | Test 0.0242
EarlyStopping counter: 2 out of 5
  Ep 17: Train 0.1871 | Val 0.1595 | Test 0.0270
EarlyStopping counter: 3 out of 5
  Ep 18: Train 0.1872 | Val 0.1544 | Test 0.0237
EarlyStopping counter: 4 out of 5
  Ep 19: Train 0.1879 | Val 0.1485 | Test 0.0209
Validation loss decreased (0.148539 --> 0.148539).  Saving model ...
  Ep 20: Train 0.1832 | Val 0.1511 | Test 0.0235
EarlyStopping counter: 1 out of 5
  Ep 21: Train 0.1847 | Val 0.1439 | Test 0.0222
Validation loss decreased (0.143919 --> 0.143919).  Saving model ...
  Ep 22: Train 0.1818 | Val 0.1472 | Test 0.0225
EarlyStopping counter: 1 out of 5
  Ep 23: Train 0.1844 | Val 0.1613 | Test 0.0278
EarlyStopping counter: 2 out of 5
  Ep 24: Train 0.1779 | Val 0.1476 | Test 0.0223
EarlyStopping counter: 3 out of 5
  Ep 25: Train 0.1810 | Val 0.1453 | Test 0.0212
EarlyStopping counter: 4 out of 5
  Ep 26: Train 0.1797 | Val 0.1498 | Test 0.0251
EarlyStopping counter: 5 out of 5
Early stopping triggered!
/home/sangukchoi/Stroke_SDA/sda_training.py:615: FutureWarning: You are using `torch.load` with `weights_only=False` (the current default value), which uses the default pickle module implicitly. It is possible to construct malicious pickle data which will execute arbitrary code during unpickling (See https://github.com/pytorch/pytorch/blob/main/SECURITY.md#untrusted-models for more details). In a future release, the default value for `weights_only` will be flipped to `True`. This limits the functions that could be executed during unpickling. Arbitrary objects will no longer be allowed to be loaded via this mode unless they are explicitly allowlisted by the user via `torch.serialization.add_safe_globals`. We recommend you start setting `weights_only=True` for any use case where you don't have full control of the loaded file. Please open an issue on GitHub for any issues related to this experimental feature.
  model.load_state_dict(torch.load(os.path.join(out_dir, 'best_model.pth')))
Final Test MSE (Best Model): 0.0222
Finished. Status: Success
