Starting Run on GPU 1
Time: 2025-12-24 13:23:24

[Run Start] Subject S003 | Mode ['SDA'] | Params: L2.0_LS1.0_LR0.0001_E64_D64_Dr0.3

[Fold 1 - SDA] Train: ['S003_T003', 'S003_T006'], Test: S003_T002, Norm: fixed
/home/sangukchoi/.conda/envs/torch_gpu/lib/python3.10/site-packages/torch/nn/modules/rnn.py:123: UserWarning: dropout option adds dropout after all but last recurrent layer, so non-zero dropout expects num_layers greater than 1, but got dropout=0.3 and num_layers=1
  warnings.warn(
  Ep 1: Train 0.6506 | Val 0.4537 | Test 0.0327
Validation loss decreased (0.453729 --> 0.453729).  Saving model ...
  Ep 2: Train 0.3939 | Val 0.3705 | Test 0.0266
Validation loss decreased (0.370535 --> 0.370535).  Saving model ...
  Ep 3: Train 0.3306 | Val 0.2911 | Test 0.0301
Validation loss decreased (0.291098 --> 0.291098).  Saving model ...
  Ep 4: Train 0.3008 | Val 0.2407 | Test 0.0275
Validation loss decreased (0.240727 --> 0.240727).  Saving model ...
  Ep 5: Train 0.2883 | Val 0.2298 | Test 0.0292
Validation loss decreased (0.229846 --> 0.229846).  Saving model ...
  Ep 6: Train 0.2804 | Val 0.2457 | Test 0.0319
EarlyStopping counter: 1 out of 5
  Ep 7: Train 0.2761 | Val 0.2216 | Test 0.0259
Validation loss decreased (0.221621 --> 0.221621).  Saving model ...
  Ep 8: Train 0.2730 | Val 0.2312 | Test 0.0311
EarlyStopping counter: 1 out of 5
  Ep 9: Train 0.2715 | Val 0.2168 | Test 0.0269
Validation loss decreased (0.216759 --> 0.216759).  Saving model ...
  Ep 10: Train 0.2644 | Val 0.2103 | Test 0.0233
Validation loss decreased (0.210345 --> 0.210345).  Saving model ...
  Ep 11: Train 0.2630 | Val 0.2142 | Test 0.0255
EarlyStopping counter: 1 out of 5
  Ep 12: Train 0.2552 | Val 0.2097 | Test 0.0241
Validation loss decreased (0.209688 --> 0.209688).  Saving model ...
  Ep 13: Train 0.2575 | Val 0.2201 | Test 0.0258
EarlyStopping counter: 1 out of 5
  Ep 14: Train 0.2516 | Val 0.2092 | Test 0.0252
EarlyStopping counter: 2 out of 5
  Ep 15: Train 0.2531 | Val 0.2019 | Test 0.0215
Validation loss decreased (0.201891 --> 0.201891).  Saving model ...
  Ep 16: Train 0.2520 | Val 0.2012 | Test 0.0219
Validation loss decreased (0.201164 --> 0.201164).  Saving model ...
  Ep 17: Train 0.2430 | Val 0.1959 | Test 0.0212
Validation loss decreased (0.195850 --> 0.195850).  Saving model ...
  Ep 18: Train 0.2489 | Val 0.2044 | Test 0.0232
EarlyStopping counter: 1 out of 5
  Ep 19: Train 0.2440 | Val 0.1954 | Test 0.0228
EarlyStopping counter: 2 out of 5
  Ep 20: Train 0.2475 | Val 0.2016 | Test 0.0229
EarlyStopping counter: 3 out of 5
  Ep 21: Train 0.2444 | Val 0.1993 | Test 0.0251
EarlyStopping counter: 4 out of 5
  Ep 22: Train 0.2405 | Val 0.2011 | Test 0.0237
EarlyStopping counter: 5 out of 5
Early stopping triggered!
/home/sangukchoi/Stroke_SDA/sda_training.py:615: FutureWarning: You are using `torch.load` with `weights_only=False` (the current default value), which uses the default pickle module implicitly. It is possible to construct malicious pickle data which will execute arbitrary code during unpickling (See https://github.com/pytorch/pytorch/blob/main/SECURITY.md#untrusted-models for more details). In a future release, the default value for `weights_only` will be flipped to `True`. This limits the functions that could be executed during unpickling. Arbitrary objects will no longer be allowed to be loaded via this mode unless they are explicitly allowlisted by the user via `torch.serialization.add_safe_globals`. We recommend you start setting `weights_only=True` for any use case where you don't have full control of the loaded file. Please open an issue on GitHub for any issues related to this experimental feature.
  model.load_state_dict(torch.load(os.path.join(out_dir, 'best_model.pth')))
Final Test MSE (Best Model): 0.0212
Finished. Status: Success
