Starting Run on GPU 1
Time: 2025-12-24 12:58:27

[Run Start] Subject S003 | Mode ['SDA'] | Params: L1.5_LS1.0_LR0.0001_E256_D32_Dr0.3

[Fold 1 - SDA] Train: ['S003_T003', 'S003_T006'], Test: S003_T002, Norm: fixed
/home/sangukchoi/.conda/envs/torch_gpu/lib/python3.10/site-packages/torch/nn/modules/rnn.py:123: UserWarning: dropout option adds dropout after all but last recurrent layer, so non-zero dropout expects num_layers greater than 1, but got dropout=0.3 and num_layers=1
  warnings.warn(
  Ep 1: Train 0.4003 | Val 0.2547 | Test 0.0235
Validation loss decreased (0.254659 --> 0.254659).  Saving model ...
  Ep 2: Train 0.2518 | Val 0.1978 | Test 0.0244
Validation loss decreased (0.197817 --> 0.197817).  Saving model ...
  Ep 3: Train 0.2273 | Val 0.1793 | Test 0.0276
Validation loss decreased (0.179251 --> 0.179251).  Saving model ...
  Ep 4: Train 0.2114 | Val 0.1681 | Test 0.0279
Validation loss decreased (0.168106 --> 0.168106).  Saving model ...
  Ep 5: Train 0.2064 | Val 0.1749 | Test 0.0296
EarlyStopping counter: 1 out of 5
  Ep 6: Train 0.2026 | Val 0.1583 | Test 0.0238
Validation loss decreased (0.158319 --> 0.158319).  Saving model ...
  Ep 7: Train 0.2003 | Val 0.1434 | Test 0.0218
Validation loss decreased (0.143383 --> 0.143383).  Saving model ...
  Ep 8: Train 0.1934 | Val 0.1530 | Test 0.0254
EarlyStopping counter: 1 out of 5
  Ep 9: Train 0.1918 | Val 0.1489 | Test 0.0258
EarlyStopping counter: 2 out of 5
  Ep 10: Train 0.1859 | Val 0.1439 | Test 0.0261
EarlyStopping counter: 3 out of 5
  Ep 11: Train 0.1840 | Val 0.1459 | Test 0.0270
EarlyStopping counter: 4 out of 5
  Ep 12: Train 0.1825 | Val 0.1453 | Test 0.0258
EarlyStopping counter: 5 out of 5
Early stopping triggered!
/home/sangukchoi/Stroke_SDA/sda_training.py:615: FutureWarning: You are using `torch.load` with `weights_only=False` (the current default value), which uses the default pickle module implicitly. It is possible to construct malicious pickle data which will execute arbitrary code during unpickling (See https://github.com/pytorch/pytorch/blob/main/SECURITY.md#untrusted-models for more details). In a future release, the default value for `weights_only` will be flipped to `True`. This limits the functions that could be executed during unpickling. Arbitrary objects will no longer be allowed to be loaded via this mode unless they are explicitly allowlisted by the user via `torch.serialization.add_safe_globals`. We recommend you start setting `weights_only=True` for any use case where you don't have full control of the loaded file. Please open an issue on GitHub for any issues related to this experimental feature.
  model.load_state_dict(torch.load(os.path.join(out_dir, 'best_model.pth')))
Final Test MSE (Best Model): 0.0218
Finished. Status: Success
