Starting Run on GPU 2
Time: 2025-12-24 13:08:57

[Run Start] Subject S003 | Mode ['SDA'] | Params: L2.0_LS0.7_LR0.0001_E64_D128_Dr0.3

[Fold 1 - SDA] Train: ['S003_T003', 'S003_T006'], Test: S003_T002, Norm: fixed
/home/sangukchoi/.conda/envs/torch_gpu/lib/python3.10/site-packages/torch/nn/modules/rnn.py:123: UserWarning: dropout option adds dropout after all but last recurrent layer, so non-zero dropout expects num_layers greater than 1, but got dropout=0.3 and num_layers=1
  warnings.warn(
  Ep 1: Train 0.7211 | Val 0.4460 | Test 0.0465
Validation loss decreased (0.446007 --> 0.446007).  Saving model ...
  Ep 2: Train 0.3716 | Val 0.2881 | Test 0.0237
Validation loss decreased (0.288074 --> 0.288074).  Saving model ...
  Ep 3: Train 0.3081 | Val 0.2475 | Test 0.0279
Validation loss decreased (0.247523 --> 0.247523).  Saving model ...
  Ep 4: Train 0.2894 | Val 0.2196 | Test 0.0219
Validation loss decreased (0.219558 --> 0.219558).  Saving model ...
  Ep 5: Train 0.2758 | Val 0.2242 | Test 0.0235
EarlyStopping counter: 1 out of 5
  Ep 6: Train 0.2714 | Val 0.2070 | Test 0.0239
Validation loss decreased (0.206980 --> 0.206980).  Saving model ...
  Ep 7: Train 0.2639 | Val 0.2053 | Test 0.0260
Validation loss decreased (0.205306 --> 0.205306).  Saving model ...
  Ep 8: Train 0.2597 | Val 0.1974 | Test 0.0224
Validation loss decreased (0.197406 --> 0.197406).  Saving model ...
  Ep 9: Train 0.2573 | Val 0.2047 | Test 0.0253
EarlyStopping counter: 1 out of 5
  Ep 10: Train 0.2593 | Val 0.2056 | Test 0.0282
EarlyStopping counter: 2 out of 5
  Ep 11: Train 0.2513 | Val 0.1939 | Test 0.0254
Validation loss decreased (0.193949 --> 0.193949).  Saving model ...
  Ep 12: Train 0.2483 | Val 0.2006 | Test 0.0266
EarlyStopping counter: 1 out of 5
  Ep 13: Train 0.2445 | Val 0.1941 | Test 0.0241
EarlyStopping counter: 2 out of 5
  Ep 14: Train 0.2421 | Val 0.1947 | Test 0.0253
EarlyStopping counter: 3 out of 5
  Ep 15: Train 0.2415 | Val 0.2001 | Test 0.0241
EarlyStopping counter: 4 out of 5
  Ep 16: Train 0.2412 | Val 0.1907 | Test 0.0222
Validation loss decreased (0.190719 --> 0.190719).  Saving model ...
  Ep 17: Train 0.2395 | Val 0.1972 | Test 0.0261
EarlyStopping counter: 1 out of 5
  Ep 18: Train 0.2376 | Val 0.2159 | Test 0.0347
EarlyStopping counter: 2 out of 5
  Ep 19: Train 0.2404 | Val 0.1960 | Test 0.0293
EarlyStopping counter: 3 out of 5
  Ep 20: Train 0.2358 | Val 0.1911 | Test 0.0228
EarlyStopping counter: 4 out of 5
  Ep 21: Train 0.2358 | Val 0.1889 | Test 0.0235
Validation loss decreased (0.188909 --> 0.188909).  Saving model ...
  Ep 22: Train 0.2253 | Val 0.1883 | Test 0.0216
Validation loss decreased (0.188342 --> 0.188342).  Saving model ...
  Ep 23: Train 0.2332 | Val 0.1980 | Test 0.0307
EarlyStopping counter: 1 out of 5
  Ep 24: Train 0.2292 | Val 0.1916 | Test 0.0245
EarlyStopping counter: 2 out of 5
  Ep 25: Train 0.2292 | Val 0.1846 | Test 0.0222
Validation loss decreased (0.184564 --> 0.184564).  Saving model ...
  Ep 26: Train 0.2230 | Val 0.1914 | Test 0.0255
EarlyStopping counter: 1 out of 5
  Ep 27: Train 0.2293 | Val 0.1761 | Test 0.0226
Validation loss decreased (0.176091 --> 0.176091).  Saving model ...
  Ep 28: Train 0.2185 | Val 0.1919 | Test 0.0264
EarlyStopping counter: 1 out of 5
  Ep 29: Train 0.2240 | Val 0.1811 | Test 0.0246
EarlyStopping counter: 2 out of 5
  Ep 30: Train 0.2166 | Val 0.1687 | Test 0.0211
Validation loss decreased (0.168722 --> 0.168722).  Saving model ...
  Ep 31: Train 0.2225 | Val 0.1806 | Test 0.0265
EarlyStopping counter: 1 out of 5
  Ep 32: Train 0.2248 | Val 0.1833 | Test 0.0220
EarlyStopping counter: 2 out of 5
  Ep 33: Train 0.2182 | Val 0.1656 | Test 0.0210
Validation loss decreased (0.165559 --> 0.165559).  Saving model ...
  Ep 34: Train 0.2194 | Val 0.1715 | Test 0.0219
EarlyStopping counter: 1 out of 5
  Ep 35: Train 0.2097 | Val 0.1701 | Test 0.0217
EarlyStopping counter: 2 out of 5
  Ep 36: Train 0.2133 | Val 0.1767 | Test 0.0232
EarlyStopping counter: 3 out of 5
  Ep 37: Train 0.2139 | Val 0.1943 | Test 0.0251
EarlyStopping counter: 4 out of 5
  Ep 38: Train 0.2160 | Val 0.1415 | Test 0.0234
Validation loss decreased (0.141465 --> 0.141465).  Saving model ...
  Ep 39: Train 0.2094 | Val 0.1940 | Test 0.0304
EarlyStopping counter: 1 out of 5
  Ep 40: Train 0.2157 | Val 0.1554 | Test 0.0213
EarlyStopping counter: 2 out of 5
  Ep 41: Train 0.2132 | Val 0.1769 | Test 0.0243
EarlyStopping counter: 3 out of 5
  Ep 42: Train 0.2146 | Val 0.1796 | Test 0.0230
EarlyStopping counter: 4 out of 5
  Ep 43: Train 0.2107 | Val 0.1482 | Test 0.0220
EarlyStopping counter: 5 out of 5
Early stopping triggered!
/home/sangukchoi/Stroke_SDA/sda_training.py:615: FutureWarning: You are using `torch.load` with `weights_only=False` (the current default value), which uses the default pickle module implicitly. It is possible to construct malicious pickle data which will execute arbitrary code during unpickling (See https://github.com/pytorch/pytorch/blob/main/SECURITY.md#untrusted-models for more details). In a future release, the default value for `weights_only` will be flipped to `True`. This limits the functions that could be executed during unpickling. Arbitrary objects will no longer be allowed to be loaded via this mode unless they are explicitly allowlisted by the user via `torch.serialization.add_safe_globals`. We recommend you start setting `weights_only=True` for any use case where you don't have full control of the loaded file. Please open an issue on GitHub for any issues related to this experimental feature.
  model.load_state_dict(torch.load(os.path.join(out_dir, 'best_model.pth')))
Final Test MSE (Best Model): 0.0234
Finished. Status: Success
