Starting Run on GPU 2
Time: 2025-12-24 13:55:58

[Run Start] Subject S003 | Mode ['SDA'] | Params: L2.5_LS0.5_LR0.0001_E64_D32_Dr0.3

[Fold 1 - SDA] Train: ['S003_T003', 'S003_T006'], Test: S003_T002, Norm: fixed
/home/sangukchoi/.conda/envs/torch_gpu/lib/python3.10/site-packages/torch/nn/modules/rnn.py:123: UserWarning: dropout option adds dropout after all but last recurrent layer, so non-zero dropout expects num_layers greater than 1, but got dropout=0.3 and num_layers=1
  warnings.warn(
  Ep 1: Train 0.8111 | Val 0.6522 | Test 0.2222
Validation loss decreased (0.652217 --> 0.652217).  Saving model ...
  Ep 2: Train 0.6121 | Val 0.5103 | Test 0.1478
Validation loss decreased (0.510322 --> 0.510322).  Saving model ...
  Ep 3: Train 0.4445 | Val 0.3491 | Test 0.0553
Validation loss decreased (0.349134 --> 0.349134).  Saving model ...
  Ep 4: Train 0.3686 | Val 0.2636 | Test 0.0283
Validation loss decreased (0.263608 --> 0.263608).  Saving model ...
  Ep 5: Train 0.3479 | Val 0.2512 | Test 0.0283
Validation loss decreased (0.251192 --> 0.251192).  Saving model ...
  Ep 6: Train 0.3306 | Val 0.2392 | Test 0.0265
Validation loss decreased (0.239157 --> 0.239157).  Saving model ...
  Ep 7: Train 0.3217 | Val 0.2476 | Test 0.0263
EarlyStopping counter: 1 out of 5
  Ep 8: Train 0.3123 | Val 0.2305 | Test 0.0261
Validation loss decreased (0.230476 --> 0.230476).  Saving model ...
  Ep 9: Train 0.3091 | Val 0.2366 | Test 0.0304
EarlyStopping counter: 1 out of 5
  Ep 10: Train 0.3048 | Val 0.2275 | Test 0.0245
Validation loss decreased (0.227472 --> 0.227472).  Saving model ...
  Ep 11: Train 0.2972 | Val 0.2253 | Test 0.0260
Validation loss decreased (0.225253 --> 0.225253).  Saving model ...
  Ep 12: Train 0.2982 | Val 0.2202 | Test 0.0257
Validation loss decreased (0.220169 --> 0.220169).  Saving model ...
  Ep 13: Train 0.2990 | Val 0.2217 | Test 0.0258
EarlyStopping counter: 1 out of 5
  Ep 14: Train 0.2918 | Val 0.2207 | Test 0.0251
EarlyStopping counter: 2 out of 5
  Ep 15: Train 0.2881 | Val 0.2221 | Test 0.0265
EarlyStopping counter: 3 out of 5
  Ep 16: Train 0.2896 | Val 0.2075 | Test 0.0266
Validation loss decreased (0.207463 --> 0.207463).  Saving model ...
  Ep 17: Train 0.2846 | Val 0.2218 | Test 0.0257
EarlyStopping counter: 1 out of 5
  Ep 18: Train 0.2807 | Val 0.2210 | Test 0.0255
EarlyStopping counter: 2 out of 5
  Ep 19: Train 0.2869 | Val 0.2114 | Test 0.0290
EarlyStopping counter: 3 out of 5
  Ep 20: Train 0.2818 | Val 0.2275 | Test 0.0271
EarlyStopping counter: 4 out of 5
  Ep 21: Train 0.2716 | Val 0.2216 | Test 0.0286
EarlyStopping counter: 5 out of 5
Early stopping triggered!
/home/sangukchoi/Stroke_SDA/sda_training.py:615: FutureWarning: You are using `torch.load` with `weights_only=False` (the current default value), which uses the default pickle module implicitly. It is possible to construct malicious pickle data which will execute arbitrary code during unpickling (See https://github.com/pytorch/pytorch/blob/main/SECURITY.md#untrusted-models for more details). In a future release, the default value for `weights_only` will be flipped to `True`. This limits the functions that could be executed during unpickling. Arbitrary objects will no longer be allowed to be loaded via this mode unless they are explicitly allowlisted by the user via `torch.serialization.add_safe_globals`. We recommend you start setting `weights_only=True` for any use case where you don't have full control of the loaded file. Please open an issue on GitHub for any issues related to this experimental feature.
  model.load_state_dict(torch.load(os.path.join(out_dir, 'best_model.pth')))
Final Test MSE (Best Model): 0.0266
Finished. Status: Success
