Starting Run on GPU 0
Time: 2025-12-24 14:00:18

[Run Start] Subject S003 | Mode ['SDA'] | Params: L2.5_LS0.5_LR0.0001_E128_D64_Dr0.3

[Fold 1 - SDA] Train: ['S003_T003', 'S003_T006'], Test: S003_T002, Norm: fixed
/home/sangukchoi/.conda/envs/torch_gpu/lib/python3.10/site-packages/torch/nn/modules/rnn.py:123: UserWarning: dropout option adds dropout after all but last recurrent layer, so non-zero dropout expects num_layers greater than 1, but got dropout=0.3 and num_layers=1
  warnings.warn(
  Ep 1: Train 0.6339 | Val 0.4325 | Test 0.0379
Validation loss decreased (0.432544 --> 0.432544).  Saving model ...
  Ep 2: Train 0.3800 | Val 0.3111 | Test 0.0256
Validation loss decreased (0.311110 --> 0.311110).  Saving model ...
  Ep 3: Train 0.3348 | Val 0.2684 | Test 0.0277
Validation loss decreased (0.268403 --> 0.268403).  Saving model ...
  Ep 4: Train 0.3245 | Val 0.2646 | Test 0.0289
Validation loss decreased (0.264625 --> 0.264625).  Saving model ...
  Ep 5: Train 0.3100 | Val 0.2529 | Test 0.0252
Validation loss decreased (0.252875 --> 0.252875).  Saving model ...
  Ep 6: Train 0.3102 | Val 0.2360 | Test 0.0234
Validation loss decreased (0.236036 --> 0.236036).  Saving model ...
  Ep 7: Train 0.3047 | Val 0.2689 | Test 0.0294
EarlyStopping counter: 1 out of 5
  Ep 8: Train 0.2984 | Val 0.2183 | Test 0.0249
Validation loss decreased (0.218346 --> 0.218346).  Saving model ...
  Ep 9: Train 0.2916 | Val 0.2346 | Test 0.0264
EarlyStopping counter: 1 out of 5
  Ep 10: Train 0.2834 | Val 0.2268 | Test 0.0312
EarlyStopping counter: 2 out of 5
  Ep 11: Train 0.2822 | Val 0.2407 | Test 0.0313
EarlyStopping counter: 3 out of 5
  Ep 12: Train 0.2798 | Val 0.2292 | Test 0.0283
EarlyStopping counter: 4 out of 5
  Ep 13: Train 0.2755 | Val 0.2161 | Test 0.0241
Validation loss decreased (0.216096 --> 0.216096).  Saving model ...
  Ep 14: Train 0.2772 | Val 0.2309 | Test 0.0305
EarlyStopping counter: 1 out of 5
  Ep 15: Train 0.2825 | Val 0.2192 | Test 0.0296
EarlyStopping counter: 2 out of 5
  Ep 16: Train 0.2764 | Val 0.2155 | Test 0.0276
Validation loss decreased (0.215535 --> 0.215535).  Saving model ...
  Ep 17: Train 0.2754 | Val 0.2067 | Test 0.0235
Validation loss decreased (0.206712 --> 0.206712).  Saving model ...
  Ep 18: Train 0.2694 | Val 0.2059 | Test 0.0263
Validation loss decreased (0.205939 --> 0.205939).  Saving model ...
  Ep 19: Train 0.2637 | Val 0.2242 | Test 0.0262
EarlyStopping counter: 1 out of 5
  Ep 20: Train 0.2674 | Val 0.2021 | Test 0.0265
Validation loss decreased (0.202068 --> 0.202068).  Saving model ...
  Ep 21: Train 0.2713 | Val 0.2056 | Test 0.0249
EarlyStopping counter: 1 out of 5
  Ep 22: Train 0.2613 | Val 0.2128 | Test 0.0241
EarlyStopping counter: 2 out of 5
  Ep 23: Train 0.2563 | Val 0.2153 | Test 0.0256
EarlyStopping counter: 3 out of 5
  Ep 24: Train 0.2617 | Val 0.2195 | Test 0.0236
EarlyStopping counter: 4 out of 5
  Ep 25: Train 0.2591 | Val 0.2160 | Test 0.0254
EarlyStopping counter: 5 out of 5
Early stopping triggered!
/home/sangukchoi/Stroke_SDA/sda_training.py:615: FutureWarning: You are using `torch.load` with `weights_only=False` (the current default value), which uses the default pickle module implicitly. It is possible to construct malicious pickle data which will execute arbitrary code during unpickling (See https://github.com/pytorch/pytorch/blob/main/SECURITY.md#untrusted-models for more details). In a future release, the default value for `weights_only` will be flipped to `True`. This limits the functions that could be executed during unpickling. Arbitrary objects will no longer be allowed to be loaded via this mode unless they are explicitly allowlisted by the user via `torch.serialization.add_safe_globals`. We recommend you start setting `weights_only=True` for any use case where you don't have full control of the loaded file. Please open an issue on GitHub for any issues related to this experimental feature.
  model.load_state_dict(torch.load(os.path.join(out_dir, 'best_model.pth')))
Final Test MSE (Best Model): 0.0265
Finished. Status: Success
