Starting Run on GPU 0
Time: 2025-12-24 14:10:55

[Run Start] Subject S003 | Mode ['SDA'] | Params: L2.5_LS0.7_LR0.0001_E128_D64_Dr0.3

[Fold 1 - SDA] Train: ['S003_T003', 'S003_T006'], Test: S003_T002, Norm: fixed
/home/sangukchoi/.conda/envs/torch_gpu/lib/python3.10/site-packages/torch/nn/modules/rnn.py:123: UserWarning: dropout option adds dropout after all but last recurrent layer, so non-zero dropout expects num_layers greater than 1, but got dropout=0.3 and num_layers=1
  warnings.warn(
  Ep 1: Train 0.6034 | Val 0.4435 | Test 0.0391
Validation loss decreased (0.443500 --> 0.443500).  Saving model ...
  Ep 2: Train 0.3956 | Val 0.3432 | Test 0.0238
Validation loss decreased (0.343240 --> 0.343240).  Saving model ...
  Ep 3: Train 0.3502 | Val 0.2900 | Test 0.0298
Validation loss decreased (0.289968 --> 0.289968).  Saving model ...
  Ep 4: Train 0.3317 | Val 0.2582 | Test 0.0253
Validation loss decreased (0.258186 --> 0.258186).  Saving model ...
  Ep 5: Train 0.3301 | Val 0.2637 | Test 0.0337
EarlyStopping counter: 1 out of 5
  Ep 6: Train 0.3125 | Val 0.2713 | Test 0.0305
EarlyStopping counter: 2 out of 5
  Ep 7: Train 0.3143 | Val 0.2738 | Test 0.0258
EarlyStopping counter: 3 out of 5
  Ep 8: Train 0.3006 | Val 0.2371 | Test 0.0223
Validation loss decreased (0.237100 --> 0.237100).  Saving model ...
  Ep 9: Train 0.2949 | Val 0.2348 | Test 0.0230
Validation loss decreased (0.234752 --> 0.234752).  Saving model ...
  Ep 10: Train 0.3001 | Val 0.2424 | Test 0.0268
EarlyStopping counter: 1 out of 5
  Ep 11: Train 0.2870 | Val 0.2392 | Test 0.0249
EarlyStopping counter: 2 out of 5
  Ep 12: Train 0.2827 | Val 0.2447 | Test 0.0272
EarlyStopping counter: 3 out of 5
  Ep 13: Train 0.2840 | Val 0.2239 | Test 0.0212
Validation loss decreased (0.223891 --> 0.223891).  Saving model ...
  Ep 14: Train 0.2821 | Val 0.2382 | Test 0.0252
EarlyStopping counter: 1 out of 5
  Ep 15: Train 0.2826 | Val 0.2344 | Test 0.0221
EarlyStopping counter: 2 out of 5
  Ep 16: Train 0.2823 | Val 0.2234 | Test 0.0247
EarlyStopping counter: 3 out of 5
  Ep 17: Train 0.2806 | Val 0.2187 | Test 0.0224
Validation loss decreased (0.218664 --> 0.218664).  Saving model ...
  Ep 18: Train 0.2646 | Val 0.2343 | Test 0.0252
EarlyStopping counter: 1 out of 5
  Ep 19: Train 0.2686 | Val 0.2389 | Test 0.0261
EarlyStopping counter: 2 out of 5
  Ep 20: Train 0.2760 | Val 0.2339 | Test 0.0240
EarlyStopping counter: 3 out of 5
  Ep 21: Train 0.2664 | Val 0.2229 | Test 0.0210
EarlyStopping counter: 4 out of 5
  Ep 22: Train 0.2659 | Val 0.2294 | Test 0.0263
EarlyStopping counter: 5 out of 5
Early stopping triggered!
/home/sangukchoi/Stroke_SDA/sda_training.py:615: FutureWarning: You are using `torch.load` with `weights_only=False` (the current default value), which uses the default pickle module implicitly. It is possible to construct malicious pickle data which will execute arbitrary code during unpickling (See https://github.com/pytorch/pytorch/blob/main/SECURITY.md#untrusted-models for more details). In a future release, the default value for `weights_only` will be flipped to `True`. This limits the functions that could be executed during unpickling. Arbitrary objects will no longer be allowed to be loaded via this mode unless they are explicitly allowlisted by the user via `torch.serialization.add_safe_globals`. We recommend you start setting `weights_only=True` for any use case where you don't have full control of the loaded file. Please open an issue on GitHub for any issues related to this experimental feature.
  model.load_state_dict(torch.load(os.path.join(out_dir, 'best_model.pth')))
Final Test MSE (Best Model): 0.0224
Finished. Status: Success
