Starting Run on GPU 3
Time: 2025-12-24 15:01:52

[Run Start] Subject S003 | Mode ['SDA'] | Params: L3.0_LS0.7_LR0.0001_E64_D64_Dr0.3

[Fold 1 - SDA] Train: ['S003_T003', 'S003_T006'], Test: S003_T002, Norm: fixed
/home/sangukchoi/.conda/envs/torch_gpu/lib/python3.10/site-packages/torch/nn/modules/rnn.py:123: UserWarning: dropout option adds dropout after all but last recurrent layer, so non-zero dropout expects num_layers greater than 1, but got dropout=0.3 and num_layers=1
  warnings.warn(
  Ep 1: Train 0.9928 | Val 0.8738 | Test 0.2552
Validation loss decreased (0.873833 --> 0.873833).  Saving model ...
  Ep 2: Train 0.8294 | Val 0.7953 | Test 0.2351
Validation loss decreased (0.795277 --> 0.795277).  Saving model ...
  Ep 3: Train 0.7596 | Val 0.6460 | Test 0.1555
Validation loss decreased (0.646015 --> 0.646015).  Saving model ...
  Ep 4: Train 0.5901 | Val 0.4371 | Test 0.0442
Validation loss decreased (0.437061 --> 0.437061).  Saving model ...
  Ep 5: Train 0.4553 | Val 0.3431 | Test 0.0338
Validation loss decreased (0.343092 --> 0.343092).  Saving model ...
  Ep 6: Train 0.4224 | Val 0.3063 | Test 0.0269
Validation loss decreased (0.306305 --> 0.306305).  Saving model ...
  Ep 7: Train 0.3941 | Val 0.2927 | Test 0.0281
Validation loss decreased (0.292739 --> 0.292739).  Saving model ...
  Ep 8: Train 0.3827 | Val 0.2749 | Test 0.0258
Validation loss decreased (0.274914 --> 0.274914).  Saving model ...
  Ep 9: Train 0.3759 | Val 0.2617 | Test 0.0293
Validation loss decreased (0.261670 --> 0.261670).  Saving model ...
  Ep 10: Train 0.3670 | Val 0.2674 | Test 0.0260
EarlyStopping counter: 1 out of 5
  Ep 11: Train 0.3567 | Val 0.2578 | Test 0.0278
Validation loss decreased (0.257799 --> 0.257799).  Saving model ...
  Ep 12: Train 0.3553 | Val 0.2576 | Test 0.0283
EarlyStopping counter: 1 out of 5
  Ep 13: Train 0.3472 | Val 0.2486 | Test 0.0268
Validation loss decreased (0.248637 --> 0.248637).  Saving model ...
  Ep 14: Train 0.3435 | Val 0.2660 | Test 0.0330
EarlyStopping counter: 1 out of 5
  Ep 15: Train 0.3428 | Val 0.2484 | Test 0.0270
EarlyStopping counter: 2 out of 5
  Ep 16: Train 0.3376 | Val 0.2496 | Test 0.0248
EarlyStopping counter: 3 out of 5
  Ep 17: Train 0.3441 | Val 0.2401 | Test 0.0241
Validation loss decreased (0.240116 --> 0.240116).  Saving model ...
  Ep 18: Train 0.3415 | Val 0.2561 | Test 0.0275
EarlyStopping counter: 1 out of 5
  Ep 19: Train 0.3377 | Val 0.2408 | Test 0.0240
EarlyStopping counter: 2 out of 5
  Ep 20: Train 0.3396 | Val 0.2565 | Test 0.0279
EarlyStopping counter: 3 out of 5
  Ep 21: Train 0.3424 | Val 0.2562 | Test 0.0288
EarlyStopping counter: 4 out of 5
  Ep 22: Train 0.3431 | Val 0.2515 | Test 0.0243
EarlyStopping counter: 5 out of 5
Early stopping triggered!
/home/sangukchoi/Stroke_SDA/sda_training.py:615: FutureWarning: You are using `torch.load` with `weights_only=False` (the current default value), which uses the default pickle module implicitly. It is possible to construct malicious pickle data which will execute arbitrary code during unpickling (See https://github.com/pytorch/pytorch/blob/main/SECURITY.md#untrusted-models for more details). In a future release, the default value for `weights_only` will be flipped to `True`. This limits the functions that could be executed during unpickling. Arbitrary objects will no longer be allowed to be loaded via this mode unless they are explicitly allowlisted by the user via `torch.serialization.add_safe_globals`. We recommend you start setting `weights_only=True` for any use case where you don't have full control of the loaded file. Please open an issue on GitHub for any issues related to this experimental feature.
  model.load_state_dict(torch.load(os.path.join(out_dir, 'best_model.pth')))
Final Test MSE (Best Model): 0.0241
Finished. Status: Success
