Starting Run on GPU 0
Time: 2025-12-24 14:07:32

[Run Start] Subject S003 | Mode ['SDA'] | Params: L2.5_LS0.7_LR0.0001_E64_D32_Dr0.3

[Fold 1 - SDA] Train: ['S003_T003', 'S003_T006'], Test: S003_T002, Norm: fixed
/home/sangukchoi/.conda/envs/torch_gpu/lib/python3.10/site-packages/torch/nn/modules/rnn.py:123: UserWarning: dropout option adds dropout after all but last recurrent layer, so non-zero dropout expects num_layers greater than 1, but got dropout=0.3 and num_layers=1
  warnings.warn(
  Ep 1: Train 0.8164 | Val 0.5570 | Test 0.1155
Validation loss decreased (0.556962 --> 0.556962).  Saving model ...
  Ep 2: Train 0.4922 | Val 0.4148 | Test 0.0439
Validation loss decreased (0.414848 --> 0.414848).  Saving model ...
  Ep 3: Train 0.4161 | Val 0.3327 | Test 0.0330
Validation loss decreased (0.332705 --> 0.332705).  Saving model ...
  Ep 4: Train 0.3839 | Val 0.2953 | Test 0.0302
Validation loss decreased (0.295304 --> 0.295304).  Saving model ...
  Ep 5: Train 0.3722 | Val 0.2741 | Test 0.0272
Validation loss decreased (0.274078 --> 0.274078).  Saving model ...
  Ep 6: Train 0.3570 | Val 0.2783 | Test 0.0278
EarlyStopping counter: 1 out of 5
  Ep 7: Train 0.3459 | Val 0.2569 | Test 0.0245
Validation loss decreased (0.256930 --> 0.256930).  Saving model ...
  Ep 8: Train 0.3370 | Val 0.2895 | Test 0.0339
EarlyStopping counter: 1 out of 5
  Ep 9: Train 0.3332 | Val 0.2732 | Test 0.0307
EarlyStopping counter: 2 out of 5
  Ep 10: Train 0.3285 | Val 0.2746 | Test 0.0333
EarlyStopping counter: 3 out of 5
  Ep 11: Train 0.3286 | Val 0.2634 | Test 0.0265
EarlyStopping counter: 4 out of 5
  Ep 12: Train 0.3223 | Val 0.2604 | Test 0.0294
EarlyStopping counter: 5 out of 5
Early stopping triggered!
/home/sangukchoi/Stroke_SDA/sda_training.py:615: FutureWarning: You are using `torch.load` with `weights_only=False` (the current default value), which uses the default pickle module implicitly. It is possible to construct malicious pickle data which will execute arbitrary code during unpickling (See https://github.com/pytorch/pytorch/blob/main/SECURITY.md#untrusted-models for more details). In a future release, the default value for `weights_only` will be flipped to `True`. This limits the functions that could be executed during unpickling. Arbitrary objects will no longer be allowed to be loaded via this mode unless they are explicitly allowlisted by the user via `torch.serialization.add_safe_globals`. We recommend you start setting `weights_only=True` for any use case where you don't have full control of the loaded file. Please open an issue on GitHub for any issues related to this experimental feature.
  model.load_state_dict(torch.load(os.path.join(out_dir, 'best_model.pth')))
Final Test MSE (Best Model): 0.0245
Finished. Status: Success
