Starting Run on GPU 2
Time: 2025-12-24 14:49:46

[Run Start] Subject S003 | Mode ['SDA'] | Params: L3.0_LS0.5_LR0.0001_E128_D32_Dr0.3

[Fold 1 - SDA] Train: ['S003_T003', 'S003_T006'], Test: S003_T002, Norm: fixed
/home/sangukchoi/.conda/envs/torch_gpu/lib/python3.10/site-packages/torch/nn/modules/rnn.py:123: UserWarning: dropout option adds dropout after all but last recurrent layer, so non-zero dropout expects num_layers greater than 1, but got dropout=0.3 and num_layers=1
  warnings.warn(
  Ep 1: Train 0.7748 | Val 0.6239 | Test 0.1048
Validation loss decreased (0.623866 --> 0.623866).  Saving model ...
  Ep 2: Train 0.4865 | Val 0.3953 | Test 0.0333
Validation loss decreased (0.395290 --> 0.395290).  Saving model ...
  Ep 3: Train 0.4088 | Val 0.3209 | Test 0.0325
Validation loss decreased (0.320942 --> 0.320942).  Saving model ...
  Ep 4: Train 0.3892 | Val 0.3033 | Test 0.0297
Validation loss decreased (0.303320 --> 0.303320).  Saving model ...
  Ep 5: Train 0.3732 | Val 0.3011 | Test 0.0327
Validation loss decreased (0.301084 --> 0.301084).  Saving model ...
  Ep 6: Train 0.3589 | Val 0.2719 | Test 0.0266
Validation loss decreased (0.271880 --> 0.271880).  Saving model ...
  Ep 7: Train 0.3585 | Val 0.2736 | Test 0.0289
EarlyStopping counter: 1 out of 5
  Ep 8: Train 0.3489 | Val 0.2697 | Test 0.0306
Validation loss decreased (0.269709 --> 0.269709).  Saving model ...
  Ep 9: Train 0.3464 | Val 0.2741 | Test 0.0288
EarlyStopping counter: 1 out of 5
  Ep 10: Train 0.3454 | Val 0.2771 | Test 0.0306
EarlyStopping counter: 2 out of 5
  Ep 11: Train 0.3355 | Val 0.2676 | Test 0.0311
Validation loss decreased (0.267571 --> 0.267571).  Saving model ...
  Ep 12: Train 0.3406 | Val 0.2750 | Test 0.0288
EarlyStopping counter: 1 out of 5
  Ep 13: Train 0.3302 | Val 0.2544 | Test 0.0274
Validation loss decreased (0.254433 --> 0.254433).  Saving model ...
  Ep 14: Train 0.3312 | Val 0.2605 | Test 0.0279
EarlyStopping counter: 1 out of 5
  Ep 15: Train 0.3226 | Val 0.2482 | Test 0.0252
Validation loss decreased (0.248246 --> 0.248246).  Saving model ...
  Ep 16: Train 0.3279 | Val 0.2419 | Test 0.0252
Validation loss decreased (0.241853 --> 0.241853).  Saving model ...
  Ep 17: Train 0.3220 | Val 0.2535 | Test 0.0264
EarlyStopping counter: 1 out of 5
  Ep 18: Train 0.3204 | Val 0.2404 | Test 0.0255
Validation loss decreased (0.240422 --> 0.240422).  Saving model ...
  Ep 19: Train 0.3250 | Val 0.2463 | Test 0.0243
EarlyStopping counter: 1 out of 5
  Ep 20: Train 0.3205 | Val 0.2538 | Test 0.0284
EarlyStopping counter: 2 out of 5
  Ep 21: Train 0.3191 | Val 0.2524 | Test 0.0287
EarlyStopping counter: 3 out of 5
  Ep 22: Train 0.3118 | Val 0.2425 | Test 0.0250
EarlyStopping counter: 4 out of 5
  Ep 23: Train 0.3162 | Val 0.2605 | Test 0.0282
EarlyStopping counter: 5 out of 5
Early stopping triggered!
/home/sangukchoi/Stroke_SDA/sda_training.py:615: FutureWarning: You are using `torch.load` with `weights_only=False` (the current default value), which uses the default pickle module implicitly. It is possible to construct malicious pickle data which will execute arbitrary code during unpickling (See https://github.com/pytorch/pytorch/blob/main/SECURITY.md#untrusted-models for more details). In a future release, the default value for `weights_only` will be flipped to `True`. This limits the functions that could be executed during unpickling. Arbitrary objects will no longer be allowed to be loaded via this mode unless they are explicitly allowlisted by the user via `torch.serialization.add_safe_globals`. We recommend you start setting `weights_only=True` for any use case where you don't have full control of the loaded file. Please open an issue on GitHub for any issues related to this experimental feature.
  model.load_state_dict(torch.load(os.path.join(out_dir, 'best_model.pth')))
Final Test MSE (Best Model): 0.0255
Finished. Status: Success
