Starting Run on GPU 1
Time: 2025-12-24 14:47:57

[Run Start] Subject S003 | Mode ['SDA'] | Params: L3.0_LS0.5_LR0.0001_E64_D64_Dr0.3

[Fold 1 - SDA] Train: ['S003_T003', 'S003_T006'], Test: S003_T002, Norm: fixed
/home/sangukchoi/.conda/envs/torch_gpu/lib/python3.10/site-packages/torch/nn/modules/rnn.py:123: UserWarning: dropout option adds dropout after all but last recurrent layer, so non-zero dropout expects num_layers greater than 1, but got dropout=0.3 and num_layers=1
  warnings.warn(
  Ep 1: Train 0.9069 | Val 0.8966 | Test 0.2786
Validation loss decreased (0.896582 --> 0.896582).  Saving model ...
  Ep 2: Train 0.8053 | Val 0.8136 | Test 0.2758
Validation loss decreased (0.813571 --> 0.813571).  Saving model ...
  Ep 3: Train 0.7880 | Val 0.7777 | Test 0.2719
Validation loss decreased (0.777696 --> 0.777696).  Saving model ...
  Ep 4: Train 0.7766 | Val 0.7479 | Test 0.2683
Validation loss decreased (0.747919 --> 0.747919).  Saving model ...
  Ep 5: Train 0.7697 | Val 0.7148 | Test 0.2642
Validation loss decreased (0.714822 --> 0.714822).  Saving model ...
  Ep 6: Train 0.7542 | Val 0.6996 | Test 0.2612
Validation loss decreased (0.699586 --> 0.699586).  Saving model ...
  Ep 7: Train 0.7438 | Val 0.6916 | Test 0.2528
Validation loss decreased (0.691560 --> 0.691560).  Saving model ...
  Ep 8: Train 0.7279 | Val 0.6741 | Test 0.2464
Validation loss decreased (0.674117 --> 0.674117).  Saving model ...
  Ep 9: Train 0.7104 | Val 0.6486 | Test 0.2270
Validation loss decreased (0.648610 --> 0.648610).  Saving model ...
  Ep 10: Train 0.6663 | Val 0.5487 | Test 0.1658
Validation loss decreased (0.548743 --> 0.548743).  Saving model ...
  Ep 11: Train 0.5878 | Val 0.4788 | Test 0.0973
Validation loss decreased (0.478828 --> 0.478828).  Saving model ...
  Ep 12: Train 0.5281 | Val 0.4343 | Test 0.0690
Validation loss decreased (0.434321 --> 0.434321).  Saving model ...
  Ep 13: Train 0.5100 | Val 0.4400 | Test 0.0608
EarlyStopping counter: 1 out of 5
  Ep 14: Train 0.4931 | Val 0.3915 | Test 0.0509
Validation loss decreased (0.391466 --> 0.391466).  Saving model ...
  Ep 15: Train 0.4747 | Val 0.3920 | Test 0.0438
EarlyStopping counter: 1 out of 5
  Ep 16: Train 0.4635 | Val 0.3667 | Test 0.0460
Validation loss decreased (0.366656 --> 0.366656).  Saving model ...
  Ep 17: Train 0.4498 | Val 0.3899 | Test 0.0386
EarlyStopping counter: 1 out of 5
  Ep 18: Train 0.4326 | Val 0.3710 | Test 0.0338
EarlyStopping counter: 2 out of 5
  Ep 19: Train 0.4225 | Val 0.3318 | Test 0.0324
Validation loss decreased (0.331787 --> 0.331787).  Saving model ...
  Ep 20: Train 0.4155 | Val 0.3321 | Test 0.0339
EarlyStopping counter: 1 out of 5
  Ep 21: Train 0.3950 | Val 0.3120 | Test 0.0281
Validation loss decreased (0.311956 --> 0.311956).  Saving model ...
  Ep 22: Train 0.3821 | Val 0.3066 | Test 0.0261
Validation loss decreased (0.306578 --> 0.306578).  Saving model ...
  Ep 23: Train 0.3811 | Val 0.3050 | Test 0.0280
Validation loss decreased (0.304978 --> 0.304978).  Saving model ...
  Ep 24: Train 0.3691 | Val 0.2976 | Test 0.0301
Validation loss decreased (0.297605 --> 0.297605).  Saving model ...
  Ep 25: Train 0.3642 | Val 0.2811 | Test 0.0265
Validation loss decreased (0.281082 --> 0.281082).  Saving model ...
  Ep 26: Train 0.3602 | Val 0.2808 | Test 0.0233
EarlyStopping counter: 1 out of 5
  Ep 27: Train 0.3565 | Val 0.2805 | Test 0.0253
Validation loss decreased (0.280466 --> 0.280466).  Saving model ...
  Ep 28: Train 0.3489 | Val 0.2541 | Test 0.0252
Validation loss decreased (0.254089 --> 0.254089).  Saving model ...
  Ep 29: Train 0.3488 | Val 0.2610 | Test 0.0266
EarlyStopping counter: 1 out of 5
  Ep 30: Train 0.3390 | Val 0.2652 | Test 0.0251
EarlyStopping counter: 2 out of 5
  Ep 31: Train 0.3502 | Val 0.2661 | Test 0.0243
EarlyStopping counter: 3 out of 5
  Ep 32: Train 0.3408 | Val 0.2581 | Test 0.0245
EarlyStopping counter: 4 out of 5
  Ep 33: Train 0.3330 | Val 0.2558 | Test 0.0255
EarlyStopping counter: 5 out of 5
Early stopping triggered!
/home/sangukchoi/Stroke_SDA/sda_training.py:615: FutureWarning: You are using `torch.load` with `weights_only=False` (the current default value), which uses the default pickle module implicitly. It is possible to construct malicious pickle data which will execute arbitrary code during unpickling (See https://github.com/pytorch/pytorch/blob/main/SECURITY.md#untrusted-models for more details). In a future release, the default value for `weights_only` will be flipped to `True`. This limits the functions that could be executed during unpickling. Arbitrary objects will no longer be allowed to be loaded via this mode unless they are explicitly allowlisted by the user via `torch.serialization.add_safe_globals`. We recommend you start setting `weights_only=True` for any use case where you don't have full control of the loaded file. Please open an issue on GitHub for any issues related to this experimental feature.
  model.load_state_dict(torch.load(os.path.join(out_dir, 'best_model.pth')))
Final Test MSE (Best Model): 0.0252
Finished. Status: Success
