Starting Run on GPU 2
Time: 2025-12-24 11:17:36

[Run Start] Subject S003 | Mode ['SDA'] | Params: L0.5_LS0.7_LR0.0001_E128_D64_Dr0.3

[Fold 1 - SDA] Train: ['S003_T003', 'S003_T006'], Test: S003_T002, Norm: fixed
/home/sangukchoi/.conda/envs/torch_gpu/lib/python3.10/site-packages/torch/nn/modules/rnn.py:123: UserWarning: dropout option adds dropout after all but last recurrent layer, so non-zero dropout expects num_layers greater than 1, but got dropout=0.3 and num_layers=1
  warnings.warn(
  Ep 1: Train 0.2433 | Val 0.1231 | Test 0.0166
Validation loss decreased (0.123075 --> 0.123075).  Saving model ...
  Ep 2: Train 0.1304 | Val 0.1059 | Test 0.0176
Validation loss decreased (0.105889 --> 0.105889).  Saving model ...
  Ep 3: Train 0.1146 | Val 0.0904 | Test 0.0166
Validation loss decreased (0.090394 --> 0.090394).  Saving model ...
  Ep 4: Train 0.1061 | Val 0.0841 | Test 0.0178
Validation loss decreased (0.084118 --> 0.084118).  Saving model ...
  Ep 5: Train 0.1018 | Val 0.0803 | Test 0.0203
Validation loss decreased (0.080270 --> 0.080270).  Saving model ...
  Ep 6: Train 0.0974 | Val 0.0770 | Test 0.0202
Validation loss decreased (0.077004 --> 0.077004).  Saving model ...
  Ep 7: Train 0.0934 | Val 0.0770 | Test 0.0260
EarlyStopping counter: 1 out of 5
  Ep 8: Train 0.0904 | Val 0.0721 | Test 0.0221
Validation loss decreased (0.072051 --> 0.072051).  Saving model ...
  Ep 9: Train 0.0876 | Val 0.0696 | Test 0.0227
Validation loss decreased (0.069636 --> 0.069636).  Saving model ...
  Ep 10: Train 0.0863 | Val 0.0795 | Test 0.0323
EarlyStopping counter: 1 out of 5
  Ep 11: Train 0.0847 | Val 0.0654 | Test 0.0276
Validation loss decreased (0.065354 --> 0.065354).  Saving model ...
  Ep 12: Train 0.0829 | Val 0.0660 | Test 0.0300
EarlyStopping counter: 1 out of 5
  Ep 13: Train 0.0821 | Val 0.0645 | Test 0.0303
Validation loss decreased (0.064463 --> 0.064463).  Saving model ...
  Ep 14: Train 0.0819 | Val 0.0625 | Test 0.0291
Validation loss decreased (0.062481 --> 0.062481).  Saving model ...
  Ep 15: Train 0.0808 | Val 0.0632 | Test 0.0295
EarlyStopping counter: 1 out of 5
  Ep 16: Train 0.0788 | Val 0.0628 | Test 0.0288
EarlyStopping counter: 2 out of 5
  Ep 17: Train 0.0779 | Val 0.0629 | Test 0.0285
EarlyStopping counter: 3 out of 5
  Ep 18: Train 0.0778 | Val 0.0637 | Test 0.0300
EarlyStopping counter: 4 out of 5
  Ep 19: Train 0.0757 | Val 0.0608 | Test 0.0312
Validation loss decreased (0.060824 --> 0.060824).  Saving model ...
  Ep 20: Train 0.0751 | Val 0.0643 | Test 0.0320
EarlyStopping counter: 1 out of 5
  Ep 21: Train 0.0745 | Val 0.0564 | Test 0.0303
Validation loss decreased (0.056378 --> 0.056378).  Saving model ...
  Ep 22: Train 0.0734 | Val 0.0620 | Test 0.0294
EarlyStopping counter: 1 out of 5
  Ep 23: Train 0.0725 | Val 0.0573 | Test 0.0302
EarlyStopping counter: 2 out of 5
  Ep 24: Train 0.0729 | Val 0.0586 | Test 0.0334
EarlyStopping counter: 3 out of 5
  Ep 25: Train 0.0725 | Val 0.0617 | Test 0.0316
EarlyStopping counter: 4 out of 5
  Ep 26: Train 0.0708 | Val 0.0565 | Test 0.0338
EarlyStopping counter: 5 out of 5
Early stopping triggered!
/home/sangukchoi/Stroke_SDA/sda_training.py:615: FutureWarning: You are using `torch.load` with `weights_only=False` (the current default value), which uses the default pickle module implicitly. It is possible to construct malicious pickle data which will execute arbitrary code during unpickling (See https://github.com/pytorch/pytorch/blob/main/SECURITY.md#untrusted-models for more details). In a future release, the default value for `weights_only` will be flipped to `True`. This limits the functions that could be executed during unpickling. Arbitrary objects will no longer be allowed to be loaded via this mode unless they are explicitly allowlisted by the user via `torch.serialization.add_safe_globals`. We recommend you start setting `weights_only=True` for any use case where you don't have full control of the loaded file. Please open an issue on GitHub for any issues related to this experimental feature.
  model.load_state_dict(torch.load(os.path.join(out_dir, 'best_model.pth')))
Final Test MSE (Best Model): 0.0303
Finished. Status: Success
