Starting Run on GPU 1
Time: 2025-12-24 14:40:53

[Run Start] Subject S003 | Mode ['SDA'] | Params: L3.0_LS0.3_LR0.0001_E128_D64_Dr0.3

[Fold 1 - SDA] Train: ['S003_T003', 'S003_T006'], Test: S003_T002, Norm: fixed
/home/sangukchoi/.conda/envs/torch_gpu/lib/python3.10/site-packages/torch/nn/modules/rnn.py:123: UserWarning: dropout option adds dropout after all but last recurrent layer, so non-zero dropout expects num_layers greater than 1, but got dropout=0.3 and num_layers=1
  warnings.warn(
  Ep 1: Train 0.8113 | Val 0.7972 | Test 0.3203
Validation loss decreased (0.797184 --> 0.797184).  Saving model ...
  Ep 2: Train 0.7273 | Val 0.7416 | Test 0.3144
Validation loss decreased (0.741633 --> 0.741633).  Saving model ...
  Ep 3: Train 0.7297 | Val 0.7692 | Test 0.3281
EarlyStopping counter: 1 out of 5
  Ep 4: Train 0.7401 | Val 0.7469 | Test 0.3290
EarlyStopping counter: 2 out of 5
  Ep 5: Train 0.7726 | Val 0.6968 | Test 0.3742
Validation loss decreased (0.696825 --> 0.696825).  Saving model ...
  Ep 6: Train 1.3919 | Val -0.0430 | Test 0.4356
Validation loss decreased (-0.043038 --> -0.043038).  Saving model ...
  Ep 7: Train 1.0855 | Val 0.6013 | Test 0.4066
EarlyStopping counter: 1 out of 5
  Ep 8: Train 0.8200 | Val 0.5565 | Test 0.3930
EarlyStopping counter: 2 out of 5
  Ep 9: Train 0.7839 | Val -0.1444 | Test 0.3821
Validation loss decreased (-0.144410 --> -0.144410).  Saving model ...
  Ep 10: Train 0.8050 | Val 1.6234 | Test 0.4222
EarlyStopping counter: 1 out of 5
  Ep 11: Train 0.7601 | Val 1.3944 | Test 0.4054
EarlyStopping counter: 2 out of 5
  Ep 12: Train 0.7731 | Val -1.3359 | Test 0.3998
Validation loss decreased (-1.335925 --> -1.335925).  Saving model ...
  Ep 13: Train 0.9320 | Val 0.6424 | Test 0.3655
EarlyStopping counter: 1 out of 5
  Ep 14: Train 0.7680 | Val 0.0152 | Test 0.3647
EarlyStopping counter: 2 out of 5
  Ep 15: Train 0.8067 | Val 0.9039 | Test 0.3570
EarlyStopping counter: 3 out of 5
  Ep 16: Train 0.7670 | Val -0.5125 | Test 0.3674
EarlyStopping counter: 4 out of 5
  Ep 17: Train 0.8005 | Val -1.4691 | Test 0.3482
Validation loss decreased (-1.469087 --> -1.469087).  Saving model ...
  Ep 18: Train 0.8695 | Val 0.6195 | Test 0.3191
EarlyStopping counter: 1 out of 5
  Ep 19: Train 0.7112 | Val 1.3561 | Test 0.3230
EarlyStopping counter: 2 out of 5
  Ep 20: Train -1078.1959 | Val -125.7493 | Test 0.3739
Validation loss decreased (-125.749338 --> -125.749338).  Saving model ...
  Ep 21: Train 19.2215 | Val 55.0500 | Test 0.3688
EarlyStopping counter: 1 out of 5
  Ep 22: Train 8.8424 | Val -1496.6323 | Test 0.3604
Validation loss decreased (-1496.632325 --> -1496.632325).  Saving model ...
  Ep 23: Train 7.4350 | Val 13.5801 | Test 0.3548
EarlyStopping counter: 1 out of 5
  Ep 24: Train 3.4140 | Val -22.8488 | Test 0.3497
EarlyStopping counter: 2 out of 5
  Ep 25: Train 2.1837 | Val 95.3897 | Test 0.3548
EarlyStopping counter: 3 out of 5
  Ep 26: Train -1.0468 | Val 45.0116 | Test 0.3439
EarlyStopping counter: 4 out of 5
  Ep 27: Train -0.9869 | Val 20.4291 | Test 0.3353
EarlyStopping counter: 5 out of 5
Early stopping triggered!
/home/sangukchoi/Stroke_SDA/sda_training.py:615: FutureWarning: You are using `torch.load` with `weights_only=False` (the current default value), which uses the default pickle module implicitly. It is possible to construct malicious pickle data which will execute arbitrary code during unpickling (See https://github.com/pytorch/pytorch/blob/main/SECURITY.md#untrusted-models for more details). In a future release, the default value for `weights_only` will be flipped to `True`. This limits the functions that could be executed during unpickling. Arbitrary objects will no longer be allowed to be loaded via this mode unless they are explicitly allowlisted by the user via `torch.serialization.add_safe_globals`. We recommend you start setting `weights_only=True` for any use case where you don't have full control of the loaded file. Please open an issue on GitHub for any issues related to this experimental feature.
  model.load_state_dict(torch.load(os.path.join(out_dir, 'best_model.pth')))
Final Test MSE (Best Model): 0.3604
Finished. Status: Success
