Starting Run on GPU 3
Time: 2025-12-24 13:37:23

[Run Start] Subject S003 | Mode ['SDA'] | Params: L2.5_LS0.3_LR0.0001_E64_D32_Dr0.3

[Fold 1 - SDA] Train: ['S003_T003', 'S003_T006'], Test: S003_T002, Norm: fixed
/home/sangukchoi/.conda/envs/torch_gpu/lib/python3.10/site-packages/torch/nn/modules/rnn.py:123: UserWarning: dropout option adds dropout after all but last recurrent layer, so non-zero dropout expects num_layers greater than 1, but got dropout=0.3 and num_layers=1
  warnings.warn(
  Ep 1: Train 0.7265 | Val 0.5622 | Test 0.1936
Validation loss decreased (0.562154 --> 0.562154).  Saving model ...
  Ep 2: Train 0.4963 | Val 0.4030 | Test 0.0593
Validation loss decreased (0.403020 --> 0.403020).  Saving model ...
  Ep 3: Train 0.4080 | Val 0.3446 | Test 0.0353
Validation loss decreased (0.344645 --> 0.344645).  Saving model ...
  Ep 4: Train 0.3733 | Val 0.3176 | Test 0.0309
Validation loss decreased (0.317630 --> 0.317630).  Saving model ...
  Ep 5: Train 0.3525 | Val 0.2957 | Test 0.0277
Validation loss decreased (0.295748 --> 0.295748).  Saving model ...
  Ep 6: Train 0.3404 | Val 0.2848 | Test 0.0286
Validation loss decreased (0.284841 --> 0.284841).  Saving model ...
  Ep 7: Train 0.3260 | Val 0.2631 | Test 0.0249
Validation loss decreased (0.263120 --> 0.263120).  Saving model ...
  Ep 8: Train 0.3229 | Val 0.2571 | Test 0.0283
Validation loss decreased (0.257120 --> 0.257120).  Saving model ...
  Ep 9: Train 0.3140 | Val 0.2361 | Test 0.0251
Validation loss decreased (0.236092 --> 0.236092).  Saving model ...
  Ep 10: Train 0.3082 | Val 0.2387 | Test 0.0262
EarlyStopping counter: 1 out of 5
  Ep 11: Train 0.3001 | Val 0.2330 | Test 0.0275
Validation loss decreased (0.232962 --> 0.232962).  Saving model ...
  Ep 12: Train 0.2940 | Val 0.2183 | Test 0.0276
Validation loss decreased (0.218296 --> 0.218296).  Saving model ...
  Ep 13: Train 0.2914 | Val 0.2223 | Test 0.0287
EarlyStopping counter: 1 out of 5
  Ep 14: Train 0.2813 | Val 0.2188 | Test 0.0275
EarlyStopping counter: 2 out of 5
  Ep 15: Train 0.2816 | Val 0.2124 | Test 0.0267
Validation loss decreased (0.212435 --> 0.212435).  Saving model ...
  Ep 16: Train 0.2785 | Val 0.2073 | Test 0.0276
Validation loss decreased (0.207277 --> 0.207277).  Saving model ...
  Ep 17: Train 0.2778 | Val 0.2101 | Test 0.0264
EarlyStopping counter: 1 out of 5
  Ep 18: Train 0.2736 | Val 0.2122 | Test 0.0269
EarlyStopping counter: 2 out of 5
  Ep 19: Train 0.2769 | Val 0.2161 | Test 0.0315
EarlyStopping counter: 3 out of 5
  Ep 20: Train 0.2689 | Val 0.2069 | Test 0.0284
EarlyStopping counter: 4 out of 5
  Ep 21: Train 0.2674 | Val 0.2019 | Test 0.0273
Validation loss decreased (0.201888 --> 0.201888).  Saving model ...
  Ep 22: Train 0.2625 | Val 0.2064 | Test 0.0288
EarlyStopping counter: 1 out of 5
  Ep 23: Train 0.2614 | Val 0.1975 | Test 0.0264
Validation loss decreased (0.197496 --> 0.197496).  Saving model ...
  Ep 24: Train 0.2649 | Val 0.1845 | Test 0.0251
Validation loss decreased (0.184484 --> 0.184484).  Saving model ...
  Ep 25: Train 0.2610 | Val 0.1927 | Test 0.0267
EarlyStopping counter: 1 out of 5
  Ep 26: Train 0.2646 | Val 0.1857 | Test 0.0262
EarlyStopping counter: 2 out of 5
  Ep 27: Train 0.2669 | Val 0.1956 | Test 0.0275
EarlyStopping counter: 3 out of 5
  Ep 28: Train 0.2619 | Val 0.2096 | Test 0.0276
EarlyStopping counter: 4 out of 5
  Ep 29: Train 0.2631 | Val 0.1793 | Test 0.0262
Validation loss decreased (0.179324 --> 0.179324).  Saving model ...
  Ep 30: Train 0.2583 | Val 0.1955 | Test 0.0253
EarlyStopping counter: 1 out of 5
  Ep 31: Train 0.2589 | Val 0.1944 | Test 0.0252
EarlyStopping counter: 2 out of 5
  Ep 32: Train 0.2637 | Val 0.1828 | Test 0.0272
EarlyStopping counter: 3 out of 5
  Ep 33: Train 0.2540 | Val 0.1999 | Test 0.0292
EarlyStopping counter: 4 out of 5
  Ep 34: Train 0.2517 | Val 0.1986 | Test 0.0301
EarlyStopping counter: 5 out of 5
Early stopping triggered!
/home/sangukchoi/Stroke_SDA/sda_training.py:615: FutureWarning: You are using `torch.load` with `weights_only=False` (the current default value), which uses the default pickle module implicitly. It is possible to construct malicious pickle data which will execute arbitrary code during unpickling (See https://github.com/pytorch/pytorch/blob/main/SECURITY.md#untrusted-models for more details). In a future release, the default value for `weights_only` will be flipped to `True`. This limits the functions that could be executed during unpickling. Arbitrary objects will no longer be allowed to be loaded via this mode unless they are explicitly allowlisted by the user via `torch.serialization.add_safe_globals`. We recommend you start setting `weights_only=True` for any use case where you don't have full control of the loaded file. Please open an issue on GitHub for any issues related to this experimental feature.
  model.load_state_dict(torch.load(os.path.join(out_dir, 'best_model.pth')))
Final Test MSE (Best Model): 0.0262
Finished. Status: Success
