Starting Run on GPU 1
Time: 2025-12-24 12:24:04

[Run Start] Subject S003 | Mode ['SDA'] | Params: L1.0_LS1.0_LR0.0001_E256_D64_Dr0.3

[Fold 1 - SDA] Train: ['S003_T003', 'S003_T006'], Test: S003_T002, Norm: fixed
/home/sangukchoi/.conda/envs/torch_gpu/lib/python3.10/site-packages/torch/nn/modules/rnn.py:123: UserWarning: dropout option adds dropout after all but last recurrent layer, so non-zero dropout expects num_layers greater than 1, but got dropout=0.3 and num_layers=1
  warnings.warn(
  Ep 1: Train 0.3018 | Val 0.2052 | Test 0.0216
Validation loss decreased (0.205211 --> 0.205211).  Saving model ...
  Ep 2: Train 0.1912 | Val 0.1606 | Test 0.0257
Validation loss decreased (0.160553 --> 0.160553).  Saving model ...
  Ep 3: Train 0.1700 | Val 0.1399 | Test 0.0216
Validation loss decreased (0.139904 --> 0.139904).  Saving model ...
  Ep 4: Train 0.1594 | Val 0.1274 | Test 0.0227
Validation loss decreased (0.127367 --> 0.127367).  Saving model ...
  Ep 5: Train 0.1570 | Val 0.1155 | Test 0.0214
Validation loss decreased (0.115467 --> 0.115467).  Saving model ...
  Ep 6: Train 0.1513 | Val 0.1303 | Test 0.0238
EarlyStopping counter: 1 out of 5
  Ep 7: Train 0.1472 | Val 0.1188 | Test 0.0268
EarlyStopping counter: 2 out of 5
  Ep 8: Train 0.1433 | Val 0.1092 | Test 0.0252
Validation loss decreased (0.109203 --> 0.109203).  Saving model ...
  Ep 9: Train 0.1438 | Val 0.1190 | Test 0.0300
EarlyStopping counter: 1 out of 5
  Ep 10: Train 0.1417 | Val 0.1127 | Test 0.0279
EarlyStopping counter: 2 out of 5
  Ep 11: Train 0.1392 | Val 0.1055 | Test 0.0272
Validation loss decreased (0.105539 --> 0.105539).  Saving model ...
  Ep 12: Train 0.1337 | Val 0.1101 | Test 0.0327
EarlyStopping counter: 1 out of 5
  Ep 13: Train 0.1372 | Val 0.1020 | Test 0.0314
Validation loss decreased (0.102009 --> 0.102009).  Saving model ...
  Ep 14: Train 0.1324 | Val 0.1198 | Test 0.0341
EarlyStopping counter: 1 out of 5
  Ep 15: Train 0.1340 | Val 0.1043 | Test 0.0331
EarlyStopping counter: 2 out of 5
  Ep 16: Train 0.1308 | Val 0.1114 | Test 0.0384
EarlyStopping counter: 3 out of 5
  Ep 17: Train 0.1276 | Val 0.0940 | Test 0.0337
Validation loss decreased (0.093976 --> 0.093976).  Saving model ...
  Ep 18: Train 0.1277 | Val 0.0981 | Test 0.0401
EarlyStopping counter: 1 out of 5
  Ep 19: Train 0.1246 | Val 0.0956 | Test 0.0376
EarlyStopping counter: 2 out of 5
  Ep 20: Train 0.1245 | Val 0.0974 | Test 0.0336
EarlyStopping counter: 3 out of 5
  Ep 21: Train 0.1225 | Val 0.0957 | Test 0.0395
EarlyStopping counter: 4 out of 5
  Ep 22: Train 0.1246 | Val 0.0962 | Test 0.0343
EarlyStopping counter: 5 out of 5
Early stopping triggered!
/home/sangukchoi/Stroke_SDA/sda_training.py:615: FutureWarning: You are using `torch.load` with `weights_only=False` (the current default value), which uses the default pickle module implicitly. It is possible to construct malicious pickle data which will execute arbitrary code during unpickling (See https://github.com/pytorch/pytorch/blob/main/SECURITY.md#untrusted-models for more details). In a future release, the default value for `weights_only` will be flipped to `True`. This limits the functions that could be executed during unpickling. Arbitrary objects will no longer be allowed to be loaded via this mode unless they are explicitly allowlisted by the user via `torch.serialization.add_safe_globals`. We recommend you start setting `weights_only=True` for any use case where you don't have full control of the loaded file. Please open an issue on GitHub for any issues related to this experimental feature.
  model.load_state_dict(torch.load(os.path.join(out_dir, 'best_model.pth')))
Final Test MSE (Best Model): 0.0337
Finished. Status: Success
