Starting Run on GPU 1
Time: 2025-12-24 12:44:56

[Run Start] Subject S003 | Mode ['SDA'] | Params: L1.5_LS1.0_LR0.0001_E64_D32_Dr0.3

[Fold 1 - SDA] Train: ['S003_T003', 'S003_T006'], Test: S003_T002, Norm: fixed
/home/sangukchoi/.conda/envs/torch_gpu/lib/python3.10/site-packages/torch/nn/modules/rnn.py:123: UserWarning: dropout option adds dropout after all but last recurrent layer, so non-zero dropout expects num_layers greater than 1, but got dropout=0.3 and num_layers=1
  warnings.warn(
  Ep 1: Train 0.6827 | Val 0.3104 | Test 0.0225
Validation loss decreased (0.310430 --> 0.310430).  Saving model ...
  Ep 2: Train 0.3047 | Val 0.2364 | Test 0.0196
Validation loss decreased (0.236409 --> 0.236409).  Saving model ...
  Ep 3: Train 0.2645 | Val 0.2074 | Test 0.0208
Validation loss decreased (0.207394 --> 0.207394).  Saving model ...
  Ep 4: Train 0.2536 | Val 0.2003 | Test 0.0219
Validation loss decreased (0.200290 --> 0.200290).  Saving model ...
  Ep 5: Train 0.2383 | Val 0.1938 | Test 0.0223
Validation loss decreased (0.193789 --> 0.193789).  Saving model ...
  Ep 6: Train 0.2337 | Val 0.1905 | Test 0.0259
Validation loss decreased (0.190550 --> 0.190550).  Saving model ...
  Ep 7: Train 0.2311 | Val 0.1829 | Test 0.0219
Validation loss decreased (0.182859 --> 0.182859).  Saving model ...
  Ep 8: Train 0.2257 | Val 0.1822 | Test 0.0261
Validation loss decreased (0.182239 --> 0.182239).  Saving model ...
  Ep 9: Train 0.2206 | Val 0.1732 | Test 0.0207
Validation loss decreased (0.173239 --> 0.173239).  Saving model ...
  Ep 10: Train 0.2174 | Val 0.1674 | Test 0.0203
Validation loss decreased (0.167422 --> 0.167422).  Saving model ...
  Ep 11: Train 0.2137 | Val 0.1651 | Test 0.0209
Validation loss decreased (0.165083 --> 0.165083).  Saving model ...
  Ep 12: Train 0.2119 | Val 0.1637 | Test 0.0231
Validation loss decreased (0.163670 --> 0.163670).  Saving model ...
  Ep 13: Train 0.2079 | Val 0.1617 | Test 0.0283
Validation loss decreased (0.161684 --> 0.161684).  Saving model ...
  Ep 14: Train 0.2058 | Val 0.1587 | Test 0.0216
Validation loss decreased (0.158650 --> 0.158650).  Saving model ...
  Ep 15: Train 0.2040 | Val 0.1502 | Test 0.0215
Validation loss decreased (0.150195 --> 0.150195).  Saving model ...
  Ep 16: Train 0.1986 | Val 0.1556 | Test 0.0272
EarlyStopping counter: 1 out of 5
  Ep 17: Train 0.1981 | Val 0.1604 | Test 0.0256
EarlyStopping counter: 2 out of 5
  Ep 18: Train 0.1925 | Val 0.1533 | Test 0.0225
EarlyStopping counter: 3 out of 5
  Ep 19: Train 0.1925 | Val 0.1479 | Test 0.0198
Validation loss decreased (0.147865 --> 0.147865).  Saving model ...
  Ep 20: Train 0.1899 | Val 0.1476 | Test 0.0216
EarlyStopping counter: 1 out of 5
  Ep 21: Train 0.1888 | Val 0.1418 | Test 0.0203
Validation loss decreased (0.141839 --> 0.141839).  Saving model ...
  Ep 22: Train 0.1876 | Val 0.1442 | Test 0.0210
EarlyStopping counter: 1 out of 5
  Ep 23: Train 0.1878 | Val 0.1435 | Test 0.0203
EarlyStopping counter: 2 out of 5
  Ep 24: Train 0.1836 | Val 0.1455 | Test 0.0235
EarlyStopping counter: 3 out of 5
  Ep 25: Train 0.1819 | Val 0.1641 | Test 0.0236
EarlyStopping counter: 4 out of 5
  Ep 26: Train 0.1881 | Val 0.1438 | Test 0.0211
EarlyStopping counter: 5 out of 5
Early stopping triggered!
/home/sangukchoi/Stroke_SDA/sda_training.py:615: FutureWarning: You are using `torch.load` with `weights_only=False` (the current default value), which uses the default pickle module implicitly. It is possible to construct malicious pickle data which will execute arbitrary code during unpickling (See https://github.com/pytorch/pytorch/blob/main/SECURITY.md#untrusted-models for more details). In a future release, the default value for `weights_only` will be flipped to `True`. This limits the functions that could be executed during unpickling. Arbitrary objects will no longer be allowed to be loaded via this mode unless they are explicitly allowlisted by the user via `torch.serialization.add_safe_globals`. We recommend you start setting `weights_only=True` for any use case where you don't have full control of the loaded file. Please open an issue on GitHub for any issues related to this experimental feature.
  model.load_state_dict(torch.load(os.path.join(out_dir, 'best_model.pth')))
Final Test MSE (Best Model): 0.0203
Finished. Status: Success
