Starting Run on GPU 1
Time: 2025-12-24 13:29:40

[Run Start] Subject S003 | Mode ['SDA'] | Params: L2.0_LS1.0_LR0.0001_E128_D128_Dr0.3

[Fold 1 - SDA] Train: ['S003_T003', 'S003_T006'], Test: S003_T002, Norm: fixed
/home/sangukchoi/.conda/envs/torch_gpu/lib/python3.10/site-packages/torch/nn/modules/rnn.py:123: UserWarning: dropout option adds dropout after all but last recurrent layer, so non-zero dropout expects num_layers greater than 1, but got dropout=0.3 and num_layers=1
  warnings.warn(
  Ep 1: Train 0.5560 | Val 0.3556 | Test 0.0189
Validation loss decreased (0.355601 --> 0.355601).  Saving model ...
  Ep 2: Train 0.3323 | Val 0.2524 | Test 0.0227
Validation loss decreased (0.252400 --> 0.252400).  Saving model ...
  Ep 3: Train 0.3026 | Val 0.2417 | Test 0.0251
Validation loss decreased (0.241733 --> 0.241733).  Saving model ...
  Ep 4: Train 0.2887 | Val 0.2293 | Test 0.0234
Validation loss decreased (0.229311 --> 0.229311).  Saving model ...
  Ep 5: Train 0.2796 | Val 0.2165 | Test 0.0228
Validation loss decreased (0.216491 --> 0.216491).  Saving model ...
  Ep 6: Train 0.2812 | Val 0.2275 | Test 0.0232
EarlyStopping counter: 1 out of 5
  Ep 7: Train 0.2644 | Val 0.2107 | Test 0.0252
Validation loss decreased (0.210663 --> 0.210663).  Saving model ...
  Ep 8: Train 0.2557 | Val 0.2082 | Test 0.0243
Validation loss decreased (0.208214 --> 0.208214).  Saving model ...
  Ep 9: Train 0.2542 | Val 0.2044 | Test 0.0208
Validation loss decreased (0.204414 --> 0.204414).  Saving model ...
  Ep 10: Train 0.2537 | Val 0.2199 | Test 0.0261
EarlyStopping counter: 1 out of 5
  Ep 11: Train 0.2424 | Val 0.2027 | Test 0.0234
Validation loss decreased (0.202696 --> 0.202696).  Saving model ...
  Ep 12: Train 0.2418 | Val 0.2004 | Test 0.0214
Validation loss decreased (0.200433 --> 0.200433).  Saving model ...
  Ep 13: Train 0.2403 | Val 0.1971 | Test 0.0202
Validation loss decreased (0.197110 --> 0.197110).  Saving model ...
  Ep 14: Train 0.2367 | Val 0.1978 | Test 0.0227
EarlyStopping counter: 1 out of 5
  Ep 15: Train 0.2322 | Val 0.1889 | Test 0.0210
Validation loss decreased (0.188943 --> 0.188943).  Saving model ...
  Ep 16: Train 0.2349 | Val 0.1841 | Test 0.0213
Validation loss decreased (0.184097 --> 0.184097).  Saving model ...
  Ep 17: Train 0.2300 | Val 0.1985 | Test 0.0257
EarlyStopping counter: 1 out of 5
  Ep 18: Train 0.2285 | Val 0.1772 | Test 0.0218
Validation loss decreased (0.177210 --> 0.177210).  Saving model ...
  Ep 19: Train 0.2315 | Val 0.1933 | Test 0.0233
EarlyStopping counter: 1 out of 5
  Ep 20: Train 0.2292 | Val 0.1853 | Test 0.0227
EarlyStopping counter: 2 out of 5
  Ep 21: Train 0.2230 | Val 0.1991 | Test 0.0248
EarlyStopping counter: 3 out of 5
  Ep 22: Train 0.2274 | Val 0.1836 | Test 0.0199
EarlyStopping counter: 4 out of 5
  Ep 23: Train 0.2241 | Val 0.1855 | Test 0.0227
EarlyStopping counter: 5 out of 5
Early stopping triggered!
/home/sangukchoi/Stroke_SDA/sda_training.py:615: FutureWarning: You are using `torch.load` with `weights_only=False` (the current default value), which uses the default pickle module implicitly. It is possible to construct malicious pickle data which will execute arbitrary code during unpickling (See https://github.com/pytorch/pytorch/blob/main/SECURITY.md#untrusted-models for more details). In a future release, the default value for `weights_only` will be flipped to `True`. This limits the functions that could be executed during unpickling. Arbitrary objects will no longer be allowed to be loaded via this mode unless they are explicitly allowlisted by the user via `torch.serialization.add_safe_globals`. We recommend you start setting `weights_only=True` for any use case where you don't have full control of the loaded file. Please open an issue on GitHub for any issues related to this experimental feature.
  model.load_state_dict(torch.load(os.path.join(out_dir, 'best_model.pth')))
Final Test MSE (Best Model): 0.0218
Finished. Status: Success
