Starting Run on GPU 1
Time: 2025-12-24 14:23:07

[Run Start] Subject S003 | Mode ['SDA'] | Params: L2.5_LS1.0_LR0.0001_E128_D32_Dr0.3

[Fold 1 - SDA] Train: ['S003_T003', 'S003_T006'], Test: S003_T002, Norm: fixed
/home/sangukchoi/.conda/envs/torch_gpu/lib/python3.10/site-packages/torch/nn/modules/rnn.py:123: UserWarning: dropout option adds dropout after all but last recurrent layer, so non-zero dropout expects num_layers greater than 1, but got dropout=0.3 and num_layers=1
  warnings.warn(
  Ep 1: Train 0.7280 | Val 0.3492 | Test 0.0265
Validation loss decreased (0.349176 --> 0.349176).  Saving model ...
  Ep 2: Train 0.3919 | Val 0.2802 | Test 0.0267
Validation loss decreased (0.280203 --> 0.280203).  Saving model ...
  Ep 3: Train 0.3488 | Val 0.2841 | Test 0.0281
EarlyStopping counter: 1 out of 5
  Ep 4: Train 0.3388 | Val 0.2559 | Test 0.0242
Validation loss decreased (0.255949 --> 0.255949).  Saving model ...
  Ep 5: Train 0.3226 | Val 0.2527 | Test 0.0238
Validation loss decreased (0.252680 --> 0.252680).  Saving model ...
  Ep 6: Train 0.3173 | Val 0.2506 | Test 0.0279
Validation loss decreased (0.250567 --> 0.250567).  Saving model ...
  Ep 7: Train 0.3155 | Val 0.2355 | Test 0.0266
Validation loss decreased (0.235490 --> 0.235490).  Saving model ...
  Ep 8: Train 0.3023 | Val 0.2360 | Test 0.0230
EarlyStopping counter: 1 out of 5
  Ep 9: Train 0.3064 | Val 0.2309 | Test 0.0230
Validation loss decreased (0.230852 --> 0.230852).  Saving model ...
  Ep 10: Train 0.3025 | Val 0.2410 | Test 0.0289
EarlyStopping counter: 1 out of 5
  Ep 11: Train 0.2938 | Val 0.2344 | Test 0.0244
EarlyStopping counter: 2 out of 5
  Ep 12: Train 0.2941 | Val 0.2432 | Test 0.0324
EarlyStopping counter: 3 out of 5
  Ep 13: Train 0.2915 | Val 0.2313 | Test 0.0223
EarlyStopping counter: 4 out of 5
  Ep 14: Train 0.2836 | Val 0.2284 | Test 0.0243
Validation loss decreased (0.228434 --> 0.228434).  Saving model ...
  Ep 15: Train 0.2863 | Val 0.2379 | Test 0.0233
EarlyStopping counter: 1 out of 5
  Ep 16: Train 0.2863 | Val 0.2292 | Test 0.0238
EarlyStopping counter: 2 out of 5
  Ep 17: Train 0.2785 | Val 0.2203 | Test 0.0224
Validation loss decreased (0.220270 --> 0.220270).  Saving model ...
  Ep 18: Train 0.2810 | Val 0.2177 | Test 0.0221
Validation loss decreased (0.217697 --> 0.217697).  Saving model ...
  Ep 19: Train 0.2852 | Val 0.2163 | Test 0.0230
Validation loss decreased (0.216260 --> 0.216260).  Saving model ...
  Ep 20: Train 0.2761 | Val 0.2121 | Test 0.0205
Validation loss decreased (0.212147 --> 0.212147).  Saving model ...
  Ep 21: Train 0.2734 | Val 0.2186 | Test 0.0230
EarlyStopping counter: 1 out of 5
  Ep 22: Train 0.2767 | Val 0.2006 | Test 0.0211
Validation loss decreased (0.200640 --> 0.200640).  Saving model ...
  Ep 23: Train 0.2748 | Val 0.2099 | Test 0.0221
EarlyStopping counter: 1 out of 5
  Ep 24: Train 0.2755 | Val 0.2013 | Test 0.0226
EarlyStopping counter: 2 out of 5
  Ep 25: Train 0.2705 | Val 0.2075 | Test 0.0253
EarlyStopping counter: 3 out of 5
  Ep 26: Train 0.2677 | Val 0.2103 | Test 0.0232
EarlyStopping counter: 4 out of 5
  Ep 27: Train 0.2729 | Val 0.2049 | Test 0.0245
EarlyStopping counter: 5 out of 5
Early stopping triggered!
/home/sangukchoi/Stroke_SDA/sda_training.py:615: FutureWarning: You are using `torch.load` with `weights_only=False` (the current default value), which uses the default pickle module implicitly. It is possible to construct malicious pickle data which will execute arbitrary code during unpickling (See https://github.com/pytorch/pytorch/blob/main/SECURITY.md#untrusted-models for more details). In a future release, the default value for `weights_only` will be flipped to `True`. This limits the functions that could be executed during unpickling. Arbitrary objects will no longer be allowed to be loaded via this mode unless they are explicitly allowlisted by the user via `torch.serialization.add_safe_globals`. We recommend you start setting `weights_only=True` for any use case where you don't have full control of the loaded file. Please open an issue on GitHub for any issues related to this experimental feature.
  model.load_state_dict(torch.load(os.path.join(out_dir, 'best_model.pth')))
Final Test MSE (Best Model): 0.0211
Finished. Status: Success
