Starting Run on GPU 2
Time: 2025-12-24 12:00:26

[Run Start] Subject S003 | Mode ['SDA'] | Params: L1.0_LS0.7_LR0.0001_E128_D128_Dr0.3

[Fold 1 - SDA] Train: ['S003_T003', 'S003_T006'], Test: S003_T002, Norm: fixed
/home/sangukchoi/.conda/envs/torch_gpu/lib/python3.10/site-packages/torch/nn/modules/rnn.py:123: UserWarning: dropout option adds dropout after all but last recurrent layer, so non-zero dropout expects num_layers greater than 1, but got dropout=0.3 and num_layers=1
  warnings.warn(
  Ep 1: Train 0.3318 | Val 0.1961 | Test 0.0176
Validation loss decreased (0.196137 --> 0.196137).  Saving model ...
  Ep 2: Train 0.1933 | Val 0.1600 | Test 0.0234
Validation loss decreased (0.159976 --> 0.159976).  Saving model ...
  Ep 3: Train 0.1729 | Val 0.1415 | Test 0.0240
Validation loss decreased (0.141495 --> 0.141495).  Saving model ...
  Ep 4: Train 0.1657 | Val 0.1265 | Test 0.0239
Validation loss decreased (0.126486 --> 0.126486).  Saving model ...
  Ep 5: Train 0.1580 | Val 0.1313 | Test 0.0230
EarlyStopping counter: 1 out of 5
  Ep 6: Train 0.1524 | Val 0.1293 | Test 0.0259
EarlyStopping counter: 2 out of 5
  Ep 7: Train 0.1493 | Val 0.1297 | Test 0.0278
EarlyStopping counter: 3 out of 5
  Ep 8: Train 0.1468 | Val 0.1184 | Test 0.0248
Validation loss decreased (0.118431 --> 0.118431).  Saving model ...
  Ep 9: Train 0.1419 | Val 0.1138 | Test 0.0220
Validation loss decreased (0.113751 --> 0.113751).  Saving model ...
  Ep 10: Train 0.1412 | Val 0.1094 | Test 0.0220
Validation loss decreased (0.109352 --> 0.109352).  Saving model ...
  Ep 11: Train 0.1372 | Val 0.1085 | Test 0.0238
Validation loss decreased (0.108476 --> 0.108476).  Saving model ...
  Ep 12: Train 0.1395 | Val 0.1039 | Test 0.0228
Validation loss decreased (0.103913 --> 0.103913).  Saving model ...
  Ep 13: Train 0.1348 | Val 0.1026 | Test 0.0247
Validation loss decreased (0.102628 --> 0.102628).  Saving model ...
  Ep 14: Train 0.1326 | Val 0.1096 | Test 0.0230
EarlyStopping counter: 1 out of 5
  Ep 15: Train 0.1312 | Val 0.1036 | Test 0.0301
EarlyStopping counter: 2 out of 5
  Ep 16: Train 0.1322 | Val 0.0977 | Test 0.0244
Validation loss decreased (0.097656 --> 0.097656).  Saving model ...
  Ep 17: Train 0.1298 | Val 0.0941 | Test 0.0223
Validation loss decreased (0.094059 --> 0.094059).  Saving model ...
  Ep 18: Train 0.1300 | Val 0.0975 | Test 0.0257
EarlyStopping counter: 1 out of 5
  Ep 19: Train 0.1254 | Val 0.1090 | Test 0.0322
EarlyStopping counter: 2 out of 5
  Ep 20: Train 0.1258 | Val 0.0983 | Test 0.0267
EarlyStopping counter: 3 out of 5
  Ep 21: Train 0.1271 | Val 0.0957 | Test 0.0283
EarlyStopping counter: 4 out of 5
  Ep 22: Train 0.1231 | Val 0.1001 | Test 0.0299
EarlyStopping counter: 5 out of 5
Early stopping triggered!
/home/sangukchoi/Stroke_SDA/sda_training.py:615: FutureWarning: You are using `torch.load` with `weights_only=False` (the current default value), which uses the default pickle module implicitly. It is possible to construct malicious pickle data which will execute arbitrary code during unpickling (See https://github.com/pytorch/pytorch/blob/main/SECURITY.md#untrusted-models for more details). In a future release, the default value for `weights_only` will be flipped to `True`. This limits the functions that could be executed during unpickling. Arbitrary objects will no longer be allowed to be loaded via this mode unless they are explicitly allowlisted by the user via `torch.serialization.add_safe_globals`. We recommend you start setting `weights_only=True` for any use case where you don't have full control of the loaded file. Please open an issue on GitHub for any issues related to this experimental feature.
  model.load_state_dict(torch.load(os.path.join(out_dir, 'best_model.pth')))
Final Test MSE (Best Model): 0.0223
Finished. Status: Success
