Starting Run on GPU 0
Time: 2025-12-24 13:56:46

[Run Start] Subject S003 | Mode ['SDA'] | Params: L2.5_LS0.5_LR0.0001_E64_D64_Dr0.3

[Fold 1 - SDA] Train: ['S003_T003', 'S003_T006'], Test: S003_T002, Norm: fixed
/home/sangukchoi/.conda/envs/torch_gpu/lib/python3.10/site-packages/torch/nn/modules/rnn.py:123: UserWarning: dropout option adds dropout after all but last recurrent layer, so non-zero dropout expects num_layers greater than 1, but got dropout=0.3 and num_layers=1
  warnings.warn(
  Ep 1: Train 0.7431 | Val 0.5480 | Test 0.0842
Validation loss decreased (0.548037 --> 0.548037).  Saving model ...
  Ep 2: Train 0.4409 | Val 0.3496 | Test 0.0359
Validation loss decreased (0.349554 --> 0.349554).  Saving model ...
  Ep 3: Train 0.3663 | Val 0.2845 | Test 0.0286
Validation loss decreased (0.284512 --> 0.284512).  Saving model ...
  Ep 4: Train 0.3403 | Val 0.2518 | Test 0.0248
Validation loss decreased (0.251774 --> 0.251774).  Saving model ...
  Ep 5: Train 0.3203 | Val 0.2445 | Test 0.0229
Validation loss decreased (0.244529 --> 0.244529).  Saving model ...
  Ep 6: Train 0.3176 | Val 0.2301 | Test 0.0222
Validation loss decreased (0.230095 --> 0.230095).  Saving model ...
  Ep 7: Train 0.3098 | Val 0.2275 | Test 0.0256
Validation loss decreased (0.227542 --> 0.227542).  Saving model ...
  Ep 8: Train 0.2999 | Val 0.2140 | Test 0.0227
Validation loss decreased (0.213963 --> 0.213963).  Saving model ...
  Ep 9: Train 0.3067 | Val 0.2311 | Test 0.0247
EarlyStopping counter: 1 out of 5
  Ep 10: Train 0.3030 | Val 0.2292 | Test 0.0278
EarlyStopping counter: 2 out of 5
  Ep 11: Train 0.2975 | Val 0.2242 | Test 0.0230
EarlyStopping counter: 3 out of 5
  Ep 12: Train 0.2935 | Val 0.2181 | Test 0.0259
EarlyStopping counter: 4 out of 5
  Ep 13: Train 0.2894 | Val 0.2167 | Test 0.0276
EarlyStopping counter: 5 out of 5
Early stopping triggered!
/home/sangukchoi/Stroke_SDA/sda_training.py:615: FutureWarning: You are using `torch.load` with `weights_only=False` (the current default value), which uses the default pickle module implicitly. It is possible to construct malicious pickle data which will execute arbitrary code during unpickling (See https://github.com/pytorch/pytorch/blob/main/SECURITY.md#untrusted-models for more details). In a future release, the default value for `weights_only` will be flipped to `True`. This limits the functions that could be executed during unpickling. Arbitrary objects will no longer be allowed to be loaded via this mode unless they are explicitly allowlisted by the user via `torch.serialization.add_safe_globals`. We recommend you start setting `weights_only=True` for any use case where you don't have full control of the loaded file. Please open an issue on GitHub for any issues related to this experimental feature.
  model.load_state_dict(torch.load(os.path.join(out_dir, 'best_model.pth')))
Final Test MSE (Best Model): 0.0227
Finished. Status: Success
