Starting Run on GPU 0
Time: 2025-12-24 14:55:00

[Run Start] Subject S003 | Mode ['SDA'] | Params: L3.0_LS0.5_LR0.0001_E128_D128_Dr0.3

[Fold 1 - SDA] Train: ['S003_T003', 'S003_T006'], Test: S003_T002, Norm: fixed
/home/sangukchoi/.conda/envs/torch_gpu/lib/python3.10/site-packages/torch/nn/modules/rnn.py:123: UserWarning: dropout option adds dropout after all but last recurrent layer, so non-zero dropout expects num_layers greater than 1, but got dropout=0.3 and num_layers=1
  warnings.warn(
  Ep 1: Train 0.8291 | Val 0.7717 | Test 0.2399
Validation loss decreased (0.771703 --> 0.771703).  Saving model ...
  Ep 2: Train 0.6752 | Val 0.5170 | Test 0.0680
Validation loss decreased (0.516973 --> 0.516973).  Saving model ...
  Ep 3: Train 0.4695 | Val 0.4100 | Test 0.0382
Validation loss decreased (0.409974 --> 0.409974).  Saving model ...
  Ep 4: Train 0.4176 | Val 0.3458 | Test 0.0368
Validation loss decreased (0.345848 --> 0.345848).  Saving model ...
  Ep 5: Train 0.3899 | Val 0.3065 | Test 0.0295
Validation loss decreased (0.306513 --> 0.306513).  Saving model ...
  Ep 6: Train 0.3768 | Val 0.3125 | Test 0.0330
EarlyStopping counter: 1 out of 5
  Ep 7: Train 0.3693 | Val 0.2753 | Test 0.0259
Validation loss decreased (0.275288 --> 0.275288).  Saving model ...
  Ep 8: Train 0.3633 | Val 0.2775 | Test 0.0267
EarlyStopping counter: 1 out of 5
  Ep 9: Train 0.3543 | Val 0.2933 | Test 0.0270
EarlyStopping counter: 2 out of 5
  Ep 10: Train 0.3546 | Val 0.2789 | Test 0.0340
EarlyStopping counter: 3 out of 5
  Ep 11: Train 0.3356 | Val 0.3029 | Test 0.0342
EarlyStopping counter: 4 out of 5
  Ep 12: Train 0.3423 | Val 0.2501 | Test 0.0256
Validation loss decreased (0.250114 --> 0.250114).  Saving model ...
  Ep 13: Train 0.3396 | Val 0.2763 | Test 0.0316
EarlyStopping counter: 1 out of 5
  Ep 14: Train 0.3389 | Val 0.2604 | Test 0.0291
EarlyStopping counter: 2 out of 5
  Ep 15: Train 0.3249 | Val 0.2705 | Test 0.0360
EarlyStopping counter: 3 out of 5
  Ep 16: Train 0.3239 | Val 0.2503 | Test 0.0270
EarlyStopping counter: 4 out of 5
  Ep 17: Train 0.3221 | Val 0.2533 | Test 0.0245
EarlyStopping counter: 5 out of 5
Early stopping triggered!
/home/sangukchoi/Stroke_SDA/sda_training.py:615: FutureWarning: You are using `torch.load` with `weights_only=False` (the current default value), which uses the default pickle module implicitly. It is possible to construct malicious pickle data which will execute arbitrary code during unpickling (See https://github.com/pytorch/pytorch/blob/main/SECURITY.md#untrusted-models for more details). In a future release, the default value for `weights_only` will be flipped to `True`. This limits the functions that could be executed during unpickling. Arbitrary objects will no longer be allowed to be loaded via this mode unless they are explicitly allowlisted by the user via `torch.serialization.add_safe_globals`. We recommend you start setting `weights_only=True` for any use case where you don't have full control of the loaded file. Please open an issue on GitHub for any issues related to this experimental feature.
  model.load_state_dict(torch.load(os.path.join(out_dir, 'best_model.pth')))
Final Test MSE (Best Model): 0.0256
Finished. Status: Success
