Starting Run on GPU 3
Time: 2025-12-24 14:36:24

[Run Start] Subject S003 | Mode ['SDA'] | Params: L3.0_LS0.3_LR0.0001_E64_D32_Dr0.3

[Fold 1 - SDA] Train: ['S003_T003', 'S003_T006'], Test: S003_T002, Norm: fixed
/home/sangukchoi/.conda/envs/torch_gpu/lib/python3.10/site-packages/torch/nn/modules/rnn.py:123: UserWarning: dropout option adds dropout after all but last recurrent layer, so non-zero dropout expects num_layers greater than 1, but got dropout=0.3 and num_layers=1
  warnings.warn(
  Ep 1: Train 0.8405 | Val 0.7490 | Test 0.2786
Validation loss decreased (0.748955 --> 0.748955).  Saving model ...
  Ep 2: Train 0.7188 | Val 0.7352 | Test 0.2952
Validation loss decreased (0.735180 --> 0.735180).  Saving model ...
  Ep 3: Train 0.7175 | Val 0.7426 | Test 0.2945
EarlyStopping counter: 1 out of 5
  Ep 4: Train 0.7225 | Val 0.7169 | Test 0.3039
Validation loss decreased (0.716920 --> 0.716920).  Saving model ...
  Ep 5: Train 0.7171 | Val 0.7101 | Test 0.3058
Validation loss decreased (0.710100 --> 0.710100).  Saving model ...
  Ep 6: Train 0.7185 | Val 0.7204 | Test 0.3098
EarlyStopping counter: 1 out of 5
  Ep 7: Train 0.7243 | Val 0.7195 | Test 0.3231
EarlyStopping counter: 2 out of 5
  Ep 8: Train 0.7335 | Val 0.7196 | Test 0.3252
EarlyStopping counter: 3 out of 5
  Ep 9: Train 0.7580 | Val 0.7435 | Test 0.3570
EarlyStopping counter: 4 out of 5
  Ep 10: Train 0.7755 | Val 0.6932 | Test 0.3646
Validation loss decreased (0.693202 --> 0.693202).  Saving model ...
  Ep 11: Train 0.9129 | Val -0.0802 | Test 0.4028
Validation loss decreased (-0.080218 --> -0.080218).  Saving model ...
  Ep 12: Train 0.8541 | Val -0.6026 | Test 0.3876
Validation loss decreased (-0.602574 --> -0.602574).  Saving model ...
  Ep 13: Train 0.8467 | Val 1.4862 | Test 0.3791
EarlyStopping counter: 1 out of 5
  Ep 14: Train 0.8525 | Val 1.2515 | Test 0.3661
EarlyStopping counter: 2 out of 5
  Ep 15: Train 0.8577 | Val 0.6172 | Test 0.3760
EarlyStopping counter: 3 out of 5
  Ep 16: Train 0.8217 | Val 3.6889 | Test 0.3641
EarlyStopping counter: 4 out of 5
  Ep 17: Train 0.8031 | Val 0.7390 | Test 0.3566
EarlyStopping counter: 5 out of 5
Early stopping triggered!
/home/sangukchoi/Stroke_SDA/sda_training.py:615: FutureWarning: You are using `torch.load` with `weights_only=False` (the current default value), which uses the default pickle module implicitly. It is possible to construct malicious pickle data which will execute arbitrary code during unpickling (See https://github.com/pytorch/pytorch/blob/main/SECURITY.md#untrusted-models for more details). In a future release, the default value for `weights_only` will be flipped to `True`. This limits the functions that could be executed during unpickling. Arbitrary objects will no longer be allowed to be loaded via this mode unless they are explicitly allowlisted by the user via `torch.serialization.add_safe_globals`. We recommend you start setting `weights_only=True` for any use case where you don't have full control of the loaded file. Please open an issue on GitHub for any issues related to this experimental feature.
  model.load_state_dict(torch.load(os.path.join(out_dir, 'best_model.pth')))
Final Test MSE (Best Model): 0.3876
Finished. Status: Success
