Starting Run on GPU 2
Time: 2025-12-24 13:42:10

[Run Start] Subject S003 | Mode ['SDA'] | Params: L2.5_LS0.3_LR0.0001_E64_D128_Dr0.3

[Fold 1 - SDA] Train: ['S003_T003', 'S003_T006'], Test: S003_T002, Norm: fixed
/home/sangukchoi/.conda/envs/torch_gpu/lib/python3.10/site-packages/torch/nn/modules/rnn.py:123: UserWarning: dropout option adds dropout after all but last recurrent layer, so non-zero dropout expects num_layers greater than 1, but got dropout=0.3 and num_layers=1
  warnings.warn(
  Ep 1: Train 0.6780 | Val 0.5303 | Test 0.1265
Validation loss decreased (0.530267 --> 0.530267).  Saving model ...
  Ep 2: Train 0.4496 | Val 0.4090 | Test 0.0503
Validation loss decreased (0.409013 --> 0.409013).  Saving model ...
  Ep 3: Train 0.3924 | Val 0.3522 | Test 0.0357
Validation loss decreased (0.352168 --> 0.352168).  Saving model ...
  Ep 4: Train 0.3590 | Val 0.3302 | Test 0.0320
Validation loss decreased (0.330228 --> 0.330228).  Saving model ...
  Ep 5: Train 0.3430 | Val 0.3055 | Test 0.0273
Validation loss decreased (0.305519 --> 0.305519).  Saving model ...
  Ep 6: Train 0.3269 | Val 0.2974 | Test 0.0275
Validation loss decreased (0.297363 --> 0.297363).  Saving model ...
  Ep 7: Train 0.3154 | Val 0.2690 | Test 0.0296
Validation loss decreased (0.269028 --> 0.269028).  Saving model ...
  Ep 8: Train 0.3088 | Val 0.2470 | Test 0.0227
Validation loss decreased (0.246965 --> 0.246965).  Saving model ...
  Ep 9: Train 0.3089 | Val 0.2628 | Test 0.0262
EarlyStopping counter: 1 out of 5
  Ep 10: Train 0.3029 | Val 0.2363 | Test 0.0230
Validation loss decreased (0.236303 --> 0.236303).  Saving model ...
  Ep 11: Train 0.2991 | Val 0.2468 | Test 0.0280
EarlyStopping counter: 1 out of 5
  Ep 12: Train 0.2963 | Val 0.2316 | Test 0.0275
Validation loss decreased (0.231628 --> 0.231628).  Saving model ...
  Ep 13: Train 0.2954 | Val 0.2356 | Test 0.0272
EarlyStopping counter: 1 out of 5
  Ep 14: Train 0.2904 | Val 0.2381 | Test 0.0255
EarlyStopping counter: 2 out of 5
  Ep 15: Train 0.2955 | Val 0.2349 | Test 0.0244
EarlyStopping counter: 3 out of 5
  Ep 16: Train 0.2844 | Val 0.2318 | Test 0.0295
EarlyStopping counter: 4 out of 5
  Ep 17: Train 0.2853 | Val 0.2224 | Test 0.0248
Validation loss decreased (0.222388 --> 0.222388).  Saving model ...
  Ep 18: Train 0.2836 | Val 0.2203 | Test 0.0257
Validation loss decreased (0.220262 --> 0.220262).  Saving model ...
  Ep 19: Train 0.2824 | Val 0.2237 | Test 0.0300
EarlyStopping counter: 1 out of 5
  Ep 20: Train 0.2790 | Val 0.2297 | Test 0.0316
EarlyStopping counter: 2 out of 5
  Ep 21: Train 0.2803 | Val 0.2214 | Test 0.0283
EarlyStopping counter: 3 out of 5
  Ep 22: Train 0.2856 | Val 0.2197 | Test 0.0244
Validation loss decreased (0.219750 --> 0.219750).  Saving model ...
  Ep 23: Train 0.2764 | Val 0.2083 | Test 0.0258
Validation loss decreased (0.208271 --> 0.208271).  Saving model ...
  Ep 24: Train 0.2736 | Val 0.2067 | Test 0.0264
Validation loss decreased (0.206706 --> 0.206706).  Saving model ...
  Ep 25: Train 0.2836 | Val 0.2142 | Test 0.0275
EarlyStopping counter: 1 out of 5
  Ep 26: Train 0.2747 | Val 0.2059 | Test 0.0257
Validation loss decreased (0.205864 --> 0.205864).  Saving model ...
  Ep 27: Train 0.2793 | Val 0.1848 | Test 0.0248
Validation loss decreased (0.184761 --> 0.184761).  Saving model ...
  Ep 28: Train 0.2756 | Val 0.1945 | Test 0.0265
EarlyStopping counter: 1 out of 5
  Ep 29: Train 0.2713 | Val 0.1965 | Test 0.0286
EarlyStopping counter: 2 out of 5
  Ep 30: Train 0.2648 | Val 0.2045 | Test 0.0269
EarlyStopping counter: 3 out of 5
  Ep 31: Train 0.2702 | Val 0.1873 | Test 0.0241
EarlyStopping counter: 4 out of 5
  Ep 32: Train 0.2671 | Val 0.1926 | Test 0.0239
EarlyStopping counter: 5 out of 5
Early stopping triggered!
/home/sangukchoi/Stroke_SDA/sda_training.py:615: FutureWarning: You are using `torch.load` with `weights_only=False` (the current default value), which uses the default pickle module implicitly. It is possible to construct malicious pickle data which will execute arbitrary code during unpickling (See https://github.com/pytorch/pytorch/blob/main/SECURITY.md#untrusted-models for more details). In a future release, the default value for `weights_only` will be flipped to `True`. This limits the functions that could be executed during unpickling. Arbitrary objects will no longer be allowed to be loaded via this mode unless they are explicitly allowlisted by the user via `torch.serialization.add_safe_globals`. We recommend you start setting `weights_only=True` for any use case where you don't have full control of the loaded file. Please open an issue on GitHub for any issues related to this experimental feature.
  model.load_state_dict(torch.load(os.path.join(out_dir, 'best_model.pth')))
Final Test MSE (Best Model): 0.0248
Finished. Status: Success
