Starting Run on GPU 2
Time: 2025-12-24 11:10:12

[Run Start] Subject S003 | Mode ['SDA'] | Params: L0.5_LS0.7_LR0.0001_E64_D64_Dr0.3

[Fold 1 - SDA] Train: ['S003_T003', 'S003_T006'], Test: S003_T002, Norm: fixed
/home/sangukchoi/.conda/envs/torch_gpu/lib/python3.10/site-packages/torch/nn/modules/rnn.py:123: UserWarning: dropout option adds dropout after all but last recurrent layer, so non-zero dropout expects num_layers greater than 1, but got dropout=0.3 and num_layers=1
  warnings.warn(
  Ep 1: Train 0.3288 | Val 0.1543 | Test 0.0185
Validation loss decreased (0.154340 --> 0.154340).  Saving model ...
  Ep 2: Train 0.1462 | Val 0.1129 | Test 0.0196
Validation loss decreased (0.112852 --> 0.112852).  Saving model ...
  Ep 3: Train 0.1224 | Val 0.0959 | Test 0.0173
Validation loss decreased (0.095926 --> 0.095926).  Saving model ...
  Ep 4: Train 0.1113 | Val 0.0857 | Test 0.0188
Validation loss decreased (0.085693 --> 0.085693).  Saving model ...
  Ep 5: Train 0.1073 | Val 0.0811 | Test 0.0198
Validation loss decreased (0.081109 --> 0.081109).  Saving model ...
  Ep 6: Train 0.1014 | Val 0.0790 | Test 0.0231
Validation loss decreased (0.078987 --> 0.078987).  Saving model ...
  Ep 7: Train 0.0972 | Val 0.0738 | Test 0.0223
Validation loss decreased (0.073771 --> 0.073771).  Saving model ...
  Ep 8: Train 0.0956 | Val 0.0727 | Test 0.0221
Validation loss decreased (0.072699 --> 0.072699).  Saving model ...
  Ep 9: Train 0.0927 | Val 0.0747 | Test 0.0255
EarlyStopping counter: 1 out of 5
  Ep 10: Train 0.0926 | Val 0.0730 | Test 0.0238
EarlyStopping counter: 2 out of 5
  Ep 11: Train 0.0886 | Val 0.0736 | Test 0.0252
EarlyStopping counter: 3 out of 5
  Ep 12: Train 0.0899 | Val 0.0741 | Test 0.0231
EarlyStopping counter: 4 out of 5
  Ep 13: Train 0.0888 | Val 0.0719 | Test 0.0241
Validation loss decreased (0.071887 --> 0.071887).  Saving model ...
  Ep 14: Train 0.0868 | Val 0.0708 | Test 0.0291
Validation loss decreased (0.070759 --> 0.070759).  Saving model ...
  Ep 15: Train 0.0864 | Val 0.0693 | Test 0.0264
Validation loss decreased (0.069259 --> 0.069259).  Saving model ...
  Ep 16: Train 0.0844 | Val 0.0682 | Test 0.0229
Validation loss decreased (0.068239 --> 0.068239).  Saving model ...
  Ep 17: Train 0.0860 | Val 0.0674 | Test 0.0248
Validation loss decreased (0.067431 --> 0.067431).  Saving model ...
  Ep 18: Train 0.0841 | Val 0.0689 | Test 0.0264
EarlyStopping counter: 1 out of 5
  Ep 19: Train 0.0834 | Val 0.0652 | Test 0.0256
Validation loss decreased (0.065205 --> 0.065205).  Saving model ...
  Ep 20: Train 0.0817 | Val 0.0679 | Test 0.0294
EarlyStopping counter: 1 out of 5
  Ep 21: Train 0.0825 | Val 0.0638 | Test 0.0288
Validation loss decreased (0.063848 --> 0.063848).  Saving model ...
  Ep 22: Train 0.0810 | Val 0.0664 | Test 0.0297
EarlyStopping counter: 1 out of 5
  Ep 23: Train 0.0805 | Val 0.0673 | Test 0.0330
EarlyStopping counter: 2 out of 5
  Ep 24: Train 0.0799 | Val 0.0641 | Test 0.0299
EarlyStopping counter: 3 out of 5
  Ep 25: Train 0.0788 | Val 0.0640 | Test 0.0265
EarlyStopping counter: 4 out of 5
  Ep 26: Train 0.0777 | Val 0.0653 | Test 0.0318
EarlyStopping counter: 5 out of 5
Early stopping triggered!
/home/sangukchoi/Stroke_SDA/sda_training.py:615: FutureWarning: You are using `torch.load` with `weights_only=False` (the current default value), which uses the default pickle module implicitly. It is possible to construct malicious pickle data which will execute arbitrary code during unpickling (See https://github.com/pytorch/pytorch/blob/main/SECURITY.md#untrusted-models for more details). In a future release, the default value for `weights_only` will be flipped to `True`. This limits the functions that could be executed during unpickling. Arbitrary objects will no longer be allowed to be loaded via this mode unless they are explicitly allowlisted by the user via `torch.serialization.add_safe_globals`. We recommend you start setting `weights_only=True` for any use case where you don't have full control of the loaded file. Please open an issue on GitHub for any issues related to this experimental feature.
  model.load_state_dict(torch.load(os.path.join(out_dir, 'best_model.pth')))
Final Test MSE (Best Model): 0.0288
Finished. Status: Success
