Starting Run on GPU 0
Time: 2025-12-24 15:26:12

[Run Start] Subject S003 | Mode ['SDA'] | Params: L3.0_LS1.0_LR0.0001_E256_D128_Dr0.3

[Fold 1 - SDA] Train: ['S003_T003', 'S003_T006'], Test: S003_T002, Norm: fixed
/home/sangukchoi/.conda/envs/torch_gpu/lib/python3.10/site-packages/torch/nn/modules/rnn.py:123: UserWarning: dropout option adds dropout after all but last recurrent layer, so non-zero dropout expects num_layers greater than 1, but got dropout=0.3 and num_layers=1
  warnings.warn(
  Ep 1: Train 0.6464 | Val 0.4273 | Test 0.0315
Validation loss decreased (0.427294 --> 0.427294).  Saving model ...
  Ep 2: Train 0.4373 | Val 0.3468 | Test 0.0292
Validation loss decreased (0.346839 --> 0.346839).  Saving model ...
  Ep 3: Train 0.4099 | Val 0.3184 | Test 0.0363
Validation loss decreased (0.318363 --> 0.318363).  Saving model ...
  Ep 4: Train 0.3934 | Val 0.3122 | Test 0.0321
Validation loss decreased (0.312180 --> 0.312180).  Saving model ...
  Ep 5: Train 0.3832 | Val 0.3039 | Test 0.0277
Validation loss decreased (0.303880 --> 0.303880).  Saving model ...
  Ep 6: Train 0.3743 | Val 0.2932 | Test 0.0331
Validation loss decreased (0.293177 --> 0.293177).  Saving model ...
  Ep 7: Train 0.3632 | Val 0.2779 | Test 0.0305
Validation loss decreased (0.277944 --> 0.277944).  Saving model ...
  Ep 8: Train 0.3443 | Val 0.2766 | Test 0.0280
Validation loss decreased (0.276592 --> 0.276592).  Saving model ...
  Ep 9: Train 0.3449 | Val 0.2634 | Test 0.0249
Validation loss decreased (0.263381 --> 0.263381).  Saving model ...
  Ep 10: Train 0.3480 | Val 0.2682 | Test 0.0248
EarlyStopping counter: 1 out of 5
  Ep 11: Train 0.3279 | Val 0.2564 | Test 0.0255
Validation loss decreased (0.256437 --> 0.256437).  Saving model ...
  Ep 12: Train 0.3338 | Val 0.2927 | Test 0.0301
EarlyStopping counter: 1 out of 5
  Ep 13: Train 0.3288 | Val 0.2668 | Test 0.0274
EarlyStopping counter: 2 out of 5
  Ep 14: Train 0.3250 | Val 0.2595 | Test 0.0218
EarlyStopping counter: 3 out of 5
  Ep 15: Train 0.3230 | Val 0.2708 | Test 0.0241
EarlyStopping counter: 4 out of 5
  Ep 16: Train 0.3174 | Val 0.2595 | Test 0.0260
EarlyStopping counter: 5 out of 5
Early stopping triggered!
/home/sangukchoi/Stroke_SDA/sda_training.py:615: FutureWarning: You are using `torch.load` with `weights_only=False` (the current default value), which uses the default pickle module implicitly. It is possible to construct malicious pickle data which will execute arbitrary code during unpickling (See https://github.com/pytorch/pytorch/blob/main/SECURITY.md#untrusted-models for more details). In a future release, the default value for `weights_only` will be flipped to `True`. This limits the functions that could be executed during unpickling. Arbitrary objects will no longer be allowed to be loaded via this mode unless they are explicitly allowlisted by the user via `torch.serialization.add_safe_globals`. We recommend you start setting `weights_only=True` for any use case where you don't have full control of the loaded file. Please open an issue on GitHub for any issues related to this experimental feature.
  model.load_state_dict(torch.load(os.path.join(out_dir, 'best_model.pth')))
Final Test MSE (Best Model): 0.0255
Finished. Status: Success
