Starting Run on GPU 0
Time: 2025-12-24 11:26:26

[Run Start] Subject S003 | Mode ['SDA'] | Params: L0.5_LS0.7_LR0.0001_E256_D128_Dr0.3

[Fold 1 - SDA] Train: ['S003_T003', 'S003_T006'], Test: S003_T002, Norm: fixed
/home/sangukchoi/.conda/envs/torch_gpu/lib/python3.10/site-packages/torch/nn/modules/rnn.py:123: UserWarning: dropout option adds dropout after all but last recurrent layer, so non-zero dropout expects num_layers greater than 1, but got dropout=0.3 and num_layers=1
  warnings.warn(
  Ep 1: Train 0.2008 | Val 0.1164 | Test 0.0205
Validation loss decreased (0.116393 --> 0.116393).  Saving model ...
  Ep 2: Train 0.1171 | Val 0.0904 | Test 0.0174
Validation loss decreased (0.090407 --> 0.090407).  Saving model ...
  Ep 3: Train 0.1032 | Val 0.0876 | Test 0.0223
Validation loss decreased (0.087584 --> 0.087584).  Saving model ...
  Ep 4: Train 0.0964 | Val 0.0770 | Test 0.0219
Validation loss decreased (0.077010 --> 0.077010).  Saving model ...
  Ep 5: Train 0.0918 | Val 0.0728 | Test 0.0242
Validation loss decreased (0.072754 --> 0.072754).  Saving model ...
  Ep 6: Train 0.0898 | Val 0.0766 | Test 0.0297
EarlyStopping counter: 1 out of 5
  Ep 7: Train 0.0879 | Val 0.0704 | Test 0.0246
Validation loss decreased (0.070429 --> 0.070429).  Saving model ...
  Ep 8: Train 0.0854 | Val 0.0694 | Test 0.0272
Validation loss decreased (0.069413 --> 0.069413).  Saving model ...
  Ep 9: Train 0.0833 | Val 0.0688 | Test 0.0289
Validation loss decreased (0.068788 --> 0.068788).  Saving model ...
  Ep 10: Train 0.0819 | Val 0.0680 | Test 0.0318
Validation loss decreased (0.068033 --> 0.068033).  Saving model ...
  Ep 11: Train 0.0800 | Val 0.0641 | Test 0.0276
Validation loss decreased (0.064056 --> 0.064056).  Saving model ...
  Ep 12: Train 0.0793 | Val 0.0599 | Test 0.0328
Validation loss decreased (0.059884 --> 0.059884).  Saving model ...
  Ep 13: Train 0.0777 | Val 0.0713 | Test 0.0454
EarlyStopping counter: 1 out of 5
  Ep 14: Train 0.0787 | Val 0.0600 | Test 0.0327
EarlyStopping counter: 2 out of 5
  Ep 15: Train 0.0736 | Val 0.0584 | Test 0.0357
Validation loss decreased (0.058353 --> 0.058353).  Saving model ...
  Ep 16: Train 0.0727 | Val 0.0555 | Test 0.0327
Validation loss decreased (0.055534 --> 0.055534).  Saving model ...
  Ep 17: Train 0.0730 | Val 0.0573 | Test 0.0375
EarlyStopping counter: 1 out of 5
  Ep 18: Train 0.0724 | Val 0.0536 | Test 0.0376
Validation loss decreased (0.053575 --> 0.053575).  Saving model ...
  Ep 19: Train 0.0722 | Val 0.0612 | Test 0.0373
EarlyStopping counter: 1 out of 5
  Ep 20: Train 0.0722 | Val 0.0571 | Test 0.0414
EarlyStopping counter: 2 out of 5
  Ep 21: Train 0.0685 | Val 0.0540 | Test 0.0352
EarlyStopping counter: 3 out of 5
  Ep 22: Train 0.0690 | Val 0.0543 | Test 0.0408
EarlyStopping counter: 4 out of 5
  Ep 23: Train 0.0682 | Val 0.0552 | Test 0.0379
EarlyStopping counter: 5 out of 5
Early stopping triggered!
/home/sangukchoi/Stroke_SDA/sda_training.py:615: FutureWarning: You are using `torch.load` with `weights_only=False` (the current default value), which uses the default pickle module implicitly. It is possible to construct malicious pickle data which will execute arbitrary code during unpickling (See https://github.com/pytorch/pytorch/blob/main/SECURITY.md#untrusted-models for more details). In a future release, the default value for `weights_only` will be flipped to `True`. This limits the functions that could be executed during unpickling. Arbitrary objects will no longer be allowed to be loaded via this mode unless they are explicitly allowlisted by the user via `torch.serialization.add_safe_globals`. We recommend you start setting `weights_only=True` for any use case where you don't have full control of the loaded file. Please open an issue on GitHub for any issues related to this experimental feature.
  model.load_state_dict(torch.load(os.path.join(out_dir, 'best_model.pth')))
Final Test MSE (Best Model): 0.0376
Finished. Status: Success
