Starting Run on GPU 3
Time: 2025-12-24 13:09:31

[Run Start] Subject S003 | Mode ['SDA'] | Params: L2.0_LS0.7_LR0.0001_E128_D32_Dr0.3

[Fold 1 - SDA] Train: ['S003_T003', 'S003_T006'], Test: S003_T002, Norm: fixed
/home/sangukchoi/.conda/envs/torch_gpu/lib/python3.10/site-packages/torch/nn/modules/rnn.py:123: UserWarning: dropout option adds dropout after all but last recurrent layer, so non-zero dropout expects num_layers greater than 1, but got dropout=0.3 and num_layers=1
  warnings.warn(
  Ep 1: Train 0.5567 | Val 0.3321 | Test 0.0225
Validation loss decreased (0.332068 --> 0.332068).  Saving model ...
  Ep 2: Train 0.3294 | Val 0.3187 | Test 0.0220
Validation loss decreased (0.318739 --> 0.318739).  Saving model ...
  Ep 3: Train 0.3051 | Val 0.2549 | Test 0.0221
Validation loss decreased (0.254918 --> 0.254918).  Saving model ...
  Ep 4: Train 0.2813 | Val 0.2148 | Test 0.0250
Validation loss decreased (0.214766 --> 0.214766).  Saving model ...
  Ep 5: Train 0.2655 | Val 0.2119 | Test 0.0235
Validation loss decreased (0.211948 --> 0.211948).  Saving model ...
  Ep 6: Train 0.2604 | Val 0.2054 | Test 0.0219
Validation loss decreased (0.205415 --> 0.205415).  Saving model ...
  Ep 7: Train 0.2492 | Val 0.2006 | Test 0.0293
Validation loss decreased (0.200627 --> 0.200627).  Saving model ...
  Ep 8: Train 0.2435 | Val 0.1859 | Test 0.0230
Validation loss decreased (0.185924 --> 0.185924).  Saving model ...
  Ep 9: Train 0.2368 | Val 0.1848 | Test 0.0216
Validation loss decreased (0.184824 --> 0.184824).  Saving model ...
  Ep 10: Train 0.2405 | Val 0.1882 | Test 0.0243
EarlyStopping counter: 1 out of 5
  Ep 11: Train 0.2313 | Val 0.1854 | Test 0.0212
EarlyStopping counter: 2 out of 5
  Ep 12: Train 0.2302 | Val 0.1734 | Test 0.0209
Validation loss decreased (0.173444 --> 0.173444).  Saving model ...
  Ep 13: Train 0.2287 | Val 0.1813 | Test 0.0210
EarlyStopping counter: 1 out of 5
  Ep 14: Train 0.2263 | Val 0.1691 | Test 0.0203
Validation loss decreased (0.169051 --> 0.169051).  Saving model ...
  Ep 15: Train 0.2206 | Val 0.1816 | Test 0.0229
EarlyStopping counter: 1 out of 5
  Ep 16: Train 0.2227 | Val 0.1736 | Test 0.0202
EarlyStopping counter: 2 out of 5
  Ep 17: Train 0.2226 | Val 0.1735 | Test 0.0204
EarlyStopping counter: 3 out of 5
  Ep 18: Train 0.2194 | Val 0.1747 | Test 0.0205
EarlyStopping counter: 4 out of 5
  Ep 19: Train 0.2168 | Val 0.1694 | Test 0.0215
EarlyStopping counter: 5 out of 5
Early stopping triggered!
/home/sangukchoi/Stroke_SDA/sda_training.py:615: FutureWarning: You are using `torch.load` with `weights_only=False` (the current default value), which uses the default pickle module implicitly. It is possible to construct malicious pickle data which will execute arbitrary code during unpickling (See https://github.com/pytorch/pytorch/blob/main/SECURITY.md#untrusted-models for more details). In a future release, the default value for `weights_only` will be flipped to `True`. This limits the functions that could be executed during unpickling. Arbitrary objects will no longer be allowed to be loaded via this mode unless they are explicitly allowlisted by the user via `torch.serialization.add_safe_globals`. We recommend you start setting `weights_only=True` for any use case where you don't have full control of the loaded file. Please open an issue on GitHub for any issues related to this experimental feature.
  model.load_state_dict(torch.load(os.path.join(out_dir, 'best_model.pth')))
Final Test MSE (Best Model): 0.0203
Finished. Status: Success
