Starting Run on GPU 0
Time: 2025-12-24 15:18:53

[Run Start] Subject S003 | Mode ['SDA'] | Params: L3.0_LS1.0_LR0.0001_E128_D64_Dr0.3

[Fold 1 - SDA] Train: ['S003_T003', 'S003_T006'], Test: S003_T002, Norm: fixed
/home/sangukchoi/.conda/envs/torch_gpu/lib/python3.10/site-packages/torch/nn/modules/rnn.py:123: UserWarning: dropout option adds dropout after all but last recurrent layer, so non-zero dropout expects num_layers greater than 1, but got dropout=0.3 and num_layers=1
  warnings.warn(
  Ep 1: Train 0.7650 | Val 0.5638 | Test 0.0424
Validation loss decreased (0.563792 --> 0.563792).  Saving model ...
  Ep 2: Train 0.4625 | Val 0.3741 | Test 0.0327
Validation loss decreased (0.374117 --> 0.374117).  Saving model ...
  Ep 3: Train 0.4224 | Val 0.3587 | Test 0.0387
Validation loss decreased (0.358745 --> 0.358745).  Saving model ...
  Ep 4: Train 0.3999 | Val 0.3469 | Test 0.0301
Validation loss decreased (0.346855 --> 0.346855).  Saving model ...
  Ep 5: Train 0.3940 | Val 0.3103 | Test 0.0283
Validation loss decreased (0.310311 --> 0.310311).  Saving model ...
  Ep 6: Train 0.3815 | Val 0.2984 | Test 0.0266
Validation loss decreased (0.298355 --> 0.298355).  Saving model ...
  Ep 7: Train 0.3742 | Val 0.3181 | Test 0.0284
EarlyStopping counter: 1 out of 5
  Ep 8: Train 0.3729 | Val 0.2982 | Test 0.0284
EarlyStopping counter: 2 out of 5
  Ep 9: Train 0.3635 | Val 0.2882 | Test 0.0275
Validation loss decreased (0.288228 --> 0.288228).  Saving model ...
  Ep 10: Train 0.3470 | Val 0.2826 | Test 0.0297
Validation loss decreased (0.282609 --> 0.282609).  Saving model ...
  Ep 11: Train 0.3497 | Val 0.3105 | Test 0.0297
EarlyStopping counter: 1 out of 5
  Ep 12: Train 0.3447 | Val 0.2815 | Test 0.0280
Validation loss decreased (0.281539 --> 0.281539).  Saving model ...
  Ep 13: Train 0.3380 | Val 0.2798 | Test 0.0254
Validation loss decreased (0.279751 --> 0.279751).  Saving model ...
  Ep 14: Train 0.3378 | Val 0.2744 | Test 0.0244
Validation loss decreased (0.274355 --> 0.274355).  Saving model ...
  Ep 15: Train 0.3302 | Val 0.2831 | Test 0.0267
EarlyStopping counter: 1 out of 5
  Ep 16: Train 0.3339 | Val 0.2680 | Test 0.0271
Validation loss decreased (0.267963 --> 0.267963).  Saving model ...
  Ep 17: Train 0.3317 | Val 0.2628 | Test 0.0230
Validation loss decreased (0.262834 --> 0.262834).  Saving model ...
  Ep 18: Train 0.3156 | Val 0.2710 | Test 0.0258
EarlyStopping counter: 1 out of 5
  Ep 19: Train 0.3297 | Val 0.2744 | Test 0.0241
EarlyStopping counter: 2 out of 5
  Ep 20: Train 0.3216 | Val 0.2618 | Test 0.0240
Validation loss decreased (0.261844 --> 0.261844).  Saving model ...
  Ep 21: Train 0.3147 | Val 0.2647 | Test 0.0230
EarlyStopping counter: 1 out of 5
  Ep 22: Train 0.3224 | Val 0.2536 | Test 0.0230
Validation loss decreased (0.253638 --> 0.253638).  Saving model ...
  Ep 23: Train 0.3199 | Val 0.2538 | Test 0.0236
EarlyStopping counter: 1 out of 5
  Ep 24: Train 0.3195 | Val 0.2551 | Test 0.0241
EarlyStopping counter: 2 out of 5
  Ep 25: Train 0.3094 | Val 0.2898 | Test 0.0319
EarlyStopping counter: 3 out of 5
  Ep 26: Train 0.3136 | Val 0.2781 | Test 0.0311
EarlyStopping counter: 4 out of 5
  Ep 27: Train 0.3172 | Val 0.2554 | Test 0.0246
EarlyStopping counter: 5 out of 5
Early stopping triggered!
/home/sangukchoi/Stroke_SDA/sda_training.py:615: FutureWarning: You are using `torch.load` with `weights_only=False` (the current default value), which uses the default pickle module implicitly. It is possible to construct malicious pickle data which will execute arbitrary code during unpickling (See https://github.com/pytorch/pytorch/blob/main/SECURITY.md#untrusted-models for more details). In a future release, the default value for `weights_only` will be flipped to `True`. This limits the functions that could be executed during unpickling. Arbitrary objects will no longer be allowed to be loaded via this mode unless they are explicitly allowlisted by the user via `torch.serialization.add_safe_globals`. We recommend you start setting `weights_only=True` for any use case where you don't have full control of the loaded file. Please open an issue on GitHub for any issues related to this experimental feature.
  model.load_state_dict(torch.load(os.path.join(out_dir, 'best_model.pth')))
Final Test MSE (Best Model): 0.0230
Finished. Status: Success
