Starting Run on GPU 2
Time: 2025-12-24 14:56:06

[Run Start] Subject S003 | Mode ['SDA'] | Params: L3.0_LS0.5_LR0.0001_E256_D32_Dr0.3

[Fold 1 - SDA] Train: ['S003_T003', 'S003_T006'], Test: S003_T002, Norm: fixed
/home/sangukchoi/.conda/envs/torch_gpu/lib/python3.10/site-packages/torch/nn/modules/rnn.py:123: UserWarning: dropout option adds dropout after all but last recurrent layer, so non-zero dropout expects num_layers greater than 1, but got dropout=0.3 and num_layers=1
  warnings.warn(
  Ep 1: Train 0.5866 | Val 0.4122 | Test 0.0469
Validation loss decreased (0.412155 --> 0.412155).  Saving model ...
  Ep 2: Train 0.3968 | Val 0.3026 | Test 0.0359
Validation loss decreased (0.302599 --> 0.302599).  Saving model ...
  Ep 3: Train 0.3656 | Val 0.2673 | Test 0.0268
Validation loss decreased (0.267256 --> 0.267256).  Saving model ...
  Ep 4: Train 0.3599 | Val 0.2709 | Test 0.0322
EarlyStopping counter: 1 out of 5
  Ep 5: Train 0.3586 | Val 0.2836 | Test 0.0350
EarlyStopping counter: 2 out of 5
  Ep 6: Train 0.3482 | Val 0.2711 | Test 0.0331
EarlyStopping counter: 3 out of 5
  Ep 7: Train 0.3407 | Val 0.2634 | Test 0.0323
Validation loss decreased (0.263444 --> 0.263444).  Saving model ...
  Ep 8: Train 0.3381 | Val 0.2506 | Test 0.0292
Validation loss decreased (0.250587 --> 0.250587).  Saving model ...
  Ep 9: Train 0.3315 | Val 0.2658 | Test 0.0304
EarlyStopping counter: 1 out of 5
  Ep 10: Train 0.3290 | Val 0.2546 | Test 0.0274
EarlyStopping counter: 2 out of 5
  Ep 11: Train 0.3260 | Val 0.2462 | Test 0.0301
Validation loss decreased (0.246238 --> 0.246238).  Saving model ...
  Ep 12: Train 0.3182 | Val 0.2440 | Test 0.0285
Validation loss decreased (0.244042 --> 0.244042).  Saving model ...
  Ep 13: Train 0.3230 | Val 0.2481 | Test 0.0268
EarlyStopping counter: 1 out of 5
  Ep 14: Train 0.3177 | Val 0.2550 | Test 0.0289
EarlyStopping counter: 2 out of 5
  Ep 15: Train 0.3200 | Val 0.2574 | Test 0.0304
EarlyStopping counter: 3 out of 5
  Ep 16: Train 0.3136 | Val 0.2418 | Test 0.0244
Validation loss decreased (0.241761 --> 0.241761).  Saving model ...
  Ep 17: Train 0.3054 | Val 0.2549 | Test 0.0286
EarlyStopping counter: 1 out of 5
  Ep 18: Train 0.3086 | Val 0.2238 | Test 0.0282
Validation loss decreased (0.223774 --> 0.223774).  Saving model ...
  Ep 19: Train 0.3083 | Val 0.2314 | Test 0.0265
EarlyStopping counter: 1 out of 5
  Ep 20: Train 0.3040 | Val 0.2547 | Test 0.0313
EarlyStopping counter: 2 out of 5
  Ep 21: Train 0.3022 | Val 0.2572 | Test 0.0347
EarlyStopping counter: 3 out of 5
  Ep 22: Train 0.2987 | Val 0.2312 | Test 0.0254
EarlyStopping counter: 4 out of 5
  Ep 23: Train 0.2988 | Val 0.2516 | Test 0.0286
EarlyStopping counter: 5 out of 5
Early stopping triggered!
/home/sangukchoi/Stroke_SDA/sda_training.py:615: FutureWarning: You are using `torch.load` with `weights_only=False` (the current default value), which uses the default pickle module implicitly. It is possible to construct malicious pickle data which will execute arbitrary code during unpickling (See https://github.com/pytorch/pytorch/blob/main/SECURITY.md#untrusted-models for more details). In a future release, the default value for `weights_only` will be flipped to `True`. This limits the functions that could be executed during unpickling. Arbitrary objects will no longer be allowed to be loaded via this mode unless they are explicitly allowlisted by the user via `torch.serialization.add_safe_globals`. We recommend you start setting `weights_only=True` for any use case where you don't have full control of the loaded file. Please open an issue on GitHub for any issues related to this experimental feature.
  model.load_state_dict(torch.load(os.path.join(out_dir, 'best_model.pth')))
Final Test MSE (Best Model): 0.0282
Finished. Status: Success
