Starting Run on GPU 3
Time: 2025-12-24 14:58:19

[Run Start] Subject S003 | Mode ['SDA'] | Params: L3.0_LS0.5_LR0.0001_E256_D128_Dr0.3

[Fold 1 - SDA] Train: ['S003_T003', 'S003_T006'], Test: S003_T002, Norm: fixed
/home/sangukchoi/.conda/envs/torch_gpu/lib/python3.10/site-packages/torch/nn/modules/rnn.py:123: UserWarning: dropout option adds dropout after all but last recurrent layer, so non-zero dropout expects num_layers greater than 1, but got dropout=0.3 and num_layers=1
  warnings.warn(
  Ep 1: Train 0.5922 | Val 0.4213 | Test 0.0330
Validation loss decreased (0.421344 --> 0.421344).  Saving model ...
  Ep 2: Train 0.4096 | Val 0.3212 | Test 0.0250
Validation loss decreased (0.321217 --> 0.321217).  Saving model ...
  Ep 3: Train 0.3866 | Val 0.3412 | Test 0.0365
EarlyStopping counter: 1 out of 5
  Ep 4: Train 0.3658 | Val 0.2896 | Test 0.0283
Validation loss decreased (0.289642 --> 0.289642).  Saving model ...
  Ep 5: Train 0.3598 | Val 0.2690 | Test 0.0313
Validation loss decreased (0.269033 --> 0.269033).  Saving model ...
  Ep 6: Train 0.3501 | Val 0.2653 | Test 0.0289
Validation loss decreased (0.265326 --> 0.265326).  Saving model ...
  Ep 7: Train 0.3510 | Val 0.2568 | Test 0.0250
Validation loss decreased (0.256817 --> 0.256817).  Saving model ...
  Ep 8: Train 0.3393 | Val 0.2635 | Test 0.0261
EarlyStopping counter: 1 out of 5
  Ep 9: Train 0.3429 | Val 0.2867 | Test 0.0357
EarlyStopping counter: 2 out of 5
  Ep 10: Train 0.3478 | Val 0.2668 | Test 0.0268
EarlyStopping counter: 3 out of 5
  Ep 11: Train 0.3247 | Val 0.2577 | Test 0.0223
EarlyStopping counter: 4 out of 5
  Ep 12: Train 0.3320 | Val 0.2651 | Test 0.0266
EarlyStopping counter: 5 out of 5
Early stopping triggered!
/home/sangukchoi/Stroke_SDA/sda_training.py:615: FutureWarning: You are using `torch.load` with `weights_only=False` (the current default value), which uses the default pickle module implicitly. It is possible to construct malicious pickle data which will execute arbitrary code during unpickling (See https://github.com/pytorch/pytorch/blob/main/SECURITY.md#untrusted-models for more details). In a future release, the default value for `weights_only` will be flipped to `True`. This limits the functions that could be executed during unpickling. Arbitrary objects will no longer be allowed to be loaded via this mode unless they are explicitly allowlisted by the user via `torch.serialization.add_safe_globals`. We recommend you start setting `weights_only=True` for any use case where you don't have full control of the loaded file. Please open an issue on GitHub for any issues related to this experimental feature.
  model.load_state_dict(torch.load(os.path.join(out_dir, 'best_model.pth')))
Final Test MSE (Best Model): 0.0250
Finished. Status: Success
