Starting Run on GPU 1
Time: 2025-12-24 15:22:46

[Run Start] Subject S003 | Mode ['SDA'] | Params: L3.0_LS1.0_LR0.0001_E256_D64_Dr0.3

[Fold 1 - SDA] Train: ['S003_T003', 'S003_T006'], Test: S003_T002, Norm: fixed
/home/sangukchoi/.conda/envs/torch_gpu/lib/python3.10/site-packages/torch/nn/modules/rnn.py:123: UserWarning: dropout option adds dropout after all but last recurrent layer, so non-zero dropout expects num_layers greater than 1, but got dropout=0.3 and num_layers=1
  warnings.warn(
  Ep 1: Train 0.6362 | Val 0.3907 | Test 0.0277
Validation loss decreased (0.390662 --> 0.390662).  Saving model ...
  Ep 2: Train 0.4272 | Val 0.3704 | Test 0.0282
Validation loss decreased (0.370416 --> 0.370416).  Saving model ...
  Ep 3: Train 0.4044 | Val 0.2972 | Test 0.0238
Validation loss decreased (0.297205 --> 0.297205).  Saving model ...
  Ep 4: Train 0.3980 | Val 0.3140 | Test 0.0302
EarlyStopping counter: 1 out of 5
  Ep 5: Train 0.3717 | Val 0.2814 | Test 0.0277
Validation loss decreased (0.281440 --> 0.281440).  Saving model ...
  Ep 6: Train 0.3652 | Val 0.2828 | Test 0.0240
EarlyStopping counter: 1 out of 5
  Ep 7: Train 0.3510 | Val 0.2809 | Test 0.0317
Validation loss decreased (0.280937 --> 0.280937).  Saving model ...
  Ep 8: Train 0.3430 | Val 0.2678 | Test 0.0254
Validation loss decreased (0.267824 --> 0.267824).  Saving model ...
  Ep 9: Train 0.3358 | Val 0.2816 | Test 0.0320
EarlyStopping counter: 1 out of 5
  Ep 10: Train 0.3410 | Val 0.2611 | Test 0.0247
Validation loss decreased (0.261101 --> 0.261101).  Saving model ...
  Ep 11: Train 0.3317 | Val 0.2663 | Test 0.0260
EarlyStopping counter: 1 out of 5
  Ep 12: Train 0.3255 | Val 0.2490 | Test 0.0222
Validation loss decreased (0.248998 --> 0.248998).  Saving model ...
  Ep 13: Train 0.3389 | Val 0.2906 | Test 0.0283
EarlyStopping counter: 1 out of 5
  Ep 14: Train 0.3202 | Val 0.2534 | Test 0.0252
EarlyStopping counter: 2 out of 5
  Ep 15: Train 0.3167 | Val 0.2793 | Test 0.0274
EarlyStopping counter: 3 out of 5
  Ep 16: Train 0.3173 | Val 0.2561 | Test 0.0235
EarlyStopping counter: 4 out of 5
  Ep 17: Train 0.3132 | Val 0.2521 | Test 0.0258
EarlyStopping counter: 5 out of 5
Early stopping triggered!
/home/sangukchoi/Stroke_SDA/sda_training.py:615: FutureWarning: You are using `torch.load` with `weights_only=False` (the current default value), which uses the default pickle module implicitly. It is possible to construct malicious pickle data which will execute arbitrary code during unpickling (See https://github.com/pytorch/pytorch/blob/main/SECURITY.md#untrusted-models for more details). In a future release, the default value for `weights_only` will be flipped to `True`. This limits the functions that could be executed during unpickling. Arbitrary objects will no longer be allowed to be loaded via this mode unless they are explicitly allowlisted by the user via `torch.serialization.add_safe_globals`. We recommend you start setting `weights_only=True` for any use case where you don't have full control of the loaded file. Please open an issue on GitHub for any issues related to this experimental feature.
  model.load_state_dict(torch.load(os.path.join(out_dir, 'best_model.pth')))
Final Test MSE (Best Model): 0.0222
Finished. Status: Success
