Starting Run on GPU 2
Time: 2025-12-24 12:59:08

[Run Start] Subject S003 | Mode ['SDA'] | Params: L1.5_LS1.0_LR0.0001_E256_D64_Dr0.3

[Fold 1 - SDA] Train: ['S003_T003', 'S003_T006'], Test: S003_T002, Norm: fixed
/home/sangukchoi/.conda/envs/torch_gpu/lib/python3.10/site-packages/torch/nn/modules/rnn.py:123: UserWarning: dropout option adds dropout after all but last recurrent layer, so non-zero dropout expects num_layers greater than 1, but got dropout=0.3 and num_layers=1
  warnings.warn(
  Ep 1: Train 0.3803 | Val 0.2497 | Test 0.0206
Validation loss decreased (0.249703 --> 0.249703).  Saving model ...
  Ep 2: Train 0.2524 | Val 0.2109 | Test 0.0313
Validation loss decreased (0.210861 --> 0.210861).  Saving model ...
  Ep 3: Train 0.2356 | Val 0.1937 | Test 0.0239
Validation loss decreased (0.193662 --> 0.193662).  Saving model ...
  Ep 4: Train 0.2158 | Val 0.1798 | Test 0.0260
Validation loss decreased (0.179806 --> 0.179806).  Saving model ...
  Ep 5: Train 0.2106 | Val 0.1524 | Test 0.0212
Validation loss decreased (0.152357 --> 0.152357).  Saving model ...
  Ep 6: Train 0.2067 | Val 0.1580 | Test 0.0244
EarlyStopping counter: 1 out of 5
  Ep 7: Train 0.1986 | Val 0.1538 | Test 0.0253
EarlyStopping counter: 2 out of 5
  Ep 8: Train 0.1976 | Val 0.1617 | Test 0.0230
EarlyStopping counter: 3 out of 5
  Ep 9: Train 0.1974 | Val 0.1521 | Test 0.0261
EarlyStopping counter: 4 out of 5
  Ep 10: Train 0.1936 | Val 0.1573 | Test 0.0262
EarlyStopping counter: 5 out of 5
Early stopping triggered!
/home/sangukchoi/Stroke_SDA/sda_training.py:615: FutureWarning: You are using `torch.load` with `weights_only=False` (the current default value), which uses the default pickle module implicitly. It is possible to construct malicious pickle data which will execute arbitrary code during unpickling (See https://github.com/pytorch/pytorch/blob/main/SECURITY.md#untrusted-models for more details). In a future release, the default value for `weights_only` will be flipped to `True`. This limits the functions that could be executed during unpickling. Arbitrary objects will no longer be allowed to be loaded via this mode unless they are explicitly allowlisted by the user via `torch.serialization.add_safe_globals`. We recommend you start setting `weights_only=True` for any use case where you don't have full control of the loaded file. Please open an issue on GitHub for any issues related to this experimental feature.
  model.load_state_dict(torch.load(os.path.join(out_dir, 'best_model.pth')))
Final Test MSE (Best Model): 0.0212
Finished. Status: Success
