Starting Run on GPU 3
Time: 2025-12-24 13:46:55

[Run Start] Subject S003 | Mode ['SDA'] | Params: L2.5_LS0.3_LR0.0001_E128_D64_Dr0.3

[Fold 1 - SDA] Train: ['S003_T003', 'S003_T006'], Test: S003_T002, Norm: fixed
/home/sangukchoi/.conda/envs/torch_gpu/lib/python3.10/site-packages/torch/nn/modules/rnn.py:123: UserWarning: dropout option adds dropout after all but last recurrent layer, so non-zero dropout expects num_layers greater than 1, but got dropout=0.3 and num_layers=1
  warnings.warn(
  Ep 1: Train 0.5728 | Val 0.3740 | Test 0.0382
Validation loss decreased (0.374012 --> 0.374012).  Saving model ...
  Ep 2: Train 0.3453 | Val 0.2422 | Test 0.0287
Validation loss decreased (0.242193 --> 0.242193).  Saving model ...
  Ep 3: Train 0.3089 | Val 0.2399 | Test 0.0272
Validation loss decreased (0.239912 --> 0.239912).  Saving model ...
  Ep 4: Train 0.2969 | Val 0.2218 | Test 0.0310
Validation loss decreased (0.221777 --> 0.221777).  Saving model ...
  Ep 5: Train 0.2923 | Val 0.2269 | Test 0.0274
EarlyStopping counter: 1 out of 5
  Ep 6: Train 0.2866 | Val 0.2217 | Test 0.0295
EarlyStopping counter: 2 out of 5
  Ep 7: Train 0.2790 | Val 0.2136 | Test 0.0278
Validation loss decreased (0.213595 --> 0.213595).  Saving model ...
  Ep 8: Train 0.2778 | Val 0.2148 | Test 0.0277
EarlyStopping counter: 1 out of 5
  Ep 9: Train 0.2758 | Val 0.2214 | Test 0.0280
EarlyStopping counter: 2 out of 5
  Ep 10: Train 0.2729 | Val 0.2171 | Test 0.0276
EarlyStopping counter: 3 out of 5
  Ep 11: Train 0.2698 | Val 0.2078 | Test 0.0264
Validation loss decreased (0.207828 --> 0.207828).  Saving model ...
  Ep 12: Train 0.2721 | Val 0.2417 | Test 0.0355
EarlyStopping counter: 1 out of 5
  Ep 13: Train 0.2686 | Val 0.1969 | Test 0.0270
Validation loss decreased (0.196903 --> 0.196903).  Saving model ...
  Ep 14: Train 0.2672 | Val 0.2070 | Test 0.0287
EarlyStopping counter: 1 out of 5
  Ep 15: Train 0.2648 | Val 0.2122 | Test 0.0275
EarlyStopping counter: 2 out of 5
  Ep 16: Train 0.2631 | Val 0.2142 | Test 0.0294
EarlyStopping counter: 3 out of 5
  Ep 17: Train 0.2587 | Val 0.2121 | Test 0.0276
EarlyStopping counter: 4 out of 5
  Ep 18: Train 0.2630 | Val 0.2054 | Test 0.0278
EarlyStopping counter: 5 out of 5
Early stopping triggered!
/home/sangukchoi/Stroke_SDA/sda_training.py:615: FutureWarning: You are using `torch.load` with `weights_only=False` (the current default value), which uses the default pickle module implicitly. It is possible to construct malicious pickle data which will execute arbitrary code during unpickling (See https://github.com/pytorch/pytorch/blob/main/SECURITY.md#untrusted-models for more details). In a future release, the default value for `weights_only` will be flipped to `True`. This limits the functions that could be executed during unpickling. Arbitrary objects will no longer be allowed to be loaded via this mode unless they are explicitly allowlisted by the user via `torch.serialization.add_safe_globals`. We recommend you start setting `weights_only=True` for any use case where you don't have full control of the loaded file. Please open an issue on GitHub for any issues related to this experimental feature.
  model.load_state_dict(torch.load(os.path.join(out_dir, 'best_model.pth')))
Final Test MSE (Best Model): 0.0270
Finished. Status: Success
