Starting Run on GPU 0
Time: 2025-12-24 13:10:54

[Run Start] Subject S003 | Mode ['SDA'] | Params: L2.0_LS0.7_LR0.0001_E128_D64_Dr0.3

[Fold 1 - SDA] Train: ['S003_T003', 'S003_T006'], Test: S003_T002, Norm: fixed
/home/sangukchoi/.conda/envs/torch_gpu/lib/python3.10/site-packages/torch/nn/modules/rnn.py:123: UserWarning: dropout option adds dropout after all but last recurrent layer, so non-zero dropout expects num_layers greater than 1, but got dropout=0.3 and num_layers=1
  warnings.warn(
  Ep 1: Train 0.5121 | Val 0.3353 | Test 0.0223
Validation loss decreased (0.335272 --> 0.335272).  Saving model ...
  Ep 2: Train 0.3325 | Val 0.2690 | Test 0.0218
Validation loss decreased (0.268996 --> 0.268996).  Saving model ...
  Ep 3: Train 0.2871 | Val 0.2274 | Test 0.0249
Validation loss decreased (0.227386 --> 0.227386).  Saving model ...
  Ep 4: Train 0.2710 | Val 0.2106 | Test 0.0249
Validation loss decreased (0.210570 --> 0.210570).  Saving model ...
  Ep 5: Train 0.2718 | Val 0.2100 | Test 0.0229
Validation loss decreased (0.210045 --> 0.210045).  Saving model ...
  Ep 6: Train 0.2568 | Val 0.2140 | Test 0.0265
EarlyStopping counter: 1 out of 5
  Ep 7: Train 0.2556 | Val 0.1979 | Test 0.0239
Validation loss decreased (0.197851 --> 0.197851).  Saving model ...
  Ep 8: Train 0.2509 | Val 0.2135 | Test 0.0249
EarlyStopping counter: 1 out of 5
  Ep 9: Train 0.2498 | Val 0.1925 | Test 0.0242
Validation loss decreased (0.192543 --> 0.192543).  Saving model ...
  Ep 10: Train 0.2462 | Val 0.1867 | Test 0.0239
Validation loss decreased (0.186741 --> 0.186741).  Saving model ...
  Ep 11: Train 0.2427 | Val 0.1931 | Test 0.0265
EarlyStopping counter: 1 out of 5
  Ep 12: Train 0.2403 | Val 0.1816 | Test 0.0225
Validation loss decreased (0.181552 --> 0.181552).  Saving model ...
  Ep 13: Train 0.2450 | Val 0.1873 | Test 0.0242
EarlyStopping counter: 1 out of 5
  Ep 14: Train 0.2372 | Val 0.2119 | Test 0.0323
EarlyStopping counter: 2 out of 5
  Ep 15: Train 0.2314 | Val 0.1770 | Test 0.0221
Validation loss decreased (0.177037 --> 0.177037).  Saving model ...
  Ep 16: Train 0.2304 | Val 0.1852 | Test 0.0234
EarlyStopping counter: 1 out of 5
  Ep 17: Train 0.2280 | Val 0.1846 | Test 0.0244
EarlyStopping counter: 2 out of 5
  Ep 18: Train 0.2218 | Val 0.1853 | Test 0.0249
EarlyStopping counter: 3 out of 5
  Ep 19: Train 0.2235 | Val 0.1845 | Test 0.0252
EarlyStopping counter: 4 out of 5
  Ep 20: Train 0.2255 | Val 0.1837 | Test 0.0233
EarlyStopping counter: 5 out of 5
Early stopping triggered!
/home/sangukchoi/Stroke_SDA/sda_training.py:615: FutureWarning: You are using `torch.load` with `weights_only=False` (the current default value), which uses the default pickle module implicitly. It is possible to construct malicious pickle data which will execute arbitrary code during unpickling (See https://github.com/pytorch/pytorch/blob/main/SECURITY.md#untrusted-models for more details). In a future release, the default value for `weights_only` will be flipped to `True`. This limits the functions that could be executed during unpickling. Arbitrary objects will no longer be allowed to be loaded via this mode unless they are explicitly allowlisted by the user via `torch.serialization.add_safe_globals`. We recommend you start setting `weights_only=True` for any use case where you don't have full control of the loaded file. Please open an issue on GitHub for any issues related to this experimental feature.
  model.load_state_dict(torch.load(os.path.join(out_dir, 'best_model.pth')))
Final Test MSE (Best Model): 0.0221
Finished. Status: Success
