Starting Run on GPU 1
Time: 2025-12-24 13:51:31

[Run Start] Subject S003 | Mode ['SDA'] | Params: L2.5_LS0.3_LR0.0001_E256_D64_Dr0.3

[Fold 1 - SDA] Train: ['S003_T003', 'S003_T006'], Test: S003_T002, Norm: fixed
/home/sangukchoi/.conda/envs/torch_gpu/lib/python3.10/site-packages/torch/nn/modules/rnn.py:123: UserWarning: dropout option adds dropout after all but last recurrent layer, so non-zero dropout expects num_layers greater than 1, but got dropout=0.3 and num_layers=1
  warnings.warn(
  Ep 1: Train 0.4637 | Val 0.3129 | Test 0.0377
Validation loss decreased (0.312881 --> 0.312881).  Saving model ...
  Ep 2: Train 0.3252 | Val 0.2350 | Test 0.0315
Validation loss decreased (0.235001 --> 0.235001).  Saving model ...
  Ep 3: Train 0.3031 | Val 0.2167 | Test 0.0285
Validation loss decreased (0.216723 --> 0.216723).  Saving model ...
  Ep 4: Train 0.2953 | Val 0.2239 | Test 0.0336
EarlyStopping counter: 1 out of 5
  Ep 5: Train 0.2930 | Val 0.2024 | Test 0.0302
Validation loss decreased (0.202384 --> 0.202384).  Saving model ...
  Ep 6: Train 0.2847 | Val 0.2106 | Test 0.0369
EarlyStopping counter: 1 out of 5
  Ep 7: Train 0.2774 | Val 0.2048 | Test 0.0293
EarlyStopping counter: 2 out of 5
  Ep 8: Train 0.2721 | Val 0.1981 | Test 0.0310
Validation loss decreased (0.198076 --> 0.198076).  Saving model ...
  Ep 9: Train 0.2723 | Val 0.2178 | Test 0.0292
EarlyStopping counter: 1 out of 5
  Ep 10: Train 0.2737 | Val 0.2168 | Test 0.0361
EarlyStopping counter: 2 out of 5
  Ep 11: Train 0.2622 | Val 0.1934 | Test 0.0273
Validation loss decreased (0.193409 --> 0.193409).  Saving model ...
  Ep 12: Train 0.2578 | Val 0.1873 | Test 0.0321
Validation loss decreased (0.187277 --> 0.187277).  Saving model ...
  Ep 13: Train 0.2661 | Val 0.2027 | Test 0.0284
EarlyStopping counter: 1 out of 5
  Ep 14: Train 0.2709 | Val 0.1901 | Test 0.0312
EarlyStopping counter: 2 out of 5
  Ep 15: Train 0.2645 | Val 0.1875 | Test 0.0293
EarlyStopping counter: 3 out of 5
  Ep 16: Train 0.2643 | Val 0.1909 | Test 0.0293
EarlyStopping counter: 4 out of 5
  Ep 17: Train 0.2512 | Val 0.1949 | Test 0.0286
EarlyStopping counter: 5 out of 5
Early stopping triggered!
/home/sangukchoi/Stroke_SDA/sda_training.py:615: FutureWarning: You are using `torch.load` with `weights_only=False` (the current default value), which uses the default pickle module implicitly. It is possible to construct malicious pickle data which will execute arbitrary code during unpickling (See https://github.com/pytorch/pytorch/blob/main/SECURITY.md#untrusted-models for more details). In a future release, the default value for `weights_only` will be flipped to `True`. This limits the functions that could be executed during unpickling. Arbitrary objects will no longer be allowed to be loaded via this mode unless they are explicitly allowlisted by the user via `torch.serialization.add_safe_globals`. We recommend you start setting `weights_only=True` for any use case where you don't have full control of the loaded file. Please open an issue on GitHub for any issues related to this experimental feature.
  model.load_state_dict(torch.load(os.path.join(out_dir, 'best_model.pth')))
Final Test MSE (Best Model): 0.0321
Finished. Status: Success
