Starting Run on GPU 3
Time: 2025-12-24 11:23:21

[Run Start] Subject S003 | Mode ['SDA'] | Params: L0.5_LS0.7_LR0.0001_E256_D32_Dr0.3

[Fold 1 - SDA] Train: ['S003_T003', 'S003_T006'], Test: S003_T002, Norm: fixed
/home/sangukchoi/.conda/envs/torch_gpu/lib/python3.10/site-packages/torch/nn/modules/rnn.py:123: UserWarning: dropout option adds dropout after all but last recurrent layer, so non-zero dropout expects num_layers greater than 1, but got dropout=0.3 and num_layers=1
  warnings.warn(
  Ep 1: Train 0.2076 | Val 0.1103 | Test 0.0165
Validation loss decreased (0.110302 --> 0.110302).  Saving model ...
  Ep 2: Train 0.1154 | Val 0.1043 | Test 0.0202
Validation loss decreased (0.104338 --> 0.104338).  Saving model ...
  Ep 3: Train 0.1043 | Val 0.0861 | Test 0.0183
Validation loss decreased (0.086078 --> 0.086078).  Saving model ...
  Ep 4: Train 0.0968 | Val 0.0780 | Test 0.0205
Validation loss decreased (0.078034 --> 0.078034).  Saving model ...
  Ep 5: Train 0.0903 | Val 0.0891 | Test 0.0292
EarlyStopping counter: 1 out of 5
  Ep 6: Train 0.0879 | Val 0.0681 | Test 0.0250
Validation loss decreased (0.068115 --> 0.068115).  Saving model ...
  Ep 7: Train 0.0855 | Val 0.0647 | Test 0.0279
Validation loss decreased (0.064690 --> 0.064690).  Saving model ...
  Ep 8: Train 0.0831 | Val 0.0646 | Test 0.0318
EarlyStopping counter: 1 out of 5
  Ep 9: Train 0.0804 | Val 0.0618 | Test 0.0305
Validation loss decreased (0.061817 --> 0.061817).  Saving model ...
  Ep 10: Train 0.0792 | Val 0.0650 | Test 0.0355
EarlyStopping counter: 1 out of 5
  Ep 11: Train 0.0763 | Val 0.0625 | Test 0.0326
EarlyStopping counter: 2 out of 5
  Ep 12: Train 0.0755 | Val 0.0615 | Test 0.0329
EarlyStopping counter: 3 out of 5
  Ep 13: Train 0.0747 | Val 0.0635 | Test 0.0336
EarlyStopping counter: 4 out of 5
  Ep 14: Train 0.0730 | Val 0.0562 | Test 0.0310
Validation loss decreased (0.056219 --> 0.056219).  Saving model ...
  Ep 15: Train 0.0725 | Val 0.0527 | Test 0.0326
Validation loss decreased (0.052719 --> 0.052719).  Saving model ...
  Ep 16: Train 0.0718 | Val 0.0561 | Test 0.0310
EarlyStopping counter: 1 out of 5
  Ep 17: Train 0.0712 | Val 0.0528 | Test 0.0385
EarlyStopping counter: 2 out of 5
  Ep 18: Train 0.0702 | Val 0.0538 | Test 0.0353
EarlyStopping counter: 3 out of 5
  Ep 19: Train 0.0692 | Val 0.0561 | Test 0.0372
EarlyStopping counter: 4 out of 5
  Ep 20: Train 0.0693 | Val 0.0521 | Test 0.0383
Validation loss decreased (0.052131 --> 0.052131).  Saving model ...
  Ep 21: Train 0.0675 | Val 0.0535 | Test 0.0409
EarlyStopping counter: 1 out of 5
  Ep 22: Train 0.0668 | Val 0.0551 | Test 0.0375
EarlyStopping counter: 2 out of 5
  Ep 23: Train 0.0650 | Val 0.0519 | Test 0.0351
EarlyStopping counter: 3 out of 5
  Ep 24: Train 0.0661 | Val 0.0495 | Test 0.0376
Validation loss decreased (0.049456 --> 0.049456).  Saving model ...
  Ep 25: Train 0.0649 | Val 0.0559 | Test 0.0326
EarlyStopping counter: 1 out of 5
  Ep 26: Train 0.0653 | Val 0.0533 | Test 0.0380
EarlyStopping counter: 2 out of 5
  Ep 27: Train 0.0631 | Val 0.0496 | Test 0.0385
EarlyStopping counter: 3 out of 5
  Ep 28: Train 0.0637 | Val 0.0487 | Test 0.0376
Validation loss decreased (0.048673 --> 0.048673).  Saving model ...
  Ep 29: Train 0.0638 | Val 0.0495 | Test 0.0349
EarlyStopping counter: 1 out of 5
  Ep 30: Train 0.0628 | Val 0.0523 | Test 0.0417
EarlyStopping counter: 2 out of 5
  Ep 31: Train 0.0614 | Val 0.0503 | Test 0.0372
EarlyStopping counter: 3 out of 5
  Ep 32: Train 0.0598 | Val 0.0508 | Test 0.0436
EarlyStopping counter: 4 out of 5
  Ep 33: Train 0.0606 | Val 0.0517 | Test 0.0379
EarlyStopping counter: 5 out of 5
Early stopping triggered!
/home/sangukchoi/Stroke_SDA/sda_training.py:615: FutureWarning: You are using `torch.load` with `weights_only=False` (the current default value), which uses the default pickle module implicitly. It is possible to construct malicious pickle data which will execute arbitrary code during unpickling (See https://github.com/pytorch/pytorch/blob/main/SECURITY.md#untrusted-models for more details). In a future release, the default value for `weights_only` will be flipped to `True`. This limits the functions that could be executed during unpickling. Arbitrary objects will no longer be allowed to be loaded via this mode unless they are explicitly allowlisted by the user via `torch.serialization.add_safe_globals`. We recommend you start setting `weights_only=True` for any use case where you don't have full control of the loaded file. Please open an issue on GitHub for any issues related to this experimental feature.
  model.load_state_dict(torch.load(os.path.join(out_dir, 'best_model.pth')))
Final Test MSE (Best Model): 0.0376
Finished. Status: Success
