Starting Run on GPU 2
Time: 2025-12-24 14:16:22

[Run Start] Subject S003 | Mode ['SDA'] | Params: L2.5_LS0.7_LR0.0001_E256_D64_Dr0.3

[Fold 1 - SDA] Train: ['S003_T003', 'S003_T006'], Test: S003_T002, Norm: fixed
/home/sangukchoi/.conda/envs/torch_gpu/lib/python3.10/site-packages/torch/nn/modules/rnn.py:123: UserWarning: dropout option adds dropout after all but last recurrent layer, so non-zero dropout expects num_layers greater than 1, but got dropout=0.3 and num_layers=1
  warnings.warn(
  Ep 1: Train 0.5194 | Val 0.3910 | Test 0.0337
Validation loss decreased (0.391026 --> 0.391026).  Saving model ...
  Ep 2: Train 0.3641 | Val 0.2883 | Test 0.0326
Validation loss decreased (0.288263 --> 0.288263).  Saving model ...
  Ep 3: Train 0.3272 | Val 0.2393 | Test 0.0260
Validation loss decreased (0.239348 --> 0.239348).  Saving model ...
  Ep 4: Train 0.3156 | Val 0.2330 | Test 0.0266
Validation loss decreased (0.232993 --> 0.232993).  Saving model ...
  Ep 5: Train 0.3024 | Val 0.2142 | Test 0.0249
Validation loss decreased (0.214167 --> 0.214167).  Saving model ...
  Ep 6: Train 0.2974 | Val 0.2535 | Test 0.0282
EarlyStopping counter: 1 out of 5
  Ep 7: Train 0.2855 | Val 0.2282 | Test 0.0256
EarlyStopping counter: 2 out of 5
  Ep 8: Train 0.2866 | Val 0.2205 | Test 0.0240
EarlyStopping counter: 3 out of 5
  Ep 9: Train 0.2791 | Val 0.2138 | Test 0.0238
EarlyStopping counter: 4 out of 5
  Ep 10: Train 0.2813 | Val 0.2128 | Test 0.0211
Validation loss decreased (0.212792 --> 0.212792).  Saving model ...
  Ep 11: Train 0.2765 | Val 0.2434 | Test 0.0284
EarlyStopping counter: 1 out of 5
  Ep 12: Train 0.2683 | Val 0.2308 | Test 0.0313
EarlyStopping counter: 2 out of 5
  Ep 13: Train 0.2640 | Val 0.2164 | Test 0.0225
EarlyStopping counter: 3 out of 5
  Ep 14: Train 0.2663 | Val 0.2314 | Test 0.0236
EarlyStopping counter: 4 out of 5
  Ep 15: Train 0.2684 | Val 0.2198 | Test 0.0236
EarlyStopping counter: 5 out of 5
Early stopping triggered!
/home/sangukchoi/Stroke_SDA/sda_training.py:615: FutureWarning: You are using `torch.load` with `weights_only=False` (the current default value), which uses the default pickle module implicitly. It is possible to construct malicious pickle data which will execute arbitrary code during unpickling (See https://github.com/pytorch/pytorch/blob/main/SECURITY.md#untrusted-models for more details). In a future release, the default value for `weights_only` will be flipped to `True`. This limits the functions that could be executed during unpickling. Arbitrary objects will no longer be allowed to be loaded via this mode unless they are explicitly allowlisted by the user via `torch.serialization.add_safe_globals`. We recommend you start setting `weights_only=True` for any use case where you don't have full control of the loaded file. Please open an issue on GitHub for any issues related to this experimental feature.
  model.load_state_dict(torch.load(os.path.join(out_dir, 'best_model.pth')))
Final Test MSE (Best Model): 0.0211
Finished. Status: Success
