Starting Run on GPU 2
Time: 2025-12-24 14:05:15

[Run Start] Subject S003 | Mode ['SDA'] | Params: L2.5_LS0.5_LR0.0001_E256_D64_Dr0.3

[Fold 1 - SDA] Train: ['S003_T003', 'S003_T006'], Test: S003_T002, Norm: fixed
/home/sangukchoi/.conda/envs/torch_gpu/lib/python3.10/site-packages/torch/nn/modules/rnn.py:123: UserWarning: dropout option adds dropout after all but last recurrent layer, so non-zero dropout expects num_layers greater than 1, but got dropout=0.3 and num_layers=1
  warnings.warn(
  Ep 1: Train 0.5410 | Val 0.3427 | Test 0.0332
Validation loss decreased (0.342686 --> 0.342686).  Saving model ...
  Ep 2: Train 0.3437 | Val 0.2326 | Test 0.0223
Validation loss decreased (0.232646 --> 0.232646).  Saving model ...
  Ep 3: Train 0.3199 | Val 0.2292 | Test 0.0317
Validation loss decreased (0.229208 --> 0.229208).  Saving model ...
  Ep 4: Train 0.3138 | Val 0.2238 | Test 0.0309
Validation loss decreased (0.223792 --> 0.223792).  Saving model ...
  Ep 5: Train 0.2955 | Val 0.2157 | Test 0.0246
Validation loss decreased (0.215652 --> 0.215652).  Saving model ...
  Ep 6: Train 0.2941 | Val 0.2666 | Test 0.0590
EarlyStopping counter: 1 out of 5
  Ep 7: Train 0.2875 | Val 0.2283 | Test 0.0243
EarlyStopping counter: 2 out of 5
  Ep 8: Train 0.2822 | Val 0.2234 | Test 0.0258
EarlyStopping counter: 3 out of 5
  Ep 9: Train 0.2817 | Val 0.2055 | Test 0.0248
Validation loss decreased (0.205469 --> 0.205469).  Saving model ...
  Ep 10: Train 0.2812 | Val 0.2282 | Test 0.0305
EarlyStopping counter: 1 out of 5
  Ep 11: Train 0.2753 | Val 0.2123 | Test 0.0251
EarlyStopping counter: 2 out of 5
  Ep 12: Train 0.2742 | Val 0.2153 | Test 0.0249
EarlyStopping counter: 3 out of 5
  Ep 13: Train 0.2698 | Val 0.2212 | Test 0.0267
EarlyStopping counter: 4 out of 5
  Ep 14: Train 0.2705 | Val 0.2100 | Test 0.0231
EarlyStopping counter: 5 out of 5
Early stopping triggered!
/home/sangukchoi/Stroke_SDA/sda_training.py:615: FutureWarning: You are using `torch.load` with `weights_only=False` (the current default value), which uses the default pickle module implicitly. It is possible to construct malicious pickle data which will execute arbitrary code during unpickling (See https://github.com/pytorch/pytorch/blob/main/SECURITY.md#untrusted-models for more details). In a future release, the default value for `weights_only` will be flipped to `True`. This limits the functions that could be executed during unpickling. Arbitrary objects will no longer be allowed to be loaded via this mode unless they are explicitly allowlisted by the user via `torch.serialization.add_safe_globals`. We recommend you start setting `weights_only=True` for any use case where you don't have full control of the loaded file. Please open an issue on GitHub for any issues related to this experimental feature.
  model.load_state_dict(torch.load(os.path.join(out_dir, 'best_model.pth')))
Final Test MSE (Best Model): 0.0248
Finished. Status: Success
