Starting Run on GPU 1
Time: 2025-12-24 13:57:20

[Run Start] Subject S003 | Mode ['SDA'] | Params: L2.5_LS0.5_LR0.0001_E128_D32_Dr0.3

[Fold 1 - SDA] Train: ['S003_T003', 'S003_T006'], Test: S003_T002, Norm: fixed
/home/sangukchoi/.conda/envs/torch_gpu/lib/python3.10/site-packages/torch/nn/modules/rnn.py:123: UserWarning: dropout option adds dropout after all but last recurrent layer, so non-zero dropout expects num_layers greater than 1, but got dropout=0.3 and num_layers=1
  warnings.warn(
  Ep 1: Train 0.7022 | Val 0.4557 | Test 0.0420
Validation loss decreased (0.455739 --> 0.455739).  Saving model ...
  Ep 2: Train 0.3965 | Val 0.2616 | Test 0.0270
Validation loss decreased (0.261624 --> 0.261624).  Saving model ...
  Ep 3: Train 0.3391 | Val 0.2426 | Test 0.0291
Validation loss decreased (0.242613 --> 0.242613).  Saving model ...
  Ep 4: Train 0.3201 | Val 0.2265 | Test 0.0274
Validation loss decreased (0.226472 --> 0.226472).  Saving model ...
  Ep 5: Train 0.2996 | Val 0.2395 | Test 0.0313
EarlyStopping counter: 1 out of 5
  Ep 6: Train 0.3045 | Val 0.2222 | Test 0.0280
Validation loss decreased (0.222180 --> 0.222180).  Saving model ...
  Ep 7: Train 0.2958 | Val 0.2193 | Test 0.0249
Validation loss decreased (0.219258 --> 0.219258).  Saving model ...
  Ep 8: Train 0.3000 | Val 0.2255 | Test 0.0284
EarlyStopping counter: 1 out of 5
  Ep 9: Train 0.2862 | Val 0.2219 | Test 0.0265
EarlyStopping counter: 2 out of 5
  Ep 10: Train 0.2795 | Val 0.2160 | Test 0.0264
Validation loss decreased (0.215992 --> 0.215992).  Saving model ...
  Ep 11: Train 0.2851 | Val 0.2177 | Test 0.0259
EarlyStopping counter: 1 out of 5
  Ep 12: Train 0.2769 | Val 0.2157 | Test 0.0274
EarlyStopping counter: 2 out of 5
  Ep 13: Train 0.2761 | Val 0.2264 | Test 0.0298
EarlyStopping counter: 3 out of 5
  Ep 14: Train 0.2776 | Val 0.2015 | Test 0.0230
Validation loss decreased (0.201494 --> 0.201494).  Saving model ...
  Ep 15: Train 0.2779 | Val 0.2084 | Test 0.0232
EarlyStopping counter: 1 out of 5
  Ep 16: Train 0.2712 | Val 0.1954 | Test 0.0238
Validation loss decreased (0.195436 --> 0.195436).  Saving model ...
  Ep 17: Train 0.2668 | Val 0.2134 | Test 0.0267
EarlyStopping counter: 1 out of 5
  Ep 18: Train 0.2643 | Val 0.2132 | Test 0.0273
EarlyStopping counter: 2 out of 5
  Ep 19: Train 0.2696 | Val 0.2015 | Test 0.0234
EarlyStopping counter: 3 out of 5
  Ep 20: Train 0.2653 | Val 0.1985 | Test 0.0228
EarlyStopping counter: 4 out of 5
  Ep 21: Train 0.2587 | Val 0.1983 | Test 0.0254
EarlyStopping counter: 5 out of 5
Early stopping triggered!
/home/sangukchoi/Stroke_SDA/sda_training.py:615: FutureWarning: You are using `torch.load` with `weights_only=False` (the current default value), which uses the default pickle module implicitly. It is possible to construct malicious pickle data which will execute arbitrary code during unpickling (See https://github.com/pytorch/pytorch/blob/main/SECURITY.md#untrusted-models for more details). In a future release, the default value for `weights_only` will be flipped to `True`. This limits the functions that could be executed during unpickling. Arbitrary objects will no longer be allowed to be loaded via this mode unless they are explicitly allowlisted by the user via `torch.serialization.add_safe_globals`. We recommend you start setting `weights_only=True` for any use case where you don't have full control of the loaded file. Please open an issue on GitHub for any issues related to this experimental feature.
  model.load_state_dict(torch.load(os.path.join(out_dir, 'best_model.pth')))
Final Test MSE (Best Model): 0.0238
Finished. Status: Success
