Starting Run on GPU 1
Time: 2025-12-24 11:38:39

[Run Start] Subject S003 | Mode ['SDA'] | Params: L0.5_LS1.0_LR0.0001_E128_D64_Dr0.3

[Fold 1 - SDA] Train: ['S003_T003', 'S003_T006'], Test: S003_T002, Norm: fixed
/home/sangukchoi/.conda/envs/torch_gpu/lib/python3.10/site-packages/torch/nn/modules/rnn.py:123: UserWarning: dropout option adds dropout after all but last recurrent layer, so non-zero dropout expects num_layers greater than 1, but got dropout=0.3 and num_layers=1
  warnings.warn(
  Ep 1: Train 0.2919 | Val 0.1326 | Test 0.0195
Validation loss decreased (0.132560 --> 0.132560).  Saving model ...
  Ep 2: Train 0.1400 | Val 0.0976 | Test 0.0201
Validation loss decreased (0.097576 --> 0.097576).  Saving model ...
  Ep 3: Train 0.1216 | Val 0.1008 | Test 0.0232
EarlyStopping counter: 1 out of 5
  Ep 4: Train 0.1140 | Val 0.0859 | Test 0.0243
Validation loss decreased (0.085869 --> 0.085869).  Saving model ...
  Ep 5: Train 0.1069 | Val 0.0798 | Test 0.0245
Validation loss decreased (0.079825 --> 0.079825).  Saving model ...
  Ep 6: Train 0.1032 | Val 0.0762 | Test 0.0256
Validation loss decreased (0.076231 --> 0.076231).  Saving model ...
  Ep 7: Train 0.1033 | Val 0.0812 | Test 0.0342
EarlyStopping counter: 1 out of 5
  Ep 8: Train 0.0993 | Val 0.0755 | Test 0.0308
Validation loss decreased (0.075456 --> 0.075456).  Saving model ...
  Ep 9: Train 0.0981 | Val 0.0714 | Test 0.0288
Validation loss decreased (0.071392 --> 0.071392).  Saving model ...
  Ep 10: Train 0.0956 | Val 0.0696 | Test 0.0276
Validation loss decreased (0.069635 --> 0.069635).  Saving model ...
  Ep 11: Train 0.0956 | Val 0.0675 | Test 0.0270
Validation loss decreased (0.067494 --> 0.067494).  Saving model ...
  Ep 12: Train 0.0939 | Val 0.0700 | Test 0.0294
EarlyStopping counter: 1 out of 5
  Ep 13: Train 0.0926 | Val 0.0706 | Test 0.0277
EarlyStopping counter: 2 out of 5
  Ep 14: Train 0.0919 | Val 0.0649 | Test 0.0275
Validation loss decreased (0.064883 --> 0.064883).  Saving model ...
  Ep 15: Train 0.0912 | Val 0.0676 | Test 0.0362
EarlyStopping counter: 1 out of 5
  Ep 16: Train 0.0895 | Val 0.0650 | Test 0.0265
EarlyStopping counter: 2 out of 5
  Ep 17: Train 0.0879 | Val 0.0634 | Test 0.0274
Validation loss decreased (0.063352 --> 0.063352).  Saving model ...
  Ep 18: Train 0.0870 | Val 0.0659 | Test 0.0278
EarlyStopping counter: 1 out of 5
  Ep 19: Train 0.0862 | Val 0.0656 | Test 0.0292
EarlyStopping counter: 2 out of 5
  Ep 20: Train 0.0856 | Val 0.0665 | Test 0.0295
EarlyStopping counter: 3 out of 5
  Ep 21: Train 0.0856 | Val 0.0664 | Test 0.0318
EarlyStopping counter: 4 out of 5
  Ep 22: Train 0.0838 | Val 0.0610 | Test 0.0323
Validation loss decreased (0.060968 --> 0.060968).  Saving model ...
  Ep 23: Train 0.0838 | Val 0.0636 | Test 0.0296
EarlyStopping counter: 1 out of 5
  Ep 24: Train 0.0832 | Val 0.0600 | Test 0.0361
Validation loss decreased (0.060008 --> 0.060008).  Saving model ...
  Ep 25: Train 0.0829 | Val 0.0606 | Test 0.0307
EarlyStopping counter: 1 out of 5
  Ep 26: Train 0.0810 | Val 0.0602 | Test 0.0311
EarlyStopping counter: 2 out of 5
  Ep 27: Train 0.0804 | Val 0.0595 | Test 0.0343
Validation loss decreased (0.059459 --> 0.059459).  Saving model ...
  Ep 28: Train 0.0788 | Val 0.0617 | Test 0.0353
EarlyStopping counter: 1 out of 5
  Ep 29: Train 0.0803 | Val 0.0598 | Test 0.0330
EarlyStopping counter: 2 out of 5
  Ep 30: Train 0.0789 | Val 0.0593 | Test 0.0339
EarlyStopping counter: 3 out of 5
  Ep 31: Train 0.0772 | Val 0.0590 | Test 0.0321
EarlyStopping counter: 4 out of 5
  Ep 32: Train 0.0766 | Val 0.0620 | Test 0.0340
EarlyStopping counter: 5 out of 5
Early stopping triggered!
/home/sangukchoi/Stroke_SDA/sda_training.py:615: FutureWarning: You are using `torch.load` with `weights_only=False` (the current default value), which uses the default pickle module implicitly. It is possible to construct malicious pickle data which will execute arbitrary code during unpickling (See https://github.com/pytorch/pytorch/blob/main/SECURITY.md#untrusted-models for more details). In a future release, the default value for `weights_only` will be flipped to `True`. This limits the functions that could be executed during unpickling. Arbitrary objects will no longer be allowed to be loaded via this mode unless they are explicitly allowlisted by the user via `torch.serialization.add_safe_globals`. We recommend you start setting `weights_only=True` for any use case where you don't have full control of the loaded file. Please open an issue on GitHub for any issues related to this experimental feature.
  model.load_state_dict(torch.load(os.path.join(out_dir, 'best_model.pth')))
Final Test MSE (Best Model): 0.0343
Finished. Status: Success
