Starting Run on GPU 0
Time: 2025-12-24 14:59:28

[Run Start] Subject S003 | Mode ['SDA'] | Params: L3.0_LS0.7_LR0.0001_E64_D32_Dr0.3

[Fold 1 - SDA] Train: ['S003_T003', 'S003_T006'], Test: S003_T002, Norm: fixed
/home/sangukchoi/.conda/envs/torch_gpu/lib/python3.10/site-packages/torch/nn/modules/rnn.py:123: UserWarning: dropout option adds dropout after all but last recurrent layer, so non-zero dropout expects num_layers greater than 1, but got dropout=0.3 and num_layers=1
  warnings.warn(
  Ep 1: Train 1.0237 | Val 0.8799 | Test 0.2681
Validation loss decreased (0.879934 --> 0.879934).  Saving model ...
  Ep 2: Train 0.8472 | Val 0.8385 | Test 0.2712
Validation loss decreased (0.838503 --> 0.838503).  Saving model ...
  Ep 3: Train 0.8298 | Val 0.8122 | Test 0.2658
Validation loss decreased (0.812248 --> 0.812248).  Saving model ...
  Ep 4: Train 0.8280 | Val 0.8105 | Test 0.2711
Validation loss decreased (0.810477 --> 0.810477).  Saving model ...
  Ep 5: Train 0.8053 | Val 0.7627 | Test 0.2643
Validation loss decreased (0.762700 --> 0.762700).  Saving model ...
  Ep 6: Train 0.8027 | Val 0.7373 | Test 0.2675
Validation loss decreased (0.737326 --> 0.737326).  Saving model ...
  Ep 7: Train 0.7931 | Val 0.7091 | Test 0.2678
Validation loss decreased (0.709116 --> 0.709116).  Saving model ...
  Ep 8: Train 0.7731 | Val 0.6837 | Test 0.2646
Validation loss decreased (0.683655 --> 0.683655).  Saving model ...
  Ep 9: Train 0.7597 | Val 0.7578 | Test 0.2745
EarlyStopping counter: 1 out of 5
  Ep 10: Train 0.7688 | Val 0.7468 | Test 0.2732
EarlyStopping counter: 2 out of 5
  Ep 11: Train 0.7631 | Val 0.6903 | Test 0.2682
EarlyStopping counter: 3 out of 5
  Ep 12: Train 0.7505 | Val 0.7010 | Test 0.2713
EarlyStopping counter: 4 out of 5
  Ep 13: Train 0.7534 | Val 0.6834 | Test 0.2735
EarlyStopping counter: 5 out of 5
Early stopping triggered!
/home/sangukchoi/Stroke_SDA/sda_training.py:615: FutureWarning: You are using `torch.load` with `weights_only=False` (the current default value), which uses the default pickle module implicitly. It is possible to construct malicious pickle data which will execute arbitrary code during unpickling (See https://github.com/pytorch/pytorch/blob/main/SECURITY.md#untrusted-models for more details). In a future release, the default value for `weights_only` will be flipped to `True`. This limits the functions that could be executed during unpickling. Arbitrary objects will no longer be allowed to be loaded via this mode unless they are explicitly allowlisted by the user via `torch.serialization.add_safe_globals`. We recommend you start setting `weights_only=True` for any use case where you don't have full control of the loaded file. Please open an issue on GitHub for any issues related to this experimental feature.
  model.load_state_dict(torch.load(os.path.join(out_dir, 'best_model.pth')))
Final Test MSE (Best Model): 0.2646
Finished. Status: Success
