Starting Run on GPU 1
Time: 2025-12-24 12:09:11

[Run Start] Subject S003 | Mode ['SDA'] | Params: L1.0_LS1.0_LR0.0001_E64_D64_Dr0.3

[Fold 1 - SDA] Train: ['S003_T003', 'S003_T006'], Test: S003_T002, Norm: fixed
/home/sangukchoi/.conda/envs/torch_gpu/lib/python3.10/site-packages/torch/nn/modules/rnn.py:123: UserWarning: dropout option adds dropout after all but last recurrent layer, so non-zero dropout expects num_layers greater than 1, but got dropout=0.3 and num_layers=1
  warnings.warn(
  Ep 1: Train 0.5222 | Val 0.2299 | Test 0.0197
Validation loss decreased (0.229891 --> 0.229891).  Saving model ...
  Ep 2: Train 0.2295 | Val 0.1688 | Test 0.0188
Validation loss decreased (0.168826 --> 0.168826).  Saving model ...
  Ep 3: Train 0.2043 | Val 0.1548 | Test 0.0254
Validation loss decreased (0.154830 --> 0.154830).  Saving model ...
  Ep 4: Train 0.1916 | Val 0.1503 | Test 0.0233
Validation loss decreased (0.150282 --> 0.150282).  Saving model ...
  Ep 5: Train 0.1853 | Val 0.1396 | Test 0.0222
Validation loss decreased (0.139550 --> 0.139550).  Saving model ...
  Ep 6: Train 0.1801 | Val 0.1362 | Test 0.0213
Validation loss decreased (0.136221 --> 0.136221).  Saving model ...
  Ep 7: Train 0.1738 | Val 0.1333 | Test 0.0207
Validation loss decreased (0.133316 --> 0.133316).  Saving model ...
  Ep 8: Train 0.1692 | Val 0.1363 | Test 0.0229
EarlyStopping counter: 1 out of 5
  Ep 9: Train 0.1639 | Val 0.1326 | Test 0.0232
Validation loss decreased (0.132618 --> 0.132618).  Saving model ...
  Ep 10: Train 0.1590 | Val 0.1277 | Test 0.0238
Validation loss decreased (0.127705 --> 0.127705).  Saving model ...
  Ep 11: Train 0.1595 | Val 0.1264 | Test 0.0226
Validation loss decreased (0.126360 --> 0.126360).  Saving model ...
  Ep 12: Train 0.1575 | Val 0.1274 | Test 0.0217
EarlyStopping counter: 1 out of 5
  Ep 13: Train 0.1562 | Val 0.1214 | Test 0.0206
Validation loss decreased (0.121422 --> 0.121422).  Saving model ...
  Ep 14: Train 0.1540 | Val 0.1192 | Test 0.0219
Validation loss decreased (0.119244 --> 0.119244).  Saving model ...
  Ep 15: Train 0.1511 | Val 0.1148 | Test 0.0230
Validation loss decreased (0.114844 --> 0.114844).  Saving model ...
  Ep 16: Train 0.1516 | Val 0.1276 | Test 0.0241
EarlyStopping counter: 1 out of 5
  Ep 17: Train 0.1499 | Val 0.1155 | Test 0.0251
EarlyStopping counter: 2 out of 5
  Ep 18: Train 0.1475 | Val 0.1154 | Test 0.0217
EarlyStopping counter: 3 out of 5
  Ep 19: Train 0.1493 | Val 0.1145 | Test 0.0217
EarlyStopping counter: 4 out of 5
  Ep 20: Train 0.1454 | Val 0.1171 | Test 0.0234
EarlyStopping counter: 5 out of 5
Early stopping triggered!
/home/sangukchoi/Stroke_SDA/sda_training.py:615: FutureWarning: You are using `torch.load` with `weights_only=False` (the current default value), which uses the default pickle module implicitly. It is possible to construct malicious pickle data which will execute arbitrary code during unpickling (See https://github.com/pytorch/pytorch/blob/main/SECURITY.md#untrusted-models for more details). In a future release, the default value for `weights_only` will be flipped to `True`. This limits the functions that could be executed during unpickling. Arbitrary objects will no longer be allowed to be loaded via this mode unless they are explicitly allowlisted by the user via `torch.serialization.add_safe_globals`. We recommend you start setting `weights_only=True` for any use case where you don't have full control of the loaded file. Please open an issue on GitHub for any issues related to this experimental feature.
  model.load_state_dict(torch.load(os.path.join(out_dir, 'best_model.pth')))
Final Test MSE (Best Model): 0.0230
Finished. Status: Success
