Starting Run on GPU 1
Time: 2025-12-24 14:08:57

[Run Start] Subject S003 | Mode ['SDA'] | Params: L2.5_LS0.7_LR0.0001_E64_D64_Dr0.3

[Fold 1 - SDA] Train: ['S003_T003', 'S003_T006'], Test: S003_T002, Norm: fixed
/home/sangukchoi/.conda/envs/torch_gpu/lib/python3.10/site-packages/torch/nn/modules/rnn.py:123: UserWarning: dropout option adds dropout after all but last recurrent layer, so non-zero dropout expects num_layers greater than 1, but got dropout=0.3 and num_layers=1
  warnings.warn(
  Ep 1: Train 0.9011 | Val 0.8179 | Test 0.2381
Validation loss decreased (0.817867 --> 0.817867).  Saving model ...
  Ep 2: Train 0.5788 | Val 0.3885 | Test 0.0410
Validation loss decreased (0.388528 --> 0.388528).  Saving model ...
  Ep 3: Train 0.4098 | Val 0.3057 | Test 0.0267
Validation loss decreased (0.305729 --> 0.305729).  Saving model ...
  Ep 4: Train 0.3689 | Val 0.2675 | Test 0.0231
Validation loss decreased (0.267523 --> 0.267523).  Saving model ...
  Ep 5: Train 0.3480 | Val 0.2478 | Test 0.0232
Validation loss decreased (0.247798 --> 0.247798).  Saving model ...
  Ep 6: Train 0.3342 | Val 0.2378 | Test 0.0230
Validation loss decreased (0.237807 --> 0.237807).  Saving model ...
  Ep 7: Train 0.3326 | Val 0.2283 | Test 0.0226
Validation loss decreased (0.228345 --> 0.228345).  Saving model ...
  Ep 8: Train 0.3210 | Val 0.2430 | Test 0.0254
EarlyStopping counter: 1 out of 5
  Ep 9: Train 0.3180 | Val 0.2458 | Test 0.0265
EarlyStopping counter: 2 out of 5
  Ep 10: Train 0.3109 | Val 0.2336 | Test 0.0274
EarlyStopping counter: 3 out of 5
  Ep 11: Train 0.3004 | Val 0.2336 | Test 0.0256
EarlyStopping counter: 4 out of 5
  Ep 12: Train 0.3040 | Val 0.2344 | Test 0.0254
EarlyStopping counter: 5 out of 5
Early stopping triggered!
/home/sangukchoi/Stroke_SDA/sda_training.py:615: FutureWarning: You are using `torch.load` with `weights_only=False` (the current default value), which uses the default pickle module implicitly. It is possible to construct malicious pickle data which will execute arbitrary code during unpickling (See https://github.com/pytorch/pytorch/blob/main/SECURITY.md#untrusted-models for more details). In a future release, the default value for `weights_only` will be flipped to `True`. This limits the functions that could be executed during unpickling. Arbitrary objects will no longer be allowed to be loaded via this mode unless they are explicitly allowlisted by the user via `torch.serialization.add_safe_globals`. We recommend you start setting `weights_only=True` for any use case where you don't have full control of the loaded file. Please open an issue on GitHub for any issues related to this experimental feature.
  model.load_state_dict(torch.load(os.path.join(out_dir, 'best_model.pth')))
Final Test MSE (Best Model): 0.0226
Finished. Status: Success
