Starting Run on GPU 1
Time: 2025-12-24 12:40:10

[Run Start] Subject S003 | Mode ['SDA'] | Params: L1.5_LS0.7_LR0.0001_E256_D32_Dr0.3

[Fold 1 - SDA] Train: ['S003_T003', 'S003_T006'], Test: S003_T002, Norm: fixed
/home/sangukchoi/.conda/envs/torch_gpu/lib/python3.10/site-packages/torch/nn/modules/rnn.py:123: UserWarning: dropout option adds dropout after all but last recurrent layer, so non-zero dropout expects num_layers greater than 1, but got dropout=0.3 and num_layers=1
  warnings.warn(
  Ep 1: Train 0.3688 | Val 0.2397 | Test 0.0207
Validation loss decreased (0.239670 --> 0.239670).  Saving model ...
  Ep 2: Train 0.2378 | Val 0.1824 | Test 0.0262
Validation loss decreased (0.182356 --> 0.182356).  Saving model ...
  Ep 3: Train 0.2223 | Val 0.1819 | Test 0.0262
EarlyStopping counter: 1 out of 5
  Ep 4: Train 0.2118 | Val 0.1579 | Test 0.0222
Validation loss decreased (0.157875 --> 0.157875).  Saving model ...
  Ep 5: Train 0.2009 | Val 0.1517 | Test 0.0192
Validation loss decreased (0.151736 --> 0.151736).  Saving model ...
  Ep 6: Train 0.1931 | Val 0.1432 | Test 0.0217
Validation loss decreased (0.143204 --> 0.143204).  Saving model ...
  Ep 7: Train 0.1877 | Val 0.1447 | Test 0.0234
EarlyStopping counter: 1 out of 5
  Ep 8: Train 0.1848 | Val 0.1398 | Test 0.0232
Validation loss decreased (0.139765 --> 0.139765).  Saving model ...
  Ep 9: Train 0.1790 | Val 0.1303 | Test 0.0198
Validation loss decreased (0.130256 --> 0.130256).  Saving model ...
  Ep 10: Train 0.1789 | Val 0.1330 | Test 0.0185
EarlyStopping counter: 1 out of 5
  Ep 11: Train 0.1773 | Val 0.1319 | Test 0.0223
EarlyStopping counter: 2 out of 5
  Ep 12: Train 0.1759 | Val 0.1379 | Test 0.0236
EarlyStopping counter: 3 out of 5
  Ep 13: Train 0.1741 | Val 0.1453 | Test 0.0268
EarlyStopping counter: 4 out of 5
  Ep 14: Train 0.1731 | Val 0.1336 | Test 0.0229
EarlyStopping counter: 5 out of 5
Early stopping triggered!
/home/sangukchoi/Stroke_SDA/sda_training.py:615: FutureWarning: You are using `torch.load` with `weights_only=False` (the current default value), which uses the default pickle module implicitly. It is possible to construct malicious pickle data which will execute arbitrary code during unpickling (See https://github.com/pytorch/pytorch/blob/main/SECURITY.md#untrusted-models for more details). In a future release, the default value for `weights_only` will be flipped to `True`. This limits the functions that could be executed during unpickling. Arbitrary objects will no longer be allowed to be loaded via this mode unless they are explicitly allowlisted by the user via `torch.serialization.add_safe_globals`. We recommend you start setting `weights_only=True` for any use case where you don't have full control of the loaded file. Please open an issue on GitHub for any issues related to this experimental feature.
  model.load_state_dict(torch.load(os.path.join(out_dir, 'best_model.pth')))
Final Test MSE (Best Model): 0.0198
Finished. Status: Success
