Starting Run on GPU 2
Time: 2025-12-24 11:42:51

[Run Start] Subject S003 | Mode ['SDA'] | Params: L0.5_LS1.0_LR0.0001_E128_D128_Dr0.3

[Fold 1 - SDA] Train: ['S003_T003', 'S003_T006'], Test: S003_T002, Norm: fixed
/home/sangukchoi/.conda/envs/torch_gpu/lib/python3.10/site-packages/torch/nn/modules/rnn.py:123: UserWarning: dropout option adds dropout after all but last recurrent layer, so non-zero dropout expects num_layers greater than 1, but got dropout=0.3 and num_layers=1
  warnings.warn(
  Ep 1: Train 0.2892 | Val 0.1436 | Test 0.0272
Validation loss decreased (0.143569 --> 0.143569).  Saving model ...
  Ep 2: Train 0.1398 | Val 0.1009 | Test 0.0187
Validation loss decreased (0.100945 --> 0.100945).  Saving model ...
  Ep 3: Train 0.1197 | Val 0.0913 | Test 0.0210
Validation loss decreased (0.091338 --> 0.091338).  Saving model ...
  Ep 4: Train 0.1125 | Val 0.0879 | Test 0.0254
Validation loss decreased (0.087853 --> 0.087853).  Saving model ...
  Ep 5: Train 0.1074 | Val 0.0830 | Test 0.0227
Validation loss decreased (0.082958 --> 0.082958).  Saving model ...
  Ep 6: Train 0.1067 | Val 0.0839 | Test 0.0285
EarlyStopping counter: 1 out of 5
  Ep 7: Train 0.1036 | Val 0.0785 | Test 0.0273
Validation loss decreased (0.078517 --> 0.078517).  Saving model ...
  Ep 8: Train 0.0989 | Val 0.0755 | Test 0.0265
Validation loss decreased (0.075481 --> 0.075481).  Saving model ...
  Ep 9: Train 0.0974 | Val 0.0712 | Test 0.0287
Validation loss decreased (0.071187 --> 0.071187).  Saving model ...
  Ep 10: Train 0.0967 | Val 0.0772 | Test 0.0290
EarlyStopping counter: 1 out of 5
  Ep 11: Train 0.0934 | Val 0.0740 | Test 0.0390
EarlyStopping counter: 2 out of 5
  Ep 12: Train 0.0920 | Val 0.0685 | Test 0.0330
Validation loss decreased (0.068464 --> 0.068464).  Saving model ...
  Ep 13: Train 0.0909 | Val 0.0685 | Test 0.0390
EarlyStopping counter: 1 out of 5
  Ep 14: Train 0.0919 | Val 0.0689 | Test 0.0398
EarlyStopping counter: 2 out of 5
  Ep 15: Train 0.0879 | Val 0.0692 | Test 0.0345
EarlyStopping counter: 3 out of 5
  Ep 16: Train 0.0894 | Val 0.0687 | Test 0.0367
EarlyStopping counter: 4 out of 5
  Ep 17: Train 0.0877 | Val 0.0646 | Test 0.0392
Validation loss decreased (0.064562 --> 0.064562).  Saving model ...
  Ep 18: Train 0.0870 | Val 0.0658 | Test 0.0454
EarlyStopping counter: 1 out of 5
  Ep 19: Train 0.0868 | Val 0.0622 | Test 0.0438
Validation loss decreased (0.062177 --> 0.062177).  Saving model ...
  Ep 20: Train 0.0847 | Val 0.0675 | Test 0.0417
EarlyStopping counter: 1 out of 5
  Ep 21: Train 0.0846 | Val 0.0656 | Test 0.0474
EarlyStopping counter: 2 out of 5
  Ep 22: Train 0.0834 | Val 0.0661 | Test 0.0388
EarlyStopping counter: 3 out of 5
  Ep 23: Train 0.0839 | Val 0.0689 | Test 0.0451
EarlyStopping counter: 4 out of 5
  Ep 24: Train 0.0812 | Val 0.0665 | Test 0.0336
EarlyStopping counter: 5 out of 5
Early stopping triggered!
/home/sangukchoi/Stroke_SDA/sda_training.py:615: FutureWarning: You are using `torch.load` with `weights_only=False` (the current default value), which uses the default pickle module implicitly. It is possible to construct malicious pickle data which will execute arbitrary code during unpickling (See https://github.com/pytorch/pytorch/blob/main/SECURITY.md#untrusted-models for more details). In a future release, the default value for `weights_only` will be flipped to `True`. This limits the functions that could be executed during unpickling. Arbitrary objects will no longer be allowed to be loaded via this mode unless they are explicitly allowlisted by the user via `torch.serialization.add_safe_globals`. We recommend you start setting `weights_only=True` for any use case where you don't have full control of the loaded file. Please open an issue on GitHub for any issues related to this experimental feature.
  model.load_state_dict(torch.load(os.path.join(out_dir, 'best_model.pth')))
Final Test MSE (Best Model): 0.0438
Finished. Status: Success
