Starting Run on GPU 2
Time: 2025-12-24 13:01:55

[Run Start] Subject S003 | Mode ['SDA'] | Params: L1.5_LS1.0_LR0.0001_E256_D128_Dr0.3

[Fold 1 - SDA] Train: ['S003_T003', 'S003_T006'], Test: S003_T002, Norm: fixed
/home/sangukchoi/.conda/envs/torch_gpu/lib/python3.10/site-packages/torch/nn/modules/rnn.py:123: UserWarning: dropout option adds dropout after all but last recurrent layer, so non-zero dropout expects num_layers greater than 1, but got dropout=0.3 and num_layers=1
  warnings.warn(
  Ep 1: Train 0.3930 | Val 0.2745 | Test 0.0186
Validation loss decreased (0.274486 --> 0.274486).  Saving model ...
  Ep 2: Train 0.2589 | Val 0.2089 | Test 0.0259
Validation loss decreased (0.208900 --> 0.208900).  Saving model ...
  Ep 3: Train 0.2261 | Val 0.2222 | Test 0.0337
EarlyStopping counter: 1 out of 5
  Ep 4: Train 0.2136 | Val 0.1701 | Test 0.0255
Validation loss decreased (0.170109 --> 0.170109).  Saving model ...
  Ep 5: Train 0.2089 | Val 0.1571 | Test 0.0197
Validation loss decreased (0.157074 --> 0.157074).  Saving model ...
  Ep 6: Train 0.2054 | Val 0.1633 | Test 0.0300
EarlyStopping counter: 1 out of 5
  Ep 7: Train 0.1998 | Val 0.1551 | Test 0.0248
Validation loss decreased (0.155066 --> 0.155066).  Saving model ...
  Ep 8: Train 0.1952 | Val 0.1628 | Test 0.0233
EarlyStopping counter: 1 out of 5
  Ep 9: Train 0.1971 | Val 0.1508 | Test 0.0216
Validation loss decreased (0.150754 --> 0.150754).  Saving model ...
  Ep 10: Train 0.1913 | Val 0.1521 | Test 0.0211
EarlyStopping counter: 1 out of 5
  Ep 11: Train 0.1888 | Val 0.1537 | Test 0.0270
EarlyStopping counter: 2 out of 5
  Ep 12: Train 0.1895 | Val 0.1496 | Test 0.0221
Validation loss decreased (0.149598 --> 0.149598).  Saving model ...
  Ep 13: Train 0.1836 | Val 0.1454 | Test 0.0213
Validation loss decreased (0.145437 --> 0.145437).  Saving model ...
  Ep 14: Train 0.1828 | Val 0.1389 | Test 0.0206
Validation loss decreased (0.138869 --> 0.138869).  Saving model ...
  Ep 15: Train 0.1864 | Val 0.1399 | Test 0.0268
EarlyStopping counter: 1 out of 5
  Ep 16: Train 0.1831 | Val 0.1258 | Test 0.0204
Validation loss decreased (0.125812 --> 0.125812).  Saving model ...
  Ep 17: Train 0.1783 | Val 0.1319 | Test 0.0218
EarlyStopping counter: 1 out of 5
  Ep 18: Train 0.1811 | Val 0.1379 | Test 0.0240
EarlyStopping counter: 2 out of 5
  Ep 19: Train 0.1761 | Val 0.1379 | Test 0.0234
EarlyStopping counter: 3 out of 5
  Ep 20: Train 0.1756 | Val 0.1501 | Test 0.0229
EarlyStopping counter: 4 out of 5
  Ep 21: Train 0.1793 | Val 0.1340 | Test 0.0249
EarlyStopping counter: 5 out of 5
Early stopping triggered!
/home/sangukchoi/Stroke_SDA/sda_training.py:615: FutureWarning: You are using `torch.load` with `weights_only=False` (the current default value), which uses the default pickle module implicitly. It is possible to construct malicious pickle data which will execute arbitrary code during unpickling (See https://github.com/pytorch/pytorch/blob/main/SECURITY.md#untrusted-models for more details). In a future release, the default value for `weights_only` will be flipped to `True`. This limits the functions that could be executed during unpickling. Arbitrary objects will no longer be allowed to be loaded via this mode unless they are explicitly allowlisted by the user via `torch.serialization.add_safe_globals`. We recommend you start setting `weights_only=True` for any use case where you don't have full control of the loaded file. Please open an issue on GitHub for any issues related to this experimental feature.
  model.load_state_dict(torch.load(os.path.join(out_dir, 'best_model.pth')))
Final Test MSE (Best Model): 0.0204
Finished. Status: Success
