Starting Run on GPU 2
Time: 2025-12-24 15:13:43

[Run Start] Subject S003 | Mode ['SDA'] | Params: L3.0_LS1.0_LR0.0001_E64_D128_Dr0.3

[Fold 1 - SDA] Train: ['S003_T003', 'S003_T006'], Test: S003_T002, Norm: fixed
/home/sangukchoi/.conda/envs/torch_gpu/lib/python3.10/site-packages/torch/nn/modules/rnn.py:123: UserWarning: dropout option adds dropout after all but last recurrent layer, so non-zero dropout expects num_layers greater than 1, but got dropout=0.3 and num_layers=1
  warnings.warn(
  Ep 1: Train 0.9434 | Val 0.6793 | Test 0.0697
Validation loss decreased (0.679301 --> 0.679301).  Saving model ...
  Ep 2: Train 0.5640 | Val 0.4415 | Test 0.0287
Validation loss decreased (0.441525 --> 0.441525).  Saving model ...
  Ep 3: Train 0.4490 | Val 0.3528 | Test 0.0245
Validation loss decreased (0.352814 --> 0.352814).  Saving model ...
  Ep 4: Train 0.4169 | Val 0.3430 | Test 0.0275
Validation loss decreased (0.342952 --> 0.342952).  Saving model ...
  Ep 5: Train 0.4040 | Val 0.3175 | Test 0.0237
Validation loss decreased (0.317454 --> 0.317454).  Saving model ...
  Ep 6: Train 0.3973 | Val 0.3116 | Test 0.0247
Validation loss decreased (0.311638 --> 0.311638).  Saving model ...
  Ep 7: Train 0.3908 | Val 0.3122 | Test 0.0251
EarlyStopping counter: 1 out of 5
  Ep 8: Train 0.3825 | Val 0.3001 | Test 0.0248
Validation loss decreased (0.300115 --> 0.300115).  Saving model ...
  Ep 9: Train 0.3798 | Val 0.2931 | Test 0.0232
Validation loss decreased (0.293094 --> 0.293094).  Saving model ...
  Ep 10: Train 0.3782 | Val 0.3115 | Test 0.0276
EarlyStopping counter: 1 out of 5
  Ep 11: Train 0.3629 | Val 0.2967 | Test 0.0258
EarlyStopping counter: 2 out of 5
  Ep 12: Train 0.3701 | Val 0.3008 | Test 0.0252
EarlyStopping counter: 3 out of 5
  Ep 13: Train 0.3692 | Val 0.2818 | Test 0.0219
Validation loss decreased (0.281775 --> 0.281775).  Saving model ...
  Ep 14: Train 0.3631 | Val 0.3181 | Test 0.0273
EarlyStopping counter: 1 out of 5
  Ep 15: Train 0.3608 | Val 0.2714 | Test 0.0217
Validation loss decreased (0.271417 --> 0.271417).  Saving model ...
  Ep 16: Train 0.3524 | Val 0.2953 | Test 0.0255
EarlyStopping counter: 1 out of 5
  Ep 17: Train 0.3548 | Val 0.2741 | Test 0.0225
EarlyStopping counter: 2 out of 5
  Ep 18: Train 0.3517 | Val 0.2762 | Test 0.0233
EarlyStopping counter: 3 out of 5
  Ep 19: Train 0.3442 | Val 0.2766 | Test 0.0239
EarlyStopping counter: 4 out of 5
  Ep 20: Train 0.3412 | Val 0.2834 | Test 0.0250
EarlyStopping counter: 5 out of 5
Early stopping triggered!
/home/sangukchoi/Stroke_SDA/sda_training.py:615: FutureWarning: You are using `torch.load` with `weights_only=False` (the current default value), which uses the default pickle module implicitly. It is possible to construct malicious pickle data which will execute arbitrary code during unpickling (See https://github.com/pytorch/pytorch/blob/main/SECURITY.md#untrusted-models for more details). In a future release, the default value for `weights_only` will be flipped to `True`. This limits the functions that could be executed during unpickling. Arbitrary objects will no longer be allowed to be loaded via this mode unless they are explicitly allowlisted by the user via `torch.serialization.add_safe_globals`. We recommend you start setting `weights_only=True` for any use case where you don't have full control of the loaded file. Please open an issue on GitHub for any issues related to this experimental feature.
  model.load_state_dict(torch.load(os.path.join(out_dir, 'best_model.pth')))
Final Test MSE (Best Model): 0.0217
Finished. Status: Success
