Starting Run on GPU 0
Time: 2025-12-24 13:02:04

[Run Start] Subject S003 | Mode ['SDA'] | Params: L2.0_LS0.7_LR0.0001_E64_D32_Dr0.3

[Fold 1 - SDA] Train: ['S003_T003', 'S003_T006'], Test: S003_T002, Norm: fixed
/home/sangukchoi/.conda/envs/torch_gpu/lib/python3.10/site-packages/torch/nn/modules/rnn.py:123: UserWarning: dropout option adds dropout after all but last recurrent layer, so non-zero dropout expects num_layers greater than 1, but got dropout=0.3 and num_layers=1
  warnings.warn(
  Ep 1: Train 0.6806 | Val 0.3793 | Test 0.0304
Validation loss decreased (0.379326 --> 0.379326).  Saving model ...
  Ep 2: Train 0.3748 | Val 0.3128 | Test 0.0253
Validation loss decreased (0.312767 --> 0.312767).  Saving model ...
  Ep 3: Train 0.3348 | Val 0.2672 | Test 0.0247
Validation loss decreased (0.267186 --> 0.267186).  Saving model ...
  Ep 4: Train 0.3062 | Val 0.2443 | Test 0.0232
Validation loss decreased (0.244349 --> 0.244349).  Saving model ...
  Ep 5: Train 0.2909 | Val 0.2230 | Test 0.0233
Validation loss decreased (0.222986 --> 0.222986).  Saving model ...
  Ep 6: Train 0.2829 | Val 0.2186 | Test 0.0273
Validation loss decreased (0.218587 --> 0.218587).  Saving model ...
  Ep 7: Train 0.2719 | Val 0.2088 | Test 0.0235
Validation loss decreased (0.208772 --> 0.208772).  Saving model ...
  Ep 8: Train 0.2707 | Val 0.2057 | Test 0.0236
Validation loss decreased (0.205746 --> 0.205746).  Saving model ...
  Ep 9: Train 0.2619 | Val 0.2006 | Test 0.0248
Validation loss decreased (0.200581 --> 0.200581).  Saving model ...
  Ep 10: Train 0.2594 | Val 0.1999 | Test 0.0235
Validation loss decreased (0.199935 --> 0.199935).  Saving model ...
  Ep 11: Train 0.2564 | Val 0.2009 | Test 0.0242
EarlyStopping counter: 1 out of 5
  Ep 12: Train 0.2544 | Val 0.1919 | Test 0.0237
Validation loss decreased (0.191851 --> 0.191851).  Saving model ...
  Ep 13: Train 0.2503 | Val 0.1933 | Test 0.0222
EarlyStopping counter: 1 out of 5
  Ep 14: Train 0.2457 | Val 0.1888 | Test 0.0232
Validation loss decreased (0.188803 --> 0.188803).  Saving model ...
  Ep 15: Train 0.2416 | Val 0.1905 | Test 0.0224
EarlyStopping counter: 1 out of 5
  Ep 16: Train 0.2424 | Val 0.2102 | Test 0.0261
EarlyStopping counter: 2 out of 5
  Ep 17: Train 0.2442 | Val 0.1849 | Test 0.0222
Validation loss decreased (0.184880 --> 0.184880).  Saving model ...
  Ep 18: Train 0.2339 | Val 0.1915 | Test 0.0228
EarlyStopping counter: 1 out of 5
  Ep 19: Train 0.2338 | Val 0.1867 | Test 0.0210
EarlyStopping counter: 2 out of 5
  Ep 20: Train 0.2319 | Val 0.1828 | Test 0.0216
Validation loss decreased (0.182755 --> 0.182755).  Saving model ...
  Ep 21: Train 0.2259 | Val 0.1908 | Test 0.0245
EarlyStopping counter: 1 out of 5
  Ep 22: Train 0.2274 | Val 0.1833 | Test 0.0227
EarlyStopping counter: 2 out of 5
  Ep 23: Train 0.2318 | Val 0.1762 | Test 0.0254
Validation loss decreased (0.176216 --> 0.176216).  Saving model ...
  Ep 24: Train 0.2262 | Val 0.1790 | Test 0.0218
EarlyStopping counter: 1 out of 5
  Ep 25: Train 0.2267 | Val 0.1769 | Test 0.0205
EarlyStopping counter: 2 out of 5
  Ep 26: Train 0.2262 | Val 0.1769 | Test 0.0247
EarlyStopping counter: 3 out of 5
  Ep 27: Train 0.2283 | Val 0.1689 | Test 0.0200
Validation loss decreased (0.168870 --> 0.168870).  Saving model ...
  Ep 28: Train 0.2219 | Val 0.1688 | Test 0.0199
EarlyStopping counter: 1 out of 5
  Ep 29: Train 0.2256 | Val 0.1777 | Test 0.0208
EarlyStopping counter: 2 out of 5
  Ep 30: Train 0.2261 | Val 0.1790 | Test 0.0227
EarlyStopping counter: 3 out of 5
  Ep 31: Train 0.2253 | Val 0.1722 | Test 0.0204
EarlyStopping counter: 4 out of 5
  Ep 32: Train 0.2182 | Val 0.1829 | Test 0.0210
EarlyStopping counter: 5 out of 5
Early stopping triggered!
/home/sangukchoi/Stroke_SDA/sda_training.py:615: FutureWarning: You are using `torch.load` with `weights_only=False` (the current default value), which uses the default pickle module implicitly. It is possible to construct malicious pickle data which will execute arbitrary code during unpickling (See https://github.com/pytorch/pytorch/blob/main/SECURITY.md#untrusted-models for more details). In a future release, the default value for `weights_only` will be flipped to `True`. This limits the functions that could be executed during unpickling. Arbitrary objects will no longer be allowed to be loaded via this mode unless they are explicitly allowlisted by the user via `torch.serialization.add_safe_globals`. We recommend you start setting `weights_only=True` for any use case where you don't have full control of the loaded file. Please open an issue on GitHub for any issues related to this experimental feature.
  model.load_state_dict(torch.load(os.path.join(out_dir, 'best_model.pth')))
Final Test MSE (Best Model): 0.0200
Finished. Status: Success
