Starting Run on GPU 3
Time: 2025-12-24 14:53:56

[Run Start] Subject S003 | Mode ['SDA'] | Params: L3.0_LS0.5_LR0.0001_E128_D64_Dr0.3

[Fold 1 - SDA] Train: ['S003_T003', 'S003_T006'], Test: S003_T002, Norm: fixed
/home/sangukchoi/.conda/envs/torch_gpu/lib/python3.10/site-packages/torch/nn/modules/rnn.py:123: UserWarning: dropout option adds dropout after all but last recurrent layer, so non-zero dropout expects num_layers greater than 1, but got dropout=0.3 and num_layers=1
  warnings.warn(
  Ep 1: Train 0.8258 | Val 0.7784 | Test 0.2609
Validation loss decreased (0.778423 --> 0.778423).  Saving model ...
  Ep 2: Train 0.7430 | Val 0.6504 | Test 0.1840
Validation loss decreased (0.650372 --> 0.650372).  Saving model ...
  Ep 3: Train 0.5258 | Val 0.4298 | Test 0.0396
Validation loss decreased (0.429830 --> 0.429830).  Saving model ...
  Ep 4: Train 0.4343 | Val 0.3500 | Test 0.0284
Validation loss decreased (0.350032 --> 0.350032).  Saving model ...
  Ep 5: Train 0.3967 | Val 0.2938 | Test 0.0235
Validation loss decreased (0.293795 --> 0.293795).  Saving model ...
  Ep 6: Train 0.3713 | Val 0.2812 | Test 0.0235
Validation loss decreased (0.281167 --> 0.281167).  Saving model ...
  Ep 7: Train 0.3640 | Val 0.3005 | Test 0.0344
EarlyStopping counter: 1 out of 5
  Ep 8: Train 0.3613 | Val 0.2884 | Test 0.0272
EarlyStopping counter: 2 out of 5
  Ep 9: Train 0.3470 | Val 0.2613 | Test 0.0264
Validation loss decreased (0.261287 --> 0.261287).  Saving model ...
  Ep 10: Train 0.3480 | Val 0.2529 | Test 0.0246
Validation loss decreased (0.252931 --> 0.252931).  Saving model ...
  Ep 11: Train 0.3507 | Val 0.2594 | Test 0.0295
EarlyStopping counter: 1 out of 5
  Ep 12: Train 0.3443 | Val 0.2393 | Test 0.0245
Validation loss decreased (0.239337 --> 0.239337).  Saving model ...
  Ep 13: Train 0.3320 | Val 0.2505 | Test 0.0293
EarlyStopping counter: 1 out of 5
  Ep 14: Train 0.3370 | Val 0.2510 | Test 0.0293
EarlyStopping counter: 2 out of 5
  Ep 15: Train 0.3284 | Val 0.2419 | Test 0.0281
EarlyStopping counter: 3 out of 5
  Ep 16: Train 0.3267 | Val 0.2396 | Test 0.0274
EarlyStopping counter: 4 out of 5
  Ep 17: Train 0.3252 | Val 0.2589 | Test 0.0317
EarlyStopping counter: 5 out of 5
Early stopping triggered!
/home/sangukchoi/Stroke_SDA/sda_training.py:615: FutureWarning: You are using `torch.load` with `weights_only=False` (the current default value), which uses the default pickle module implicitly. It is possible to construct malicious pickle data which will execute arbitrary code during unpickling (See https://github.com/pytorch/pytorch/blob/main/SECURITY.md#untrusted-models for more details). In a future release, the default value for `weights_only` will be flipped to `True`. This limits the functions that could be executed during unpickling. Arbitrary objects will no longer be allowed to be loaded via this mode unless they are explicitly allowlisted by the user via `torch.serialization.add_safe_globals`. We recommend you start setting `weights_only=True` for any use case where you don't have full control of the loaded file. Please open an issue on GitHub for any issues related to this experimental feature.
  model.load_state_dict(torch.load(os.path.join(out_dir, 'best_model.pth')))
Final Test MSE (Best Model): 0.0245
Finished. Status: Success
