Starting Run on GPU 3
Time: 2025-12-24 15:36:59

[Run Start] Subject S004 | Mode ['SDA'] | Params: L0.5_LS0.7_LR0.0001_E256_D32_Dr0.3

[Fold 1 - SDA] Train: ['S004_T003', 'S004_T005'], Test: S004_T001, Norm: fixed
/home/sangukchoi/.conda/envs/torch_gpu/lib/python3.10/site-packages/torch/nn/modules/rnn.py:123: UserWarning: dropout option adds dropout after all but last recurrent layer, so non-zero dropout expects num_layers greater than 1, but got dropout=0.3 and num_layers=1
  warnings.warn(
  Ep 1: Train 0.1948 | Val 0.1358 | Test 0.1049
Validation loss decreased (0.135801 --> 0.135801).  Saving model ...
  Ep 2: Train 0.1102 | Val 0.1170 | Test 0.1324
Validation loss decreased (0.117027 --> 0.117027).  Saving model ...
  Ep 3: Train 0.0938 | Val 0.1089 | Test 0.1292
Validation loss decreased (0.108881 --> 0.108881).  Saving model ...
  Ep 4: Train 0.0887 | Val 0.1019 | Test 0.1285
Validation loss decreased (0.101865 --> 0.101865).  Saving model ...
  Ep 5: Train 0.0852 | Val 0.1114 | Test 0.1424
EarlyStopping counter: 1 out of 5
  Ep 6: Train 0.0812 | Val 0.1108 | Test 0.1258
EarlyStopping counter: 2 out of 5
  Ep 7: Train 0.0779 | Val 0.1172 | Test 0.1396
EarlyStopping counter: 3 out of 5
  Ep 8: Train 0.0759 | Val 0.1009 | Test 0.1582
Validation loss decreased (0.100907 --> 0.100907).  Saving model ...
  Ep 9: Train 0.0744 | Val 0.1034 | Test 0.1552
EarlyStopping counter: 1 out of 5
  Ep 10: Train 0.0713 | Val 0.0942 | Test 0.1527
Validation loss decreased (0.094184 --> 0.094184).  Saving model ...
  Ep 11: Train 0.0700 | Val 0.0924 | Test 0.1446
Validation loss decreased (0.092439 --> 0.092439).  Saving model ...
  Ep 12: Train 0.0684 | Val 0.0923 | Test 0.1535
EarlyStopping counter: 1 out of 5
  Ep 13: Train 0.0659 | Val 0.0981 | Test 0.1499
EarlyStopping counter: 2 out of 5
  Ep 14: Train 0.0668 | Val 0.0904 | Test 0.1451
Validation loss decreased (0.090392 --> 0.090392).  Saving model ...
  Ep 15: Train 0.0658 | Val 0.0930 | Test 0.1617
EarlyStopping counter: 1 out of 5
  Ep 16: Train 0.0650 | Val 0.0926 | Test 0.1280
EarlyStopping counter: 2 out of 5
  Ep 17: Train 0.0633 | Val 0.0914 | Test 0.1392
EarlyStopping counter: 3 out of 5
  Ep 18: Train 0.0628 | Val 0.0978 | Test 0.1512
EarlyStopping counter: 4 out of 5
  Ep 19: Train 0.0622 | Val 0.0849 | Test 0.1420
Validation loss decreased (0.084851 --> 0.084851).  Saving model ...
  Ep 20: Train 0.0627 | Val 0.0976 | Test 0.1373
EarlyStopping counter: 1 out of 5
  Ep 21: Train 0.0630 | Val 0.0829 | Test 0.1405
Validation loss decreased (0.082898 --> 0.082898).  Saving model ...
  Ep 22: Train 0.0615 | Val 0.0847 | Test 0.1248
EarlyStopping counter: 1 out of 5
  Ep 23: Train 0.0621 | Val 0.0853 | Test 0.1483
EarlyStopping counter: 2 out of 5
  Ep 24: Train 0.0612 | Val 0.0818 | Test 0.1333
Validation loss decreased (0.081763 --> 0.081763).  Saving model ...
  Ep 25: Train 0.0597 | Val 0.0855 | Test 0.1223
EarlyStopping counter: 1 out of 5
  Ep 26: Train 0.0599 | Val 0.0846 | Test 0.1366
EarlyStopping counter: 2 out of 5
  Ep 27: Train 0.0588 | Val 0.0861 | Test 0.1461
EarlyStopping counter: 3 out of 5
  Ep 28: Train 0.0585 | Val 0.0853 | Test 0.1259
EarlyStopping counter: 4 out of 5
  Ep 29: Train 0.0592 | Val 0.0879 | Test 0.1420
EarlyStopping counter: 5 out of 5
Early stopping triggered!
/home/sangukchoi/Stroke_SDA/sda_training.py:615: FutureWarning: You are using `torch.load` with `weights_only=False` (the current default value), which uses the default pickle module implicitly. It is possible to construct malicious pickle data which will execute arbitrary code during unpickling (See https://github.com/pytorch/pytorch/blob/main/SECURITY.md#untrusted-models for more details). In a future release, the default value for `weights_only` will be flipped to `True`. This limits the functions that could be executed during unpickling. Arbitrary objects will no longer be allowed to be loaded via this mode unless they are explicitly allowlisted by the user via `torch.serialization.add_safe_globals`. We recommend you start setting `weights_only=True` for any use case where you don't have full control of the loaded file. Please open an issue on GitHub for any issues related to this experimental feature.
  model.load_state_dict(torch.load(os.path.join(out_dir, 'best_model.pth')))
Final Test MSE (Best Model): 0.1333
Finished. Status: Success
