Starting Run on GPU 0
Time: 2025-12-24 16:36:40

[Run Start] Subject S004 | Mode ['SDA'] | Params: L2.0_LS0.7_LR0.0001_E128_D64_Dr0.3

[Fold 1 - SDA] Train: ['S004_T003', 'S004_T005'], Test: S004_T001, Norm: fixed
/home/sangukchoi/.conda/envs/torch_gpu/lib/python3.10/site-packages/torch/nn/modules/rnn.py:123: UserWarning: dropout option adds dropout after all but last recurrent layer, so non-zero dropout expects num_layers greater than 1, but got dropout=0.3 and num_layers=1
  warnings.warn(
  Ep 1: Train 0.4609 | Val 0.4703 | Test 0.1367
Validation loss decreased (0.470284 --> 0.470284).  Saving model ...
  Ep 2: Train 0.3094 | Val 0.4038 | Test 0.1430
Validation loss decreased (0.403836 --> 0.403836).  Saving model ...
  Ep 3: Train 0.2813 | Val 0.3447 | Test 0.1538
Validation loss decreased (0.344689 --> 0.344689).  Saving model ...
  Ep 4: Train 0.2696 | Val 0.3158 | Test 0.1394
Validation loss decreased (0.315803 --> 0.315803).  Saving model ...
  Ep 5: Train 0.2625 | Val 0.3405 | Test 0.1258
EarlyStopping counter: 1 out of 5
  Ep 6: Train 0.2565 | Val 0.3431 | Test 0.1328
EarlyStopping counter: 2 out of 5
  Ep 7: Train 0.2529 | Val 0.3111 | Test 0.1302
Validation loss decreased (0.311115 --> 0.311115).  Saving model ...
  Ep 8: Train 0.2533 | Val 0.3378 | Test 0.1082
EarlyStopping counter: 1 out of 5
  Ep 9: Train 0.2443 | Val 0.3232 | Test 0.1053
EarlyStopping counter: 2 out of 5
  Ep 10: Train 0.2405 | Val 0.3359 | Test 0.1053
EarlyStopping counter: 3 out of 5
  Ep 11: Train 0.2353 | Val 0.3359 | Test 0.1001
EarlyStopping counter: 4 out of 5
  Ep 12: Train 0.2388 | Val 0.3047 | Test 0.1016
Validation loss decreased (0.304735 --> 0.304735).  Saving model ...
  Ep 13: Train 0.2320 | Val 0.3316 | Test 0.1073
EarlyStopping counter: 1 out of 5
  Ep 14: Train 0.2313 | Val 0.3287 | Test 0.1246
EarlyStopping counter: 2 out of 5
  Ep 15: Train 0.2304 | Val 0.3267 | Test 0.1253
EarlyStopping counter: 3 out of 5
  Ep 16: Train 0.2234 | Val 0.3350 | Test 0.1020
EarlyStopping counter: 4 out of 5
  Ep 17: Train 0.2202 | Val 0.3277 | Test 0.1021
EarlyStopping counter: 5 out of 5
Early stopping triggered!
/home/sangukchoi/Stroke_SDA/sda_training.py:615: FutureWarning: You are using `torch.load` with `weights_only=False` (the current default value), which uses the default pickle module implicitly. It is possible to construct malicious pickle data which will execute arbitrary code during unpickling (See https://github.com/pytorch/pytorch/blob/main/SECURITY.md#untrusted-models for more details). In a future release, the default value for `weights_only` will be flipped to `True`. This limits the functions that could be executed during unpickling. Arbitrary objects will no longer be allowed to be loaded via this mode unless they are explicitly allowlisted by the user via `torch.serialization.add_safe_globals`. We recommend you start setting `weights_only=True` for any use case where you don't have full control of the loaded file. Please open an issue on GitHub for any issues related to this experimental feature.
  model.load_state_dict(torch.load(os.path.join(out_dir, 'best_model.pth')))
Final Test MSE (Best Model): 0.1016
Finished. Status: Success
