Starting Run on GPU 3
Time: 2025-12-24 17:09:55

[Run Start] Subject S004 | Mode ['SDA'] | Params: L2.5_LS0.7_LR0.0001_E64_D128_Dr0.3

[Fold 1 - SDA] Train: ['S004_T003', 'S004_T005'], Test: S004_T001, Norm: fixed
/home/sangukchoi/.conda/envs/torch_gpu/lib/python3.10/site-packages/torch/nn/modules/rnn.py:123: UserWarning: dropout option adds dropout after all but last recurrent layer, so non-zero dropout expects num_layers greater than 1, but got dropout=0.3 and num_layers=1
  warnings.warn(
  Ep 1: Train 0.5936 | Val 0.7038 | Test 0.1426
Validation loss decreased (0.703752 --> 0.703752).  Saving model ...
  Ep 2: Train 0.4224 | Val 0.5904 | Test 0.1559
Validation loss decreased (0.590443 --> 0.590443).  Saving model ...
  Ep 3: Train 0.3683 | Val 0.4972 | Test 0.1389
Validation loss decreased (0.497193 --> 0.497193).  Saving model ...
  Ep 4: Train 0.3511 | Val 0.4507 | Test 0.1381
Validation loss decreased (0.450744 --> 0.450744).  Saving model ...
  Ep 5: Train 0.3346 | Val 0.4443 | Test 0.1409
Validation loss decreased (0.444341 --> 0.444341).  Saving model ...
  Ep 6: Train 0.3291 | Val 0.4136 | Test 0.1374
Validation loss decreased (0.413650 --> 0.413650).  Saving model ...
  Ep 7: Train 0.3250 | Val 0.4222 | Test 0.1413
EarlyStopping counter: 1 out of 5
  Ep 8: Train 0.3220 | Val 0.4367 | Test 0.1340
EarlyStopping counter: 2 out of 5
  Ep 9: Train 0.3151 | Val 0.4034 | Test 0.1360
Validation loss decreased (0.403362 --> 0.403362).  Saving model ...
  Ep 10: Train 0.3107 | Val 0.4101 | Test 0.1270
EarlyStopping counter: 1 out of 5
  Ep 11: Train 0.3119 | Val 0.4178 | Test 0.1417
EarlyStopping counter: 2 out of 5
  Ep 12: Train 0.3091 | Val 0.4044 | Test 0.1411
EarlyStopping counter: 3 out of 5
  Ep 13: Train 0.3004 | Val 0.4094 | Test 0.1353
EarlyStopping counter: 4 out of 5
  Ep 14: Train 0.3046 | Val 0.4049 | Test 0.1297
EarlyStopping counter: 5 out of 5
Early stopping triggered!
/home/sangukchoi/Stroke_SDA/sda_training.py:615: FutureWarning: You are using `torch.load` with `weights_only=False` (the current default value), which uses the default pickle module implicitly. It is possible to construct malicious pickle data which will execute arbitrary code during unpickling (See https://github.com/pytorch/pytorch/blob/main/SECURITY.md#untrusted-models for more details). In a future release, the default value for `weights_only` will be flipped to `True`. This limits the functions that could be executed during unpickling. Arbitrary objects will no longer be allowed to be loaded via this mode unless they are explicitly allowlisted by the user via `torch.serialization.add_safe_globals`. We recommend you start setting `weights_only=True` for any use case where you don't have full control of the loaded file. Please open an issue on GitHub for any issues related to this experimental feature.
  model.load_state_dict(torch.load(os.path.join(out_dir, 'best_model.pth')))
Final Test MSE (Best Model): 0.1360
Finished. Status: Success
