Starting Run on GPU 3
Time: 2025-12-24 17:45:13

[Run Start] Subject S004 | Mode ['SDA'] | Params: L3.0_LS0.5_LR0.0001_E256_D32_Dr0.3

[Fold 1 - SDA] Train: ['S004_T003', 'S004_T005'], Test: S004_T001, Norm: fixed
/home/sangukchoi/.conda/envs/torch_gpu/lib/python3.10/site-packages/torch/nn/modules/rnn.py:123: UserWarning: dropout option adds dropout after all but last recurrent layer, so non-zero dropout expects num_layers greater than 1, but got dropout=0.3 and num_layers=1
  warnings.warn(
  Ep 1: Train 0.5338 | Val 0.7822 | Test 0.1391
Validation loss decreased (0.782248 --> 0.782248).  Saving model ...
  Ep 2: Train 0.3942 | Val 0.5165 | Test 0.1723
Validation loss decreased (0.516486 --> 0.516486).  Saving model ...
  Ep 3: Train 0.3627 | Val 0.4841 | Test 0.1785
Validation loss decreased (0.484116 --> 0.484116).  Saving model ...
  Ep 4: Train 0.3500 | Val 0.4730 | Test 0.1831
Validation loss decreased (0.472957 --> 0.472957).  Saving model ...
  Ep 5: Train 0.3349 | Val 0.5222 | Test 0.1471
EarlyStopping counter: 1 out of 5
  Ep 6: Train 0.3263 | Val 0.4703 | Test 0.1547
Validation loss decreased (0.470320 --> 0.470320).  Saving model ...
  Ep 7: Train 0.3301 | Val 0.4848 | Test 0.1901
EarlyStopping counter: 1 out of 5
  Ep 8: Train 0.3160 | Val 0.5065 | Test 0.1519
EarlyStopping counter: 2 out of 5
  Ep 9: Train 0.3127 | Val 0.5245 | Test 0.1347
EarlyStopping counter: 3 out of 5
  Ep 10: Train 0.3093 | Val 0.4965 | Test 0.1337
EarlyStopping counter: 4 out of 5
  Ep 11: Train 0.3205 | Val 0.5393 | Test 0.1505
EarlyStopping counter: 5 out of 5
Early stopping triggered!
/home/sangukchoi/Stroke_SDA/sda_training.py:615: FutureWarning: You are using `torch.load` with `weights_only=False` (the current default value), which uses the default pickle module implicitly. It is possible to construct malicious pickle data which will execute arbitrary code during unpickling (See https://github.com/pytorch/pytorch/blob/main/SECURITY.md#untrusted-models for more details). In a future release, the default value for `weights_only` will be flipped to `True`. This limits the functions that could be executed during unpickling. Arbitrary objects will no longer be allowed to be loaded via this mode unless they are explicitly allowlisted by the user via `torch.serialization.add_safe_globals`. We recommend you start setting `weights_only=True` for any use case where you don't have full control of the loaded file. Please open an issue on GitHub for any issues related to this experimental feature.
  model.load_state_dict(torch.load(os.path.join(out_dir, 'best_model.pth')))
Final Test MSE (Best Model): 0.1547
Finished. Status: Success
