Starting Run on GPU 1
Time: 2025-12-24 17:05:48

[Run Start] Subject S004 | Mode ['SDA'] | Params: L2.5_LS0.5_LR0.0001_E256_D32_Dr0.3

[Fold 1 - SDA] Train: ['S004_T003', 'S004_T005'], Test: S004_T001, Norm: fixed
/home/sangukchoi/.conda/envs/torch_gpu/lib/python3.10/site-packages/torch/nn/modules/rnn.py:123: UserWarning: dropout option adds dropout after all but last recurrent layer, so non-zero dropout expects num_layers greater than 1, but got dropout=0.3 and num_layers=1
  warnings.warn(
  Ep 1: Train 0.4598 | Val 0.5253 | Test 0.1824
Validation loss decreased (0.525271 --> 0.525271).  Saving model ...
  Ep 2: Train 0.3291 | Val 0.4218 | Test 0.1727
Validation loss decreased (0.421841 --> 0.421841).  Saving model ...
  Ep 3: Train 0.3076 | Val 0.4048 | Test 0.1605
Validation loss decreased (0.404836 --> 0.404836).  Saving model ...
  Ep 4: Train 0.2945 | Val 0.4038 | Test 0.1714
Validation loss decreased (0.403846 --> 0.403846).  Saving model ...
  Ep 5: Train 0.2850 | Val 0.3998 | Test 0.1491
Validation loss decreased (0.399764 --> 0.399764).  Saving model ...
  Ep 6: Train 0.2752 | Val 0.4269 | Test 0.1580
EarlyStopping counter: 1 out of 5
  Ep 7: Train 0.2763 | Val 0.4274 | Test 0.1431
EarlyStopping counter: 2 out of 5
  Ep 8: Train 0.2682 | Val 0.4290 | Test 0.1427
EarlyStopping counter: 3 out of 5
  Ep 9: Train 0.2689 | Val 0.4230 | Test 0.1325
EarlyStopping counter: 4 out of 5
  Ep 10: Train 0.2683 | Val 0.4151 | Test 0.1307
EarlyStopping counter: 5 out of 5
Early stopping triggered!
/home/sangukchoi/Stroke_SDA/sda_training.py:615: FutureWarning: You are using `torch.load` with `weights_only=False` (the current default value), which uses the default pickle module implicitly. It is possible to construct malicious pickle data which will execute arbitrary code during unpickling (See https://github.com/pytorch/pytorch/blob/main/SECURITY.md#untrusted-models for more details). In a future release, the default value for `weights_only` will be flipped to `True`. This limits the functions that could be executed during unpickling. Arbitrary objects will no longer be allowed to be loaded via this mode unless they are explicitly allowlisted by the user via `torch.serialization.add_safe_globals`. We recommend you start setting `weights_only=True` for any use case where you don't have full control of the loaded file. Please open an issue on GitHub for any issues related to this experimental feature.
  model.load_state_dict(torch.load(os.path.join(out_dir, 'best_model.pth')))
Final Test MSE (Best Model): 0.1491
Finished. Status: Success
