Starting Run on GPU 3
Time: 2025-12-24 17:26:11

[Run Start] Subject S004 | Mode ['SDA'] | Params: L3.0_LS0.3_LR0.0001_E64_D64_Dr0.3

[Fold 1 - SDA] Train: ['S004_T003', 'S004_T005'], Test: S004_T001, Norm: fixed
/home/sangukchoi/.conda/envs/torch_gpu/lib/python3.10/site-packages/torch/nn/modules/rnn.py:123: UserWarning: dropout option adds dropout after all but last recurrent layer, so non-zero dropout expects num_layers greater than 1, but got dropout=0.3 and num_layers=1
  warnings.warn(
  Ep 1: Train 0.6321 | Val 0.7124 | Test 0.1714
Validation loss decreased (0.712432 --> 0.712432).  Saving model ...
  Ep 2: Train 0.4672 | Val 0.6308 | Test 0.1594
Validation loss decreased (0.630839 --> 0.630839).  Saving model ...
  Ep 3: Train 0.4351 | Val 0.6134 | Test 0.1420
Validation loss decreased (0.613413 --> 0.613413).  Saving model ...
  Ep 4: Train 0.4130 | Val 0.5914 | Test 0.1472
Validation loss decreased (0.591407 --> 0.591407).  Saving model ...
  Ep 5: Train 0.4075 | Val 0.5926 | Test 0.1617
EarlyStopping counter: 1 out of 5
  Ep 6: Train 0.4026 | Val 0.6127 | Test 0.1519
EarlyStopping counter: 2 out of 5
  Ep 7: Train 0.3978 | Val 0.5985 | Test 0.1490
EarlyStopping counter: 3 out of 5
  Ep 8: Train 0.3949 | Val 0.5973 | Test 0.1622
EarlyStopping counter: 4 out of 5
  Ep 9: Train 0.3891 | Val 0.5861 | Test 0.1521
Validation loss decreased (0.586075 --> 0.586075).  Saving model ...
  Ep 10: Train 0.3814 | Val 0.5687 | Test 0.1518
Validation loss decreased (0.568684 --> 0.568684).  Saving model ...
  Ep 11: Train 0.3830 | Val 0.5484 | Test 0.1599
Validation loss decreased (0.548448 --> 0.548448).  Saving model ...
  Ep 12: Train 0.3808 | Val 0.5650 | Test 0.1608
EarlyStopping counter: 1 out of 5
  Ep 13: Train 0.3682 | Val 0.5342 | Test 0.1702
Validation loss decreased (0.534152 --> 0.534152).  Saving model ...
  Ep 14: Train 0.3600 | Val 0.5287 | Test 0.1637
Validation loss decreased (0.528749 --> 0.528749).  Saving model ...
  Ep 15: Train 0.3593 | Val 0.5285 | Test 0.1799
EarlyStopping counter: 1 out of 5
  Ep 16: Train 0.3475 | Val 0.5126 | Test 0.1733
Validation loss decreased (0.512604 --> 0.512604).  Saving model ...
  Ep 17: Train 0.3392 | Val 0.4917 | Test 0.1705
Validation loss decreased (0.491732 --> 0.491732).  Saving model ...
  Ep 18: Train 0.3250 | Val 0.4620 | Test 0.1742
Validation loss decreased (0.461995 --> 0.461995).  Saving model ...
  Ep 19: Train 0.3279 | Val 0.4815 | Test 0.1677
EarlyStopping counter: 1 out of 5
  Ep 20: Train 0.3242 | Val 0.4682 | Test 0.1695
EarlyStopping counter: 2 out of 5
  Ep 21: Train 0.3150 | Val 0.4500 | Test 0.1652
Validation loss decreased (0.450037 --> 0.450037).  Saving model ...
  Ep 22: Train 0.3167 | Val 0.4674 | Test 0.1646
EarlyStopping counter: 1 out of 5
  Ep 23: Train 0.3128 | Val 0.4719 | Test 0.1639
EarlyStopping counter: 2 out of 5
  Ep 24: Train 0.3139 | Val 0.4735 | Test 0.1590
EarlyStopping counter: 3 out of 5
  Ep 25: Train 0.3048 | Val 0.4496 | Test 0.1579
EarlyStopping counter: 4 out of 5
  Ep 26: Train 0.3085 | Val 0.4681 | Test 0.1668
EarlyStopping counter: 5 out of 5
Early stopping triggered!
/home/sangukchoi/Stroke_SDA/sda_training.py:615: FutureWarning: You are using `torch.load` with `weights_only=False` (the current default value), which uses the default pickle module implicitly. It is possible to construct malicious pickle data which will execute arbitrary code during unpickling (See https://github.com/pytorch/pytorch/blob/main/SECURITY.md#untrusted-models for more details). In a future release, the default value for `weights_only` will be flipped to `True`. This limits the functions that could be executed during unpickling. Arbitrary objects will no longer be allowed to be loaded via this mode unless they are explicitly allowlisted by the user via `torch.serialization.add_safe_globals`. We recommend you start setting `weights_only=True` for any use case where you don't have full control of the loaded file. Please open an issue on GitHub for any issues related to this experimental feature.
  model.load_state_dict(torch.load(os.path.join(out_dir, 'best_model.pth')))
Final Test MSE (Best Model): 0.1652
Finished. Status: Success
