Starting Run on GPU 0
Time: 2025-12-24 16:25:57

[Run Start] Subject S004 | Mode ['SDA'] | Params: L1.5_LS1.0_LR0.0001_E64_D128_Dr0.3

[Fold 1 - SDA] Train: ['S004_T003', 'S004_T005'], Test: S004_T001, Norm: fixed
/home/sangukchoi/.conda/envs/torch_gpu/lib/python3.10/site-packages/torch/nn/modules/rnn.py:123: UserWarning: dropout option adds dropout after all but last recurrent layer, so non-zero dropout expects num_layers greater than 1, but got dropout=0.3 and num_layers=1
  warnings.warn(
  Ep 1: Train 0.5054 | Val 0.4577 | Test 0.1410
Validation loss decreased (0.457657 --> 0.457657).  Saving model ...
  Ep 2: Train 0.3094 | Val 0.3188 | Test 0.1430
Validation loss decreased (0.318763 --> 0.318763).  Saving model ...
  Ep 3: Train 0.2554 | Val 0.2906 | Test 0.1319
Validation loss decreased (0.290588 --> 0.290588).  Saving model ...
  Ep 4: Train 0.2362 | Val 0.2834 | Test 0.1101
Validation loss decreased (0.283361 --> 0.283361).  Saving model ...
  Ep 5: Train 0.2248 | Val 0.2735 | Test 0.1225
Validation loss decreased (0.273489 --> 0.273489).  Saving model ...
  Ep 6: Train 0.2222 | Val 0.2855 | Test 0.1022
EarlyStopping counter: 1 out of 5
  Ep 7: Train 0.2190 | Val 0.2683 | Test 0.0997
Validation loss decreased (0.268274 --> 0.268274).  Saving model ...
  Ep 8: Train 0.2140 | Val 0.2695 | Test 0.1164
EarlyStopping counter: 1 out of 5
  Ep 9: Train 0.2108 | Val 0.2757 | Test 0.1162
EarlyStopping counter: 2 out of 5
  Ep 10: Train 0.2090 | Val 0.2807 | Test 0.1056
EarlyStopping counter: 3 out of 5
  Ep 11: Train 0.2027 | Val 0.2960 | Test 0.0995
EarlyStopping counter: 4 out of 5
  Ep 12: Train 0.2020 | Val 0.2850 | Test 0.1224
EarlyStopping counter: 5 out of 5
Early stopping triggered!
/home/sangukchoi/Stroke_SDA/sda_training.py:615: FutureWarning: You are using `torch.load` with `weights_only=False` (the current default value), which uses the default pickle module implicitly. It is possible to construct malicious pickle data which will execute arbitrary code during unpickling (See https://github.com/pytorch/pytorch/blob/main/SECURITY.md#untrusted-models for more details). In a future release, the default value for `weights_only` will be flipped to `True`. This limits the functions that could be executed during unpickling. Arbitrary objects will no longer be allowed to be loaded via this mode unless they are explicitly allowlisted by the user via `torch.serialization.add_safe_globals`. We recommend you start setting `weights_only=True` for any use case where you don't have full control of the loaded file. Please open an issue on GitHub for any issues related to this experimental feature.
  model.load_state_dict(torch.load(os.path.join(out_dir, 'best_model.pth')))
Final Test MSE (Best Model): 0.0997
Finished. Status: Success
