Starting Run on GPU 3
Time: 2025-12-24 16:42:28

[Run Start] Subject S004 | Mode ['SDA'] | Params: L2.0_LS1.0_LR0.0001_E64_D64_Dr0.3

[Fold 1 - SDA] Train: ['S004_T003', 'S004_T005'], Test: S004_T001, Norm: fixed
/home/sangukchoi/.conda/envs/torch_gpu/lib/python3.10/site-packages/torch/nn/modules/rnn.py:123: UserWarning: dropout option adds dropout after all but last recurrent layer, so non-zero dropout expects num_layers greater than 1, but got dropout=0.3 and num_layers=1
  warnings.warn(
  Ep 1: Train 0.5906 | Val 0.6049 | Test 0.1478
Validation loss decreased (0.604933 --> 0.604933).  Saving model ...
  Ep 2: Train 0.3866 | Val 0.4788 | Test 0.1541
Validation loss decreased (0.478834 --> 0.478834).  Saving model ...
  Ep 3: Train 0.3254 | Val 0.3681 | Test 0.1557
Validation loss decreased (0.368146 --> 0.368146).  Saving model ...
  Ep 4: Train 0.2970 | Val 0.3496 | Test 0.1527
Validation loss decreased (0.349551 --> 0.349551).  Saving model ...
  Ep 5: Train 0.2790 | Val 0.3395 | Test 0.1418
Validation loss decreased (0.339545 --> 0.339545).  Saving model ...
  Ep 6: Train 0.2731 | Val 0.3657 | Test 0.1320
EarlyStopping counter: 1 out of 5
  Ep 7: Train 0.2635 | Val 0.3309 | Test 0.1361
Validation loss decreased (0.330947 --> 0.330947).  Saving model ...
  Ep 8: Train 0.2629 | Val 0.3388 | Test 0.1327
EarlyStopping counter: 1 out of 5
  Ep 9: Train 0.2589 | Val 0.3210 | Test 0.1232
Validation loss decreased (0.321010 --> 0.321010).  Saving model ...
  Ep 10: Train 0.2584 | Val 0.3260 | Test 0.1428
EarlyStopping counter: 1 out of 5
  Ep 11: Train 0.2554 | Val 0.3308 | Test 0.1205
EarlyStopping counter: 2 out of 5
  Ep 12: Train 0.2477 | Val 0.3391 | Test 0.1118
EarlyStopping counter: 3 out of 5
  Ep 13: Train 0.2490 | Val 0.3434 | Test 0.1168
EarlyStopping counter: 4 out of 5
  Ep 14: Train 0.2460 | Val 0.3167 | Test 0.1284
Validation loss decreased (0.316675 --> 0.316675).  Saving model ...
  Ep 15: Train 0.2438 | Val 0.3155 | Test 0.1243
Validation loss decreased (0.315468 --> 0.315468).  Saving model ...
  Ep 16: Train 0.2436 | Val 0.3492 | Test 0.1093
EarlyStopping counter: 1 out of 5
  Ep 17: Train 0.2414 | Val 0.3394 | Test 0.1039
EarlyStopping counter: 2 out of 5
  Ep 18: Train 0.2333 | Val 0.3259 | Test 0.1017
EarlyStopping counter: 3 out of 5
  Ep 19: Train 0.2369 | Val 0.3647 | Test 0.1132
EarlyStopping counter: 4 out of 5
  Ep 20: Train 0.2328 | Val 0.3275 | Test 0.1192
EarlyStopping counter: 5 out of 5
Early stopping triggered!
/home/sangukchoi/Stroke_SDA/sda_training.py:615: FutureWarning: You are using `torch.load` with `weights_only=False` (the current default value), which uses the default pickle module implicitly. It is possible to construct malicious pickle data which will execute arbitrary code during unpickling (See https://github.com/pytorch/pytorch/blob/main/SECURITY.md#untrusted-models for more details). In a future release, the default value for `weights_only` will be flipped to `True`. This limits the functions that could be executed during unpickling. Arbitrary objects will no longer be allowed to be loaded via this mode unless they are explicitly allowlisted by the user via `torch.serialization.add_safe_globals`. We recommend you start setting `weights_only=True` for any use case where you don't have full control of the loaded file. Please open an issue on GitHub for any issues related to this experimental feature.
  model.load_state_dict(torch.load(os.path.join(out_dir, 'best_model.pth')))
Final Test MSE (Best Model): 0.1243
Finished. Status: Success
