Starting Run on GPU 1
Time: 2025-12-24 15:42:33

[Run Start] Subject S004 | Mode ['SDA'] | Params: L0.5_LS1.0_LR0.0001_E64_D64_Dr0.3

[Fold 1 - SDA] Train: ['S004_T003', 'S004_T005'], Test: S004_T001, Norm: fixed
/home/sangukchoi/.conda/envs/torch_gpu/lib/python3.10/site-packages/torch/nn/modules/rnn.py:123: UserWarning: dropout option adds dropout after all but last recurrent layer, so non-zero dropout expects num_layers greater than 1, but got dropout=0.3 and num_layers=1
  warnings.warn(
  Ep 1: Train 0.3451 | Val 0.2026 | Test 0.1400
Validation loss decreased (0.202628 --> 0.202628).  Saving model ...
  Ep 2: Train 0.1615 | Val 0.1510 | Test 0.0904
Validation loss decreased (0.150956 --> 0.150956).  Saving model ...
  Ep 3: Train 0.1262 | Val 0.1280 | Test 0.1015
Validation loss decreased (0.127983 --> 0.127983).  Saving model ...
  Ep 4: Train 0.1146 | Val 0.1208 | Test 0.1248
Validation loss decreased (0.120849 --> 0.120849).  Saving model ...
  Ep 5: Train 0.1072 | Val 0.1207 | Test 0.1298
EarlyStopping counter: 1 out of 5
  Ep 6: Train 0.1034 | Val 0.1129 | Test 0.1477
Validation loss decreased (0.112917 --> 0.112917).  Saving model ...
  Ep 7: Train 0.1000 | Val 0.1200 | Test 0.1664
EarlyStopping counter: 1 out of 5
  Ep 8: Train 0.0982 | Val 0.1127 | Test 0.1543
EarlyStopping counter: 2 out of 5
  Ep 9: Train 0.0972 | Val 0.1129 | Test 0.1690
EarlyStopping counter: 3 out of 5
  Ep 10: Train 0.0950 | Val 0.1149 | Test 0.1485
EarlyStopping counter: 4 out of 5
  Ep 11: Train 0.0937 | Val 0.1036 | Test 0.1458
Validation loss decreased (0.103571 --> 0.103571).  Saving model ...
  Ep 12: Train 0.0932 | Val 0.1030 | Test 0.1437
Validation loss decreased (0.103016 --> 0.103016).  Saving model ...
  Ep 13: Train 0.0913 | Val 0.1014 | Test 0.1338
Validation loss decreased (0.101352 --> 0.101352).  Saving model ...
  Ep 14: Train 0.0913 | Val 0.1033 | Test 0.1441
EarlyStopping counter: 1 out of 5
  Ep 15: Train 0.0901 | Val 0.1069 | Test 0.1341
EarlyStopping counter: 2 out of 5
  Ep 16: Train 0.0891 | Val 0.1043 | Test 0.1565
EarlyStopping counter: 3 out of 5
  Ep 17: Train 0.0886 | Val 0.1071 | Test 0.1378
EarlyStopping counter: 4 out of 5
  Ep 18: Train 0.0882 | Val 0.1022 | Test 0.1453
EarlyStopping counter: 5 out of 5
Early stopping triggered!
/home/sangukchoi/Stroke_SDA/sda_training.py:615: FutureWarning: You are using `torch.load` with `weights_only=False` (the current default value), which uses the default pickle module implicitly. It is possible to construct malicious pickle data which will execute arbitrary code during unpickling (See https://github.com/pytorch/pytorch/blob/main/SECURITY.md#untrusted-models for more details). In a future release, the default value for `weights_only` will be flipped to `True`. This limits the functions that could be executed during unpickling. Arbitrary objects will no longer be allowed to be loaded via this mode unless they are explicitly allowlisted by the user via `torch.serialization.add_safe_globals`. We recommend you start setting `weights_only=True` for any use case where you don't have full control of the loaded file. Please open an issue on GitHub for any issues related to this experimental feature.
  model.load_state_dict(torch.load(os.path.join(out_dir, 'best_model.pth')))
Final Test MSE (Best Model): 0.1338
Finished. Status: Success
