Starting Run on GPU 0
Time: 2025-12-24 17:07:59

[Run Start] Subject S004 | Mode ['SDA'] | Params: L2.5_LS0.7_LR0.0001_E64_D32_Dr0.3

[Fold 1 - SDA] Train: ['S004_T003', 'S004_T005'], Test: S004_T001, Norm: fixed
/home/sangukchoi/.conda/envs/torch_gpu/lib/python3.10/site-packages/torch/nn/modules/rnn.py:123: UserWarning: dropout option adds dropout after all but last recurrent layer, so non-zero dropout expects num_layers greater than 1, but got dropout=0.3 and num_layers=1
  warnings.warn(
  Ep 1: Train 0.6498 | Val 0.6895 | Test 0.1502
Validation loss decreased (0.689485 --> 0.689485).  Saving model ...
  Ep 2: Train 0.4468 | Val 0.6106 | Test 0.1454
Validation loss decreased (0.610595 --> 0.610595).  Saving model ...
  Ep 3: Train 0.3976 | Val 0.5165 | Test 0.1432
Validation loss decreased (0.516451 --> 0.516451).  Saving model ...
  Ep 4: Train 0.3584 | Val 0.4561 | Test 0.1492
Validation loss decreased (0.456084 --> 0.456084).  Saving model ...
  Ep 5: Train 0.3337 | Val 0.4212 | Test 0.1441
Validation loss decreased (0.421182 --> 0.421182).  Saving model ...
  Ep 6: Train 0.3222 | Val 0.4238 | Test 0.1407
EarlyStopping counter: 1 out of 5
  Ep 7: Train 0.3141 | Val 0.4098 | Test 0.1418
Validation loss decreased (0.409849 --> 0.409849).  Saving model ...
  Ep 8: Train 0.3084 | Val 0.4000 | Test 0.1377
Validation loss decreased (0.399969 --> 0.399969).  Saving model ...
  Ep 9: Train 0.3071 | Val 0.3979 | Test 0.1245
Validation loss decreased (0.397916 --> 0.397916).  Saving model ...
  Ep 10: Train 0.2949 | Val 0.4086 | Test 0.1242
EarlyStopping counter: 1 out of 5
  Ep 11: Train 0.3006 | Val 0.3933 | Test 0.1118
Validation loss decreased (0.393322 --> 0.393322).  Saving model ...
  Ep 12: Train 0.2929 | Val 0.3878 | Test 0.1144
Validation loss decreased (0.387824 --> 0.387824).  Saving model ...
  Ep 13: Train 0.2863 | Val 0.3876 | Test 0.1093
EarlyStopping counter: 1 out of 5
  Ep 14: Train 0.2870 | Val 0.3715 | Test 0.1025
Validation loss decreased (0.371496 --> 0.371496).  Saving model ...
  Ep 15: Train 0.2825 | Val 0.3926 | Test 0.1045
EarlyStopping counter: 1 out of 5
  Ep 16: Train 0.2848 | Val 0.3961 | Test 0.0868
EarlyStopping counter: 2 out of 5
  Ep 17: Train 0.2731 | Val 0.3737 | Test 0.0961
EarlyStopping counter: 3 out of 5
  Ep 18: Train 0.2743 | Val 0.3720 | Test 0.1020
EarlyStopping counter: 4 out of 5
  Ep 19: Train 0.2755 | Val 0.3650 | Test 0.1009
Validation loss decreased (0.365020 --> 0.365020).  Saving model ...
  Ep 20: Train 0.2611 | Val 0.3853 | Test 0.1039
EarlyStopping counter: 1 out of 5
  Ep 21: Train 0.2626 | Val 0.3534 | Test 0.1002
Validation loss decreased (0.353418 --> 0.353418).  Saving model ...
  Ep 22: Train 0.2660 | Val 0.3758 | Test 0.0933
EarlyStopping counter: 1 out of 5
  Ep 23: Train 0.2703 | Val 0.4060 | Test 0.1020
EarlyStopping counter: 2 out of 5
  Ep 24: Train 0.2664 | Val 0.3907 | Test 0.0960
EarlyStopping counter: 3 out of 5
  Ep 25: Train 0.2580 | Val 0.4062 | Test 0.0995
EarlyStopping counter: 4 out of 5
  Ep 26: Train 0.2588 | Val 0.4057 | Test 0.0941
EarlyStopping counter: 5 out of 5
Early stopping triggered!
/home/sangukchoi/Stroke_SDA/sda_training.py:615: FutureWarning: You are using `torch.load` with `weights_only=False` (the current default value), which uses the default pickle module implicitly. It is possible to construct malicious pickle data which will execute arbitrary code during unpickling (See https://github.com/pytorch/pytorch/blob/main/SECURITY.md#untrusted-models for more details). In a future release, the default value for `weights_only` will be flipped to `True`. This limits the functions that could be executed during unpickling. Arbitrary objects will no longer be allowed to be loaded via this mode unless they are explicitly allowlisted by the user via `torch.serialization.add_safe_globals`. We recommend you start setting `weights_only=True` for any use case where you don't have full control of the loaded file. Please open an issue on GitHub for any issues related to this experimental feature.
  model.load_state_dict(torch.load(os.path.join(out_dir, 'best_model.pth')))
Final Test MSE (Best Model): 0.1002
Finished. Status: Success
