Starting Run on GPU 2
Time: 2025-12-24 16:32:51

[Run Start] Subject S004 | Mode ['SDA'] | Params: L2.0_LS0.7_LR0.0001_E64_D32_Dr0.3

[Fold 1 - SDA] Train: ['S004_T003', 'S004_T005'], Test: S004_T001, Norm: fixed
/home/sangukchoi/.conda/envs/torch_gpu/lib/python3.10/site-packages/torch/nn/modules/rnn.py:123: UserWarning: dropout option adds dropout after all but last recurrent layer, so non-zero dropout expects num_layers greater than 1, but got dropout=0.3 and num_layers=1
  warnings.warn(
  Ep 1: Train 0.6232 | Val 0.5771 | Test 0.1583
Validation loss decreased (0.577070 --> 0.577070).  Saving model ...
  Ep 2: Train 0.3662 | Val 0.4305 | Test 0.1521
Validation loss decreased (0.430525 --> 0.430525).  Saving model ...
  Ep 3: Train 0.3006 | Val 0.3643 | Test 0.1645
Validation loss decreased (0.364267 --> 0.364267).  Saving model ...
  Ep 4: Train 0.2837 | Val 0.3435 | Test 0.1410
Validation loss decreased (0.343517 --> 0.343517).  Saving model ...
  Ep 5: Train 0.2682 | Val 0.3335 | Test 0.1354
Validation loss decreased (0.333459 --> 0.333459).  Saving model ...
  Ep 6: Train 0.2604 | Val 0.3324 | Test 0.1162
Validation loss decreased (0.332380 --> 0.332380).  Saving model ...
  Ep 7: Train 0.2481 | Val 0.3249 | Test 0.1050
Validation loss decreased (0.324936 --> 0.324936).  Saving model ...
  Ep 8: Train 0.2470 | Val 0.3252 | Test 0.1084
EarlyStopping counter: 1 out of 5
  Ep 9: Train 0.2419 | Val 0.3222 | Test 0.1160
Validation loss decreased (0.322196 --> 0.322196).  Saving model ...
  Ep 10: Train 0.2387 | Val 0.3109 | Test 0.1158
Validation loss decreased (0.310933 --> 0.310933).  Saving model ...
  Ep 11: Train 0.2354 | Val 0.3338 | Test 0.1080
EarlyStopping counter: 1 out of 5
  Ep 12: Train 0.2308 | Val 0.3185 | Test 0.1081
EarlyStopping counter: 2 out of 5
  Ep 13: Train 0.2366 | Val 0.3188 | Test 0.1089
EarlyStopping counter: 3 out of 5
  Ep 14: Train 0.2312 | Val 0.3234 | Test 0.1078
EarlyStopping counter: 4 out of 5
  Ep 15: Train 0.2321 | Val 0.3039 | Test 0.1180
Validation loss decreased (0.303862 --> 0.303862).  Saving model ...
  Ep 16: Train 0.2249 | Val 0.3352 | Test 0.1120
EarlyStopping counter: 1 out of 5
  Ep 17: Train 0.2224 | Val 0.3404 | Test 0.0996
EarlyStopping counter: 2 out of 5
  Ep 18: Train 0.2221 | Val 0.3080 | Test 0.1196
EarlyStopping counter: 3 out of 5
  Ep 19: Train 0.2196 | Val 0.3163 | Test 0.1102
EarlyStopping counter: 4 out of 5
  Ep 20: Train 0.2252 | Val 0.3180 | Test 0.1224
EarlyStopping counter: 5 out of 5
Early stopping triggered!
/home/sangukchoi/Stroke_SDA/sda_training.py:615: FutureWarning: You are using `torch.load` with `weights_only=False` (the current default value), which uses the default pickle module implicitly. It is possible to construct malicious pickle data which will execute arbitrary code during unpickling (See https://github.com/pytorch/pytorch/blob/main/SECURITY.md#untrusted-models for more details). In a future release, the default value for `weights_only` will be flipped to `True`. This limits the functions that could be executed during unpickling. Arbitrary objects will no longer be allowed to be loaded via this mode unless they are explicitly allowlisted by the user via `torch.serialization.add_safe_globals`. We recommend you start setting `weights_only=True` for any use case where you don't have full control of the loaded file. Please open an issue on GitHub for any issues related to this experimental feature.
  model.load_state_dict(torch.load(os.path.join(out_dir, 'best_model.pth')))
Final Test MSE (Best Model): 0.1180
Finished. Status: Success
