Starting Run on GPU 2
Time: 2025-12-24 16:09:39

[Run Start] Subject S004 | Mode ['SDA'] | Params: L1.0_LS1.0_LR0.0001_E64_D128_Dr0.3

[Fold 1 - SDA] Train: ['S004_T003', 'S004_T005'], Test: S004_T001, Norm: fixed
/home/sangukchoi/.conda/envs/torch_gpu/lib/python3.10/site-packages/torch/nn/modules/rnn.py:123: UserWarning: dropout option adds dropout after all but last recurrent layer, so non-zero dropout expects num_layers greater than 1, but got dropout=0.3 and num_layers=1
  warnings.warn(
  Ep 1: Train 0.4296 | Val 0.3241 | Test 0.1182
Validation loss decreased (0.324086 --> 0.324086).  Saving model ...
  Ep 2: Train 0.2356 | Val 0.2340 | Test 0.1264
Validation loss decreased (0.233967 --> 0.233967).  Saving model ...
  Ep 3: Train 0.1911 | Val 0.2010 | Test 0.1112
Validation loss decreased (0.200979 --> 0.200979).  Saving model ...
  Ep 4: Train 0.1717 | Val 0.1859 | Test 0.1143
Validation loss decreased (0.185910 --> 0.185910).  Saving model ...
  Ep 5: Train 0.1662 | Val 0.1883 | Test 0.1113
EarlyStopping counter: 1 out of 5
  Ep 6: Train 0.1601 | Val 0.1793 | Test 0.0888
Validation loss decreased (0.179251 --> 0.179251).  Saving model ...
  Ep 7: Train 0.1576 | Val 0.1763 | Test 0.1026
Validation loss decreased (0.176310 --> 0.176310).  Saving model ...
  Ep 8: Train 0.1582 | Val 0.1811 | Test 0.1066
EarlyStopping counter: 1 out of 5
  Ep 9: Train 0.1560 | Val 0.1923 | Test 0.1028
EarlyStopping counter: 2 out of 5
  Ep 10: Train 0.1552 | Val 0.2042 | Test 0.1232
EarlyStopping counter: 3 out of 5
  Ep 11: Train 0.1526 | Val 0.1778 | Test 0.1148
EarlyStopping counter: 4 out of 5
  Ep 12: Train 0.1482 | Val 0.1850 | Test 0.1156
EarlyStopping counter: 5 out of 5
Early stopping triggered!
/home/sangukchoi/Stroke_SDA/sda_training.py:615: FutureWarning: You are using `torch.load` with `weights_only=False` (the current default value), which uses the default pickle module implicitly. It is possible to construct malicious pickle data which will execute arbitrary code during unpickling (See https://github.com/pytorch/pytorch/blob/main/SECURITY.md#untrusted-models for more details). In a future release, the default value for `weights_only` will be flipped to `True`. This limits the functions that could be executed during unpickling. Arbitrary objects will no longer be allowed to be loaded via this mode unless they are explicitly allowlisted by the user via `torch.serialization.add_safe_globals`. We recommend you start setting `weights_only=True` for any use case where you don't have full control of the loaded file. Please open an issue on GitHub for any issues related to this experimental feature.
  model.load_state_dict(torch.load(os.path.join(out_dir, 'best_model.pth')))
Final Test MSE (Best Model): 0.1026
Finished. Status: Success
