Starting Run on GPU 1
Time: 2025-12-24 16:05:54

[Run Start] Subject S004 | Mode ['SDA'] | Params: L1.0_LS0.7_LR0.0001_E256_D32_Dr0.3

[Fold 1 - SDA] Train: ['S004_T003', 'S004_T005'], Test: S004_T001, Norm: fixed
/home/sangukchoi/.conda/envs/torch_gpu/lib/python3.10/site-packages/torch/nn/modules/rnn.py:123: UserWarning: dropout option adds dropout after all but last recurrent layer, so non-zero dropout expects num_layers greater than 1, but got dropout=0.3 and num_layers=1
  warnings.warn(
  Ep 1: Train 0.2649 | Val 0.2257 | Test 0.1265
Validation loss decreased (0.225706 --> 0.225706).  Saving model ...
  Ep 2: Train 0.1665 | Val 0.1870 | Test 0.1220
Validation loss decreased (0.186964 --> 0.186964).  Saving model ...
  Ep 3: Train 0.1530 | Val 0.1776 | Test 0.1342
Validation loss decreased (0.177606 --> 0.177606).  Saving model ...
  Ep 4: Train 0.1431 | Val 0.1964 | Test 0.1178
EarlyStopping counter: 1 out of 5
  Ep 5: Train 0.1375 | Val 0.1967 | Test 0.1061
EarlyStopping counter: 2 out of 5
  Ep 6: Train 0.1333 | Val 0.2057 | Test 0.1350
EarlyStopping counter: 3 out of 5
  Ep 7: Train 0.1313 | Val 0.2055 | Test 0.1268
EarlyStopping counter: 4 out of 5
  Ep 8: Train 0.1295 | Val 0.2016 | Test 0.1320
EarlyStopping counter: 5 out of 5
Early stopping triggered!
/home/sangukchoi/Stroke_SDA/sda_training.py:615: FutureWarning: You are using `torch.load` with `weights_only=False` (the current default value), which uses the default pickle module implicitly. It is possible to construct malicious pickle data which will execute arbitrary code during unpickling (See https://github.com/pytorch/pytorch/blob/main/SECURITY.md#untrusted-models for more details). In a future release, the default value for `weights_only` will be flipped to `True`. This limits the functions that could be executed during unpickling. Arbitrary objects will no longer be allowed to be loaded via this mode unless they are explicitly allowlisted by the user via `torch.serialization.add_safe_globals`. We recommend you start setting `weights_only=True` for any use case where you don't have full control of the loaded file. Please open an issue on GitHub for any issues related to this experimental feature.
  model.load_state_dict(torch.load(os.path.join(out_dir, 'best_model.pth')))
Final Test MSE (Best Model): 0.1342
Finished. Status: Success
