Starting Run on GPU 0
Time: 2025-12-24 16:41:26

[Run Start] Subject S004 | Mode ['SDA'] | Params: L2.0_LS1.0_LR0.0001_E64_D32_Dr0.3

[Fold 1 - SDA] Train: ['S004_T003', 'S004_T005'], Test: S004_T001, Norm: fixed
/home/sangukchoi/.conda/envs/torch_gpu/lib/python3.10/site-packages/torch/nn/modules/rnn.py:123: UserWarning: dropout option adds dropout after all but last recurrent layer, so non-zero dropout expects num_layers greater than 1, but got dropout=0.3 and num_layers=1
  warnings.warn(
  Ep 1: Train 0.6598 | Val 0.5891 | Test 0.1452
Validation loss decreased (0.589118 --> 0.589118).  Saving model ...
  Ep 2: Train 0.3979 | Val 0.4899 | Test 0.1482
Validation loss decreased (0.489866 --> 0.489866).  Saving model ...
  Ep 3: Train 0.3294 | Val 0.3799 | Test 0.1368
Validation loss decreased (0.379890 --> 0.379890).  Saving model ...
  Ep 4: Train 0.2965 | Val 0.3339 | Test 0.1426
Validation loss decreased (0.333923 --> 0.333923).  Saving model ...
  Ep 5: Train 0.2825 | Val 0.3466 | Test 0.1386
EarlyStopping counter: 1 out of 5
  Ep 6: Train 0.2769 | Val 0.3285 | Test 0.1234
Validation loss decreased (0.328468 --> 0.328468).  Saving model ...
  Ep 7: Train 0.2709 | Val 0.3287 | Test 0.1239
EarlyStopping counter: 1 out of 5
  Ep 8: Train 0.2689 | Val 0.3202 | Test 0.1320
Validation loss decreased (0.320229 --> 0.320229).  Saving model ...
  Ep 9: Train 0.2621 | Val 0.3258 | Test 0.1111
EarlyStopping counter: 1 out of 5
  Ep 10: Train 0.2568 | Val 0.3337 | Test 0.1136
EarlyStopping counter: 2 out of 5
  Ep 11: Train 0.2543 | Val 0.3232 | Test 0.1239
EarlyStopping counter: 3 out of 5
  Ep 12: Train 0.2523 | Val 0.3360 | Test 0.1031
EarlyStopping counter: 4 out of 5
  Ep 13: Train 0.2437 | Val 0.3214 | Test 0.1203
EarlyStopping counter: 5 out of 5
Early stopping triggered!
/home/sangukchoi/Stroke_SDA/sda_training.py:615: FutureWarning: You are using `torch.load` with `weights_only=False` (the current default value), which uses the default pickle module implicitly. It is possible to construct malicious pickle data which will execute arbitrary code during unpickling (See https://github.com/pytorch/pytorch/blob/main/SECURITY.md#untrusted-models for more details). In a future release, the default value for `weights_only` will be flipped to `True`. This limits the functions that could be executed during unpickling. Arbitrary objects will no longer be allowed to be loaded via this mode unless they are explicitly allowlisted by the user via `torch.serialization.add_safe_globals`. We recommend you start setting `weights_only=True` for any use case where you don't have full control of the loaded file. Please open an issue on GitHub for any issues related to this experimental feature.
  model.load_state_dict(torch.load(os.path.join(out_dir, 'best_model.pth')))
Final Test MSE (Best Model): 0.1320
Finished. Status: Success
