Starting Run on GPU 1
Time: 2025-12-24 15:47:18

[Run Start] Subject S004 | Mode ['SDA'] | Params: L0.5_LS1.0_LR0.0001_E128_D128_Dr0.3

[Fold 1 - SDA] Train: ['S004_T003', 'S004_T005'], Test: S004_T001, Norm: fixed
/home/sangukchoi/.conda/envs/torch_gpu/lib/python3.10/site-packages/torch/nn/modules/rnn.py:123: UserWarning: dropout option adds dropout after all but last recurrent layer, so non-zero dropout expects num_layers greater than 1, but got dropout=0.3 and num_layers=1
  warnings.warn(
  Ep 1: Train 0.2594 | Val 0.1597 | Test 0.1448
Validation loss decreased (0.159723 --> 0.159723).  Saving model ...
  Ep 2: Train 0.1345 | Val 0.1376 | Test 0.1277
Validation loss decreased (0.137610 --> 0.137610).  Saving model ...
  Ep 3: Train 0.1159 | Val 0.1243 | Test 0.1149
Validation loss decreased (0.124307 --> 0.124307).  Saving model ...
  Ep 4: Train 0.1074 | Val 0.1208 | Test 0.1089
Validation loss decreased (0.120806 --> 0.120806).  Saving model ...
  Ep 5: Train 0.1003 | Val 0.1247 | Test 0.1353
EarlyStopping counter: 1 out of 5
  Ep 6: Train 0.0972 | Val 0.1227 | Test 0.1246
EarlyStopping counter: 2 out of 5
  Ep 7: Train 0.0952 | Val 0.1158 | Test 0.1537
Validation loss decreased (0.115761 --> 0.115761).  Saving model ...
  Ep 8: Train 0.0929 | Val 0.1071 | Test 0.1327
Validation loss decreased (0.107095 --> 0.107095).  Saving model ...
  Ep 9: Train 0.0903 | Val 0.1156 | Test 0.1550
EarlyStopping counter: 1 out of 5
  Ep 10: Train 0.0893 | Val 0.1039 | Test 0.1523
Validation loss decreased (0.103869 --> 0.103869).  Saving model ...
  Ep 11: Train 0.0878 | Val 0.1029 | Test 0.1294
Validation loss decreased (0.102917 --> 0.102917).  Saving model ...
  Ep 12: Train 0.0861 | Val 0.1020 | Test 0.1490
Validation loss decreased (0.101952 --> 0.101952).  Saving model ...
  Ep 13: Train 0.0849 | Val 0.1010 | Test 0.1458
Validation loss decreased (0.100961 --> 0.100961).  Saving model ...
  Ep 14: Train 0.0841 | Val 0.1034 | Test 0.1501
EarlyStopping counter: 1 out of 5
  Ep 15: Train 0.0813 | Val 0.0958 | Test 0.1727
Validation loss decreased (0.095829 --> 0.095829).  Saving model ...
  Ep 16: Train 0.0788 | Val 0.0960 | Test 0.1715
EarlyStopping counter: 1 out of 5
  Ep 17: Train 0.0792 | Val 0.0997 | Test 0.1787
EarlyStopping counter: 2 out of 5
  Ep 18: Train 0.0781 | Val 0.0975 | Test 0.1859
EarlyStopping counter: 3 out of 5
  Ep 19: Train 0.0762 | Val 0.0939 | Test 0.1848
Validation loss decreased (0.093867 --> 0.093867).  Saving model ...
  Ep 20: Train 0.0753 | Val 0.0945 | Test 0.1809
EarlyStopping counter: 1 out of 5
  Ep 21: Train 0.0761 | Val 0.0964 | Test 0.1830
EarlyStopping counter: 2 out of 5
  Ep 22: Train 0.0726 | Val 0.0914 | Test 0.1873
Validation loss decreased (0.091390 --> 0.091390).  Saving model ...
  Ep 23: Train 0.0729 | Val 0.0987 | Test 0.2051
EarlyStopping counter: 1 out of 5
  Ep 24: Train 0.0727 | Val 0.0924 | Test 0.1822
EarlyStopping counter: 2 out of 5
  Ep 25: Train 0.0724 | Val 0.0924 | Test 0.1948
EarlyStopping counter: 3 out of 5
  Ep 26: Train 0.0716 | Val 0.0993 | Test 0.2088
EarlyStopping counter: 4 out of 5
  Ep 27: Train 0.0700 | Val 0.1032 | Test 0.1986
EarlyStopping counter: 5 out of 5
Early stopping triggered!
/home/sangukchoi/Stroke_SDA/sda_training.py:615: FutureWarning: You are using `torch.load` with `weights_only=False` (the current default value), which uses the default pickle module implicitly. It is possible to construct malicious pickle data which will execute arbitrary code during unpickling (See https://github.com/pytorch/pytorch/blob/main/SECURITY.md#untrusted-models for more details). In a future release, the default value for `weights_only` will be flipped to `True`. This limits the functions that could be executed during unpickling. Arbitrary objects will no longer be allowed to be loaded via this mode unless they are explicitly allowlisted by the user via `torch.serialization.add_safe_globals`. We recommend you start setting `weights_only=True` for any use case where you don't have full control of the loaded file. Please open an issue on GitHub for any issues related to this experimental feature.
  model.load_state_dict(torch.load(os.path.join(out_dir, 'best_model.pth')))
Final Test MSE (Best Model): 0.1873
Finished. Status: Success
