Starting Run on GPU 2
Time: 2025-12-24 15:49:56

[Run Start] Subject S004 | Mode ['SDA'] | Params: L0.5_LS1.0_LR0.0001_E256_D32_Dr0.3

[Fold 1 - SDA] Train: ['S004_T003', 'S004_T005'], Test: S004_T001, Norm: fixed
/home/sangukchoi/.conda/envs/torch_gpu/lib/python3.10/site-packages/torch/nn/modules/rnn.py:123: UserWarning: dropout option adds dropout after all but last recurrent layer, so non-zero dropout expects num_layers greater than 1, but got dropout=0.3 and num_layers=1
  warnings.warn(
  Ep 1: Train 0.2189 | Val 0.1475 | Test 0.1261
Validation loss decreased (0.147471 --> 0.147471).  Saving model ...
  Ep 2: Train 0.1212 | Val 0.1221 | Test 0.1165
Validation loss decreased (0.122054 --> 0.122054).  Saving model ...
  Ep 3: Train 0.1039 | Val 0.1196 | Test 0.1260
Validation loss decreased (0.119553 --> 0.119553).  Saving model ...
  Ep 4: Train 0.0967 | Val 0.1128 | Test 0.1607
Validation loss decreased (0.112802 --> 0.112802).  Saving model ...
  Ep 5: Train 0.0897 | Val 0.1260 | Test 0.1211
EarlyStopping counter: 1 out of 5
  Ep 6: Train 0.0898 | Val 0.1041 | Test 0.1310
Validation loss decreased (0.104104 --> 0.104104).  Saving model ...
  Ep 7: Train 0.0852 | Val 0.1074 | Test 0.1350
EarlyStopping counter: 1 out of 5
  Ep 8: Train 0.0820 | Val 0.0943 | Test 0.1454
Validation loss decreased (0.094328 --> 0.094328).  Saving model ...
  Ep 9: Train 0.0824 | Val 0.0965 | Test 0.1116
EarlyStopping counter: 1 out of 5
  Ep 10: Train 0.0791 | Val 0.0988 | Test 0.1330
EarlyStopping counter: 2 out of 5
  Ep 11: Train 0.0786 | Val 0.0938 | Test 0.1405
Validation loss decreased (0.093771 --> 0.093771).  Saving model ...
  Ep 12: Train 0.0766 | Val 0.0943 | Test 0.1395
EarlyStopping counter: 1 out of 5
  Ep 13: Train 0.0750 | Val 0.0901 | Test 0.1375
Validation loss decreased (0.090110 --> 0.090110).  Saving model ...
  Ep 14: Train 0.0736 | Val 0.0917 | Test 0.1573
EarlyStopping counter: 1 out of 5
  Ep 15: Train 0.0726 | Val 0.0916 | Test 0.1497
EarlyStopping counter: 2 out of 5
  Ep 16: Train 0.0716 | Val 0.0894 | Test 0.1414
Validation loss decreased (0.089377 --> 0.089377).  Saving model ...
  Ep 17: Train 0.0696 | Val 0.0889 | Test 0.1565
EarlyStopping counter: 1 out of 5
  Ep 18: Train 0.0696 | Val 0.0871 | Test 0.1500
Validation loss decreased (0.087140 --> 0.087140).  Saving model ...
  Ep 19: Train 0.0686 | Val 0.0850 | Test 0.1357
Validation loss decreased (0.084985 --> 0.084985).  Saving model ...
  Ep 20: Train 0.0677 | Val 0.0868 | Test 0.1583
EarlyStopping counter: 1 out of 5
  Ep 21: Train 0.0696 | Val 0.0930 | Test 0.1618
EarlyStopping counter: 2 out of 5
  Ep 22: Train 0.0684 | Val 0.0903 | Test 0.1684
EarlyStopping counter: 3 out of 5
  Ep 23: Train 0.0665 | Val 0.0900 | Test 0.1601
EarlyStopping counter: 4 out of 5
  Ep 24: Train 0.0649 | Val 0.0874 | Test 0.1647
EarlyStopping counter: 5 out of 5
Early stopping triggered!
/home/sangukchoi/Stroke_SDA/sda_training.py:615: FutureWarning: You are using `torch.load` with `weights_only=False` (the current default value), which uses the default pickle module implicitly. It is possible to construct malicious pickle data which will execute arbitrary code during unpickling (See https://github.com/pytorch/pytorch/blob/main/SECURITY.md#untrusted-models for more details). In a future release, the default value for `weights_only` will be flipped to `True`. This limits the functions that could be executed during unpickling. Arbitrary objects will no longer be allowed to be loaded via this mode unless they are explicitly allowlisted by the user via `torch.serialization.add_safe_globals`. We recommend you start setting `weights_only=True` for any use case where you don't have full control of the loaded file. Please open an issue on GitHub for any issues related to this experimental feature.
  model.load_state_dict(torch.load(os.path.join(out_dir, 'best_model.pth')))
Final Test MSE (Best Model): 0.1357
Finished. Status: Success
