Starting Run on GPU 1
Time: 2025-12-24 15:55:25

[Run Start] Subject S004 | Mode ['SDA'] | Params: L0.5_LS1.0_LR0.0001_E256_D128_Dr0.3

[Fold 1 - SDA] Train: ['S004_T003', 'S004_T005'], Test: S004_T001, Norm: fixed
/home/sangukchoi/.conda/envs/torch_gpu/lib/python3.10/site-packages/torch/nn/modules/rnn.py:123: UserWarning: dropout option adds dropout after all but last recurrent layer, so non-zero dropout expects num_layers greater than 1, but got dropout=0.3 and num_layers=1
  warnings.warn(
  Ep 1: Train 0.2166 | Val 0.1494 | Test 0.1164
Validation loss decreased (0.149431 --> 0.149431).  Saving model ...
  Ep 2: Train 0.1259 | Val 0.1309 | Test 0.1202
Validation loss decreased (0.130929 --> 0.130929).  Saving model ...
  Ep 3: Train 0.1079 | Val 0.1158 | Test 0.1118
Validation loss decreased (0.115755 --> 0.115755).  Saving model ...
  Ep 4: Train 0.0986 | Val 0.1234 | Test 0.1275
EarlyStopping counter: 1 out of 5
  Ep 5: Train 0.0959 | Val 0.1129 | Test 0.1201
Validation loss decreased (0.112926 --> 0.112926).  Saving model ...
  Ep 6: Train 0.0913 | Val 0.1127 | Test 0.1328
EarlyStopping counter: 1 out of 5
  Ep 7: Train 0.0893 | Val 0.1102 | Test 0.1246
Validation loss decreased (0.110211 --> 0.110211).  Saving model ...
  Ep 8: Train 0.0871 | Val 0.1078 | Test 0.1381
Validation loss decreased (0.107775 --> 0.107775).  Saving model ...
  Ep 9: Train 0.0845 | Val 0.1029 | Test 0.1368
Validation loss decreased (0.102856 --> 0.102856).  Saving model ...
  Ep 10: Train 0.0824 | Val 0.0980 | Test 0.1383
Validation loss decreased (0.097965 --> 0.097965).  Saving model ...
  Ep 11: Train 0.0803 | Val 0.0999 | Test 0.1549
EarlyStopping counter: 1 out of 5
  Ep 12: Train 0.0790 | Val 0.1007 | Test 0.1406
EarlyStopping counter: 2 out of 5
  Ep 13: Train 0.0760 | Val 0.1070 | Test 0.1728
EarlyStopping counter: 3 out of 5
  Ep 14: Train 0.0750 | Val 0.0987 | Test 0.1621
EarlyStopping counter: 4 out of 5
  Ep 15: Train 0.0741 | Val 0.0923 | Test 0.1773
Validation loss decreased (0.092318 --> 0.092318).  Saving model ...
  Ep 16: Train 0.0733 | Val 0.0914 | Test 0.1864
Validation loss decreased (0.091408 --> 0.091408).  Saving model ...
  Ep 17: Train 0.0711 | Val 0.0956 | Test 0.1993
EarlyStopping counter: 1 out of 5
  Ep 18: Train 0.0725 | Val 0.0936 | Test 0.2079
EarlyStopping counter: 2 out of 5
  Ep 19: Train 0.0716 | Val 0.0895 | Test 0.1928
Validation loss decreased (0.089500 --> 0.089500).  Saving model ...
  Ep 20: Train 0.0706 | Val 0.0937 | Test 0.1853
EarlyStopping counter: 1 out of 5
  Ep 21: Train 0.0702 | Val 0.0984 | Test 0.2057
EarlyStopping counter: 2 out of 5
  Ep 22: Train 0.0693 | Val 0.0890 | Test 0.1916
EarlyStopping counter: 3 out of 5
  Ep 23: Train 0.0688 | Val 0.0914 | Test 0.2138
EarlyStopping counter: 4 out of 5
  Ep 24: Train 0.0661 | Val 0.0932 | Test 0.1984
EarlyStopping counter: 5 out of 5
Early stopping triggered!
/home/sangukchoi/Stroke_SDA/sda_training.py:615: FutureWarning: You are using `torch.load` with `weights_only=False` (the current default value), which uses the default pickle module implicitly. It is possible to construct malicious pickle data which will execute arbitrary code during unpickling (See https://github.com/pytorch/pytorch/blob/main/SECURITY.md#untrusted-models for more details). In a future release, the default value for `weights_only` will be flipped to `True`. This limits the functions that could be executed during unpickling. Arbitrary objects will no longer be allowed to be loaded via this mode unless they are explicitly allowlisted by the user via `torch.serialization.add_safe_globals`. We recommend you start setting `weights_only=True` for any use case where you don't have full control of the loaded file. Please open an issue on GitHub for any issues related to this experimental feature.
  model.load_state_dict(torch.load(os.path.join(out_dir, 'best_model.pth')))
Final Test MSE (Best Model): 0.1928
Finished. Status: Success
