Starting Run on GPU 2
Time: 2025-12-24 17:13:27

[Run Start] Subject S004 | Mode ['SDA'] | Params: L2.5_LS0.7_LR0.0001_E128_D128_Dr0.3

[Fold 1 - SDA] Train: ['S004_T003', 'S004_T005'], Test: S004_T001, Norm: fixed
/home/sangukchoi/.conda/envs/torch_gpu/lib/python3.10/site-packages/torch/nn/modules/rnn.py:123: UserWarning: dropout option adds dropout after all but last recurrent layer, so non-zero dropout expects num_layers greater than 1, but got dropout=0.3 and num_layers=1
  warnings.warn(
  Ep 1: Train 0.5384 | Val 0.6369 | Test 0.1480
Validation loss decreased (0.636857 --> 0.636857).  Saving model ...
  Ep 2: Train 0.3996 | Val 0.5207 | Test 0.1393
Validation loss decreased (0.520701 --> 0.520701).  Saving model ...
  Ep 3: Train 0.3527 | Val 0.4339 | Test 0.1426
Validation loss decreased (0.433901 --> 0.433901).  Saving model ...
  Ep 4: Train 0.3247 | Val 0.4103 | Test 0.1274
Validation loss decreased (0.410268 --> 0.410268).  Saving model ...
  Ep 5: Train 0.3157 | Val 0.3964 | Test 0.1259
Validation loss decreased (0.396400 --> 0.396400).  Saving model ...
  Ep 6: Train 0.3041 | Val 0.4201 | Test 0.1226
EarlyStopping counter: 1 out of 5
  Ep 7: Train 0.2998 | Val 0.4042 | Test 0.1202
EarlyStopping counter: 2 out of 5
  Ep 8: Train 0.2951 | Val 0.3794 | Test 0.1197
Validation loss decreased (0.379385 --> 0.379385).  Saving model ...
  Ep 9: Train 0.2913 | Val 0.4071 | Test 0.1059
EarlyStopping counter: 1 out of 5
  Ep 10: Train 0.2744 | Val 0.3926 | Test 0.0987
EarlyStopping counter: 2 out of 5
  Ep 11: Train 0.2818 | Val 0.3954 | Test 0.0927
EarlyStopping counter: 3 out of 5
  Ep 12: Train 0.2720 | Val 0.3845 | Test 0.1036
EarlyStopping counter: 4 out of 5
  Ep 13: Train 0.2724 | Val 0.3738 | Test 0.1025
Validation loss decreased (0.373782 --> 0.373782).  Saving model ...
  Ep 14: Train 0.2643 | Val 0.4547 | Test 0.1028
EarlyStopping counter: 1 out of 5
  Ep 15: Train 0.2718 | Val 0.4052 | Test 0.1051
EarlyStopping counter: 2 out of 5
  Ep 16: Train 0.2672 | Val 0.3831 | Test 0.1040
EarlyStopping counter: 3 out of 5
  Ep 17: Train 0.2670 | Val 0.3954 | Test 0.1121
EarlyStopping counter: 4 out of 5
  Ep 18: Train 0.2631 | Val 0.3997 | Test 0.0957
EarlyStopping counter: 5 out of 5
Early stopping triggered!
/home/sangukchoi/Stroke_SDA/sda_training.py:615: FutureWarning: You are using `torch.load` with `weights_only=False` (the current default value), which uses the default pickle module implicitly. It is possible to construct malicious pickle data which will execute arbitrary code during unpickling (See https://github.com/pytorch/pytorch/blob/main/SECURITY.md#untrusted-models for more details). In a future release, the default value for `weights_only` will be flipped to `True`. This limits the functions that could be executed during unpickling. Arbitrary objects will no longer be allowed to be loaded via this mode unless they are explicitly allowlisted by the user via `torch.serialization.add_safe_globals`. We recommend you start setting `weights_only=True` for any use case where you don't have full control of the loaded file. Please open an issue on GitHub for any issues related to this experimental feature.
  model.load_state_dict(torch.load(os.path.join(out_dir, 'best_model.pth')))
Final Test MSE (Best Model): 0.1025
Finished. Status: Success
