Starting Run on GPU 1
Time: 2025-12-24 17:21:29

[Run Start] Subject S004 | Mode ['SDA'] | Params: L2.5_LS1.0_LR0.0001_E128_D64_Dr0.3

[Fold 1 - SDA] Train: ['S004_T003', 'S004_T005'], Test: S004_T001, Norm: fixed
/home/sangukchoi/.conda/envs/torch_gpu/lib/python3.10/site-packages/torch/nn/modules/rnn.py:123: UserWarning: dropout option adds dropout after all but last recurrent layer, so non-zero dropout expects num_layers greater than 1, but got dropout=0.3 and num_layers=1
  warnings.warn(
  Ep 1: Train 0.5837 | Val 0.6176 | Test 0.1509
Validation loss decreased (0.617583 --> 0.617583).  Saving model ...
  Ep 2: Train 0.3923 | Val 0.4238 | Test 0.1395
Validation loss decreased (0.423758 --> 0.423758).  Saving model ...
  Ep 3: Train 0.3478 | Val 0.3973 | Test 0.1351
Validation loss decreased (0.397273 --> 0.397273).  Saving model ...
  Ep 4: Train 0.3276 | Val 0.3983 | Test 0.1186
EarlyStopping counter: 1 out of 5
  Ep 5: Train 0.3260 | Val 0.4212 | Test 0.1173
EarlyStopping counter: 2 out of 5
  Ep 6: Train 0.3106 | Val 0.3899 | Test 0.1146
Validation loss decreased (0.389930 --> 0.389930).  Saving model ...
  Ep 7: Train 0.3012 | Val 0.4004 | Test 0.1145
EarlyStopping counter: 1 out of 5
  Ep 8: Train 0.3063 | Val 0.4176 | Test 0.0938
EarlyStopping counter: 2 out of 5
  Ep 9: Train 0.2925 | Val 0.3900 | Test 0.1120
EarlyStopping counter: 3 out of 5
  Ep 10: Train 0.2868 | Val 0.4166 | Test 0.1098
EarlyStopping counter: 4 out of 5
  Ep 11: Train 0.2768 | Val 0.4316 | Test 0.0978
EarlyStopping counter: 5 out of 5
Early stopping triggered!
/home/sangukchoi/Stroke_SDA/sda_training.py:615: FutureWarning: You are using `torch.load` with `weights_only=False` (the current default value), which uses the default pickle module implicitly. It is possible to construct malicious pickle data which will execute arbitrary code during unpickling (See https://github.com/pytorch/pytorch/blob/main/SECURITY.md#untrusted-models for more details). In a future release, the default value for `weights_only` will be flipped to `True`. This limits the functions that could be executed during unpickling. Arbitrary objects will no longer be allowed to be loaded via this mode unless they are explicitly allowlisted by the user via `torch.serialization.add_safe_globals`. We recommend you start setting `weights_only=True` for any use case where you don't have full control of the loaded file. Please open an issue on GitHub for any issues related to this experimental feature.
  model.load_state_dict(torch.load(os.path.join(out_dir, 'best_model.pth')))
Final Test MSE (Best Model): 0.1146
Finished. Status: Success
