Starting Run on GPU 2
Time: 2025-12-24 17:59:20

[Run Start] Subject S004 | Mode ['SDA'] | Params: L3.0_LS1.0_LR0.0001_E64_D64_Dr0.3

[Fold 1 - SDA] Train: ['S004_T003', 'S004_T005'], Test: S004_T001, Norm: fixed
/home/sangukchoi/.conda/envs/torch_gpu/lib/python3.10/site-packages/torch/nn/modules/rnn.py:123: UserWarning: dropout option adds dropout after all but last recurrent layer, so non-zero dropout expects num_layers greater than 1, but got dropout=0.3 and num_layers=1
  warnings.warn(
  Ep 1: Train 0.7646 | Val 0.8252 | Test 0.1582
Validation loss decreased (0.825214 --> 0.825214).  Saving model ...
  Ep 2: Train 0.5159 | Val 0.6235 | Test 0.1624
Validation loss decreased (0.623535 --> 0.623535).  Saving model ...
  Ep 3: Train 0.4407 | Val 0.5497 | Test 0.1590
Validation loss decreased (0.549678 --> 0.549678).  Saving model ...
  Ep 4: Train 0.4135 | Val 0.5156 | Test 0.1608
Validation loss decreased (0.515618 --> 0.515618).  Saving model ...
  Ep 5: Train 0.3904 | Val 0.4806 | Test 0.1532
Validation loss decreased (0.480610 --> 0.480610).  Saving model ...
  Ep 6: Train 0.3809 | Val 0.4782 | Test 0.1436
Validation loss decreased (0.478202 --> 0.478202).  Saving model ...
  Ep 7: Train 0.3691 | Val 0.4710 | Test 0.1325
Validation loss decreased (0.470977 --> 0.470977).  Saving model ...
  Ep 8: Train 0.3620 | Val 0.4649 | Test 0.1293
Validation loss decreased (0.464871 --> 0.464871).  Saving model ...
  Ep 9: Train 0.3611 | Val 0.4855 | Test 0.1142
EarlyStopping counter: 1 out of 5
  Ep 10: Train 0.3575 | Val 0.4856 | Test 0.1147
EarlyStopping counter: 2 out of 5
  Ep 11: Train 0.3485 | Val 0.4668 | Test 0.1020
EarlyStopping counter: 3 out of 5
  Ep 12: Train 0.3468 | Val 0.5190 | Test 0.0975
EarlyStopping counter: 4 out of 5
  Ep 13: Train 0.3463 | Val 0.4677 | Test 0.0992
EarlyStopping counter: 5 out of 5
Early stopping triggered!
/home/sangukchoi/Stroke_SDA/sda_training.py:615: FutureWarning: You are using `torch.load` with `weights_only=False` (the current default value), which uses the default pickle module implicitly. It is possible to construct malicious pickle data which will execute arbitrary code during unpickling (See https://github.com/pytorch/pytorch/blob/main/SECURITY.md#untrusted-models for more details). In a future release, the default value for `weights_only` will be flipped to `True`. This limits the functions that could be executed during unpickling. Arbitrary objects will no longer be allowed to be loaded via this mode unless they are explicitly allowlisted by the user via `torch.serialization.add_safe_globals`. We recommend you start setting `weights_only=True` for any use case where you don't have full control of the loaded file. Please open an issue on GitHub for any issues related to this experimental feature.
  model.load_state_dict(torch.load(os.path.join(out_dir, 'best_model.pth')))
Final Test MSE (Best Model): 0.1293
Finished. Status: Success
