Starting Run on GPU 2
Time: 2025-12-24 16:50:43

[Run Start] Subject S004 | Mode ['SDA'] | Params: L2.5_LS0.3_LR0.0001_E64_D64_Dr0.3

[Fold 1 - SDA] Train: ['S004_T003', 'S004_T005'], Test: S004_T001, Norm: fixed
/home/sangukchoi/.conda/envs/torch_gpu/lib/python3.10/site-packages/torch/nn/modules/rnn.py:123: UserWarning: dropout option adds dropout after all but last recurrent layer, so non-zero dropout expects num_layers greater than 1, but got dropout=0.3 and num_layers=1
  warnings.warn(
  Ep 1: Train 0.5362 | Val 0.6329 | Test 0.1609
Validation loss decreased (0.632945 --> 0.632945).  Saving model ...
  Ep 2: Train 0.4039 | Val 0.6128 | Test 0.1483
Validation loss decreased (0.612809 --> 0.612809).  Saving model ...
  Ep 3: Train 0.3702 | Val 0.5761 | Test 0.1479
Validation loss decreased (0.576103 --> 0.576103).  Saving model ...
  Ep 4: Train 0.3577 | Val 0.5776 | Test 0.1466
EarlyStopping counter: 1 out of 5
  Ep 5: Train 0.3523 | Val 0.5939 | Test 0.1425
EarlyStopping counter: 2 out of 5
  Ep 6: Train 0.3434 | Val 0.5817 | Test 0.1483
EarlyStopping counter: 3 out of 5
  Ep 7: Train 0.3318 | Val 0.5416 | Test 0.1548
Validation loss decreased (0.541626 --> 0.541626).  Saving model ...
  Ep 8: Train 0.3226 | Val 0.4894 | Test 0.1593
Validation loss decreased (0.489419 --> 0.489419).  Saving model ...
  Ep 9: Train 0.3093 | Val 0.4765 | Test 0.1659
Validation loss decreased (0.476482 --> 0.476482).  Saving model ...
  Ep 10: Train 0.3069 | Val 0.4626 | Test 0.1701
Validation loss decreased (0.462605 --> 0.462605).  Saving model ...
  Ep 11: Train 0.2945 | Val 0.4216 | Test 0.1706
Validation loss decreased (0.421636 --> 0.421636).  Saving model ...
  Ep 12: Train 0.2920 | Val 0.4480 | Test 0.1793
EarlyStopping counter: 1 out of 5
  Ep 13: Train 0.2820 | Val 0.4076 | Test 0.1671
Validation loss decreased (0.407627 --> 0.407627).  Saving model ...
  Ep 14: Train 0.2783 | Val 0.3999 | Test 0.1701
Validation loss decreased (0.399861 --> 0.399861).  Saving model ...
  Ep 15: Train 0.2817 | Val 0.3920 | Test 0.1728
Validation loss decreased (0.392038 --> 0.392038).  Saving model ...
  Ep 16: Train 0.2719 | Val 0.3936 | Test 0.1767
EarlyStopping counter: 1 out of 5
  Ep 17: Train 0.2662 | Val 0.4147 | Test 0.1661
EarlyStopping counter: 2 out of 5
  Ep 18: Train 0.2559 | Val 0.3915 | Test 0.1793
Validation loss decreased (0.391496 --> 0.391496).  Saving model ...
  Ep 19: Train 0.2618 | Val 0.4388 | Test 0.1756
EarlyStopping counter: 1 out of 5
  Ep 20: Train 0.2521 | Val 0.3718 | Test 0.1724
Validation loss decreased (0.371772 --> 0.371772).  Saving model ...
  Ep 21: Train 0.2567 | Val 0.3989 | Test 0.1789
EarlyStopping counter: 1 out of 5
  Ep 22: Train 0.2578 | Val 0.4170 | Test 0.1609
EarlyStopping counter: 2 out of 5
  Ep 23: Train 0.2589 | Val 0.4359 | Test 0.1784
EarlyStopping counter: 3 out of 5
  Ep 24: Train 0.2524 | Val 0.4261 | Test 0.1742
EarlyStopping counter: 4 out of 5
  Ep 25: Train 0.2486 | Val 0.4310 | Test 0.1700
EarlyStopping counter: 5 out of 5
Early stopping triggered!
/home/sangukchoi/Stroke_SDA/sda_training.py:615: FutureWarning: You are using `torch.load` with `weights_only=False` (the current default value), which uses the default pickle module implicitly. It is possible to construct malicious pickle data which will execute arbitrary code during unpickling (See https://github.com/pytorch/pytorch/blob/main/SECURITY.md#untrusted-models for more details). In a future release, the default value for `weights_only` will be flipped to `True`. This limits the functions that could be executed during unpickling. Arbitrary objects will no longer be allowed to be loaded via this mode unless they are explicitly allowlisted by the user via `torch.serialization.add_safe_globals`. We recommend you start setting `weights_only=True` for any use case where you don't have full control of the loaded file. Please open an issue on GitHub for any issues related to this experimental feature.
  model.load_state_dict(torch.load(os.path.join(out_dir, 'best_model.pth')))
Final Test MSE (Best Model): 0.1724
Finished. Status: Success
