Starting Run on GPU 3
Time: 2025-12-24 17:17:18

[Run Start] Subject S004 | Mode ['SDA'] | Params: L2.5_LS1.0_LR0.0001_E64_D32_Dr0.3

[Fold 1 - SDA] Train: ['S004_T003', 'S004_T005'], Test: S004_T001, Norm: fixed
/home/sangukchoi/.conda/envs/torch_gpu/lib/python3.10/site-packages/torch/nn/modules/rnn.py:123: UserWarning: dropout option adds dropout after all but last recurrent layer, so non-zero dropout expects num_layers greater than 1, but got dropout=0.3 and num_layers=1
  warnings.warn(
  Ep 1: Train 0.6842 | Val 0.6780 | Test 0.1540
Validation loss decreased (0.677997 --> 0.677997).  Saving model ...
  Ep 2: Train 0.4465 | Val 0.5349 | Test 0.1536
Validation loss decreased (0.534918 --> 0.534918).  Saving model ...
  Ep 3: Train 0.3738 | Val 0.4471 | Test 0.1583
Validation loss decreased (0.447091 --> 0.447091).  Saving model ...
  Ep 4: Train 0.3481 | Val 0.4335 | Test 0.1437
Validation loss decreased (0.433538 --> 0.433538).  Saving model ...
  Ep 5: Train 0.3504 | Val 0.4079 | Test 0.1580
Validation loss decreased (0.407911 --> 0.407911).  Saving model ...
  Ep 6: Train 0.3340 | Val 0.4371 | Test 0.1425
EarlyStopping counter: 1 out of 5
  Ep 7: Train 0.3295 | Val 0.4209 | Test 0.1376
EarlyStopping counter: 2 out of 5
  Ep 8: Train 0.3289 | Val 0.4049 | Test 0.1300
Validation loss decreased (0.404895 --> 0.404895).  Saving model ...
  Ep 9: Train 0.3230 | Val 0.4165 | Test 0.1260
EarlyStopping counter: 1 out of 5
  Ep 10: Train 0.3188 | Val 0.4162 | Test 0.1271
EarlyStopping counter: 2 out of 5
  Ep 11: Train 0.3156 | Val 0.4005 | Test 0.1228
Validation loss decreased (0.400471 --> 0.400471).  Saving model ...
  Ep 12: Train 0.3082 | Val 0.4232 | Test 0.1163
EarlyStopping counter: 1 out of 5
  Ep 13: Train 0.3029 | Val 0.3770 | Test 0.1289
Validation loss decreased (0.376983 --> 0.376983).  Saving model ...
  Ep 14: Train 0.2982 | Val 0.4172 | Test 0.1138
EarlyStopping counter: 1 out of 5
  Ep 15: Train 0.2949 | Val 0.3864 | Test 0.1237
EarlyStopping counter: 2 out of 5
  Ep 16: Train 0.2978 | Val 0.4032 | Test 0.1095
EarlyStopping counter: 3 out of 5
  Ep 17: Train 0.2923 | Val 0.3930 | Test 0.1173
EarlyStopping counter: 4 out of 5
  Ep 18: Train 0.2895 | Val 0.4116 | Test 0.1159
EarlyStopping counter: 5 out of 5
Early stopping triggered!
/home/sangukchoi/Stroke_SDA/sda_training.py:615: FutureWarning: You are using `torch.load` with `weights_only=False` (the current default value), which uses the default pickle module implicitly. It is possible to construct malicious pickle data which will execute arbitrary code during unpickling (See https://github.com/pytorch/pytorch/blob/main/SECURITY.md#untrusted-models for more details). In a future release, the default value for `weights_only` will be flipped to `True`. This limits the functions that could be executed during unpickling. Arbitrary objects will no longer be allowed to be loaded via this mode unless they are explicitly allowlisted by the user via `torch.serialization.add_safe_globals`. We recommend you start setting `weights_only=True` for any use case where you don't have full control of the loaded file. Please open an issue on GitHub for any issues related to this experimental feature.
  model.load_state_dict(torch.load(os.path.join(out_dir, 'best_model.pth')))
Final Test MSE (Best Model): 0.1289
Finished. Status: Success
