Starting Run on GPU 3
Time: 2025-12-24 16:04:19

[Run Start] Subject S004 | Mode ['SDA'] | Params: L1.0_LS0.7_LR0.0001_E128_D128_Dr0.3

[Fold 1 - SDA] Train: ['S004_T003', 'S004_T005'], Test: S004_T001, Norm: fixed
/home/sangukchoi/.conda/envs/torch_gpu/lib/python3.10/site-packages/torch/nn/modules/rnn.py:123: UserWarning: dropout option adds dropout after all but last recurrent layer, so non-zero dropout expects num_layers greater than 1, but got dropout=0.3 and num_layers=1
  warnings.warn(
  Ep 1: Train 0.3092 | Val 0.2585 | Test 0.1521
Validation loss decreased (0.258498 --> 0.258498).  Saving model ...
  Ep 2: Train 0.1898 | Val 0.1990 | Test 0.1402
Validation loss decreased (0.198962 --> 0.198962).  Saving model ...
  Ep 3: Train 0.1684 | Val 0.1979 | Test 0.1195
Validation loss decreased (0.197896 --> 0.197896).  Saving model ...
  Ep 4: Train 0.1592 | Val 0.2098 | Test 0.1261
EarlyStopping counter: 1 out of 5
  Ep 5: Train 0.1547 | Val 0.1989 | Test 0.1138
EarlyStopping counter: 2 out of 5
  Ep 6: Train 0.1490 | Val 0.1985 | Test 0.1009
EarlyStopping counter: 3 out of 5
  Ep 7: Train 0.1468 | Val 0.1940 | Test 0.1243
Validation loss decreased (0.193970 --> 0.193970).  Saving model ...
  Ep 8: Train 0.1424 | Val 0.2047 | Test 0.1156
EarlyStopping counter: 1 out of 5
  Ep 9: Train 0.1391 | Val 0.1969 | Test 0.1136
EarlyStopping counter: 2 out of 5
  Ep 10: Train 0.1376 | Val 0.2126 | Test 0.1171
EarlyStopping counter: 3 out of 5
  Ep 11: Train 0.1361 | Val 0.1950 | Test 0.1026
EarlyStopping counter: 4 out of 5
  Ep 12: Train 0.1347 | Val 0.1927 | Test 0.1060
Validation loss decreased (0.192653 --> 0.192653).  Saving model ...
  Ep 13: Train 0.1337 | Val 0.1860 | Test 0.1239
Validation loss decreased (0.186002 --> 0.186002).  Saving model ...
  Ep 14: Train 0.1324 | Val 0.2058 | Test 0.1460
EarlyStopping counter: 1 out of 5
  Ep 15: Train 0.1280 | Val 0.1954 | Test 0.1213
EarlyStopping counter: 2 out of 5
  Ep 16: Train 0.1287 | Val 0.1970 | Test 0.1194
EarlyStopping counter: 3 out of 5
  Ep 17: Train 0.1283 | Val 0.1956 | Test 0.1271
EarlyStopping counter: 4 out of 5
  Ep 18: Train 0.1250 | Val 0.1937 | Test 0.1128
EarlyStopping counter: 5 out of 5
Early stopping triggered!
/home/sangukchoi/Stroke_SDA/sda_training.py:615: FutureWarning: You are using `torch.load` with `weights_only=False` (the current default value), which uses the default pickle module implicitly. It is possible to construct malicious pickle data which will execute arbitrary code during unpickling (See https://github.com/pytorch/pytorch/blob/main/SECURITY.md#untrusted-models for more details). In a future release, the default value for `weights_only` will be flipped to `True`. This limits the functions that could be executed during unpickling. Arbitrary objects will no longer be allowed to be loaded via this mode unless they are explicitly allowlisted by the user via `torch.serialization.add_safe_globals`. We recommend you start setting `weights_only=True` for any use case where you don't have full control of the loaded file. Please open an issue on GitHub for any issues related to this experimental feature.
  model.load_state_dict(torch.load(os.path.join(out_dir, 'best_model.pth')))
Final Test MSE (Best Model): 0.1239
Finished. Status: Success
