Starting Run on GPU 1
Time: 2025-12-24 17:09:02

[Run Start] Subject S004 | Mode ['SDA'] | Params: L2.5_LS0.7_LR0.0001_E64_D64_Dr0.3

[Fold 1 - SDA] Train: ['S004_T003', 'S004_T005'], Test: S004_T001, Norm: fixed
/home/sangukchoi/.conda/envs/torch_gpu/lib/python3.10/site-packages/torch/nn/modules/rnn.py:123: UserWarning: dropout option adds dropout after all but last recurrent layer, so non-zero dropout expects num_layers greater than 1, but got dropout=0.3 and num_layers=1
  warnings.warn(
  Ep 1: Train 0.6634 | Val 0.7119 | Test 0.1529
Validation loss decreased (0.711926 --> 0.711926).  Saving model ...
  Ep 2: Train 0.4441 | Val 0.5797 | Test 0.1602
Validation loss decreased (0.579724 --> 0.579724).  Saving model ...
  Ep 3: Train 0.3802 | Val 0.4700 | Test 0.1581
Validation loss decreased (0.469997 --> 0.469997).  Saving model ...
  Ep 4: Train 0.3437 | Val 0.4120 | Test 0.1600
Validation loss decreased (0.412043 --> 0.412043).  Saving model ...
  Ep 5: Train 0.3351 | Val 0.4178 | Test 0.1480
EarlyStopping counter: 1 out of 5
  Ep 6: Train 0.3139 | Val 0.3953 | Test 0.1458
Validation loss decreased (0.395303 --> 0.395303).  Saving model ...
  Ep 7: Train 0.3119 | Val 0.4261 | Test 0.1383
EarlyStopping counter: 1 out of 5
  Ep 8: Train 0.3015 | Val 0.3962 | Test 0.1364
EarlyStopping counter: 2 out of 5
  Ep 9: Train 0.2992 | Val 0.4164 | Test 0.1243
EarlyStopping counter: 3 out of 5
  Ep 10: Train 0.2993 | Val 0.4228 | Test 0.1190
EarlyStopping counter: 4 out of 5
  Ep 11: Train 0.2894 | Val 0.3986 | Test 0.1187
EarlyStopping counter: 5 out of 5
Early stopping triggered!
/home/sangukchoi/Stroke_SDA/sda_training.py:615: FutureWarning: You are using `torch.load` with `weights_only=False` (the current default value), which uses the default pickle module implicitly. It is possible to construct malicious pickle data which will execute arbitrary code during unpickling (See https://github.com/pytorch/pytorch/blob/main/SECURITY.md#untrusted-models for more details). In a future release, the default value for `weights_only` will be flipped to `True`. This limits the functions that could be executed during unpickling. Arbitrary objects will no longer be allowed to be loaded via this mode unless they are explicitly allowlisted by the user via `torch.serialization.add_safe_globals`. We recommend you start setting `weights_only=True` for any use case where you don't have full control of the loaded file. Please open an issue on GitHub for any issues related to this experimental feature.
  model.load_state_dict(torch.load(os.path.join(out_dir, 'best_model.pth')))
Final Test MSE (Best Model): 0.1458
Finished. Status: Success
