Starting Run on GPU 3
Time: 2025-12-24 16:51:36

[Run Start] Subject S004 | Mode ['SDA'] | Params: L2.5_LS0.3_LR0.0001_E128_D32_Dr0.3

[Fold 1 - SDA] Train: ['S004_T003', 'S004_T005'], Test: S004_T001, Norm: fixed
/home/sangukchoi/.conda/envs/torch_gpu/lib/python3.10/site-packages/torch/nn/modules/rnn.py:123: UserWarning: dropout option adds dropout after all but last recurrent layer, so non-zero dropout expects num_layers greater than 1, but got dropout=0.3 and num_layers=1
  warnings.warn(
  Ep 1: Train 0.4671 | Val 0.6359 | Test 0.1528
Validation loss decreased (0.635937 --> 0.635937).  Saving model ...
  Ep 2: Train 0.3711 | Val 0.5593 | Test 0.1641
Validation loss decreased (0.559315 --> 0.559315).  Saving model ...
  Ep 3: Train 0.3445 | Val 0.5150 | Test 0.1564
Validation loss decreased (0.515002 --> 0.515002).  Saving model ...
  Ep 4: Train 0.3201 | Val 0.4538 | Test 0.1612
Validation loss decreased (0.453818 --> 0.453818).  Saving model ...
  Ep 5: Train 0.3093 | Val 0.4117 | Test 0.1528
Validation loss decreased (0.411712 --> 0.411712).  Saving model ...
  Ep 6: Train 0.2945 | Val 0.3981 | Test 0.1532
Validation loss decreased (0.398129 --> 0.398129).  Saving model ...
  Ep 7: Train 0.2929 | Val 0.4102 | Test 0.1479
EarlyStopping counter: 1 out of 5
  Ep 8: Train 0.2856 | Val 0.3734 | Test 0.1473
Validation loss decreased (0.373382 --> 0.373382).  Saving model ...
  Ep 9: Train 0.2818 | Val 0.3614 | Test 0.1536
Validation loss decreased (0.361438 --> 0.361438).  Saving model ...
  Ep 10: Train 0.2683 | Val 0.3852 | Test 0.1417
EarlyStopping counter: 1 out of 5
  Ep 11: Train 0.2620 | Val 0.3881 | Test 0.1454
EarlyStopping counter: 2 out of 5
  Ep 12: Train 0.2689 | Val 0.3858 | Test 0.1414
EarlyStopping counter: 3 out of 5
  Ep 13: Train 0.2613 | Val 0.3683 | Test 0.1495
EarlyStopping counter: 4 out of 5
  Ep 14: Train 0.2537 | Val 0.3853 | Test 0.1270
EarlyStopping counter: 5 out of 5
Early stopping triggered!
/home/sangukchoi/Stroke_SDA/sda_training.py:615: FutureWarning: You are using `torch.load` with `weights_only=False` (the current default value), which uses the default pickle module implicitly. It is possible to construct malicious pickle data which will execute arbitrary code during unpickling (See https://github.com/pytorch/pytorch/blob/main/SECURITY.md#untrusted-models for more details). In a future release, the default value for `weights_only` will be flipped to `True`. This limits the functions that could be executed during unpickling. Arbitrary objects will no longer be allowed to be loaded via this mode unless they are explicitly allowlisted by the user via `torch.serialization.add_safe_globals`. We recommend you start setting `weights_only=True` for any use case where you don't have full control of the loaded file. Please open an issue on GitHub for any issues related to this experimental feature.
  model.load_state_dict(torch.load(os.path.join(out_dir, 'best_model.pth')))
Final Test MSE (Best Model): 0.1536
Finished. Status: Success
