Starting Run on GPU 3
Time: 2025-12-24 17:04:08

[Run Start] Subject S004 | Mode ['SDA'] | Params: L2.5_LS0.5_LR0.0001_E128_D128_Dr0.3

[Fold 1 - SDA] Train: ['S004_T003', 'S004_T005'], Test: S004_T001, Norm: fixed
/home/sangukchoi/.conda/envs/torch_gpu/lib/python3.10/site-packages/torch/nn/modules/rnn.py:123: UserWarning: dropout option adds dropout after all but last recurrent layer, so non-zero dropout expects num_layers greater than 1, but got dropout=0.3 and num_layers=1
  warnings.warn(
  Ep 1: Train 0.4974 | Val 0.6081 | Test 0.1584
Validation loss decreased (0.608131 --> 0.608131).  Saving model ...
  Ep 2: Train 0.3822 | Val 0.5192 | Test 0.1575
Validation loss decreased (0.519158 --> 0.519158).  Saving model ...
  Ep 3: Train 0.3470 | Val 0.4409 | Test 0.1519
Validation loss decreased (0.440922 --> 0.440922).  Saving model ...
  Ep 4: Train 0.3310 | Val 0.4337 | Test 0.1412
Validation loss decreased (0.433743 --> 0.433743).  Saving model ...
  Ep 5: Train 0.3240 | Val 0.4150 | Test 0.1481
Validation loss decreased (0.414965 --> 0.414965).  Saving model ...
  Ep 6: Train 0.3125 | Val 0.4332 | Test 0.1409
EarlyStopping counter: 1 out of 5
  Ep 7: Train 0.3042 | Val 0.3756 | Test 0.1351
Validation loss decreased (0.375616 --> 0.375616).  Saving model ...
  Ep 8: Train 0.3023 | Val 0.3778 | Test 0.1225
EarlyStopping counter: 1 out of 5
  Ep 9: Train 0.2925 | Val 0.4025 | Test 0.1218
EarlyStopping counter: 2 out of 5
  Ep 10: Train 0.2843 | Val 0.3962 | Test 0.1034
EarlyStopping counter: 3 out of 5
  Ep 11: Train 0.2855 | Val 0.3867 | Test 0.1107
EarlyStopping counter: 4 out of 5
  Ep 12: Train 0.2798 | Val 0.3972 | Test 0.1137
EarlyStopping counter: 5 out of 5
Early stopping triggered!
/home/sangukchoi/Stroke_SDA/sda_training.py:615: FutureWarning: You are using `torch.load` with `weights_only=False` (the current default value), which uses the default pickle module implicitly. It is possible to construct malicious pickle data which will execute arbitrary code during unpickling (See https://github.com/pytorch/pytorch/blob/main/SECURITY.md#untrusted-models for more details). In a future release, the default value for `weights_only` will be flipped to `True`. This limits the functions that could be executed during unpickling. Arbitrary objects will no longer be allowed to be loaded via this mode unless they are explicitly allowlisted by the user via `torch.serialization.add_safe_globals`. We recommend you start setting `weights_only=True` for any use case where you don't have full control of the loaded file. Please open an issue on GitHub for any issues related to this experimental feature.
  model.load_state_dict(torch.load(os.path.join(out_dir, 'best_model.pth')))
Final Test MSE (Best Model): 0.1351
Finished. Status: Success
