Starting Run on GPU 0
Time: 2025-12-24 17:59:18

[Run Start] Subject S004 | Mode ['SDA'] | Params: L3.0_LS1.0_LR0.0001_E64_D32_Dr0.3

[Fold 1 - SDA] Train: ['S004_T003', 'S004_T005'], Test: S004_T001, Norm: fixed
/home/sangukchoi/.conda/envs/torch_gpu/lib/python3.10/site-packages/torch/nn/modules/rnn.py:123: UserWarning: dropout option adds dropout after all but last recurrent layer, so non-zero dropout expects num_layers greater than 1, but got dropout=0.3 and num_layers=1
  warnings.warn(
  Ep 1: Train 0.8713 | Val 0.7822 | Test 0.1677
Validation loss decreased (0.782220 --> 0.782220).  Saving model ...
  Ep 2: Train 0.5335 | Val 0.6868 | Test 0.1589
Validation loss decreased (0.686757 --> 0.686757).  Saving model ...
  Ep 3: Train 0.4431 | Val 0.5477 | Test 0.1668
Validation loss decreased (0.547718 --> 0.547718).  Saving model ...
  Ep 4: Train 0.4130 | Val 0.5015 | Test 0.1610
Validation loss decreased (0.501475 --> 0.501475).  Saving model ...
  Ep 5: Train 0.3995 | Val 0.4947 | Test 0.1605
Validation loss decreased (0.494731 --> 0.494731).  Saving model ...
  Ep 6: Train 0.3850 | Val 0.4740 | Test 0.1753
Validation loss decreased (0.473957 --> 0.473957).  Saving model ...
  Ep 7: Train 0.3797 | Val 0.4470 | Test 0.1682
Validation loss decreased (0.446954 --> 0.446954).  Saving model ...
  Ep 8: Train 0.3704 | Val 0.4521 | Test 0.1698
EarlyStopping counter: 1 out of 5
  Ep 9: Train 0.3667 | Val 0.4831 | Test 0.1637
EarlyStopping counter: 2 out of 5
  Ep 10: Train 0.3651 | Val 0.4652 | Test 0.1620
EarlyStopping counter: 3 out of 5
  Ep 11: Train 0.3660 | Val 0.4789 | Test 0.1671
EarlyStopping counter: 4 out of 5
  Ep 12: Train 0.3532 | Val 0.4625 | Test 0.1485
EarlyStopping counter: 5 out of 5
Early stopping triggered!
/home/sangukchoi/Stroke_SDA/sda_training.py:615: FutureWarning: You are using `torch.load` with `weights_only=False` (the current default value), which uses the default pickle module implicitly. It is possible to construct malicious pickle data which will execute arbitrary code during unpickling (See https://github.com/pytorch/pytorch/blob/main/SECURITY.md#untrusted-models for more details). In a future release, the default value for `weights_only` will be flipped to `True`. This limits the functions that could be executed during unpickling. Arbitrary objects will no longer be allowed to be loaded via this mode unless they are explicitly allowlisted by the user via `torch.serialization.add_safe_globals`. We recommend you start setting `weights_only=True` for any use case where you don't have full control of the loaded file. Please open an issue on GitHub for any issues related to this experimental feature.
  model.load_state_dict(torch.load(os.path.join(out_dir, 'best_model.pth')))
Final Test MSE (Best Model): 0.1682
Finished. Status: Success
