Starting Run on GPU 2
Time: 2025-12-24 16:17:41

[Run Start] Subject S004 | Mode ['SDA'] | Params: L1.5_LS0.7_LR0.0001_E64_D128_Dr0.3

[Fold 1 - SDA] Train: ['S004_T003', 'S004_T005'], Test: S004_T001, Norm: fixed
/home/sangukchoi/.conda/envs/torch_gpu/lib/python3.10/site-packages/torch/nn/modules/rnn.py:123: UserWarning: dropout option adds dropout after all but last recurrent layer, so non-zero dropout expects num_layers greater than 1, but got dropout=0.3 and num_layers=1
  warnings.warn(
  Ep 1: Train 0.4347 | Val 0.4416 | Test 0.1398
Validation loss decreased (0.441640 --> 0.441640).  Saving model ...
  Ep 2: Train 0.2887 | Val 0.3731 | Test 0.1537
Validation loss decreased (0.373106 --> 0.373106).  Saving model ...
  Ep 3: Train 0.2575 | Val 0.3121 | Test 0.1595
Validation loss decreased (0.312075 --> 0.312075).  Saving model ...
  Ep 4: Train 0.2405 | Val 0.3031 | Test 0.1543
Validation loss decreased (0.303139 --> 0.303139).  Saving model ...
  Ep 5: Train 0.2314 | Val 0.2766 | Test 0.1447
Validation loss decreased (0.276579 --> 0.276579).  Saving model ...
  Ep 6: Train 0.2229 | Val 0.2750 | Test 0.1411
Validation loss decreased (0.274977 --> 0.274977).  Saving model ...
  Ep 7: Train 0.2200 | Val 0.2851 | Test 0.1377
EarlyStopping counter: 1 out of 5
  Ep 8: Train 0.2162 | Val 0.2793 | Test 0.1386
EarlyStopping counter: 2 out of 5
  Ep 9: Train 0.2126 | Val 0.2784 | Test 0.1395
EarlyStopping counter: 3 out of 5
  Ep 10: Train 0.2083 | Val 0.2774 | Test 0.1427
EarlyStopping counter: 4 out of 5
  Ep 11: Train 0.2059 | Val 0.2728 | Test 0.1360
Validation loss decreased (0.272803 --> 0.272803).  Saving model ...
  Ep 12: Train 0.2029 | Val 0.2595 | Test 0.1362
Validation loss decreased (0.259525 --> 0.259525).  Saving model ...
  Ep 13: Train 0.1990 | Val 0.2733 | Test 0.1282
EarlyStopping counter: 1 out of 5
  Ep 14: Train 0.1968 | Val 0.2622 | Test 0.1506
EarlyStopping counter: 2 out of 5
  Ep 15: Train 0.1941 | Val 0.2646 | Test 0.1384
EarlyStopping counter: 3 out of 5
  Ep 16: Train 0.1941 | Val 0.2665 | Test 0.1283
EarlyStopping counter: 4 out of 5
  Ep 17: Train 0.1909 | Val 0.2611 | Test 0.1434
EarlyStopping counter: 5 out of 5
Early stopping triggered!
/home/sangukchoi/Stroke_SDA/sda_training.py:615: FutureWarning: You are using `torch.load` with `weights_only=False` (the current default value), which uses the default pickle module implicitly. It is possible to construct malicious pickle data which will execute arbitrary code during unpickling (See https://github.com/pytorch/pytorch/blob/main/SECURITY.md#untrusted-models for more details). In a future release, the default value for `weights_only` will be flipped to `True`. This limits the functions that could be executed during unpickling. Arbitrary objects will no longer be allowed to be loaded via this mode unless they are explicitly allowlisted by the user via `torch.serialization.add_safe_globals`. We recommend you start setting `weights_only=True` for any use case where you don't have full control of the loaded file. Please open an issue on GitHub for any issues related to this experimental feature.
  model.load_state_dict(torch.load(os.path.join(out_dir, 'best_model.pth')))
Final Test MSE (Best Model): 0.1362
Finished. Status: Success
