Starting Run on GPU 2
Time: 2025-12-24 17:23:46

[Run Start] Subject S004 | Mode ['SDA'] | Params: L2.5_LS1.0_LR0.0001_E256_D64_Dr0.3

[Fold 1 - SDA] Train: ['S004_T003', 'S004_T005'], Test: S004_T001, Norm: fixed
/home/sangukchoi/.conda/envs/torch_gpu/lib/python3.10/site-packages/torch/nn/modules/rnn.py:123: UserWarning: dropout option adds dropout after all but last recurrent layer, so non-zero dropout expects num_layers greater than 1, but got dropout=0.3 and num_layers=1
  warnings.warn(
  Ep 1: Train 0.5094 | Val 0.4855 | Test 0.1526
Validation loss decreased (0.485522 --> 0.485522).  Saving model ...
  Ep 2: Train 0.3551 | Val 0.4228 | Test 0.1399
Validation loss decreased (0.422776 --> 0.422776).  Saving model ...
  Ep 3: Train 0.3242 | Val 0.4348 | Test 0.1362
EarlyStopping counter: 1 out of 5
  Ep 4: Train 0.3141 | Val 0.4320 | Test 0.1427
EarlyStopping counter: 2 out of 5
  Ep 5: Train 0.3022 | Val 0.3960 | Test 0.1370
Validation loss decreased (0.395986 --> 0.395986).  Saving model ...
  Ep 6: Train 0.2903 | Val 0.4372 | Test 0.1039
EarlyStopping counter: 1 out of 5
  Ep 7: Train 0.2902 | Val 0.3981 | Test 0.1107
EarlyStopping counter: 2 out of 5
  Ep 8: Train 0.2828 | Val 0.4028 | Test 0.1065
EarlyStopping counter: 3 out of 5
  Ep 9: Train 0.2804 | Val 0.4068 | Test 0.1219
EarlyStopping counter: 4 out of 5
  Ep 10: Train 0.2687 | Val 0.4088 | Test 0.1023
EarlyStopping counter: 5 out of 5
Early stopping triggered!
/home/sangukchoi/Stroke_SDA/sda_training.py:615: FutureWarning: You are using `torch.load` with `weights_only=False` (the current default value), which uses the default pickle module implicitly. It is possible to construct malicious pickle data which will execute arbitrary code during unpickling (See https://github.com/pytorch/pytorch/blob/main/SECURITY.md#untrusted-models for more details). In a future release, the default value for `weights_only` will be flipped to `True`. This limits the functions that could be executed during unpickling. Arbitrary objects will no longer be allowed to be loaded via this mode unless they are explicitly allowlisted by the user via `torch.serialization.add_safe_globals`. We recommend you start setting `weights_only=True` for any use case where you don't have full control of the loaded file. Please open an issue on GitHub for any issues related to this experimental feature.
  model.load_state_dict(torch.load(os.path.join(out_dir, 'best_model.pth')))
Final Test MSE (Best Model): 0.1370
Finished. Status: Success
