Starting Run on GPU 1
Time: 2025-12-24 18:02:07

[Run Start] Subject S004 | Mode ['SDA'] | Params: L3.0_LS1.0_LR0.0001_E128_D32_Dr0.3

[Fold 1 - SDA] Train: ['S004_T003', 'S004_T005'], Test: S004_T001, Norm: fixed
/home/sangukchoi/.conda/envs/torch_gpu/lib/python3.10/site-packages/torch/nn/modules/rnn.py:123: UserWarning: dropout option adds dropout after all but last recurrent layer, so non-zero dropout expects num_layers greater than 1, but got dropout=0.3 and num_layers=1
  warnings.warn(
  Ep 1: Train 0.6891 | Val 0.8251 | Test 0.1548
Validation loss decreased (0.825121 --> 0.825121).  Saving model ...
  Ep 2: Train 0.4591 | Val 0.5990 | Test 0.1870
Validation loss decreased (0.599005 --> 0.599005).  Saving model ...
  Ep 3: Train 0.4114 | Val 0.5418 | Test 0.1589
Validation loss decreased (0.541795 --> 0.541795).  Saving model ...
  Ep 4: Train 0.3843 | Val 0.4982 | Test 0.1599
Validation loss decreased (0.498162 --> 0.498162).  Saving model ...
  Ep 5: Train 0.3815 | Val 0.4865 | Test 0.1604
Validation loss decreased (0.486547 --> 0.486547).  Saving model ...
  Ep 6: Train 0.3737 | Val 0.4799 | Test 0.1533
Validation loss decreased (0.479883 --> 0.479883).  Saving model ...
  Ep 7: Train 0.3708 | Val 0.4744 | Test 0.1446
Validation loss decreased (0.474392 --> 0.474392).  Saving model ...
  Ep 8: Train 0.3604 | Val 0.4659 | Test 0.1444
Validation loss decreased (0.465867 --> 0.465867).  Saving model ...
  Ep 9: Train 0.3567 | Val 0.4764 | Test 0.1342
EarlyStopping counter: 1 out of 5
  Ep 10: Train 0.3500 | Val 0.4806 | Test 0.1337
EarlyStopping counter: 2 out of 5
  Ep 11: Train 0.3513 | Val 0.4804 | Test 0.1355
EarlyStopping counter: 3 out of 5
  Ep 12: Train 0.3488 | Val 0.4781 | Test 0.1120
EarlyStopping counter: 4 out of 5
  Ep 13: Train 0.3492 | Val 0.4842 | Test 0.1069
EarlyStopping counter: 5 out of 5
Early stopping triggered!
/home/sangukchoi/Stroke_SDA/sda_training.py:615: FutureWarning: You are using `torch.load` with `weights_only=False` (the current default value), which uses the default pickle module implicitly. It is possible to construct malicious pickle data which will execute arbitrary code during unpickling (See https://github.com/pytorch/pytorch/blob/main/SECURITY.md#untrusted-models for more details). In a future release, the default value for `weights_only` will be flipped to `True`. This limits the functions that could be executed during unpickling. Arbitrary objects will no longer be allowed to be loaded via this mode unless they are explicitly allowlisted by the user via `torch.serialization.add_safe_globals`. We recommend you start setting `weights_only=True` for any use case where you don't have full control of the loaded file. Please open an issue on GitHub for any issues related to this experimental feature.
  model.load_state_dict(torch.load(os.path.join(out_dir, 'best_model.pth')))
Final Test MSE (Best Model): 0.1444
Finished. Status: Success
