Starting Run on GPU 1
Time: 2025-12-24 16:19:26

[Run Start] Subject S004 | Mode ['SDA'] | Params: L1.5_LS0.7_LR0.0001_E128_D32_Dr0.3

[Fold 1 - SDA] Train: ['S004_T003', 'S004_T005'], Test: S004_T001, Norm: fixed
/home/sangukchoi/.conda/envs/torch_gpu/lib/python3.10/site-packages/torch/nn/modules/rnn.py:123: UserWarning: dropout option adds dropout after all but last recurrent layer, so non-zero dropout expects num_layers greater than 1, but got dropout=0.3 and num_layers=1
  warnings.warn(
  Ep 1: Train 0.4073 | Val 0.3842 | Test 0.1460
Validation loss decreased (0.384250 --> 0.384250).  Saving model ...
  Ep 2: Train 0.2416 | Val 0.2875 | Test 0.1528
Validation loss decreased (0.287509 --> 0.287509).  Saving model ...
  Ep 3: Train 0.2168 | Val 0.2717 | Test 0.1262
Validation loss decreased (0.271695 --> 0.271695).  Saving model ...
  Ep 4: Train 0.2049 | Val 0.2824 | Test 0.1047
EarlyStopping counter: 1 out of 5
  Ep 5: Train 0.1970 | Val 0.2682 | Test 0.1264
Validation loss decreased (0.268176 --> 0.268176).  Saving model ...
  Ep 6: Train 0.1943 | Val 0.2864 | Test 0.0951
EarlyStopping counter: 1 out of 5
  Ep 7: Train 0.1902 | Val 0.2898 | Test 0.1175
EarlyStopping counter: 2 out of 5
  Ep 8: Train 0.1831 | Val 0.2845 | Test 0.1038
EarlyStopping counter: 3 out of 5
  Ep 9: Train 0.1848 | Val 0.2936 | Test 0.1037
EarlyStopping counter: 4 out of 5
  Ep 10: Train 0.1816 | Val 0.2792 | Test 0.1066
EarlyStopping counter: 5 out of 5
Early stopping triggered!
/home/sangukchoi/Stroke_SDA/sda_training.py:615: FutureWarning: You are using `torch.load` with `weights_only=False` (the current default value), which uses the default pickle module implicitly. It is possible to construct malicious pickle data which will execute arbitrary code during unpickling (See https://github.com/pytorch/pytorch/blob/main/SECURITY.md#untrusted-models for more details). In a future release, the default value for `weights_only` will be flipped to `True`. This limits the functions that could be executed during unpickling. Arbitrary objects will no longer be allowed to be loaded via this mode unless they are explicitly allowlisted by the user via `torch.serialization.add_safe_globals`. We recommend you start setting `weights_only=True` for any use case where you don't have full control of the loaded file. Please open an issue on GitHub for any issues related to this experimental feature.
  model.load_state_dict(torch.load(os.path.join(out_dir, 'best_model.pth')))
Final Test MSE (Best Model): 0.1264
Finished. Status: Success
