Starting Run on GPU 0
Time: 2025-12-24 18:06:21

[Run Start] Subject S004 | Mode ['SDA'] | Params: L3.0_LS1.0_LR0.0001_E256_D128_Dr0.3

[Fold 1 - SDA] Train: ['S004_T003', 'S004_T005'], Test: S004_T001, Norm: fixed
/home/sangukchoi/.conda/envs/torch_gpu/lib/python3.10/site-packages/torch/nn/modules/rnn.py:123: UserWarning: dropout option adds dropout after all but last recurrent layer, so non-zero dropout expects num_layers greater than 1, but got dropout=0.3 and num_layers=1
  warnings.warn(
  Ep 1: Train 0.5835 | Val 0.6191 | Test 0.1775
Validation loss decreased (0.619086 --> 0.619086).  Saving model ...
  Ep 2: Train 0.4148 | Val 0.5052 | Test 0.1660
Validation loss decreased (0.505238 --> 0.505238).  Saving model ...
  Ep 3: Train 0.3827 | Val 0.4793 | Test 0.1547
Validation loss decreased (0.479278 --> 0.479278).  Saving model ...
  Ep 4: Train 0.3678 | Val 0.4883 | Test 0.1387
EarlyStopping counter: 1 out of 5
  Ep 5: Train 0.3590 | Val 0.5077 | Test 0.1229
EarlyStopping counter: 2 out of 5
  Ep 6: Train 0.3377 | Val 0.5096 | Test 0.1101
EarlyStopping counter: 3 out of 5
  Ep 7: Train 0.3397 | Val 0.5204 | Test 0.1226
EarlyStopping counter: 4 out of 5
  Ep 8: Train 0.3346 | Val 0.5210 | Test 0.1334
EarlyStopping counter: 5 out of 5
Early stopping triggered!
/home/sangukchoi/Stroke_SDA/sda_training.py:615: FutureWarning: You are using `torch.load` with `weights_only=False` (the current default value), which uses the default pickle module implicitly. It is possible to construct malicious pickle data which will execute arbitrary code during unpickling (See https://github.com/pytorch/pytorch/blob/main/SECURITY.md#untrusted-models for more details). In a future release, the default value for `weights_only` will be flipped to `True`. This limits the functions that could be executed during unpickling. Arbitrary objects will no longer be allowed to be loaded via this mode unless they are explicitly allowlisted by the user via `torch.serialization.add_safe_globals`. We recommend you start setting `weights_only=True` for any use case where you don't have full control of the loaded file. Please open an issue on GitHub for any issues related to this experimental feature.
  model.load_state_dict(torch.load(os.path.join(out_dir, 'best_model.pth')))
Final Test MSE (Best Model): 0.1547
Finished. Status: Success
