Starting Run on GPU 1
Time: 2025-12-24 16:56:03

[Run Start] Subject S004 | Mode ['SDA'] | Params: L2.5_LS0.3_LR0.0001_E256_D32_Dr0.3

[Fold 1 - SDA] Train: ['S004_T003', 'S004_T005'], Test: S004_T001, Norm: fixed
/home/sangukchoi/.conda/envs/torch_gpu/lib/python3.10/site-packages/torch/nn/modules/rnn.py:123: UserWarning: dropout option adds dropout after all but last recurrent layer, so non-zero dropout expects num_layers greater than 1, but got dropout=0.3 and num_layers=1
  warnings.warn(
  Ep 1: Train 0.4151 | Val 0.5454 | Test 0.1604
Validation loss decreased (0.545399 --> 0.545399).  Saving model ...
  Ep 2: Train 0.3148 | Val 0.4242 | Test 0.1743
Validation loss decreased (0.424182 --> 0.424182).  Saving model ...
  Ep 3: Train 0.2920 | Val 0.3862 | Test 0.1795
Validation loss decreased (0.386201 --> 0.386201).  Saving model ...
  Ep 4: Train 0.2834 | Val 0.3860 | Test 0.1754
EarlyStopping counter: 1 out of 5
  Ep 5: Train 0.2733 | Val 0.4077 | Test 0.1757
EarlyStopping counter: 2 out of 5
  Ep 6: Train 0.2674 | Val 0.3898 | Test 0.1627
EarlyStopping counter: 3 out of 5
  Ep 7: Train 0.2557 | Val 0.3923 | Test 0.1680
EarlyStopping counter: 4 out of 5
  Ep 8: Train 0.2625 | Val 0.3913 | Test 0.1688
EarlyStopping counter: 5 out of 5
Early stopping triggered!
/home/sangukchoi/Stroke_SDA/sda_training.py:615: FutureWarning: You are using `torch.load` with `weights_only=False` (the current default value), which uses the default pickle module implicitly. It is possible to construct malicious pickle data which will execute arbitrary code during unpickling (See https://github.com/pytorch/pytorch/blob/main/SECURITY.md#untrusted-models for more details). In a future release, the default value for `weights_only` will be flipped to `True`. This limits the functions that could be executed during unpickling. Arbitrary objects will no longer be allowed to be loaded via this mode unless they are explicitly allowlisted by the user via `torch.serialization.add_safe_globals`. We recommend you start setting `weights_only=True` for any use case where you don't have full control of the loaded file. Please open an issue on GitHub for any issues related to this experimental feature.
  model.load_state_dict(torch.load(os.path.join(out_dir, 'best_model.pth')))
Final Test MSE (Best Model): 0.1795
Finished. Status: Success
