Starting Run on GPU 1
Time: 2025-12-24 16:41:19

[Run Start] Subject S004 | Mode ['SDA'] | Params: L2.0_LS0.7_LR0.0001_E256_D128_Dr0.3

[Fold 1 - SDA] Train: ['S004_T003', 'S004_T005'], Test: S004_T001, Norm: fixed
/home/sangukchoi/.conda/envs/torch_gpu/lib/python3.10/site-packages/torch/nn/modules/rnn.py:123: UserWarning: dropout option adds dropout after all but last recurrent layer, so non-zero dropout expects num_layers greater than 1, but got dropout=0.3 and num_layers=1
  warnings.warn(
  Ep 1: Train 0.3999 | Val 0.3641 | Test 0.1686
Validation loss decreased (0.364068 --> 0.364068).  Saving model ...
  Ep 2: Train 0.2848 | Val 0.3431 | Test 0.1725
Validation loss decreased (0.343130 --> 0.343130).  Saving model ...
  Ep 3: Train 0.2690 | Val 0.3553 | Test 0.1529
EarlyStopping counter: 1 out of 5
  Ep 4: Train 0.2579 | Val 0.3319 | Test 0.1273
Validation loss decreased (0.331943 --> 0.331943).  Saving model ...
  Ep 5: Train 0.2529 | Val 0.3178 | Test 0.1198
Validation loss decreased (0.317787 --> 0.317787).  Saving model ...
  Ep 6: Train 0.2454 | Val 0.3435 | Test 0.1248
EarlyStopping counter: 1 out of 5
  Ep 7: Train 0.2342 | Val 0.3488 | Test 0.1151
EarlyStopping counter: 2 out of 5
  Ep 8: Train 0.2359 | Val 0.3552 | Test 0.1063
EarlyStopping counter: 3 out of 5
  Ep 9: Train 0.2346 | Val 0.3261 | Test 0.0999
EarlyStopping counter: 4 out of 5
  Ep 10: Train 0.2222 | Val 0.3254 | Test 0.1121
EarlyStopping counter: 5 out of 5
Early stopping triggered!
/home/sangukchoi/Stroke_SDA/sda_training.py:615: FutureWarning: You are using `torch.load` with `weights_only=False` (the current default value), which uses the default pickle module implicitly. It is possible to construct malicious pickle data which will execute arbitrary code during unpickling (See https://github.com/pytorch/pytorch/blob/main/SECURITY.md#untrusted-models for more details). In a future release, the default value for `weights_only` will be flipped to `True`. This limits the functions that could be executed during unpickling. Arbitrary objects will no longer be allowed to be loaded via this mode unless they are explicitly allowlisted by the user via `torch.serialization.add_safe_globals`. We recommend you start setting `weights_only=True` for any use case where you don't have full control of the loaded file. Please open an issue on GitHub for any issues related to this experimental feature.
  model.load_state_dict(torch.load(os.path.join(out_dir, 'best_model.pth')))
Final Test MSE (Best Model): 0.1198
Finished. Status: Success
