Starting Run on GPU 3
Time: 2025-12-24 15:59:11

[Run Start] Subject S004 | Mode ['SDA'] | Params: L1.0_LS0.7_LR0.0001_E64_D128_Dr0.3

[Fold 1 - SDA] Train: ['S004_T003', 'S004_T005'], Test: S004_T001, Norm: fixed
/home/sangukchoi/.conda/envs/torch_gpu/lib/python3.10/site-packages/torch/nn/modules/rnn.py:123: UserWarning: dropout option adds dropout after all but last recurrent layer, so non-zero dropout expects num_layers greater than 1, but got dropout=0.3 and num_layers=1
  warnings.warn(
  Ep 1: Train 0.3729 | Val 0.3230 | Test 0.1293
Validation loss decreased (0.323009 --> 0.323009).  Saving model ...
  Ep 2: Train 0.2201 | Val 0.2332 | Test 0.1404
Validation loss decreased (0.233164 --> 0.233164).  Saving model ...
  Ep 3: Train 0.1888 | Val 0.2021 | Test 0.1353
Validation loss decreased (0.202060 --> 0.202060).  Saving model ...
  Ep 4: Train 0.1742 | Val 0.1960 | Test 0.1323
Validation loss decreased (0.196023 --> 0.196023).  Saving model ...
  Ep 5: Train 0.1714 | Val 0.1976 | Test 0.1479
EarlyStopping counter: 1 out of 5
  Ep 6: Train 0.1666 | Val 0.1921 | Test 0.1341
Validation loss decreased (0.192099 --> 0.192099).  Saving model ...
  Ep 7: Train 0.1617 | Val 0.1904 | Test 0.1383
Validation loss decreased (0.190390 --> 0.190390).  Saving model ...
  Ep 8: Train 0.1578 | Val 0.1901 | Test 0.1369
EarlyStopping counter: 1 out of 5
  Ep 9: Train 0.1557 | Val 0.1873 | Test 0.1344
Validation loss decreased (0.187340 --> 0.187340).  Saving model ...
  Ep 10: Train 0.1548 | Val 0.1882 | Test 0.1485
EarlyStopping counter: 1 out of 5
  Ep 11: Train 0.1525 | Val 0.1763 | Test 0.1473
Validation loss decreased (0.176275 --> 0.176275).  Saving model ...
  Ep 12: Train 0.1506 | Val 0.1861 | Test 0.1537
EarlyStopping counter: 1 out of 5
  Ep 13: Train 0.1500 | Val 0.1890 | Test 0.1532
EarlyStopping counter: 2 out of 5
  Ep 14: Train 0.1478 | Val 0.1735 | Test 0.1730
Validation loss decreased (0.173503 --> 0.173503).  Saving model ...
  Ep 15: Train 0.1467 | Val 0.1865 | Test 0.1631
EarlyStopping counter: 1 out of 5
  Ep 16: Train 0.1466 | Val 0.1775 | Test 0.1724
EarlyStopping counter: 2 out of 5
  Ep 17: Train 0.1450 | Val 0.1787 | Test 0.1651
EarlyStopping counter: 3 out of 5
  Ep 18: Train 0.1447 | Val 0.1848 | Test 0.1543
EarlyStopping counter: 4 out of 5
  Ep 19: Train 0.1422 | Val 0.1738 | Test 0.1801
EarlyStopping counter: 5 out of 5
Early stopping triggered!
/home/sangukchoi/Stroke_SDA/sda_training.py:615: FutureWarning: You are using `torch.load` with `weights_only=False` (the current default value), which uses the default pickle module implicitly. It is possible to construct malicious pickle data which will execute arbitrary code during unpickling (See https://github.com/pytorch/pytorch/blob/main/SECURITY.md#untrusted-models for more details). In a future release, the default value for `weights_only` will be flipped to `True`. This limits the functions that could be executed during unpickling. Arbitrary objects will no longer be allowed to be loaded via this mode unless they are explicitly allowlisted by the user via `torch.serialization.add_safe_globals`. We recommend you start setting `weights_only=True` for any use case where you don't have full control of the loaded file. Please open an issue on GitHub for any issues related to this experimental feature.
  model.load_state_dict(torch.load(os.path.join(out_dir, 'best_model.pth')))
Final Test MSE (Best Model): 0.1730
Finished. Status: Success
