Starting Run on GPU 1
Time: 2025-12-24 16:08:42

[Run Start] Subject S004 | Mode ['SDA'] | Params: L1.0_LS1.0_LR0.0001_E64_D32_Dr0.3

[Fold 1 - SDA] Train: ['S004_T003', 'S004_T005'], Test: S004_T001, Norm: fixed
/home/sangukchoi/.conda/envs/torch_gpu/lib/python3.10/site-packages/torch/nn/modules/rnn.py:123: UserWarning: dropout option adds dropout after all but last recurrent layer, so non-zero dropout expects num_layers greater than 1, but got dropout=0.3 and num_layers=1
  warnings.warn(
  Ep 1: Train 0.4779 | Val 0.3510 | Test 0.1364
Validation loss decreased (0.351024 --> 0.351024).  Saving model ...
  Ep 2: Train 0.2512 | Val 0.2622 | Test 0.1275
Validation loss decreased (0.262185 --> 0.262185).  Saving model ...
  Ep 3: Train 0.2011 | Val 0.2267 | Test 0.1384
Validation loss decreased (0.226685 --> 0.226685).  Saving model ...
  Ep 4: Train 0.1822 | Val 0.2001 | Test 0.1298
Validation loss decreased (0.200095 --> 0.200095).  Saving model ...
  Ep 5: Train 0.1713 | Val 0.1979 | Test 0.1365
Validation loss decreased (0.197939 --> 0.197939).  Saving model ...
  Ep 6: Train 0.1647 | Val 0.2005 | Test 0.1509
EarlyStopping counter: 1 out of 5
  Ep 7: Train 0.1611 | Val 0.1959 | Test 0.1478
Validation loss decreased (0.195918 --> 0.195918).  Saving model ...
  Ep 8: Train 0.1577 | Val 0.2054 | Test 0.1718
EarlyStopping counter: 1 out of 5
  Ep 9: Train 0.1551 | Val 0.1965 | Test 0.1535
EarlyStopping counter: 2 out of 5
  Ep 10: Train 0.1503 | Val 0.1933 | Test 0.1491
Validation loss decreased (0.193329 --> 0.193329).  Saving model ...
  Ep 11: Train 0.1480 | Val 0.1987 | Test 0.1588
EarlyStopping counter: 1 out of 5
  Ep 12: Train 0.1499 | Val 0.1920 | Test 0.1745
Validation loss decreased (0.192013 --> 0.192013).  Saving model ...
  Ep 13: Train 0.1467 | Val 0.1968 | Test 0.1646
EarlyStopping counter: 1 out of 5
  Ep 14: Train 0.1461 | Val 0.1914 | Test 0.1626
Validation loss decreased (0.191388 --> 0.191388).  Saving model ...
  Ep 15: Train 0.1425 | Val 0.1826 | Test 0.1546
Validation loss decreased (0.182623 --> 0.182623).  Saving model ...
  Ep 16: Train 0.1430 | Val 0.1884 | Test 0.1617
EarlyStopping counter: 1 out of 5
  Ep 17: Train 0.1417 | Val 0.1926 | Test 0.1882
EarlyStopping counter: 2 out of 5
  Ep 18: Train 0.1422 | Val 0.1919 | Test 0.1581
EarlyStopping counter: 3 out of 5
  Ep 19: Train 0.1400 | Val 0.1903 | Test 0.1693
EarlyStopping counter: 4 out of 5
  Ep 20: Train 0.1390 | Val 0.1880 | Test 0.1670
EarlyStopping counter: 5 out of 5
Early stopping triggered!
/home/sangukchoi/Stroke_SDA/sda_training.py:615: FutureWarning: You are using `torch.load` with `weights_only=False` (the current default value), which uses the default pickle module implicitly. It is possible to construct malicious pickle data which will execute arbitrary code during unpickling (See https://github.com/pytorch/pytorch/blob/main/SECURITY.md#untrusted-models for more details). In a future release, the default value for `weights_only` will be flipped to `True`. This limits the functions that could be executed during unpickling. Arbitrary objects will no longer be allowed to be loaded via this mode unless they are explicitly allowlisted by the user via `torch.serialization.add_safe_globals`. We recommend you start setting `weights_only=True` for any use case where you don't have full control of the loaded file. Please open an issue on GitHub for any issues related to this experimental feature.
  model.load_state_dict(torch.load(os.path.join(out_dir, 'best_model.pth')))
Final Test MSE (Best Model): 0.1546
Finished. Status: Success
