Starting Run on GPU 0
Time: 2025-12-24 15:47:00

[Run Start] Subject S004 | Mode ['SDA'] | Params: L0.5_LS1.0_LR0.0001_E128_D64_Dr0.3

[Fold 1 - SDA] Train: ['S004_T003', 'S004_T005'], Test: S004_T001, Norm: fixed
/home/sangukchoi/.conda/envs/torch_gpu/lib/python3.10/site-packages/torch/nn/modules/rnn.py:123: UserWarning: dropout option adds dropout after all but last recurrent layer, so non-zero dropout expects num_layers greater than 1, but got dropout=0.3 and num_layers=1
  warnings.warn(
  Ep 1: Train 0.2691 | Val 0.1589 | Test 0.1297
Validation loss decreased (0.158921 --> 0.158921).  Saving model ...
  Ep 2: Train 0.1340 | Val 0.1319 | Test 0.1256
Validation loss decreased (0.131949 --> 0.131949).  Saving model ...
  Ep 3: Train 0.1157 | Val 0.1158 | Test 0.1211
Validation loss decreased (0.115813 --> 0.115813).  Saving model ...
  Ep 4: Train 0.1078 | Val 0.1144 | Test 0.1262
Validation loss decreased (0.114399 --> 0.114399).  Saving model ...
  Ep 5: Train 0.1034 | Val 0.1205 | Test 0.1375
EarlyStopping counter: 1 out of 5
  Ep 6: Train 0.0998 | Val 0.1307 | Test 0.1793
EarlyStopping counter: 2 out of 5
  Ep 7: Train 0.0967 | Val 0.1168 | Test 0.1592
EarlyStopping counter: 3 out of 5
  Ep 8: Train 0.0954 | Val 0.1139 | Test 0.2008
Validation loss decreased (0.113899 --> 0.113899).  Saving model ...
  Ep 9: Train 0.0934 | Val 0.1271 | Test 0.1860
EarlyStopping counter: 1 out of 5
  Ep 10: Train 0.0899 | Val 0.1059 | Test 0.1763
Validation loss decreased (0.105863 --> 0.105863).  Saving model ...
  Ep 11: Train 0.0896 | Val 0.1044 | Test 0.1775
Validation loss decreased (0.104429 --> 0.104429).  Saving model ...
  Ep 12: Train 0.0879 | Val 0.1031 | Test 0.1937
Validation loss decreased (0.103149 --> 0.103149).  Saving model ...
  Ep 13: Train 0.0863 | Val 0.1062 | Test 0.1743
EarlyStopping counter: 1 out of 5
  Ep 14: Train 0.0841 | Val 0.1012 | Test 0.1818
Validation loss decreased (0.101162 --> 0.101162).  Saving model ...
  Ep 15: Train 0.0836 | Val 0.1021 | Test 0.1737
EarlyStopping counter: 1 out of 5
  Ep 16: Train 0.0812 | Val 0.0977 | Test 0.1592
Validation loss decreased (0.097666 --> 0.097666).  Saving model ...
  Ep 17: Train 0.0818 | Val 0.0934 | Test 0.1634
Validation loss decreased (0.093380 --> 0.093380).  Saving model ...
  Ep 18: Train 0.0803 | Val 0.1007 | Test 0.1640
EarlyStopping counter: 1 out of 5
  Ep 19: Train 0.0803 | Val 0.0950 | Test 0.1763
EarlyStopping counter: 2 out of 5
  Ep 20: Train 0.0788 | Val 0.1022 | Test 0.1816
EarlyStopping counter: 3 out of 5
  Ep 21: Train 0.0779 | Val 0.0963 | Test 0.1870
EarlyStopping counter: 4 out of 5
  Ep 22: Train 0.0772 | Val 0.0989 | Test 0.1734
EarlyStopping counter: 5 out of 5
Early stopping triggered!
/home/sangukchoi/Stroke_SDA/sda_training.py:615: FutureWarning: You are using `torch.load` with `weights_only=False` (the current default value), which uses the default pickle module implicitly. It is possible to construct malicious pickle data which will execute arbitrary code during unpickling (See https://github.com/pytorch/pytorch/blob/main/SECURITY.md#untrusted-models for more details). In a future release, the default value for `weights_only` will be flipped to `True`. This limits the functions that could be executed during unpickling. Arbitrary objects will no longer be allowed to be loaded via this mode unless they are explicitly allowlisted by the user via `torch.serialization.add_safe_globals`. We recommend you start setting `weights_only=True` for any use case where you don't have full control of the loaded file. Please open an issue on GitHub for any issues related to this experimental feature.
  model.load_state_dict(torch.load(os.path.join(out_dir, 'best_model.pth')))
Final Test MSE (Best Model): 0.1634
Finished. Status: Success
