Starting Run on GPU 3
Time: 2025-12-24 17:33:17

[Run Start] Subject S004 | Mode ['SDA'] | Params: L3.0_LS0.3_LR0.0001_E256_D32_Dr0.3

[Fold 1 - SDA] Train: ['S004_T003', 'S004_T005'], Test: S004_T001, Norm: fixed
/home/sangukchoi/.conda/envs/torch_gpu/lib/python3.10/site-packages/torch/nn/modules/rnn.py:123: UserWarning: dropout option adds dropout after all but last recurrent layer, so non-zero dropout expects num_layers greater than 1, but got dropout=0.3 and num_layers=1
  warnings.warn(
  Ep 1: Train 0.5022 | Val 0.6586 | Test 0.1481
Validation loss decreased (0.658638 --> 0.658638).  Saving model ...
  Ep 2: Train 0.3906 | Val 0.5136 | Test 0.1523
Validation loss decreased (0.513629 --> 0.513629).  Saving model ...
  Ep 3: Train 0.3526 | Val 0.4921 | Test 0.1594
Validation loss decreased (0.492087 --> 0.492087).  Saving model ...
  Ep 4: Train 0.3308 | Val 0.4886 | Test 0.1565
Validation loss decreased (0.488612 --> 0.488612).  Saving model ...
  Ep 5: Train 0.3202 | Val 0.4979 | Test 0.1506
EarlyStopping counter: 1 out of 5
  Ep 6: Train 0.3164 | Val 0.5193 | Test 0.1715
EarlyStopping counter: 2 out of 5
  Ep 7: Train 0.3136 | Val 0.4712 | Test 0.1672
Validation loss decreased (0.471199 --> 0.471199).  Saving model ...
  Ep 8: Train 0.3109 | Val 0.4705 | Test 0.1555
Validation loss decreased (0.470542 --> 0.470542).  Saving model ...
  Ep 9: Train 0.3044 | Val 0.4675 | Test 0.1471
Validation loss decreased (0.467489 --> 0.467489).  Saving model ...
  Ep 10: Train 0.3083 | Val 0.4600 | Test 0.1547
Validation loss decreased (0.459979 --> 0.459979).  Saving model ...
  Ep 11: Train 0.3025 | Val 0.4781 | Test 0.1476
EarlyStopping counter: 1 out of 5
  Ep 12: Train 0.2975 | Val 0.4864 | Test 0.1237
EarlyStopping counter: 2 out of 5
  Ep 13: Train 0.2982 | Val 0.5008 | Test 0.1490
EarlyStopping counter: 3 out of 5
  Ep 14: Train 0.3014 | Val 0.4730 | Test 0.1414
EarlyStopping counter: 4 out of 5
  Ep 15: Train 0.2877 | Val 0.5013 | Test 0.1172
EarlyStopping counter: 5 out of 5
Early stopping triggered!
/home/sangukchoi/Stroke_SDA/sda_training.py:615: FutureWarning: You are using `torch.load` with `weights_only=False` (the current default value), which uses the default pickle module implicitly. It is possible to construct malicious pickle data which will execute arbitrary code during unpickling (See https://github.com/pytorch/pytorch/blob/main/SECURITY.md#untrusted-models for more details). In a future release, the default value for `weights_only` will be flipped to `True`. This limits the functions that could be executed during unpickling. Arbitrary objects will no longer be allowed to be loaded via this mode unless they are explicitly allowlisted by the user via `torch.serialization.add_safe_globals`. We recommend you start setting `weights_only=True` for any use case where you don't have full control of the loaded file. Please open an issue on GitHub for any issues related to this experimental feature.
  model.load_state_dict(torch.load(os.path.join(out_dir, 'best_model.pth')))
Final Test MSE (Best Model): 0.1547
Finished. Status: Success
