Starting Run on GPU 3
Time: 2025-12-24 16:55:28

[Run Start] Subject S004 | Mode ['SDA'] | Params: L2.5_LS0.3_LR0.0001_E128_D64_Dr0.3

[Fold 1 - SDA] Train: ['S004_T003', 'S004_T005'], Test: S004_T001, Norm: fixed
/home/sangukchoi/.conda/envs/torch_gpu/lib/python3.10/site-packages/torch/nn/modules/rnn.py:123: UserWarning: dropout option adds dropout after all but last recurrent layer, so non-zero dropout expects num_layers greater than 1, but got dropout=0.3 and num_layers=1
  warnings.warn(
  Ep 1: Train 0.4535 | Val 0.6164 | Test 0.1437
Validation loss decreased (0.616358 --> 0.616358).  Saving model ...
  Ep 2: Train 0.3597 | Val 0.5821 | Test 0.1487
Validation loss decreased (0.582079 --> 0.582079).  Saving model ...
  Ep 3: Train 0.3291 | Val 0.4886 | Test 0.1500
Validation loss decreased (0.488576 --> 0.488576).  Saving model ...
  Ep 4: Train 0.3105 | Val 0.4223 | Test 0.1535
Validation loss decreased (0.422270 --> 0.422270).  Saving model ...
  Ep 5: Train 0.2994 | Val 0.4525 | Test 0.1550
EarlyStopping counter: 1 out of 5
  Ep 6: Train 0.2934 | Val 0.3879 | Test 0.1522
Validation loss decreased (0.387905 --> 0.387905).  Saving model ...
  Ep 7: Train 0.2861 | Val 0.4317 | Test 0.1534
EarlyStopping counter: 1 out of 5
  Ep 8: Train 0.2799 | Val 0.3664 | Test 0.1641
Validation loss decreased (0.366447 --> 0.366447).  Saving model ...
  Ep 9: Train 0.2766 | Val 0.3563 | Test 0.1610
Validation loss decreased (0.356340 --> 0.356340).  Saving model ...
  Ep 10: Train 0.2641 | Val 0.3879 | Test 0.1642
EarlyStopping counter: 1 out of 5
  Ep 11: Train 0.2689 | Val 0.4307 | Test 0.1452
EarlyStopping counter: 2 out of 5
  Ep 12: Train 0.2628 | Val 0.4302 | Test 0.1545
EarlyStopping counter: 3 out of 5
  Ep 13: Train 0.2660 | Val 0.4019 | Test 0.1714
EarlyStopping counter: 4 out of 5
  Ep 14: Train 0.2615 | Val 0.3889 | Test 0.1789
EarlyStopping counter: 5 out of 5
Early stopping triggered!
/home/sangukchoi/Stroke_SDA/sda_training.py:615: FutureWarning: You are using `torch.load` with `weights_only=False` (the current default value), which uses the default pickle module implicitly. It is possible to construct malicious pickle data which will execute arbitrary code during unpickling (See https://github.com/pytorch/pytorch/blob/main/SECURITY.md#untrusted-models for more details). In a future release, the default value for `weights_only` will be flipped to `True`. This limits the functions that could be executed during unpickling. Arbitrary objects will no longer be allowed to be loaded via this mode unless they are explicitly allowlisted by the user via `torch.serialization.add_safe_globals`. We recommend you start setting `weights_only=True` for any use case where you don't have full control of the loaded file. Please open an issue on GitHub for any issues related to this experimental feature.
  model.load_state_dict(torch.load(os.path.join(out_dir, 'best_model.pth')))
Final Test MSE (Best Model): 0.1610
Finished. Status: Success
