Starting Run on GPU 0
Time: 2025-12-24 17:51:45

[Run Start] Subject S004 | Mode ['SDA'] | Params: L3.0_LS0.7_LR0.0001_E64_D128_Dr0.3

[Fold 1 - SDA] Train: ['S004_T003', 'S004_T005'], Test: S004_T001, Norm: fixed
/home/sangukchoi/.conda/envs/torch_gpu/lib/python3.10/site-packages/torch/nn/modules/rnn.py:123: UserWarning: dropout option adds dropout after all but last recurrent layer, so non-zero dropout expects num_layers greater than 1, but got dropout=0.3 and num_layers=1
  warnings.warn(
  Ep 1: Train 0.6635 | Val 0.8227 | Test 0.1551
Validation loss decreased (0.822744 --> 0.822744).  Saving model ...
  Ep 2: Train 0.5092 | Val 0.7329 | Test 0.1525
Validation loss decreased (0.732910 --> 0.732910).  Saving model ...
  Ep 3: Train 0.4623 | Val 0.6676 | Test 0.1521
Validation loss decreased (0.667617 --> 0.667617).  Saving model ...
  Ep 4: Train 0.4298 | Val 0.5880 | Test 0.1581
Validation loss decreased (0.587998 --> 0.587998).  Saving model ...
  Ep 5: Train 0.4044 | Val 0.5332 | Test 0.1573
Validation loss decreased (0.533171 --> 0.533171).  Saving model ...
  Ep 6: Train 0.3948 | Val 0.5597 | Test 0.1505
EarlyStopping counter: 1 out of 5
  Ep 7: Train 0.3788 | Val 0.5109 | Test 0.1535
Validation loss decreased (0.510917 --> 0.510917).  Saving model ...
  Ep 8: Train 0.3737 | Val 0.4960 | Test 0.1522
Validation loss decreased (0.496030 --> 0.496030).  Saving model ...
  Ep 9: Train 0.3673 | Val 0.4950 | Test 0.1552
Validation loss decreased (0.495003 --> 0.495003).  Saving model ...
  Ep 10: Train 0.3587 | Val 0.4614 | Test 0.1533
Validation loss decreased (0.461439 --> 0.461439).  Saving model ...
  Ep 11: Train 0.3529 | Val 0.4888 | Test 0.1504
EarlyStopping counter: 1 out of 5
  Ep 12: Train 0.3449 | Val 0.4563 | Test 0.1558
Validation loss decreased (0.456282 --> 0.456282).  Saving model ...
  Ep 13: Train 0.3403 | Val 0.4795 | Test 0.1494
EarlyStopping counter: 1 out of 5
  Ep 14: Train 0.3344 | Val 0.4897 | Test 0.1398
EarlyStopping counter: 2 out of 5
  Ep 15: Train 0.3245 | Val 0.4786 | Test 0.1438
EarlyStopping counter: 3 out of 5
  Ep 16: Train 0.3254 | Val 0.5274 | Test 0.1385
EarlyStopping counter: 4 out of 5
  Ep 17: Train 0.3237 | Val 0.5013 | Test 0.1425
EarlyStopping counter: 5 out of 5
Early stopping triggered!
/home/sangukchoi/Stroke_SDA/sda_training.py:615: FutureWarning: You are using `torch.load` with `weights_only=False` (the current default value), which uses the default pickle module implicitly. It is possible to construct malicious pickle data which will execute arbitrary code during unpickling (See https://github.com/pytorch/pytorch/blob/main/SECURITY.md#untrusted-models for more details). In a future release, the default value for `weights_only` will be flipped to `True`. This limits the functions that could be executed during unpickling. Arbitrary objects will no longer be allowed to be loaded via this mode unless they are explicitly allowlisted by the user via `torch.serialization.add_safe_globals`. We recommend you start setting `weights_only=True` for any use case where you don't have full control of the loaded file. Please open an issue on GitHub for any issues related to this experimental feature.
  model.load_state_dict(torch.load(os.path.join(out_dir, 'best_model.pth')))
Final Test MSE (Best Model): 0.1558
Finished. Status: Success
