Starting Run on GPU 3
Time: 2025-12-24 16:26:38

[Run Start] Subject S004 | Mode ['SDA'] | Params: L1.5_LS1.0_LR0.0001_E128_D32_Dr0.3

[Fold 1 - SDA] Train: ['S004_T003', 'S004_T005'], Test: S004_T001, Norm: fixed
/home/sangukchoi/.conda/envs/torch_gpu/lib/python3.10/site-packages/torch/nn/modules/rnn.py:123: UserWarning: dropout option adds dropout after all but last recurrent layer, so non-zero dropout expects num_layers greater than 1, but got dropout=0.3 and num_layers=1
  warnings.warn(
  Ep 1: Train 0.4386 | Val 0.3229 | Test 0.1405
Validation loss decreased (0.322931 --> 0.322931).  Saving model ...
  Ep 2: Train 0.2466 | Val 0.2761 | Test 0.1326
Validation loss decreased (0.276105 --> 0.276105).  Saving model ...
  Ep 3: Train 0.2234 | Val 0.2589 | Test 0.1232
Validation loss decreased (0.258896 --> 0.258896).  Saving model ...
  Ep 4: Train 0.2162 | Val 0.2626 | Test 0.1165
EarlyStopping counter: 1 out of 5
  Ep 5: Train 0.2129 | Val 0.2507 | Test 0.1126
Validation loss decreased (0.250733 --> 0.250733).  Saving model ...
  Ep 6: Train 0.2062 | Val 0.2516 | Test 0.1039
EarlyStopping counter: 1 out of 5
  Ep 7: Train 0.2010 | Val 0.2369 | Test 0.1156
Validation loss decreased (0.236933 --> 0.236933).  Saving model ...
  Ep 8: Train 0.1955 | Val 0.2495 | Test 0.1134
EarlyStopping counter: 1 out of 5
  Ep 9: Train 0.1928 | Val 0.2487 | Test 0.1046
EarlyStopping counter: 2 out of 5
  Ep 10: Train 0.1925 | Val 0.2506 | Test 0.1108
EarlyStopping counter: 3 out of 5
  Ep 11: Train 0.1898 | Val 0.2570 | Test 0.0999
EarlyStopping counter: 4 out of 5
  Ep 12: Train 0.1873 | Val 0.2745 | Test 0.0987
EarlyStopping counter: 5 out of 5
Early stopping triggered!
/home/sangukchoi/Stroke_SDA/sda_training.py:615: FutureWarning: You are using `torch.load` with `weights_only=False` (the current default value), which uses the default pickle module implicitly. It is possible to construct malicious pickle data which will execute arbitrary code during unpickling (See https://github.com/pytorch/pytorch/blob/main/SECURITY.md#untrusted-models for more details). In a future release, the default value for `weights_only` will be flipped to `True`. This limits the functions that could be executed during unpickling. Arbitrary objects will no longer be allowed to be loaded via this mode unless they are explicitly allowlisted by the user via `torch.serialization.add_safe_globals`. We recommend you start setting `weights_only=True` for any use case where you don't have full control of the loaded file. Please open an issue on GitHub for any issues related to this experimental feature.
  model.load_state_dict(torch.load(os.path.join(out_dir, 'best_model.pth')))
Final Test MSE (Best Model): 0.1156
Finished. Status: Success
