Starting Run on GPU 0
Time: 2025-12-24 16:59:16

[Run Start] Subject S004 | Mode ['SDA'] | Params: L2.5_LS0.5_LR0.0001_E64_D32_Dr0.3

[Fold 1 - SDA] Train: ['S004_T003', 'S004_T005'], Test: S004_T001, Norm: fixed
/home/sangukchoi/.conda/envs/torch_gpu/lib/python3.10/site-packages/torch/nn/modules/rnn.py:123: UserWarning: dropout option adds dropout after all but last recurrent layer, so non-zero dropout expects num_layers greater than 1, but got dropout=0.3 and num_layers=1
  warnings.warn(
  Ep 1: Train 0.5787 | Val 0.6142 | Test 0.1519
Validation loss decreased (0.614201 --> 0.614201).  Saving model ...
  Ep 2: Train 0.4184 | Val 0.6459 | Test 0.1537
EarlyStopping counter: 1 out of 5
  Ep 3: Train 0.3752 | Val 0.5558 | Test 0.1563
Validation loss decreased (0.555799 --> 0.555799).  Saving model ...
  Ep 4: Train 0.3500 | Val 0.4701 | Test 0.1630
Validation loss decreased (0.470119 --> 0.470119).  Saving model ...
  Ep 5: Train 0.3385 | Val 0.4631 | Test 0.1592
Validation loss decreased (0.463070 --> 0.463070).  Saving model ...
  Ep 6: Train 0.3216 | Val 0.4451 | Test 0.1511
Validation loss decreased (0.445086 --> 0.445086).  Saving model ...
  Ep 7: Train 0.3162 | Val 0.4280 | Test 0.1414
Validation loss decreased (0.427993 --> 0.427993).  Saving model ...
  Ep 8: Train 0.3086 | Val 0.4177 | Test 0.1414
Validation loss decreased (0.417674 --> 0.417674).  Saving model ...
  Ep 9: Train 0.3010 | Val 0.4445 | Test 0.1381
EarlyStopping counter: 1 out of 5
  Ep 10: Train 0.3021 | Val 0.4564 | Test 0.1360
EarlyStopping counter: 2 out of 5
  Ep 11: Train 0.3036 | Val 0.3996 | Test 0.1447
Validation loss decreased (0.399641 --> 0.399641).  Saving model ...
  Ep 12: Train 0.2907 | Val 0.3886 | Test 0.1381
Validation loss decreased (0.388643 --> 0.388643).  Saving model ...
  Ep 13: Train 0.2889 | Val 0.4228 | Test 0.1287
EarlyStopping counter: 1 out of 5
  Ep 14: Train 0.2829 | Val 0.3967 | Test 0.1407
EarlyStopping counter: 2 out of 5
  Ep 15: Train 0.2819 | Val 0.4085 | Test 0.1290
EarlyStopping counter: 3 out of 5
  Ep 16: Train 0.2731 | Val 0.3977 | Test 0.1335
EarlyStopping counter: 4 out of 5
  Ep 17: Train 0.2760 | Val 0.3985 | Test 0.1307
EarlyStopping counter: 5 out of 5
Early stopping triggered!
/home/sangukchoi/Stroke_SDA/sda_training.py:615: FutureWarning: You are using `torch.load` with `weights_only=False` (the current default value), which uses the default pickle module implicitly. It is possible to construct malicious pickle data which will execute arbitrary code during unpickling (See https://github.com/pytorch/pytorch/blob/main/SECURITY.md#untrusted-models for more details). In a future release, the default value for `weights_only` will be flipped to `True`. This limits the functions that could be executed during unpickling. Arbitrary objects will no longer be allowed to be loaded via this mode unless they are explicitly allowlisted by the user via `torch.serialization.add_safe_globals`. We recommend you start setting `weights_only=True` for any use case where you don't have full control of the loaded file. Please open an issue on GitHub for any issues related to this experimental feature.
  model.load_state_dict(torch.load(os.path.join(out_dir, 'best_model.pth')))
Final Test MSE (Best Model): 0.1381
Finished. Status: Success
