Starting Run on GPU 3
Time: 2025-12-24 16:38:58

[Run Start] Subject S004 | Mode ['SDA'] | Params: L2.0_LS0.7_LR0.0001_E256_D64_Dr0.3

[Fold 1 - SDA] Train: ['S004_T003', 'S004_T005'], Test: S004_T001, Norm: fixed
/home/sangukchoi/.conda/envs/torch_gpu/lib/python3.10/site-packages/torch/nn/modules/rnn.py:123: UserWarning: dropout option adds dropout after all but last recurrent layer, so non-zero dropout expects num_layers greater than 1, but got dropout=0.3 and num_layers=1
  warnings.warn(
  Ep 1: Train 0.4050 | Val 0.4068 | Test 0.1448
Validation loss decreased (0.406773 --> 0.406773).  Saving model ...
  Ep 2: Train 0.2826 | Val 0.3580 | Test 0.1645
Validation loss decreased (0.358014 --> 0.358014).  Saving model ...
  Ep 3: Train 0.2596 | Val 0.3241 | Test 0.1613
Validation loss decreased (0.324148 --> 0.324148).  Saving model ...
  Ep 4: Train 0.2516 | Val 0.3278 | Test 0.1840
EarlyStopping counter: 1 out of 5
  Ep 5: Train 0.2459 | Val 0.3365 | Test 0.1394
EarlyStopping counter: 2 out of 5
  Ep 6: Train 0.2343 | Val 0.3053 | Test 0.0983
Validation loss decreased (0.305338 --> 0.305338).  Saving model ...
  Ep 7: Train 0.2371 | Val 0.3485 | Test 0.1274
EarlyStopping counter: 1 out of 5
  Ep 8: Train 0.2281 | Val 0.3498 | Test 0.0926
EarlyStopping counter: 2 out of 5
  Ep 9: Train 0.2244 | Val 0.3444 | Test 0.1111
EarlyStopping counter: 3 out of 5
  Ep 10: Train 0.2164 | Val 0.3482 | Test 0.1054
EarlyStopping counter: 4 out of 5
  Ep 11: Train 0.2151 | Val 0.3654 | Test 0.1180
EarlyStopping counter: 5 out of 5
Early stopping triggered!
/home/sangukchoi/Stroke_SDA/sda_training.py:615: FutureWarning: You are using `torch.load` with `weights_only=False` (the current default value), which uses the default pickle module implicitly. It is possible to construct malicious pickle data which will execute arbitrary code during unpickling (See https://github.com/pytorch/pytorch/blob/main/SECURITY.md#untrusted-models for more details). In a future release, the default value for `weights_only` will be flipped to `True`. This limits the functions that could be executed during unpickling. Arbitrary objects will no longer be allowed to be loaded via this mode unless they are explicitly allowlisted by the user via `torch.serialization.add_safe_globals`. We recommend you start setting `weights_only=True` for any use case where you don't have full control of the loaded file. Please open an issue on GitHub for any issues related to this experimental feature.
  model.load_state_dict(torch.load(os.path.join(out_dir, 'best_model.pth')))
Final Test MSE (Best Model): 0.0983
Finished. Status: Success
