Starting Run on GPU 0
Time: 2025-12-24 15:52:52

[Run Start] Subject S004 | Mode ['SDA'] | Params: L0.5_LS1.0_LR0.0001_E256_D64_Dr0.3

[Fold 1 - SDA] Train: ['S004_T003', 'S004_T005'], Test: S004_T001, Norm: fixed
/home/sangukchoi/.conda/envs/torch_gpu/lib/python3.10/site-packages/torch/nn/modules/rnn.py:123: UserWarning: dropout option adds dropout after all but last recurrent layer, so non-zero dropout expects num_layers greater than 1, but got dropout=0.3 and num_layers=1
  warnings.warn(
  Ep 1: Train 0.2198 | Val 0.1360 | Test 0.1163
Validation loss decreased (0.136008 --> 0.136008).  Saving model ...
  Ep 2: Train 0.1223 | Val 0.1143 | Test 0.0994
Validation loss decreased (0.114316 --> 0.114316).  Saving model ...
  Ep 3: Train 0.1056 | Val 0.1187 | Test 0.0908
EarlyStopping counter: 1 out of 5
  Ep 4: Train 0.0990 | Val 0.1217 | Test 0.1035
EarlyStopping counter: 2 out of 5
  Ep 5: Train 0.0934 | Val 0.1065 | Test 0.1070
Validation loss decreased (0.106479 --> 0.106479).  Saving model ...
  Ep 6: Train 0.0906 | Val 0.1115 | Test 0.1379
EarlyStopping counter: 1 out of 5
  Ep 7: Train 0.0878 | Val 0.1081 | Test 0.1289
EarlyStopping counter: 2 out of 5
  Ep 8: Train 0.0859 | Val 0.1057 | Test 0.1460
Validation loss decreased (0.105657 --> 0.105657).  Saving model ...
  Ep 9: Train 0.0841 | Val 0.1026 | Test 0.1275
Validation loss decreased (0.102631 --> 0.102631).  Saving model ...
  Ep 10: Train 0.0823 | Val 0.1045 | Test 0.1596
EarlyStopping counter: 1 out of 5
  Ep 11: Train 0.0804 | Val 0.0997 | Test 0.1397
Validation loss decreased (0.099687 --> 0.099687).  Saving model ...
  Ep 12: Train 0.0794 | Val 0.1081 | Test 0.1476
EarlyStopping counter: 1 out of 5
  Ep 13: Train 0.0773 | Val 0.0984 | Test 0.1443
Validation loss decreased (0.098397 --> 0.098397).  Saving model ...
  Ep 14: Train 0.0758 | Val 0.1170 | Test 0.1259
EarlyStopping counter: 1 out of 5
  Ep 15: Train 0.0754 | Val 0.0999 | Test 0.1662
EarlyStopping counter: 2 out of 5
  Ep 16: Train 0.0735 | Val 0.0852 | Test 0.1489
Validation loss decreased (0.085221 --> 0.085221).  Saving model ...
  Ep 17: Train 0.0723 | Val 0.0988 | Test 0.1468
EarlyStopping counter: 1 out of 5
  Ep 18: Train 0.0705 | Val 0.0910 | Test 0.1540
EarlyStopping counter: 2 out of 5
  Ep 19: Train 0.0691 | Val 0.0933 | Test 0.1558
EarlyStopping counter: 3 out of 5
  Ep 20: Train 0.0713 | Val 0.0847 | Test 0.1290
Validation loss decreased (0.084675 --> 0.084675).  Saving model ...
  Ep 21: Train 0.0685 | Val 0.0984 | Test 0.1339
EarlyStopping counter: 1 out of 5
  Ep 22: Train 0.0689 | Val 0.0906 | Test 0.1634
EarlyStopping counter: 2 out of 5
  Ep 23: Train 0.0663 | Val 0.0888 | Test 0.1448
EarlyStopping counter: 3 out of 5
  Ep 24: Train 0.0656 | Val 0.0829 | Test 0.1507
Validation loss decreased (0.082948 --> 0.082948).  Saving model ...
  Ep 25: Train 0.0655 | Val 0.0925 | Test 0.1691
EarlyStopping counter: 1 out of 5
  Ep 26: Train 0.0637 | Val 0.0899 | Test 0.1651
EarlyStopping counter: 2 out of 5
  Ep 27: Train 0.0641 | Val 0.0908 | Test 0.1584
EarlyStopping counter: 3 out of 5
  Ep 28: Train 0.0628 | Val 0.0876 | Test 0.1596
EarlyStopping counter: 4 out of 5
  Ep 29: Train 0.0638 | Val 0.1012 | Test 0.1839
EarlyStopping counter: 5 out of 5
Early stopping triggered!
/home/sangukchoi/Stroke_SDA/sda_training.py:615: FutureWarning: You are using `torch.load` with `weights_only=False` (the current default value), which uses the default pickle module implicitly. It is possible to construct malicious pickle data which will execute arbitrary code during unpickling (See https://github.com/pytorch/pytorch/blob/main/SECURITY.md#untrusted-models for more details). In a future release, the default value for `weights_only` will be flipped to `True`. This limits the functions that could be executed during unpickling. Arbitrary objects will no longer be allowed to be loaded via this mode unless they are explicitly allowlisted by the user via `torch.serialization.add_safe_globals`. We recommend you start setting `weights_only=True` for any use case where you don't have full control of the loaded file. Please open an issue on GitHub for any issues related to this experimental feature.
  model.load_state_dict(torch.load(os.path.join(out_dir, 'best_model.pth')))
Final Test MSE (Best Model): 0.1507
Finished. Status: Success
