Starting Run on GPU 3
Time: 2025-12-24 17:38:34

[Run Start] Subject S004 | Mode ['SDA'] | Params: L3.0_LS0.5_LR0.0001_E64_D64_Dr0.3

[Fold 1 - SDA] Train: ['S004_T003', 'S004_T005'], Test: S004_T001, Norm: fixed
/home/sangukchoi/.conda/envs/torch_gpu/lib/python3.10/site-packages/torch/nn/modules/rnn.py:123: UserWarning: dropout option adds dropout after all but last recurrent layer, so non-zero dropout expects num_layers greater than 1, but got dropout=0.3 and num_layers=1
  warnings.warn(
  Ep 1: Train 0.6834 | Val 0.7416 | Test 0.1625
Validation loss decreased (0.741593 --> 0.741593).  Saving model ...
  Ep 2: Train 0.5080 | Val 0.7307 | Test 0.1525
Validation loss decreased (0.730699 --> 0.730699).  Saving model ...
  Ep 3: Train 0.4574 | Val 0.6935 | Test 0.1565
Validation loss decreased (0.693454 --> 0.693454).  Saving model ...
  Ep 4: Train 0.4305 | Val 0.6373 | Test 0.1480
Validation loss decreased (0.637343 --> 0.637343).  Saving model ...
  Ep 5: Train 0.4056 | Val 0.5860 | Test 0.1570
Validation loss decreased (0.586017 --> 0.586017).  Saving model ...
  Ep 6: Train 0.3957 | Val 0.5271 | Test 0.1480
Validation loss decreased (0.527054 --> 0.527054).  Saving model ...
  Ep 7: Train 0.3893 | Val 0.5230 | Test 0.1415
Validation loss decreased (0.523034 --> 0.523034).  Saving model ...
  Ep 8: Train 0.3784 | Val 0.5188 | Test 0.1435
Validation loss decreased (0.518785 --> 0.518785).  Saving model ...
  Ep 9: Train 0.3706 | Val 0.5014 | Test 0.1431
Validation loss decreased (0.501381 --> 0.501381).  Saving model ...
  Ep 10: Train 0.3683 | Val 0.4897 | Test 0.1420
Validation loss decreased (0.489746 --> 0.489746).  Saving model ...
  Ep 11: Train 0.3697 | Val 0.4951 | Test 0.1435
EarlyStopping counter: 1 out of 5
  Ep 12: Train 0.3586 | Val 0.4920 | Test 0.1463
EarlyStopping counter: 2 out of 5
  Ep 13: Train 0.3551 | Val 0.4805 | Test 0.1455
Validation loss decreased (0.480465 --> 0.480465).  Saving model ...
  Ep 14: Train 0.3509 | Val 0.5158 | Test 0.1410
EarlyStopping counter: 1 out of 5
  Ep 15: Train 0.3542 | Val 0.4859 | Test 0.1433
EarlyStopping counter: 2 out of 5
  Ep 16: Train 0.3510 | Val 0.4844 | Test 0.1478
EarlyStopping counter: 3 out of 5
  Ep 17: Train 0.3447 | Val 0.4708 | Test 0.1429
Validation loss decreased (0.470790 --> 0.470790).  Saving model ...
  Ep 18: Train 0.3462 | Val 0.4738 | Test 0.1524
EarlyStopping counter: 1 out of 5
  Ep 19: Train 0.3371 | Val 0.4585 | Test 0.1416
Validation loss decreased (0.458463 --> 0.458463).  Saving model ...
  Ep 20: Train 0.3372 | Val 0.4860 | Test 0.1377
EarlyStopping counter: 1 out of 5
  Ep 21: Train 0.3345 | Val 0.4661 | Test 0.1377
EarlyStopping counter: 2 out of 5
  Ep 22: Train 0.3302 | Val 0.4637 | Test 0.1354
EarlyStopping counter: 3 out of 5
  Ep 23: Train 0.3329 | Val 0.5191 | Test 0.1412
EarlyStopping counter: 4 out of 5
  Ep 24: Train 0.3357 | Val 0.4604 | Test 0.1414
EarlyStopping counter: 5 out of 5
Early stopping triggered!
/home/sangukchoi/Stroke_SDA/sda_training.py:615: FutureWarning: You are using `torch.load` with `weights_only=False` (the current default value), which uses the default pickle module implicitly. It is possible to construct malicious pickle data which will execute arbitrary code during unpickling (See https://github.com/pytorch/pytorch/blob/main/SECURITY.md#untrusted-models for more details). In a future release, the default value for `weights_only` will be flipped to `True`. This limits the functions that could be executed during unpickling. Arbitrary objects will no longer be allowed to be loaded via this mode unless they are explicitly allowlisted by the user via `torch.serialization.add_safe_globals`. We recommend you start setting `weights_only=True` for any use case where you don't have full control of the loaded file. Please open an issue on GitHub for any issues related to this experimental feature.
  model.load_state_dict(torch.load(os.path.join(out_dir, 'best_model.pth')))
Final Test MSE (Best Model): 0.1416
Finished. Status: Success
