Starting Run on GPU 2
Time: 2025-12-24 17:48:54

[Run Start] Subject S004 | Mode ['SDA'] | Params: L3.0_LS0.7_LR0.0001_E64_D32_Dr0.3

[Fold 1 - SDA] Train: ['S004_T003', 'S004_T005'], Test: S004_T001, Norm: fixed
/home/sangukchoi/.conda/envs/torch_gpu/lib/python3.10/site-packages/torch/nn/modules/rnn.py:123: UserWarning: dropout option adds dropout after all but last recurrent layer, so non-zero dropout expects num_layers greater than 1, but got dropout=0.3 and num_layers=1
  warnings.warn(
  Ep 1: Train 0.7881 | Val 0.7865 | Test 0.1493
Validation loss decreased (0.786456 --> 0.786456).  Saving model ...
  Ep 2: Train 0.5146 | Val 0.6895 | Test 0.1509
Validation loss decreased (0.689458 --> 0.689458).  Saving model ...
  Ep 3: Train 0.4615 | Val 0.6003 | Test 0.1488
Validation loss decreased (0.600270 --> 0.600270).  Saving model ...
  Ep 4: Train 0.4113 | Val 0.5365 | Test 0.1482
Validation loss decreased (0.536513 --> 0.536513).  Saving model ...
  Ep 5: Train 0.3829 | Val 0.5326 | Test 0.1503
Validation loss decreased (0.532644 --> 0.532644).  Saving model ...
  Ep 6: Train 0.3728 | Val 0.4920 | Test 0.1550
Validation loss decreased (0.491963 --> 0.491963).  Saving model ...
  Ep 7: Train 0.3643 | Val 0.4857 | Test 0.1386
Validation loss decreased (0.485705 --> 0.485705).  Saving model ...
  Ep 8: Train 0.3586 | Val 0.4632 | Test 0.1479
Validation loss decreased (0.463214 --> 0.463214).  Saving model ...
  Ep 9: Train 0.3560 | Val 0.4691 | Test 0.1361
EarlyStopping counter: 1 out of 5
  Ep 10: Train 0.3457 | Val 0.4606 | Test 0.1339
Validation loss decreased (0.460572 --> 0.460572).  Saving model ...
  Ep 11: Train 0.3455 | Val 0.4649 | Test 0.1399
EarlyStopping counter: 1 out of 5
  Ep 12: Train 0.3346 | Val 0.4563 | Test 0.1299
Validation loss decreased (0.456269 --> 0.456269).  Saving model ...
  Ep 13: Train 0.3310 | Val 0.4662 | Test 0.1362
EarlyStopping counter: 1 out of 5
  Ep 14: Train 0.3179 | Val 0.4686 | Test 0.1232
EarlyStopping counter: 2 out of 5
  Ep 15: Train 0.3133 | Val 0.4710 | Test 0.1197
EarlyStopping counter: 3 out of 5
  Ep 16: Train 0.3214 | Val 0.4604 | Test 0.1188
EarlyStopping counter: 4 out of 5
  Ep 17: Train 0.3148 | Val 0.4499 | Test 0.1227
Validation loss decreased (0.449905 --> 0.449905).  Saving model ...
  Ep 18: Train 0.3147 | Val 0.4440 | Test 0.1129
Validation loss decreased (0.444009 --> 0.444009).  Saving model ...
  Ep 19: Train 0.3117 | Val 0.4470 | Test 0.1296
EarlyStopping counter: 1 out of 5
  Ep 20: Train 0.3164 | Val 0.4756 | Test 0.1130
EarlyStopping counter: 2 out of 5
  Ep 21: Train 0.3062 | Val 0.4627 | Test 0.1055
EarlyStopping counter: 3 out of 5
  Ep 22: Train 0.3082 | Val 0.4646 | Test 0.1224
EarlyStopping counter: 4 out of 5
  Ep 23: Train 0.3088 | Val 0.4348 | Test 0.1072
Validation loss decreased (0.434782 --> 0.434782).  Saving model ...
  Ep 24: Train 0.3085 | Val 0.4315 | Test 0.1065
Validation loss decreased (0.431484 --> 0.431484).  Saving model ...
  Ep 25: Train 0.3015 | Val 0.4601 | Test 0.1219
EarlyStopping counter: 1 out of 5
  Ep 26: Train 0.3144 | Val 0.4401 | Test 0.1277
EarlyStopping counter: 2 out of 5
  Ep 27: Train 0.2995 | Val 0.4378 | Test 0.1171
EarlyStopping counter: 3 out of 5
  Ep 28: Train 0.3036 | Val 0.4370 | Test 0.1225
EarlyStopping counter: 4 out of 5
  Ep 29: Train 0.3053 | Val 0.4627 | Test 0.0982
EarlyStopping counter: 5 out of 5
Early stopping triggered!
/home/sangukchoi/Stroke_SDA/sda_training.py:615: FutureWarning: You are using `torch.load` with `weights_only=False` (the current default value), which uses the default pickle module implicitly. It is possible to construct malicious pickle data which will execute arbitrary code during unpickling (See https://github.com/pytorch/pytorch/blob/main/SECURITY.md#untrusted-models for more details). In a future release, the default value for `weights_only` will be flipped to `True`. This limits the functions that could be executed during unpickling. Arbitrary objects will no longer be allowed to be loaded via this mode unless they are explicitly allowlisted by the user via `torch.serialization.add_safe_globals`. We recommend you start setting `weights_only=True` for any use case where you don't have full control of the loaded file. Please open an issue on GitHub for any issues related to this experimental feature.
  model.load_state_dict(torch.load(os.path.join(out_dir, 'best_model.pth')))
Final Test MSE (Best Model): 0.1065
Finished. Status: Success
