Starting Run on GPU 1
Time: 2025-12-24 17:27:26

[Run Start] Subject S004 | Mode ['SDA'] | Params: L3.0_LS0.3_LR0.0001_E128_D32_Dr0.3

[Fold 1 - SDA] Train: ['S004_T003', 'S004_T005'], Test: S004_T001, Norm: fixed
/home/sangukchoi/.conda/envs/torch_gpu/lib/python3.10/site-packages/torch/nn/modules/rnn.py:123: UserWarning: dropout option adds dropout after all but last recurrent layer, so non-zero dropout expects num_layers greater than 1, but got dropout=0.3 and num_layers=1
  warnings.warn(
  Ep 1: Train 0.5599 | Val 0.6764 | Test 0.1549
Validation loss decreased (0.676418 --> 0.676418).  Saving model ...
  Ep 2: Train 0.4272 | Val 0.6714 | Test 0.1559
Validation loss decreased (0.671427 --> 0.671427).  Saving model ...
  Ep 3: Train 0.4115 | Val 0.6294 | Test 0.1426
Validation loss decreased (0.629419 --> 0.629419).  Saving model ...
  Ep 4: Train 0.4000 | Val 0.6422 | Test 0.1533
EarlyStopping counter: 1 out of 5
  Ep 5: Train 0.3852 | Val 0.6564 | Test 0.1545
EarlyStopping counter: 2 out of 5
  Ep 6: Train 0.3790 | Val 0.5649 | Test 0.1772
Validation loss decreased (0.564919 --> 0.564919).  Saving model ...
  Ep 7: Train 0.3525 | Val 0.4899 | Test 0.1902
Validation loss decreased (0.489881 --> 0.489881).  Saving model ...
  Ep 8: Train 0.3379 | Val 0.5190 | Test 0.1830
EarlyStopping counter: 1 out of 5
  Ep 9: Train 0.3309 | Val 0.4848 | Test 0.1842
Validation loss decreased (0.484831 --> 0.484831).  Saving model ...
  Ep 10: Train 0.3177 | Val 0.5203 | Test 0.1772
EarlyStopping counter: 1 out of 5
  Ep 11: Train 0.3160 | Val 0.4947 | Test 0.1777
EarlyStopping counter: 2 out of 5
  Ep 12: Train 0.3131 | Val 0.4720 | Test 0.1734
Validation loss decreased (0.472001 --> 0.472001).  Saving model ...
  Ep 13: Train 0.3105 | Val 0.4670 | Test 0.1712
Validation loss decreased (0.466954 --> 0.466954).  Saving model ...
  Ep 14: Train 0.3152 | Val 0.5020 | Test 0.1721
EarlyStopping counter: 1 out of 5
  Ep 15: Train 0.2955 | Val 0.5015 | Test 0.1663
EarlyStopping counter: 2 out of 5
  Ep 16: Train 0.3088 | Val 0.4972 | Test 0.1782
EarlyStopping counter: 3 out of 5
  Ep 17: Train 0.3099 | Val 0.4876 | Test 0.1843
EarlyStopping counter: 4 out of 5
  Ep 18: Train 0.3029 | Val 0.5052 | Test 0.1633
EarlyStopping counter: 5 out of 5
Early stopping triggered!
/home/sangukchoi/Stroke_SDA/sda_training.py:615: FutureWarning: You are using `torch.load` with `weights_only=False` (the current default value), which uses the default pickle module implicitly. It is possible to construct malicious pickle data which will execute arbitrary code during unpickling (See https://github.com/pytorch/pytorch/blob/main/SECURITY.md#untrusted-models for more details). In a future release, the default value for `weights_only` will be flipped to `True`. This limits the functions that could be executed during unpickling. Arbitrary objects will no longer be allowed to be loaded via this mode unless they are explicitly allowlisted by the user via `torch.serialization.add_safe_globals`. We recommend you start setting `weights_only=True` for any use case where you don't have full control of the loaded file. Please open an issue on GitHub for any issues related to this experimental feature.
  model.load_state_dict(torch.load(os.path.join(out_dir, 'best_model.pth')))
Final Test MSE (Best Model): 0.1712
Finished. Status: Success
