Starting Run on GPU 1
Time: 2025-12-24 17:45:23

[Run Start] Subject S004 | Mode ['SDA'] | Params: L3.0_LS0.5_LR0.0001_E256_D64_Dr0.3

[Fold 1 - SDA] Train: ['S004_T003', 'S004_T005'], Test: S004_T001, Norm: fixed
/home/sangukchoi/.conda/envs/torch_gpu/lib/python3.10/site-packages/torch/nn/modules/rnn.py:123: UserWarning: dropout option adds dropout after all but last recurrent layer, so non-zero dropout expects num_layers greater than 1, but got dropout=0.3 and num_layers=1
  warnings.warn(
  Ep 1: Train 0.5187 | Val 0.6430 | Test 0.1866
Validation loss decreased (0.642951 --> 0.642951).  Saving model ...
  Ep 2: Train 0.3876 | Val 0.5434 | Test 0.1713
Validation loss decreased (0.543431 --> 0.543431).  Saving model ...
  Ep 3: Train 0.3652 | Val 0.5197 | Test 0.1665
Validation loss decreased (0.519709 --> 0.519709).  Saving model ...
  Ep 4: Train 0.3483 | Val 0.5788 | Test 0.1702
EarlyStopping counter: 1 out of 5
  Ep 5: Train 0.3394 | Val 0.6009 | Test 0.1588
EarlyStopping counter: 2 out of 5
  Ep 6: Train 0.3350 | Val 0.5266 | Test 0.1655
EarlyStopping counter: 3 out of 5
  Ep 7: Train 0.3173 | Val 0.4986 | Test 0.1647
Validation loss decreased (0.498627 --> 0.498627).  Saving model ...
  Ep 8: Train 0.3227 | Val 0.4918 | Test 0.1704
Validation loss decreased (0.491822 --> 0.491822).  Saving model ...
  Ep 9: Train 0.3181 | Val 0.5094 | Test 0.1478
EarlyStopping counter: 1 out of 5
  Ep 10: Train 0.3123 | Val 0.4819 | Test 0.1822
Validation loss decreased (0.481898 --> 0.481898).  Saving model ...
  Ep 11: Train 0.3116 | Val 0.4702 | Test 0.1611
Validation loss decreased (0.470198 --> 0.470198).  Saving model ...
  Ep 12: Train 0.3036 | Val 0.5174 | Test 0.1427
EarlyStopping counter: 1 out of 5
  Ep 13: Train 0.2981 | Val 0.4893 | Test 0.1061
EarlyStopping counter: 2 out of 5
  Ep 14: Train 0.3008 | Val 0.5280 | Test 0.1440
EarlyStopping counter: 3 out of 5
  Ep 15: Train 0.2998 | Val 0.5323 | Test 0.1229
EarlyStopping counter: 4 out of 5
  Ep 16: Train 0.2817 | Val 0.4477 | Test 0.1222
Validation loss decreased (0.447728 --> 0.447728).  Saving model ...
  Ep 17: Train 0.2868 | Val 0.5364 | Test 0.1295
EarlyStopping counter: 1 out of 5
  Ep 18: Train 0.2724 | Val 0.5801 | Test 0.1291
EarlyStopping counter: 2 out of 5
  Ep 19: Train 0.2782 | Val 0.5076 | Test 0.1289
EarlyStopping counter: 3 out of 5
  Ep 20: Train 0.2704 | Val 0.5373 | Test 0.1195
EarlyStopping counter: 4 out of 5
  Ep 21: Train 671.0649 | Val 0.2986 | Test 0.1735
Validation loss decreased (0.298605 --> 0.298605).  Saving model ...
  Ep 22: Train 0.4942 | Val 0.3271 | Test 0.1651
EarlyStopping counter: 1 out of 5
  Ep 23: Train 0.5247 | Val 1.3227 | Test 0.1651
EarlyStopping counter: 2 out of 5
  Ep 24: Train 0.4583 | Val 0.7664 | Test 0.1640
EarlyStopping counter: 3 out of 5
  Ep 25: Train 0.4049 | Val 0.8358 | Test 0.1747
EarlyStopping counter: 4 out of 5
  Ep 26: Train 0.4377 | Val 0.5721 | Test 0.1679
EarlyStopping counter: 5 out of 5
Early stopping triggered!
/home/sangukchoi/Stroke_SDA/sda_training.py:615: FutureWarning: You are using `torch.load` with `weights_only=False` (the current default value), which uses the default pickle module implicitly. It is possible to construct malicious pickle data which will execute arbitrary code during unpickling (See https://github.com/pytorch/pytorch/blob/main/SECURITY.md#untrusted-models for more details). In a future release, the default value for `weights_only` will be flipped to `True`. This limits the functions that could be executed during unpickling. Arbitrary objects will no longer be allowed to be loaded via this mode unless they are explicitly allowlisted by the user via `torch.serialization.add_safe_globals`. We recommend you start setting `weights_only=True` for any use case where you don't have full control of the loaded file. Please open an issue on GitHub for any issues related to this experimental feature.
  model.load_state_dict(torch.load(os.path.join(out_dir, 'best_model.pth')))
Final Test MSE (Best Model): 0.1735
Finished. Status: Success
