Starting Run on GPU 1
Time: 2025-12-24 15:28:34

[Run Start] Subject S004 | Mode ['SDA'] | Params: L0.5_LS0.7_LR0.0001_E64_D64_Dr0.3

[Fold 1 - SDA] Train: ['S004_T003', 'S004_T005'], Test: S004_T001, Norm: fixed
/home/sangukchoi/.conda/envs/torch_gpu/lib/python3.10/site-packages/torch/nn/modules/rnn.py:123: UserWarning: dropout option adds dropout after all but last recurrent layer, so non-zero dropout expects num_layers greater than 1, but got dropout=0.3 and num_layers=1
  warnings.warn(
  Ep 1: Train 0.3077 | Val 0.1986 | Test 0.1251
Validation loss decreased (0.198577 --> 0.198577).  Saving model ...
  Ep 2: Train 0.1503 | Val 0.1319 | Test 0.1196
Validation loss decreased (0.131886 --> 0.131886).  Saving model ...
  Ep 3: Train 0.1188 | Val 0.1226 | Test 0.0911
Validation loss decreased (0.122627 --> 0.122627).  Saving model ...
  Ep 4: Train 0.1067 | Val 0.1105 | Test 0.1019
Validation loss decreased (0.110509 --> 0.110509).  Saving model ...
  Ep 5: Train 0.0986 | Val 0.1087 | Test 0.1049
Validation loss decreased (0.108678 --> 0.108678).  Saving model ...
  Ep 6: Train 0.0942 | Val 0.1084 | Test 0.1158
EarlyStopping counter: 1 out of 5
  Ep 7: Train 0.0923 | Val 0.1015 | Test 0.1212
Validation loss decreased (0.101540 --> 0.101540).  Saving model ...
  Ep 8: Train 0.0907 | Val 0.1018 | Test 0.1286
EarlyStopping counter: 1 out of 5
  Ep 9: Train 0.0884 | Val 0.1105 | Test 0.1196
EarlyStopping counter: 2 out of 5
  Ep 10: Train 0.0887 | Val 0.1074 | Test 0.1324
EarlyStopping counter: 3 out of 5
  Ep 11: Train 0.0867 | Val 0.1073 | Test 0.1419
EarlyStopping counter: 4 out of 5
  Ep 12: Train 0.0852 | Val 0.1059 | Test 0.1347
EarlyStopping counter: 5 out of 5
Early stopping triggered!
/home/sangukchoi/Stroke_SDA/sda_training.py:615: FutureWarning: You are using `torch.load` with `weights_only=False` (the current default value), which uses the default pickle module implicitly. It is possible to construct malicious pickle data which will execute arbitrary code during unpickling (See https://github.com/pytorch/pytorch/blob/main/SECURITY.md#untrusted-models for more details). In a future release, the default value for `weights_only` will be flipped to `True`. This limits the functions that could be executed during unpickling. Arbitrary objects will no longer be allowed to be loaded via this mode unless they are explicitly allowlisted by the user via `torch.serialization.add_safe_globals`. We recommend you start setting `weights_only=True` for any use case where you don't have full control of the loaded file. Please open an issue on GitHub for any issues related to this experimental feature.
  model.load_state_dict(torch.load(os.path.join(out_dir, 'best_model.pth')))
Final Test MSE (Best Model): 0.1212
Finished. Status: Success
