Starting Run on GPU 1
Time: 2025-12-24 17:42:40

[Run Start] Subject S004 | Mode ['SDA'] | Params: L3.0_LS0.5_LR0.0001_E128_D64_Dr0.3

[Fold 1 - SDA] Train: ['S004_T003', 'S004_T005'], Test: S004_T001, Norm: fixed
/home/sangukchoi/.conda/envs/torch_gpu/lib/python3.10/site-packages/torch/nn/modules/rnn.py:123: UserWarning: dropout option adds dropout after all but last recurrent layer, so non-zero dropout expects num_layers greater than 1, but got dropout=0.3 and num_layers=1
  warnings.warn(
  Ep 1: Train 0.5782 | Val 0.7717 | Test 0.1586
Validation loss decreased (0.771750 --> 0.771750).  Saving model ...
  Ep 2: Train 0.4355 | Val 0.6040 | Test 0.1621
Validation loss decreased (0.604026 --> 0.604026).  Saving model ...
  Ep 3: Train 0.3969 | Val 0.5544 | Test 0.1665
Validation loss decreased (0.554351 --> 0.554351).  Saving model ...
  Ep 4: Train 0.3739 | Val 0.5093 | Test 0.1607
Validation loss decreased (0.509270 --> 0.509270).  Saving model ...
  Ep 5: Train 0.3628 | Val 0.4732 | Test 0.1614
Validation loss decreased (0.473177 --> 0.473177).  Saving model ...
  Ep 6: Train 0.3563 | Val 0.4466 | Test 0.1448
Validation loss decreased (0.446554 --> 0.446554).  Saving model ...
  Ep 7: Train 0.3537 | Val 0.5147 | Test 0.1527
EarlyStopping counter: 1 out of 5
  Ep 8: Train 0.3535 | Val 0.4621 | Test 0.1378
EarlyStopping counter: 2 out of 5
  Ep 9: Train 0.3373 | Val 0.4850 | Test 0.1441
EarlyStopping counter: 3 out of 5
  Ep 10: Train 0.3346 | Val 0.4562 | Test 0.1319
EarlyStopping counter: 4 out of 5
  Ep 11: Train 0.3337 | Val 0.4582 | Test 0.1451
EarlyStopping counter: 5 out of 5
Early stopping triggered!
/home/sangukchoi/Stroke_SDA/sda_training.py:615: FutureWarning: You are using `torch.load` with `weights_only=False` (the current default value), which uses the default pickle module implicitly. It is possible to construct malicious pickle data which will execute arbitrary code during unpickling (See https://github.com/pytorch/pytorch/blob/main/SECURITY.md#untrusted-models for more details). In a future release, the default value for `weights_only` will be flipped to `True`. This limits the functions that could be executed during unpickling. Arbitrary objects will no longer be allowed to be loaded via this mode unless they are explicitly allowlisted by the user via `torch.serialization.add_safe_globals`. We recommend you start setting `weights_only=True` for any use case where you don't have full control of the loaded file. Please open an issue on GitHub for any issues related to this experimental feature.
  model.load_state_dict(torch.load(os.path.join(out_dir, 'best_model.pth')))
Final Test MSE (Best Model): 0.1448
Finished. Status: Success
