Starting Run on GPU 0
Time: 2025-12-24 17:21:47

[Run Start] Subject S004 | Mode ['SDA'] | Params: L2.5_LS1.0_LR0.0001_E128_D128_Dr0.3

[Fold 1 - SDA] Train: ['S004_T003', 'S004_T005'], Test: S004_T001, Norm: fixed
/home/sangukchoi/.conda/envs/torch_gpu/lib/python3.10/site-packages/torch/nn/modules/rnn.py:123: UserWarning: dropout option adds dropout after all but last recurrent layer, so non-zero dropout expects num_layers greater than 1, but got dropout=0.3 and num_layers=1
  warnings.warn(
  Ep 1: Train 0.5770 | Val 0.6535 | Test 0.1554
Validation loss decreased (0.653521 --> 0.653521).  Saving model ...
  Ep 2: Train 0.3920 | Val 0.4535 | Test 0.1697
Validation loss decreased (0.453527 --> 0.453527).  Saving model ...
  Ep 3: Train 0.3643 | Val 0.4134 | Test 0.1498
Validation loss decreased (0.413423 --> 0.413423).  Saving model ...
  Ep 4: Train 0.3448 | Val 0.4215 | Test 0.1333
EarlyStopping counter: 1 out of 5
  Ep 5: Train 0.3350 | Val 0.4191 | Test 0.1304
EarlyStopping counter: 2 out of 5
  Ep 6: Train 0.3330 | Val 0.4547 | Test 0.1436
EarlyStopping counter: 3 out of 5
  Ep 7: Train 0.3306 | Val 0.4321 | Test 0.1226
EarlyStopping counter: 4 out of 5
  Ep 8: Train 0.3157 | Val 0.3815 | Test 0.1159
Validation loss decreased (0.381498 --> 0.381498).  Saving model ...
  Ep 9: Train 0.3172 | Val 0.3948 | Test 0.1021
EarlyStopping counter: 1 out of 5
  Ep 10: Train 0.3142 | Val 0.3887 | Test 0.1138
EarlyStopping counter: 2 out of 5
  Ep 11: Train 0.3102 | Val 0.4313 | Test 0.1016
EarlyStopping counter: 3 out of 5
  Ep 12: Train 0.3083 | Val 0.4400 | Test 0.1054
EarlyStopping counter: 4 out of 5
  Ep 13: Train 0.3073 | Val 0.4160 | Test 0.1077
EarlyStopping counter: 5 out of 5
Early stopping triggered!
/home/sangukchoi/Stroke_SDA/sda_training.py:615: FutureWarning: You are using `torch.load` with `weights_only=False` (the current default value), which uses the default pickle module implicitly. It is possible to construct malicious pickle data which will execute arbitrary code during unpickling (See https://github.com/pytorch/pytorch/blob/main/SECURITY.md#untrusted-models for more details). In a future release, the default value for `weights_only` will be flipped to `True`. This limits the functions that could be executed during unpickling. Arbitrary objects will no longer be allowed to be loaded via this mode unless they are explicitly allowlisted by the user via `torch.serialization.add_safe_globals`. We recommend you start setting `weights_only=True` for any use case where you don't have full control of the loaded file. Please open an issue on GitHub for any issues related to this experimental feature.
  model.load_state_dict(torch.load(os.path.join(out_dir, 'best_model.pth')))
Final Test MSE (Best Model): 0.1159
Finished. Status: Success
