Starting Run on GPU 0
Time: 2025-12-24 18:02:33

[Run Start] Subject S004 | Mode ['SDA'] | Params: L3.0_LS1.0_LR0.0001_E128_D64_Dr0.3

[Fold 1 - SDA] Train: ['S004_T003', 'S004_T005'], Test: S004_T001, Norm: fixed
/home/sangukchoi/.conda/envs/torch_gpu/lib/python3.10/site-packages/torch/nn/modules/rnn.py:123: UserWarning: dropout option adds dropout after all but last recurrent layer, so non-zero dropout expects num_layers greater than 1, but got dropout=0.3 and num_layers=1
  warnings.warn(
  Ep 1: Train 0.6798 | Val 0.7571 | Test 0.1647
Validation loss decreased (0.757092 --> 0.757092).  Saving model ...
  Ep 2: Train 0.4524 | Val 0.5254 | Test 0.1679
Validation loss decreased (0.525354 --> 0.525354).  Saving model ...
  Ep 3: Train 0.4020 | Val 0.5055 | Test 0.1588
Validation loss decreased (0.505531 --> 0.505531).  Saving model ...
  Ep 4: Train 0.3844 | Val 0.5062 | Test 0.1584
EarlyStopping counter: 1 out of 5
  Ep 5: Train 0.3708 | Val 0.5095 | Test 0.1531
EarlyStopping counter: 2 out of 5
  Ep 6: Train 0.3673 | Val 0.4755 | Test 0.1440
Validation loss decreased (0.475506 --> 0.475506).  Saving model ...
  Ep 7: Train 0.3555 | Val 0.4840 | Test 0.1373
EarlyStopping counter: 1 out of 5
  Ep 8: Train 0.3578 | Val 0.4604 | Test 0.1441
Validation loss decreased (0.460432 --> 0.460432).  Saving model ...
  Ep 9: Train 0.3549 | Val 0.4927 | Test 0.1348
EarlyStopping counter: 1 out of 5
  Ep 10: Train 0.3351 | Val 0.4835 | Test 0.1525
EarlyStopping counter: 2 out of 5
  Ep 11: Train 0.3364 | Val 0.5093 | Test 0.1353
EarlyStopping counter: 3 out of 5
  Ep 12: Train 0.3222 | Val 0.4710 | Test 0.1185
EarlyStopping counter: 4 out of 5
  Ep 13: Train 0.3219 | Val 0.4895 | Test 0.1283
EarlyStopping counter: 5 out of 5
Early stopping triggered!
/home/sangukchoi/Stroke_SDA/sda_training.py:615: FutureWarning: You are using `torch.load` with `weights_only=False` (the current default value), which uses the default pickle module implicitly. It is possible to construct malicious pickle data which will execute arbitrary code during unpickling (See https://github.com/pytorch/pytorch/blob/main/SECURITY.md#untrusted-models for more details). In a future release, the default value for `weights_only` will be flipped to `True`. This limits the functions that could be executed during unpickling. Arbitrary objects will no longer be allowed to be loaded via this mode unless they are explicitly allowlisted by the user via `torch.serialization.add_safe_globals`. We recommend you start setting `weights_only=True` for any use case where you don't have full control of the loaded file. Please open an issue on GitHub for any issues related to this experimental feature.
  model.load_state_dict(torch.load(os.path.join(out_dir, 'best_model.pth')))
Final Test MSE (Best Model): 0.1441
Finished. Status: Success
