Starting Run on GPU 3
Time: 2025-12-24 16:59:35

[Run Start] Subject S004 | Mode ['SDA'] | Params: L2.5_LS0.5_LR0.0001_E64_D64_Dr0.3

[Fold 1 - SDA] Train: ['S004_T003', 'S004_T005'], Test: S004_T001, Norm: fixed
/home/sangukchoi/.conda/envs/torch_gpu/lib/python3.10/site-packages/torch/nn/modules/rnn.py:123: UserWarning: dropout option adds dropout after all but last recurrent layer, so non-zero dropout expects num_layers greater than 1, but got dropout=0.3 and num_layers=1
  warnings.warn(
  Ep 1: Train 0.6228 | Val 0.6696 | Test 0.1548
Validation loss decreased (0.669624 --> 0.669624).  Saving model ...
  Ep 2: Train 0.4363 | Val 0.6577 | Test 0.1428
Validation loss decreased (0.657715 --> 0.657715).  Saving model ...
  Ep 3: Train 0.3907 | Val 0.5660 | Test 0.1518
Validation loss decreased (0.565997 --> 0.565997).  Saving model ...
  Ep 4: Train 0.3563 | Val 0.5021 | Test 0.1610
Validation loss decreased (0.502052 --> 0.502052).  Saving model ...
  Ep 5: Train 0.3382 | Val 0.4293 | Test 0.1632
Validation loss decreased (0.429267 --> 0.429267).  Saving model ...
  Ep 6: Train 0.3267 | Val 0.4431 | Test 0.1591
EarlyStopping counter: 1 out of 5
  Ep 7: Train 0.3211 | Val 0.4214 | Test 0.1573
Validation loss decreased (0.421383 --> 0.421383).  Saving model ...
  Ep 8: Train 0.3145 | Val 0.4066 | Test 0.1574
Validation loss decreased (0.406631 --> 0.406631).  Saving model ...
  Ep 9: Train 0.3085 | Val 0.4026 | Test 0.1568
Validation loss decreased (0.402638 --> 0.402638).  Saving model ...
  Ep 10: Train 0.3016 | Val 0.3846 | Test 0.1566
Validation loss decreased (0.384645 --> 0.384645).  Saving model ...
  Ep 11: Train 0.3022 | Val 0.3971 | Test 0.1538
EarlyStopping counter: 1 out of 5
  Ep 12: Train 0.3001 | Val 0.3696 | Test 0.1542
Validation loss decreased (0.369645 --> 0.369645).  Saving model ...
  Ep 13: Train 0.2959 | Val 0.3829 | Test 0.1596
EarlyStopping counter: 1 out of 5
  Ep 14: Train 0.2895 | Val 0.4002 | Test 0.1546
EarlyStopping counter: 2 out of 5
  Ep 15: Train 0.2931 | Val 0.3963 | Test 0.1619
EarlyStopping counter: 3 out of 5
  Ep 16: Train 0.2844 | Val 0.3744 | Test 0.1692
EarlyStopping counter: 4 out of 5
  Ep 17: Train 0.2803 | Val 0.3783 | Test 0.1608
EarlyStopping counter: 5 out of 5
Early stopping triggered!
/home/sangukchoi/Stroke_SDA/sda_training.py:615: FutureWarning: You are using `torch.load` with `weights_only=False` (the current default value), which uses the default pickle module implicitly. It is possible to construct malicious pickle data which will execute arbitrary code during unpickling (See https://github.com/pytorch/pytorch/blob/main/SECURITY.md#untrusted-models for more details). In a future release, the default value for `weights_only` will be flipped to `True`. This limits the functions that could be executed during unpickling. Arbitrary objects will no longer be allowed to be loaded via this mode unless they are explicitly allowlisted by the user via `torch.serialization.add_safe_globals`. We recommend you start setting `weights_only=True` for any use case where you don't have full control of the loaded file. Please open an issue on GitHub for any issues related to this experimental feature.
  model.load_state_dict(torch.load(os.path.join(out_dir, 'best_model.pth')))
Final Test MSE (Best Model): 0.1542
Finished. Status: Success
