Starting Run on GPU 1
Time: 2025-12-24 16:50:54

[Run Start] Subject S004 | Mode ['SDA'] | Params: L2.5_LS0.3_LR0.0001_E64_D128_Dr0.3

[Fold 1 - SDA] Train: ['S004_T003', 'S004_T005'], Test: S004_T001, Norm: fixed
/home/sangukchoi/.conda/envs/torch_gpu/lib/python3.10/site-packages/torch/nn/modules/rnn.py:123: UserWarning: dropout option adds dropout after all but last recurrent layer, so non-zero dropout expects num_layers greater than 1, but got dropout=0.3 and num_layers=1
  warnings.warn(
  Ep 1: Train 0.5179 | Val 0.6214 | Test 0.1583
Validation loss decreased (0.621434 --> 0.621434).  Saving model ...
  Ep 2: Train 0.4022 | Val 0.6168 | Test 0.1483
Validation loss decreased (0.616796 --> 0.616796).  Saving model ...
  Ep 3: Train 0.3760 | Val 0.5959 | Test 0.1514
Validation loss decreased (0.595873 --> 0.595873).  Saving model ...
  Ep 4: Train 0.3554 | Val 0.5607 | Test 0.1587
Validation loss decreased (0.560683 --> 0.560683).  Saving model ...
  Ep 5: Train 0.3412 | Val 0.5194 | Test 0.1573
Validation loss decreased (0.519366 --> 0.519366).  Saving model ...
  Ep 6: Train 0.3317 | Val 0.4883 | Test 0.1656
Validation loss decreased (0.488298 --> 0.488298).  Saving model ...
  Ep 7: Train 0.3271 | Val 0.5182 | Test 0.1560
EarlyStopping counter: 1 out of 5
  Ep 8: Train 0.3174 | Val 0.4205 | Test 0.1614
Validation loss decreased (0.420536 --> 0.420536).  Saving model ...
  Ep 9: Train 0.3131 | Val 0.4274 | Test 0.1525
EarlyStopping counter: 1 out of 5
  Ep 10: Train 0.3006 | Val 0.4261 | Test 0.1538
EarlyStopping counter: 2 out of 5
  Ep 11: Train 0.2911 | Val 0.3932 | Test 0.1656
Validation loss decreased (0.393159 --> 0.393159).  Saving model ...
  Ep 12: Train 0.2870 | Val 0.3919 | Test 0.1560
Validation loss decreased (0.391913 --> 0.391913).  Saving model ...
  Ep 13: Train 0.2798 | Val 0.3726 | Test 0.1579
Validation loss decreased (0.372568 --> 0.372568).  Saving model ...
  Ep 14: Train 0.2726 | Val 0.3829 | Test 0.1471
EarlyStopping counter: 1 out of 5
  Ep 15: Train 0.2735 | Val 0.3776 | Test 0.1561
EarlyStopping counter: 2 out of 5
  Ep 16: Train 0.2679 | Val 0.3913 | Test 0.1524
EarlyStopping counter: 3 out of 5
  Ep 17: Train 0.2697 | Val 0.3916 | Test 0.1535
EarlyStopping counter: 4 out of 5
  Ep 18: Train 0.2686 | Val 0.3767 | Test 0.1480
EarlyStopping counter: 5 out of 5
Early stopping triggered!
/home/sangukchoi/Stroke_SDA/sda_training.py:615: FutureWarning: You are using `torch.load` with `weights_only=False` (the current default value), which uses the default pickle module implicitly. It is possible to construct malicious pickle data which will execute arbitrary code during unpickling (See https://github.com/pytorch/pytorch/blob/main/SECURITY.md#untrusted-models for more details). In a future release, the default value for `weights_only` will be flipped to `True`. This limits the functions that could be executed during unpickling. Arbitrary objects will no longer be allowed to be loaded via this mode unless they are explicitly allowlisted by the user via `torch.serialization.add_safe_globals`. We recommend you start setting `weights_only=True` for any use case where you don't have full control of the loaded file. Please open an issue on GitHub for any issues related to this experimental feature.
  model.load_state_dict(torch.load(os.path.join(out_dir, 'best_model.pth')))
Final Test MSE (Best Model): 0.1579
Finished. Status: Success
