Starting Run on GPU 2
Time: 2025-12-24 17:10:06

[Run Start] Subject S004 | Mode ['SDA'] | Params: L2.5_LS0.7_LR0.0001_E128_D32_Dr0.3

[Fold 1 - SDA] Train: ['S004_T003', 'S004_T005'], Test: S004_T001, Norm: fixed
/home/sangukchoi/.conda/envs/torch_gpu/lib/python3.10/site-packages/torch/nn/modules/rnn.py:123: UserWarning: dropout option adds dropout after all but last recurrent layer, so non-zero dropout expects num_layers greater than 1, but got dropout=0.3 and num_layers=1
  warnings.warn(
  Ep 1: Train 0.5641 | Val 0.6158 | Test 0.1598
Validation loss decreased (0.615772 --> 0.615772).  Saving model ...
  Ep 2: Train 0.3786 | Val 0.4419 | Test 0.1720
Validation loss decreased (0.441871 --> 0.441871).  Saving model ...
  Ep 3: Train 0.3386 | Val 0.4450 | Test 0.1674
EarlyStopping counter: 1 out of 5
  Ep 4: Train 0.3270 | Val 0.4050 | Test 0.1736
Validation loss decreased (0.405025 --> 0.405025).  Saving model ...
  Ep 5: Train 0.3145 | Val 0.4134 | Test 0.1642
EarlyStopping counter: 1 out of 5
  Ep 6: Train 0.3112 | Val 0.4203 | Test 0.1643
EarlyStopping counter: 2 out of 5
  Ep 7: Train 0.3106 | Val 0.4024 | Test 0.1520
Validation loss decreased (0.402371 --> 0.402371).  Saving model ...
  Ep 8: Train 0.3070 | Val 0.3870 | Test 0.1649
Validation loss decreased (0.387009 --> 0.387009).  Saving model ...
  Ep 9: Train 0.2980 | Val 0.3958 | Test 0.1516
EarlyStopping counter: 1 out of 5
  Ep 10: Train 0.2911 | Val 0.3899 | Test 0.1441
EarlyStopping counter: 2 out of 5
  Ep 11: Train 0.2844 | Val 0.3881 | Test 0.1448
EarlyStopping counter: 3 out of 5
  Ep 12: Train 0.2894 | Val 0.4193 | Test 0.1396
EarlyStopping counter: 4 out of 5
  Ep 13: Train 0.2786 | Val 0.4213 | Test 0.1357
EarlyStopping counter: 5 out of 5
Early stopping triggered!
/home/sangukchoi/Stroke_SDA/sda_training.py:615: FutureWarning: You are using `torch.load` with `weights_only=False` (the current default value), which uses the default pickle module implicitly. It is possible to construct malicious pickle data which will execute arbitrary code during unpickling (See https://github.com/pytorch/pytorch/blob/main/SECURITY.md#untrusted-models for more details). In a future release, the default value for `weights_only` will be flipped to `True`. This limits the functions that could be executed during unpickling. Arbitrary objects will no longer be allowed to be loaded via this mode unless they are explicitly allowlisted by the user via `torch.serialization.add_safe_globals`. We recommend you start setting `weights_only=True` for any use case where you don't have full control of the loaded file. Please open an issue on GitHub for any issues related to this experimental feature.
  model.load_state_dict(torch.load(os.path.join(out_dir, 'best_model.pth')))
Final Test MSE (Best Model): 0.1649
Finished. Status: Success
