Starting Run on GPU 1
Time: 2025-12-24 16:16:40

[Run Start] Subject S004 | Mode ['SDA'] | Params: L1.5_LS0.7_LR0.0001_E64_D64_Dr0.3

[Fold 1 - SDA] Train: ['S004_T003', 'S004_T005'], Test: S004_T001, Norm: fixed
/home/sangukchoi/.conda/envs/torch_gpu/lib/python3.10/site-packages/torch/nn/modules/rnn.py:123: UserWarning: dropout option adds dropout after all but last recurrent layer, so non-zero dropout expects num_layers greater than 1, but got dropout=0.3 and num_layers=1
  warnings.warn(
  Ep 1: Train 0.4529 | Val 0.4488 | Test 0.1472
Validation loss decreased (0.448789 --> 0.448789).  Saving model ...
  Ep 2: Train 0.2879 | Val 0.3660 | Test 0.1594
Validation loss decreased (0.365968 --> 0.365968).  Saving model ...
  Ep 3: Train 0.2451 | Val 0.2902 | Test 0.1510
Validation loss decreased (0.290168 --> 0.290168).  Saving model ...
  Ep 4: Train 0.2242 | Val 0.2740 | Test 0.1339
Validation loss decreased (0.273968 --> 0.273968).  Saving model ...
  Ep 5: Train 0.2188 | Val 0.2564 | Test 0.1382
Validation loss decreased (0.256363 --> 0.256363).  Saving model ...
  Ep 6: Train 0.2143 | Val 0.2760 | Test 0.1310
EarlyStopping counter: 1 out of 5
  Ep 7: Train 0.2087 | Val 0.2617 | Test 0.1234
EarlyStopping counter: 2 out of 5
  Ep 8: Train 0.2070 | Val 0.2666 | Test 0.1181
EarlyStopping counter: 3 out of 5
  Ep 9: Train 0.2042 | Val 0.2738 | Test 0.1117
EarlyStopping counter: 4 out of 5
  Ep 10: Train 0.2020 | Val 0.2684 | Test 0.1188
EarlyStopping counter: 5 out of 5
Early stopping triggered!
/home/sangukchoi/Stroke_SDA/sda_training.py:615: FutureWarning: You are using `torch.load` with `weights_only=False` (the current default value), which uses the default pickle module implicitly. It is possible to construct malicious pickle data which will execute arbitrary code during unpickling (See https://github.com/pytorch/pytorch/blob/main/SECURITY.md#untrusted-models for more details). In a future release, the default value for `weights_only` will be flipped to `True`. This limits the functions that could be executed during unpickling. Arbitrary objects will no longer be allowed to be loaded via this mode unless they are explicitly allowlisted by the user via `torch.serialization.add_safe_globals`. We recommend you start setting `weights_only=True` for any use case where you don't have full control of the loaded file. Please open an issue on GitHub for any issues related to this experimental feature.
  model.load_state_dict(torch.load(os.path.join(out_dir, 'best_model.pth')))
Final Test MSE (Best Model): 0.1382
Finished. Status: Success
