Starting Run on GPU 2
Time: 2025-12-24 16:12:51

[Run Start] Subject S004 | Mode ['SDA'] | Params: L1.0_LS1.0_LR0.0001_E128_D64_Dr0.3

[Fold 1 - SDA] Train: ['S004_T003', 'S004_T005'], Test: S004_T001, Norm: fixed
/home/sangukchoi/.conda/envs/torch_gpu/lib/python3.10/site-packages/torch/nn/modules/rnn.py:123: UserWarning: dropout option adds dropout after all but last recurrent layer, so non-zero dropout expects num_layers greater than 1, but got dropout=0.3 and num_layers=1
  warnings.warn(
  Ep 1: Train 0.3485 | Val 0.2413 | Test 0.1449
Validation loss decreased (0.241279 --> 0.241279).  Saving model ...
  Ep 2: Train 0.1903 | Val 0.2099 | Test 0.1290
Validation loss decreased (0.209877 --> 0.209877).  Saving model ...
  Ep 3: Train 0.1702 | Val 0.1966 | Test 0.1286
Validation loss decreased (0.196584 --> 0.196584).  Saving model ...
  Ep 4: Train 0.1610 | Val 0.2159 | Test 0.1355
EarlyStopping counter: 1 out of 5
  Ep 5: Train 0.1518 | Val 0.2087 | Test 0.1263
EarlyStopping counter: 2 out of 5
  Ep 6: Train 0.1488 | Val 0.2031 | Test 0.1278
EarlyStopping counter: 3 out of 5
  Ep 7: Train 0.1473 | Val 0.1977 | Test 0.1112
EarlyStopping counter: 4 out of 5
  Ep 8: Train 0.1459 | Val 0.1973 | Test 0.1165
EarlyStopping counter: 5 out of 5
Early stopping triggered!
/home/sangukchoi/Stroke_SDA/sda_training.py:615: FutureWarning: You are using `torch.load` with `weights_only=False` (the current default value), which uses the default pickle module implicitly. It is possible to construct malicious pickle data which will execute arbitrary code during unpickling (See https://github.com/pytorch/pytorch/blob/main/SECURITY.md#untrusted-models for more details). In a future release, the default value for `weights_only` will be flipped to `True`. This limits the functions that could be executed during unpickling. Arbitrary objects will no longer be allowed to be loaded via this mode unless they are explicitly allowlisted by the user via `torch.serialization.add_safe_globals`. We recommend you start setting `weights_only=True` for any use case where you don't have full control of the loaded file. Please open an issue on GitHub for any issues related to this experimental feature.
  model.load_state_dict(torch.load(os.path.join(out_dir, 'best_model.pth')))
Final Test MSE (Best Model): 0.1286
Finished. Status: Success
