Starting Run on GPU 0
Time: 2025-12-24 16:19:57

[Run Start] Subject S004 | Mode ['SDA'] | Params: L1.5_LS0.7_LR0.0001_E128_D64_Dr0.3

[Fold 1 - SDA] Train: ['S004_T003', 'S004_T005'], Test: S004_T001, Norm: fixed
/home/sangukchoi/.conda/envs/torch_gpu/lib/python3.10/site-packages/torch/nn/modules/rnn.py:123: UserWarning: dropout option adds dropout after all but last recurrent layer, so non-zero dropout expects num_layers greater than 1, but got dropout=0.3 and num_layers=1
  warnings.warn(
  Ep 1: Train 0.3947 | Val 0.3458 | Test 0.1261
Validation loss decreased (0.345814 --> 0.345814).  Saving model ...
  Ep 2: Train 0.2419 | Val 0.2737 | Test 0.1383
Validation loss decreased (0.273733 --> 0.273733).  Saving model ...
  Ep 3: Train 0.2190 | Val 0.2561 | Test 0.1373
Validation loss decreased (0.256101 --> 0.256101).  Saving model ...
  Ep 4: Train 0.2088 | Val 0.2776 | Test 0.1164
EarlyStopping counter: 1 out of 5
  Ep 5: Train 0.2038 | Val 0.2796 | Test 0.1076
EarlyStopping counter: 2 out of 5
  Ep 6: Train 0.2003 | Val 0.2534 | Test 0.0975
Validation loss decreased (0.253377 --> 0.253377).  Saving model ...
  Ep 7: Train 0.1941 | Val 0.2530 | Test 0.0950
EarlyStopping counter: 1 out of 5
  Ep 8: Train 0.1928 | Val 0.2498 | Test 0.1015
Validation loss decreased (0.249823 --> 0.249823).  Saving model ...
  Ep 9: Train 0.1898 | Val 0.2544 | Test 0.0970
EarlyStopping counter: 1 out of 5
  Ep 10: Train 0.1872 | Val 0.2652 | Test 0.0932
EarlyStopping counter: 2 out of 5
  Ep 11: Train 0.1824 | Val 0.2458 | Test 0.0907
Validation loss decreased (0.245839 --> 0.245839).  Saving model ...
  Ep 12: Train 0.1802 | Val 0.2847 | Test 0.0929
EarlyStopping counter: 1 out of 5
  Ep 13: Train 0.1801 | Val 0.2577 | Test 0.1037
EarlyStopping counter: 2 out of 5
  Ep 14: Train 0.1768 | Val 0.2570 | Test 0.1025
EarlyStopping counter: 3 out of 5
  Ep 15: Train 0.1749 | Val 0.2626 | Test 0.1051
EarlyStopping counter: 4 out of 5
  Ep 16: Train 0.1735 | Val 0.2383 | Test 0.0985
Validation loss decreased (0.238328 --> 0.238328).  Saving model ...
  Ep 17: Train 0.1717 | Val 0.2564 | Test 0.1066
EarlyStopping counter: 1 out of 5
  Ep 18: Train 0.1736 | Val 0.2508 | Test 0.0947
EarlyStopping counter: 2 out of 5
  Ep 19: Train 0.1680 | Val 0.2563 | Test 0.1206
EarlyStopping counter: 3 out of 5
  Ep 20: Train 0.1670 | Val 0.2702 | Test 0.1103
EarlyStopping counter: 4 out of 5
  Ep 21: Train 0.1652 | Val 0.2404 | Test 0.1044
EarlyStopping counter: 5 out of 5
Early stopping triggered!
/home/sangukchoi/Stroke_SDA/sda_training.py:615: FutureWarning: You are using `torch.load` with `weights_only=False` (the current default value), which uses the default pickle module implicitly. It is possible to construct malicious pickle data which will execute arbitrary code during unpickling (See https://github.com/pytorch/pytorch/blob/main/SECURITY.md#untrusted-models for more details). In a future release, the default value for `weights_only` will be flipped to `True`. This limits the functions that could be executed during unpickling. Arbitrary objects will no longer be allowed to be loaded via this mode unless they are explicitly allowlisted by the user via `torch.serialization.add_safe_globals`. We recommend you start setting `weights_only=True` for any use case where you don't have full control of the loaded file. Please open an issue on GitHub for any issues related to this experimental feature.
  model.load_state_dict(torch.load(os.path.join(out_dir, 'best_model.pth')))
Final Test MSE (Best Model): 0.0985
Finished. Status: Success
