Starting Run on GPU 2
Time: 2025-12-24 16:06:04

[Run Start] Subject S004 | Mode ['SDA'] | Params: L1.0_LS0.7_LR0.0001_E256_D128_Dr0.3

[Fold 1 - SDA] Train: ['S004_T003', 'S004_T005'], Test: S004_T001, Norm: fixed
/home/sangukchoi/.conda/envs/torch_gpu/lib/python3.10/site-packages/torch/nn/modules/rnn.py:123: UserWarning: dropout option adds dropout after all but last recurrent layer, so non-zero dropout expects num_layers greater than 1, but got dropout=0.3 and num_layers=1
  warnings.warn(
  Ep 1: Train 0.2650 | Val 0.2143 | Test 0.1440
Validation loss decreased (0.214275 --> 0.214275).  Saving model ...
  Ep 2: Train 0.1680 | Val 0.1817 | Test 0.1219
Validation loss decreased (0.181655 --> 0.181655).  Saving model ...
  Ep 3: Train 0.1533 | Val 0.1920 | Test 0.1117
EarlyStopping counter: 1 out of 5
  Ep 4: Train 0.1480 | Val 0.2036 | Test 0.1161
EarlyStopping counter: 2 out of 5
  Ep 5: Train 0.1408 | Val 0.1876 | Test 0.1104
EarlyStopping counter: 3 out of 5
  Ep 6: Train 0.1379 | Val 0.1809 | Test 0.1178
Validation loss decreased (0.180884 --> 0.180884).  Saving model ...
  Ep 7: Train 0.1377 | Val 0.1899 | Test 0.0951
EarlyStopping counter: 1 out of 5
  Ep 8: Train 0.1338 | Val 0.1864 | Test 0.1160
EarlyStopping counter: 2 out of 5
  Ep 9: Train 0.1325 | Val 0.1908 | Test 0.0943
EarlyStopping counter: 3 out of 5
  Ep 10: Train 0.1287 | Val 0.1916 | Test 0.1188
EarlyStopping counter: 4 out of 5
  Ep 11: Train 0.1248 | Val 0.1877 | Test 0.1229
EarlyStopping counter: 5 out of 5
Early stopping triggered!
/home/sangukchoi/Stroke_SDA/sda_training.py:615: FutureWarning: You are using `torch.load` with `weights_only=False` (the current default value), which uses the default pickle module implicitly. It is possible to construct malicious pickle data which will execute arbitrary code during unpickling (See https://github.com/pytorch/pytorch/blob/main/SECURITY.md#untrusted-models for more details). In a future release, the default value for `weights_only` will be flipped to `True`. This limits the functions that could be executed during unpickling. Arbitrary objects will no longer be allowed to be loaded via this mode unless they are explicitly allowlisted by the user via `torch.serialization.add_safe_globals`. We recommend you start setting `weights_only=True` for any use case where you don't have full control of the loaded file. Please open an issue on GitHub for any issues related to this experimental feature.
  model.load_state_dict(torch.load(os.path.join(out_dir, 'best_model.pth')))
Final Test MSE (Best Model): 0.1178
Finished. Status: Success
