Starting Run on GPU 1
Time: 2025-12-24 17:32:11

[Run Start] Subject S004 | Mode ['SDA'] | Params: L3.0_LS0.3_LR0.0001_E128_D128_Dr0.3

[Fold 1 - SDA] Train: ['S004_T003', 'S004_T005'], Test: S004_T001, Norm: fixed
/home/sangukchoi/.conda/envs/torch_gpu/lib/python3.10/site-packages/torch/nn/modules/rnn.py:123: UserWarning: dropout option adds dropout after all but last recurrent layer, so non-zero dropout expects num_layers greater than 1, but got dropout=0.3 and num_layers=1
  warnings.warn(
  Ep 1: Train 0.5346 | Val 0.7735 | Test 0.1560
Validation loss decreased (0.773479 --> 0.773479).  Saving model ...
  Ep 2: Train 0.4396 | Val 0.6554 | Test 0.1549
Validation loss decreased (0.655362 --> 0.655362).  Saving model ...
  Ep 3: Train 0.4110 | Val 0.6774 | Test 0.1521
EarlyStopping counter: 1 out of 5
  Ep 4: Train 0.3981 | Val 0.6124 | Test 0.1616
Validation loss decreased (0.612427 --> 0.612427).  Saving model ...
  Ep 5: Train 0.3788 | Val 0.5331 | Test 0.1707
Validation loss decreased (0.533136 --> 0.533136).  Saving model ...
  Ep 6: Train 0.3651 | Val 0.5307 | Test 0.1593
Validation loss decreased (0.530674 --> 0.530674).  Saving model ...
  Ep 7: Train 0.3488 | Val 0.5119 | Test 0.1525
Validation loss decreased (0.511900 --> 0.511900).  Saving model ...
  Ep 8: Train 0.3486 | Val 0.4832 | Test 0.1498
Validation loss decreased (0.483178 --> 0.483178).  Saving model ...
  Ep 9: Train 0.3387 | Val 0.4732 | Test 0.1355
Validation loss decreased (0.473164 --> 0.473164).  Saving model ...
  Ep 10: Train 0.3276 | Val 0.4862 | Test 0.1341
EarlyStopping counter: 1 out of 5
  Ep 11: Train 0.3163 | Val 0.4894 | Test 0.1400
EarlyStopping counter: 2 out of 5
  Ep 12: Train 0.3177 | Val 0.4697 | Test 0.1407
Validation loss decreased (0.469743 --> 0.469743).  Saving model ...
  Ep 13: Train 0.3121 | Val 0.5126 | Test 0.1396
EarlyStopping counter: 1 out of 5
  Ep 14: Train 0.3091 | Val 0.5099 | Test 0.1284
EarlyStopping counter: 2 out of 5
  Ep 15: Train 0.3097 | Val 0.4967 | Test 0.1342
EarlyStopping counter: 3 out of 5
  Ep 16: Train 0.3077 | Val 0.4883 | Test 0.1464
EarlyStopping counter: 4 out of 5
  Ep 17: Train 0.2986 | Val 0.4637 | Test 0.1294
Validation loss decreased (0.463720 --> 0.463720).  Saving model ...
  Ep 18: Train 0.3034 | Val 0.4637 | Test 0.1219
EarlyStopping counter: 1 out of 5
  Ep 19: Train 0.2959 | Val 0.5139 | Test 0.1309
EarlyStopping counter: 2 out of 5
  Ep 20: Train 0.3008 | Val 0.4688 | Test 0.1221
EarlyStopping counter: 3 out of 5
  Ep 21: Train 0.2979 | Val 0.4778 | Test 0.1242
EarlyStopping counter: 4 out of 5
  Ep 22: Train 0.2833 | Val 0.4915 | Test 0.1344
EarlyStopping counter: 5 out of 5
Early stopping triggered!
/home/sangukchoi/Stroke_SDA/sda_training.py:615: FutureWarning: You are using `torch.load` with `weights_only=False` (the current default value), which uses the default pickle module implicitly. It is possible to construct malicious pickle data which will execute arbitrary code during unpickling (See https://github.com/pytorch/pytorch/blob/main/SECURITY.md#untrusted-models for more details). In a future release, the default value for `weights_only` will be flipped to `True`. This limits the functions that could be executed during unpickling. Arbitrary objects will no longer be allowed to be loaded via this mode unless they are explicitly allowlisted by the user via `torch.serialization.add_safe_globals`. We recommend you start setting `weights_only=True` for any use case where you don't have full control of the loaded file. Please open an issue on GitHub for any issues related to this experimental feature.
  model.load_state_dict(torch.load(os.path.join(out_dir, 'best_model.pth')))
Final Test MSE (Best Model): 0.1294
Finished. Status: Success
