Starting Run on GPU 2
Time: 2025-12-24 15:37:35

[Run Start] Subject S004 | Mode ['SDA'] | Params: L0.5_LS1.0_LR0.0001_E64_D32_Dr0.3

[Fold 1 - SDA] Train: ['S004_T003', 'S004_T005'], Test: S004_T001, Norm: fixed
/home/sangukchoi/.conda/envs/torch_gpu/lib/python3.10/site-packages/torch/nn/modules/rnn.py:123: UserWarning: dropout option adds dropout after all but last recurrent layer, so non-zero dropout expects num_layers greater than 1, but got dropout=0.3 and num_layers=1
  warnings.warn(
  Ep 1: Train 0.3837 | Val 0.2021 | Test 0.1562
Validation loss decreased (0.202126 --> 0.202126).  Saving model ...
  Ep 2: Train 0.1576 | Val 0.1311 | Test 0.1128
Validation loss decreased (0.131053 --> 0.131053).  Saving model ...
  Ep 3: Train 0.1228 | Val 0.1219 | Test 0.1170
Validation loss decreased (0.121945 --> 0.121945).  Saving model ...
  Ep 4: Train 0.1116 | Val 0.1090 | Test 0.1235
Validation loss decreased (0.108998 --> 0.108998).  Saving model ...
  Ep 5: Train 0.1053 | Val 0.1075 | Test 0.1197
Validation loss decreased (0.107462 --> 0.107462).  Saving model ...
  Ep 6: Train 0.1025 | Val 0.1044 | Test 0.1078
Validation loss decreased (0.104450 --> 0.104450).  Saving model ...
  Ep 7: Train 0.1007 | Val 0.1101 | Test 0.1151
EarlyStopping counter: 1 out of 5
  Ep 8: Train 0.0989 | Val 0.1190 | Test 0.1221
EarlyStopping counter: 2 out of 5
  Ep 9: Train 0.0966 | Val 0.1037 | Test 0.1037
Validation loss decreased (0.103722 --> 0.103722).  Saving model ...
  Ep 10: Train 0.0949 | Val 0.1016 | Test 0.0990
Validation loss decreased (0.101621 --> 0.101621).  Saving model ...
  Ep 11: Train 0.0935 | Val 0.1009 | Test 0.1009
Validation loss decreased (0.100941 --> 0.100941).  Saving model ...
  Ep 12: Train 0.0917 | Val 0.1014 | Test 0.1096
EarlyStopping counter: 1 out of 5
  Ep 13: Train 0.0912 | Val 0.1005 | Test 0.1094
EarlyStopping counter: 2 out of 5
  Ep 14: Train 0.0896 | Val 0.0987 | Test 0.0970
Validation loss decreased (0.098686 --> 0.098686).  Saving model ...
  Ep 15: Train 0.0877 | Val 0.0990 | Test 0.1028
EarlyStopping counter: 1 out of 5
  Ep 16: Train 0.0871 | Val 0.0978 | Test 0.1176
Validation loss decreased (0.097777 --> 0.097777).  Saving model ...
  Ep 17: Train 0.0863 | Val 0.0973 | Test 0.1096
EarlyStopping counter: 1 out of 5
  Ep 18: Train 0.0850 | Val 0.0972 | Test 0.1035
Validation loss decreased (0.097219 --> 0.097219).  Saving model ...
  Ep 19: Train 0.0842 | Val 0.0956 | Test 0.1134
Validation loss decreased (0.095641 --> 0.095641).  Saving model ...
  Ep 20: Train 0.0844 | Val 0.0941 | Test 0.1187
Validation loss decreased (0.094085 --> 0.094085).  Saving model ...
  Ep 21: Train 0.0822 | Val 0.0930 | Test 0.1133
Validation loss decreased (0.092986 --> 0.092986).  Saving model ...
  Ep 22: Train 0.0824 | Val 0.1025 | Test 0.1175
EarlyStopping counter: 1 out of 5
  Ep 23: Train 0.0809 | Val 0.0974 | Test 0.1120
EarlyStopping counter: 2 out of 5
  Ep 24: Train 0.0810 | Val 0.0947 | Test 0.1173
EarlyStopping counter: 3 out of 5
  Ep 25: Train 0.0803 | Val 0.1002 | Test 0.1235
EarlyStopping counter: 4 out of 5
  Ep 26: Train 0.0790 | Val 0.0993 | Test 0.1257
EarlyStopping counter: 5 out of 5
Early stopping triggered!
/home/sangukchoi/Stroke_SDA/sda_training.py:615: FutureWarning: You are using `torch.load` with `weights_only=False` (the current default value), which uses the default pickle module implicitly. It is possible to construct malicious pickle data which will execute arbitrary code during unpickling (See https://github.com/pytorch/pytorch/blob/main/SECURITY.md#untrusted-models for more details). In a future release, the default value for `weights_only` will be flipped to `True`. This limits the functions that could be executed during unpickling. Arbitrary objects will no longer be allowed to be loaded via this mode unless they are explicitly allowlisted by the user via `torch.serialization.add_safe_globals`. We recommend you start setting `weights_only=True` for any use case where you don't have full control of the loaded file. Please open an issue on GitHub for any issues related to this experimental feature.
  model.load_state_dict(torch.load(os.path.join(out_dir, 'best_model.pth')))
Final Test MSE (Best Model): 0.1133
Finished. Status: Success
