Starting Run on GPU 3
Time: 2025-12-24 16:23:10

[Run Start] Subject S004 | Mode ['SDA'] | Params: L1.5_LS0.7_LR0.0001_E256_D128_Dr0.3

[Fold 1 - SDA] Train: ['S004_T003', 'S004_T005'], Test: S004_T001, Norm: fixed
/home/sangukchoi/.conda/envs/torch_gpu/lib/python3.10/site-packages/torch/nn/modules/rnn.py:123: UserWarning: dropout option adds dropout after all but last recurrent layer, so non-zero dropout expects num_layers greater than 1, but got dropout=0.3 and num_layers=1
  warnings.warn(
  Ep 1: Train 0.3315 | Val 0.3041 | Test 0.1308
Validation loss decreased (0.304144 --> 0.304144).  Saving model ...
  Ep 2: Train 0.2270 | Val 0.2640 | Test 0.1221
Validation loss decreased (0.264030 --> 0.264030).  Saving model ...
  Ep 3: Train 0.2104 | Val 0.2633 | Test 0.1063
Validation loss decreased (0.263335 --> 0.263335).  Saving model ...
  Ep 4: Train 0.2002 | Val 0.2789 | Test 0.0894
EarlyStopping counter: 1 out of 5
  Ep 5: Train 0.1917 | Val 0.2583 | Test 0.1195
Validation loss decreased (0.258251 --> 0.258251).  Saving model ...
  Ep 6: Train 0.1882 | Val 0.2695 | Test 0.1102
EarlyStopping counter: 1 out of 5
  Ep 7: Train 0.1870 | Val 0.2649 | Test 0.1009
EarlyStopping counter: 2 out of 5
  Ep 8: Train 0.1860 | Val 0.2824 | Test 0.1227
EarlyStopping counter: 3 out of 5
  Ep 9: Train 0.1789 | Val 0.2659 | Test 0.1296
EarlyStopping counter: 4 out of 5
  Ep 10: Train 0.1757 | Val 0.2695 | Test 0.0979
EarlyStopping counter: 5 out of 5
Early stopping triggered!
/home/sangukchoi/Stroke_SDA/sda_training.py:615: FutureWarning: You are using `torch.load` with `weights_only=False` (the current default value), which uses the default pickle module implicitly. It is possible to construct malicious pickle data which will execute arbitrary code during unpickling (See https://github.com/pytorch/pytorch/blob/main/SECURITY.md#untrusted-models for more details). In a future release, the default value for `weights_only` will be flipped to `True`. This limits the functions that could be executed during unpickling. Arbitrary objects will no longer be allowed to be loaded via this mode unless they are explicitly allowlisted by the user via `torch.serialization.add_safe_globals`. We recommend you start setting `weights_only=True` for any use case where you don't have full control of the loaded file. Please open an issue on GitHub for any issues related to this experimental feature.
  model.load_state_dict(torch.load(os.path.join(out_dir, 'best_model.pth')))
Final Test MSE (Best Model): 0.1195
Finished. Status: Success
