Starting Run on GPU 0
Time: 2025-12-24 16:02:25

[Run Start] Subject S004 | Mode ['SDA'] | Params: L1.0_LS0.7_LR0.0001_E128_D32_Dr0.3

[Fold 1 - SDA] Train: ['S004_T003', 'S004_T005'], Test: S004_T001, Norm: fixed
/home/sangukchoi/.conda/envs/torch_gpu/lib/python3.10/site-packages/torch/nn/modules/rnn.py:123: UserWarning: dropout option adds dropout after all but last recurrent layer, so non-zero dropout expects num_layers greater than 1, but got dropout=0.3 and num_layers=1
  warnings.warn(
  Ep 1: Train 0.3170 | Val 0.2464 | Test 0.1378
Validation loss decreased (0.246391 --> 0.246391).  Saving model ...
  Ep 2: Train 0.1797 | Val 0.1887 | Test 0.1135
Validation loss decreased (0.188667 --> 0.188667).  Saving model ...
  Ep 3: Train 0.1534 | Val 0.1875 | Test 0.1139
Validation loss decreased (0.187534 --> 0.187534).  Saving model ...
  Ep 4: Train 0.1480 | Val 0.1892 | Test 0.1157
EarlyStopping counter: 1 out of 5
  Ep 5: Train 0.1432 | Val 0.1926 | Test 0.1166
EarlyStopping counter: 2 out of 5
  Ep 6: Train 0.1406 | Val 0.1868 | Test 0.1271
Validation loss decreased (0.186783 --> 0.186783).  Saving model ...
  Ep 7: Train 0.1375 | Val 0.1908 | Test 0.1109
EarlyStopping counter: 1 out of 5
  Ep 8: Train 0.1367 | Val 0.1765 | Test 0.1191
Validation loss decreased (0.176526 --> 0.176526).  Saving model ...
  Ep 9: Train 0.1349 | Val 0.1883 | Test 0.1207
EarlyStopping counter: 1 out of 5
  Ep 10: Train 0.1328 | Val 0.1870 | Test 0.1209
EarlyStopping counter: 2 out of 5
  Ep 11: Train 0.1305 | Val 0.1957 | Test 0.1367
EarlyStopping counter: 3 out of 5
  Ep 12: Train 0.1300 | Val 0.1985 | Test 0.1282
EarlyStopping counter: 4 out of 5
  Ep 13: Train 0.1262 | Val 0.2109 | Test 0.1226
EarlyStopping counter: 5 out of 5
Early stopping triggered!
/home/sangukchoi/Stroke_SDA/sda_training.py:615: FutureWarning: You are using `torch.load` with `weights_only=False` (the current default value), which uses the default pickle module implicitly. It is possible to construct malicious pickle data which will execute arbitrary code during unpickling (See https://github.com/pytorch/pytorch/blob/main/SECURITY.md#untrusted-models for more details). In a future release, the default value for `weights_only` will be flipped to `True`. This limits the functions that could be executed during unpickling. Arbitrary objects will no longer be allowed to be loaded via this mode unless they are explicitly allowlisted by the user via `torch.serialization.add_safe_globals`. We recommend you start setting `weights_only=True` for any use case where you don't have full control of the loaded file. Please open an issue on GitHub for any issues related to this experimental feature.
  model.load_state_dict(torch.load(os.path.join(out_dir, 'best_model.pth')))
Final Test MSE (Best Model): 0.1191
Finished. Status: Success
