Starting Run on GPU 1
Time: 2025-12-24 16:03:19

[Run Start] Subject S004 | Mode ['SDA'] | Params: L1.0_LS0.7_LR0.0001_E128_D64_Dr0.3

[Fold 1 - SDA] Train: ['S004_T003', 'S004_T005'], Test: S004_T001, Norm: fixed
/home/sangukchoi/.conda/envs/torch_gpu/lib/python3.10/site-packages/torch/nn/modules/rnn.py:123: UserWarning: dropout option adds dropout after all but last recurrent layer, so non-zero dropout expects num_layers greater than 1, but got dropout=0.3 and num_layers=1
  warnings.warn(
  Ep 1: Train 0.3184 | Val 0.2695 | Test 0.1384
Validation loss decreased (0.269535 --> 0.269535).  Saving model ...
  Ep 2: Train 0.1847 | Val 0.2204 | Test 0.1234
Validation loss decreased (0.220380 --> 0.220380).  Saving model ...
  Ep 3: Train 0.1660 | Val 0.1917 | Test 0.1194
Validation loss decreased (0.191678 --> 0.191678).  Saving model ...
  Ep 4: Train 0.1536 | Val 0.1786 | Test 0.1458
Validation loss decreased (0.178650 --> 0.178650).  Saving model ...
  Ep 5: Train 0.1467 | Val 0.2008 | Test 0.1176
EarlyStopping counter: 1 out of 5
  Ep 6: Train 0.1416 | Val 0.1949 | Test 0.1290
EarlyStopping counter: 2 out of 5
  Ep 7: Train 0.1407 | Val 0.1821 | Test 0.1340
EarlyStopping counter: 3 out of 5
  Ep 8: Train 0.1368 | Val 0.1979 | Test 0.1341
EarlyStopping counter: 4 out of 5
  Ep 9: Train 0.1363 | Val 0.1961 | Test 0.1276
EarlyStopping counter: 5 out of 5
Early stopping triggered!
/home/sangukchoi/Stroke_SDA/sda_training.py:615: FutureWarning: You are using `torch.load` with `weights_only=False` (the current default value), which uses the default pickle module implicitly. It is possible to construct malicious pickle data which will execute arbitrary code during unpickling (See https://github.com/pytorch/pytorch/blob/main/SECURITY.md#untrusted-models for more details). In a future release, the default value for `weights_only` will be flipped to `True`. This limits the functions that could be executed during unpickling. Arbitrary objects will no longer be allowed to be loaded via this mode unless they are explicitly allowlisted by the user via `torch.serialization.add_safe_globals`. We recommend you start setting `weights_only=True` for any use case where you don't have full control of the loaded file. Please open an issue on GitHub for any issues related to this experimental feature.
  model.load_state_dict(torch.load(os.path.join(out_dir, 'best_model.pth')))
Final Test MSE (Best Model): 0.1458
Finished. Status: Success
