Starting Run on GPU 1
Time: 2025-12-24 16:47:05

[Run Start] Subject S004 | Mode ['SDA'] | Params: L2.0_LS1.0_LR0.0001_E128_D128_Dr0.3

[Fold 1 - SDA] Train: ['S004_T003', 'S004_T005'], Test: S004_T001, Norm: fixed
/home/sangukchoi/.conda/envs/torch_gpu/lib/python3.10/site-packages/torch/nn/modules/rnn.py:123: UserWarning: dropout option adds dropout after all but last recurrent layer, so non-zero dropout expects num_layers greater than 1, but got dropout=0.3 and num_layers=1
  warnings.warn(
  Ep 1: Train 0.5101 | Val 0.5153 | Test 0.1402
Validation loss decreased (0.515317 --> 0.515317).  Saving model ...
  Ep 2: Train 0.3282 | Val 0.3776 | Test 0.1478
Validation loss decreased (0.377567 --> 0.377567).  Saving model ...
  Ep 3: Train 0.2871 | Val 0.3450 | Test 0.1442
Validation loss decreased (0.345017 --> 0.345017).  Saving model ...
  Ep 4: Train 0.2773 | Val 0.3459 | Test 0.1244
EarlyStopping counter: 1 out of 5
  Ep 5: Train 0.2680 | Val 0.3375 | Test 0.1159
Validation loss decreased (0.337479 --> 0.337479).  Saving model ...
  Ep 6: Train 0.2615 | Val 0.3229 | Test 0.1311
Validation loss decreased (0.322903 --> 0.322903).  Saving model ...
  Ep 7: Train 0.2552 | Val 0.3391 | Test 0.1124
EarlyStopping counter: 1 out of 5
  Ep 8: Train 0.2513 | Val 0.3175 | Test 0.1096
Validation loss decreased (0.317521 --> 0.317521).  Saving model ...
  Ep 9: Train 0.2448 | Val 0.3352 | Test 0.1090
EarlyStopping counter: 1 out of 5
  Ep 10: Train 0.2385 | Val 0.3361 | Test 0.1135
EarlyStopping counter: 2 out of 5
  Ep 11: Train 0.2358 | Val 0.3418 | Test 0.1081
EarlyStopping counter: 3 out of 5
  Ep 12: Train 0.2360 | Val 0.3676 | Test 0.1067
EarlyStopping counter: 4 out of 5
  Ep 13: Train 0.2316 | Val 0.3412 | Test 0.1059
EarlyStopping counter: 5 out of 5
Early stopping triggered!
/home/sangukchoi/Stroke_SDA/sda_training.py:615: FutureWarning: You are using `torch.load` with `weights_only=False` (the current default value), which uses the default pickle module implicitly. It is possible to construct malicious pickle data which will execute arbitrary code during unpickling (See https://github.com/pytorch/pytorch/blob/main/SECURITY.md#untrusted-models for more details). In a future release, the default value for `weights_only` will be flipped to `True`. This limits the functions that could be executed during unpickling. Arbitrary objects will no longer be allowed to be loaded via this mode unless they are explicitly allowlisted by the user via `torch.serialization.add_safe_globals`. We recommend you start setting `weights_only=True` for any use case where you don't have full control of the loaded file. Please open an issue on GitHub for any issues related to this experimental feature.
  model.load_state_dict(torch.load(os.path.join(out_dir, 'best_model.pth')))
Final Test MSE (Best Model): 0.1096
Finished. Status: Success
