Starting Run on GPU 0
Time: 2025-12-24 17:30:23

[Run Start] Subject S004 | Mode ['SDA'] | Params: L3.0_LS0.3_LR0.0001_E128_D64_Dr0.3

[Fold 1 - SDA] Train: ['S004_T003', 'S004_T005'], Test: S004_T001, Norm: fixed
/home/sangukchoi/.conda/envs/torch_gpu/lib/python3.10/site-packages/torch/nn/modules/rnn.py:123: UserWarning: dropout option adds dropout after all but last recurrent layer, so non-zero dropout expects num_layers greater than 1, but got dropout=0.3 and num_layers=1
  warnings.warn(
  Ep 1: Train 0.5487 | Val 0.6795 | Test 0.1629
Validation loss decreased (0.679453 --> 0.679453).  Saving model ...
  Ep 2: Train 0.4257 | Val 0.6673 | Test 0.1420
Validation loss decreased (0.667283 --> 0.667283).  Saving model ...
  Ep 3: Train 0.3965 | Val 0.5874 | Test 0.1531
Validation loss decreased (0.587384 --> 0.587384).  Saving model ...
  Ep 4: Train 0.3759 | Val 0.5090 | Test 0.1531
Validation loss decreased (0.509042 --> 0.509042).  Saving model ...
  Ep 5: Train 0.3621 | Val 0.5063 | Test 0.1612
Validation loss decreased (0.506253 --> 0.506253).  Saving model ...
  Ep 6: Train 0.3607 | Val 0.4878 | Test 0.1436
Validation loss decreased (0.487827 --> 0.487827).  Saving model ...
  Ep 7: Train 0.3483 | Val 0.4807 | Test 0.1355
Validation loss decreased (0.480714 --> 0.480714).  Saving model ...
  Ep 8: Train 0.3376 | Val 0.4647 | Test 0.1503
Validation loss decreased (0.464700 --> 0.464700).  Saving model ...
  Ep 9: Train 0.3437 | Val 0.4878 | Test 0.1411
EarlyStopping counter: 1 out of 5
  Ep 10: Train 0.3365 | Val 0.4492 | Test 0.1282
Validation loss decreased (0.449203 --> 0.449203).  Saving model ...
  Ep 11: Train 0.3284 | Val 0.4351 | Test 0.1228
Validation loss decreased (0.435148 --> 0.435148).  Saving model ...
  Ep 12: Train 0.3270 | Val 0.4152 | Test 0.1360
Validation loss decreased (0.415186 --> 0.415186).  Saving model ...
  Ep 13: Train 0.3265 | Val 0.4624 | Test 0.1257
EarlyStopping counter: 1 out of 5
  Ep 14: Train 0.3174 | Val 0.4477 | Test 0.1144
EarlyStopping counter: 2 out of 5
  Ep 15: Train 0.3106 | Val 0.4560 | Test 0.1225
EarlyStopping counter: 3 out of 5
  Ep 16: Train 0.3023 | Val 0.4751 | Test 0.1081
EarlyStopping counter: 4 out of 5
  Ep 17: Train 0.3118 | Val 0.4306 | Test 0.1216
EarlyStopping counter: 5 out of 5
Early stopping triggered!
/home/sangukchoi/Stroke_SDA/sda_training.py:615: FutureWarning: You are using `torch.load` with `weights_only=False` (the current default value), which uses the default pickle module implicitly. It is possible to construct malicious pickle data which will execute arbitrary code during unpickling (See https://github.com/pytorch/pytorch/blob/main/SECURITY.md#untrusted-models for more details). In a future release, the default value for `weights_only` will be flipped to `True`. This limits the functions that could be executed during unpickling. Arbitrary objects will no longer be allowed to be loaded via this mode unless they are explicitly allowlisted by the user via `torch.serialization.add_safe_globals`. We recommend you start setting `weights_only=True` for any use case where you don't have full control of the loaded file. Please open an issue on GitHub for any issues related to this experimental feature.
  model.load_state_dict(torch.load(os.path.join(out_dir, 'best_model.pth')))
Final Test MSE (Best Model): 0.1360
Finished. Status: Success
