Starting Run on GPU 0
Time: 2025-12-24 17:03:40

[Run Start] Subject S004 | Mode ['SDA'] | Params: L2.5_LS0.5_LR0.0001_E128_D64_Dr0.3

[Fold 1 - SDA] Train: ['S004_T003', 'S004_T005'], Test: S004_T001, Norm: fixed
/home/sangukchoi/.conda/envs/torch_gpu/lib/python3.10/site-packages/torch/nn/modules/rnn.py:123: UserWarning: dropout option adds dropout after all but last recurrent layer, so non-zero dropout expects num_layers greater than 1, but got dropout=0.3 and num_layers=1
  warnings.warn(
  Ep 1: Train 0.5002 | Val 0.5936 | Test 0.1542
Validation loss decreased (0.593632 --> 0.593632).  Saving model ...
  Ep 2: Train 0.3757 | Val 0.5190 | Test 0.1715
Validation loss decreased (0.518994 --> 0.518994).  Saving model ...
  Ep 3: Train 0.3496 | Val 0.5057 | Test 0.1416
Validation loss decreased (0.505667 --> 0.505667).  Saving model ...
  Ep 4: Train 0.3372 | Val 0.4440 | Test 0.1555
Validation loss decreased (0.443959 --> 0.443959).  Saving model ...
  Ep 5: Train 0.3221 | Val 0.4353 | Test 0.1439
Validation loss decreased (0.435259 --> 0.435259).  Saving model ...
  Ep 6: Train 0.3161 | Val 0.4104 | Test 0.1439
Validation loss decreased (0.410398 --> 0.410398).  Saving model ...
  Ep 7: Train 0.3058 | Val 0.3979 | Test 0.1539
Validation loss decreased (0.397856 --> 0.397856).  Saving model ...
  Ep 8: Train 0.3035 | Val 0.3995 | Test 0.1429
EarlyStopping counter: 1 out of 5
  Ep 9: Train 0.2930 | Val 0.3855 | Test 0.1453
Validation loss decreased (0.385543 --> 0.385543).  Saving model ...
  Ep 10: Train 0.2901 | Val 0.3912 | Test 0.1328
EarlyStopping counter: 1 out of 5
  Ep 11: Train 0.2859 | Val 0.4255 | Test 0.1194
EarlyStopping counter: 2 out of 5
  Ep 12: Train 0.2765 | Val 0.3741 | Test 0.1290
Validation loss decreased (0.374071 --> 0.374071).  Saving model ...
  Ep 13: Train 0.2718 | Val 0.4098 | Test 0.1299
EarlyStopping counter: 1 out of 5
  Ep 14: Train 0.2674 | Val 0.3976 | Test 0.1207
EarlyStopping counter: 2 out of 5
  Ep 15: Train 0.2631 | Val 0.3977 | Test 0.1316
EarlyStopping counter: 3 out of 5
  Ep 16: Train 0.2638 | Val 0.4280 | Test 0.1203
EarlyStopping counter: 4 out of 5
  Ep 17: Train 0.2592 | Val 0.4283 | Test 0.1105
EarlyStopping counter: 5 out of 5
Early stopping triggered!
/home/sangukchoi/Stroke_SDA/sda_training.py:615: FutureWarning: You are using `torch.load` with `weights_only=False` (the current default value), which uses the default pickle module implicitly. It is possible to construct malicious pickle data which will execute arbitrary code during unpickling (See https://github.com/pytorch/pytorch/blob/main/SECURITY.md#untrusted-models for more details). In a future release, the default value for `weights_only` will be flipped to `True`. This limits the functions that could be executed during unpickling. Arbitrary objects will no longer be allowed to be loaded via this mode unless they are explicitly allowlisted by the user via `torch.serialization.add_safe_globals`. We recommend you start setting `weights_only=True` for any use case where you don't have full control of the loaded file. Please open an issue on GitHub for any issues related to this experimental feature.
  model.load_state_dict(torch.load(os.path.join(out_dir, 'best_model.pth')))
Final Test MSE (Best Model): 0.1290
Finished. Status: Success
