Starting Run on GPU 2
Time: 2025-12-24 15:58:13

[Run Start] Subject S004 | Mode ['SDA'] | Params: L1.0_LS0.7_LR0.0001_E64_D64_Dr0.3

[Fold 1 - SDA] Train: ['S004_T003', 'S004_T005'], Test: S004_T001, Norm: fixed
/home/sangukchoi/.conda/envs/torch_gpu/lib/python3.10/site-packages/torch/nn/modules/rnn.py:123: UserWarning: dropout option adds dropout after all but last recurrent layer, so non-zero dropout expects num_layers greater than 1, but got dropout=0.3 and num_layers=1
  warnings.warn(
  Ep 1: Train 0.3844 | Val 0.3257 | Test 0.1363
Validation loss decreased (0.325725 --> 0.325725).  Saving model ...
  Ep 2: Train 0.2179 | Val 0.2247 | Test 0.1251
Validation loss decreased (0.224677 --> 0.224677).  Saving model ...
  Ep 3: Train 0.1802 | Val 0.1904 | Test 0.1047
Validation loss decreased (0.190436 --> 0.190436).  Saving model ...
  Ep 4: Train 0.1697 | Val 0.1868 | Test 0.1002
Validation loss decreased (0.186844 --> 0.186844).  Saving model ...
  Ep 5: Train 0.1623 | Val 0.1909 | Test 0.0986
EarlyStopping counter: 1 out of 5
  Ep 6: Train 0.1586 | Val 0.1735 | Test 0.1026
Validation loss decreased (0.173499 --> 0.173499).  Saving model ...
  Ep 7: Train 0.1534 | Val 0.1668 | Test 0.1033
Validation loss decreased (0.166751 --> 0.166751).  Saving model ...
  Ep 8: Train 0.1549 | Val 0.1669 | Test 0.0969
EarlyStopping counter: 1 out of 5
  Ep 9: Train 0.1515 | Val 0.1822 | Test 0.1070
EarlyStopping counter: 2 out of 5
  Ep 10: Train 0.1479 | Val 0.1643 | Test 0.1219
Validation loss decreased (0.164278 --> 0.164278).  Saving model ...
  Ep 11: Train 0.1481 | Val 0.1672 | Test 0.1183
EarlyStopping counter: 1 out of 5
  Ep 12: Train 0.1469 | Val 0.1800 | Test 0.1174
EarlyStopping counter: 2 out of 5
  Ep 13: Train 0.1478 | Val 0.1653 | Test 0.1316
EarlyStopping counter: 3 out of 5
  Ep 14: Train 0.1449 | Val 0.1624 | Test 0.1168
Validation loss decreased (0.162402 --> 0.162402).  Saving model ...
  Ep 15: Train 0.1444 | Val 0.1632 | Test 0.1203
EarlyStopping counter: 1 out of 5
  Ep 16: Train 0.1438 | Val 0.1660 | Test 0.1288
EarlyStopping counter: 2 out of 5
  Ep 17: Train 0.1412 | Val 0.1764 | Test 0.1311
EarlyStopping counter: 3 out of 5
  Ep 18: Train 0.1403 | Val 0.1653 | Test 0.1394
EarlyStopping counter: 4 out of 5
  Ep 19: Train 0.1409 | Val 0.1616 | Test 0.1447
Validation loss decreased (0.161607 --> 0.161607).  Saving model ...
  Ep 20: Train 0.1399 | Val 0.1692 | Test 0.1321
EarlyStopping counter: 1 out of 5
  Ep 21: Train 0.1382 | Val 0.1730 | Test 0.1271
EarlyStopping counter: 2 out of 5
  Ep 22: Train 0.1383 | Val 0.1924 | Test 0.1371
EarlyStopping counter: 3 out of 5
  Ep 23: Train 0.1348 | Val 0.1757 | Test 0.1486
EarlyStopping counter: 4 out of 5
  Ep 24: Train 0.1335 | Val 0.1586 | Test 0.1590
Validation loss decreased (0.158621 --> 0.158621).  Saving model ...
  Ep 25: Train 0.1341 | Val 0.1669 | Test 0.1508
EarlyStopping counter: 1 out of 5
  Ep 26: Train 0.1321 | Val 0.1730 | Test 0.1298
EarlyStopping counter: 2 out of 5
  Ep 27: Train 0.1318 | Val 0.1767 | Test 0.1468
EarlyStopping counter: 3 out of 5
  Ep 28: Train 0.1311 | Val 0.1592 | Test 0.1644
EarlyStopping counter: 4 out of 5
  Ep 29: Train 0.1305 | Val 0.1668 | Test 0.1649
EarlyStopping counter: 5 out of 5
Early stopping triggered!
/home/sangukchoi/Stroke_SDA/sda_training.py:615: FutureWarning: You are using `torch.load` with `weights_only=False` (the current default value), which uses the default pickle module implicitly. It is possible to construct malicious pickle data which will execute arbitrary code during unpickling (See https://github.com/pytorch/pytorch/blob/main/SECURITY.md#untrusted-models for more details). In a future release, the default value for `weights_only` will be flipped to `True`. This limits the functions that could be executed during unpickling. Arbitrary objects will no longer be allowed to be loaded via this mode unless they are explicitly allowlisted by the user via `torch.serialization.add_safe_globals`. We recommend you start setting `weights_only=True` for any use case where you don't have full control of the loaded file. Please open an issue on GitHub for any issues related to this experimental feature.
  model.load_state_dict(torch.load(os.path.join(out_dir, 'best_model.pth')))
Final Test MSE (Best Model): 0.1590
Finished. Status: Success
