Starting Run on GPU 0
Time: 2025-12-24 16:49:59

[Run Start] Subject S004 | Mode ['SDA'] | Params: L2.5_LS0.3_LR0.0001_E64_D32_Dr0.3

[Fold 1 - SDA] Train: ['S004_T003', 'S004_T005'], Test: S004_T001, Norm: fixed
/home/sangukchoi/.conda/envs/torch_gpu/lib/python3.10/site-packages/torch/nn/modules/rnn.py:123: UserWarning: dropout option adds dropout after all but last recurrent layer, so non-zero dropout expects num_layers greater than 1, but got dropout=0.3 and num_layers=1
  warnings.warn(
  Ep 1: Train 0.4951 | Val 0.5832 | Test 0.1462
Validation loss decreased (0.583226 --> 0.583226).  Saving model ...
  Ep 2: Train 0.3965 | Val 0.5501 | Test 0.1435
Validation loss decreased (0.550095 --> 0.550095).  Saving model ...
  Ep 3: Train 0.3741 | Val 0.5121 | Test 0.1412
Validation loss decreased (0.512051 --> 0.512051).  Saving model ...
  Ep 4: Train 0.3559 | Val 0.4881 | Test 0.1399
Validation loss decreased (0.488079 --> 0.488079).  Saving model ...
  Ep 5: Train 0.3413 | Val 0.4525 | Test 0.1429
Validation loss decreased (0.452489 --> 0.452489).  Saving model ...
  Ep 6: Train 0.3322 | Val 0.4456 | Test 0.1350
Validation loss decreased (0.445598 --> 0.445598).  Saving model ...
  Ep 7: Train 0.3226 | Val 0.4722 | Test 0.1269
EarlyStopping counter: 1 out of 5
  Ep 8: Train 0.3201 | Val 0.4339 | Test 0.1381
Validation loss decreased (0.433880 --> 0.433880).  Saving model ...
  Ep 9: Train 0.3128 | Val 0.4202 | Test 0.1378
Validation loss decreased (0.420217 --> 0.420217).  Saving model ...
  Ep 10: Train 0.3072 | Val 0.3918 | Test 0.1399
Validation loss decreased (0.391848 --> 0.391848).  Saving model ...
  Ep 11: Train 0.3064 | Val 0.4036 | Test 0.1374
EarlyStopping counter: 1 out of 5
  Ep 12: Train 0.3003 | Val 0.3843 | Test 0.1404
Validation loss decreased (0.384299 --> 0.384299).  Saving model ...
  Ep 13: Train 0.3020 | Val 0.4095 | Test 0.1361
EarlyStopping counter: 1 out of 5
  Ep 14: Train 0.2948 | Val 0.3854 | Test 0.1310
EarlyStopping counter: 2 out of 5
  Ep 15: Train 0.2923 | Val 0.3798 | Test 0.1248
Validation loss decreased (0.379819 --> 0.379819).  Saving model ...
  Ep 16: Train 0.2931 | Val 0.3988 | Test 0.1214
EarlyStopping counter: 1 out of 5
  Ep 17: Train 0.2856 | Val 0.4118 | Test 0.1194
EarlyStopping counter: 2 out of 5
  Ep 18: Train 0.2815 | Val 0.3909 | Test 0.1197
EarlyStopping counter: 3 out of 5
  Ep 19: Train 0.2811 | Val 0.3999 | Test 0.1149
EarlyStopping counter: 4 out of 5
  Ep 20: Train 0.2742 | Val 0.4130 | Test 0.1166
EarlyStopping counter: 5 out of 5
Early stopping triggered!
/home/sangukchoi/Stroke_SDA/sda_training.py:615: FutureWarning: You are using `torch.load` with `weights_only=False` (the current default value), which uses the default pickle module implicitly. It is possible to construct malicious pickle data which will execute arbitrary code during unpickling (See https://github.com/pytorch/pytorch/blob/main/SECURITY.md#untrusted-models for more details). In a future release, the default value for `weights_only` will be flipped to `True`. This limits the functions that could be executed during unpickling. Arbitrary objects will no longer be allowed to be loaded via this mode unless they are explicitly allowlisted by the user via `torch.serialization.add_safe_globals`. We recommend you start setting `weights_only=True` for any use case where you don't have full control of the loaded file. Please open an issue on GitHub for any issues related to this experimental feature.
  model.load_state_dict(torch.load(os.path.join(out_dir, 'best_model.pth')))
Final Test MSE (Best Model): 0.1248
Finished. Status: Success
