Starting Run on GPU 2
Time: 2025-12-24 16:47:14

[Run Start] Subject S004 | Mode ['SDA'] | Params: L2.0_LS1.0_LR0.0001_E256_D64_Dr0.3

[Fold 1 - SDA] Train: ['S004_T003', 'S004_T005'], Test: S004_T001, Norm: fixed
/home/sangukchoi/.conda/envs/torch_gpu/lib/python3.10/site-packages/torch/nn/modules/rnn.py:123: UserWarning: dropout option adds dropout after all but last recurrent layer, so non-zero dropout expects num_layers greater than 1, but got dropout=0.3 and num_layers=1
  warnings.warn(
  Ep 1: Train 0.4311 | Val 0.4073 | Test 0.1618
Validation loss decreased (0.407317 --> 0.407317).  Saving model ...
  Ep 2: Train 0.2967 | Val 0.3693 | Test 0.1592
Validation loss decreased (0.369340 --> 0.369340).  Saving model ...
  Ep 3: Train 0.2700 | Val 0.3492 | Test 0.1237
Validation loss decreased (0.349154 --> 0.349154).  Saving model ...
  Ep 4: Train 0.2598 | Val 0.3606 | Test 0.1075
EarlyStopping counter: 1 out of 5
  Ep 5: Train 0.2548 | Val 0.3241 | Test 0.1083
Validation loss decreased (0.324114 --> 0.324114).  Saving model ...
  Ep 6: Train 0.2494 | Val 0.3616 | Test 0.1026
EarlyStopping counter: 1 out of 5
  Ep 7: Train 0.2406 | Val 0.3257 | Test 0.1176
EarlyStopping counter: 2 out of 5
  Ep 8: Train 0.2410 | Val 0.3784 | Test 0.0883
EarlyStopping counter: 3 out of 5
  Ep 9: Train 0.2315 | Val 0.3528 | Test 0.1051
EarlyStopping counter: 4 out of 5
  Ep 10: Train 0.2330 | Val 0.3586 | Test 0.0965
EarlyStopping counter: 5 out of 5
Early stopping triggered!
/home/sangukchoi/Stroke_SDA/sda_training.py:615: FutureWarning: You are using `torch.load` with `weights_only=False` (the current default value), which uses the default pickle module implicitly. It is possible to construct malicious pickle data which will execute arbitrary code during unpickling (See https://github.com/pytorch/pytorch/blob/main/SECURITY.md#untrusted-models for more details). In a future release, the default value for `weights_only` will be flipped to `True`. This limits the functions that could be executed during unpickling. Arbitrary objects will no longer be allowed to be loaded via this mode unless they are explicitly allowlisted by the user via `torch.serialization.add_safe_globals`. We recommend you start setting `weights_only=True` for any use case where you don't have full control of the loaded file. Please open an issue on GitHub for any issues related to this experimental feature.
  model.load_state_dict(torch.load(os.path.join(out_dir, 'best_model.pth')))
Final Test MSE (Best Model): 0.1083
Finished. Status: Success
