Starting Run on GPU 2
Time: 2025-12-24 17:56:54

[Run Start] Subject S004 | Mode ['SDA'] | Params: L3.0_LS0.7_LR0.0001_E256_D32_Dr0.3

[Fold 1 - SDA] Train: ['S004_T003', 'S004_T005'], Test: S004_T001, Norm: fixed
/home/sangukchoi/.conda/envs/torch_gpu/lib/python3.10/site-packages/torch/nn/modules/rnn.py:123: UserWarning: dropout option adds dropout after all but last recurrent layer, so non-zero dropout expects num_layers greater than 1, but got dropout=0.3 and num_layers=1
  warnings.warn(
  Ep 1: Train 0.5477 | Val 0.6480 | Test 0.1640
Validation loss decreased (0.648012 --> 0.648012).  Saving model ...
  Ep 2: Train 0.3902 | Val 0.4935 | Test 0.1721
Validation loss decreased (0.493541 --> 0.493541).  Saving model ...
  Ep 3: Train 0.3750 | Val 0.5052 | Test 0.1846
EarlyStopping counter: 1 out of 5
  Ep 4: Train 0.3563 | Val 0.5091 | Test 0.1449
EarlyStopping counter: 2 out of 5
  Ep 5: Train 0.3480 | Val 0.4940 | Test 0.1565
EarlyStopping counter: 3 out of 5
  Ep 6: Train 0.3386 | Val 0.4992 | Test 0.1539
EarlyStopping counter: 4 out of 5
  Ep 7: Train 0.3312 | Val 0.4948 | Test 0.1559
EarlyStopping counter: 5 out of 5
Early stopping triggered!
/home/sangukchoi/Stroke_SDA/sda_training.py:615: FutureWarning: You are using `torch.load` with `weights_only=False` (the current default value), which uses the default pickle module implicitly. It is possible to construct malicious pickle data which will execute arbitrary code during unpickling (See https://github.com/pytorch/pytorch/blob/main/SECURITY.md#untrusted-models for more details). In a future release, the default value for `weights_only` will be flipped to `True`. This limits the functions that could be executed during unpickling. Arbitrary objects will no longer be allowed to be loaded via this mode unless they are explicitly allowlisted by the user via `torch.serialization.add_safe_globals`. We recommend you start setting `weights_only=True` for any use case where you don't have full control of the loaded file. Please open an issue on GitHub for any issues related to this experimental feature.
  model.load_state_dict(torch.load(os.path.join(out_dir, 'best_model.pth')))
Final Test MSE (Best Model): 0.1721
Finished. Status: Success
