Starting Run on GPU 2
Time: 2025-12-24 17:18:11

[Run Start] Subject S004 | Mode ['SDA'] | Params: L2.5_LS1.0_LR0.0001_E64_D128_Dr0.3

[Fold 1 - SDA] Train: ['S004_T003', 'S004_T005'], Test: S004_T001, Norm: fixed
/home/sangukchoi/.conda/envs/torch_gpu/lib/python3.10/site-packages/torch/nn/modules/rnn.py:123: UserWarning: dropout option adds dropout after all but last recurrent layer, so non-zero dropout expects num_layers greater than 1, but got dropout=0.3 and num_layers=1
  warnings.warn(
  Ep 1: Train 0.6426 | Val 0.7693 | Test 0.1568
Validation loss decreased (0.769266 --> 0.769266).  Saving model ...
  Ep 2: Train 0.4765 | Val 0.6540 | Test 0.1544
Validation loss decreased (0.653997 --> 0.653997).  Saving model ...
  Ep 3: Train 0.4200 | Val 0.5582 | Test 0.1465
Validation loss decreased (0.558177 --> 0.558177).  Saving model ...
  Ep 4: Train 0.3839 | Val 0.4979 | Test 0.1613
Validation loss decreased (0.497850 --> 0.497850).  Saving model ...
  Ep 5: Train 0.3677 | Val 0.4668 | Test 0.1542
Validation loss decreased (0.466817 --> 0.466817).  Saving model ...
  Ep 6: Train 0.3589 | Val 0.4544 | Test 0.1492
Validation loss decreased (0.454356 --> 0.454356).  Saving model ...
  Ep 7: Train 0.3521 | Val 0.4500 | Test 0.1391
Validation loss decreased (0.449987 --> 0.449987).  Saving model ...
  Ep 8: Train 0.3378 | Val 0.4404 | Test 0.1379
Validation loss decreased (0.440402 --> 0.440402).  Saving model ...
  Ep 9: Train 0.3356 | Val 0.4276 | Test 0.1354
Validation loss decreased (0.427636 --> 0.427636).  Saving model ...
  Ep 10: Train 0.3234 | Val 0.4184 | Test 0.1338
Validation loss decreased (0.418382 --> 0.418382).  Saving model ...
  Ep 11: Train 0.3267 | Val 0.4109 | Test 0.1263
Validation loss decreased (0.410856 --> 0.410856).  Saving model ...
  Ep 12: Train 0.3168 | Val 0.4100 | Test 0.1205
Validation loss decreased (0.410028 --> 0.410028).  Saving model ...
  Ep 13: Train 0.3113 | Val 0.4162 | Test 0.1209
EarlyStopping counter: 1 out of 5
  Ep 14: Train 0.3021 | Val 0.4318 | Test 0.1343
EarlyStopping counter: 2 out of 5
  Ep 15: Train 0.3047 | Val 0.3945 | Test 0.1318
Validation loss decreased (0.394456 --> 0.394456).  Saving model ...
  Ep 16: Train 0.3028 | Val 0.4084 | Test 0.1253
EarlyStopping counter: 1 out of 5
  Ep 17: Train 0.2933 | Val 0.4024 | Test 0.1174
EarlyStopping counter: 2 out of 5
  Ep 18: Train 0.2904 | Val 0.4316 | Test 0.1176
EarlyStopping counter: 3 out of 5
  Ep 19: Train 0.2891 | Val 0.3844 | Test 0.1229
Validation loss decreased (0.384435 --> 0.384435).  Saving model ...
  Ep 20: Train 0.2820 | Val 0.3932 | Test 0.1111
EarlyStopping counter: 1 out of 5
  Ep 21: Train 0.2854 | Val 0.4370 | Test 0.1190
EarlyStopping counter: 2 out of 5
  Ep 22: Train 0.2847 | Val 0.4325 | Test 0.1108
EarlyStopping counter: 3 out of 5
  Ep 23: Train 0.2830 | Val 0.4013 | Test 0.1198
EarlyStopping counter: 4 out of 5
  Ep 24: Train 0.2860 | Val 0.4176 | Test 0.1042
EarlyStopping counter: 5 out of 5
Early stopping triggered!
/home/sangukchoi/Stroke_SDA/sda_training.py:615: FutureWarning: You are using `torch.load` with `weights_only=False` (the current default value), which uses the default pickle module implicitly. It is possible to construct malicious pickle data which will execute arbitrary code during unpickling (See https://github.com/pytorch/pytorch/blob/main/SECURITY.md#untrusted-models for more details). In a future release, the default value for `weights_only` will be flipped to `True`. This limits the functions that could be executed during unpickling. Arbitrary objects will no longer be allowed to be loaded via this mode unless they are explicitly allowlisted by the user via `torch.serialization.add_safe_globals`. We recommend you start setting `weights_only=True` for any use case where you don't have full control of the loaded file. Please open an issue on GitHub for any issues related to this experimental feature.
  model.load_state_dict(torch.load(os.path.join(out_dir, 'best_model.pth')))
Final Test MSE (Best Model): 0.1229
Finished. Status: Success
