Starting Run on GPU 0
Time: 2025-12-24 17:47:45

[Run Start] Subject S004 | Mode ['SDA'] | Params: L3.0_LS0.5_LR0.0001_E256_D128_Dr0.3

[Fold 1 - SDA] Train: ['S004_T003', 'S004_T005'], Test: S004_T001, Norm: fixed
/home/sangukchoi/.conda/envs/torch_gpu/lib/python3.10/site-packages/torch/nn/modules/rnn.py:123: UserWarning: dropout option adds dropout after all but last recurrent layer, so non-zero dropout expects num_layers greater than 1, but got dropout=0.3 and num_layers=1
  warnings.warn(
  Ep 1: Train 0.5230 | Val 0.7160 | Test 0.1589
Validation loss decreased (0.716033 --> 0.716033).  Saving model ...
  Ep 2: Train 0.4246 | Val 0.5785 | Test 0.1650
Validation loss decreased (0.578519 --> 0.578519).  Saving model ...
  Ep 3: Train 0.3858 | Val 0.5634 | Test 0.1480
Validation loss decreased (0.563372 --> 0.563372).  Saving model ...
  Ep 4: Train 0.3623 | Val 0.4848 | Test 0.1440
Validation loss decreased (0.484809 --> 0.484809).  Saving model ...
  Ep 5: Train 0.3469 | Val 0.4690 | Test 0.1424
Validation loss decreased (0.468972 --> 0.468972).  Saving model ...
  Ep 6: Train 0.3404 | Val 0.5207 | Test 0.1402
EarlyStopping counter: 1 out of 5
  Ep 7: Train 0.3369 | Val 0.4631 | Test 0.1264
Validation loss decreased (0.463107 --> 0.463107).  Saving model ...
  Ep 8: Train 0.3160 | Val 0.4335 | Test 0.1574
Validation loss decreased (0.433466 --> 0.433466).  Saving model ...
  Ep 9: Train 0.3213 | Val 0.5381 | Test 0.1153
EarlyStopping counter: 1 out of 5
  Ep 10: Train 0.3141 | Val 0.5009 | Test 0.1169
EarlyStopping counter: 2 out of 5
  Ep 11: Train 0.3061 | Val 0.4530 | Test 0.1202
EarlyStopping counter: 3 out of 5
  Ep 12: Train 0.3059 | Val 0.4368 | Test 0.1268
EarlyStopping counter: 4 out of 5
  Ep 13: Train 0.2965 | Val 0.5292 | Test 0.1202
EarlyStopping counter: 5 out of 5
Early stopping triggered!
/home/sangukchoi/Stroke_SDA/sda_training.py:615: FutureWarning: You are using `torch.load` with `weights_only=False` (the current default value), which uses the default pickle module implicitly. It is possible to construct malicious pickle data which will execute arbitrary code during unpickling (See https://github.com/pytorch/pytorch/blob/main/SECURITY.md#untrusted-models for more details). In a future release, the default value for `weights_only` will be flipped to `True`. This limits the functions that could be executed during unpickling. Arbitrary objects will no longer be allowed to be loaded via this mode unless they are explicitly allowlisted by the user via `torch.serialization.add_safe_globals`. We recommend you start setting `weights_only=True` for any use case where you don't have full control of the loaded file. Please open an issue on GitHub for any issues related to this experimental feature.
  model.load_state_dict(torch.load(os.path.join(out_dir, 'best_model.pth')))
Final Test MSE (Best Model): 0.1574
Finished. Status: Success
