Starting Run on GPU 2
Time: 2025-12-24 16:29:19

[Run Start] Subject S004 | Mode ['SDA'] | Params: L1.5_LS1.0_LR0.0001_E128_D128_Dr0.3

[Fold 1 - SDA] Train: ['S004_T003', 'S004_T005'], Test: S004_T001, Norm: fixed
/home/sangukchoi/.conda/envs/torch_gpu/lib/python3.10/site-packages/torch/nn/modules/rnn.py:123: UserWarning: dropout option adds dropout after all but last recurrent layer, so non-zero dropout expects num_layers greater than 1, but got dropout=0.3 and num_layers=1
  warnings.warn(
  Ep 1: Train 0.4336 | Val 0.3792 | Test 0.1416
Validation loss decreased (0.379240 --> 0.379240).  Saving model ...
  Ep 2: Train 0.2672 | Val 0.2997 | Test 0.1411
Validation loss decreased (0.299722 --> 0.299722).  Saving model ...
  Ep 3: Train 0.2366 | Val 0.2892 | Test 0.1352
Validation loss decreased (0.289239 --> 0.289239).  Saving model ...
  Ep 4: Train 0.2298 | Val 0.2687 | Test 0.1122
Validation loss decreased (0.268692 --> 0.268692).  Saving model ...
  Ep 5: Train 0.2208 | Val 0.2693 | Test 0.1014
EarlyStopping counter: 1 out of 5
  Ep 6: Train 0.2116 | Val 0.2780 | Test 0.1093
EarlyStopping counter: 2 out of 5
  Ep 7: Train 0.2109 | Val 0.2618 | Test 0.0924
Validation loss decreased (0.261784 --> 0.261784).  Saving model ...
  Ep 8: Train 0.2081 | Val 0.2828 | Test 0.1004
EarlyStopping counter: 1 out of 5
  Ep 9: Train 0.2036 | Val 0.2611 | Test 0.1004
Validation loss decreased (0.261067 --> 0.261067).  Saving model ...
  Ep 10: Train 0.2000 | Val 0.3060 | Test 0.1044
EarlyStopping counter: 1 out of 5
  Ep 11: Train 0.1993 | Val 0.2833 | Test 0.1001
EarlyStopping counter: 2 out of 5
  Ep 12: Train 0.1992 | Val 0.2710 | Test 0.0953
EarlyStopping counter: 3 out of 5
  Ep 13: Train 0.1963 | Val 0.2739 | Test 0.1054
EarlyStopping counter: 4 out of 5
  Ep 14: Train 0.1978 | Val 0.2669 | Test 0.1092
EarlyStopping counter: 5 out of 5
Early stopping triggered!
/home/sangukchoi/Stroke_SDA/sda_training.py:615: FutureWarning: You are using `torch.load` with `weights_only=False` (the current default value), which uses the default pickle module implicitly. It is possible to construct malicious pickle data which will execute arbitrary code during unpickling (See https://github.com/pytorch/pytorch/blob/main/SECURITY.md#untrusted-models for more details). In a future release, the default value for `weights_only` will be flipped to `True`. This limits the functions that could be executed during unpickling. Arbitrary objects will no longer be allowed to be loaded via this mode unless they are explicitly allowlisted by the user via `torch.serialization.add_safe_globals`. We recommend you start setting `weights_only=True` for any use case where you don't have full control of the loaded file. Please open an issue on GitHub for any issues related to this experimental feature.
  model.load_state_dict(torch.load(os.path.join(out_dir, 'best_model.pth')))
Final Test MSE (Best Model): 0.1004
Finished. Status: Success
