Starting Run on GPU 0
Time: 2025-12-24 15:31:30

[Run Start] Subject S004 | Mode ['SDA'] | Params: L0.5_LS0.7_LR0.0001_E128_D64_Dr0.3

[Fold 1 - SDA] Train: ['S004_T003', 'S004_T005'], Test: S004_T001, Norm: fixed
/home/sangukchoi/.conda/envs/torch_gpu/lib/python3.10/site-packages/torch/nn/modules/rnn.py:123: UserWarning: dropout option adds dropout after all but last recurrent layer, so non-zero dropout expects num_layers greater than 1, but got dropout=0.3 and num_layers=1
  warnings.warn(
  Ep 1: Train 0.2387 | Val 0.1526 | Test 0.1163
Validation loss decreased (0.152631 --> 0.152631).  Saving model ...
  Ep 2: Train 0.1194 | Val 0.1249 | Test 0.1069
Validation loss decreased (0.124947 --> 0.124947).  Saving model ...
  Ep 3: Train 0.1057 | Val 0.1169 | Test 0.1271
Validation loss decreased (0.116942 --> 0.116942).  Saving model ...
  Ep 4: Train 0.0962 | Val 0.1112 | Test 0.1497
Validation loss decreased (0.111183 --> 0.111183).  Saving model ...
  Ep 5: Train 0.0920 | Val 0.1163 | Test 0.1460
EarlyStopping counter: 1 out of 5
  Ep 6: Train 0.0885 | Val 0.1141 | Test 0.1258
EarlyStopping counter: 2 out of 5
  Ep 7: Train 0.0875 | Val 0.1159 | Test 0.1346
EarlyStopping counter: 3 out of 5
  Ep 8: Train 0.0848 | Val 0.1148 | Test 0.1297
EarlyStopping counter: 4 out of 5
  Ep 9: Train 0.0835 | Val 0.1056 | Test 0.1270
Validation loss decreased (0.105551 --> 0.105551).  Saving model ...
  Ep 10: Train 0.0824 | Val 0.1123 | Test 0.1340
EarlyStopping counter: 1 out of 5
  Ep 11: Train 0.0803 | Val 0.1036 | Test 0.1270
Validation loss decreased (0.103579 --> 0.103579).  Saving model ...
  Ep 12: Train 0.0791 | Val 0.1059 | Test 0.1505
EarlyStopping counter: 1 out of 5
  Ep 13: Train 0.0788 | Val 0.1096 | Test 0.1246
EarlyStopping counter: 2 out of 5
  Ep 14: Train 0.0768 | Val 0.1023 | Test 0.1434
Validation loss decreased (0.102277 --> 0.102277).  Saving model ...
  Ep 15: Train 0.0770 | Val 0.0987 | Test 0.1328
Validation loss decreased (0.098726 --> 0.098726).  Saving model ...
  Ep 16: Train 0.0755 | Val 0.1019 | Test 0.1365
EarlyStopping counter: 1 out of 5
  Ep 17: Train 0.0749 | Val 0.1005 | Test 0.1609
EarlyStopping counter: 2 out of 5
  Ep 18: Train 0.0733 | Val 0.0998 | Test 0.1396
EarlyStopping counter: 3 out of 5
  Ep 19: Train 0.0738 | Val 0.1073 | Test 0.1428
EarlyStopping counter: 4 out of 5
  Ep 20: Train 0.0717 | Val 0.0988 | Test 0.1498
EarlyStopping counter: 5 out of 5
Early stopping triggered!
/home/sangukchoi/Stroke_SDA/sda_training.py:615: FutureWarning: You are using `torch.load` with `weights_only=False` (the current default value), which uses the default pickle module implicitly. It is possible to construct malicious pickle data which will execute arbitrary code during unpickling (See https://github.com/pytorch/pytorch/blob/main/SECURITY.md#untrusted-models for more details). In a future release, the default value for `weights_only` will be flipped to `True`. This limits the functions that could be executed during unpickling. Arbitrary objects will no longer be allowed to be loaded via this mode unless they are explicitly allowlisted by the user via `torch.serialization.add_safe_globals`. We recommend you start setting `weights_only=True` for any use case where you don't have full control of the loaded file. Please open an issue on GitHub for any issues related to this experimental feature.
  model.load_state_dict(torch.load(os.path.join(out_dir, 'best_model.pth')))
Final Test MSE (Best Model): 0.1328
Finished. Status: Success
