Starting Run on GPU 0
Time: 2025-12-24 17:15:08

[Run Start] Subject S004 | Mode ['SDA'] | Params: L2.5_LS0.7_LR0.0001_E256_D64_Dr0.3

[Fold 1 - SDA] Train: ['S004_T003', 'S004_T005'], Test: S004_T001, Norm: fixed
/home/sangukchoi/.conda/envs/torch_gpu/lib/python3.10/site-packages/torch/nn/modules/rnn.py:123: UserWarning: dropout option adds dropout after all but last recurrent layer, so non-zero dropout expects num_layers greater than 1, but got dropout=0.3 and num_layers=1
  warnings.warn(
  Ep 1: Train 0.4789 | Val 0.5176 | Test 0.1511
Validation loss decreased (0.517601 --> 0.517601).  Saving model ...
  Ep 2: Train 0.3337 | Val 0.3769 | Test 0.1545
Validation loss decreased (0.376899 --> 0.376899).  Saving model ...
  Ep 3: Train 0.3138 | Val 0.4280 | Test 0.1631
EarlyStopping counter: 1 out of 5
  Ep 4: Train 0.3079 | Val 0.3997 | Test 0.1342
EarlyStopping counter: 2 out of 5
  Ep 5: Train 0.2987 | Val 0.3991 | Test 0.1315
EarlyStopping counter: 3 out of 5
  Ep 6: Train 0.2893 | Val 0.4491 | Test 0.1142
EarlyStopping counter: 4 out of 5
  Ep 7: Train 0.2824 | Val 0.4083 | Test 0.1178
EarlyStopping counter: 5 out of 5
Early stopping triggered!
/home/sangukchoi/Stroke_SDA/sda_training.py:615: FutureWarning: You are using `torch.load` with `weights_only=False` (the current default value), which uses the default pickle module implicitly. It is possible to construct malicious pickle data which will execute arbitrary code during unpickling (See https://github.com/pytorch/pytorch/blob/main/SECURITY.md#untrusted-models for more details). In a future release, the default value for `weights_only` will be flipped to `True`. This limits the functions that could be executed during unpickling. Arbitrary objects will no longer be allowed to be loaded via this mode unless they are explicitly allowlisted by the user via `torch.serialization.add_safe_globals`. We recommend you start setting `weights_only=True` for any use case where you don't have full control of the loaded file. Please open an issue on GitHub for any issues related to this experimental feature.
  model.load_state_dict(torch.load(os.path.join(out_dir, 'best_model.pth')))
Final Test MSE (Best Model): 0.1545
Finished. Status: Success
