Starting Run on GPU 3
Time: 2025-12-24 16:32:46

[Run Start] Subject S004 | Mode ['SDA'] | Params: L1.5_LS1.0_LR0.0001_E256_D128_Dr0.3

[Fold 1 - SDA] Train: ['S004_T003', 'S004_T005'], Test: S004_T001, Norm: fixed
/home/sangukchoi/.conda/envs/torch_gpu/lib/python3.10/site-packages/torch/nn/modules/rnn.py:123: UserWarning: dropout option adds dropout after all but last recurrent layer, so non-zero dropout expects num_layers greater than 1, but got dropout=0.3 and num_layers=1
  warnings.warn(
  Ep 1: Train 0.3577 | Val 0.3100 | Test 0.1606
Validation loss decreased (0.309962 --> 0.309962).  Saving model ...
  Ep 2: Train 0.2433 | Val 0.2792 | Test 0.1272
Validation loss decreased (0.279178 --> 0.279178).  Saving model ...
  Ep 3: Train 0.2251 | Val 0.2696 | Test 0.1175
Validation loss decreased (0.269613 --> 0.269613).  Saving model ...
  Ep 4: Train 0.2170 | Val 0.2707 | Test 0.1359
EarlyStopping counter: 1 out of 5
  Ep 5: Train 0.2111 | Val 0.2640 | Test 0.0990
Validation loss decreased (0.264028 --> 0.264028).  Saving model ...
  Ep 6: Train 0.1963 | Val 0.2858 | Test 0.1109
EarlyStopping counter: 1 out of 5
  Ep 7: Train 0.1953 | Val 0.2733 | Test 0.1149
EarlyStopping counter: 2 out of 5
  Ep 8: Train 0.1900 | Val 0.2850 | Test 0.1195
EarlyStopping counter: 3 out of 5
  Ep 9: Train 0.1890 | Val 0.3160 | Test 0.0965
EarlyStopping counter: 4 out of 5
  Ep 10: Train 0.1870 | Val 0.2970 | Test 0.1052
EarlyStopping counter: 5 out of 5
Early stopping triggered!
/home/sangukchoi/Stroke_SDA/sda_training.py:615: FutureWarning: You are using `torch.load` with `weights_only=False` (the current default value), which uses the default pickle module implicitly. It is possible to construct malicious pickle data which will execute arbitrary code during unpickling (See https://github.com/pytorch/pytorch/blob/main/SECURITY.md#untrusted-models for more details). In a future release, the default value for `weights_only` will be flipped to `True`. This limits the functions that could be executed during unpickling. Arbitrary objects will no longer be allowed to be loaded via this mode unless they are explicitly allowlisted by the user via `torch.serialization.add_safe_globals`. We recommend you start setting `weights_only=True` for any use case where you don't have full control of the loaded file. Please open an issue on GitHub for any issues related to this experimental feature.
  model.load_state_dict(torch.load(os.path.join(out_dir, 'best_model.pth')))
Final Test MSE (Best Model): 0.0990
Finished. Status: Success
