Starting Run on GPU 2
Time: 2025-12-24 17:40:05

[Run Start] Subject S004 | Mode ['SDA'] | Params: L3.0_LS0.5_LR0.0001_E128_D32_Dr0.3

[Fold 1 - SDA] Train: ['S004_T003', 'S004_T005'], Test: S004_T001, Norm: fixed
/home/sangukchoi/.conda/envs/torch_gpu/lib/python3.10/site-packages/torch/nn/modules/rnn.py:123: UserWarning: dropout option adds dropout after all but last recurrent layer, so non-zero dropout expects num_layers greater than 1, but got dropout=0.3 and num_layers=1
  warnings.warn(
  Ep 1: Train 0.5904 | Val 0.7167 | Test 0.1597
Validation loss decreased (0.716735 --> 0.716735).  Saving model ...
  Ep 2: Train 0.4181 | Val 0.5591 | Test 0.1501
Validation loss decreased (0.559112 --> 0.559112).  Saving model ...
  Ep 3: Train 0.3666 | Val 0.4614 | Test 0.1559
Validation loss decreased (0.461350 --> 0.461350).  Saving model ...
  Ep 4: Train 0.3611 | Val 0.4662 | Test 0.1549
EarlyStopping counter: 1 out of 5
  Ep 5: Train 0.3410 | Val 0.4556 | Test 0.1430
Validation loss decreased (0.455588 --> 0.455588).  Saving model ...
  Ep 6: Train 0.3392 | Val 0.4544 | Test 0.1475
Validation loss decreased (0.454350 --> 0.454350).  Saving model ...
  Ep 7: Train 0.3248 | Val 0.4700 | Test 0.1424
EarlyStopping counter: 1 out of 5
  Ep 8: Train 0.3316 | Val 0.4968 | Test 0.1311
EarlyStopping counter: 2 out of 5
  Ep 9: Train 0.3170 | Val 0.4479 | Test 0.1518
Validation loss decreased (0.447854 --> 0.447854).  Saving model ...
  Ep 10: Train 0.3204 | Val 0.4346 | Test 0.1334
Validation loss decreased (0.434626 --> 0.434626).  Saving model ...
  Ep 11: Train 0.3088 | Val 0.4651 | Test 0.1230
EarlyStopping counter: 1 out of 5
  Ep 12: Train 0.3172 | Val 0.4599 | Test 0.1430
EarlyStopping counter: 2 out of 5
  Ep 13: Train 0.3130 | Val 0.4826 | Test 0.1070
EarlyStopping counter: 3 out of 5
  Ep 14: Train 0.3066 | Val 0.4602 | Test 0.1006
EarlyStopping counter: 4 out of 5
  Ep 15: Train 0.3041 | Val 0.5096 | Test 0.1035
EarlyStopping counter: 5 out of 5
Early stopping triggered!
/home/sangukchoi/Stroke_SDA/sda_training.py:615: FutureWarning: You are using `torch.load` with `weights_only=False` (the current default value), which uses the default pickle module implicitly. It is possible to construct malicious pickle data which will execute arbitrary code during unpickling (See https://github.com/pytorch/pytorch/blob/main/SECURITY.md#untrusted-models for more details). In a future release, the default value for `weights_only` will be flipped to `True`. This limits the functions that could be executed during unpickling. Arbitrary objects will no longer be allowed to be loaded via this mode unless they are explicitly allowlisted by the user via `torch.serialization.add_safe_globals`. We recommend you start setting `weights_only=True` for any use case where you don't have full control of the loaded file. Please open an issue on GitHub for any issues related to this experimental feature.
  model.load_state_dict(torch.load(os.path.join(out_dir, 'best_model.pth')))
Final Test MSE (Best Model): 0.1334
Finished. Status: Success
