Starting Run on GPU 3
Time: 2025-12-24 15:27:27

[Run Start] Subject S004 | Mode ['SDA'] | Params: L0.5_LS0.7_LR0.0001_E64_D32_Dr0.3

[Fold 1 - SDA] Train: ['S004_T003', 'S004_T005'], Test: S004_T001, Norm: fixed
/home/sangukchoi/.conda/envs/torch_gpu/lib/python3.10/site-packages/torch/nn/modules/rnn.py:123: UserWarning: dropout option adds dropout after all but last recurrent layer, so non-zero dropout expects num_layers greater than 1, but got dropout=0.3 and num_layers=1
  warnings.warn(
  Ep 1: Train 0.3029 | Val 0.1764 | Test 0.1428
Validation loss decreased (0.176366 --> 0.176366).  Saving model ...
  Ep 2: Train 0.1429 | Val 0.1381 | Test 0.1598
Validation loss decreased (0.138083 --> 0.138083).  Saving model ...
  Ep 3: Train 0.1162 | Val 0.1180 | Test 0.1397
Validation loss decreased (0.117950 --> 0.117950).  Saving model ...
  Ep 4: Train 0.1045 | Val 0.1186 | Test 0.1299
EarlyStopping counter: 1 out of 5
  Ep 5: Train 0.1010 | Val 0.1026 | Test 0.1300
Validation loss decreased (0.102604 --> 0.102604).  Saving model ...
  Ep 6: Train 0.0967 | Val 0.1057 | Test 0.1266
EarlyStopping counter: 1 out of 5
  Ep 7: Train 0.0922 | Val 0.0948 | Test 0.1342
Validation loss decreased (0.094824 --> 0.094824).  Saving model ...
  Ep 8: Train 0.0913 | Val 0.0940 | Test 0.1408
Validation loss decreased (0.093973 --> 0.093973).  Saving model ...
  Ep 9: Train 0.0888 | Val 0.0956 | Test 0.1321
EarlyStopping counter: 1 out of 5
  Ep 10: Train 0.0885 | Val 0.0946 | Test 0.1527
EarlyStopping counter: 2 out of 5
  Ep 11: Train 0.0872 | Val 0.0936 | Test 0.1535
EarlyStopping counter: 3 out of 5
  Ep 12: Train 0.0857 | Val 0.0941 | Test 0.1710
EarlyStopping counter: 4 out of 5
  Ep 13: Train 0.0851 | Val 0.0939 | Test 0.1762
EarlyStopping counter: 5 out of 5
Early stopping triggered!
/home/sangukchoi/Stroke_SDA/sda_training.py:615: FutureWarning: You are using `torch.load` with `weights_only=False` (the current default value), which uses the default pickle module implicitly. It is possible to construct malicious pickle data which will execute arbitrary code during unpickling (See https://github.com/pytorch/pytorch/blob/main/SECURITY.md#untrusted-models for more details). In a future release, the default value for `weights_only` will be flipped to `True`. This limits the functions that could be executed during unpickling. Arbitrary objects will no longer be allowed to be loaded via this mode unless they are explicitly allowlisted by the user via `torch.serialization.add_safe_globals`. We recommend you start setting `weights_only=True` for any use case where you don't have full control of the loaded file. Please open an issue on GitHub for any issues related to this experimental feature.
  model.load_state_dict(torch.load(os.path.join(out_dir, 'best_model.pth')))
Final Test MSE (Best Model): 0.1408
Finished. Status: Success
