Starting Run on GPU 1
Time: 2025-12-24 16:32:56

[Run Start] Subject S004 | Mode ['SDA'] | Params: L2.0_LS0.7_LR0.0001_E64_D128_Dr0.3

[Fold 1 - SDA] Train: ['S004_T003', 'S004_T005'], Test: S004_T001, Norm: fixed
/home/sangukchoi/.conda/envs/torch_gpu/lib/python3.10/site-packages/torch/nn/modules/rnn.py:123: UserWarning: dropout option adds dropout after all but last recurrent layer, so non-zero dropout expects num_layers greater than 1, but got dropout=0.3 and num_layers=1
  warnings.warn(
  Ep 1: Train 0.5163 | Val 0.5758 | Test 0.1326
Validation loss decreased (0.575794 --> 0.575794).  Saving model ...
  Ep 2: Train 0.3651 | Val 0.4951 | Test 0.1371
Validation loss decreased (0.495080 --> 0.495080).  Saving model ...
  Ep 3: Train 0.3145 | Val 0.4330 | Test 0.1317
Validation loss decreased (0.433027 --> 0.433027).  Saving model ...
  Ep 4: Train 0.2945 | Val 0.3975 | Test 0.1228
Validation loss decreased (0.397541 --> 0.397541).  Saving model ...
  Ep 5: Train 0.2816 | Val 0.3673 | Test 0.1244
Validation loss decreased (0.367347 --> 0.367347).  Saving model ...
  Ep 6: Train 0.2752 | Val 0.3668 | Test 0.1269
Validation loss decreased (0.366822 --> 0.366822).  Saving model ...
  Ep 7: Train 0.2707 | Val 0.3778 | Test 0.1205
EarlyStopping counter: 1 out of 5
  Ep 8: Train 0.2697 | Val 0.3521 | Test 0.1259
Validation loss decreased (0.352052 --> 0.352052).  Saving model ...
  Ep 9: Train 0.2674 | Val 0.3544 | Test 0.1308
EarlyStopping counter: 1 out of 5
  Ep 10: Train 0.2622 | Val 0.3586 | Test 0.1174
EarlyStopping counter: 2 out of 5
  Ep 11: Train 0.2601 | Val 0.3440 | Test 0.1176
Validation loss decreased (0.344021 --> 0.344021).  Saving model ...
  Ep 12: Train 0.2582 | Val 0.3461 | Test 0.1135
EarlyStopping counter: 1 out of 5
  Ep 13: Train 0.2546 | Val 0.3321 | Test 0.1218
Validation loss decreased (0.332054 --> 0.332054).  Saving model ...
  Ep 14: Train 0.2511 | Val 0.3411 | Test 0.1157
EarlyStopping counter: 1 out of 5
  Ep 15: Train 0.2514 | Val 0.3296 | Test 0.1224
Validation loss decreased (0.329589 --> 0.329589).  Saving model ...
  Ep 16: Train 0.2451 | Val 0.3401 | Test 0.1200
EarlyStopping counter: 1 out of 5
  Ep 17: Train 0.2439 | Val 0.3536 | Test 0.1166
EarlyStopping counter: 2 out of 5
  Ep 18: Train 0.2402 | Val 0.3581 | Test 0.1167
EarlyStopping counter: 3 out of 5
  Ep 19: Train 0.2398 | Val 0.3576 | Test 0.1204
EarlyStopping counter: 4 out of 5
  Ep 20: Train 0.2368 | Val 0.3358 | Test 0.1276
EarlyStopping counter: 5 out of 5
Early stopping triggered!
/home/sangukchoi/Stroke_SDA/sda_training.py:615: FutureWarning: You are using `torch.load` with `weights_only=False` (the current default value), which uses the default pickle module implicitly. It is possible to construct malicious pickle data which will execute arbitrary code during unpickling (See https://github.com/pytorch/pytorch/blob/main/SECURITY.md#untrusted-models for more details). In a future release, the default value for `weights_only` will be flipped to `True`. This limits the functions that could be executed during unpickling. Arbitrary objects will no longer be allowed to be loaded via this mode unless they are explicitly allowlisted by the user via `torch.serialization.add_safe_globals`. We recommend you start setting `weights_only=True` for any use case where you don't have full control of the loaded file. Please open an issue on GitHub for any issues related to this experimental feature.
  model.load_state_dict(torch.load(os.path.join(out_dir, 'best_model.pth')))
Final Test MSE (Best Model): 0.1224
Finished. Status: Success
