Starting Run on GPU 3
Time: 2025-12-24 17:53:57

[Run Start] Subject S004 | Mode ['SDA'] | Params: L3.0_LS0.7_LR0.0001_E128_D32_Dr0.3

[Fold 1 - SDA] Train: ['S004_T003', 'S004_T005'], Test: S004_T001, Norm: fixed
/home/sangukchoi/.conda/envs/torch_gpu/lib/python3.10/site-packages/torch/nn/modules/rnn.py:123: UserWarning: dropout option adds dropout after all but last recurrent layer, so non-zero dropout expects num_layers greater than 1, but got dropout=0.3 and num_layers=1
  warnings.warn(
  Ep 1: Train 0.6196 | Val 0.7718 | Test 0.1460
Validation loss decreased (0.771821 --> 0.771821).  Saving model ...
  Ep 2: Train 0.4388 | Val 0.5830 | Test 0.1692
Validation loss decreased (0.583030 --> 0.583030).  Saving model ...
  Ep 3: Train 0.4015 | Val 0.4873 | Test 0.1709
Validation loss decreased (0.487312 --> 0.487312).  Saving model ...
  Ep 4: Train 0.3700 | Val 0.4466 | Test 0.1621
Validation loss decreased (0.446587 --> 0.446587).  Saving model ...
  Ep 5: Train 0.3634 | Val 0.4565 | Test 0.1568
EarlyStopping counter: 1 out of 5
  Ep 6: Train 0.3496 | Val 0.4640 | Test 0.1467
EarlyStopping counter: 2 out of 5
  Ep 7: Train 0.3470 | Val 0.4617 | Test 0.1347
EarlyStopping counter: 3 out of 5
  Ep 8: Train 0.3439 | Val 0.4382 | Test 0.1310
Validation loss decreased (0.438220 --> 0.438220).  Saving model ...
  Ep 9: Train 0.3390 | Val 0.4839 | Test 0.1174
EarlyStopping counter: 1 out of 5
  Ep 10: Train 0.3361 | Val 0.4815 | Test 0.1256
EarlyStopping counter: 2 out of 5
  Ep 11: Train 0.3293 | Val 0.4843 | Test 0.1318
EarlyStopping counter: 3 out of 5
  Ep 12: Train 0.3216 | Val 0.4700 | Test 0.1391
EarlyStopping counter: 4 out of 5
  Ep 13: Train 0.3211 | Val 0.4619 | Test 0.1265
EarlyStopping counter: 5 out of 5
Early stopping triggered!
/home/sangukchoi/Stroke_SDA/sda_training.py:615: FutureWarning: You are using `torch.load` with `weights_only=False` (the current default value), which uses the default pickle module implicitly. It is possible to construct malicious pickle data which will execute arbitrary code during unpickling (See https://github.com/pytorch/pytorch/blob/main/SECURITY.md#untrusted-models for more details). In a future release, the default value for `weights_only` will be flipped to `True`. This limits the functions that could be executed during unpickling. Arbitrary objects will no longer be allowed to be loaded via this mode unless they are explicitly allowlisted by the user via `torch.serialization.add_safe_globals`. We recommend you start setting `weights_only=True` for any use case where you don't have full control of the loaded file. Please open an issue on GitHub for any issues related to this experimental feature.
  model.load_state_dict(torch.load(os.path.join(out_dir, 'best_model.pth')))
Final Test MSE (Best Model): 0.1310
Finished. Status: Success
