Starting Run on GPU 3
Time: 2025-12-24 16:20:02

[Run Start] Subject S004 | Mode ['SDA'] | Params: L1.5_LS0.7_LR0.0001_E128_D128_Dr0.3

[Fold 1 - SDA] Train: ['S004_T003', 'S004_T005'], Test: S004_T001, Norm: fixed
/home/sangukchoi/.conda/envs/torch_gpu/lib/python3.10/site-packages/torch/nn/modules/rnn.py:123: UserWarning: dropout option adds dropout after all but last recurrent layer, so non-zero dropout expects num_layers greater than 1, but got dropout=0.3 and num_layers=1
  warnings.warn(
  Ep 1: Train 0.3831 | Val 0.4007 | Test 0.1374
Validation loss decreased (0.400674 --> 0.400674).  Saving model ...
  Ep 2: Train 0.2438 | Val 0.2746 | Test 0.1399
Validation loss decreased (0.274553 --> 0.274553).  Saving model ...
  Ep 3: Train 0.2135 | Val 0.2672 | Test 0.1150
Validation loss decreased (0.267249 --> 0.267249).  Saving model ...
  Ep 4: Train 0.2013 | Val 0.2776 | Test 0.1053
EarlyStopping counter: 1 out of 5
  Ep 5: Train 0.2005 | Val 0.2645 | Test 0.0930
Validation loss decreased (0.264518 --> 0.264518).  Saving model ...
  Ep 6: Train 0.1929 | Val 0.2634 | Test 0.0985
Validation loss decreased (0.263383 --> 0.263383).  Saving model ...
  Ep 7: Train 0.1904 | Val 0.2694 | Test 0.0963
EarlyStopping counter: 1 out of 5
  Ep 8: Train 0.1882 | Val 0.2630 | Test 0.0832
EarlyStopping counter: 2 out of 5
  Ep 9: Train 0.1847 | Val 0.2971 | Test 0.1107
EarlyStopping counter: 3 out of 5
  Ep 10: Train 0.1864 | Val 0.2735 | Test 0.0936
EarlyStopping counter: 4 out of 5
  Ep 11: Train 0.1807 | Val 0.2845 | Test 0.0865
EarlyStopping counter: 5 out of 5
Early stopping triggered!
/home/sangukchoi/Stroke_SDA/sda_training.py:615: FutureWarning: You are using `torch.load` with `weights_only=False` (the current default value), which uses the default pickle module implicitly. It is possible to construct malicious pickle data which will execute arbitrary code during unpickling (See https://github.com/pytorch/pytorch/blob/main/SECURITY.md#untrusted-models for more details). In a future release, the default value for `weights_only` will be flipped to `True`. This limits the functions that could be executed during unpickling. Arbitrary objects will no longer be allowed to be loaded via this mode unless they are explicitly allowlisted by the user via `torch.serialization.add_safe_globals`. We recommend you start setting `weights_only=True` for any use case where you don't have full control of the loaded file. Please open an issue on GitHub for any issues related to this experimental feature.
  model.load_state_dict(torch.load(os.path.join(out_dir, 'best_model.pth')))
Final Test MSE (Best Model): 0.0985
Finished. Status: Success
