Starting Run on GPU 0
Time: 2025-12-24 16:06:00

[Run Start] Subject S004 | Mode ['SDA'] | Params: L1.0_LS0.7_LR0.0001_E256_D64_Dr0.3

[Fold 1 - SDA] Train: ['S004_T003', 'S004_T005'], Test: S004_T001, Norm: fixed
/home/sangukchoi/.conda/envs/torch_gpu/lib/python3.10/site-packages/torch/nn/modules/rnn.py:123: UserWarning: dropout option adds dropout after all but last recurrent layer, so non-zero dropout expects num_layers greater than 1, but got dropout=0.3 and num_layers=1
  warnings.warn(
  Ep 1: Train 0.2637 | Val 0.2156 | Test 0.1404
Validation loss decreased (0.215624 --> 0.215624).  Saving model ...
  Ep 2: Train 0.1718 | Val 0.2159 | Test 0.1258
EarlyStopping counter: 1 out of 5
  Ep 3: Train 0.1553 | Val 0.2093 | Test 0.1123
Validation loss decreased (0.209285 --> 0.209285).  Saving model ...
  Ep 4: Train 0.1494 | Val 0.1988 | Test 0.1262
Validation loss decreased (0.198834 --> 0.198834).  Saving model ...
  Ep 5: Train 0.1408 | Val 0.1932 | Test 0.1173
Validation loss decreased (0.193239 --> 0.193239).  Saving model ...
  Ep 6: Train 0.1380 | Val 0.2048 | Test 0.1378
EarlyStopping counter: 1 out of 5
  Ep 7: Train 0.1320 | Val 0.2019 | Test 0.1432
EarlyStopping counter: 2 out of 5
  Ep 8: Train 0.1274 | Val 0.1908 | Test 0.1584
Validation loss decreased (0.190752 --> 0.190752).  Saving model ...
  Ep 9: Train 0.1265 | Val 0.1978 | Test 0.1616
EarlyStopping counter: 1 out of 5
  Ep 10: Train 0.1227 | Val 0.2053 | Test 0.1497
EarlyStopping counter: 2 out of 5
  Ep 11: Train 0.1215 | Val 0.1983 | Test 0.1567
EarlyStopping counter: 3 out of 5
  Ep 12: Train 0.1235 | Val 0.1924 | Test 0.1295
EarlyStopping counter: 4 out of 5
  Ep 13: Train 0.1178 | Val 0.1935 | Test 0.1557
EarlyStopping counter: 5 out of 5
Early stopping triggered!
/home/sangukchoi/Stroke_SDA/sda_training.py:615: FutureWarning: You are using `torch.load` with `weights_only=False` (the current default value), which uses the default pickle module implicitly. It is possible to construct malicious pickle data which will execute arbitrary code during unpickling (See https://github.com/pytorch/pytorch/blob/main/SECURITY.md#untrusted-models for more details). In a future release, the default value for `weights_only` will be flipped to `True`. This limits the functions that could be executed during unpickling. Arbitrary objects will no longer be allowed to be loaded via this mode unless they are explicitly allowlisted by the user via `torch.serialization.add_safe_globals`. We recommend you start setting `weights_only=True` for any use case where you don't have full control of the loaded file. Please open an issue on GitHub for any issues related to this experimental feature.
  model.load_state_dict(torch.load(os.path.join(out_dir, 'best_model.pth')))
Final Test MSE (Best Model): 0.1584
Finished. Status: Success
