Starting Run on GPU 0
Time: 2025-12-24 17:25:05

[Run Start] Subject S004 | Mode ['SDA'] | Params: L3.0_LS0.3_LR0.0001_E64_D32_Dr0.3

[Fold 1 - SDA] Train: ['S004_T003', 'S004_T005'], Test: S004_T001, Norm: fixed
/home/sangukchoi/.conda/envs/torch_gpu/lib/python3.10/site-packages/torch/nn/modules/rnn.py:123: UserWarning: dropout option adds dropout after all but last recurrent layer, so non-zero dropout expects num_layers greater than 1, but got dropout=0.3 and num_layers=1
  warnings.warn(
  Ep 1: Train 0.6152 | Val 0.7167 | Test 0.1719
Validation loss decreased (0.716669 --> 0.716669).  Saving model ...
  Ep 2: Train 0.4572 | Val 0.6720 | Test 0.1598
Validation loss decreased (0.672009 --> 0.672009).  Saving model ...
  Ep 3: Train 0.4308 | Val 0.6758 | Test 0.1583
EarlyStopping counter: 1 out of 5
  Ep 4: Train 0.4003 | Val 0.6056 | Test 0.1525
Validation loss decreased (0.605579 --> 0.605579).  Saving model ...
  Ep 5: Train 0.3922 | Val 0.6408 | Test 0.1551
EarlyStopping counter: 1 out of 5
  Ep 6: Train 0.3836 | Val 0.5693 | Test 0.1489
Validation loss decreased (0.569322 --> 0.569322).  Saving model ...
  Ep 7: Train 0.3775 | Val 0.5604 | Test 0.1450
Validation loss decreased (0.560401 --> 0.560401).  Saving model ...
  Ep 8: Train 0.3646 | Val 0.5160 | Test 0.1545
Validation loss decreased (0.515955 --> 0.515955).  Saving model ...
  Ep 9: Train 0.3605 | Val 0.5224 | Test 0.1428
EarlyStopping counter: 1 out of 5
  Ep 10: Train 0.3505 | Val 0.4846 | Test 0.1475
Validation loss decreased (0.484642 --> 0.484642).  Saving model ...
  Ep 11: Train 0.3500 | Val 0.4544 | Test 0.1517
Validation loss decreased (0.454356 --> 0.454356).  Saving model ...
  Ep 12: Train 0.3388 | Val 0.4391 | Test 0.1483
Validation loss decreased (0.439129 --> 0.439129).  Saving model ...
  Ep 13: Train 0.3313 | Val 0.4508 | Test 0.1516
EarlyStopping counter: 1 out of 5
  Ep 14: Train 0.3304 | Val 0.4739 | Test 0.1467
EarlyStopping counter: 2 out of 5
  Ep 15: Train 0.3243 | Val 0.4299 | Test 0.1400
Validation loss decreased (0.429911 --> 0.429911).  Saving model ...
  Ep 16: Train 0.3269 | Val 0.4464 | Test 0.1412
EarlyStopping counter: 1 out of 5
  Ep 17: Train 0.3180 | Val 0.4438 | Test 0.1460
EarlyStopping counter: 2 out of 5
  Ep 18: Train 0.3166 | Val 0.4341 | Test 0.1585
EarlyStopping counter: 3 out of 5
  Ep 19: Train 0.3111 | Val 0.4402 | Test 0.1541
EarlyStopping counter: 4 out of 5
  Ep 20: Train 0.3176 | Val 0.4465 | Test 0.1478
EarlyStopping counter: 5 out of 5
Early stopping triggered!
/home/sangukchoi/Stroke_SDA/sda_training.py:615: FutureWarning: You are using `torch.load` with `weights_only=False` (the current default value), which uses the default pickle module implicitly. It is possible to construct malicious pickle data which will execute arbitrary code during unpickling (See https://github.com/pytorch/pytorch/blob/main/SECURITY.md#untrusted-models for more details). In a future release, the default value for `weights_only` will be flipped to `True`. This limits the functions that could be executed during unpickling. Arbitrary objects will no longer be allowed to be loaded via this mode unless they are explicitly allowlisted by the user via `torch.serialization.add_safe_globals`. We recommend you start setting `weights_only=True` for any use case where you don't have full control of the loaded file. Please open an issue on GitHub for any issues related to this experimental feature.
  model.load_state_dict(torch.load(os.path.join(out_dir, 'best_model.pth')))
Final Test MSE (Best Model): 0.1400
Finished. Status: Success
