Starting Run on GPU 1
Time: 2025-12-24 16:38:34

[Run Start] Subject S004 | Mode ['SDA'] | Params: L2.0_LS0.7_LR0.0001_E256_D32_Dr0.3

[Fold 1 - SDA] Train: ['S004_T003', 'S004_T005'], Test: S004_T001, Norm: fixed
/home/sangukchoi/.conda/envs/torch_gpu/lib/python3.10/site-packages/torch/nn/modules/rnn.py:123: UserWarning: dropout option adds dropout after all but last recurrent layer, so non-zero dropout expects num_layers greater than 1, but got dropout=0.3 and num_layers=1
  warnings.warn(
  Ep 1: Train 0.4062 | Val 0.3960 | Test 0.2093
Validation loss decreased (0.396049 --> 0.396049).  Saving model ...
  Ep 2: Train 0.2770 | Val 0.3740 | Test 0.1769
Validation loss decreased (0.374003 --> 0.374003).  Saving model ...
  Ep 3: Train 0.2591 | Val 0.3271 | Test 0.1696
Validation loss decreased (0.327066 --> 0.327066).  Saving model ...
  Ep 4: Train 0.2468 | Val 0.3301 | Test 0.1359
EarlyStopping counter: 1 out of 5
  Ep 5: Train 0.2434 | Val 0.3303 | Test 0.1372
EarlyStopping counter: 2 out of 5
  Ep 6: Train 0.2393 | Val 0.3467 | Test 0.1040
EarlyStopping counter: 3 out of 5
  Ep 7: Train 0.2307 | Val 0.3655 | Test 0.1109
EarlyStopping counter: 4 out of 5
  Ep 8: Train 0.2258 | Val 0.3578 | Test 0.1295
EarlyStopping counter: 5 out of 5
Early stopping triggered!
/home/sangukchoi/Stroke_SDA/sda_training.py:615: FutureWarning: You are using `torch.load` with `weights_only=False` (the current default value), which uses the default pickle module implicitly. It is possible to construct malicious pickle data which will execute arbitrary code during unpickling (See https://github.com/pytorch/pytorch/blob/main/SECURITY.md#untrusted-models for more details). In a future release, the default value for `weights_only` will be flipped to `True`. This limits the functions that could be executed during unpickling. Arbitrary objects will no longer be allowed to be loaded via this mode unless they are explicitly allowlisted by the user via `torch.serialization.add_safe_globals`. We recommend you start setting `weights_only=True` for any use case where you don't have full control of the loaded file. Please open an issue on GitHub for any issues related to this experimental feature.
  model.load_state_dict(torch.load(os.path.join(out_dir, 'best_model.pth')))
Final Test MSE (Best Model): 0.1696
Finished. Status: Success
