Starting Run on GPU 1
Time: 2025-12-24 16:24:59

[Run Start] Subject S004 | Mode ['SDA'] | Params: L1.5_LS1.0_LR0.0001_E64_D32_Dr0.3

[Fold 1 - SDA] Train: ['S004_T003', 'S004_T005'], Test: S004_T001, Norm: fixed
/home/sangukchoi/.conda/envs/torch_gpu/lib/python3.10/site-packages/torch/nn/modules/rnn.py:123: UserWarning: dropout option adds dropout after all but last recurrent layer, so non-zero dropout expects num_layers greater than 1, but got dropout=0.3 and num_layers=1
  warnings.warn(
  Ep 1: Train 0.6048 | Val 0.4626 | Test 0.1468
Validation loss decreased (0.462590 --> 0.462590).  Saving model ...
  Ep 2: Train 0.3092 | Val 0.3130 | Test 0.1370
Validation loss decreased (0.313029 --> 0.313029).  Saving model ...
  Ep 3: Train 0.2517 | Val 0.2921 | Test 0.1424
Validation loss decreased (0.292119 --> 0.292119).  Saving model ...
  Ep 4: Train 0.2338 | Val 0.2728 | Test 0.1192
Validation loss decreased (0.272766 --> 0.272766).  Saving model ...
  Ep 5: Train 0.2273 | Val 0.2757 | Test 0.1226
EarlyStopping counter: 1 out of 5
  Ep 6: Train 0.2209 | Val 0.2463 | Test 0.1002
Validation loss decreased (0.246349 --> 0.246349).  Saving model ...
  Ep 7: Train 0.2184 | Val 0.2645 | Test 0.1092
EarlyStopping counter: 1 out of 5
  Ep 8: Train 0.2113 | Val 0.2468 | Test 0.1053
EarlyStopping counter: 2 out of 5
  Ep 9: Train 0.2116 | Val 0.2414 | Test 0.0999
Validation loss decreased (0.241404 --> 0.241404).  Saving model ...
  Ep 10: Train 0.2100 | Val 0.2383 | Test 0.0968
Validation loss decreased (0.238319 --> 0.238319).  Saving model ...
  Ep 11: Train 0.2076 | Val 0.2384 | Test 0.0925
EarlyStopping counter: 1 out of 5
  Ep 12: Train 0.2049 | Val 0.2454 | Test 0.1029
EarlyStopping counter: 2 out of 5
  Ep 13: Train 0.2028 | Val 0.2545 | Test 0.0990
EarlyStopping counter: 3 out of 5
  Ep 14: Train 0.1985 | Val 0.2436 | Test 0.1143
EarlyStopping counter: 4 out of 5
  Ep 15: Train 0.2008 | Val 0.2343 | Test 0.1111
Validation loss decreased (0.234348 --> 0.234348).  Saving model ...
  Ep 16: Train 0.1989 | Val 0.2519 | Test 0.1070
EarlyStopping counter: 1 out of 5
  Ep 17: Train 0.1964 | Val 0.2639 | Test 0.1039
EarlyStopping counter: 2 out of 5
  Ep 18: Train 0.1952 | Val 0.2764 | Test 0.1073
EarlyStopping counter: 3 out of 5
  Ep 19: Train 0.1950 | Val 0.2546 | Test 0.1200
EarlyStopping counter: 4 out of 5
  Ep 20: Train 0.1917 | Val 0.2560 | Test 0.1122
EarlyStopping counter: 5 out of 5
Early stopping triggered!
/home/sangukchoi/Stroke_SDA/sda_training.py:615: FutureWarning: You are using `torch.load` with `weights_only=False` (the current default value), which uses the default pickle module implicitly. It is possible to construct malicious pickle data which will execute arbitrary code during unpickling (See https://github.com/pytorch/pytorch/blob/main/SECURITY.md#untrusted-models for more details). In a future release, the default value for `weights_only` will be flipped to `True`. This limits the functions that could be executed during unpickling. Arbitrary objects will no longer be allowed to be loaded via this mode unless they are explicitly allowlisted by the user via `torch.serialization.add_safe_globals`. We recommend you start setting `weights_only=True` for any use case where you don't have full control of the loaded file. Please open an issue on GitHub for any issues related to this experimental feature.
  model.load_state_dict(torch.load(os.path.join(out_dir, 'best_model.pth')))
Final Test MSE (Best Model): 0.1111
Finished. Status: Success
