Starting Run on GPU 3
Time: 2025-12-24 16:12:53

[Run Start] Subject S004 | Mode ['SDA'] | Params: L1.0_LS1.0_LR0.0001_E128_D128_Dr0.3

[Fold 1 - SDA] Train: ['S004_T003', 'S004_T005'], Test: S004_T001, Norm: fixed
/home/sangukchoi/.conda/envs/torch_gpu/lib/python3.10/site-packages/torch/nn/modules/rnn.py:123: UserWarning: dropout option adds dropout after all but last recurrent layer, so non-zero dropout expects num_layers greater than 1, but got dropout=0.3 and num_layers=1
  warnings.warn(
  Ep 1: Train 0.3380 | Val 0.2631 | Test 0.1459
Validation loss decreased (0.263057 --> 0.263057).  Saving model ...
  Ep 2: Train 0.1992 | Val 0.2072 | Test 0.1315
Validation loss decreased (0.207206 --> 0.207206).  Saving model ...
  Ep 3: Train 0.1774 | Val 0.2038 | Test 0.1132
Validation loss decreased (0.203773 --> 0.203773).  Saving model ...
  Ep 4: Train 0.1697 | Val 0.1910 | Test 0.1166
Validation loss decreased (0.191014 --> 0.191014).  Saving model ...
  Ep 5: Train 0.1641 | Val 0.1847 | Test 0.1272
Validation loss decreased (0.184722 --> 0.184722).  Saving model ...
  Ep 6: Train 0.1587 | Val 0.1834 | Test 0.1115
Validation loss decreased (0.183448 --> 0.183448).  Saving model ...
  Ep 7: Train 0.1556 | Val 0.1837 | Test 0.1370
EarlyStopping counter: 1 out of 5
  Ep 8: Train 0.1540 | Val 0.1834 | Test 0.1338
EarlyStopping counter: 2 out of 5
  Ep 9: Train 0.1510 | Val 0.1978 | Test 0.1404
EarlyStopping counter: 3 out of 5
  Ep 10: Train 0.1492 | Val 0.1907 | Test 0.1501
EarlyStopping counter: 4 out of 5
  Ep 11: Train 0.1451 | Val 0.1923 | Test 0.1379
EarlyStopping counter: 5 out of 5
Early stopping triggered!
/home/sangukchoi/Stroke_SDA/sda_training.py:615: FutureWarning: You are using `torch.load` with `weights_only=False` (the current default value), which uses the default pickle module implicitly. It is possible to construct malicious pickle data which will execute arbitrary code during unpickling (See https://github.com/pytorch/pytorch/blob/main/SECURITY.md#untrusted-models for more details). In a future release, the default value for `weights_only` will be flipped to `True`. This limits the functions that could be executed during unpickling. Arbitrary objects will no longer be allowed to be loaded via this mode unless they are explicitly allowlisted by the user via `torch.serialization.add_safe_globals`. We recommend you start setting `weights_only=True` for any use case where you don't have full control of the loaded file. Please open an issue on GitHub for any issues related to this experimental feature.
  model.load_state_dict(torch.load(os.path.join(out_dir, 'best_model.pth')))
Final Test MSE (Best Model): 0.1115
Finished. Status: Success
