Starting Run on GPU 2
Time: 2025-12-24 17:34:48

[Run Start] Subject S004 | Mode ['SDA'] | Params: L3.0_LS0.3_LR0.0001_E256_D64_Dr0.3

[Fold 1 - SDA] Train: ['S004_T003', 'S004_T005'], Test: S004_T001, Norm: fixed
/home/sangukchoi/.conda/envs/torch_gpu/lib/python3.10/site-packages/torch/nn/modules/rnn.py:123: UserWarning: dropout option adds dropout after all but last recurrent layer, so non-zero dropout expects num_layers greater than 1, but got dropout=0.3 and num_layers=1
  warnings.warn(
  Ep 1: Train 0.4847 | Val 0.6972 | Test 0.1348
Validation loss decreased (0.697201 --> 0.697201).  Saving model ...
  Ep 2: Train 0.4170 | Val 0.6492 | Test 0.1519
Validation loss decreased (0.649183 --> 0.649183).  Saving model ...
  Ep 3: Train 0.3910 | Val 0.5563 | Test 0.1949
Validation loss decreased (0.556295 --> 0.556295).  Saving model ...
  Ep 4: Train 0.3628 | Val 0.5431 | Test 0.1826
Validation loss decreased (0.543088 --> 0.543088).  Saving model ...
  Ep 5: Train 0.3519 | Val 0.4701 | Test 0.1759
Validation loss decreased (0.470147 --> 0.470147).  Saving model ...
  Ep 6: Train 0.3491 | Val 0.4815 | Test 0.1702
EarlyStopping counter: 1 out of 5
  Ep 7: Train 0.3315 | Val 0.4766 | Test 0.1774
EarlyStopping counter: 2 out of 5
  Ep 8: Train 0.3150 | Val 0.4625 | Test 0.1821
Validation loss decreased (0.462482 --> 0.462482).  Saving model ...
  Ep 9: Train 0.3135 | Val 0.4849 | Test 0.1624
EarlyStopping counter: 1 out of 5
  Ep 10: Train 0.3192 | Val 0.4612 | Test 0.1729
Validation loss decreased (0.461245 --> 0.461245).  Saving model ...
  Ep 11: Train 0.2985 | Val 0.4421 | Test 0.1546
Validation loss decreased (0.442091 --> 0.442091).  Saving model ...
  Ep 12: Train 0.3012 | Val 0.5332 | Test 0.1598
EarlyStopping counter: 1 out of 5
  Ep 13: Train 0.2983 | Val 0.5043 | Test 0.1481
EarlyStopping counter: 2 out of 5
  Ep 14: Train 0.3012 | Val 0.4646 | Test 0.1482
EarlyStopping counter: 3 out of 5
  Ep 15: Train 0.2944 | Val 0.4579 | Test 0.1495
EarlyStopping counter: 4 out of 5
  Ep 16: Train 0.2960 | Val 0.4679 | Test 0.1445
EarlyStopping counter: 5 out of 5
Early stopping triggered!
/home/sangukchoi/Stroke_SDA/sda_training.py:615: FutureWarning: You are using `torch.load` with `weights_only=False` (the current default value), which uses the default pickle module implicitly. It is possible to construct malicious pickle data which will execute arbitrary code during unpickling (See https://github.com/pytorch/pytorch/blob/main/SECURITY.md#untrusted-models for more details). In a future release, the default value for `weights_only` will be flipped to `True`. This limits the functions that could be executed during unpickling. Arbitrary objects will no longer be allowed to be loaded via this mode unless they are explicitly allowlisted by the user via `torch.serialization.add_safe_globals`. We recommend you start setting `weights_only=True` for any use case where you don't have full control of the loaded file. Please open an issue on GitHub for any issues related to this experimental feature.
  model.load_state_dict(torch.load(os.path.join(out_dir, 'best_model.pth')))
Final Test MSE (Best Model): 0.1546
Finished. Status: Success
