Starting Run on GPU 0
Time: 2025-12-24 16:32:55

[Run Start] Subject S004 | Mode ['SDA'] | Params: L2.0_LS0.7_LR0.0001_E64_D64_Dr0.3

[Fold 1 - SDA] Train: ['S004_T003', 'S004_T005'], Test: S004_T001, Norm: fixed
/home/sangukchoi/.conda/envs/torch_gpu/lib/python3.10/site-packages/torch/nn/modules/rnn.py:123: UserWarning: dropout option adds dropout after all but last recurrent layer, so non-zero dropout expects num_layers greater than 1, but got dropout=0.3 and num_layers=1
  warnings.warn(
  Ep 1: Train 0.5396 | Val 0.5512 | Test 0.1518
Validation loss decreased (0.551199 --> 0.551199).  Saving model ...
  Ep 2: Train 0.3580 | Val 0.4613 | Test 0.1581
Validation loss decreased (0.461309 --> 0.461309).  Saving model ...
  Ep 3: Train 0.3149 | Val 0.3819 | Test 0.1411
Validation loss decreased (0.381919 --> 0.381919).  Saving model ...
  Ep 4: Train 0.2892 | Val 0.3773 | Test 0.1516
Validation loss decreased (0.377348 --> 0.377348).  Saving model ...
  Ep 5: Train 0.2759 | Val 0.3576 | Test 0.1420
Validation loss decreased (0.357556 --> 0.357556).  Saving model ...
  Ep 6: Train 0.2670 | Val 0.3444 | Test 0.1562
Validation loss decreased (0.344444 --> 0.344444).  Saving model ...
  Ep 7: Train 0.2599 | Val 0.3409 | Test 0.1567
Validation loss decreased (0.340924 --> 0.340924).  Saving model ...
  Ep 8: Train 0.2558 | Val 0.3391 | Test 0.1678
Validation loss decreased (0.339067 --> 0.339067).  Saving model ...
  Ep 9: Train 0.2463 | Val 0.3469 | Test 0.1584
EarlyStopping counter: 1 out of 5
  Ep 10: Train 0.2466 | Val 0.3694 | Test 0.1611
EarlyStopping counter: 2 out of 5
  Ep 11: Train 0.2430 | Val 0.3673 | Test 0.1556
EarlyStopping counter: 3 out of 5
  Ep 12: Train 0.2388 | Val 0.3650 | Test 0.1436
EarlyStopping counter: 4 out of 5
  Ep 13: Train 0.2303 | Val 0.3630 | Test 0.1533
EarlyStopping counter: 5 out of 5
Early stopping triggered!
/home/sangukchoi/Stroke_SDA/sda_training.py:615: FutureWarning: You are using `torch.load` with `weights_only=False` (the current default value), which uses the default pickle module implicitly. It is possible to construct malicious pickle data which will execute arbitrary code during unpickling (See https://github.com/pytorch/pytorch/blob/main/SECURITY.md#untrusted-models for more details). In a future release, the default value for `weights_only` will be flipped to `True`. This limits the functions that could be executed during unpickling. Arbitrary objects will no longer be allowed to be loaded via this mode unless they are explicitly allowlisted by the user via `torch.serialization.add_safe_globals`. We recommend you start setting `weights_only=True` for any use case where you don't have full control of the loaded file. Please open an issue on GitHub for any issues related to this experimental feature.
  model.load_state_dict(torch.load(os.path.join(out_dir, 'best_model.pth')))
Final Test MSE (Best Model): 0.1678
Finished. Status: Success
