Starting Run on GPU 1
Time: 2025-12-24 15:37:34

[Run Start] Subject S004 | Mode ['SDA'] | Params: L0.5_LS0.7_LR0.0001_E256_D128_Dr0.3

[Fold 1 - SDA] Train: ['S004_T003', 'S004_T005'], Test: S004_T001, Norm: fixed
/home/sangukchoi/.conda/envs/torch_gpu/lib/python3.10/site-packages/torch/nn/modules/rnn.py:123: UserWarning: dropout option adds dropout after all but last recurrent layer, so non-zero dropout expects num_layers greater than 1, but got dropout=0.3 and num_layers=1
  warnings.warn(
  Ep 1: Train 0.1876 | Val 0.1389 | Test 0.0969
Validation loss decreased (0.138931 --> 0.138931).  Saving model ...
  Ep 2: Train 0.1116 | Val 0.1208 | Test 0.0769
Validation loss decreased (0.120845 --> 0.120845).  Saving model ...
  Ep 3: Train 0.0980 | Val 0.1154 | Test 0.0975
Validation loss decreased (0.115400 --> 0.115400).  Saving model ...
  Ep 4: Train 0.0918 | Val 0.1053 | Test 0.1299
Validation loss decreased (0.105321 --> 0.105321).  Saving model ...
  Ep 5: Train 0.0876 | Val 0.1119 | Test 0.1138
EarlyStopping counter: 1 out of 5
  Ep 6: Train 0.0848 | Val 0.1107 | Test 0.1188
EarlyStopping counter: 2 out of 5
  Ep 7: Train 0.0831 | Val 0.1045 | Test 0.1203
Validation loss decreased (0.104466 --> 0.104466).  Saving model ...
  Ep 8: Train 0.0801 | Val 0.1063 | Test 0.1327
EarlyStopping counter: 1 out of 5
  Ep 9: Train 0.0779 | Val 0.0969 | Test 0.1139
Validation loss decreased (0.096926 --> 0.096926).  Saving model ...
  Ep 10: Train 0.0756 | Val 0.1075 | Test 0.1175
EarlyStopping counter: 1 out of 5
  Ep 11: Train 0.0757 | Val 0.1061 | Test 0.1175
EarlyStopping counter: 2 out of 5
  Ep 12: Train 0.0723 | Val 0.1201 | Test 0.1171
EarlyStopping counter: 3 out of 5
  Ep 13: Train 0.0713 | Val 0.0987 | Test 0.1158
EarlyStopping counter: 4 out of 5
  Ep 14: Train 0.0688 | Val 0.0998 | Test 0.1141
EarlyStopping counter: 5 out of 5
Early stopping triggered!
/home/sangukchoi/Stroke_SDA/sda_training.py:615: FutureWarning: You are using `torch.load` with `weights_only=False` (the current default value), which uses the default pickle module implicitly. It is possible to construct malicious pickle data which will execute arbitrary code during unpickling (See https://github.com/pytorch/pytorch/blob/main/SECURITY.md#untrusted-models for more details). In a future release, the default value for `weights_only` will be flipped to `True`. This limits the functions that could be executed during unpickling. Arbitrary objects will no longer be allowed to be loaded via this mode unless they are explicitly allowlisted by the user via `torch.serialization.add_safe_globals`. We recommend you start setting `weights_only=True` for any use case where you don't have full control of the loaded file. Please open an issue on GitHub for any issues related to this experimental feature.
  model.load_state_dict(torch.load(os.path.join(out_dir, 'best_model.pth')))
Final Test MSE (Best Model): 0.1139
Finished. Status: Success
