Starting Run on GPU 0
Time: 2025-12-24 16:28:59

[Run Start] Subject S004 | Mode ['SDA'] | Params: L1.5_LS1.0_LR0.0001_E128_D64_Dr0.3

[Fold 1 - SDA] Train: ['S004_T003', 'S004_T005'], Test: S004_T001, Norm: fixed
/home/sangukchoi/.conda/envs/torch_gpu/lib/python3.10/site-packages/torch/nn/modules/rnn.py:123: UserWarning: dropout option adds dropout after all but last recurrent layer, so non-zero dropout expects num_layers greater than 1, but got dropout=0.3 and num_layers=1
  warnings.warn(
  Ep 1: Train 0.4294 | Val 0.3490 | Test 0.1371
Validation loss decreased (0.348987 --> 0.348987).  Saving model ...
  Ep 2: Train 0.2542 | Val 0.2771 | Test 0.1406
Validation loss decreased (0.277057 --> 0.277057).  Saving model ...
  Ep 3: Train 0.2296 | Val 0.2701 | Test 0.1274
Validation loss decreased (0.270098 --> 0.270098).  Saving model ...
  Ep 4: Train 0.2185 | Val 0.2942 | Test 0.1108
EarlyStopping counter: 1 out of 5
  Ep 5: Train 0.2152 | Val 0.2730 | Test 0.1048
EarlyStopping counter: 2 out of 5
  Ep 6: Train 0.2120 | Val 0.2599 | Test 0.0886
Validation loss decreased (0.259869 --> 0.259869).  Saving model ...
  Ep 7: Train 0.2039 | Val 0.2878 | Test 0.0957
EarlyStopping counter: 1 out of 5
  Ep 8: Train 0.1996 | Val 0.2612 | Test 0.1020
EarlyStopping counter: 2 out of 5
  Ep 9: Train 0.1998 | Val 0.2497 | Test 0.1026
Validation loss decreased (0.249686 --> 0.249686).  Saving model ...
  Ep 10: Train 0.1973 | Val 0.2526 | Test 0.0902
EarlyStopping counter: 1 out of 5
  Ep 11: Train 0.1931 | Val 0.2660 | Test 0.0851
EarlyStopping counter: 2 out of 5
  Ep 12: Train 0.1916 | Val 0.2682 | Test 0.0942
EarlyStopping counter: 3 out of 5
  Ep 13: Train 0.1895 | Val 0.2685 | Test 0.1149
EarlyStopping counter: 4 out of 5
  Ep 14: Train 0.1909 | Val 0.2680 | Test 0.1010
EarlyStopping counter: 5 out of 5
Early stopping triggered!
/home/sangukchoi/Stroke_SDA/sda_training.py:615: FutureWarning: You are using `torch.load` with `weights_only=False` (the current default value), which uses the default pickle module implicitly. It is possible to construct malicious pickle data which will execute arbitrary code during unpickling (See https://github.com/pytorch/pytorch/blob/main/SECURITY.md#untrusted-models for more details). In a future release, the default value for `weights_only` will be flipped to `True`. This limits the functions that could be executed during unpickling. Arbitrary objects will no longer be allowed to be loaded via this mode unless they are explicitly allowlisted by the user via `torch.serialization.add_safe_globals`. We recommend you start setting `weights_only=True` for any use case where you don't have full control of the loaded file. Please open an issue on GitHub for any issues related to this experimental feature.
  model.load_state_dict(torch.load(os.path.join(out_dir, 'best_model.pth')))
Final Test MSE (Best Model): 0.1026
Finished. Status: Success
