Starting Run on GPU 2
Time: 2025-12-24 17:26:45

[Run Start] Subject S004 | Mode ['SDA'] | Params: L3.0_LS0.3_LR0.0001_E64_D128_Dr0.3

[Fold 1 - SDA] Train: ['S004_T003', 'S004_T005'], Test: S004_T001, Norm: fixed
/home/sangukchoi/.conda/envs/torch_gpu/lib/python3.10/site-packages/torch/nn/modules/rnn.py:123: UserWarning: dropout option adds dropout after all but last recurrent layer, so non-zero dropout expects num_layers greater than 1, but got dropout=0.3 and num_layers=1
  warnings.warn(
  Ep 1: Train 0.5860 | Val 0.7652 | Test 0.1612
Validation loss decreased (0.765185 --> 0.765185).  Saving model ...
  Ep 2: Train 0.4551 | Val 0.6921 | Test 0.1550
Validation loss decreased (0.692098 --> 0.692098).  Saving model ...
  Ep 3: Train 0.4303 | Val 0.6752 | Test 0.1506
Validation loss decreased (0.675231 --> 0.675231).  Saving model ...
  Ep 4: Train 0.4111 | Val 0.6467 | Test 0.1509
Validation loss decreased (0.646671 --> 0.646671).  Saving model ...
  Ep 5: Train 0.4094 | Val 0.6902 | Test 0.1552
EarlyStopping counter: 1 out of 5
  Ep 6: Train 0.3941 | Val 0.6578 | Test 0.1575
EarlyStopping counter: 2 out of 5
  Ep 7: Train 0.3939 | Val 0.6347 | Test 0.1540
Validation loss decreased (0.634675 --> 0.634675).  Saving model ...
  Ep 8: Train 0.3880 | Val 0.5807 | Test 0.1567
Validation loss decreased (0.580660 --> 0.580660).  Saving model ...
  Ep 9: Train 0.3791 | Val 0.6158 | Test 0.1596
EarlyStopping counter: 1 out of 5
  Ep 10: Train 0.3717 | Val 0.5779 | Test 0.1570
Validation loss decreased (0.577893 --> 0.577893).  Saving model ...
  Ep 11: Train 0.3618 | Val 0.5321 | Test 0.1574
Validation loss decreased (0.532145 --> 0.532145).  Saving model ...
  Ep 12: Train 0.3642 | Val 0.5008 | Test 0.1481
Validation loss decreased (0.500755 --> 0.500755).  Saving model ...
  Ep 13: Train 0.3562 | Val 0.4768 | Test 0.1484
Validation loss decreased (0.476751 --> 0.476751).  Saving model ...
  Ep 14: Train 0.3510 | Val 0.4894 | Test 0.1447
EarlyStopping counter: 1 out of 5
  Ep 15: Train 0.3530 | Val 0.4762 | Test 0.1422
Validation loss decreased (0.476220 --> 0.476220).  Saving model ...
  Ep 16: Train 0.3463 | Val 0.4873 | Test 0.1356
EarlyStopping counter: 1 out of 5
  Ep 17: Train 0.3411 | Val 0.4686 | Test 0.1439
Validation loss decreased (0.468642 --> 0.468642).  Saving model ...
  Ep 18: Train 0.3353 | Val 0.4749 | Test 0.1398
EarlyStopping counter: 1 out of 5
  Ep 19: Train 0.3328 | Val 0.4779 | Test 0.1328
EarlyStopping counter: 2 out of 5
  Ep 20: Train 0.3261 | Val 0.4312 | Test 0.1354
Validation loss decreased (0.431228 --> 0.431228).  Saving model ...
  Ep 21: Train 0.3260 | Val 0.4779 | Test 0.1290
EarlyStopping counter: 1 out of 5
  Ep 22: Train 0.3216 | Val 0.4669 | Test 0.1329
EarlyStopping counter: 2 out of 5
  Ep 23: Train 0.3170 | Val 0.4262 | Test 0.1286
Validation loss decreased (0.426228 --> 0.426228).  Saving model ...
  Ep 24: Train 0.3203 | Val 0.4704 | Test 0.1269
EarlyStopping counter: 1 out of 5
  Ep 25: Train 0.3243 | Val 0.4635 | Test 0.1227
EarlyStopping counter: 2 out of 5
  Ep 26: Train 0.3111 | Val 0.4483 | Test 0.1136
EarlyStopping counter: 3 out of 5
  Ep 27: Train 0.3141 | Val 0.4803 | Test 0.1167
EarlyStopping counter: 4 out of 5
  Ep 28: Train 0.3140 | Val 0.4934 | Test 0.1263
EarlyStopping counter: 5 out of 5
Early stopping triggered!
/home/sangukchoi/Stroke_SDA/sda_training.py:615: FutureWarning: You are using `torch.load` with `weights_only=False` (the current default value), which uses the default pickle module implicitly. It is possible to construct malicious pickle data which will execute arbitrary code during unpickling (See https://github.com/pytorch/pytorch/blob/main/SECURITY.md#untrusted-models for more details). In a future release, the default value for `weights_only` will be flipped to `True`. This limits the functions that could be executed during unpickling. Arbitrary objects will no longer be allowed to be loaded via this mode unless they are explicitly allowlisted by the user via `torch.serialization.add_safe_globals`. We recommend you start setting `weights_only=True` for any use case where you don't have full control of the loaded file. Please open an issue on GitHub for any issues related to this experimental feature.
  model.load_state_dict(torch.load(os.path.join(out_dir, 'best_model.pth')))
Final Test MSE (Best Model): 0.1286
Finished. Status: Success
