Starting Run on GPU 3
Time: 2025-12-24 16:29:48

[Run Start] Subject S004 | Mode ['SDA'] | Params: L1.5_LS1.0_LR0.0001_E256_D32_Dr0.3

[Fold 1 - SDA] Train: ['S004_T003', 'S004_T005'], Test: S004_T001, Norm: fixed
/home/sangukchoi/.conda/envs/torch_gpu/lib/python3.10/site-packages/torch/nn/modules/rnn.py:123: UserWarning: dropout option adds dropout after all but last recurrent layer, so non-zero dropout expects num_layers greater than 1, but got dropout=0.3 and num_layers=1
  warnings.warn(
  Ep 1: Train 0.3684 | Val 0.2991 | Test 0.1435
Validation loss decreased (0.299149 --> 0.299149).  Saving model ...
  Ep 2: Train 0.2287 | Val 0.2767 | Test 0.1117
Validation loss decreased (0.276726 --> 0.276726).  Saving model ...
  Ep 3: Train 0.2139 | Val 0.2660 | Test 0.1275
Validation loss decreased (0.265991 --> 0.265991).  Saving model ...
  Ep 4: Train 0.2039 | Val 0.2548 | Test 0.1185
Validation loss decreased (0.254776 --> 0.254776).  Saving model ...
  Ep 5: Train 0.1992 | Val 0.2677 | Test 0.1149
EarlyStopping counter: 1 out of 5
  Ep 6: Train 0.1900 | Val 0.2784 | Test 0.1053
EarlyStopping counter: 2 out of 5
  Ep 7: Train 0.1928 | Val 0.3030 | Test 0.1266
EarlyStopping counter: 3 out of 5
  Ep 8: Train 0.1881 | Val 0.2744 | Test 0.1180
EarlyStopping counter: 4 out of 5
  Ep 9: Train 0.1860 | Val 0.2679 | Test 0.1043
EarlyStopping counter: 5 out of 5
Early stopping triggered!
/home/sangukchoi/Stroke_SDA/sda_training.py:615: FutureWarning: You are using `torch.load` with `weights_only=False` (the current default value), which uses the default pickle module implicitly. It is possible to construct malicious pickle data which will execute arbitrary code during unpickling (See https://github.com/pytorch/pytorch/blob/main/SECURITY.md#untrusted-models for more details). In a future release, the default value for `weights_only` will be flipped to `True`. This limits the functions that could be executed during unpickling. Arbitrary objects will no longer be allowed to be loaded via this mode unless they are explicitly allowlisted by the user via `torch.serialization.add_safe_globals`. We recommend you start setting `weights_only=True` for any use case where you don't have full control of the loaded file. Please open an issue on GitHub for any issues related to this experimental feature.
  model.load_state_dict(torch.load(os.path.join(out_dir, 'best_model.pth')))
Final Test MSE (Best Model): 0.1185
Finished. Status: Success
