Starting Run on GPU 1
Time: 2025-12-24 17:18:37

[Run Start] Subject S004 | Mode ['SDA'] | Params: L2.5_LS1.0_LR0.0001_E128_D32_Dr0.3

[Fold 1 - SDA] Train: ['S004_T003', 'S004_T005'], Test: S004_T001, Norm: fixed
/home/sangukchoi/.conda/envs/torch_gpu/lib/python3.10/site-packages/torch/nn/modules/rnn.py:123: UserWarning: dropout option adds dropout after all but last recurrent layer, so non-zero dropout expects num_layers greater than 1, but got dropout=0.3 and num_layers=1
  warnings.warn(
  Ep 1: Train 0.5719 | Val 0.6316 | Test 0.1587
Validation loss decreased (0.631645 --> 0.631645).  Saving model ...
  Ep 2: Train 0.3922 | Val 0.4264 | Test 0.1685
Validation loss decreased (0.426366 --> 0.426366).  Saving model ...
  Ep 3: Train 0.3463 | Val 0.4089 | Test 0.1478
Validation loss decreased (0.408859 --> 0.408859).  Saving model ...
  Ep 4: Train 0.3296 | Val 0.4376 | Test 0.1317
EarlyStopping counter: 1 out of 5
  Ep 5: Train 0.3185 | Val 0.3924 | Test 0.1326
Validation loss decreased (0.392443 --> 0.392443).  Saving model ...
  Ep 6: Train 0.3164 | Val 0.4027 | Test 0.1343
EarlyStopping counter: 1 out of 5
  Ep 7: Train 0.3209 | Val 0.3933 | Test 0.1315
EarlyStopping counter: 2 out of 5
  Ep 8: Train 0.3112 | Val 0.4056 | Test 0.1273
EarlyStopping counter: 3 out of 5
  Ep 9: Train 0.3041 | Val 0.4019 | Test 0.0977
EarlyStopping counter: 4 out of 5
  Ep 10: Train 0.3042 | Val 0.4148 | Test 0.1089
EarlyStopping counter: 5 out of 5
Early stopping triggered!
/home/sangukchoi/Stroke_SDA/sda_training.py:615: FutureWarning: You are using `torch.load` with `weights_only=False` (the current default value), which uses the default pickle module implicitly. It is possible to construct malicious pickle data which will execute arbitrary code during unpickling (See https://github.com/pytorch/pytorch/blob/main/SECURITY.md#untrusted-models for more details). In a future release, the default value for `weights_only` will be flipped to `True`. This limits the functions that could be executed during unpickling. Arbitrary objects will no longer be allowed to be loaded via this mode unless they are explicitly allowlisted by the user via `torch.serialization.add_safe_globals`. We recommend you start setting `weights_only=True` for any use case where you don't have full control of the loaded file. Please open an issue on GitHub for any issues related to this experimental feature.
  model.load_state_dict(torch.load(os.path.join(out_dir, 'best_model.pth')))
Final Test MSE (Best Model): 0.1326
Finished. Status: Success
