Starting Run on GPU 0
Time: 2025-12-24 16:55:43

[Run Start] Subject S004 | Mode ['SDA'] | Params: L2.5_LS0.3_LR0.0001_E128_D128_Dr0.3

[Fold 1 - SDA] Train: ['S004_T003', 'S004_T005'], Test: S004_T001, Norm: fixed
/home/sangukchoi/.conda/envs/torch_gpu/lib/python3.10/site-packages/torch/nn/modules/rnn.py:123: UserWarning: dropout option adds dropout after all but last recurrent layer, so non-zero dropout expects num_layers greater than 1, but got dropout=0.3 and num_layers=1
  warnings.warn(
  Ep 1: Train 0.4578 | Val 0.6178 | Test 0.1631
Validation loss decreased (0.617781 --> 0.617781).  Saving model ...
  Ep 2: Train 0.3710 | Val 0.5612 | Test 0.1587
Validation loss decreased (0.561201 --> 0.561201).  Saving model ...
  Ep 3: Train 0.3489 | Val 0.5274 | Test 0.1458
Validation loss decreased (0.527351 --> 0.527351).  Saving model ...
  Ep 4: Train 0.3291 | Val 0.4959 | Test 0.1532
Validation loss decreased (0.495907 --> 0.495907).  Saving model ...
  Ep 5: Train 0.3182 | Val 0.4279 | Test 0.1470
Validation loss decreased (0.427948 --> 0.427948).  Saving model ...
  Ep 6: Train 0.3161 | Val 0.4093 | Test 0.1534
Validation loss decreased (0.409268 --> 0.409268).  Saving model ...
  Ep 7: Train 0.3068 | Val 0.4090 | Test 0.1380
EarlyStopping counter: 1 out of 5
  Ep 8: Train 0.3038 | Val 0.4021 | Test 0.1254
Validation loss decreased (0.402143 --> 0.402143).  Saving model ...
  Ep 9: Train 0.2962 | Val 0.3639 | Test 0.1332
Validation loss decreased (0.363862 --> 0.363862).  Saving model ...
  Ep 10: Train 0.2951 | Val 0.3970 | Test 0.1341
EarlyStopping counter: 1 out of 5
  Ep 11: Train 0.2847 | Val 0.3813 | Test 0.1235
EarlyStopping counter: 2 out of 5
  Ep 12: Train 0.2795 | Val 0.3646 | Test 0.1228
EarlyStopping counter: 3 out of 5
  Ep 13: Train 0.2830 | Val 0.3743 | Test 0.1259
EarlyStopping counter: 4 out of 5
  Ep 14: Train 0.2842 | Val 0.3728 | Test 0.1183
EarlyStopping counter: 5 out of 5
Early stopping triggered!
/home/sangukchoi/Stroke_SDA/sda_training.py:615: FutureWarning: You are using `torch.load` with `weights_only=False` (the current default value), which uses the default pickle module implicitly. It is possible to construct malicious pickle data which will execute arbitrary code during unpickling (See https://github.com/pytorch/pytorch/blob/main/SECURITY.md#untrusted-models for more details). In a future release, the default value for `weights_only` will be flipped to `True`. This limits the functions that could be executed during unpickling. Arbitrary objects will no longer be allowed to be loaded via this mode unless they are explicitly allowlisted by the user via `torch.serialization.add_safe_globals`. We recommend you start setting `weights_only=True` for any use case where you don't have full control of the loaded file. Please open an issue on GitHub for any issues related to this experimental feature.
  model.load_state_dict(torch.load(os.path.join(out_dir, 'best_model.pth')))
Final Test MSE (Best Model): 0.1332
Finished. Status: Success
