Starting Run on GPU 3
Time: 2025-12-24 16:15:17

[Run Start] Subject S004 | Mode ['SDA'] | Params: L1.5_LS0.7_LR0.0001_E64_D32_Dr0.3

[Fold 1 - SDA] Train: ['S004_T003', 'S004_T005'], Test: S004_T001, Norm: fixed
/home/sangukchoi/.conda/envs/torch_gpu/lib/python3.10/site-packages/torch/nn/modules/rnn.py:123: UserWarning: dropout option adds dropout after all but last recurrent layer, so non-zero dropout expects num_layers greater than 1, but got dropout=0.3 and num_layers=1
  warnings.warn(
  Ep 1: Train 0.5183 | Val 0.4600 | Test 0.1319
Validation loss decreased (0.460023 --> 0.460023).  Saving model ...
  Ep 2: Train 0.2988 | Val 0.3515 | Test 0.1440
Validation loss decreased (0.351477 --> 0.351477).  Saving model ...
  Ep 3: Train 0.2449 | Val 0.3003 | Test 0.1426
Validation loss decreased (0.300301 --> 0.300301).  Saving model ...
  Ep 4: Train 0.2270 | Val 0.2679 | Test 0.1392
Validation loss decreased (0.267928 --> 0.267928).  Saving model ...
  Ep 5: Train 0.2172 | Val 0.2571 | Test 0.1321
Validation loss decreased (0.257070 --> 0.257070).  Saving model ...
  Ep 6: Train 0.2128 | Val 0.2482 | Test 0.1453
Validation loss decreased (0.248225 --> 0.248225).  Saving model ...
  Ep 7: Train 0.2092 | Val 0.2614 | Test 0.1241
EarlyStopping counter: 1 out of 5
  Ep 8: Train 0.2074 | Val 0.2501 | Test 0.1314
EarlyStopping counter: 2 out of 5
  Ep 9: Train 0.2033 | Val 0.2458 | Test 0.1308
Validation loss decreased (0.245754 --> 0.245754).  Saving model ...
  Ep 10: Train 0.2008 | Val 0.2398 | Test 0.1221
Validation loss decreased (0.239766 --> 0.239766).  Saving model ...
  Ep 11: Train 0.1969 | Val 0.2635 | Test 0.1278
EarlyStopping counter: 1 out of 5
  Ep 12: Train 0.1942 | Val 0.2382 | Test 0.1382
Validation loss decreased (0.238181 --> 0.238181).  Saving model ...
  Ep 13: Train 0.1956 | Val 0.2505 | Test 0.1307
EarlyStopping counter: 1 out of 5
  Ep 14: Train 0.1895 | Val 0.2523 | Test 0.1423
EarlyStopping counter: 2 out of 5
  Ep 15: Train 0.1912 | Val 0.2397 | Test 0.1235
EarlyStopping counter: 3 out of 5
  Ep 16: Train 0.1875 | Val 0.2586 | Test 0.1297
EarlyStopping counter: 4 out of 5
  Ep 17: Train 0.1880 | Val 0.2505 | Test 0.1355
EarlyStopping counter: 5 out of 5
Early stopping triggered!
/home/sangukchoi/Stroke_SDA/sda_training.py:615: FutureWarning: You are using `torch.load` with `weights_only=False` (the current default value), which uses the default pickle module implicitly. It is possible to construct malicious pickle data which will execute arbitrary code during unpickling (See https://github.com/pytorch/pytorch/blob/main/SECURITY.md#untrusted-models for more details). In a future release, the default value for `weights_only` will be flipped to `True`. This limits the functions that could be executed during unpickling. Arbitrary objects will no longer be allowed to be loaded via this mode unless they are explicitly allowlisted by the user via `torch.serialization.add_safe_globals`. We recommend you start setting `weights_only=True` for any use case where you don't have full control of the loaded file. Please open an issue on GitHub for any issues related to this experimental feature.
  model.load_state_dict(torch.load(os.path.join(out_dir, 'best_model.pth')))
Final Test MSE (Best Model): 0.1382
Finished. Status: Success
