Starting Run on GPU 2
Time: 2025-12-24 18:03:04

[Run Start] Subject S004 | Mode ['SDA'] | Params: L3.0_LS1.0_LR0.0001_E128_D128_Dr0.3

[Fold 1 - SDA] Train: ['S004_T003', 'S004_T005'], Test: S004_T001, Norm: fixed
/home/sangukchoi/.conda/envs/torch_gpu/lib/python3.10/site-packages/torch/nn/modules/rnn.py:123: UserWarning: dropout option adds dropout after all but last recurrent layer, so non-zero dropout expects num_layers greater than 1, but got dropout=0.3 and num_layers=1
  warnings.warn(
  Ep 1: Train 0.6613 | Val 0.7912 | Test 0.1517
Validation loss decreased (0.791219 --> 0.791219).  Saving model ...
  Ep 2: Train 0.4631 | Val 0.5555 | Test 0.1532
Validation loss decreased (0.555513 --> 0.555513).  Saving model ...
  Ep 3: Train 0.4131 | Val 0.5080 | Test 0.1545
Validation loss decreased (0.508030 --> 0.508030).  Saving model ...
  Ep 4: Train 0.3839 | Val 0.5004 | Test 0.1329
Validation loss decreased (0.500405 --> 0.500405).  Saving model ...
  Ep 5: Train 0.3764 | Val 0.4780 | Test 0.1228
Validation loss decreased (0.478002 --> 0.478002).  Saving model ...
  Ep 6: Train 0.3676 | Val 0.4705 | Test 0.1271
Validation loss decreased (0.470524 --> 0.470524).  Saving model ...
  Ep 7: Train 0.3638 | Val 0.4591 | Test 0.1147
Validation loss decreased (0.459067 --> 0.459067).  Saving model ...
  Ep 8: Train 0.3525 | Val 0.4803 | Test 0.1196
EarlyStopping counter: 1 out of 5
  Ep 9: Train 0.3386 | Val 0.4824 | Test 0.1040
EarlyStopping counter: 2 out of 5
  Ep 10: Train 0.3373 | Val 0.5114 | Test 0.1178
EarlyStopping counter: 3 out of 5
  Ep 11: Train 0.3314 | Val 0.4651 | Test 0.1114
EarlyStopping counter: 4 out of 5
  Ep 12: Train 0.3281 | Val 0.5173 | Test 0.1063
EarlyStopping counter: 5 out of 5
Early stopping triggered!
/home/sangukchoi/Stroke_SDA/sda_training.py:615: FutureWarning: You are using `torch.load` with `weights_only=False` (the current default value), which uses the default pickle module implicitly. It is possible to construct malicious pickle data which will execute arbitrary code during unpickling (See https://github.com/pytorch/pytorch/blob/main/SECURITY.md#untrusted-models for more details). In a future release, the default value for `weights_only` will be flipped to `True`. This limits the functions that could be executed during unpickling. Arbitrary objects will no longer be allowed to be loaded via this mode unless they are explicitly allowlisted by the user via `torch.serialization.add_safe_globals`. We recommend you start setting `weights_only=True` for any use case where you don't have full control of the loaded file. Please open an issue on GitHub for any issues related to this experimental feature.
  model.load_state_dict(torch.load(os.path.join(out_dir, 'best_model.pth')))
Final Test MSE (Best Model): 0.1147
Finished. Status: Success
