Starting Run on GPU 1
Time: 2025-12-24 17:02:33

[Run Start] Subject S004 | Mode ['SDA'] | Params: L2.5_LS0.5_LR0.0001_E128_D32_Dr0.3

[Fold 1 - SDA] Train: ['S004_T003', 'S004_T005'], Test: S004_T001, Norm: fixed
/home/sangukchoi/.conda/envs/torch_gpu/lib/python3.10/site-packages/torch/nn/modules/rnn.py:123: UserWarning: dropout option adds dropout after all but last recurrent layer, so non-zero dropout expects num_layers greater than 1, but got dropout=0.3 and num_layers=1
  warnings.warn(
  Ep 1: Train 0.5187 | Val 0.6499 | Test 0.1515
Validation loss decreased (0.649882 --> 0.649882).  Saving model ...
  Ep 2: Train 0.3751 | Val 0.5542 | Test 0.1604
Validation loss decreased (0.554168 --> 0.554168).  Saving model ...
  Ep 3: Train 0.3274 | Val 0.4755 | Test 0.1536
Validation loss decreased (0.475527 --> 0.475527).  Saving model ...
  Ep 4: Train 0.3118 | Val 0.4013 | Test 0.1545
Validation loss decreased (0.401276 --> 0.401276).  Saving model ...
  Ep 5: Train 0.3002 | Val 0.3793 | Test 0.1711
Validation loss decreased (0.379316 --> 0.379316).  Saving model ...
  Ep 6: Train 0.2956 | Val 0.3714 | Test 0.1384
Validation loss decreased (0.371370 --> 0.371370).  Saving model ...
  Ep 7: Train 0.2890 | Val 0.3852 | Test 0.1425
EarlyStopping counter: 1 out of 5
  Ep 8: Train 0.2777 | Val 0.4280 | Test 0.1431
EarlyStopping counter: 2 out of 5
  Ep 9: Train 0.2766 | Val 0.3881 | Test 0.1436
EarlyStopping counter: 3 out of 5
  Ep 10: Train 0.2678 | Val 0.3965 | Test 0.1429
EarlyStopping counter: 4 out of 5
  Ep 11: Train 0.2668 | Val 0.3865 | Test 0.1396
EarlyStopping counter: 5 out of 5
Early stopping triggered!
/home/sangukchoi/Stroke_SDA/sda_training.py:615: FutureWarning: You are using `torch.load` with `weights_only=False` (the current default value), which uses the default pickle module implicitly. It is possible to construct malicious pickle data which will execute arbitrary code during unpickling (See https://github.com/pytorch/pytorch/blob/main/SECURITY.md#untrusted-models for more details). In a future release, the default value for `weights_only` will be flipped to `True`. This limits the functions that could be executed during unpickling. Arbitrary objects will no longer be allowed to be loaded via this mode unless they are explicitly allowlisted by the user via `torch.serialization.add_safe_globals`. We recommend you start setting `weights_only=True` for any use case where you don't have full control of the loaded file. Please open an issue on GitHub for any issues related to this experimental feature.
  model.load_state_dict(torch.load(os.path.join(out_dir, 'best_model.pth')))
Final Test MSE (Best Model): 0.1384
Finished. Status: Success
