Starting Run on GPU 3
Time: 2025-12-24 18:04:29

[Run Start] Subject S004 | Mode ['SDA'] | Params: L3.0_LS1.0_LR0.0001_E256_D32_Dr0.3

[Fold 1 - SDA] Train: ['S004_T003', 'S004_T005'], Test: S004_T001, Norm: fixed
/home/sangukchoi/.conda/envs/torch_gpu/lib/python3.10/site-packages/torch/nn/modules/rnn.py:123: UserWarning: dropout option adds dropout after all but last recurrent layer, so non-zero dropout expects num_layers greater than 1, but got dropout=0.3 and num_layers=1
  warnings.warn(
  Ep 1: Train 0.5740 | Val 0.6031 | Test 0.1615
Validation loss decreased (0.603109 --> 0.603109).  Saving model ...
  Ep 2: Train 0.4086 | Val 0.5277 | Test 0.1711
Validation loss decreased (0.527686 --> 0.527686).  Saving model ...
  Ep 3: Train 0.3897 | Val 0.5139 | Test 0.1508
Validation loss decreased (0.513881 --> 0.513881).  Saving model ...
  Ep 4: Train 0.3661 | Val 0.5382 | Test 0.1404
EarlyStopping counter: 1 out of 5
  Ep 5: Train 0.3593 | Val 0.4751 | Test 0.1456
Validation loss decreased (0.475123 --> 0.475123).  Saving model ...
  Ep 6: Train 0.3433 | Val 0.4849 | Test 0.1316
EarlyStopping counter: 1 out of 5
  Ep 7: Train 0.3409 | Val 0.4660 | Test 0.1449
Validation loss decreased (0.466050 --> 0.466050).  Saving model ...
  Ep 8: Train 0.3373 | Val 0.5075 | Test 0.1100
EarlyStopping counter: 1 out of 5
  Ep 9: Train 0.3197 | Val 0.5095 | Test 0.0962
EarlyStopping counter: 2 out of 5
  Ep 10: Train 0.3197 | Val 0.4853 | Test 0.0872
EarlyStopping counter: 3 out of 5
  Ep 11: Train 0.3237 | Val 0.5183 | Test 0.1159
EarlyStopping counter: 4 out of 5
  Ep 12: Train 0.3179 | Val 0.4684 | Test 0.1264
EarlyStopping counter: 5 out of 5
Early stopping triggered!
/home/sangukchoi/Stroke_SDA/sda_training.py:615: FutureWarning: You are using `torch.load` with `weights_only=False` (the current default value), which uses the default pickle module implicitly. It is possible to construct malicious pickle data which will execute arbitrary code during unpickling (See https://github.com/pytorch/pytorch/blob/main/SECURITY.md#untrusted-models for more details). In a future release, the default value for `weights_only` will be flipped to `True`. This limits the functions that could be executed during unpickling. Arbitrary objects will no longer be allowed to be loaded via this mode unless they are explicitly allowlisted by the user via `torch.serialization.add_safe_globals`. We recommend you start setting `weights_only=True` for any use case where you don't have full control of the loaded file. Please open an issue on GitHub for any issues related to this experimental feature.
  model.load_state_dict(torch.load(os.path.join(out_dir, 'best_model.pth')))
Final Test MSE (Best Model): 0.1449
Finished. Status: Success
