Starting Run on GPU 1
Time: 2025-12-24 16:58:50

[Run Start] Subject S004 | Mode ['SDA'] | Params: L2.5_LS0.3_LR0.0001_E256_D128_Dr0.3

[Fold 1 - SDA] Train: ['S004_T003', 'S004_T005'], Test: S004_T001, Norm: fixed
/home/sangukchoi/.conda/envs/torch_gpu/lib/python3.10/site-packages/torch/nn/modules/rnn.py:123: UserWarning: dropout option adds dropout after all but last recurrent layer, so non-zero dropout expects num_layers greater than 1, but got dropout=0.3 and num_layers=1
  warnings.warn(
  Ep 1: Train 0.4180 | Val 0.5250 | Test 0.1560
Validation loss decreased (0.524951 --> 0.524951).  Saving model ...
  Ep 2: Train 0.3309 | Val 0.4303 | Test 0.1778
Validation loss decreased (0.430317 --> 0.430317).  Saving model ...
  Ep 3: Train 0.3107 | Val 0.3910 | Test 0.1655
Validation loss decreased (0.390998 --> 0.390998).  Saving model ...
  Ep 4: Train 0.2985 | Val 0.4611 | Test 0.1369
EarlyStopping counter: 1 out of 5
  Ep 5: Train 0.2903 | Val 0.3822 | Test 0.1696
Validation loss decreased (0.382205 --> 0.382205).  Saving model ...
  Ep 6: Train 0.2881 | Val 0.3729 | Test 0.1451
Validation loss decreased (0.372876 --> 0.372876).  Saving model ...
  Ep 7: Train 0.2756 | Val 0.3977 | Test 0.1394
EarlyStopping counter: 1 out of 5
  Ep 8: Train 0.2670 | Val 0.4249 | Test 0.1336
EarlyStopping counter: 2 out of 5
  Ep 9: Train 0.2689 | Val 0.4181 | Test 0.1426
EarlyStopping counter: 3 out of 5
  Ep 10: Train 0.2624 | Val 0.4270 | Test 0.1129
EarlyStopping counter: 4 out of 5
  Ep 11: Train 0.2591 | Val 0.4184 | Test 0.1256
EarlyStopping counter: 5 out of 5
Early stopping triggered!
/home/sangukchoi/Stroke_SDA/sda_training.py:615: FutureWarning: You are using `torch.load` with `weights_only=False` (the current default value), which uses the default pickle module implicitly. It is possible to construct malicious pickle data which will execute arbitrary code during unpickling (See https://github.com/pytorch/pytorch/blob/main/SECURITY.md#untrusted-models for more details). In a future release, the default value for `weights_only` will be flipped to `True`. This limits the functions that could be executed during unpickling. Arbitrary objects will no longer be allowed to be loaded via this mode unless they are explicitly allowlisted by the user via `torch.serialization.add_safe_globals`. We recommend you start setting `weights_only=True` for any use case where you don't have full control of the loaded file. Please open an issue on GitHub for any issues related to this experimental feature.
  model.load_state_dict(torch.load(os.path.join(out_dir, 'best_model.pth')))
Final Test MSE (Best Model): 0.1451
Finished. Status: Success
