Starting Run on GPU 0
Time: 2025-12-24 17:17:29

[Run Start] Subject S004 | Mode ['SDA'] | Params: L2.5_LS1.0_LR0.0001_E64_D64_Dr0.3

[Fold 1 - SDA] Train: ['S004_T003', 'S004_T005'], Test: S004_T001, Norm: fixed
/home/sangukchoi/.conda/envs/torch_gpu/lib/python3.10/site-packages/torch/nn/modules/rnn.py:123: UserWarning: dropout option adds dropout after all but last recurrent layer, so non-zero dropout expects num_layers greater than 1, but got dropout=0.3 and num_layers=1
  warnings.warn(
  Ep 1: Train 0.6773 | Val 0.7922 | Test 0.1458
Validation loss decreased (0.792161 --> 0.792161).  Saving model ...
  Ep 2: Train 0.4625 | Val 0.6103 | Test 0.1603
Validation loss decreased (0.610302 --> 0.610302).  Saving model ...
  Ep 3: Train 0.3942 | Val 0.5168 | Test 0.1493
Validation loss decreased (0.516814 --> 0.516814).  Saving model ...
  Ep 4: Train 0.3658 | Val 0.4530 | Test 0.1487
Validation loss decreased (0.453036 --> 0.453036).  Saving model ...
  Ep 5: Train 0.3486 | Val 0.4588 | Test 0.1449
EarlyStopping counter: 1 out of 5
  Ep 6: Train 0.3411 | Val 0.4107 | Test 0.1345
Validation loss decreased (0.410670 --> 0.410670).  Saving model ...
  Ep 7: Train 0.3326 | Val 0.4229 | Test 0.1329
EarlyStopping counter: 1 out of 5
  Ep 8: Train 0.3252 | Val 0.4093 | Test 0.1356
Validation loss decreased (0.409293 --> 0.409293).  Saving model ...
  Ep 9: Train 0.3164 | Val 0.4018 | Test 0.1122
Validation loss decreased (0.401804 --> 0.401804).  Saving model ...
  Ep 10: Train 0.3112 | Val 0.4141 | Test 0.1035
EarlyStopping counter: 1 out of 5
  Ep 11: Train 0.3098 | Val 0.3921 | Test 0.1088
Validation loss decreased (0.392100 --> 0.392100).  Saving model ...
  Ep 12: Train 0.3081 | Val 0.4102 | Test 0.1027
EarlyStopping counter: 1 out of 5
  Ep 13: Train 0.3002 | Val 0.3996 | Test 0.1047
EarlyStopping counter: 2 out of 5
  Ep 14: Train 0.2961 | Val 0.3990 | Test 0.1041
EarlyStopping counter: 3 out of 5
  Ep 15: Train 0.3024 | Val 0.4235 | Test 0.1208
EarlyStopping counter: 4 out of 5
  Ep 16: Train 0.2958 | Val 0.4269 | Test 0.0910
EarlyStopping counter: 5 out of 5
Early stopping triggered!
/home/sangukchoi/Stroke_SDA/sda_training.py:615: FutureWarning: You are using `torch.load` with `weights_only=False` (the current default value), which uses the default pickle module implicitly. It is possible to construct malicious pickle data which will execute arbitrary code during unpickling (See https://github.com/pytorch/pytorch/blob/main/SECURITY.md#untrusted-models for more details). In a future release, the default value for `weights_only` will be flipped to `True`. This limits the functions that could be executed during unpickling. Arbitrary objects will no longer be allowed to be loaded via this mode unless they are explicitly allowlisted by the user via `torch.serialization.add_safe_globals`. We recommend you start setting `weights_only=True` for any use case where you don't have full control of the loaded file. Please open an issue on GitHub for any issues related to this experimental feature.
  model.load_state_dict(torch.load(os.path.join(out_dir, 'best_model.pth')))
Final Test MSE (Best Model): 0.1088
Finished. Status: Success
