Starting Run on GPU 3
Time: 2025-12-24 17:21:54

[Run Start] Subject S004 | Mode ['SDA'] | Params: L2.5_LS1.0_LR0.0001_E256_D32_Dr0.3

[Fold 1 - SDA] Train: ['S004_T003', 'S004_T005'], Test: S004_T001, Norm: fixed
/home/sangukchoi/.conda/envs/torch_gpu/lib/python3.10/site-packages/torch/nn/modules/rnn.py:123: UserWarning: dropout option adds dropout after all but last recurrent layer, so non-zero dropout expects num_layers greater than 1, but got dropout=0.3 and num_layers=1
  warnings.warn(
  Ep 1: Train 0.5152 | Val 0.4820 | Test 0.1790
Validation loss decreased (0.482037 --> 0.482037).  Saving model ...
  Ep 2: Train 0.3502 | Val 0.4481 | Test 0.1346
Validation loss decreased (0.448142 --> 0.448142).  Saving model ...
  Ep 3: Train 0.3220 | Val 0.4409 | Test 0.1316
Validation loss decreased (0.440937 --> 0.440937).  Saving model ...
  Ep 4: Train 0.3113 | Val 0.4413 | Test 0.1088
EarlyStopping counter: 1 out of 5
  Ep 5: Train 0.3028 | Val 0.4404 | Test 0.1049
Validation loss decreased (0.440365 --> 0.440365).  Saving model ...
  Ep 6: Train 0.2952 | Val 0.4262 | Test 0.1429
Validation loss decreased (0.426184 --> 0.426184).  Saving model ...
  Ep 7: Train 0.2880 | Val 0.4227 | Test 0.1093
Validation loss decreased (0.422710 --> 0.422710).  Saving model ...
  Ep 8: Train 0.2793 | Val 0.4105 | Test 0.1106
Validation loss decreased (0.410462 --> 0.410462).  Saving model ...
  Ep 9: Train 0.2790 | Val 0.4776 | Test 0.1051
EarlyStopping counter: 1 out of 5
  Ep 10: Train 0.2742 | Val 0.4506 | Test 0.1159
EarlyStopping counter: 2 out of 5
  Ep 11: Train 0.2692 | Val 0.4304 | Test 0.1201
EarlyStopping counter: 3 out of 5
  Ep 12: Train 0.2718 | Val 0.4420 | Test 0.1075
EarlyStopping counter: 4 out of 5
  Ep 13: Train 0.2709 | Val 0.4350 | Test 0.1152
EarlyStopping counter: 5 out of 5
Early stopping triggered!
/home/sangukchoi/Stroke_SDA/sda_training.py:615: FutureWarning: You are using `torch.load` with `weights_only=False` (the current default value), which uses the default pickle module implicitly. It is possible to construct malicious pickle data which will execute arbitrary code during unpickling (See https://github.com/pytorch/pytorch/blob/main/SECURITY.md#untrusted-models for more details). In a future release, the default value for `weights_only` will be flipped to `True`. This limits the functions that could be executed during unpickling. Arbitrary objects will no longer be allowed to be loaded via this mode unless they are explicitly allowlisted by the user via `torch.serialization.add_safe_globals`. We recommend you start setting `weights_only=True` for any use case where you don't have full control of the loaded file. Please open an issue on GitHub for any issues related to this experimental feature.
  model.load_state_dict(torch.load(os.path.join(out_dir, 'best_model.pth')))
Final Test MSE (Best Model): 0.1106
Finished. Status: Success
