Starting Run on GPU 2
Time: 2025-12-24 16:57:29

[Run Start] Subject S004 | Mode ['SDA'] | Params: L2.5_LS0.3_LR0.0001_E256_D64_Dr0.3

[Fold 1 - SDA] Train: ['S004_T003', 'S004_T005'], Test: S004_T001, Norm: fixed
/home/sangukchoi/.conda/envs/torch_gpu/lib/python3.10/site-packages/torch/nn/modules/rnn.py:123: UserWarning: dropout option adds dropout after all but last recurrent layer, so non-zero dropout expects num_layers greater than 1, but got dropout=0.3 and num_layers=1
  warnings.warn(
  Ep 1: Train 0.4270 | Val 0.5831 | Test 0.1643
Validation loss decreased (0.583078 --> 0.583078).  Saving model ...
  Ep 2: Train 0.3220 | Val 0.4167 | Test 0.1560
Validation loss decreased (0.416722 --> 0.416722).  Saving model ...
  Ep 3: Train 0.2982 | Val 0.3913 | Test 0.1859
Validation loss decreased (0.391258 --> 0.391258).  Saving model ...
  Ep 4: Train 0.2870 | Val 0.3817 | Test 0.2005
Validation loss decreased (0.381710 --> 0.381710).  Saving model ...
  Ep 5: Train 0.2785 | Val 0.3761 | Test 0.1908
Validation loss decreased (0.376068 --> 0.376068).  Saving model ...
  Ep 6: Train 0.2745 | Val 0.4314 | Test 0.1810
EarlyStopping counter: 1 out of 5
  Ep 7: Train 0.2695 | Val 0.4192 | Test 0.1657
EarlyStopping counter: 2 out of 5
  Ep 8: Train 0.2621 | Val 0.3988 | Test 0.1409
EarlyStopping counter: 3 out of 5
  Ep 9: Train 0.2582 | Val 0.4166 | Test 0.1495
EarlyStopping counter: 4 out of 5
  Ep 10: Train 0.2577 | Val 0.4410 | Test 0.1549
EarlyStopping counter: 5 out of 5
Early stopping triggered!
/home/sangukchoi/Stroke_SDA/sda_training.py:615: FutureWarning: You are using `torch.load` with `weights_only=False` (the current default value), which uses the default pickle module implicitly. It is possible to construct malicious pickle data which will execute arbitrary code during unpickling (See https://github.com/pytorch/pytorch/blob/main/SECURITY.md#untrusted-models for more details). In a future release, the default value for `weights_only` will be flipped to `True`. This limits the functions that could be executed during unpickling. Arbitrary objects will no longer be allowed to be loaded via this mode unless they are explicitly allowlisted by the user via `torch.serialization.add_safe_globals`. We recommend you start setting `weights_only=True` for any use case where you don't have full control of the loaded file. Please open an issue on GitHub for any issues related to this experimental feature.
  model.load_state_dict(torch.load(os.path.join(out_dir, 'best_model.pth')))
Final Test MSE (Best Model): 0.1908
Finished. Status: Success
