Starting Run on GPU 3
Time: 2025-12-24 17:57:31

[Run Start] Subject S004 | Mode ['SDA'] | Params: L3.0_LS0.7_LR0.0001_E256_D64_Dr0.3

[Fold 1 - SDA] Train: ['S004_T003', 'S004_T005'], Test: S004_T001, Norm: fixed
/home/sangukchoi/.conda/envs/torch_gpu/lib/python3.10/site-packages/torch/nn/modules/rnn.py:123: UserWarning: dropout option adds dropout after all but last recurrent layer, so non-zero dropout expects num_layers greater than 1, but got dropout=0.3 and num_layers=1
  warnings.warn(
  Ep 1: Train 0.5497 | Val 0.6283 | Test 0.1666
Validation loss decreased (0.628316 --> 0.628316).  Saving model ...
  Ep 2: Train 0.3938 | Val 0.5505 | Test 0.1641
Validation loss decreased (0.550486 --> 0.550486).  Saving model ...
  Ep 3: Train 0.3689 | Val 0.4561 | Test 0.1575
Validation loss decreased (0.456052 --> 0.456052).  Saving model ...
  Ep 4: Train 0.3543 | Val 0.4496 | Test 0.1682
Validation loss decreased (0.449567 --> 0.449567).  Saving model ...
  Ep 5: Train 0.3372 | Val 0.5162 | Test 0.1422
EarlyStopping counter: 1 out of 5
  Ep 6: Train 0.3371 | Val 0.5051 | Test 0.1462
EarlyStopping counter: 2 out of 5
  Ep 7: Train 0.3240 | Val 0.4870 | Test 0.1073
EarlyStopping counter: 3 out of 5
  Ep 8: Train 0.3249 | Val 0.4876 | Test 0.1120
EarlyStopping counter: 4 out of 5
  Ep 9: Train 0.3188 | Val 0.5442 | Test 0.1043
EarlyStopping counter: 5 out of 5
Early stopping triggered!
/home/sangukchoi/Stroke_SDA/sda_training.py:615: FutureWarning: You are using `torch.load` with `weights_only=False` (the current default value), which uses the default pickle module implicitly. It is possible to construct malicious pickle data which will execute arbitrary code during unpickling (See https://github.com/pytorch/pytorch/blob/main/SECURITY.md#untrusted-models for more details). In a future release, the default value for `weights_only` will be flipped to `True`. This limits the functions that could be executed during unpickling. Arbitrary objects will no longer be allowed to be loaded via this mode unless they are explicitly allowlisted by the user via `torch.serialization.add_safe_globals`. We recommend you start setting `weights_only=True` for any use case where you don't have full control of the loaded file. Please open an issue on GitHub for any issues related to this experimental feature.
  model.load_state_dict(torch.load(os.path.join(out_dir, 'best_model.pth')))
Final Test MSE (Best Model): 0.1682
Finished. Status: Success
