Starting Run on GPU 2
Time: 2025-12-24 16:43:07

[Run Start] Subject S004 | Mode ['SDA'] | Params: L2.0_LS1.0_LR0.0001_E64_D128_Dr0.3

[Fold 1 - SDA] Train: ['S004_T003', 'S004_T005'], Test: S004_T001, Norm: fixed
/home/sangukchoi/.conda/envs/torch_gpu/lib/python3.10/site-packages/torch/nn/modules/rnn.py:123: UserWarning: dropout option adds dropout after all but last recurrent layer, so non-zero dropout expects num_layers greater than 1, but got dropout=0.3 and num_layers=1
  warnings.warn(
  Ep 1: Train 0.5699 | Val 0.5919 | Test 0.1406
Validation loss decreased (0.591922 --> 0.591922).  Saving model ...
  Ep 2: Train 0.3686 | Val 0.4171 | Test 0.1501
Validation loss decreased (0.417147 --> 0.417147).  Saving model ...
  Ep 3: Train 0.3248 | Val 0.3970 | Test 0.1415
Validation loss decreased (0.397014 --> 0.397014).  Saving model ...
  Ep 4: Train 0.3093 | Val 0.3758 | Test 0.1381
Validation loss decreased (0.375777 --> 0.375777).  Saving model ...
  Ep 5: Train 0.2964 | Val 0.3457 | Test 0.1369
Validation loss decreased (0.345731 --> 0.345731).  Saving model ...
  Ep 6: Train 0.2914 | Val 0.3739 | Test 0.1273
EarlyStopping counter: 1 out of 5
  Ep 7: Train 0.2854 | Val 0.3687 | Test 0.1143
EarlyStopping counter: 2 out of 5
  Ep 8: Train 0.2845 | Val 0.3400 | Test 0.1250
Validation loss decreased (0.339991 --> 0.339991).  Saving model ...
  Ep 9: Train 0.2755 | Val 0.3491 | Test 0.1180
EarlyStopping counter: 1 out of 5
  Ep 10: Train 0.2736 | Val 0.3219 | Test 0.1123
Validation loss decreased (0.321894 --> 0.321894).  Saving model ...
  Ep 11: Train 0.2705 | Val 0.3609 | Test 0.1187
EarlyStopping counter: 1 out of 5
  Ep 12: Train 0.2700 | Val 0.3735 | Test 0.1072
EarlyStopping counter: 2 out of 5
  Ep 13: Train 0.2635 | Val 0.3617 | Test 0.1209
EarlyStopping counter: 3 out of 5
  Ep 14: Train 0.2593 | Val 0.3627 | Test 0.1345
EarlyStopping counter: 4 out of 5
  Ep 15: Train 0.2596 | Val 0.3562 | Test 0.1270
EarlyStopping counter: 5 out of 5
Early stopping triggered!
/home/sangukchoi/Stroke_SDA/sda_training.py:615: FutureWarning: You are using `torch.load` with `weights_only=False` (the current default value), which uses the default pickle module implicitly. It is possible to construct malicious pickle data which will execute arbitrary code during unpickling (See https://github.com/pytorch/pytorch/blob/main/SECURITY.md#untrusted-models for more details). In a future release, the default value for `weights_only` will be flipped to `True`. This limits the functions that could be executed during unpickling. Arbitrary objects will no longer be allowed to be loaded via this mode unless they are explicitly allowlisted by the user via `torch.serialization.add_safe_globals`. We recommend you start setting `weights_only=True` for any use case where you don't have full control of the loaded file. Please open an issue on GitHub for any issues related to this experimental feature.
  model.load_state_dict(torch.load(os.path.join(out_dir, 'best_model.pth')))
Final Test MSE (Best Model): 0.1123
Finished. Status: Success
