Starting Run on GPU 1
Time: 2025-12-24 18:05:42

[Run Start] Subject S004 | Mode ['SDA'] | Params: L3.0_LS1.0_LR0.0001_E256_D64_Dr0.3

[Fold 1 - SDA] Train: ['S004_T003', 'S004_T005'], Test: S004_T001, Norm: fixed
/home/sangukchoi/.conda/envs/torch_gpu/lib/python3.10/site-packages/torch/nn/modules/rnn.py:123: UserWarning: dropout option adds dropout after all but last recurrent layer, so non-zero dropout expects num_layers greater than 1, but got dropout=0.3 and num_layers=1
  warnings.warn(
  Ep 1: Train 0.5867 | Val 0.6334 | Test 0.1694
Validation loss decreased (0.633393 --> 0.633393).  Saving model ...
  Ep 2: Train 0.4126 | Val 0.5377 | Test 0.1618
Validation loss decreased (0.537711 --> 0.537711).  Saving model ...
  Ep 3: Train 0.3820 | Val 0.4769 | Test 0.1668
Validation loss decreased (0.476923 --> 0.476923).  Saving model ...
  Ep 4: Train 0.3649 | Val 0.4947 | Test 0.1370
EarlyStopping counter: 1 out of 5
  Ep 5: Train 0.3647 | Val 0.4707 | Test 0.1177
Validation loss decreased (0.470669 --> 0.470669).  Saving model ...
  Ep 6: Train 0.3474 | Val 0.4764 | Test 0.1298
EarlyStopping counter: 1 out of 5
  Ep 7: Train 0.3395 | Val 0.5286 | Test 0.1023
EarlyStopping counter: 2 out of 5
  Ep 8: Train 0.3254 | Val 0.5382 | Test 0.1281
EarlyStopping counter: 3 out of 5
  Ep 9: Train 0.3231 | Val 0.5190 | Test 0.1020
EarlyStopping counter: 4 out of 5
  Ep 10: Train 0.3253 | Val 0.5018 | Test 0.0996
EarlyStopping counter: 5 out of 5
Early stopping triggered!
/home/sangukchoi/Stroke_SDA/sda_training.py:615: FutureWarning: You are using `torch.load` with `weights_only=False` (the current default value), which uses the default pickle module implicitly. It is possible to construct malicious pickle data which will execute arbitrary code during unpickling (See https://github.com/pytorch/pytorch/blob/main/SECURITY.md#untrusted-models for more details). In a future release, the default value for `weights_only` will be flipped to `True`. This limits the functions that could be executed during unpickling. Arbitrary objects will no longer be allowed to be loaded via this mode unless they are explicitly allowlisted by the user via `torch.serialization.add_safe_globals`. We recommend you start setting `weights_only=True` for any use case where you don't have full control of the loaded file. Please open an issue on GitHub for any issues related to this experimental feature.
  model.load_state_dict(torch.load(os.path.join(out_dir, 'best_model.pth')))
Final Test MSE (Best Model): 0.1177
Finished. Status: Success
