Starting Run on GPU 2
Time: 2025-12-24 16:38:22

[Run Start] Subject S004 | Mode ['SDA'] | Params: L2.0_LS0.7_LR0.0001_E128_D128_Dr0.3

[Fold 1 - SDA] Train: ['S004_T003', 'S004_T005'], Test: S004_T001, Norm: fixed
/home/sangukchoi/.conda/envs/torch_gpu/lib/python3.10/site-packages/torch/nn/modules/rnn.py:123: UserWarning: dropout option adds dropout after all but last recurrent layer, so non-zero dropout expects num_layers greater than 1, but got dropout=0.3 and num_layers=1
  warnings.warn(
  Ep 1: Train 0.4541 | Val 0.5097 | Test 0.1484
Validation loss decreased (0.509715 --> 0.509715).  Saving model ...
  Ep 2: Train 0.3152 | Val 0.3713 | Test 0.1550
Validation loss decreased (0.371341 --> 0.371341).  Saving model ...
  Ep 3: Train 0.2857 | Val 0.3327 | Test 0.1418
Validation loss decreased (0.332656 --> 0.332656).  Saving model ...
  Ep 4: Train 0.2720 | Val 0.3419 | Test 0.1282
EarlyStopping counter: 1 out of 5
  Ep 5: Train 0.2670 | Val 0.3200 | Test 0.1340
Validation loss decreased (0.319954 --> 0.319954).  Saving model ...
  Ep 6: Train 0.2616 | Val 0.3621 | Test 0.1147
EarlyStopping counter: 1 out of 5
  Ep 7: Train 0.2545 | Val 0.3281 | Test 0.1304
EarlyStopping counter: 2 out of 5
  Ep 8: Train 0.2489 | Val 0.3335 | Test 0.1172
EarlyStopping counter: 3 out of 5
  Ep 9: Train 0.2464 | Val 0.3180 | Test 0.1211
Validation loss decreased (0.317953 --> 0.317953).  Saving model ...
  Ep 10: Train 0.2463 | Val 0.3405 | Test 0.1159
EarlyStopping counter: 1 out of 5
  Ep 11: Train 0.2366 | Val 0.3160 | Test 0.1128
Validation loss decreased (0.315976 --> 0.315976).  Saving model ...
  Ep 12: Train 0.2307 | Val 0.3434 | Test 0.1034
EarlyStopping counter: 1 out of 5
  Ep 13: Train 0.2282 | Val 0.3498 | Test 0.1032
EarlyStopping counter: 2 out of 5
  Ep 14: Train 0.2290 | Val 0.3336 | Test 0.1015
EarlyStopping counter: 3 out of 5
  Ep 15: Train 0.2266 | Val 0.3562 | Test 0.0883
EarlyStopping counter: 4 out of 5
  Ep 16: Train 0.2241 | Val 0.3204 | Test 0.1193
EarlyStopping counter: 5 out of 5
Early stopping triggered!
/home/sangukchoi/Stroke_SDA/sda_training.py:615: FutureWarning: You are using `torch.load` with `weights_only=False` (the current default value), which uses the default pickle module implicitly. It is possible to construct malicious pickle data which will execute arbitrary code during unpickling (See https://github.com/pytorch/pytorch/blob/main/SECURITY.md#untrusted-models for more details). In a future release, the default value for `weights_only` will be flipped to `True`. This limits the functions that could be executed during unpickling. Arbitrary objects will no longer be allowed to be loaded via this mode unless they are explicitly allowlisted by the user via `torch.serialization.add_safe_globals`. We recommend you start setting `weights_only=True` for any use case where you don't have full control of the loaded file. Please open an issue on GitHub for any issues related to this experimental feature.
  model.load_state_dict(torch.load(os.path.join(out_dir, 'best_model.pth')))
Final Test MSE (Best Model): 0.1128
Finished. Status: Success
