Starting Run on GPU 0
Time: 2025-12-24 15:37:03

[Run Start] Subject S004 | Mode ['SDA'] | Params: L0.5_LS0.7_LR0.0001_E256_D64_Dr0.3

[Fold 1 - SDA] Train: ['S004_T003', 'S004_T005'], Test: S004_T001, Norm: fixed
/home/sangukchoi/.conda/envs/torch_gpu/lib/python3.10/site-packages/torch/nn/modules/rnn.py:123: UserWarning: dropout option adds dropout after all but last recurrent layer, so non-zero dropout expects num_layers greater than 1, but got dropout=0.3 and num_layers=1
  warnings.warn(
  Ep 1: Train 0.1890 | Val 0.1391 | Test 0.1005
Validation loss decreased (0.139079 --> 0.139079).  Saving model ...
  Ep 2: Train 0.1123 | Val 0.1286 | Test 0.1318
Validation loss decreased (0.128608 --> 0.128608).  Saving model ...
  Ep 3: Train 0.0982 | Val 0.1148 | Test 0.1043
Validation loss decreased (0.114773 --> 0.114773).  Saving model ...
  Ep 4: Train 0.0895 | Val 0.1103 | Test 0.1285
Validation loss decreased (0.110330 --> 0.110330).  Saving model ...
  Ep 5: Train 0.0837 | Val 0.1065 | Test 0.1242
Validation loss decreased (0.106511 --> 0.106511).  Saving model ...
  Ep 6: Train 0.0821 | Val 0.1065 | Test 0.1418
EarlyStopping counter: 1 out of 5
  Ep 7: Train 0.0789 | Val 0.1096 | Test 0.1375
EarlyStopping counter: 2 out of 5
  Ep 8: Train 0.0767 | Val 0.0972 | Test 0.1383
Validation loss decreased (0.097211 --> 0.097211).  Saving model ...
  Ep 9: Train 0.0772 | Val 0.1042 | Test 0.1266
EarlyStopping counter: 1 out of 5
  Ep 10: Train 0.0721 | Val 0.0935 | Test 0.1535
Validation loss decreased (0.093457 --> 0.093457).  Saving model ...
  Ep 11: Train 0.0710 | Val 0.0977 | Test 0.1433
EarlyStopping counter: 1 out of 5
  Ep 12: Train 0.0702 | Val 0.0970 | Test 0.1439
EarlyStopping counter: 2 out of 5
  Ep 13: Train 0.0731 | Val 0.1314 | Test 0.1462
EarlyStopping counter: 3 out of 5
  Ep 14: Train 0.0718 | Val 0.0906 | Test 0.1484
Validation loss decreased (0.090645 --> 0.090645).  Saving model ...
  Ep 15: Train 0.0679 | Val 0.0948 | Test 0.1433
EarlyStopping counter: 1 out of 5
  Ep 16: Train 0.0663 | Val 0.0896 | Test 0.1526
Validation loss decreased (0.089603 --> 0.089603).  Saving model ...
  Ep 17: Train 0.0648 | Val 0.0895 | Test 0.1669
EarlyStopping counter: 1 out of 5
  Ep 18: Train 0.0645 | Val 0.0865 | Test 0.1591
Validation loss decreased (0.086522 --> 0.086522).  Saving model ...
  Ep 19: Train 0.0655 | Val 0.0875 | Test 0.1696
EarlyStopping counter: 1 out of 5
  Ep 20: Train 0.0654 | Val 0.0941 | Test 0.1689
EarlyStopping counter: 2 out of 5
  Ep 21: Train 0.0646 | Val 0.0975 | Test 0.1700
EarlyStopping counter: 3 out of 5
  Ep 22: Train 0.0643 | Val 0.0844 | Test 0.1715
Validation loss decreased (0.084432 --> 0.084432).  Saving model ...
  Ep 23: Train 0.0627 | Val 0.0897 | Test 0.1690
EarlyStopping counter: 1 out of 5
  Ep 24: Train 0.0617 | Val 0.0857 | Test 0.1670
EarlyStopping counter: 2 out of 5
  Ep 25: Train 0.0611 | Val 0.0842 | Test 0.1772
EarlyStopping counter: 3 out of 5
  Ep 26: Train 0.0625 | Val 0.0824 | Test 0.1915
Validation loss decreased (0.082408 --> 0.082408).  Saving model ...
  Ep 27: Train 0.0603 | Val 0.0834 | Test 0.1561
EarlyStopping counter: 1 out of 5
  Ep 28: Train 0.0598 | Val 0.0944 | Test 0.1844
EarlyStopping counter: 2 out of 5
  Ep 29: Train 0.0584 | Val 0.0850 | Test 0.1911
EarlyStopping counter: 3 out of 5
  Ep 30: Train 0.0584 | Val 0.0859 | Test 0.1886
EarlyStopping counter: 4 out of 5
  Ep 31: Train 0.0585 | Val 0.0854 | Test 0.1882
EarlyStopping counter: 5 out of 5
Early stopping triggered!
/home/sangukchoi/Stroke_SDA/sda_training.py:615: FutureWarning: You are using `torch.load` with `weights_only=False` (the current default value), which uses the default pickle module implicitly. It is possible to construct malicious pickle data which will execute arbitrary code during unpickling (See https://github.com/pytorch/pytorch/blob/main/SECURITY.md#untrusted-models for more details). In a future release, the default value for `weights_only` will be flipped to `True`. This limits the functions that could be executed during unpickling. Arbitrary objects will no longer be allowed to be loaded via this mode unless they are explicitly allowlisted by the user via `torch.serialization.add_safe_globals`. We recommend you start setting `weights_only=True` for any use case where you don't have full control of the loaded file. Please open an issue on GitHub for any issues related to this experimental feature.
  model.load_state_dict(torch.load(os.path.join(out_dir, 'best_model.pth')))
Final Test MSE (Best Model): 0.1915
Finished. Status: Success
