Starting Run on GPU 0
Time: 2025-12-24 16:13:13

[Run Start] Subject S004 | Mode ['SDA'] | Params: L1.0_LS1.0_LR0.0001_E256_D32_Dr0.3

[Fold 1 - SDA] Train: ['S004_T003', 'S004_T005'], Test: S004_T001, Norm: fixed
/home/sangukchoi/.conda/envs/torch_gpu/lib/python3.10/site-packages/torch/nn/modules/rnn.py:123: UserWarning: dropout option adds dropout after all but last recurrent layer, so non-zero dropout expects num_layers greater than 1, but got dropout=0.3 and num_layers=1
  warnings.warn(
  Ep 1: Train 0.2972 | Val 0.2275 | Test 0.1143
Validation loss decreased (0.227528 --> 0.227528).  Saving model ...
  Ep 2: Train 0.1786 | Val 0.2066 | Test 0.1143
Validation loss decreased (0.206561 --> 0.206561).  Saving model ...
  Ep 3: Train 0.1603 | Val 0.1996 | Test 0.1023
Validation loss decreased (0.199596 --> 0.199596).  Saving model ...
  Ep 4: Train 0.1545 | Val 0.1926 | Test 0.0901
Validation loss decreased (0.192640 --> 0.192640).  Saving model ...
  Ep 5: Train 0.1506 | Val 0.1992 | Test 0.1047
EarlyStopping counter: 1 out of 5
  Ep 6: Train 0.1460 | Val 0.1985 | Test 0.0954
EarlyStopping counter: 2 out of 5
  Ep 7: Train 0.1435 | Val 0.2020 | Test 0.0947
EarlyStopping counter: 3 out of 5
  Ep 8: Train 0.1425 | Val 0.1848 | Test 0.0888
Validation loss decreased (0.184850 --> 0.184850).  Saving model ...
  Ep 9: Train 0.1405 | Val 0.1993 | Test 0.1009
EarlyStopping counter: 1 out of 5
  Ep 10: Train 0.1335 | Val 0.1899 | Test 0.1037
EarlyStopping counter: 2 out of 5
  Ep 11: Train 0.1360 | Val 0.1888 | Test 0.0979
EarlyStopping counter: 3 out of 5
  Ep 12: Train 0.1317 | Val 0.1865 | Test 0.1153
EarlyStopping counter: 4 out of 5
  Ep 13: Train 0.1293 | Val 0.1755 | Test 0.1119
Validation loss decreased (0.175491 --> 0.175491).  Saving model ...
  Ep 14: Train 0.1269 | Val 0.1929 | Test 0.1318
EarlyStopping counter: 1 out of 5
  Ep 15: Train 0.1262 | Val 0.1774 | Test 0.1247
EarlyStopping counter: 2 out of 5
  Ep 16: Train 0.1254 | Val 0.1738 | Test 0.1182
Validation loss decreased (0.173777 --> 0.173777).  Saving model ...
  Ep 17: Train 0.1239 | Val 0.1591 | Test 0.1147
Validation loss decreased (0.159050 --> 0.159050).  Saving model ...
  Ep 18: Train 0.1220 | Val 0.1712 | Test 0.1340
EarlyStopping counter: 1 out of 5
  Ep 19: Train 0.1235 | Val 0.1651 | Test 0.1341
EarlyStopping counter: 2 out of 5
  Ep 20: Train 0.1246 | Val 0.1938 | Test 0.1091
EarlyStopping counter: 3 out of 5
  Ep 21: Train 0.1202 | Val 0.1702 | Test 0.1415
EarlyStopping counter: 4 out of 5
  Ep 22: Train 0.1187 | Val 0.1670 | Test 0.1218
EarlyStopping counter: 5 out of 5
Early stopping triggered!
/home/sangukchoi/Stroke_SDA/sda_training.py:615: FutureWarning: You are using `torch.load` with `weights_only=False` (the current default value), which uses the default pickle module implicitly. It is possible to construct malicious pickle data which will execute arbitrary code during unpickling (See https://github.com/pytorch/pytorch/blob/main/SECURITY.md#untrusted-models for more details). In a future release, the default value for `weights_only` will be flipped to `True`. This limits the functions that could be executed during unpickling. Arbitrary objects will no longer be allowed to be loaded via this mode unless they are explicitly allowlisted by the user via `torch.serialization.add_safe_globals`. We recommend you start setting `weights_only=True` for any use case where you don't have full control of the loaded file. Please open an issue on GitHub for any issues related to this experimental feature.
  model.load_state_dict(torch.load(os.path.join(out_dir, 'best_model.pth')))
Final Test MSE (Best Model): 0.1147
Finished. Status: Success
