Starting Run on GPU 1
Time: 2025-12-24 16:22:26

[Run Start] Subject S004 | Mode ['SDA'] | Params: L1.5_LS0.7_LR0.0001_E256_D64_Dr0.3

[Fold 1 - SDA] Train: ['S004_T003', 'S004_T005'], Test: S004_T001, Norm: fixed
/home/sangukchoi/.conda/envs/torch_gpu/lib/python3.10/site-packages/torch/nn/modules/rnn.py:123: UserWarning: dropout option adds dropout after all but last recurrent layer, so non-zero dropout expects num_layers greater than 1, but got dropout=0.3 and num_layers=1
  warnings.warn(
  Ep 1: Train 0.3312 | Val 0.3017 | Test 0.1695
Validation loss decreased (0.301681 --> 0.301681).  Saving model ...
  Ep 2: Train 0.2240 | Val 0.2628 | Test 0.1539
Validation loss decreased (0.262827 --> 0.262827).  Saving model ...
  Ep 3: Train 0.2066 | Val 0.2654 | Test 0.1384
EarlyStopping counter: 1 out of 5
  Ep 4: Train 0.1969 | Val 0.2937 | Test 0.1148
EarlyStopping counter: 2 out of 5
  Ep 5: Train 0.1940 | Val 0.2779 | Test 0.1045
EarlyStopping counter: 3 out of 5
  Ep 6: Train 0.1851 | Val 0.2672 | Test 0.1112
EarlyStopping counter: 4 out of 5
  Ep 7: Train 0.1816 | Val 0.2708 | Test 0.1068
EarlyStopping counter: 5 out of 5
Early stopping triggered!
/home/sangukchoi/Stroke_SDA/sda_training.py:615: FutureWarning: You are using `torch.load` with `weights_only=False` (the current default value), which uses the default pickle module implicitly. It is possible to construct malicious pickle data which will execute arbitrary code during unpickling (See https://github.com/pytorch/pytorch/blob/main/SECURITY.md#untrusted-models for more details). In a future release, the default value for `weights_only` will be flipped to `True`. This limits the functions that could be executed during unpickling. Arbitrary objects will no longer be allowed to be loaded via this mode unless they are explicitly allowlisted by the user via `torch.serialization.add_safe_globals`. We recommend you start setting `weights_only=True` for any use case where you don't have full control of the loaded file. Please open an issue on GitHub for any issues related to this experimental feature.
  model.load_state_dict(torch.load(os.path.join(out_dir, 'best_model.pth')))
Final Test MSE (Best Model): 0.1539
Finished. Status: Success
