Starting Run on GPU 3
Time: 2025-12-24 15:30:59

[Run Start] Subject S004 | Mode ['SDA'] | Params: L0.5_LS0.7_LR0.0001_E128_D32_Dr0.3

[Fold 1 - SDA] Train: ['S004_T003', 'S004_T005'], Test: S004_T001, Norm: fixed
/home/sangukchoi/.conda/envs/torch_gpu/lib/python3.10/site-packages/torch/nn/modules/rnn.py:123: UserWarning: dropout option adds dropout after all but last recurrent layer, so non-zero dropout expects num_layers greater than 1, but got dropout=0.3 and num_layers=1
  warnings.warn(
  Ep 1: Train 0.2395 | Val 0.1428 | Test 0.1360
Validation loss decreased (0.142806 --> 0.142806).  Saving model ...
  Ep 2: Train 0.1203 | Val 0.1202 | Test 0.1087
Validation loss decreased (0.120243 --> 0.120243).  Saving model ...
  Ep 3: Train 0.1018 | Val 0.1053 | Test 0.1120
Validation loss decreased (0.105252 --> 0.105252).  Saving model ...
  Ep 4: Train 0.0951 | Val 0.1117 | Test 0.1267
EarlyStopping counter: 1 out of 5
  Ep 5: Train 0.0905 | Val 0.1008 | Test 0.1575
Validation loss decreased (0.100817 --> 0.100817).  Saving model ...
  Ep 6: Train 0.0845 | Val 0.1014 | Test 0.1563
EarlyStopping counter: 1 out of 5
  Ep 7: Train 0.0836 | Val 0.1062 | Test 0.1653
EarlyStopping counter: 2 out of 5
  Ep 8: Train 0.0813 | Val 0.0970 | Test 0.1755
Validation loss decreased (0.096966 --> 0.096966).  Saving model ...
  Ep 9: Train 0.0803 | Val 0.1014 | Test 0.1452
EarlyStopping counter: 1 out of 5
  Ep 10: Train 0.0782 | Val 0.0996 | Test 0.1478
EarlyStopping counter: 2 out of 5
  Ep 11: Train 0.0777 | Val 0.0947 | Test 0.1594
Validation loss decreased (0.094732 --> 0.094732).  Saving model ...
  Ep 12: Train 0.0768 | Val 0.0956 | Test 0.1538
EarlyStopping counter: 1 out of 5
  Ep 13: Train 0.0755 | Val 0.0947 | Test 0.1409
EarlyStopping counter: 2 out of 5
  Ep 14: Train 0.0739 | Val 0.0983 | Test 0.1544
EarlyStopping counter: 3 out of 5
  Ep 15: Train 0.0720 | Val 0.0908 | Test 0.1378
Validation loss decreased (0.090807 --> 0.090807).  Saving model ...
  Ep 16: Train 0.0719 | Val 0.0885 | Test 0.1397
Validation loss decreased (0.088462 --> 0.088462).  Saving model ...
  Ep 17: Train 0.0703 | Val 0.0877 | Test 0.1325
Validation loss decreased (0.087749 --> 0.087749).  Saving model ...
  Ep 18: Train 0.0704 | Val 0.0956 | Test 0.1371
EarlyStopping counter: 1 out of 5
  Ep 19: Train 0.0681 | Val 0.0960 | Test 0.1429
EarlyStopping counter: 2 out of 5
  Ep 20: Train 0.0680 | Val 0.0927 | Test 0.1378
EarlyStopping counter: 3 out of 5
  Ep 21: Train 0.0670 | Val 0.0896 | Test 0.1410
EarlyStopping counter: 4 out of 5
  Ep 22: Train 0.0664 | Val 0.0880 | Test 0.1429
EarlyStopping counter: 5 out of 5
Early stopping triggered!
/home/sangukchoi/Stroke_SDA/sda_training.py:615: FutureWarning: You are using `torch.load` with `weights_only=False` (the current default value), which uses the default pickle module implicitly. It is possible to construct malicious pickle data which will execute arbitrary code during unpickling (See https://github.com/pytorch/pytorch/blob/main/SECURITY.md#untrusted-models for more details). In a future release, the default value for `weights_only` will be flipped to `True`. This limits the functions that could be executed during unpickling. Arbitrary objects will no longer be allowed to be loaded via this mode unless they are explicitly allowlisted by the user via `torch.serialization.add_safe_globals`. We recommend you start setting `weights_only=True` for any use case where you don't have full control of the loaded file. Please open an issue on GitHub for any issues related to this experimental feature.
  model.load_state_dict(torch.load(os.path.join(out_dir, 'best_model.pth')))
Final Test MSE (Best Model): 0.1325
Finished. Status: Success
