Starting Run on GPU 2
Time: 2025-12-24 15:45:00

[Run Start] Subject S004 | Mode ['SDA'] | Params: L0.5_LS1.0_LR0.0001_E64_D128_Dr0.3

[Fold 1 - SDA] Train: ['S004_T003', 'S004_T005'], Test: S004_T001, Norm: fixed
/home/sangukchoi/.conda/envs/torch_gpu/lib/python3.10/site-packages/torch/nn/modules/rnn.py:123: UserWarning: dropout option adds dropout after all but last recurrent layer, so non-zero dropout expects num_layers greater than 1, but got dropout=0.3 and num_layers=1
  warnings.warn(
  Ep 1: Train 0.3486 | Val 0.1956 | Test 0.1428
Validation loss decreased (0.195618 --> 0.195618).  Saving model ...
  Ep 2: Train 0.1552 | Val 0.1416 | Test 0.0907
Validation loss decreased (0.141600 --> 0.141600).  Saving model ...
  Ep 3: Train 0.1277 | Val 0.1290 | Test 0.0991
Validation loss decreased (0.129012 --> 0.129012).  Saving model ...
  Ep 4: Train 0.1180 | Val 0.1268 | Test 0.1048
Validation loss decreased (0.126835 --> 0.126835).  Saving model ...
  Ep 5: Train 0.1133 | Val 0.1169 | Test 0.1115
Validation loss decreased (0.116938 --> 0.116938).  Saving model ...
  Ep 6: Train 0.1099 | Val 0.1170 | Test 0.1239
EarlyStopping counter: 1 out of 5
  Ep 7: Train 0.1064 | Val 0.1126 | Test 0.1281
Validation loss decreased (0.112633 --> 0.112633).  Saving model ...
  Ep 8: Train 0.1033 | Val 0.1136 | Test 0.1414
EarlyStopping counter: 1 out of 5
  Ep 9: Train 0.1029 | Val 0.1147 | Test 0.1488
EarlyStopping counter: 2 out of 5
  Ep 10: Train 0.1014 | Val 0.1061 | Test 0.1571
Validation loss decreased (0.106079 --> 0.106079).  Saving model ...
  Ep 11: Train 0.0999 | Val 0.1114 | Test 0.1532
EarlyStopping counter: 1 out of 5
  Ep 12: Train 0.0977 | Val 0.1125 | Test 0.1640
EarlyStopping counter: 2 out of 5
  Ep 13: Train 0.0971 | Val 0.1151 | Test 0.1902
EarlyStopping counter: 3 out of 5
  Ep 14: Train 0.0957 | Val 0.1043 | Test 0.1619
Validation loss decreased (0.104284 --> 0.104284).  Saving model ...
  Ep 15: Train 0.0944 | Val 0.1066 | Test 0.1883
EarlyStopping counter: 1 out of 5
  Ep 16: Train 0.0946 | Val 0.1156 | Test 0.1911
EarlyStopping counter: 2 out of 5
  Ep 17: Train 0.0928 | Val 0.1086 | Test 0.1816
EarlyStopping counter: 3 out of 5
  Ep 18: Train 0.0926 | Val 0.1064 | Test 0.1914
EarlyStopping counter: 4 out of 5
  Ep 19: Train 0.0914 | Val 0.1103 | Test 0.1746
EarlyStopping counter: 5 out of 5
Early stopping triggered!
/home/sangukchoi/Stroke_SDA/sda_training.py:615: FutureWarning: You are using `torch.load` with `weights_only=False` (the current default value), which uses the default pickle module implicitly. It is possible to construct malicious pickle data which will execute arbitrary code during unpickling (See https://github.com/pytorch/pytorch/blob/main/SECURITY.md#untrusted-models for more details). In a future release, the default value for `weights_only` will be flipped to `True`. This limits the functions that could be executed during unpickling. Arbitrary objects will no longer be allowed to be loaded via this mode unless they are explicitly allowlisted by the user via `torch.serialization.add_safe_globals`. We recommend you start setting `weights_only=True` for any use case where you don't have full control of the loaded file. Please open an issue on GitHub for any issues related to this experimental feature.
  model.load_state_dict(torch.load(os.path.join(out_dir, 'best_model.pth')))
Final Test MSE (Best Model): 0.1619
Finished. Status: Success
