Starting Run on GPU 2
Time: 2025-12-24 15:30:36

[Run Start] Subject S004 | Mode ['SDA'] | Params: L0.5_LS0.7_LR0.0001_E64_D128_Dr0.3

[Fold 1 - SDA] Train: ['S004_T003', 'S004_T005'], Test: S004_T001, Norm: fixed
/home/sangukchoi/.conda/envs/torch_gpu/lib/python3.10/site-packages/torch/nn/modules/rnn.py:123: UserWarning: dropout option adds dropout after all but last recurrent layer, so non-zero dropout expects num_layers greater than 1, but got dropout=0.3 and num_layers=1
  warnings.warn(
  Ep 1: Train 0.2821 | Val 0.1978 | Test 0.1355
Validation loss decreased (0.197808 --> 0.197808).  Saving model ...
  Ep 2: Train 0.1441 | Val 0.1296 | Test 0.0875
Validation loss decreased (0.129565 --> 0.129565).  Saving model ...
  Ep 3: Train 0.1156 | Val 0.1126 | Test 0.0932
Validation loss decreased (0.112586 --> 0.112586).  Saving model ...
  Ep 4: Train 0.1060 | Val 0.1095 | Test 0.0966
Validation loss decreased (0.109459 --> 0.109459).  Saving model ...
  Ep 5: Train 0.1008 | Val 0.1111 | Test 0.1077
EarlyStopping counter: 1 out of 5
  Ep 6: Train 0.0957 | Val 0.1086 | Test 0.1144
Validation loss decreased (0.108615 --> 0.108615).  Saving model ...
  Ep 7: Train 0.0910 | Val 0.1061 | Test 0.1278
Validation loss decreased (0.106062 --> 0.106062).  Saving model ...
  Ep 8: Train 0.0913 | Val 0.1092 | Test 0.1298
EarlyStopping counter: 1 out of 5
  Ep 9: Train 0.0901 | Val 0.1073 | Test 0.1326
EarlyStopping counter: 2 out of 5
  Ep 10: Train 0.0879 | Val 0.1018 | Test 0.1279
Validation loss decreased (0.101848 --> 0.101848).  Saving model ...
  Ep 11: Train 0.0873 | Val 0.1025 | Test 0.1267
EarlyStopping counter: 1 out of 5
  Ep 12: Train 0.0862 | Val 0.1047 | Test 0.1411
EarlyStopping counter: 2 out of 5
  Ep 13: Train 0.0851 | Val 0.0998 | Test 0.1433
Validation loss decreased (0.099840 --> 0.099840).  Saving model ...
  Ep 14: Train 0.0835 | Val 0.0997 | Test 0.1304
EarlyStopping counter: 1 out of 5
  Ep 15: Train 0.0826 | Val 0.0992 | Test 0.1385
Validation loss decreased (0.099155 --> 0.099155).  Saving model ...
  Ep 16: Train 0.0805 | Val 0.0974 | Test 0.1370
Validation loss decreased (0.097443 --> 0.097443).  Saving model ...
  Ep 17: Train 0.0796 | Val 0.0984 | Test 0.1279
EarlyStopping counter: 1 out of 5
  Ep 18: Train 0.0776 | Val 0.1059 | Test 0.1218
EarlyStopping counter: 2 out of 5
  Ep 19: Train 0.0781 | Val 0.0973 | Test 0.1291
EarlyStopping counter: 3 out of 5
  Ep 20: Train 0.0771 | Val 0.0963 | Test 0.1169
Validation loss decreased (0.096254 --> 0.096254).  Saving model ...
  Ep 21: Train 0.0766 | Val 0.0982 | Test 0.1234
EarlyStopping counter: 1 out of 5
  Ep 22: Train 0.0754 | Val 0.1000 | Test 0.1252
EarlyStopping counter: 2 out of 5
  Ep 23: Train 0.0745 | Val 0.1021 | Test 0.1178
EarlyStopping counter: 3 out of 5
  Ep 24: Train 0.0738 | Val 0.1117 | Test 0.1312
EarlyStopping counter: 4 out of 5
  Ep 25: Train 0.0739 | Val 0.0962 | Test 0.1224
EarlyStopping counter: 5 out of 5
Early stopping triggered!
/home/sangukchoi/Stroke_SDA/sda_training.py:615: FutureWarning: You are using `torch.load` with `weights_only=False` (the current default value), which uses the default pickle module implicitly. It is possible to construct malicious pickle data which will execute arbitrary code during unpickling (See https://github.com/pytorch/pytorch/blob/main/SECURITY.md#untrusted-models for more details). In a future release, the default value for `weights_only` will be flipped to `True`. This limits the functions that could be executed during unpickling. Arbitrary objects will no longer be allowed to be loaded via this mode unless they are explicitly allowlisted by the user via `torch.serialization.add_safe_globals`. We recommend you start setting `weights_only=True` for any use case where you don't have full control of the loaded file. Please open an issue on GitHub for any issues related to this experimental feature.
  model.load_state_dict(torch.load(os.path.join(out_dir, 'best_model.pth')))
Final Test MSE (Best Model): 0.1169
Finished. Status: Success
