Starting Run on GPU 3
Time: 2025-12-24 16:47:49

[Run Start] Subject S004 | Mode ['SDA'] | Params: L2.0_LS1.0_LR0.0001_E256_D128_Dr0.3

[Fold 1 - SDA] Train: ['S004_T003', 'S004_T005'], Test: S004_T001, Norm: fixed
/home/sangukchoi/.conda/envs/torch_gpu/lib/python3.10/site-packages/torch/nn/modules/rnn.py:123: UserWarning: dropout option adds dropout after all but last recurrent layer, so non-zero dropout expects num_layers greater than 1, but got dropout=0.3 and num_layers=1
  warnings.warn(
  Ep 1: Train 0.4312 | Val 0.3807 | Test 0.1405
Validation loss decreased (0.380701 --> 0.380701).  Saving model ...
  Ep 2: Train 0.2934 | Val 0.3532 | Test 0.1237
Validation loss decreased (0.353170 --> 0.353170).  Saving model ...
  Ep 3: Train 0.2710 | Val 0.3519 | Test 0.1416
Validation loss decreased (0.351855 --> 0.351855).  Saving model ...
  Ep 4: Train 0.2615 | Val 0.3668 | Test 0.1171
EarlyStopping counter: 1 out of 5
  Ep 5: Train 0.2466 | Val 0.3728 | Test 0.0971
EarlyStopping counter: 2 out of 5
  Ep 6: Train 0.2468 | Val 0.3333 | Test 0.1168
Validation loss decreased (0.333305 --> 0.333305).  Saving model ...
  Ep 7: Train 0.2392 | Val 0.3488 | Test 0.1104
EarlyStopping counter: 1 out of 5
  Ep 8: Train 0.2374 | Val 0.3397 | Test 0.1141
EarlyStopping counter: 2 out of 5
  Ep 9: Train 0.2243 | Val 0.3486 | Test 0.1022
EarlyStopping counter: 3 out of 5
  Ep 10: Train 0.2298 | Val 0.3563 | Test 0.1076
EarlyStopping counter: 4 out of 5
  Ep 11: Train 0.2275 | Val 0.3459 | Test 0.0804
EarlyStopping counter: 5 out of 5
Early stopping triggered!
/home/sangukchoi/Stroke_SDA/sda_training.py:615: FutureWarning: You are using `torch.load` with `weights_only=False` (the current default value), which uses the default pickle module implicitly. It is possible to construct malicious pickle data which will execute arbitrary code during unpickling (See https://github.com/pytorch/pytorch/blob/main/SECURITY.md#untrusted-models for more details). In a future release, the default value for `weights_only` will be flipped to `True`. This limits the functions that could be executed during unpickling. Arbitrary objects will no longer be allowed to be loaded via this mode unless they are explicitly allowlisted by the user via `torch.serialization.add_safe_globals`. We recommend you start setting `weights_only=True` for any use case where you don't have full control of the loaded file. Please open an issue on GitHub for any issues related to this experimental feature.
  model.load_state_dict(torch.load(os.path.join(out_dir, 'best_model.pth')))
Final Test MSE (Best Model): 0.1168
Finished. Status: Success
