Starting Run on GPU 0
Time: 2025-12-24 17:39:33

[Run Start] Subject S004 | Mode ['SDA'] | Params: L3.0_LS0.5_LR0.0001_E64_D128_Dr0.3

[Fold 1 - SDA] Train: ['S004_T003', 'S004_T005'], Test: S004_T001, Norm: fixed
/home/sangukchoi/.conda/envs/torch_gpu/lib/python3.10/site-packages/torch/nn/modules/rnn.py:123: UserWarning: dropout option adds dropout after all but last recurrent layer, so non-zero dropout expects num_layers greater than 1, but got dropout=0.3 and num_layers=1
  warnings.warn(
  Ep 1: Train 0.6614 | Val 0.7719 | Test 0.1598
Validation loss decreased (0.771904 --> 0.771904).  Saving model ...
  Ep 2: Train 0.4822 | Val 0.6639 | Test 0.1631
Validation loss decreased (0.663910 --> 0.663910).  Saving model ...
  Ep 3: Train 0.4374 | Val 0.6082 | Test 0.1531
Validation loss decreased (0.608167 --> 0.608167).  Saving model ...
  Ep 4: Train 0.4115 | Val 0.5727 | Test 0.1458
Validation loss decreased (0.572656 --> 0.572656).  Saving model ...
  Ep 5: Train 0.3943 | Val 0.5144 | Test 0.1454
Validation loss decreased (0.514431 --> 0.514431).  Saving model ...
  Ep 6: Train 0.3874 | Val 0.5068 | Test 0.1426
Validation loss decreased (0.506824 --> 0.506824).  Saving model ...
  Ep 7: Train 0.3799 | Val 0.4656 | Test 0.1436
Validation loss decreased (0.465604 --> 0.465604).  Saving model ...
  Ep 8: Train 0.3738 | Val 0.4952 | Test 0.1294
EarlyStopping counter: 1 out of 5
  Ep 9: Train 0.3692 | Val 0.4773 | Test 0.1324
EarlyStopping counter: 2 out of 5
  Ep 10: Train 0.3563 | Val 0.4719 | Test 0.1250
EarlyStopping counter: 3 out of 5
  Ep 11: Train 0.3554 | Val 0.4485 | Test 0.1201
Validation loss decreased (0.448522 --> 0.448522).  Saving model ...
  Ep 12: Train 0.3472 | Val 0.4515 | Test 0.1235
EarlyStopping counter: 1 out of 5
  Ep 13: Train 0.3464 | Val 0.4427 | Test 0.1254
Validation loss decreased (0.442667 --> 0.442667).  Saving model ...
  Ep 14: Train 0.3411 | Val 0.4500 | Test 0.1153
EarlyStopping counter: 1 out of 5
  Ep 15: Train 0.3423 | Val 0.4519 | Test 0.1230
EarlyStopping counter: 2 out of 5
  Ep 16: Train 0.3347 | Val 0.4653 | Test 0.1161
EarlyStopping counter: 3 out of 5
  Ep 17: Train 0.3381 | Val 0.4141 | Test 0.1100
Validation loss decreased (0.414149 --> 0.414149).  Saving model ...
  Ep 18: Train 0.3340 | Val 0.4586 | Test 0.1131
EarlyStopping counter: 1 out of 5
  Ep 19: Train 0.3258 | Val 0.4541 | Test 0.1152
EarlyStopping counter: 2 out of 5
  Ep 20: Train 0.3219 | Val 0.4106 | Test 0.1217
Validation loss decreased (0.410587 --> 0.410587).  Saving model ...
  Ep 21: Train 0.3223 | Val 0.4282 | Test 0.1219
EarlyStopping counter: 1 out of 5
  Ep 22: Train 0.3241 | Val 0.4302 | Test 0.1020
EarlyStopping counter: 2 out of 5
  Ep 23: Train 0.3118 | Val 0.4352 | Test 0.1164
EarlyStopping counter: 3 out of 5
  Ep 24: Train 0.3163 | Val 0.5050 | Test 0.1167
EarlyStopping counter: 4 out of 5
  Ep 25: Train 0.3038 | Val 0.3808 | Test 0.0970
Validation loss decreased (0.380818 --> 0.380818).  Saving model ...
  Ep 26: Train 0.3009 | Val 0.4698 | Test 0.0937
EarlyStopping counter: 1 out of 5
  Ep 27: Train 0.2995 | Val 0.4968 | Test 0.1103
EarlyStopping counter: 2 out of 5
  Ep 28: Train 0.2972 | Val 0.4427 | Test 0.1060
EarlyStopping counter: 3 out of 5
  Ep 29: Train 0.3008 | Val 0.4532 | Test 0.1038
EarlyStopping counter: 4 out of 5
  Ep 30: Train 0.2953 | Val 0.5274 | Test 0.1119
EarlyStopping counter: 5 out of 5
Early stopping triggered!
/home/sangukchoi/Stroke_SDA/sda_training.py:615: FutureWarning: You are using `torch.load` with `weights_only=False` (the current default value), which uses the default pickle module implicitly. It is possible to construct malicious pickle data which will execute arbitrary code during unpickling (See https://github.com/pytorch/pytorch/blob/main/SECURITY.md#untrusted-models for more details). In a future release, the default value for `weights_only` will be flipped to `True`. This limits the functions that could be executed during unpickling. Arbitrary objects will no longer be allowed to be loaded via this mode unless they are explicitly allowlisted by the user via `torch.serialization.add_safe_globals`. We recommend you start setting `weights_only=True` for any use case where you don't have full control of the loaded file. Please open an issue on GitHub for any issues related to this experimental feature.
  model.load_state_dict(torch.load(os.path.join(out_dir, 'best_model.pth')))
Final Test MSE (Best Model): 0.0970
Finished. Status: Success
