Starting Run on GPU 3
Time: 2025-12-24 16:09:26

[Run Start] Subject S004 | Mode ['SDA'] | Params: L1.0_LS1.0_LR0.0001_E64_D64_Dr0.3

[Fold 1 - SDA] Train: ['S004_T003', 'S004_T005'], Test: S004_T001, Norm: fixed
/home/sangukchoi/.conda/envs/torch_gpu/lib/python3.10/site-packages/torch/nn/modules/rnn.py:123: UserWarning: dropout option adds dropout after all but last recurrent layer, so non-zero dropout expects num_layers greater than 1, but got dropout=0.3 and num_layers=1
  warnings.warn(
  Ep 1: Train 0.4361 | Val 0.3327 | Test 0.1403
Validation loss decreased (0.332698 --> 0.332698).  Saving model ...
  Ep 2: Train 0.2276 | Val 0.2259 | Test 0.1182
Validation loss decreased (0.225901 --> 0.225901).  Saving model ...
  Ep 3: Train 0.1842 | Val 0.2077 | Test 0.1154
Validation loss decreased (0.207665 --> 0.207665).  Saving model ...
  Ep 4: Train 0.1739 | Val 0.2021 | Test 0.1066
Validation loss decreased (0.202145 --> 0.202145).  Saving model ...
  Ep 5: Train 0.1675 | Val 0.1892 | Test 0.0927
Validation loss decreased (0.189174 --> 0.189174).  Saving model ...
  Ep 6: Train 0.1623 | Val 0.1866 | Test 0.0951
Validation loss decreased (0.186615 --> 0.186615).  Saving model ...
  Ep 7: Train 0.1589 | Val 0.1844 | Test 0.0857
Validation loss decreased (0.184354 --> 0.184354).  Saving model ...
  Ep 8: Train 0.1509 | Val 0.1753 | Test 0.1026
Validation loss decreased (0.175296 --> 0.175296).  Saving model ...
  Ep 9: Train 0.1510 | Val 0.1876 | Test 0.1062
EarlyStopping counter: 1 out of 5
  Ep 10: Train 0.1496 | Val 0.1847 | Test 0.0966
EarlyStopping counter: 2 out of 5
  Ep 11: Train 0.1465 | Val 0.1781 | Test 0.1178
EarlyStopping counter: 3 out of 5
  Ep 12: Train 0.1477 | Val 0.1838 | Test 0.1057
EarlyStopping counter: 4 out of 5
  Ep 13: Train 0.1469 | Val 0.1784 | Test 0.1134
EarlyStopping counter: 5 out of 5
Early stopping triggered!
/home/sangukchoi/Stroke_SDA/sda_training.py:615: FutureWarning: You are using `torch.load` with `weights_only=False` (the current default value), which uses the default pickle module implicitly. It is possible to construct malicious pickle data which will execute arbitrary code during unpickling (See https://github.com/pytorch/pytorch/blob/main/SECURITY.md#untrusted-models for more details). In a future release, the default value for `weights_only` will be flipped to `True`. This limits the functions that could be executed during unpickling. Arbitrary objects will no longer be allowed to be loaded via this mode unless they are explicitly allowlisted by the user via `torch.serialization.add_safe_globals`. We recommend you start setting `weights_only=True` for any use case where you don't have full control of the loaded file. Please open an issue on GitHub for any issues related to this experimental feature.
  model.load_state_dict(torch.load(os.path.join(out_dir, 'best_model.pth')))
Final Test MSE (Best Model): 0.1026
Finished. Status: Success
