Starting Run on GPU 2
Time: 2025-12-24 16:24:59

[Run Start] Subject S004 | Mode ['SDA'] | Params: L1.5_LS1.0_LR0.0001_E64_D64_Dr0.3

[Fold 1 - SDA] Train: ['S004_T003', 'S004_T005'], Test: S004_T001, Norm: fixed
/home/sangukchoi/.conda/envs/torch_gpu/lib/python3.10/site-packages/torch/nn/modules/rnn.py:123: UserWarning: dropout option adds dropout after all but last recurrent layer, so non-zero dropout expects num_layers greater than 1, but got dropout=0.3 and num_layers=1
  warnings.warn(
  Ep 1: Train 0.5565 | Val 0.4685 | Test 0.1258
Validation loss decreased (0.468485 --> 0.468485).  Saving model ...
  Ep 2: Train 0.3111 | Val 0.3284 | Test 0.1486
Validation loss decreased (0.328445 --> 0.328445).  Saving model ...
  Ep 3: Train 0.2520 | Val 0.2869 | Test 0.1280
Validation loss decreased (0.286876 --> 0.286876).  Saving model ...
  Ep 4: Train 0.2324 | Val 0.2685 | Test 0.1331
Validation loss decreased (0.268477 --> 0.268477).  Saving model ...
  Ep 5: Train 0.2221 | Val 0.2693 | Test 0.1157
EarlyStopping counter: 1 out of 5
  Ep 6: Train 0.2156 | Val 0.2536 | Test 0.1145
Validation loss decreased (0.253575 --> 0.253575).  Saving model ...
  Ep 7: Train 0.2100 | Val 0.2419 | Test 0.1113
Validation loss decreased (0.241949 --> 0.241949).  Saving model ...
  Ep 8: Train 0.2066 | Val 0.2400 | Test 0.1051
Validation loss decreased (0.239985 --> 0.239985).  Saving model ...
  Ep 9: Train 0.2098 | Val 0.2455 | Test 0.0975
EarlyStopping counter: 1 out of 5
  Ep 10: Train 0.2010 | Val 0.2365 | Test 0.1015
Validation loss decreased (0.236491 --> 0.236491).  Saving model ...
  Ep 11: Train 0.1979 | Val 0.2413 | Test 0.0901
EarlyStopping counter: 1 out of 5
  Ep 12: Train 0.1987 | Val 0.2527 | Test 0.0900
EarlyStopping counter: 2 out of 5
  Ep 13: Train 0.1984 | Val 0.2556 | Test 0.1053
EarlyStopping counter: 3 out of 5
  Ep 14: Train 0.1927 | Val 0.2598 | Test 0.0850
EarlyStopping counter: 4 out of 5
  Ep 15: Train 0.1941 | Val 0.2522 | Test 0.0879
EarlyStopping counter: 5 out of 5
Early stopping triggered!
/home/sangukchoi/Stroke_SDA/sda_training.py:615: FutureWarning: You are using `torch.load` with `weights_only=False` (the current default value), which uses the default pickle module implicitly. It is possible to construct malicious pickle data which will execute arbitrary code during unpickling (See https://github.com/pytorch/pytorch/blob/main/SECURITY.md#untrusted-models for more details). In a future release, the default value for `weights_only` will be flipped to `True`. This limits the functions that could be executed during unpickling. Arbitrary objects will no longer be allowed to be loaded via this mode unless they are explicitly allowlisted by the user via `torch.serialization.add_safe_globals`. We recommend you start setting `weights_only=True` for any use case where you don't have full control of the loaded file. Please open an issue on GitHub for any issues related to this experimental feature.
  model.load_state_dict(torch.load(os.path.join(out_dir, 'best_model.pth')))
Final Test MSE (Best Model): 0.1015
Finished. Status: Success
