Starting Run on GPU 0
Time: 2025-12-24 16:45:01

[Run Start] Subject S004 | Mode ['SDA'] | Params: L2.0_LS1.0_LR0.0001_E128_D64_Dr0.3

[Fold 1 - SDA] Train: ['S004_T003', 'S004_T005'], Test: S004_T001, Norm: fixed
/home/sangukchoi/.conda/envs/torch_gpu/lib/python3.10/site-packages/torch/nn/modules/rnn.py:123: UserWarning: dropout option adds dropout after all but last recurrent layer, so non-zero dropout expects num_layers greater than 1, but got dropout=0.3 and num_layers=1
  warnings.warn(
  Ep 1: Train 0.5077 | Val 0.4740 | Test 0.1478
Validation loss decreased (0.474020 --> 0.474020).  Saving model ...
  Ep 2: Train 0.3176 | Val 0.3825 | Test 0.1393
Validation loss decreased (0.382531 --> 0.382531).  Saving model ...
  Ep 3: Train 0.2867 | Val 0.3376 | Test 0.1459
Validation loss decreased (0.337616 --> 0.337616).  Saving model ...
  Ep 4: Train 0.2720 | Val 0.3247 | Test 0.1390
Validation loss decreased (0.324710 --> 0.324710).  Saving model ...
  Ep 5: Train 0.2692 | Val 0.3415 | Test 0.1096
EarlyStopping counter: 1 out of 5
  Ep 6: Train 0.2574 | Val 0.3402 | Test 0.1257
EarlyStopping counter: 2 out of 5
  Ep 7: Train 0.2575 | Val 0.3297 | Test 0.1093
EarlyStopping counter: 3 out of 5
  Ep 8: Train 0.2511 | Val 0.3266 | Test 0.1208
EarlyStopping counter: 4 out of 5
  Ep 9: Train 0.2434 | Val 0.3338 | Test 0.1249
EarlyStopping counter: 5 out of 5
Early stopping triggered!
/home/sangukchoi/Stroke_SDA/sda_training.py:615: FutureWarning: You are using `torch.load` with `weights_only=False` (the current default value), which uses the default pickle module implicitly. It is possible to construct malicious pickle data which will execute arbitrary code during unpickling (See https://github.com/pytorch/pytorch/blob/main/SECURITY.md#untrusted-models for more details). In a future release, the default value for `weights_only` will be flipped to `True`. This limits the functions that could be executed during unpickling. Arbitrary objects will no longer be allowed to be loaded via this mode unless they are explicitly allowlisted by the user via `torch.serialization.add_safe_globals`. We recommend you start setting `weights_only=True` for any use case where you don't have full control of the loaded file. Please open an issue on GitHub for any issues related to this experimental feature.
  model.load_state_dict(torch.load(os.path.join(out_dir, 'best_model.pth')))
Final Test MSE (Best Model): 0.1390
Finished. Status: Success
