Starting Run on GPU 1
Time: 2025-12-24 17:58:10

[Run Start] Subject S004 | Mode ['SDA'] | Params: L3.0_LS0.7_LR0.0001_E256_D128_Dr0.3

[Fold 1 - SDA] Train: ['S004_T003', 'S004_T005'], Test: S004_T001, Norm: fixed
/home/sangukchoi/.conda/envs/torch_gpu/lib/python3.10/site-packages/torch/nn/modules/rnn.py:123: UserWarning: dropout option adds dropout after all but last recurrent layer, so non-zero dropout expects num_layers greater than 1, but got dropout=0.3 and num_layers=1
  warnings.warn(
  Ep 1: Train 0.5452 | Val 0.7194 | Test 0.1652
Validation loss decreased (0.719447 --> 0.719447).  Saving model ...
  Ep 2: Train 0.4117 | Val 0.5928 | Test 0.1620
Validation loss decreased (0.592829 --> 0.592829).  Saving model ...
  Ep 3: Train 0.3859 | Val 0.4748 | Test 0.1480
Validation loss decreased (0.474755 --> 0.474755).  Saving model ...
  Ep 4: Train 0.3676 | Val 0.4810 | Test 0.1493
EarlyStopping counter: 1 out of 5
  Ep 5: Train 0.3490 | Val 0.4782 | Test 0.1440
EarlyStopping counter: 2 out of 5
  Ep 6: Train 0.3505 | Val 0.4604 | Test 0.1232
Validation loss decreased (0.460446 --> 0.460446).  Saving model ...
  Ep 7: Train 0.3342 | Val 0.4577 | Test 0.1284
Validation loss decreased (0.457682 --> 0.457682).  Saving model ...
  Ep 8: Train 0.3259 | Val 0.4599 | Test 0.1447
EarlyStopping counter: 1 out of 5
  Ep 9: Train 0.3270 | Val 0.5240 | Test 0.1114
EarlyStopping counter: 2 out of 5
  Ep 10: Train 0.3236 | Val 0.4675 | Test 0.1191
EarlyStopping counter: 3 out of 5
  Ep 11: Train 0.3090 | Val 0.4734 | Test 0.1307
EarlyStopping counter: 4 out of 5
  Ep 12: Train 0.3104 | Val 0.5112 | Test 0.1176
EarlyStopping counter: 5 out of 5
Early stopping triggered!
/home/sangukchoi/Stroke_SDA/sda_training.py:615: FutureWarning: You are using `torch.load` with `weights_only=False` (the current default value), which uses the default pickle module implicitly. It is possible to construct malicious pickle data which will execute arbitrary code during unpickling (See https://github.com/pytorch/pytorch/blob/main/SECURITY.md#untrusted-models for more details). In a future release, the default value for `weights_only` will be flipped to `True`. This limits the functions that could be executed during unpickling. Arbitrary objects will no longer be allowed to be loaded via this mode unless they are explicitly allowlisted by the user via `torch.serialization.add_safe_globals`. We recommend you start setting `weights_only=True` for any use case where you don't have full control of the loaded file. Please open an issue on GitHub for any issues related to this experimental feature.
  model.load_state_dict(torch.load(os.path.join(out_dir, 'best_model.pth')))
Final Test MSE (Best Model): 0.1284
Finished. Status: Success
