Starting Run on GPU 3
Time: 2025-12-24 15:56:05

[Run Start] Subject S004 | Mode ['SDA'] | Params: L1.0_LS0.7_LR0.0001_E64_D32_Dr0.3

[Fold 1 - SDA] Train: ['S004_T003', 'S004_T005'], Test: S004_T001, Norm: fixed
/home/sangukchoi/.conda/envs/torch_gpu/lib/python3.10/site-packages/torch/nn/modules/rnn.py:123: UserWarning: dropout option adds dropout after all but last recurrent layer, so non-zero dropout expects num_layers greater than 1, but got dropout=0.3 and num_layers=1
  warnings.warn(
  Ep 1: Train 0.4022 | Val 0.3158 | Test 0.1367
Validation loss decreased (0.315772 --> 0.315772).  Saving model ...
  Ep 2: Train 0.2120 | Val 0.2194 | Test 0.1344
Validation loss decreased (0.219352 --> 0.219352).  Saving model ...
  Ep 3: Train 0.1789 | Val 0.1936 | Test 0.1310
Validation loss decreased (0.193601 --> 0.193601).  Saving model ...
  Ep 4: Train 0.1669 | Val 0.1930 | Test 0.1054
Validation loss decreased (0.192964 --> 0.192964).  Saving model ...
  Ep 5: Train 0.1596 | Val 0.1815 | Test 0.0881
Validation loss decreased (0.181500 --> 0.181500).  Saving model ...
  Ep 6: Train 0.1546 | Val 0.1688 | Test 0.1020
Validation loss decreased (0.168830 --> 0.168830).  Saving model ...
  Ep 7: Train 0.1504 | Val 0.1756 | Test 0.0923
EarlyStopping counter: 1 out of 5
  Ep 8: Train 0.1474 | Val 0.1707 | Test 0.1000
EarlyStopping counter: 2 out of 5
  Ep 9: Train 0.1500 | Val 0.1808 | Test 0.1025
EarlyStopping counter: 3 out of 5
  Ep 10: Train 0.1418 | Val 0.1820 | Test 0.1275
EarlyStopping counter: 4 out of 5
  Ep 11: Train 0.1416 | Val 0.1833 | Test 0.0998
EarlyStopping counter: 5 out of 5
Early stopping triggered!
/home/sangukchoi/Stroke_SDA/sda_training.py:615: FutureWarning: You are using `torch.load` with `weights_only=False` (the current default value), which uses the default pickle module implicitly. It is possible to construct malicious pickle data which will execute arbitrary code during unpickling (See https://github.com/pytorch/pytorch/blob/main/SECURITY.md#untrusted-models for more details). In a future release, the default value for `weights_only` will be flipped to `True`. This limits the functions that could be executed during unpickling. Arbitrary objects will no longer be allowed to be loaded via this mode unless they are explicitly allowlisted by the user via `torch.serialization.add_safe_globals`. We recommend you start setting `weights_only=True` for any use case where you don't have full control of the loaded file. Please open an issue on GitHub for any issues related to this experimental feature.
  model.load_state_dict(torch.load(os.path.join(out_dir, 'best_model.pth')))
Final Test MSE (Best Model): 0.1020
Finished. Status: Success
