Starting Run on GPU 0
Time: 2025-12-24 21:05:21

[Run Start] Subject S006 | Mode ['SDA'] | Params: L3.0_LS0.7_LR0.0001_E256_D64_Dr0.3

[Fold 1 - SDA] Train: ['S006_T004', 'S006_T006'], Test: S006_T001, Norm: fixed
/home/sangukchoi/.conda/envs/torch_gpu/lib/python3.10/site-packages/torch/nn/modules/rnn.py:123: UserWarning: dropout option adds dropout after all but last recurrent layer, so non-zero dropout expects num_layers greater than 1, but got dropout=0.3 and num_layers=1
  warnings.warn(
  Ep 1: Train 0.6735 | Val 0.6829 | Test 0.0852
Validation loss decreased (0.682935 --> 0.682935).  Saving model ...
  Ep 2: Train 0.4208 | Val 0.6371 | Test 0.0665
Validation loss decreased (0.637073 --> 0.637073).  Saving model ...
  Ep 3: Train 0.3749 | Val 0.5756 | Test 0.0505
Validation loss decreased (0.575558 --> 0.575558).  Saving model ...
  Ep 4: Train 0.3599 | Val 0.5407 | Test 0.0480
Validation loss decreased (0.540708 --> 0.540708).  Saving model ...
  Ep 5: Train 0.3557 | Val 0.5342 | Test 0.0539
Validation loss decreased (0.534201 --> 0.534201).  Saving model ...
  Ep 6: Train 0.3485 | Val 0.4841 | Test 0.0480
Validation loss decreased (0.484086 --> 0.484086).  Saving model ...
  Ep 7: Train 0.3381 | Val 0.5978 | Test 0.0479
EarlyStopping counter: 1 out of 5
  Ep 8: Train 0.3436 | Val 0.5183 | Test 0.0440
EarlyStopping counter: 2 out of 5
  Ep 9: Train 0.3369 | Val 0.4973 | Test 0.0481
EarlyStopping counter: 3 out of 5
  Ep 10: Train 0.3201 | Val 0.4974 | Test 0.0516
EarlyStopping counter: 4 out of 5
  Ep 11: Train 0.3235 | Val 0.5633 | Test 0.0386
EarlyStopping counter: 5 out of 5
Early stopping triggered!
/home/sangukchoi/Stroke_SDA/sda_training.py:615: FutureWarning: You are using `torch.load` with `weights_only=False` (the current default value), which uses the default pickle module implicitly. It is possible to construct malicious pickle data which will execute arbitrary code during unpickling (See https://github.com/pytorch/pytorch/blob/main/SECURITY.md#untrusted-models for more details). In a future release, the default value for `weights_only` will be flipped to `True`. This limits the functions that could be executed during unpickling. Arbitrary objects will no longer be allowed to be loaded via this mode unless they are explicitly allowlisted by the user via `torch.serialization.add_safe_globals`. We recommend you start setting `weights_only=True` for any use case where you don't have full control of the loaded file. Please open an issue on GitHub for any issues related to this experimental feature.
  model.load_state_dict(torch.load(os.path.join(out_dir, 'best_model.pth')))
Final Test MSE (Best Model): 0.0480
Finished. Status: Success
