Starting Run on GPU 0
Time: 2025-12-24 21:15:30

[Run Start] Subject S006 | Mode ['SDA'] | Params: L3.0_LS1.0_LR0.0001_E256_D32_Dr0.3

[Fold 1 - SDA] Train: ['S006_T004', 'S006_T006'], Test: S006_T001, Norm: fixed
/home/sangukchoi/.conda/envs/torch_gpu/lib/python3.10/site-packages/torch/nn/modules/rnn.py:123: UserWarning: dropout option adds dropout after all but last recurrent layer, so non-zero dropout expects num_layers greater than 1, but got dropout=0.3 and num_layers=1
  warnings.warn(
  Ep 1: Train 0.7267 | Val 0.7755 | Test 0.0754
Validation loss decreased (0.775470 --> 0.775470).  Saving model ...
  Ep 2: Train 0.4307 | Val 0.6354 | Test 0.0474
Validation loss decreased (0.635438 --> 0.635438).  Saving model ...
  Ep 3: Train 0.3874 | Val 0.5644 | Test 0.0566
Validation loss decreased (0.564409 --> 0.564409).  Saving model ...
  Ep 4: Train 0.3736 | Val 0.5580 | Test 0.0446
Validation loss decreased (0.558043 --> 0.558043).  Saving model ...
  Ep 5: Train 0.3732 | Val 0.6257 | Test 0.0559
EarlyStopping counter: 1 out of 5
  Ep 6: Train 0.3546 | Val 0.5237 | Test 0.0491
Validation loss decreased (0.523676 --> 0.523676).  Saving model ...
  Ep 7: Train 0.3531 | Val 0.5599 | Test 0.0412
EarlyStopping counter: 1 out of 5
  Ep 8: Train 0.3376 | Val 0.5758 | Test 0.0422
EarlyStopping counter: 2 out of 5
  Ep 9: Train 0.3358 | Val 0.4863 | Test 0.0431
Validation loss decreased (0.486339 --> 0.486339).  Saving model ...
  Ep 10: Train 0.3386 | Val 0.4717 | Test 0.0395
Validation loss decreased (0.471730 --> 0.471730).  Saving model ...
  Ep 11: Train 0.3204 | Val 0.4731 | Test 0.0435
EarlyStopping counter: 1 out of 5
  Ep 12: Train 0.3289 | Val 0.5095 | Test 0.0371
EarlyStopping counter: 2 out of 5
  Ep 13: Train 0.3241 | Val 0.5678 | Test 0.0316
EarlyStopping counter: 3 out of 5
  Ep 14: Train 0.3181 | Val 0.4817 | Test 0.0338
EarlyStopping counter: 4 out of 5
  Ep 15: Train 0.3273 | Val 0.4910 | Test 0.0458
EarlyStopping counter: 5 out of 5
Early stopping triggered!
/home/sangukchoi/Stroke_SDA/sda_training.py:615: FutureWarning: You are using `torch.load` with `weights_only=False` (the current default value), which uses the default pickle module implicitly. It is possible to construct malicious pickle data which will execute arbitrary code during unpickling (See https://github.com/pytorch/pytorch/blob/main/SECURITY.md#untrusted-models for more details). In a future release, the default value for `weights_only` will be flipped to `True`. This limits the functions that could be executed during unpickling. Arbitrary objects will no longer be allowed to be loaded via this mode unless they are explicitly allowlisted by the user via `torch.serialization.add_safe_globals`. We recommend you start setting `weights_only=True` for any use case where you don't have full control of the loaded file. Please open an issue on GitHub for any issues related to this experimental feature.
  model.load_state_dict(torch.load(os.path.join(out_dir, 'best_model.pth')))
Final Test MSE (Best Model): 0.0395
Finished. Status: Success
