Starting Run on GPU 1
Time: 2025-12-24 20:10:14

[Run Start] Subject S006 | Mode ['SDA'] | Params: L2.5_LS0.7_LR0.0001_E64_D128_Dr0.3

[Fold 1 - SDA] Train: ['S006_T004', 'S006_T006'], Test: S006_T001, Norm: fixed
/home/sangukchoi/.conda/envs/torch_gpu/lib/python3.10/site-packages/torch/nn/modules/rnn.py:123: UserWarning: dropout option adds dropout after all but last recurrent layer, so non-zero dropout expects num_layers greater than 1, but got dropout=0.3 and num_layers=1
  warnings.warn(
  Ep 1: Train 0.8413 | Val 0.8612 | Test 0.1197
Validation loss decreased (0.861245 --> 0.861245).  Saving model ...
  Ep 2: Train 0.5034 | Val 0.7316 | Test 0.0922
Validation loss decreased (0.731610 --> 0.731610).  Saving model ...
  Ep 3: Train 0.4138 | Val 0.6387 | Test 0.0671
Validation loss decreased (0.638735 --> 0.638735).  Saving model ...
  Ep 4: Train 0.3782 | Val 0.5315 | Test 0.0711
Validation loss decreased (0.531536 --> 0.531536).  Saving model ...
  Ep 5: Train 0.3552 | Val 0.5466 | Test 0.0528
EarlyStopping counter: 1 out of 5
  Ep 6: Train 0.3423 | Val 0.4783 | Test 0.0535
Validation loss decreased (0.478317 --> 0.478317).  Saving model ...
  Ep 7: Train 0.3318 | Val 0.4613 | Test 0.0504
Validation loss decreased (0.461269 --> 0.461269).  Saving model ...
  Ep 8: Train 0.3238 | Val 0.4707 | Test 0.0532
EarlyStopping counter: 1 out of 5
  Ep 9: Train 0.3202 | Val 0.4610 | Test 0.0532
EarlyStopping counter: 2 out of 5
  Ep 10: Train 0.3165 | Val 0.4491 | Test 0.0526
Validation loss decreased (0.449058 --> 0.449058).  Saving model ...
  Ep 11: Train 0.3066 | Val 0.4552 | Test 0.0479
EarlyStopping counter: 1 out of 5
  Ep 12: Train 0.3053 | Val 0.4609 | Test 0.0518
EarlyStopping counter: 2 out of 5
  Ep 13: Train 0.3083 | Val 0.4376 | Test 0.0490
Validation loss decreased (0.437645 --> 0.437645).  Saving model ...
  Ep 14: Train 0.3087 | Val 0.4349 | Test 0.0492
Validation loss decreased (0.434865 --> 0.434865).  Saving model ...
  Ep 15: Train 0.3018 | Val 0.4407 | Test 0.0414
EarlyStopping counter: 1 out of 5
  Ep 16: Train 0.3026 | Val 0.4394 | Test 0.0470
EarlyStopping counter: 2 out of 5
  Ep 17: Train 0.3023 | Val 0.4451 | Test 0.0405
EarlyStopping counter: 3 out of 5
  Ep 18: Train 0.3003 | Val 0.4425 | Test 0.0422
EarlyStopping counter: 4 out of 5
  Ep 19: Train 0.2951 | Val 0.4508 | Test 0.0480
EarlyStopping counter: 5 out of 5
Early stopping triggered!
/home/sangukchoi/Stroke_SDA/sda_training.py:615: FutureWarning: You are using `torch.load` with `weights_only=False` (the current default value), which uses the default pickle module implicitly. It is possible to construct malicious pickle data which will execute arbitrary code during unpickling (See https://github.com/pytorch/pytorch/blob/main/SECURITY.md#untrusted-models for more details). In a future release, the default value for `weights_only` will be flipped to `True`. This limits the functions that could be executed during unpickling. Arbitrary objects will no longer be allowed to be loaded via this mode unless they are explicitly allowlisted by the user via `torch.serialization.add_safe_globals`. We recommend you start setting `weights_only=True` for any use case where you don't have full control of the loaded file. Please open an issue on GitHub for any issues related to this experimental feature.
  model.load_state_dict(torch.load(os.path.join(out_dir, 'best_model.pth')))
Final Test MSE (Best Model): 0.0492
Finished. Status: Success
