Starting Run on GPU 2
Time: 2025-12-24 19:27:52

[Run Start] Subject S006 | Mode ['SDA'] | Params: L2.0_LS1.0_LR0.0001_E64_D32_Dr0.3

[Fold 1 - SDA] Train: ['S006_T004', 'S006_T006'], Test: S006_T001, Norm: fixed
/home/sangukchoi/.conda/envs/torch_gpu/lib/python3.10/site-packages/torch/nn/modules/rnn.py:123: UserWarning: dropout option adds dropout after all but last recurrent layer, so non-zero dropout expects num_layers greater than 1, but got dropout=0.3 and num_layers=1
  warnings.warn(
  Ep 1: Train 0.8164 | Val 0.6338 | Test 0.0884
Validation loss decreased (0.633784 --> 0.633784).  Saving model ...
  Ep 2: Train 0.3918 | Val 0.4490 | Test 0.0447
Validation loss decreased (0.448984 --> 0.448984).  Saving model ...
  Ep 3: Train 0.3190 | Val 0.4452 | Test 0.0495
Validation loss decreased (0.445208 --> 0.445208).  Saving model ...
  Ep 4: Train 0.2936 | Val 0.4102 | Test 0.0667
Validation loss decreased (0.410184 --> 0.410184).  Saving model ...
  Ep 5: Train 0.2850 | Val 0.3871 | Test 0.0555
Validation loss decreased (0.387139 --> 0.387139).  Saving model ...
  Ep 6: Train 0.2888 | Val 0.3999 | Test 0.0533
EarlyStopping counter: 1 out of 5
  Ep 7: Train 0.2766 | Val 0.3754 | Test 0.0445
Validation loss decreased (0.375427 --> 0.375427).  Saving model ...
  Ep 8: Train 0.2762 | Val 0.3653 | Test 0.0497
Validation loss decreased (0.365327 --> 0.365327).  Saving model ...
  Ep 9: Train 0.2652 | Val 0.3768 | Test 0.0480
EarlyStopping counter: 1 out of 5
  Ep 10: Train 0.2698 | Val 0.3435 | Test 0.0484
Validation loss decreased (0.343477 --> 0.343477).  Saving model ...
  Ep 11: Train 0.2725 | Val 0.3869 | Test 0.0416
EarlyStopping counter: 1 out of 5
  Ep 12: Train 0.2677 | Val 0.3720 | Test 0.0474
EarlyStopping counter: 2 out of 5
  Ep 13: Train 0.2677 | Val 0.3422 | Test 0.0460
Validation loss decreased (0.342172 --> 0.342172).  Saving model ...
  Ep 14: Train 0.2650 | Val 0.3627 | Test 0.0447
EarlyStopping counter: 1 out of 5
  Ep 15: Train 0.2652 | Val 0.3419 | Test 0.0556
EarlyStopping counter: 2 out of 5
  Ep 16: Train 0.2591 | Val 0.3515 | Test 0.0462
EarlyStopping counter: 3 out of 5
  Ep 17: Train 0.2577 | Val 0.3876 | Test 0.0538
EarlyStopping counter: 4 out of 5
  Ep 18: Train 0.2566 | Val 0.3416 | Test 0.0405
Validation loss decreased (0.341583 --> 0.341583).  Saving model ...
  Ep 19: Train 0.2508 | Val 0.3290 | Test 0.0512
Validation loss decreased (0.328951 --> 0.328951).  Saving model ...
  Ep 20: Train 0.2497 | Val 0.3506 | Test 0.0456
EarlyStopping counter: 1 out of 5
  Ep 21: Train 0.2486 | Val 0.3628 | Test 0.0448
EarlyStopping counter: 2 out of 5
  Ep 22: Train 0.2493 | Val 0.3613 | Test 0.0452
EarlyStopping counter: 3 out of 5
  Ep 23: Train 0.2488 | Val 0.3329 | Test 0.0404
EarlyStopping counter: 4 out of 5
  Ep 24: Train 0.2467 | Val 0.3396 | Test 0.0407
EarlyStopping counter: 5 out of 5
Early stopping triggered!
/home/sangukchoi/Stroke_SDA/sda_training.py:615: FutureWarning: You are using `torch.load` with `weights_only=False` (the current default value), which uses the default pickle module implicitly. It is possible to construct malicious pickle data which will execute arbitrary code during unpickling (See https://github.com/pytorch/pytorch/blob/main/SECURITY.md#untrusted-models for more details). In a future release, the default value for `weights_only` will be flipped to `True`. This limits the functions that could be executed during unpickling. Arbitrary objects will no longer be allowed to be loaded via this mode unless they are explicitly allowlisted by the user via `torch.serialization.add_safe_globals`. We recommend you start setting `weights_only=True` for any use case where you don't have full control of the loaded file. Please open an issue on GitHub for any issues related to this experimental feature.
  model.load_state_dict(torch.load(os.path.join(out_dir, 'best_model.pth')))
Final Test MSE (Best Model): 0.0512
Finished. Status: Success
