Starting Run on GPU 2
Time: 2025-12-24 21:06:44

[Run Start] Subject S006 | Mode ['SDA'] | Params: L3.0_LS1.0_LR0.0001_E64_D32_Dr0.3

[Fold 1 - SDA] Train: ['S006_T004', 'S006_T006'], Test: S006_T001, Norm: fixed
/home/sangukchoi/.conda/envs/torch_gpu/lib/python3.10/site-packages/torch/nn/modules/rnn.py:123: UserWarning: dropout option adds dropout after all but last recurrent layer, so non-zero dropout expects num_layers greater than 1, but got dropout=0.3 and num_layers=1
  warnings.warn(
  Ep 1: Train 1.0421 | Val 0.9761 | Test 0.1444
Validation loss decreased (0.976111 --> 0.976111).  Saving model ...
  Ep 2: Train 0.5969 | Val 0.8435 | Test 0.0838
Validation loss decreased (0.843476 --> 0.843476).  Saving model ...
  Ep 3: Train 0.4742 | Val 0.6518 | Test 0.0628
Validation loss decreased (0.651826 --> 0.651826).  Saving model ...
  Ep 4: Train 0.4479 | Val 0.7011 | Test 0.0607
EarlyStopping counter: 1 out of 5
  Ep 5: Train 0.4314 | Val 0.6862 | Test 0.0544
EarlyStopping counter: 2 out of 5
  Ep 6: Train 0.4271 | Val 0.6144 | Test 0.0515
Validation loss decreased (0.614383 --> 0.614383).  Saving model ...
  Ep 7: Train 0.4191 | Val 0.6267 | Test 0.0561
EarlyStopping counter: 1 out of 5
  Ep 8: Train 0.4116 | Val 0.5758 | Test 0.0532
Validation loss decreased (0.575770 --> 0.575770).  Saving model ...
  Ep 9: Train 0.4064 | Val 0.5669 | Test 0.0473
Validation loss decreased (0.566860 --> 0.566860).  Saving model ...
  Ep 10: Train 0.4041 | Val 0.6094 | Test 0.0494
EarlyStopping counter: 1 out of 5
  Ep 11: Train 0.3962 | Val 0.5891 | Test 0.0438
EarlyStopping counter: 2 out of 5
  Ep 12: Train 0.3936 | Val 0.6208 | Test 0.0461
EarlyStopping counter: 3 out of 5
  Ep 13: Train 0.3885 | Val 0.5745 | Test 0.0506
EarlyStopping counter: 4 out of 5
  Ep 14: Train 0.3906 | Val 0.5359 | Test 0.0449
Validation loss decreased (0.535924 --> 0.535924).  Saving model ...
  Ep 15: Train 0.3802 | Val 0.5898 | Test 0.0498
EarlyStopping counter: 1 out of 5
  Ep 16: Train 0.3747 | Val 0.5195 | Test 0.0470
Validation loss decreased (0.519471 --> 0.519471).  Saving model ...
  Ep 17: Train 0.3820 | Val 0.5390 | Test 0.0411
EarlyStopping counter: 1 out of 5
  Ep 18: Train 0.3798 | Val 0.5913 | Test 0.0429
EarlyStopping counter: 2 out of 5
  Ep 19: Train 0.3723 | Val 0.5550 | Test 0.0458
EarlyStopping counter: 3 out of 5
  Ep 20: Train 0.3739 | Val 0.5437 | Test 0.0430
EarlyStopping counter: 4 out of 5
  Ep 21: Train 0.3676 | Val 0.5491 | Test 0.0405
EarlyStopping counter: 5 out of 5
Early stopping triggered!
/home/sangukchoi/Stroke_SDA/sda_training.py:615: FutureWarning: You are using `torch.load` with `weights_only=False` (the current default value), which uses the default pickle module implicitly. It is possible to construct malicious pickle data which will execute arbitrary code during unpickling (See https://github.com/pytorch/pytorch/blob/main/SECURITY.md#untrusted-models for more details). In a future release, the default value for `weights_only` will be flipped to `True`. This limits the functions that could be executed during unpickling. Arbitrary objects will no longer be allowed to be loaded via this mode unless they are explicitly allowlisted by the user via `torch.serialization.add_safe_globals`. We recommend you start setting `weights_only=True` for any use case where you don't have full control of the loaded file. Please open an issue on GitHub for any issues related to this experimental feature.
  model.load_state_dict(torch.load(os.path.join(out_dir, 'best_model.pth')))
Final Test MSE (Best Model): 0.0470
Finished. Status: Success
