Starting Run on GPU 1
Time: 2025-12-24 20:15:19

[Run Start] Subject S006 | Mode ['SDA'] | Params: L2.5_LS0.7_LR0.0001_E128_D128_Dr0.3

[Fold 1 - SDA] Train: ['S006_T004', 'S006_T006'], Test: S006_T001, Norm: fixed
/home/sangukchoi/.conda/envs/torch_gpu/lib/python3.10/site-packages/torch/nn/modules/rnn.py:123: UserWarning: dropout option adds dropout after all but last recurrent layer, so non-zero dropout expects num_layers greater than 1, but got dropout=0.3 and num_layers=1
  warnings.warn(
  Ep 1: Train 0.6734 | Val 0.6695 | Test 0.0873
Validation loss decreased (0.669471 --> 0.669471).  Saving model ...
  Ep 2: Train 0.4470 | Val 0.6332 | Test 0.0637
Validation loss decreased (0.633195 --> 0.633195).  Saving model ...
  Ep 3: Train 0.3780 | Val 0.5413 | Test 0.0580
Validation loss decreased (0.541346 --> 0.541346).  Saving model ...
  Ep 4: Train 0.3488 | Val 0.4926 | Test 0.0483
Validation loss decreased (0.492623 --> 0.492623).  Saving model ...
  Ep 5: Train 0.3287 | Val 0.4740 | Test 0.0469
Validation loss decreased (0.473958 --> 0.473958).  Saving model ...
  Ep 6: Train 0.3163 | Val 0.4668 | Test 0.0447
Validation loss decreased (0.466824 --> 0.466824).  Saving model ...
  Ep 7: Train 0.3114 | Val 0.4677 | Test 0.0574
EarlyStopping counter: 1 out of 5
  Ep 8: Train 0.3072 | Val 0.4442 | Test 0.0430
Validation loss decreased (0.444207 --> 0.444207).  Saving model ...
  Ep 9: Train 0.3034 | Val 0.4422 | Test 0.0470
Validation loss decreased (0.442160 --> 0.442160).  Saving model ...
  Ep 10: Train 0.3023 | Val 0.4556 | Test 0.0416
EarlyStopping counter: 1 out of 5
  Ep 11: Train 0.3033 | Val 0.4399 | Test 0.0415
Validation loss decreased (0.439897 --> 0.439897).  Saving model ...
  Ep 12: Train 0.3002 | Val 0.4348 | Test 0.0490
Validation loss decreased (0.434770 --> 0.434770).  Saving model ...
  Ep 13: Train 0.2916 | Val 0.4185 | Test 0.0405
Validation loss decreased (0.418467 --> 0.418467).  Saving model ...
  Ep 14: Train 0.2900 | Val 0.4886 | Test 0.0378
EarlyStopping counter: 1 out of 5
  Ep 15: Train 0.2896 | Val 0.4567 | Test 0.0359
EarlyStopping counter: 2 out of 5
  Ep 16: Train 0.2897 | Val 0.4545 | Test 0.0494
EarlyStopping counter: 3 out of 5
  Ep 17: Train 0.2909 | Val 0.4672 | Test 0.0359
EarlyStopping counter: 4 out of 5
  Ep 18: Train 0.2816 | Val 0.4665 | Test 0.0408
EarlyStopping counter: 5 out of 5
Early stopping triggered!
/home/sangukchoi/Stroke_SDA/sda_training.py:615: FutureWarning: You are using `torch.load` with `weights_only=False` (the current default value), which uses the default pickle module implicitly. It is possible to construct malicious pickle data which will execute arbitrary code during unpickling (See https://github.com/pytorch/pytorch/blob/main/SECURITY.md#untrusted-models for more details). In a future release, the default value for `weights_only` will be flipped to `True`. This limits the functions that could be executed during unpickling. Arbitrary objects will no longer be allowed to be loaded via this mode unless they are explicitly allowlisted by the user via `torch.serialization.add_safe_globals`. We recommend you start setting `weights_only=True` for any use case where you don't have full control of the loaded file. Please open an issue on GitHub for any issues related to this experimental feature.
  model.load_state_dict(torch.load(os.path.join(out_dir, 'best_model.pth')))
Final Test MSE (Best Model): 0.0405
Finished. Status: Success
