Starting Run on GPU 1
Time: 2025-12-24 18:39:07

[Run Start] Subject S006 | Mode ['SDA'] | Params: L1.0_LS0.7_LR0.0001_E256_D32_Dr0.3

[Fold 1 - SDA] Train: ['S006_T004', 'S006_T006'], Test: S006_T001, Norm: fixed
/home/sangukchoi/.conda/envs/torch_gpu/lib/python3.10/site-packages/torch/nn/modules/rnn.py:123: UserWarning: dropout option adds dropout after all but last recurrent layer, so non-zero dropout expects num_layers greater than 1, but got dropout=0.3 and num_layers=1
  warnings.warn(
  Ep 1: Train 0.2989 | Val 0.2328 | Test 0.0633
Validation loss decreased (0.232836 --> 0.232836).  Saving model ...
  Ep 2: Train 0.1645 | Val 0.1998 | Test 0.0346
Validation loss decreased (0.199822 --> 0.199822).  Saving model ...
  Ep 3: Train 0.1457 | Val 0.1922 | Test 0.0340
Validation loss decreased (0.192248 --> 0.192248).  Saving model ...
  Ep 4: Train 0.1341 | Val 0.2007 | Test 0.0358
EarlyStopping counter: 1 out of 5
  Ep 5: Train 0.1313 | Val 0.1779 | Test 0.0271
Validation loss decreased (0.177929 --> 0.177929).  Saving model ...
  Ep 6: Train 0.1283 | Val 0.1733 | Test 0.0242
Validation loss decreased (0.173262 --> 0.173262).  Saving model ...
  Ep 7: Train 0.1255 | Val 0.1673 | Test 0.0255
Validation loss decreased (0.167313 --> 0.167313).  Saving model ...
  Ep 8: Train 0.1237 | Val 0.1818 | Test 0.0263
EarlyStopping counter: 1 out of 5
  Ep 9: Train 0.1210 | Val 0.1747 | Test 0.0252
EarlyStopping counter: 2 out of 5
  Ep 10: Train 0.1205 | Val 0.1758 | Test 0.0251
EarlyStopping counter: 3 out of 5
  Ep 11: Train 0.1181 | Val 0.1909 | Test 0.0275
EarlyStopping counter: 4 out of 5
  Ep 12: Train 0.1177 | Val 0.1722 | Test 0.0236
EarlyStopping counter: 5 out of 5
Early stopping triggered!
/home/sangukchoi/Stroke_SDA/sda_training.py:615: FutureWarning: You are using `torch.load` with `weights_only=False` (the current default value), which uses the default pickle module implicitly. It is possible to construct malicious pickle data which will execute arbitrary code during unpickling (See https://github.com/pytorch/pytorch/blob/main/SECURITY.md#untrusted-models for more details). In a future release, the default value for `weights_only` will be flipped to `True`. This limits the functions that could be executed during unpickling. Arbitrary objects will no longer be allowed to be loaded via this mode unless they are explicitly allowlisted by the user via `torch.serialization.add_safe_globals`. We recommend you start setting `weights_only=True` for any use case where you don't have full control of the loaded file. Please open an issue on GitHub for any issues related to this experimental feature.
  model.load_state_dict(torch.load(os.path.join(out_dir, 'best_model.pth')))
Final Test MSE (Best Model): 0.0255
Finished. Status: Success
