Starting Run on GPU 3
Time: 2025-12-24 18:50:15

[Run Start] Subject S006 | Mode ['SDA'] | Params: L1.0_LS1.0_LR0.0001_E256_D64_Dr0.3

[Fold 1 - SDA] Train: ['S006_T004', 'S006_T006'], Test: S006_T001, Norm: fixed
/home/sangukchoi/.conda/envs/torch_gpu/lib/python3.10/site-packages/torch/nn/modules/rnn.py:123: UserWarning: dropout option adds dropout after all but last recurrent layer, so non-zero dropout expects num_layers greater than 1, but got dropout=0.3 and num_layers=1
  warnings.warn(
  Ep 1: Train 0.3277 | Val 0.2621 | Test 0.0458
Validation loss decreased (0.262126 --> 0.262126).  Saving model ...
  Ep 2: Train 0.1860 | Val 0.2145 | Test 0.0404
Validation loss decreased (0.214472 --> 0.214472).  Saving model ...
  Ep 3: Train 0.1619 | Val 0.2045 | Test 0.0476
Validation loss decreased (0.204501 --> 0.204501).  Saving model ...
  Ep 4: Train 0.1552 | Val 0.2117 | Test 0.0377
EarlyStopping counter: 1 out of 5
  Ep 5: Train 0.1467 | Val 0.1697 | Test 0.0442
Validation loss decreased (0.169695 --> 0.169695).  Saving model ...
  Ep 6: Train 0.1462 | Val 0.1778 | Test 0.0352
EarlyStopping counter: 1 out of 5
  Ep 7: Train 0.1432 | Val 0.1807 | Test 0.0319
EarlyStopping counter: 2 out of 5
  Ep 8: Train 0.1406 | Val 0.1865 | Test 0.0413
EarlyStopping counter: 3 out of 5
  Ep 9: Train 0.1398 | Val 0.1908 | Test 0.0327
EarlyStopping counter: 4 out of 5
  Ep 10: Train 0.1350 | Val 0.2009 | Test 0.0267
EarlyStopping counter: 5 out of 5
Early stopping triggered!
/home/sangukchoi/Stroke_SDA/sda_training.py:615: FutureWarning: You are using `torch.load` with `weights_only=False` (the current default value), which uses the default pickle module implicitly. It is possible to construct malicious pickle data which will execute arbitrary code during unpickling (See https://github.com/pytorch/pytorch/blob/main/SECURITY.md#untrusted-models for more details). In a future release, the default value for `weights_only` will be flipped to `True`. This limits the functions that could be executed during unpickling. Arbitrary objects will no longer be allowed to be loaded via this mode unless they are explicitly allowlisted by the user via `torch.serialization.add_safe_globals`. We recommend you start setting `weights_only=True` for any use case where you don't have full control of the loaded file. Please open an issue on GitHub for any issues related to this experimental feature.
  model.load_state_dict(torch.load(os.path.join(out_dir, 'best_model.pth')))
Final Test MSE (Best Model): 0.0442
Finished. Status: Success
