Starting Run on GPU 3
Time: 2025-12-24 20:45:42

[Run Start] Subject S006 | Mode ['SDA'] | Params: L3.0_LS0.5_LR0.0001_E64_D128_Dr0.3

[Fold 1 - SDA] Train: ['S006_T004', 'S006_T006'], Test: S006_T001, Norm: fixed
/home/sangukchoi/.conda/envs/torch_gpu/lib/python3.10/site-packages/torch/nn/modules/rnn.py:123: UserWarning: dropout option adds dropout after all but last recurrent layer, so non-zero dropout expects num_layers greater than 1, but got dropout=0.3 and num_layers=1
  warnings.warn(
  Ep 1: Train 0.8481 | Val 0.8549 | Test 0.1622
Validation loss decreased (0.854936 --> 0.854936).  Saving model ...
  Ep 2: Train 0.5748 | Val 0.7718 | Test 0.1263
Validation loss decreased (0.771793 --> 0.771793).  Saving model ...
  Ep 3: Train 0.5102 | Val 0.7190 | Test 0.0974
Validation loss decreased (0.719015 --> 0.719015).  Saving model ...
  Ep 4: Train 0.4635 | Val 0.7485 | Test 0.0715
EarlyStopping counter: 1 out of 5
  Ep 5: Train 0.4378 | Val 0.7318 | Test 0.0658
EarlyStopping counter: 2 out of 5
  Ep 6: Train 0.4168 | Val 0.6505 | Test 0.0617
Validation loss decreased (0.650477 --> 0.650477).  Saving model ...
  Ep 7: Train 0.3992 | Val 0.6863 | Test 0.0574
EarlyStopping counter: 1 out of 5
  Ep 8: Train 0.3854 | Val 0.6662 | Test 0.0547
EarlyStopping counter: 2 out of 5
  Ep 9: Train 0.3802 | Val 0.6063 | Test 0.0594
Validation loss decreased (0.606261 --> 0.606261).  Saving model ...
  Ep 10: Train 0.3686 | Val 0.5980 | Test 0.0546
Validation loss decreased (0.597992 --> 0.597992).  Saving model ...
  Ep 11: Train 0.3670 | Val 0.6064 | Test 0.0472
EarlyStopping counter: 1 out of 5
  Ep 12: Train 0.3688 | Val 0.6224 | Test 0.0507
EarlyStopping counter: 2 out of 5
  Ep 13: Train 0.3565 | Val 0.6280 | Test 0.0476
EarlyStopping counter: 3 out of 5
  Ep 14: Train 0.3560 | Val 0.5916 | Test 0.0513
Validation loss decreased (0.591577 --> 0.591577).  Saving model ...
  Ep 15: Train 0.3493 | Val 0.5942 | Test 0.0448
EarlyStopping counter: 1 out of 5
  Ep 16: Train 0.3475 | Val 0.5547 | Test 0.0480
Validation loss decreased (0.554737 --> 0.554737).  Saving model ...
  Ep 17: Train 0.3468 | Val 0.5744 | Test 0.0508
EarlyStopping counter: 1 out of 5
  Ep 18: Train 0.3407 | Val 0.5410 | Test 0.0480
Validation loss decreased (0.540976 --> 0.540976).  Saving model ...
  Ep 19: Train 0.3432 | Val 0.5363 | Test 0.0479
Validation loss decreased (0.536329 --> 0.536329).  Saving model ...
  Ep 20: Train 0.3382 | Val 0.5849 | Test 0.0503
EarlyStopping counter: 1 out of 5
  Ep 21: Train 0.3361 | Val 0.5768 | Test 0.0444
EarlyStopping counter: 2 out of 5
  Ep 22: Train 0.3388 | Val 0.5781 | Test 0.0468
EarlyStopping counter: 3 out of 5
  Ep 23: Train 0.3290 | Val 0.5424 | Test 0.0486
EarlyStopping counter: 4 out of 5
  Ep 24: Train 0.3353 | Val 0.5310 | Test 0.0507
Validation loss decreased (0.531047 --> 0.531047).  Saving model ...
  Ep 25: Train 0.3266 | Val 0.5352 | Test 0.0560
EarlyStopping counter: 1 out of 5
  Ep 26: Train 0.3219 | Val 0.5306 | Test 0.0465
EarlyStopping counter: 2 out of 5
  Ep 27: Train 0.3166 | Val 0.5112 | Test 0.0503
Validation loss decreased (0.511188 --> 0.511188).  Saving model ...
  Ep 28: Train 0.3260 | Val 0.5348 | Test 0.0574
EarlyStopping counter: 1 out of 5
  Ep 29: Train 0.3144 | Val 0.5158 | Test 0.0464
EarlyStopping counter: 2 out of 5
  Ep 30: Train 0.3152 | Val 0.6633 | Test 0.0616
EarlyStopping counter: 3 out of 5
  Ep 31: Train 0.3213 | Val 0.6124 | Test 0.0498
EarlyStopping counter: 4 out of 5
  Ep 32: Train 0.3103 | Val 0.5745 | Test 0.0510
EarlyStopping counter: 5 out of 5
Early stopping triggered!
/home/sangukchoi/Stroke_SDA/sda_training.py:615: FutureWarning: You are using `torch.load` with `weights_only=False` (the current default value), which uses the default pickle module implicitly. It is possible to construct malicious pickle data which will execute arbitrary code during unpickling (See https://github.com/pytorch/pytorch/blob/main/SECURITY.md#untrusted-models for more details). In a future release, the default value for `weights_only` will be flipped to `True`. This limits the functions that could be executed during unpickling. Arbitrary objects will no longer be allowed to be loaded via this mode unless they are explicitly allowlisted by the user via `torch.serialization.add_safe_globals`. We recommend you start setting `weights_only=True` for any use case where you don't have full control of the loaded file. Please open an issue on GitHub for any issues related to this experimental feature.
  model.load_state_dict(torch.load(os.path.join(out_dir, 'best_model.pth')))
Final Test MSE (Best Model): 0.0503
Finished. Status: Success
