Starting Run on GPU 1
Time: 2025-12-24 19:22:33

[Run Start] Subject S006 | Mode ['SDA'] | Params: L2.0_LS0.7_LR0.0001_E256_D32_Dr0.3

[Fold 1 - SDA] Train: ['S006_T004', 'S006_T006'], Test: S006_T001, Norm: fixed
/home/sangukchoi/.conda/envs/torch_gpu/lib/python3.10/site-packages/torch/nn/modules/rnn.py:123: UserWarning: dropout option adds dropout after all but last recurrent layer, so non-zero dropout expects num_layers greater than 1, but got dropout=0.3 and num_layers=1
  warnings.warn(
  Ep 1: Train 0.4964 | Val 0.4685 | Test 0.0599
Validation loss decreased (0.468479 --> 0.468479).  Saving model ...
  Ep 2: Train 0.2980 | Val 0.4350 | Test 0.0529
Validation loss decreased (0.434993 --> 0.434993).  Saving model ...
  Ep 3: Train 0.2757 | Val 0.4137 | Test 0.0516
Validation loss decreased (0.413677 --> 0.413677).  Saving model ...
  Ep 4: Train 0.2606 | Val 0.3918 | Test 0.0447
Validation loss decreased (0.391769 --> 0.391769).  Saving model ...
  Ep 5: Train 0.2500 | Val 0.3666 | Test 0.0558
Validation loss decreased (0.366648 --> 0.366648).  Saving model ...
  Ep 6: Train 0.2420 | Val 0.4101 | Test 0.0441
EarlyStopping counter: 1 out of 5
  Ep 7: Train 0.2399 | Val 0.3149 | Test 0.0411
Validation loss decreased (0.314943 --> 0.314943).  Saving model ...
  Ep 8: Train 0.2362 | Val 0.3628 | Test 0.0456
EarlyStopping counter: 1 out of 5
  Ep 9: Train 0.2327 | Val 0.3317 | Test 0.0473
EarlyStopping counter: 2 out of 5
  Ep 10: Train 0.2300 | Val 0.3306 | Test 0.0410
EarlyStopping counter: 3 out of 5
  Ep 11: Train 0.2227 | Val 0.3389 | Test 0.0404
EarlyStopping counter: 4 out of 5
  Ep 12: Train 0.2215 | Val 0.3565 | Test 0.0400
EarlyStopping counter: 5 out of 5
Early stopping triggered!
/home/sangukchoi/Stroke_SDA/sda_training.py:615: FutureWarning: You are using `torch.load` with `weights_only=False` (the current default value), which uses the default pickle module implicitly. It is possible to construct malicious pickle data which will execute arbitrary code during unpickling (See https://github.com/pytorch/pytorch/blob/main/SECURITY.md#untrusted-models for more details). In a future release, the default value for `weights_only` will be flipped to `True`. This limits the functions that could be executed during unpickling. Arbitrary objects will no longer be allowed to be loaded via this mode unless they are explicitly allowlisted by the user via `torch.serialization.add_safe_globals`. We recommend you start setting `weights_only=True` for any use case where you don't have full control of the loaded file. Please open an issue on GitHub for any issues related to this experimental feature.
  model.load_state_dict(torch.load(os.path.join(out_dir, 'best_model.pth')))
Final Test MSE (Best Model): 0.0411
Finished. Status: Success
