Starting Run on GPU 3
Time: 2025-12-24 19:57:52

[Run Start] Subject S006 | Mode ['SDA'] | Params: L2.5_LS0.5_LR0.0001_E64_D128_Dr0.3

[Fold 1 - SDA] Train: ['S006_T004', 'S006_T006'], Test: S006_T001, Norm: fixed
/home/sangukchoi/.conda/envs/torch_gpu/lib/python3.10/site-packages/torch/nn/modules/rnn.py:123: UserWarning: dropout option adds dropout after all but last recurrent layer, so non-zero dropout expects num_layers greater than 1, but got dropout=0.3 and num_layers=1
  warnings.warn(
  Ep 1: Train 0.7246 | Val 0.6780 | Test 0.1178
Validation loss decreased (0.678044 --> 0.678044).  Saving model ...
  Ep 2: Train 0.4600 | Val 0.6095 | Test 0.0801
Validation loss decreased (0.609543 --> 0.609543).  Saving model ...
  Ep 3: Train 0.4014 | Val 0.6237 | Test 0.0658
EarlyStopping counter: 1 out of 5
  Ep 4: Train 0.3706 | Val 0.5766 | Test 0.0574
Validation loss decreased (0.576611 --> 0.576611).  Saving model ...
  Ep 5: Train 0.3461 | Val 0.4914 | Test 0.0567
Validation loss decreased (0.491448 --> 0.491448).  Saving model ...
  Ep 6: Train 0.3286 | Val 0.4809 | Test 0.0558
Validation loss decreased (0.480860 --> 0.480860).  Saving model ...
  Ep 7: Train 0.3215 | Val 0.4896 | Test 0.0590
EarlyStopping counter: 1 out of 5
  Ep 8: Train 0.3183 | Val 0.4664 | Test 0.0459
Validation loss decreased (0.466391 --> 0.466391).  Saving model ...
  Ep 9: Train 0.3118 | Val 0.4940 | Test 0.0493
EarlyStopping counter: 1 out of 5
  Ep 10: Train 0.3090 | Val 0.4869 | Test 0.0424
EarlyStopping counter: 2 out of 5
  Ep 11: Train 0.3032 | Val 0.4434 | Test 0.0509
Validation loss decreased (0.443389 --> 0.443389).  Saving model ...
  Ep 12: Train 0.3027 | Val 0.4799 | Test 0.0466
EarlyStopping counter: 1 out of 5
  Ep 13: Train 0.2971 | Val 0.4230 | Test 0.0465
Validation loss decreased (0.423044 --> 0.423044).  Saving model ...
  Ep 14: Train 0.3022 | Val 0.4760 | Test 0.0492
EarlyStopping counter: 1 out of 5
  Ep 15: Train 0.2929 | Val 0.4635 | Test 0.0475
EarlyStopping counter: 2 out of 5
  Ep 16: Train 0.2926 | Val 0.4550 | Test 0.0405
EarlyStopping counter: 3 out of 5
  Ep 17: Train 0.2911 | Val 0.4649 | Test 0.0455
EarlyStopping counter: 4 out of 5
  Ep 18: Train 0.2885 | Val 0.4456 | Test 0.0438
EarlyStopping counter: 5 out of 5
Early stopping triggered!
/home/sangukchoi/Stroke_SDA/sda_training.py:615: FutureWarning: You are using `torch.load` with `weights_only=False` (the current default value), which uses the default pickle module implicitly. It is possible to construct malicious pickle data which will execute arbitrary code during unpickling (See https://github.com/pytorch/pytorch/blob/main/SECURITY.md#untrusted-models for more details). In a future release, the default value for `weights_only` will be flipped to `True`. This limits the functions that could be executed during unpickling. Arbitrary objects will no longer be allowed to be loaded via this mode unless they are explicitly allowlisted by the user via `torch.serialization.add_safe_globals`. We recommend you start setting `weights_only=True` for any use case where you don't have full control of the loaded file. Please open an issue on GitHub for any issues related to this experimental feature.
  model.load_state_dict(torch.load(os.path.join(out_dir, 'best_model.pth')))
Final Test MSE (Best Model): 0.0465
Finished. Status: Success
