Starting Run on GPU 2
Time: 2025-12-24 18:36:07

[Run Start] Subject S006 | Mode ['SDA'] | Params: L1.0_LS0.7_LR0.0001_E128_D64_Dr0.3

[Fold 1 - SDA] Train: ['S006_T004', 'S006_T006'], Test: S006_T001, Norm: fixed
/home/sangukchoi/.conda/envs/torch_gpu/lib/python3.10/site-packages/torch/nn/modules/rnn.py:123: UserWarning: dropout option adds dropout after all but last recurrent layer, so non-zero dropout expects num_layers greater than 1, but got dropout=0.3 and num_layers=1
  warnings.warn(
  Ep 1: Train 0.3699 | Val 0.2548 | Test 0.0682
Validation loss decreased (0.254825 --> 0.254825).  Saving model ...
  Ep 2: Train 0.1861 | Val 0.2246 | Test 0.0505
Validation loss decreased (0.224583 --> 0.224583).  Saving model ...
  Ep 3: Train 0.1657 | Val 0.1991 | Test 0.0452
Validation loss decreased (0.199109 --> 0.199109).  Saving model ...
  Ep 4: Train 0.1534 | Val 0.2071 | Test 0.0428
EarlyStopping counter: 1 out of 5
  Ep 5: Train 0.1469 | Val 0.2015 | Test 0.0413
EarlyStopping counter: 2 out of 5
  Ep 6: Train 0.1442 | Val 0.2033 | Test 0.0286
EarlyStopping counter: 3 out of 5
  Ep 7: Train 0.1395 | Val 0.1712 | Test 0.0388
Validation loss decreased (0.171234 --> 0.171234).  Saving model ...
  Ep 8: Train 0.1376 | Val 0.1844 | Test 0.0365
EarlyStopping counter: 1 out of 5
  Ep 9: Train 0.1366 | Val 0.1966 | Test 0.0332
EarlyStopping counter: 2 out of 5
  Ep 10: Train 0.1340 | Val 0.1626 | Test 0.0297
Validation loss decreased (0.162638 --> 0.162638).  Saving model ...
  Ep 11: Train 0.1312 | Val 0.1733 | Test 0.0377
EarlyStopping counter: 1 out of 5
  Ep 12: Train 0.1296 | Val 0.1957 | Test 0.0277
EarlyStopping counter: 2 out of 5
  Ep 13: Train 0.1282 | Val 0.1861 | Test 0.0316
EarlyStopping counter: 3 out of 5
  Ep 14: Train 0.1262 | Val 0.1682 | Test 0.0327
EarlyStopping counter: 4 out of 5
  Ep 15: Train 0.1262 | Val 0.1662 | Test 0.0308
EarlyStopping counter: 5 out of 5
Early stopping triggered!
/home/sangukchoi/Stroke_SDA/sda_training.py:615: FutureWarning: You are using `torch.load` with `weights_only=False` (the current default value), which uses the default pickle module implicitly. It is possible to construct malicious pickle data which will execute arbitrary code during unpickling (See https://github.com/pytorch/pytorch/blob/main/SECURITY.md#untrusted-models for more details). In a future release, the default value for `weights_only` will be flipped to `True`. This limits the functions that could be executed during unpickling. Arbitrary objects will no longer be allowed to be loaded via this mode unless they are explicitly allowlisted by the user via `torch.serialization.add_safe_globals`. We recommend you start setting `weights_only=True` for any use case where you don't have full control of the loaded file. Please open an issue on GitHub for any issues related to this experimental feature.
  model.load_state_dict(torch.load(os.path.join(out_dir, 'best_model.pth')))
Final Test MSE (Best Model): 0.0297
Finished. Status: Success
