Starting Run on GPU 1
Time: 2025-12-24 19:49:51

[Run Start] Subject S006 | Mode ['SDA'] | Params: L2.5_LS0.3_LR0.0001_E256_D128_Dr0.3

[Fold 1 - SDA] Train: ['S006_T004', 'S006_T006'], Test: S006_T001, Norm: fixed
/home/sangukchoi/.conda/envs/torch_gpu/lib/python3.10/site-packages/torch/nn/modules/rnn.py:123: UserWarning: dropout option adds dropout after all but last recurrent layer, so non-zero dropout expects num_layers greater than 1, but got dropout=0.3 and num_layers=1
  warnings.warn(
  Ep 1: Train 0.5034 | Val 0.6888 | Test 0.0950
Validation loss decreased (0.688849 --> 0.688849).  Saving model ...
  Ep 2: Train 0.3678 | Val 0.6486 | Test 0.0501
Validation loss decreased (0.648560 --> 0.648560).  Saving model ...
  Ep 3: Train 0.3053 | Val 0.4845 | Test 0.0549
Validation loss decreased (0.484508 --> 0.484508).  Saving model ...
  Ep 4: Train 0.2979 | Val 0.5026 | Test 0.0576
EarlyStopping counter: 1 out of 5
  Ep 5: Train 0.2891 | Val 0.4284 | Test 0.0478
Validation loss decreased (0.428401 --> 0.428401).  Saving model ...
  Ep 6: Train 0.2927 | Val 0.4698 | Test 0.0490
EarlyStopping counter: 1 out of 5
  Ep 7: Train 0.2818 | Val 0.4633 | Test 0.0476
EarlyStopping counter: 2 out of 5
  Ep 8: Train 0.2749 | Val 0.4268 | Test 0.0689
Validation loss decreased (0.426817 --> 0.426817).  Saving model ...
  Ep 9: Train 0.2697 | Val 0.4371 | Test 0.0534
EarlyStopping counter: 1 out of 5
  Ep 10: Train 0.2711 | Val 0.4430 | Test 0.0468
EarlyStopping counter: 2 out of 5
  Ep 11: Train 0.2684 | Val 0.4704 | Test 0.0438
EarlyStopping counter: 3 out of 5
  Ep 12: Train 0.2641 | Val 0.4071 | Test 0.0474
Validation loss decreased (0.407119 --> 0.407119).  Saving model ...
  Ep 13: Train 0.2548 | Val 0.4312 | Test 0.0518
EarlyStopping counter: 1 out of 5
  Ep 14: Train 0.2549 | Val 0.4182 | Test 0.0434
EarlyStopping counter: 2 out of 5
  Ep 15: Train 0.2500 | Val 0.4281 | Test 0.0408
EarlyStopping counter: 3 out of 5
  Ep 16: Train 0.2525 | Val 0.4940 | Test 0.0450
EarlyStopping counter: 4 out of 5
  Ep 17: Train 0.2500 | Val 0.3954 | Test 0.0432
Validation loss decreased (0.395385 --> 0.395385).  Saving model ...
  Ep 18: Train 0.2458 | Val 0.4768 | Test 0.0384
EarlyStopping counter: 1 out of 5
  Ep 19: Train 0.2540 | Val 0.4159 | Test 0.0409
EarlyStopping counter: 2 out of 5
  Ep 20: Train 0.2414 | Val 0.3957 | Test 0.0435
EarlyStopping counter: 3 out of 5
  Ep 21: Train 0.2422 | Val 0.3823 | Test 0.0401
Validation loss decreased (0.382344 --> 0.382344).  Saving model ...
  Ep 22: Train 0.2418 | Val 0.4004 | Test 0.0429
EarlyStopping counter: 1 out of 5
  Ep 23: Train 0.2344 | Val 0.4121 | Test 0.0394
EarlyStopping counter: 2 out of 5
  Ep 24: Train 0.2311 | Val 0.4128 | Test 0.0349
EarlyStopping counter: 3 out of 5
  Ep 25: Train 0.2402 | Val 0.4091 | Test 0.0374
EarlyStopping counter: 4 out of 5
  Ep 26: Train 0.2397 | Val 0.4285 | Test 0.0396
EarlyStopping counter: 5 out of 5
Early stopping triggered!
/home/sangukchoi/Stroke_SDA/sda_training.py:615: FutureWarning: You are using `torch.load` with `weights_only=False` (the current default value), which uses the default pickle module implicitly. It is possible to construct malicious pickle data which will execute arbitrary code during unpickling (See https://github.com/pytorch/pytorch/blob/main/SECURITY.md#untrusted-models for more details). In a future release, the default value for `weights_only` will be flipped to `True`. This limits the functions that could be executed during unpickling. Arbitrary objects will no longer be allowed to be loaded via this mode unless they are explicitly allowlisted by the user via `torch.serialization.add_safe_globals`. We recommend you start setting `weights_only=True` for any use case where you don't have full control of the loaded file. Please open an issue on GitHub for any issues related to this experimental feature.
  model.load_state_dict(torch.load(os.path.join(out_dir, 'best_model.pth')))
Final Test MSE (Best Model): 0.0401
Finished. Status: Success
