Starting Run on GPU 1
Time: 2025-12-24 21:05:34

[Run Start] Subject S006 | Mode ['SDA'] | Params: L3.0_LS0.7_LR0.0001_E256_D128_Dr0.3

[Fold 1 - SDA] Train: ['S006_T004', 'S006_T006'], Test: S006_T001, Norm: fixed
/home/sangukchoi/.conda/envs/torch_gpu/lib/python3.10/site-packages/torch/nn/modules/rnn.py:123: UserWarning: dropout option adds dropout after all but last recurrent layer, so non-zero dropout expects num_layers greater than 1, but got dropout=0.3 and num_layers=1
  warnings.warn(
  Ep 1: Train 0.6347 | Val 0.7841 | Test 0.0732
Validation loss decreased (0.784074 --> 0.784074).  Saving model ...
  Ep 2: Train 0.4309 | Val 0.5790 | Test 0.0709
Validation loss decreased (0.578960 --> 0.578960).  Saving model ...
  Ep 3: Train 0.3849 | Val 0.6543 | Test 0.0511
EarlyStopping counter: 1 out of 5
  Ep 4: Train 0.3685 | Val 0.5753 | Test 0.0503
Validation loss decreased (0.575333 --> 0.575333).  Saving model ...
  Ep 5: Train 0.3607 | Val 0.5390 | Test 0.0649
Validation loss decreased (0.539033 --> 0.539033).  Saving model ...
  Ep 6: Train 0.3617 | Val 0.4789 | Test 0.0523
Validation loss decreased (0.478871 --> 0.478871).  Saving model ...
  Ep 7: Train 0.3533 | Val 0.5047 | Test 0.0445
EarlyStopping counter: 1 out of 5
  Ep 8: Train 0.3527 | Val 0.5570 | Test 0.0477
EarlyStopping counter: 2 out of 5
  Ep 9: Train 0.3458 | Val 0.5559 | Test 0.0441
EarlyStopping counter: 3 out of 5
  Ep 10: Train 0.3398 | Val 0.5321 | Test 0.0436
EarlyStopping counter: 4 out of 5
  Ep 11: Train 0.3228 | Val 0.5097 | Test 0.0441
EarlyStopping counter: 5 out of 5
Early stopping triggered!
/home/sangukchoi/Stroke_SDA/sda_training.py:615: FutureWarning: You are using `torch.load` with `weights_only=False` (the current default value), which uses the default pickle module implicitly. It is possible to construct malicious pickle data which will execute arbitrary code during unpickling (See https://github.com/pytorch/pytorch/blob/main/SECURITY.md#untrusted-models for more details). In a future release, the default value for `weights_only` will be flipped to `True`. This limits the functions that could be executed during unpickling. Arbitrary objects will no longer be allowed to be loaded via this mode unless they are explicitly allowlisted by the user via `torch.serialization.add_safe_globals`. We recommend you start setting `weights_only=True` for any use case where you don't have full control of the loaded file. Please open an issue on GitHub for any issues related to this experimental feature.
  model.load_state_dict(torch.load(os.path.join(out_dir, 'best_model.pth')))
Final Test MSE (Best Model): 0.0523
Finished. Status: Success
