Starting Run on GPU 1
Time: 2025-12-24 21:14:38

[Run Start] Subject S006 | Mode ['SDA'] | Params: L3.0_LS1.0_LR0.0001_E128_D128_Dr0.3

[Fold 1 - SDA] Train: ['S006_T004', 'S006_T006'], Test: S006_T001, Norm: fixed
/home/sangukchoi/.conda/envs/torch_gpu/lib/python3.10/site-packages/torch/nn/modules/rnn.py:123: UserWarning: dropout option adds dropout after all but last recurrent layer, so non-zero dropout expects num_layers greater than 1, but got dropout=0.3 and num_layers=1
  warnings.warn(
  Ep 1: Train 0.8113 | Val 0.8980 | Test 0.0936
Validation loss decreased (0.897968 --> 0.897968).  Saving model ...
  Ep 2: Train 0.5262 | Val 0.8772 | Test 0.0756
Validation loss decreased (0.877165 --> 0.877165).  Saving model ...
  Ep 3: Train 0.4350 | Val 0.6262 | Test 0.0608
Validation loss decreased (0.626242 --> 0.626242).  Saving model ...
  Ep 4: Train 0.4032 | Val 0.6591 | Test 0.0494
EarlyStopping counter: 1 out of 5
  Ep 5: Train 0.3926 | Val 0.5737 | Test 0.0582
Validation loss decreased (0.573741 --> 0.573741).  Saving model ...
  Ep 6: Train 0.3778 | Val 0.5548 | Test 0.0552
Validation loss decreased (0.554816 --> 0.554816).  Saving model ...
  Ep 7: Train 0.3789 | Val 0.5660 | Test 0.0533
EarlyStopping counter: 1 out of 5
  Ep 8: Train 0.3737 | Val 0.5560 | Test 0.0453
EarlyStopping counter: 2 out of 5
  Ep 9: Train 0.3725 | Val 0.5194 | Test 0.0479
Validation loss decreased (0.519401 --> 0.519401).  Saving model ...
  Ep 10: Train 0.3620 | Val 0.5393 | Test 0.0406
EarlyStopping counter: 1 out of 5
  Ep 11: Train 0.3587 | Val 0.5104 | Test 0.0432
Validation loss decreased (0.510382 --> 0.510382).  Saving model ...
  Ep 12: Train 0.3557 | Val 0.5058 | Test 0.0540
Validation loss decreased (0.505847 --> 0.505847).  Saving model ...
  Ep 13: Train 0.3541 | Val 0.5612 | Test 0.0560
EarlyStopping counter: 1 out of 5
  Ep 14: Train 0.3496 | Val 0.4934 | Test 0.0362
Validation loss decreased (0.493417 --> 0.493417).  Saving model ...
  Ep 15: Train 0.3430 | Val 0.4710 | Test 0.0445
Validation loss decreased (0.471033 --> 0.471033).  Saving model ...
  Ep 16: Train 0.3424 | Val 0.5114 | Test 0.0382
EarlyStopping counter: 1 out of 5
  Ep 17: Train 0.3362 | Val 0.5230 | Test 0.0407
EarlyStopping counter: 2 out of 5
  Ep 18: Train 0.3307 | Val 0.5287 | Test 0.0412
EarlyStopping counter: 3 out of 5
  Ep 19: Train 0.3331 | Val 0.5117 | Test 0.0390
EarlyStopping counter: 4 out of 5
  Ep 20: Train 0.3275 | Val 0.4752 | Test 0.0405
EarlyStopping counter: 5 out of 5
Early stopping triggered!
/home/sangukchoi/Stroke_SDA/sda_training.py:615: FutureWarning: You are using `torch.load` with `weights_only=False` (the current default value), which uses the default pickle module implicitly. It is possible to construct malicious pickle data which will execute arbitrary code during unpickling (See https://github.com/pytorch/pytorch/blob/main/SECURITY.md#untrusted-models for more details). In a future release, the default value for `weights_only` will be flipped to `True`. This limits the functions that could be executed during unpickling. Arbitrary objects will no longer be allowed to be loaded via this mode unless they are explicitly allowlisted by the user via `torch.serialization.add_safe_globals`. We recommend you start setting `weights_only=True` for any use case where you don't have full control of the loaded file. Please open an issue on GitHub for any issues related to this experimental feature.
  model.load_state_dict(torch.load(os.path.join(out_dir, 'best_model.pth')))
Final Test MSE (Best Model): 0.0445
Finished. Status: Success
