Starting Run on GPU 3
Time: 2025-12-24 19:47:38

[Run Start] Subject S006 | Mode ['SDA'] | Params: L2.5_LS0.3_LR0.0001_E256_D32_Dr0.3

[Fold 1 - SDA] Train: ['S006_T004', 'S006_T006'], Test: S006_T001, Norm: fixed
/home/sangukchoi/.conda/envs/torch_gpu/lib/python3.10/site-packages/torch/nn/modules/rnn.py:123: UserWarning: dropout option adds dropout after all but last recurrent layer, so non-zero dropout expects num_layers greater than 1, but got dropout=0.3 and num_layers=1
  warnings.warn(
  Ep 1: Train 0.5347 | Val 0.6345 | Test 0.0992
Validation loss decreased (0.634460 --> 0.634460).  Saving model ...
  Ep 2: Train 0.3737 | Val 0.6298 | Test 0.0590
Validation loss decreased (0.629765 --> 0.629765).  Saving model ...
  Ep 3: Train 0.3212 | Val 0.4933 | Test 0.0612
Validation loss decreased (0.493256 --> 0.493256).  Saving model ...
  Ep 4: Train 0.3013 | Val 0.5192 | Test 0.0662
EarlyStopping counter: 1 out of 5
  Ep 5: Train 0.2917 | Val 0.4678 | Test 0.0685
Validation loss decreased (0.467838 --> 0.467838).  Saving model ...
  Ep 6: Train 0.2821 | Val 0.4664 | Test 0.0574
Validation loss decreased (0.466362 --> 0.466362).  Saving model ...
  Ep 7: Train 0.2683 | Val 0.3954 | Test 0.0454
Validation loss decreased (0.395447 --> 0.395447).  Saving model ...
  Ep 8: Train 0.2667 | Val 0.4200 | Test 0.0431
EarlyStopping counter: 1 out of 5
  Ep 9: Train 0.2595 | Val 0.4069 | Test 0.0432
EarlyStopping counter: 2 out of 5
  Ep 10: Train 0.2639 | Val 0.3961 | Test 0.0721
EarlyStopping counter: 3 out of 5
  Ep 11: Train 0.2638 | Val 0.4239 | Test 0.0438
EarlyStopping counter: 4 out of 5
  Ep 12: Train 0.2586 | Val 0.4273 | Test 0.0397
EarlyStopping counter: 5 out of 5
Early stopping triggered!
/home/sangukchoi/Stroke_SDA/sda_training.py:615: FutureWarning: You are using `torch.load` with `weights_only=False` (the current default value), which uses the default pickle module implicitly. It is possible to construct malicious pickle data which will execute arbitrary code during unpickling (See https://github.com/pytorch/pytorch/blob/main/SECURITY.md#untrusted-models for more details). In a future release, the default value for `weights_only` will be flipped to `True`. This limits the functions that could be executed during unpickling. Arbitrary objects will no longer be allowed to be loaded via this mode unless they are explicitly allowlisted by the user via `torch.serialization.add_safe_globals`. We recommend you start setting `weights_only=True` for any use case where you don't have full control of the loaded file. Please open an issue on GitHub for any issues related to this experimental feature.
  model.load_state_dict(torch.load(os.path.join(out_dir, 'best_model.pth')))
Final Test MSE (Best Model): 0.0454
Finished. Status: Success
