Starting Run on GPU 2
Time: 2025-12-24 18:40:04

[Run Start] Subject S006 | Mode ['SDA'] | Params: L1.0_LS0.7_LR0.0001_E256_D128_Dr0.3

[Fold 1 - SDA] Train: ['S006_T004', 'S006_T006'], Test: S006_T001, Norm: fixed
/home/sangukchoi/.conda/envs/torch_gpu/lib/python3.10/site-packages/torch/nn/modules/rnn.py:123: UserWarning: dropout option adds dropout after all but last recurrent layer, so non-zero dropout expects num_layers greater than 1, but got dropout=0.3 and num_layers=1
  warnings.warn(
  Ep 1: Train 0.2901 | Val 0.2395 | Test 0.0520
Validation loss decreased (0.239509 --> 0.239509).  Saving model ...
  Ep 2: Train 0.1674 | Val 0.2029 | Test 0.0404
Validation loss decreased (0.202932 --> 0.202932).  Saving model ...
  Ep 3: Train 0.1510 | Val 0.2112 | Test 0.0362
EarlyStopping counter: 1 out of 5
  Ep 4: Train 0.1444 | Val 0.1972 | Test 0.0418
Validation loss decreased (0.197198 --> 0.197198).  Saving model ...
  Ep 5: Train 0.1394 | Val 0.1900 | Test 0.0462
Validation loss decreased (0.190031 --> 0.190031).  Saving model ...
  Ep 6: Train 0.1348 | Val 0.1811 | Test 0.0473
Validation loss decreased (0.181050 --> 0.181050).  Saving model ...
  Ep 7: Train 0.1315 | Val 0.1749 | Test 0.0354
Validation loss decreased (0.174942 --> 0.174942).  Saving model ...
  Ep 8: Train 0.1283 | Val 0.1689 | Test 0.0326
Validation loss decreased (0.168931 --> 0.168931).  Saving model ...
  Ep 9: Train 0.1267 | Val 0.1748 | Test 0.0395
EarlyStopping counter: 1 out of 5
  Ep 10: Train 0.1257 | Val 0.2147 | Test 0.0239
EarlyStopping counter: 2 out of 5
  Ep 11: Train 0.1207 | Val 0.1769 | Test 0.0337
EarlyStopping counter: 3 out of 5
  Ep 12: Train 0.1210 | Val 0.1620 | Test 0.0423
Validation loss decreased (0.162015 --> 0.162015).  Saving model ...
  Ep 13: Train 0.1230 | Val 0.1757 | Test 0.0410
EarlyStopping counter: 1 out of 5
  Ep 14: Train 0.1193 | Val 0.1755 | Test 0.0309
EarlyStopping counter: 2 out of 5
  Ep 15: Train 0.1147 | Val 0.1893 | Test 0.0292
EarlyStopping counter: 3 out of 5
  Ep 16: Train 0.1175 | Val 0.1780 | Test 0.0290
EarlyStopping counter: 4 out of 5
  Ep 17: Train 0.1167 | Val 0.1755 | Test 0.0326
EarlyStopping counter: 5 out of 5
Early stopping triggered!
/home/sangukchoi/Stroke_SDA/sda_training.py:615: FutureWarning: You are using `torch.load` with `weights_only=False` (the current default value), which uses the default pickle module implicitly. It is possible to construct malicious pickle data which will execute arbitrary code during unpickling (See https://github.com/pytorch/pytorch/blob/main/SECURITY.md#untrusted-models for more details). In a future release, the default value for `weights_only` will be flipped to `True`. This limits the functions that could be executed during unpickling. Arbitrary objects will no longer be allowed to be loaded via this mode unless they are explicitly allowlisted by the user via `torch.serialization.add_safe_globals`. We recommend you start setting `weights_only=True` for any use case where you don't have full control of the loaded file. Please open an issue on GitHub for any issues related to this experimental feature.
  model.load_state_dict(torch.load(os.path.join(out_dir, 'best_model.pth')))
Final Test MSE (Best Model): 0.0423
Finished. Status: Success
