Starting Run on GPU 1
Time: 2025-12-24 19:26:05

[Run Start] Subject S006 | Mode ['SDA'] | Params: L2.0_LS0.7_LR0.0001_E256_D64_Dr0.3

[Fold 1 - SDA] Train: ['S006_T004', 'S006_T006'], Test: S006_T001, Norm: fixed
/home/sangukchoi/.conda/envs/torch_gpu/lib/python3.10/site-packages/torch/nn/modules/rnn.py:123: UserWarning: dropout option adds dropout after all but last recurrent layer, so non-zero dropout expects num_layers greater than 1, but got dropout=0.3 and num_layers=1
  warnings.warn(
  Ep 1: Train 0.4833 | Val 0.5154 | Test 0.0602
Validation loss decreased (0.515355 --> 0.515355).  Saving model ...
  Ep 2: Train 0.2986 | Val 0.3986 | Test 0.0461
Validation loss decreased (0.398628 --> 0.398628).  Saving model ...
  Ep 3: Train 0.2650 | Val 0.4377 | Test 0.0507
EarlyStopping counter: 1 out of 5
  Ep 4: Train 0.2593 | Val 0.3977 | Test 0.0437
Validation loss decreased (0.397661 --> 0.397661).  Saving model ...
  Ep 5: Train 0.2512 | Val 0.3894 | Test 0.0493
Validation loss decreased (0.389393 --> 0.389393).  Saving model ...
  Ep 6: Train 0.2475 | Val 0.3358 | Test 0.0459
Validation loss decreased (0.335823 --> 0.335823).  Saving model ...
  Ep 7: Train 0.2435 | Val 0.3486 | Test 0.0314
EarlyStopping counter: 1 out of 5
  Ep 8: Train 0.2398 | Val 0.3897 | Test 0.0384
EarlyStopping counter: 2 out of 5
  Ep 9: Train 0.2281 | Val 0.3559 | Test 0.0500
EarlyStopping counter: 3 out of 5
  Ep 10: Train 0.2299 | Val 0.3190 | Test 0.0425
Validation loss decreased (0.319021 --> 0.319021).  Saving model ...
  Ep 11: Train 0.2224 | Val 0.2956 | Test 0.0383
Validation loss decreased (0.295582 --> 0.295582).  Saving model ...
  Ep 12: Train 0.2201 | Val 0.2972 | Test 0.0368
EarlyStopping counter: 1 out of 5
  Ep 13: Train 0.2166 | Val 0.3022 | Test 0.0391
EarlyStopping counter: 2 out of 5
  Ep 14: Train 0.2163 | Val 0.3472 | Test 0.0381
EarlyStopping counter: 3 out of 5
  Ep 15: Train 0.2136 | Val 0.3449 | Test 0.0347
EarlyStopping counter: 4 out of 5
  Ep 16: Train 0.2179 | Val 0.3781 | Test 0.0322
EarlyStopping counter: 5 out of 5
Early stopping triggered!
/home/sangukchoi/Stroke_SDA/sda_training.py:615: FutureWarning: You are using `torch.load` with `weights_only=False` (the current default value), which uses the default pickle module implicitly. It is possible to construct malicious pickle data which will execute arbitrary code during unpickling (See https://github.com/pytorch/pytorch/blob/main/SECURITY.md#untrusted-models for more details). In a future release, the default value for `weights_only` will be flipped to `True`. This limits the functions that could be executed during unpickling. Arbitrary objects will no longer be allowed to be loaded via this mode unless they are explicitly allowlisted by the user via `torch.serialization.add_safe_globals`. We recommend you start setting `weights_only=True` for any use case where you don't have full control of the loaded file. Please open an issue on GitHub for any issues related to this experimental feature.
  model.load_state_dict(torch.load(os.path.join(out_dir, 'best_model.pth')))
Final Test MSE (Best Model): 0.0383
Finished. Status: Success
