Starting Run on GPU 3
Time: 2025-12-24 19:22:01

[Run Start] Subject S006 | Mode ['SDA'] | Params: L2.0_LS0.7_LR0.0001_E128_D32_Dr0.3

[Fold 1 - SDA] Train: ['S006_T004', 'S006_T006'], Test: S006_T001, Norm: fixed
/home/sangukchoi/.conda/envs/torch_gpu/lib/python3.10/site-packages/torch/nn/modules/rnn.py:123: UserWarning: dropout option adds dropout after all but last recurrent layer, so non-zero dropout expects num_layers greater than 1, but got dropout=0.3 and num_layers=1
  warnings.warn(
  Ep 1: Train 0.5920 | Val 0.5464 | Test 0.0793
Validation loss decreased (0.546402 --> 0.546402).  Saving model ...
  Ep 2: Train 0.3448 | Val 0.4126 | Test 0.0695
Validation loss decreased (0.412551 --> 0.412551).  Saving model ...
  Ep 3: Train 0.2935 | Val 0.4115 | Test 0.0490
Validation loss decreased (0.411452 --> 0.411452).  Saving model ...
  Ep 4: Train 0.2739 | Val 0.4028 | Test 0.0490
Validation loss decreased (0.402822 --> 0.402822).  Saving model ...
  Ep 5: Train 0.2627 | Val 0.4413 | Test 0.0447
EarlyStopping counter: 1 out of 5
  Ep 6: Train 0.2605 | Val 0.3795 | Test 0.0481
Validation loss decreased (0.379467 --> 0.379467).  Saving model ...
  Ep 7: Train 0.2481 | Val 0.3949 | Test 0.0443
EarlyStopping counter: 1 out of 5
  Ep 8: Train 0.2478 | Val 0.3732 | Test 0.0424
Validation loss decreased (0.373189 --> 0.373189).  Saving model ...
  Ep 9: Train 0.2421 | Val 0.3785 | Test 0.0375
EarlyStopping counter: 1 out of 5
  Ep 10: Train 0.2424 | Val 0.3646 | Test 0.0392
Validation loss decreased (0.364582 --> 0.364582).  Saving model ...
  Ep 11: Train 0.2418 | Val 0.3454 | Test 0.0426
Validation loss decreased (0.345422 --> 0.345422).  Saving model ...
  Ep 12: Train 0.2363 | Val 0.3526 | Test 0.0475
EarlyStopping counter: 1 out of 5
  Ep 13: Train 0.2353 | Val 0.3478 | Test 0.0392
EarlyStopping counter: 2 out of 5
  Ep 14: Train 0.2333 | Val 0.3349 | Test 0.0437
Validation loss decreased (0.334863 --> 0.334863).  Saving model ...
  Ep 15: Train 0.2335 | Val 0.3460 | Test 0.0406
EarlyStopping counter: 1 out of 5
  Ep 16: Train 0.2333 | Val 0.3267 | Test 0.0461
Validation loss decreased (0.326704 --> 0.326704).  Saving model ...
  Ep 17: Train 0.2240 | Val 0.3349 | Test 0.0295
EarlyStopping counter: 1 out of 5
  Ep 18: Train 0.2257 | Val 0.3258 | Test 0.0347
Validation loss decreased (0.325766 --> 0.325766).  Saving model ...
  Ep 19: Train 0.2212 | Val 0.3344 | Test 0.0330
EarlyStopping counter: 1 out of 5
  Ep 20: Train 0.2216 | Val 0.3667 | Test 0.0282
EarlyStopping counter: 2 out of 5
  Ep 21: Train 0.2171 | Val 0.3166 | Test 0.0332
Validation loss decreased (0.316573 --> 0.316573).  Saving model ...
  Ep 22: Train 0.2236 | Val 0.3580 | Test 0.0319
EarlyStopping counter: 1 out of 5
  Ep 23: Train 0.2119 | Val 0.3219 | Test 0.0268
EarlyStopping counter: 2 out of 5
  Ep 24: Train 0.2102 | Val 0.3170 | Test 0.0308
EarlyStopping counter: 3 out of 5
  Ep 25: Train 0.2079 | Val 0.3477 | Test 0.0296
EarlyStopping counter: 4 out of 5
  Ep 26: Train 0.2084 | Val 0.3151 | Test 0.0357
Validation loss decreased (0.315119 --> 0.315119).  Saving model ...
  Ep 27: Train 0.2121 | Val 0.3486 | Test 0.0316
EarlyStopping counter: 1 out of 5
  Ep 28: Train 0.2087 | Val 0.3041 | Test 0.0356
Validation loss decreased (0.304100 --> 0.304100).  Saving model ...
  Ep 29: Train 0.2121 | Val 0.3254 | Test 0.0310
EarlyStopping counter: 1 out of 5
  Ep 30: Train 0.2053 | Val 0.3184 | Test 0.0348
EarlyStopping counter: 2 out of 5
  Ep 31: Train 0.2050 | Val 0.3498 | Test 0.0248
EarlyStopping counter: 3 out of 5
  Ep 32: Train 0.2065 | Val 0.3088 | Test 0.0309
EarlyStopping counter: 4 out of 5
  Ep 33: Train 0.2075 | Val 0.3316 | Test 0.0274
EarlyStopping counter: 5 out of 5
Early stopping triggered!
/home/sangukchoi/Stroke_SDA/sda_training.py:615: FutureWarning: You are using `torch.load` with `weights_only=False` (the current default value), which uses the default pickle module implicitly. It is possible to construct malicious pickle data which will execute arbitrary code during unpickling (See https://github.com/pytorch/pytorch/blob/main/SECURITY.md#untrusted-models for more details). In a future release, the default value for `weights_only` will be flipped to `True`. This limits the functions that could be executed during unpickling. Arbitrary objects will no longer be allowed to be loaded via this mode unless they are explicitly allowlisted by the user via `torch.serialization.add_safe_globals`. We recommend you start setting `weights_only=True` for any use case where you don't have full control of the loaded file. Please open an issue on GitHub for any issues related to this experimental feature.
  model.load_state_dict(torch.load(os.path.join(out_dir, 'best_model.pth')))
Final Test MSE (Best Model): 0.0356
Finished. Status: Success
