Starting Run on GPU 1
Time: 2025-12-24 19:19:52

[Run Start] Subject S006 | Mode ['SDA'] | Params: L2.0_LS0.7_LR0.0001_E64_D128_Dr0.3

[Fold 1 - SDA] Train: ['S006_T004', 'S006_T006'], Test: S006_T001, Norm: fixed
/home/sangukchoi/.conda/envs/torch_gpu/lib/python3.10/site-packages/torch/nn/modules/rnn.py:123: UserWarning: dropout option adds dropout after all but last recurrent layer, so non-zero dropout expects num_layers greater than 1, but got dropout=0.3 and num_layers=1
  warnings.warn(
  Ep 1: Train 0.6638 | Val 0.5602 | Test 0.0856
Validation loss decreased (0.560204 --> 0.560204).  Saving model ...
  Ep 2: Train 0.3840 | Val 0.4726 | Test 0.0671
Validation loss decreased (0.472550 --> 0.472550).  Saving model ...
  Ep 3: Train 0.3294 | Val 0.4614 | Test 0.0616
Validation loss decreased (0.461396 --> 0.461396).  Saving model ...
  Ep 4: Train 0.3026 | Val 0.4376 | Test 0.0448
Validation loss decreased (0.437587 --> 0.437587).  Saving model ...
  Ep 5: Train 0.2820 | Val 0.3920 | Test 0.0526
Validation loss decreased (0.391984 --> 0.391984).  Saving model ...
  Ep 6: Train 0.2734 | Val 0.3631 | Test 0.0471
Validation loss decreased (0.363080 --> 0.363080).  Saving model ...
  Ep 7: Train 0.2644 | Val 0.4001 | Test 0.0432
EarlyStopping counter: 1 out of 5
  Ep 8: Train 0.2608 | Val 0.3975 | Test 0.0398
EarlyStopping counter: 2 out of 5
  Ep 9: Train 0.2619 | Val 0.3827 | Test 0.0426
EarlyStopping counter: 3 out of 5
  Ep 10: Train 0.2548 | Val 0.3854 | Test 0.0414
EarlyStopping counter: 4 out of 5
  Ep 11: Train 0.2542 | Val 0.3881 | Test 0.0466
EarlyStopping counter: 5 out of 5
Early stopping triggered!
/home/sangukchoi/Stroke_SDA/sda_training.py:615: FutureWarning: You are using `torch.load` with `weights_only=False` (the current default value), which uses the default pickle module implicitly. It is possible to construct malicious pickle data which will execute arbitrary code during unpickling (See https://github.com/pytorch/pytorch/blob/main/SECURITY.md#untrusted-models for more details). In a future release, the default value for `weights_only` will be flipped to `True`. This limits the functions that could be executed during unpickling. Arbitrary objects will no longer be allowed to be loaded via this mode unless they are explicitly allowlisted by the user via `torch.serialization.add_safe_globals`. We recommend you start setting `weights_only=True` for any use case where you don't have full control of the loaded file. Please open an issue on GitHub for any issues related to this experimental feature.
  model.load_state_dict(torch.load(os.path.join(out_dir, 'best_model.pth')))
Final Test MSE (Best Model): 0.0471
Finished. Status: Success
