Starting Run on GPU 1
Time: 2025-12-24 20:20:07

[Run Start] Subject S006 | Mode ['SDA'] | Params: L2.5_LS0.7_LR0.0001_E256_D128_Dr0.3

[Fold 1 - SDA] Train: ['S006_T004', 'S006_T006'], Test: S006_T001, Norm: fixed
/home/sangukchoi/.conda/envs/torch_gpu/lib/python3.10/site-packages/torch/nn/modules/rnn.py:123: UserWarning: dropout option adds dropout after all but last recurrent layer, so non-zero dropout expects num_layers greater than 1, but got dropout=0.3 and num_layers=1
  warnings.warn(
  Ep 1: Train 0.5607 | Val 0.6643 | Test 0.0606
Validation loss decreased (0.664253 --> 0.664253).  Saving model ...
  Ep 2: Train 0.3706 | Val 0.6145 | Test 0.0552
Validation loss decreased (0.614505 --> 0.614505).  Saving model ...
  Ep 3: Train 0.3315 | Val 0.5443 | Test 0.0408
Validation loss decreased (0.544338 --> 0.544338).  Saving model ...
  Ep 4: Train 0.3184 | Val 0.4853 | Test 0.0486
Validation loss decreased (0.485316 --> 0.485316).  Saving model ...
  Ep 5: Train 0.3099 | Val 0.4710 | Test 0.0458
Validation loss decreased (0.471017 --> 0.471017).  Saving model ...
  Ep 6: Train 0.3034 | Val 0.4509 | Test 0.0597
Validation loss decreased (0.450862 --> 0.450862).  Saving model ...
  Ep 7: Train 0.2998 | Val 0.4107 | Test 0.0574
Validation loss decreased (0.410742 --> 0.410742).  Saving model ...
  Ep 8: Train 0.2983 | Val 0.4707 | Test 0.0526
EarlyStopping counter: 1 out of 5
  Ep 9: Train 0.2905 | Val 0.4000 | Test 0.0358
Validation loss decreased (0.399969 --> 0.399969).  Saving model ...
  Ep 10: Train 0.2837 | Val 0.4130 | Test 0.0489
EarlyStopping counter: 1 out of 5
  Ep 11: Train 0.2773 | Val 0.4678 | Test 0.0378
EarlyStopping counter: 2 out of 5
  Ep 12: Train 0.2795 | Val 0.4083 | Test 0.0409
EarlyStopping counter: 3 out of 5
  Ep 13: Train 0.2709 | Val 0.4204 | Test 0.0414
EarlyStopping counter: 4 out of 5
  Ep 14: Train 0.2653 | Val 0.4619 | Test 0.0439
EarlyStopping counter: 5 out of 5
Early stopping triggered!
/home/sangukchoi/Stroke_SDA/sda_training.py:615: FutureWarning: You are using `torch.load` with `weights_only=False` (the current default value), which uses the default pickle module implicitly. It is possible to construct malicious pickle data which will execute arbitrary code during unpickling (See https://github.com/pytorch/pytorch/blob/main/SECURITY.md#untrusted-models for more details). In a future release, the default value for `weights_only` will be flipped to `True`. This limits the functions that could be executed during unpickling. Arbitrary objects will no longer be allowed to be loaded via this mode unless they are explicitly allowlisted by the user via `torch.serialization.add_safe_globals`. We recommend you start setting `weights_only=True` for any use case where you don't have full control of the loaded file. Please open an issue on GitHub for any issues related to this experimental feature.
  model.load_state_dict(torch.load(os.path.join(out_dir, 'best_model.pth')))
Final Test MSE (Best Model): 0.0358
Finished. Status: Success
