Starting Run on GPU 1
Time: 2025-12-24 20:35:16

[Run Start] Subject S006 | Mode ['SDA'] | Params: L3.0_LS0.3_LR0.0001_E64_D64_Dr0.3

[Fold 1 - SDA] Train: ['S006_T004', 'S006_T006'], Test: S006_T001, Norm: fixed
/home/sangukchoi/.conda/envs/torch_gpu/lib/python3.10/site-packages/torch/nn/modules/rnn.py:123: UserWarning: dropout option adds dropout after all but last recurrent layer, so non-zero dropout expects num_layers greater than 1, but got dropout=0.3 and num_layers=1
  warnings.warn(
  Ep 1: Train 0.8657 | Val 0.8555 | Test 0.1445
Validation loss decreased (0.855510 --> 0.855510).  Saving model ...
  Ep 2: Train 0.5125 | Val 0.6998 | Test 0.1345
Validation loss decreased (0.699763 --> 0.699763).  Saving model ...
  Ep 3: Train 0.4787 | Val 0.6965 | Test 0.1101
Validation loss decreased (0.696518 --> 0.696518).  Saving model ...
  Ep 4: Train 0.4467 | Val 0.6854 | Test 0.0880
Validation loss decreased (0.685359 --> 0.685359).  Saving model ...
  Ep 5: Train 0.4057 | Val 0.6305 | Test 0.0675
Validation loss decreased (0.630476 --> 0.630476).  Saving model ...
  Ep 6: Train 0.3952 | Val 0.6378 | Test 0.0596
EarlyStopping counter: 1 out of 5
  Ep 7: Train 0.3828 | Val 0.6211 | Test 0.0582
Validation loss decreased (0.621128 --> 0.621128).  Saving model ...
  Ep 8: Train 0.3748 | Val 0.6422 | Test 0.0563
EarlyStopping counter: 1 out of 5
  Ep 9: Train 0.3743 | Val 0.5837 | Test 0.0547
Validation loss decreased (0.583740 --> 0.583740).  Saving model ...
  Ep 10: Train 0.3698 | Val 0.5708 | Test 0.0578
Validation loss decreased (0.570774 --> 0.570774).  Saving model ...
  Ep 11: Train 0.3600 | Val 0.5928 | Test 0.0531
EarlyStopping counter: 1 out of 5
  Ep 12: Train 0.3601 | Val 0.5898 | Test 0.0546
EarlyStopping counter: 2 out of 5
  Ep 13: Train 0.3455 | Val 0.5874 | Test 0.0505
EarlyStopping counter: 3 out of 5
  Ep 14: Train 0.3527 | Val 0.5607 | Test 0.0489
Validation loss decreased (0.560710 --> 0.560710).  Saving model ...
  Ep 15: Train 0.3479 | Val 0.5454 | Test 0.0547
Validation loss decreased (0.545383 --> 0.545383).  Saving model ...
  Ep 16: Train 0.3336 | Val 0.5114 | Test 0.0461
Validation loss decreased (0.511401 --> 0.511401).  Saving model ...
  Ep 17: Train 0.3382 | Val 0.5313 | Test 0.0503
EarlyStopping counter: 1 out of 5
  Ep 18: Train 0.3234 | Val 0.5141 | Test 0.0459
EarlyStopping counter: 2 out of 5
  Ep 19: Train 0.3379 | Val 0.5133 | Test 0.0559
EarlyStopping counter: 3 out of 5
  Ep 20: Train 0.3203 | Val 0.5271 | Test 0.0467
EarlyStopping counter: 4 out of 5
  Ep 21: Train 0.3228 | Val 0.5196 | Test 0.0445
EarlyStopping counter: 5 out of 5
Early stopping triggered!
/home/sangukchoi/Stroke_SDA/sda_training.py:615: FutureWarning: You are using `torch.load` with `weights_only=False` (the current default value), which uses the default pickle module implicitly. It is possible to construct malicious pickle data which will execute arbitrary code during unpickling (See https://github.com/pytorch/pytorch/blob/main/SECURITY.md#untrusted-models for more details). In a future release, the default value for `weights_only` will be flipped to `True`. This limits the functions that could be executed during unpickling. Arbitrary objects will no longer be allowed to be loaded via this mode unless they are explicitly allowlisted by the user via `torch.serialization.add_safe_globals`. We recommend you start setting `weights_only=True` for any use case where you don't have full control of the loaded file. Please open an issue on GitHub for any issues related to this experimental feature.
  model.load_state_dict(torch.load(os.path.join(out_dir, 'best_model.pth')))
Final Test MSE (Best Model): 0.0461
Finished. Status: Success
