Starting Run on GPU 1
Time: 2025-12-24 18:23:55

[Run Start] Subject S006 | Mode ['SDA'] | Params: L0.5_LS1.0_LR0.0001_E64_D128_Dr0.3

[Fold 1 - SDA] Train: ['S006_T004', 'S006_T006'], Test: S006_T001, Norm: fixed
/home/sangukchoi/.conda/envs/torch_gpu/lib/python3.10/site-packages/torch/nn/modules/rnn.py:123: UserWarning: dropout option adds dropout after all but last recurrent layer, so non-zero dropout expects num_layers greater than 1, but got dropout=0.3 and num_layers=1
  warnings.warn(
  Ep 1: Train 0.4024 | Val 0.2388 | Test 0.0495
Validation loss decreased (0.238842 --> 0.238842).  Saving model ...
  Ep 2: Train 0.1760 | Val 0.1476 | Test 0.0410
Validation loss decreased (0.147639 --> 0.147639).  Saving model ...
  Ep 3: Train 0.1288 | Val 0.1268 | Test 0.0380
Validation loss decreased (0.126831 --> 0.126831).  Saving model ...
  Ep 4: Train 0.1149 | Val 0.1068 | Test 0.0399
Validation loss decreased (0.106835 --> 0.106835).  Saving model ...
  Ep 5: Train 0.1077 | Val 0.1075 | Test 0.0400
EarlyStopping counter: 1 out of 5
  Ep 6: Train 0.1041 | Val 0.1059 | Test 0.0285
Validation loss decreased (0.105852 --> 0.105852).  Saving model ...
  Ep 7: Train 0.1007 | Val 0.0950 | Test 0.0327
Validation loss decreased (0.094971 --> 0.094971).  Saving model ...
  Ep 8: Train 0.0995 | Val 0.0986 | Test 0.0296
EarlyStopping counter: 1 out of 5
  Ep 9: Train 0.0978 | Val 0.1011 | Test 0.0304
EarlyStopping counter: 2 out of 5
  Ep 10: Train 0.0968 | Val 0.1018 | Test 0.0279
EarlyStopping counter: 3 out of 5
  Ep 11: Train 0.0957 | Val 0.0984 | Test 0.0274
EarlyStopping counter: 4 out of 5
  Ep 12: Train 0.0949 | Val 0.0971 | Test 0.0278
EarlyStopping counter: 5 out of 5
Early stopping triggered!
/home/sangukchoi/Stroke_SDA/sda_training.py:615: FutureWarning: You are using `torch.load` with `weights_only=False` (the current default value), which uses the default pickle module implicitly. It is possible to construct malicious pickle data which will execute arbitrary code during unpickling (See https://github.com/pytorch/pytorch/blob/main/SECURITY.md#untrusted-models for more details). In a future release, the default value for `weights_only` will be flipped to `True`. This limits the functions that could be executed during unpickling. Arbitrary objects will no longer be allowed to be loaded via this mode unless they are explicitly allowlisted by the user via `torch.serialization.add_safe_globals`. We recommend you start setting `weights_only=True` for any use case where you don't have full control of the loaded file. Please open an issue on GitHub for any issues related to this experimental feature.
  model.load_state_dict(torch.load(os.path.join(out_dir, 'best_model.pth')))
Final Test MSE (Best Model): 0.0327
Finished. Status: Success
