Starting Run on GPU 2
Time: 2025-12-24 19:10:28

[Run Start] Subject S006 | Mode ['SDA'] | Params: L1.5_LS1.0_LR0.0001_E128_D128_Dr0.3

[Fold 1 - SDA] Train: ['S006_T004', 'S006_T006'], Test: S006_T001, Norm: fixed
/home/sangukchoi/.conda/envs/torch_gpu/lib/python3.10/site-packages/torch/nn/modules/rnn.py:123: UserWarning: dropout option adds dropout after all but last recurrent layer, so non-zero dropout expects num_layers greater than 1, but got dropout=0.3 and num_layers=1
  warnings.warn(
  Ep 1: Train 0.5095 | Val 0.4331 | Test 0.0465
Validation loss decreased (0.433121 --> 0.433121).  Saving model ...
  Ep 2: Train 0.2743 | Val 0.3614 | Test 0.0440
Validation loss decreased (0.361447 --> 0.361447).  Saving model ...
  Ep 3: Train 0.2430 | Val 0.3732 | Test 0.0444
EarlyStopping counter: 1 out of 5
  Ep 4: Train 0.2328 | Val 0.3060 | Test 0.0423
Validation loss decreased (0.305998 --> 0.305998).  Saving model ...
  Ep 5: Train 0.2232 | Val 0.3125 | Test 0.0409
EarlyStopping counter: 1 out of 5
  Ep 6: Train 0.2208 | Val 0.2843 | Test 0.0409
Validation loss decreased (0.284338 --> 0.284338).  Saving model ...
  Ep 7: Train 0.2145 | Val 0.2877 | Test 0.0372
EarlyStopping counter: 1 out of 5
  Ep 8: Train 0.2135 | Val 0.2559 | Test 0.0384
Validation loss decreased (0.255867 --> 0.255867).  Saving model ...
  Ep 9: Train 0.2089 | Val 0.2627 | Test 0.0362
EarlyStopping counter: 1 out of 5
  Ep 10: Train 0.2024 | Val 0.2418 | Test 0.0365
Validation loss decreased (0.241754 --> 0.241754).  Saving model ...
  Ep 11: Train 0.1989 | Val 0.2644 | Test 0.0338
EarlyStopping counter: 1 out of 5
  Ep 12: Train 0.1999 | Val 0.2931 | Test 0.0362
EarlyStopping counter: 2 out of 5
  Ep 13: Train 0.1971 | Val 0.2987 | Test 0.0300
EarlyStopping counter: 3 out of 5
  Ep 14: Train 0.1927 | Val 0.2624 | Test 0.0318
EarlyStopping counter: 4 out of 5
  Ep 15: Train 0.1930 | Val 0.2439 | Test 0.0364
EarlyStopping counter: 5 out of 5
Early stopping triggered!
/home/sangukchoi/Stroke_SDA/sda_training.py:615: FutureWarning: You are using `torch.load` with `weights_only=False` (the current default value), which uses the default pickle module implicitly. It is possible to construct malicious pickle data which will execute arbitrary code during unpickling (See https://github.com/pytorch/pytorch/blob/main/SECURITY.md#untrusted-models for more details). In a future release, the default value for `weights_only` will be flipped to `True`. This limits the functions that could be executed during unpickling. Arbitrary objects will no longer be allowed to be loaded via this mode unless they are explicitly allowlisted by the user via `torch.serialization.add_safe_globals`. We recommend you start setting `weights_only=True` for any use case where you don't have full control of the loaded file. Please open an issue on GitHub for any issues related to this experimental feature.
  model.load_state_dict(torch.load(os.path.join(out_dir, 'best_model.pth')))
Final Test MSE (Best Model): 0.0365
Finished. Status: Success
