Starting Run on GPU 2
Time: 2025-12-24 21:15:36

[Run Start] Subject S006 | Mode ['SDA'] | Params: L3.0_LS1.0_LR0.0001_E256_D64_Dr0.3

[Fold 1 - SDA] Train: ['S006_T004', 'S006_T006'], Test: S006_T001, Norm: fixed
/home/sangukchoi/.conda/envs/torch_gpu/lib/python3.10/site-packages/torch/nn/modules/rnn.py:123: UserWarning: dropout option adds dropout after all but last recurrent layer, so non-zero dropout expects num_layers greater than 1, but got dropout=0.3 and num_layers=1
  warnings.warn(
  Ep 1: Train 0.7293 | Val 0.8960 | Test 0.0750
Validation loss decreased (0.895996 --> 0.895996).  Saving model ...
  Ep 2: Train 0.4416 | Val 0.6537 | Test 0.0539
Validation loss decreased (0.653698 --> 0.653698).  Saving model ...
  Ep 3: Train 0.3970 | Val 0.6011 | Test 0.0563
Validation loss decreased (0.601066 --> 0.601066).  Saving model ...
  Ep 4: Train 0.3745 | Val 0.5214 | Test 0.0472
Validation loss decreased (0.521393 --> 0.521393).  Saving model ...
  Ep 5: Train 0.3734 | Val 0.4863 | Test 0.0516
Validation loss decreased (0.486328 --> 0.486328).  Saving model ...
  Ep 6: Train 0.3594 | Val 0.4758 | Test 0.0637
Validation loss decreased (0.475833 --> 0.475833).  Saving model ...
  Ep 7: Train 0.3586 | Val 0.5010 | Test 0.0372
EarlyStopping counter: 1 out of 5
  Ep 8: Train 0.3464 | Val 0.5229 | Test 0.0502
EarlyStopping counter: 2 out of 5
  Ep 9: Train 0.3405 | Val 0.4861 | Test 0.0400
EarlyStopping counter: 3 out of 5
  Ep 10: Train 0.3282 | Val 0.5583 | Test 0.0297
EarlyStopping counter: 4 out of 5
  Ep 11: Train 0.3355 | Val 0.5411 | Test 0.0384
EarlyStopping counter: 5 out of 5
Early stopping triggered!
/home/sangukchoi/Stroke_SDA/sda_training.py:615: FutureWarning: You are using `torch.load` with `weights_only=False` (the current default value), which uses the default pickle module implicitly. It is possible to construct malicious pickle data which will execute arbitrary code during unpickling (See https://github.com/pytorch/pytorch/blob/main/SECURITY.md#untrusted-models for more details). In a future release, the default value for `weights_only` will be flipped to `True`. This limits the functions that could be executed during unpickling. Arbitrary objects will no longer be allowed to be loaded via this mode unless they are explicitly allowlisted by the user via `torch.serialization.add_safe_globals`. We recommend you start setting `weights_only=True` for any use case where you don't have full control of the loaded file. Please open an issue on GitHub for any issues related to this experimental feature.
  model.load_state_dict(torch.load(os.path.join(out_dir, 'best_model.pth')))
Final Test MSE (Best Model): 0.0637
Finished. Status: Success
