Starting Run on GPU 2
Time: 2025-12-24 20:58:01

[Run Start] Subject S006 | Mode ['SDA'] | Params: L3.0_LS0.7_LR0.0001_E64_D64_Dr0.3

[Fold 1 - SDA] Train: ['S006_T004', 'S006_T006'], Test: S006_T001, Norm: fixed
/home/sangukchoi/.conda/envs/torch_gpu/lib/python3.10/site-packages/torch/nn/modules/rnn.py:123: UserWarning: dropout option adds dropout after all but last recurrent layer, so non-zero dropout expects num_layers greater than 1, but got dropout=0.3 and num_layers=1
  warnings.warn(
  Ep 1: Train 0.9552 | Val 0.8611 | Test 0.1347
Validation loss decreased (0.861128 --> 0.861128).  Saving model ...
  Ep 2: Train 0.5571 | Val 0.8022 | Test 0.0932
Validation loss decreased (0.802153 --> 0.802153).  Saving model ...
  Ep 3: Train 0.4690 | Val 0.7777 | Test 0.0699
Validation loss decreased (0.777662 --> 0.777662).  Saving model ...
  Ep 4: Train 0.4265 | Val 0.7653 | Test 0.0531
Validation loss decreased (0.765327 --> 0.765327).  Saving model ...
  Ep 5: Train 0.4070 | Val 0.6377 | Test 0.0539
Validation loss decreased (0.637721 --> 0.637721).  Saving model ...
  Ep 6: Train 0.3938 | Val 0.6572 | Test 0.0522
EarlyStopping counter: 1 out of 5
  Ep 7: Train 0.3773 | Val 0.6510 | Test 0.0457
EarlyStopping counter: 2 out of 5
  Ep 8: Train 0.3733 | Val 0.5593 | Test 0.0611
Validation loss decreased (0.559289 --> 0.559289).  Saving model ...
  Ep 9: Train 0.3608 | Val 0.5870 | Test 0.0516
EarlyStopping counter: 1 out of 5
  Ep 10: Train 0.3584 | Val 0.5173 | Test 0.0568
Validation loss decreased (0.517295 --> 0.517295).  Saving model ...
  Ep 11: Train 0.3548 | Val 0.5254 | Test 0.0586
EarlyStopping counter: 1 out of 5
  Ep 12: Train 0.3560 | Val 0.5976 | Test 0.0413
EarlyStopping counter: 2 out of 5
  Ep 13: Train 0.3506 | Val 0.5556 | Test 0.0465
EarlyStopping counter: 3 out of 5
  Ep 14: Train 0.3469 | Val 0.5337 | Test 0.0489
EarlyStopping counter: 4 out of 5
  Ep 15: Train 0.3441 | Val 0.5552 | Test 0.0407
EarlyStopping counter: 5 out of 5
Early stopping triggered!
/home/sangukchoi/Stroke_SDA/sda_training.py:615: FutureWarning: You are using `torch.load` with `weights_only=False` (the current default value), which uses the default pickle module implicitly. It is possible to construct malicious pickle data which will execute arbitrary code during unpickling (See https://github.com/pytorch/pytorch/blob/main/SECURITY.md#untrusted-models for more details). In a future release, the default value for `weights_only` will be flipped to `True`. This limits the functions that could be executed during unpickling. Arbitrary objects will no longer be allowed to be loaded via this mode unless they are explicitly allowlisted by the user via `torch.serialization.add_safe_globals`. We recommend you start setting `weights_only=True` for any use case where you don't have full control of the loaded file. Please open an issue on GitHub for any issues related to this experimental feature.
  model.load_state_dict(torch.load(os.path.join(out_dir, 'best_model.pth')))
Final Test MSE (Best Model): 0.0568
Finished. Status: Success
