Starting Run on GPU 0
Time: 2025-12-24 19:27:42

[Run Start] Subject S006 | Mode ['SDA'] | Params: L2.0_LS0.7_LR0.0001_E256_D128_Dr0.3

[Fold 1 - SDA] Train: ['S006_T004', 'S006_T006'], Test: S006_T001, Norm: fixed
/home/sangukchoi/.conda/envs/torch_gpu/lib/python3.10/site-packages/torch/nn/modules/rnn.py:123: UserWarning: dropout option adds dropout after all but last recurrent layer, so non-zero dropout expects num_layers greater than 1, but got dropout=0.3 and num_layers=1
  warnings.warn(
  Ep 1: Train 0.4691 | Val 0.5452 | Test 0.0560
Validation loss decreased (0.545204 --> 0.545204).  Saving model ...
  Ep 2: Train 0.3012 | Val 0.4649 | Test 0.0469
Validation loss decreased (0.464880 --> 0.464880).  Saving model ...
  Ep 3: Train 0.2687 | Val 0.4065 | Test 0.0517
Validation loss decreased (0.406460 --> 0.406460).  Saving model ...
  Ep 4: Train 0.2581 | Val 0.3595 | Test 0.0588
Validation loss decreased (0.359538 --> 0.359538).  Saving model ...
  Ep 5: Train 0.2490 | Val 0.3357 | Test 0.0510
Validation loss decreased (0.335714 --> 0.335714).  Saving model ...
  Ep 6: Train 0.2462 | Val 0.3697 | Test 0.0419
EarlyStopping counter: 1 out of 5
  Ep 7: Train 0.2451 | Val 0.3231 | Test 0.0413
Validation loss decreased (0.323114 --> 0.323114).  Saving model ...
  Ep 8: Train 0.2448 | Val 0.3381 | Test 0.0416
EarlyStopping counter: 1 out of 5
  Ep 9: Train 0.2332 | Val 0.3465 | Test 0.0384
EarlyStopping counter: 2 out of 5
  Ep 10: Train 0.2284 | Val 0.3587 | Test 0.0397
EarlyStopping counter: 3 out of 5
  Ep 11: Train 0.2256 | Val 0.3307 | Test 0.0341
EarlyStopping counter: 4 out of 5
  Ep 12: Train 0.2224 | Val 0.3525 | Test 0.0360
EarlyStopping counter: 5 out of 5
Early stopping triggered!
/home/sangukchoi/Stroke_SDA/sda_training.py:615: FutureWarning: You are using `torch.load` with `weights_only=False` (the current default value), which uses the default pickle module implicitly. It is possible to construct malicious pickle data which will execute arbitrary code during unpickling (See https://github.com/pytorch/pytorch/blob/main/SECURITY.md#untrusted-models for more details). In a future release, the default value for `weights_only` will be flipped to `True`. This limits the functions that could be executed during unpickling. Arbitrary objects will no longer be allowed to be loaded via this mode unless they are explicitly allowlisted by the user via `torch.serialization.add_safe_globals`. We recommend you start setting `weights_only=True` for any use case where you don't have full control of the loaded file. Please open an issue on GitHub for any issues related to this experimental feature.
  model.load_state_dict(torch.load(os.path.join(out_dir, 'best_model.pth')))
Final Test MSE (Best Model): 0.0413
Finished. Status: Success
