Starting Run on GPU 1
Time: 2025-12-24 19:58:39

[Run Start] Subject S006 | Mode ['SDA'] | Params: L2.5_LS0.5_LR0.0001_E128_D64_Dr0.3

[Fold 1 - SDA] Train: ['S006_T004', 'S006_T006'], Test: S006_T001, Norm: fixed
/home/sangukchoi/.conda/envs/torch_gpu/lib/python3.10/site-packages/torch/nn/modules/rnn.py:123: UserWarning: dropout option adds dropout after all but last recurrent layer, so non-zero dropout expects num_layers greater than 1, but got dropout=0.3 and num_layers=1
  warnings.warn(
  Ep 1: Train 0.6389 | Val 0.6431 | Test 0.1122
Validation loss decreased (0.643117 --> 0.643117).  Saving model ...
  Ep 2: Train 0.4185 | Val 0.6460 | Test 0.0744
EarlyStopping counter: 1 out of 5
  Ep 3: Train 0.3517 | Val 0.5303 | Test 0.0569
Validation loss decreased (0.530270 --> 0.530270).  Saving model ...
  Ep 4: Train 0.3265 | Val 0.5142 | Test 0.0496
Validation loss decreased (0.514161 --> 0.514161).  Saving model ...
  Ep 5: Train 0.3058 | Val 0.5224 | Test 0.0462
EarlyStopping counter: 1 out of 5
  Ep 6: Train 0.2975 | Val 0.5207 | Test 0.0520
EarlyStopping counter: 2 out of 5
  Ep 7: Train 0.2970 | Val 0.4730 | Test 0.0482
Validation loss decreased (0.473022 --> 0.473022).  Saving model ...
  Ep 8: Train 0.2880 | Val 0.4340 | Test 0.0561
Validation loss decreased (0.434049 --> 0.434049).  Saving model ...
  Ep 9: Train 0.2870 | Val 0.4664 | Test 0.0590
EarlyStopping counter: 1 out of 5
  Ep 10: Train 0.2837 | Val 0.4352 | Test 0.0536
EarlyStopping counter: 2 out of 5
  Ep 11: Train 0.2806 | Val 0.4314 | Test 0.0563
Validation loss decreased (0.431416 --> 0.431416).  Saving model ...
  Ep 12: Train 0.2775 | Val 0.4737 | Test 0.0486
EarlyStopping counter: 1 out of 5
  Ep 13: Train 0.2788 | Val 0.4214 | Test 0.0462
Validation loss decreased (0.421420 --> 0.421420).  Saving model ...
  Ep 14: Train 0.2685 | Val 0.4270 | Test 0.0447
EarlyStopping counter: 1 out of 5
  Ep 15: Train 0.2692 | Val 0.4660 | Test 0.0445
EarlyStopping counter: 2 out of 5
  Ep 16: Train 0.2639 | Val 0.4388 | Test 0.0362
EarlyStopping counter: 3 out of 5
  Ep 17: Train 0.2682 | Val 0.4369 | Test 0.0403
EarlyStopping counter: 4 out of 5
  Ep 18: Train 0.2521 | Val 0.4217 | Test 0.0491
EarlyStopping counter: 5 out of 5
Early stopping triggered!
/home/sangukchoi/Stroke_SDA/sda_training.py:615: FutureWarning: You are using `torch.load` with `weights_only=False` (the current default value), which uses the default pickle module implicitly. It is possible to construct malicious pickle data which will execute arbitrary code during unpickling (See https://github.com/pytorch/pytorch/blob/main/SECURITY.md#untrusted-models for more details). In a future release, the default value for `weights_only` will be flipped to `True`. This limits the functions that could be executed during unpickling. Arbitrary objects will no longer be allowed to be loaded via this mode unless they are explicitly allowlisted by the user via `torch.serialization.add_safe_globals`. We recommend you start setting `weights_only=True` for any use case where you don't have full control of the loaded file. Please open an issue on GitHub for any issues related to this experimental feature.
  model.load_state_dict(torch.load(os.path.join(out_dir, 'best_model.pth')))
Final Test MSE (Best Model): 0.0462
Finished. Status: Success
