Starting Run on GPU 2
Time: 2025-12-24 18:49:27

[Run Start] Subject S006 | Mode ['SDA'] | Params: L1.0_LS1.0_LR0.0001_E256_D32_Dr0.3

[Fold 1 - SDA] Train: ['S006_T004', 'S006_T006'], Test: S006_T001, Norm: fixed
/home/sangukchoi/.conda/envs/torch_gpu/lib/python3.10/site-packages/torch/nn/modules/rnn.py:123: UserWarning: dropout option adds dropout after all but last recurrent layer, so non-zero dropout expects num_layers greater than 1, but got dropout=0.3 and num_layers=1
  warnings.warn(
  Ep 1: Train 0.3283 | Val 0.2497 | Test 0.0402
Validation loss decreased (0.249681 --> 0.249681).  Saving model ...
  Ep 2: Train 0.1786 | Val 0.2070 | Test 0.0442
Validation loss decreased (0.206953 --> 0.206953).  Saving model ...
  Ep 3: Train 0.1622 | Val 0.1940 | Test 0.0419
Validation loss decreased (0.194000 --> 0.194000).  Saving model ...
  Ep 4: Train 0.1523 | Val 0.1820 | Test 0.0448
Validation loss decreased (0.182002 --> 0.182002).  Saving model ...
  Ep 5: Train 0.1471 | Val 0.2017 | Test 0.0400
EarlyStopping counter: 1 out of 5
  Ep 6: Train 0.1442 | Val 0.1847 | Test 0.0335
EarlyStopping counter: 2 out of 5
  Ep 7: Train 0.1384 | Val 0.1641 | Test 0.0315
Validation loss decreased (0.164084 --> 0.164084).  Saving model ...
  Ep 8: Train 0.1406 | Val 0.1783 | Test 0.0313
EarlyStopping counter: 1 out of 5
  Ep 9: Train 0.1372 | Val 0.1550 | Test 0.0342
Validation loss decreased (0.155006 --> 0.155006).  Saving model ...
  Ep 10: Train 0.1354 | Val 0.1833 | Test 0.0241
EarlyStopping counter: 1 out of 5
  Ep 11: Train 0.1326 | Val 0.1667 | Test 0.0329
EarlyStopping counter: 2 out of 5
  Ep 12: Train 0.1325 | Val 0.1782 | Test 0.0288
EarlyStopping counter: 3 out of 5
  Ep 13: Train 0.1324 | Val 0.1748 | Test 0.0328
EarlyStopping counter: 4 out of 5
  Ep 14: Train 0.1280 | Val 0.1675 | Test 0.0268
EarlyStopping counter: 5 out of 5
Early stopping triggered!
/home/sangukchoi/Stroke_SDA/sda_training.py:615: FutureWarning: You are using `torch.load` with `weights_only=False` (the current default value), which uses the default pickle module implicitly. It is possible to construct malicious pickle data which will execute arbitrary code during unpickling (See https://github.com/pytorch/pytorch/blob/main/SECURITY.md#untrusted-models for more details). In a future release, the default value for `weights_only` will be flipped to `True`. This limits the functions that could be executed during unpickling. Arbitrary objects will no longer be allowed to be loaded via this mode unless they are explicitly allowlisted by the user via `torch.serialization.add_safe_globals`. We recommend you start setting `weights_only=True` for any use case where you don't have full control of the loaded file. Please open an issue on GitHub for any issues related to this experimental feature.
  model.load_state_dict(torch.load(os.path.join(out_dir, 'best_model.pth')))
Final Test MSE (Best Model): 0.0342
Finished. Status: Success
