Starting Run on GPU 1
Time: 2025-12-24 21:09:08

[Run Start] Subject S006 | Mode ['SDA'] | Params: L3.0_LS1.0_LR0.0001_E64_D128_Dr0.3

[Fold 1 - SDA] Train: ['S006_T004', 'S006_T006'], Test: S006_T001, Norm: fixed
/home/sangukchoi/.conda/envs/torch_gpu/lib/python3.10/site-packages/torch/nn/modules/rnn.py:123: UserWarning: dropout option adds dropout after all but last recurrent layer, so non-zero dropout expects num_layers greater than 1, but got dropout=0.3 and num_layers=1
  warnings.warn(
  Ep 1: Train 0.9871 | Val 0.9382 | Test 0.1267
Validation loss decreased (0.938173 --> 0.938173).  Saving model ...
  Ep 2: Train 0.6220 | Val 0.9125 | Test 0.0946
Validation loss decreased (0.912498 --> 0.912498).  Saving model ...
  Ep 3: Train 0.5083 | Val 0.7712 | Test 0.0669
Validation loss decreased (0.771199 --> 0.771199).  Saving model ...
  Ep 4: Train 0.4559 | Val 0.7247 | Test 0.0580
Validation loss decreased (0.724713 --> 0.724713).  Saving model ...
  Ep 5: Train 0.4251 | Val 0.6610 | Test 0.0502
Validation loss decreased (0.660974 --> 0.660974).  Saving model ...
  Ep 6: Train 0.4137 | Val 0.6371 | Test 0.0491
Validation loss decreased (0.637094 --> 0.637094).  Saving model ...
  Ep 7: Train 0.4036 | Val 0.5953 | Test 0.0503
Validation loss decreased (0.595310 --> 0.595310).  Saving model ...
  Ep 8: Train 0.3974 | Val 0.6408 | Test 0.0446
EarlyStopping counter: 1 out of 5
  Ep 9: Train 0.3883 | Val 0.6120 | Test 0.0426
EarlyStopping counter: 2 out of 5
  Ep 10: Train 0.3854 | Val 0.6088 | Test 0.0459
EarlyStopping counter: 3 out of 5
  Ep 11: Train 0.3792 | Val 0.5815 | Test 0.0460
Validation loss decreased (0.581510 --> 0.581510).  Saving model ...
  Ep 12: Train 0.3754 | Val 0.5962 | Test 0.0406
EarlyStopping counter: 1 out of 5
  Ep 13: Train 0.3668 | Val 0.5648 | Test 0.0449
Validation loss decreased (0.564811 --> 0.564811).  Saving model ...
  Ep 14: Train 0.3680 | Val 0.5471 | Test 0.0421
Validation loss decreased (0.547129 --> 0.547129).  Saving model ...
  Ep 15: Train 0.3614 | Val 0.5702 | Test 0.0392
EarlyStopping counter: 1 out of 5
  Ep 16: Train 0.3616 | Val 0.5421 | Test 0.0399
Validation loss decreased (0.542059 --> 0.542059).  Saving model ...
  Ep 17: Train 0.3624 | Val 0.5054 | Test 0.0454
Validation loss decreased (0.505356 --> 0.505356).  Saving model ...
  Ep 18: Train 0.3543 | Val 0.5463 | Test 0.0451
EarlyStopping counter: 1 out of 5
  Ep 19: Train 0.3577 | Val 0.5861 | Test 0.0401
EarlyStopping counter: 2 out of 5
  Ep 20: Train 0.3525 | Val 0.5709 | Test 0.0430
EarlyStopping counter: 3 out of 5
  Ep 21: Train 0.3485 | Val 0.5731 | Test 0.0410
EarlyStopping counter: 4 out of 5
  Ep 22: Train 0.3484 | Val 0.5473 | Test 0.0399
EarlyStopping counter: 5 out of 5
Early stopping triggered!
/home/sangukchoi/Stroke_SDA/sda_training.py:615: FutureWarning: You are using `torch.load` with `weights_only=False` (the current default value), which uses the default pickle module implicitly. It is possible to construct malicious pickle data which will execute arbitrary code during unpickling (See https://github.com/pytorch/pytorch/blob/main/SECURITY.md#untrusted-models for more details). In a future release, the default value for `weights_only` will be flipped to `True`. This limits the functions that could be executed during unpickling. Arbitrary objects will no longer be allowed to be loaded via this mode unless they are explicitly allowlisted by the user via `torch.serialization.add_safe_globals`. We recommend you start setting `weights_only=True` for any use case where you don't have full control of the loaded file. Please open an issue on GitHub for any issues related to this experimental feature.
  model.load_state_dict(torch.load(os.path.join(out_dir, 'best_model.pth')))
Final Test MSE (Best Model): 0.0454
Finished. Status: Success
