Starting Run on GPU 1
Time: 2025-12-24 21:02:52

[Run Start] Subject S006 | Mode ['SDA'] | Params: L3.0_LS0.7_LR0.0001_E128_D128_Dr0.3

[Fold 1 - SDA] Train: ['S006_T004', 'S006_T006'], Test: S006_T001, Norm: fixed
/home/sangukchoi/.conda/envs/torch_gpu/lib/python3.10/site-packages/torch/nn/modules/rnn.py:123: UserWarning: dropout option adds dropout after all but last recurrent layer, so non-zero dropout expects num_layers greater than 1, but got dropout=0.3 and num_layers=1
  warnings.warn(
  Ep 1: Train 0.7245 | Val 0.8164 | Test 0.1101
Validation loss decreased (0.816378 --> 0.816378).  Saving model ...
  Ep 2: Train 0.5178 | Val 0.7235 | Test 0.0660
Validation loss decreased (0.723485 --> 0.723485).  Saving model ...
  Ep 3: Train 0.4223 | Val 0.5942 | Test 0.0614
Validation loss decreased (0.594197 --> 0.594197).  Saving model ...
  Ep 4: Train 0.3866 | Val 0.5810 | Test 0.0513
Validation loss decreased (0.581027 --> 0.581027).  Saving model ...
  Ep 5: Train 0.3710 | Val 0.5579 | Test 0.0488
Validation loss decreased (0.557905 --> 0.557905).  Saving model ...
  Ep 6: Train 0.3650 | Val 0.5956 | Test 0.0487
EarlyStopping counter: 1 out of 5
  Ep 7: Train 0.3616 | Val 0.5824 | Test 0.0417
EarlyStopping counter: 2 out of 5
  Ep 8: Train 0.3566 | Val 0.6018 | Test 0.0458
EarlyStopping counter: 3 out of 5
  Ep 9: Train 0.3547 | Val 0.5635 | Test 0.0399
EarlyStopping counter: 4 out of 5
  Ep 10: Train 0.3558 | Val 0.5623 | Test 0.0395
EarlyStopping counter: 5 out of 5
Early stopping triggered!
/home/sangukchoi/Stroke_SDA/sda_training.py:615: FutureWarning: You are using `torch.load` with `weights_only=False` (the current default value), which uses the default pickle module implicitly. It is possible to construct malicious pickle data which will execute arbitrary code during unpickling (See https://github.com/pytorch/pytorch/blob/main/SECURITY.md#untrusted-models for more details). In a future release, the default value for `weights_only` will be flipped to `True`. This limits the functions that could be executed during unpickling. Arbitrary objects will no longer be allowed to be loaded via this mode unless they are explicitly allowlisted by the user via `torch.serialization.add_safe_globals`. We recommend you start setting `weights_only=True` for any use case where you don't have full control of the loaded file. Please open an issue on GitHub for any issues related to this experimental feature.
  model.load_state_dict(torch.load(os.path.join(out_dir, 'best_model.pth')))
Final Test MSE (Best Model): 0.0488
Finished. Status: Success
