Starting Run on GPU 3
Time: 2025-12-24 18:27:38

[Run Start] Subject S006 | Mode ['SDA'] | Params: L0.5_LS1.0_LR0.0001_E256_D32_Dr0.3

[Fold 1 - SDA] Train: ['S006_T004', 'S006_T006'], Test: S006_T001, Norm: fixed
/home/sangukchoi/.conda/envs/torch_gpu/lib/python3.10/site-packages/torch/nn/modules/rnn.py:123: UserWarning: dropout option adds dropout after all but last recurrent layer, so non-zero dropout expects num_layers greater than 1, but got dropout=0.3 and num_layers=1
  warnings.warn(
  Ep 1: Train 0.2419 | Val 0.1409 | Test 0.0382
Validation loss decreased (0.140948 --> 0.140948).  Saving model ...
  Ep 2: Train 0.1184 | Val 0.1250 | Test 0.0395
Validation loss decreased (0.125037 --> 0.125037).  Saving model ...
  Ep 3: Train 0.1023 | Val 0.1089 | Test 0.0407
Validation loss decreased (0.108912 --> 0.108912).  Saving model ...
  Ep 4: Train 0.0958 | Val 0.1083 | Test 0.0352
Validation loss decreased (0.108306 --> 0.108306).  Saving model ...
  Ep 5: Train 0.0908 | Val 0.1125 | Test 0.0347
EarlyStopping counter: 1 out of 5
  Ep 6: Train 0.0879 | Val 0.1017 | Test 0.0291
Validation loss decreased (0.101689 --> 0.101689).  Saving model ...
  Ep 7: Train 0.0854 | Val 0.0962 | Test 0.0296
Validation loss decreased (0.096173 --> 0.096173).  Saving model ...
  Ep 8: Train 0.0855 | Val 0.0970 | Test 0.0348
EarlyStopping counter: 1 out of 5
  Ep 9: Train 0.0851 | Val 0.1085 | Test 0.0282
EarlyStopping counter: 2 out of 5
  Ep 10: Train 0.0833 | Val 0.1009 | Test 0.0307
EarlyStopping counter: 3 out of 5
  Ep 11: Train 0.0830 | Val 0.0915 | Test 0.0293
Validation loss decreased (0.091537 --> 0.091537).  Saving model ...
  Ep 12: Train 0.0819 | Val 0.0912 | Test 0.0265
EarlyStopping counter: 1 out of 5
  Ep 13: Train 0.0814 | Val 0.0996 | Test 0.0272
EarlyStopping counter: 2 out of 5
  Ep 14: Train 0.0794 | Val 0.0911 | Test 0.0295
EarlyStopping counter: 3 out of 5
  Ep 15: Train 0.0788 | Val 0.0913 | Test 0.0267
EarlyStopping counter: 4 out of 5
  Ep 16: Train 0.0771 | Val 0.0931 | Test 0.0281
EarlyStopping counter: 5 out of 5
Early stopping triggered!
/home/sangukchoi/Stroke_SDA/sda_training.py:615: FutureWarning: You are using `torch.load` with `weights_only=False` (the current default value), which uses the default pickle module implicitly. It is possible to construct malicious pickle data which will execute arbitrary code during unpickling (See https://github.com/pytorch/pytorch/blob/main/SECURITY.md#untrusted-models for more details). In a future release, the default value for `weights_only` will be flipped to `True`. This limits the functions that could be executed during unpickling. Arbitrary objects will no longer be allowed to be loaded via this mode unless they are explicitly allowlisted by the user via `torch.serialization.add_safe_globals`. We recommend you start setting `weights_only=True` for any use case where you don't have full control of the loaded file. Please open an issue on GitHub for any issues related to this experimental feature.
  model.load_state_dict(torch.load(os.path.join(out_dir, 'best_model.pth')))
Final Test MSE (Best Model): 0.0293
Finished. Status: Success
