Starting Run on GPU 2
Time: 2025-12-24 21:01:54

[Run Start] Subject S006 | Mode ['SDA'] | Params: L3.0_LS0.7_LR0.0001_E128_D64_Dr0.3

[Fold 1 - SDA] Train: ['S006_T004', 'S006_T006'], Test: S006_T001, Norm: fixed
/home/sangukchoi/.conda/envs/torch_gpu/lib/python3.10/site-packages/torch/nn/modules/rnn.py:123: UserWarning: dropout option adds dropout after all but last recurrent layer, so non-zero dropout expects num_layers greater than 1, but got dropout=0.3 and num_layers=1
  warnings.warn(
  Ep 1: Train 0.7614 | Val 0.7937 | Test 0.1112
Validation loss decreased (0.793674 --> 0.793674).  Saving model ...
  Ep 2: Train 0.4993 | Val 0.6671 | Test 0.0744
Validation loss decreased (0.667142 --> 0.667142).  Saving model ...
  Ep 3: Train 0.4171 | Val 0.7180 | Test 0.0474
EarlyStopping counter: 1 out of 5
  Ep 4: Train 0.3867 | Val 0.5569 | Test 0.0551
Validation loss decreased (0.556900 --> 0.556900).  Saving model ...
  Ep 5: Train 0.3745 | Val 0.5850 | Test 0.0412
EarlyStopping counter: 1 out of 5
  Ep 6: Train 0.3592 | Val 0.5899 | Test 0.0433
EarlyStopping counter: 2 out of 5
  Ep 7: Train 0.3567 | Val 0.5933 | Test 0.0687
EarlyStopping counter: 3 out of 5
  Ep 8: Train 0.3552 | Val 0.5615 | Test 0.0494
EarlyStopping counter: 4 out of 5
  Ep 9: Train 0.3549 | Val 0.5199 | Test 0.0510
Validation loss decreased (0.519908 --> 0.519908).  Saving model ...
  Ep 10: Train 0.3459 | Val 0.5191 | Test 0.0435
Validation loss decreased (0.519135 --> 0.519135).  Saving model ...
  Ep 11: Train 0.3343 | Val 0.5309 | Test 0.0451
EarlyStopping counter: 1 out of 5
  Ep 12: Train 0.3326 | Val 0.5806 | Test 0.0404
EarlyStopping counter: 2 out of 5
  Ep 13: Train 0.3302 | Val 0.5120 | Test 0.0454
Validation loss decreased (0.511982 --> 0.511982).  Saving model ...
  Ep 14: Train 0.3296 | Val 0.5578 | Test 0.0386
EarlyStopping counter: 1 out of 5
  Ep 15: Train 0.3220 | Val 0.5830 | Test 0.0607
EarlyStopping counter: 2 out of 5
  Ep 16: Train 0.3219 | Val 0.5731 | Test 0.0554
EarlyStopping counter: 3 out of 5
  Ep 17: Train 0.3209 | Val 0.5170 | Test 0.0352
EarlyStopping counter: 4 out of 5
  Ep 18: Train 0.3156 | Val 0.5171 | Test 0.0392
EarlyStopping counter: 5 out of 5
Early stopping triggered!
/home/sangukchoi/Stroke_SDA/sda_training.py:615: FutureWarning: You are using `torch.load` with `weights_only=False` (the current default value), which uses the default pickle module implicitly. It is possible to construct malicious pickle data which will execute arbitrary code during unpickling (See https://github.com/pytorch/pytorch/blob/main/SECURITY.md#untrusted-models for more details). In a future release, the default value for `weights_only` will be flipped to `True`. This limits the functions that could be executed during unpickling. Arbitrary objects will no longer be allowed to be loaded via this mode unless they are explicitly allowlisted by the user via `torch.serialization.add_safe_globals`. We recommend you start setting `weights_only=True` for any use case where you don't have full control of the loaded file. Please open an issue on GitHub for any issues related to this experimental feature.
  model.load_state_dict(torch.load(os.path.join(out_dir, 'best_model.pth')))
Final Test MSE (Best Model): 0.0454
Finished. Status: Success
