Starting Run on GPU 3
Time: 2025-12-24 21:03:58

[Run Start] Subject S006 | Mode ['SDA'] | Params: L3.0_LS0.7_LR0.0001_E256_D32_Dr0.3

[Fold 1 - SDA] Train: ['S006_T004', 'S006_T006'], Test: S006_T001, Norm: fixed
/home/sangukchoi/.conda/envs/torch_gpu/lib/python3.10/site-packages/torch/nn/modules/rnn.py:123: UserWarning: dropout option adds dropout after all but last recurrent layer, so non-zero dropout expects num_layers greater than 1, but got dropout=0.3 and num_layers=1
  warnings.warn(
  Ep 1: Train 0.6703 | Val 0.7905 | Test 0.0734
Validation loss decreased (0.790466 --> 0.790466).  Saving model ...
  Ep 2: Train 0.4340 | Val 0.6496 | Test 0.0654
Validation loss decreased (0.649639 --> 0.649639).  Saving model ...
  Ep 3: Train 0.3799 | Val 0.6357 | Test 0.0579
Validation loss decreased (0.635733 --> 0.635733).  Saving model ...
  Ep 4: Train 0.3641 | Val 0.5415 | Test 0.0581
Validation loss decreased (0.541463 --> 0.541463).  Saving model ...
  Ep 5: Train 0.3563 | Val 0.5551 | Test 0.0482
EarlyStopping counter: 1 out of 5
  Ep 6: Train 0.3498 | Val 0.5406 | Test 0.0522
Validation loss decreased (0.540640 --> 0.540640).  Saving model ...
  Ep 7: Train 0.3470 | Val 0.4990 | Test 0.0497
Validation loss decreased (0.499006 --> 0.499006).  Saving model ...
  Ep 8: Train 0.3398 | Val 0.4901 | Test 0.0487
Validation loss decreased (0.490115 --> 0.490115).  Saving model ...
  Ep 9: Train 0.3298 | Val 0.5811 | Test 0.0493
EarlyStopping counter: 1 out of 5
  Ep 10: Train 0.3203 | Val 0.4847 | Test 0.0364
Validation loss decreased (0.484689 --> 0.484689).  Saving model ...
  Ep 11: Train 0.3155 | Val 0.4774 | Test 0.0535
Validation loss decreased (0.477438 --> 0.477438).  Saving model ...
  Ep 12: Train 0.3160 | Val 0.5414 | Test 0.0398
EarlyStopping counter: 1 out of 5
  Ep 13: Train 0.3165 | Val 0.5638 | Test 0.0504
EarlyStopping counter: 2 out of 5
  Ep 14: Train 0.3148 | Val 0.5217 | Test 0.0531
EarlyStopping counter: 3 out of 5
  Ep 15: Train 0.3149 | Val 0.5105 | Test 0.0302
EarlyStopping counter: 4 out of 5
  Ep 16: Train 0.3042 | Val 0.4864 | Test 0.0455
EarlyStopping counter: 5 out of 5
Early stopping triggered!
/home/sangukchoi/Stroke_SDA/sda_training.py:615: FutureWarning: You are using `torch.load` with `weights_only=False` (the current default value), which uses the default pickle module implicitly. It is possible to construct malicious pickle data which will execute arbitrary code during unpickling (See https://github.com/pytorch/pytorch/blob/main/SECURITY.md#untrusted-models for more details). In a future release, the default value for `weights_only` will be flipped to `True`. This limits the functions that could be executed during unpickling. Arbitrary objects will no longer be allowed to be loaded via this mode unless they are explicitly allowlisted by the user via `torch.serialization.add_safe_globals`. We recommend you start setting `weights_only=True` for any use case where you don't have full control of the loaded file. Please open an issue on GitHub for any issues related to this experimental feature.
  model.load_state_dict(torch.load(os.path.join(out_dir, 'best_model.pth')))
Final Test MSE (Best Model): 0.0535
Finished. Status: Success
