Starting Run on GPU 2
Time: 2025-12-24 19:39:58

[Run Start] Subject S006 | Mode ['SDA'] | Params: L2.5_LS0.3_LR0.0001_E64_D32_Dr0.3

[Fold 1 - SDA] Train: ['S006_T004', 'S006_T006'], Test: S006_T001, Norm: fixed
/home/sangukchoi/.conda/envs/torch_gpu/lib/python3.10/site-packages/torch/nn/modules/rnn.py:123: UserWarning: dropout option adds dropout after all but last recurrent layer, so non-zero dropout expects num_layers greater than 1, but got dropout=0.3 and num_layers=1
  warnings.warn(
  Ep 1: Train 0.7092 | Val 0.6890 | Test 0.1566
Validation loss decreased (0.688974 --> 0.688974).  Saving model ...
  Ep 2: Train 0.4756 | Val 0.6099 | Test 0.1099
Validation loss decreased (0.609859 --> 0.609859).  Saving model ...
  Ep 3: Train 0.4132 | Val 0.6192 | Test 0.0692
EarlyStopping counter: 1 out of 5
  Ep 4: Train 0.3770 | Val 0.5310 | Test 0.0630
Validation loss decreased (0.531008 --> 0.531008).  Saving model ...
  Ep 5: Train 0.3519 | Val 0.5350 | Test 0.0562
EarlyStopping counter: 1 out of 5
  Ep 6: Train 0.3413 | Val 0.4985 | Test 0.0559
Validation loss decreased (0.498480 --> 0.498480).  Saving model ...
  Ep 7: Train 0.3288 | Val 0.5338 | Test 0.0476
EarlyStopping counter: 1 out of 5
  Ep 8: Train 0.3143 | Val 0.4927 | Test 0.0488
Validation loss decreased (0.492706 --> 0.492706).  Saving model ...
  Ep 9: Train 0.3075 | Val 0.4611 | Test 0.0501
Validation loss decreased (0.461109 --> 0.461109).  Saving model ...
  Ep 10: Train 0.2987 | Val 0.4678 | Test 0.0482
EarlyStopping counter: 1 out of 5
  Ep 11: Train 0.2962 | Val 0.4844 | Test 0.0474
EarlyStopping counter: 2 out of 5
  Ep 12: Train 0.2833 | Val 0.4726 | Test 0.0417
EarlyStopping counter: 3 out of 5
  Ep 13: Train 0.2796 | Val 0.4631 | Test 0.0422
EarlyStopping counter: 4 out of 5
  Ep 14: Train 0.2803 | Val 0.4760 | Test 0.0370
EarlyStopping counter: 5 out of 5
Early stopping triggered!
/home/sangukchoi/Stroke_SDA/sda_training.py:615: FutureWarning: You are using `torch.load` with `weights_only=False` (the current default value), which uses the default pickle module implicitly. It is possible to construct malicious pickle data which will execute arbitrary code during unpickling (See https://github.com/pytorch/pytorch/blob/main/SECURITY.md#untrusted-models for more details). In a future release, the default value for `weights_only` will be flipped to `True`. This limits the functions that could be executed during unpickling. Arbitrary objects will no longer be allowed to be loaded via this mode unless they are explicitly allowlisted by the user via `torch.serialization.add_safe_globals`. We recommend you start setting `weights_only=True` for any use case where you don't have full control of the loaded file. Please open an issue on GitHub for any issues related to this experimental feature.
  model.load_state_dict(torch.load(os.path.join(out_dir, 'best_model.pth')))
Final Test MSE (Best Model): 0.0501
Finished. Status: Success
