Starting Run on GPU 0
Time: 2025-12-24 20:32:44

[Run Start] Subject S006 | Mode ['SDA'] | Params: L2.5_LS1.0_LR0.0001_E256_D128_Dr0.3

[Fold 1 - SDA] Train: ['S006_T004', 'S006_T006'], Test: S006_T001, Norm: fixed
/home/sangukchoi/.conda/envs/torch_gpu/lib/python3.10/site-packages/torch/nn/modules/rnn.py:123: UserWarning: dropout option adds dropout after all but last recurrent layer, so non-zero dropout expects num_layers greater than 1, but got dropout=0.3 and num_layers=1
  warnings.warn(
  Ep 1: Train 0.5886 | Val 0.5959 | Test 0.0580
Validation loss decreased (0.595934 --> 0.595934).  Saving model ...
  Ep 2: Train 0.3755 | Val 0.5009 | Test 0.0576
Validation loss decreased (0.500939 --> 0.500939).  Saving model ...
  Ep 3: Train 0.3443 | Val 0.4945 | Test 0.0473
Validation loss decreased (0.494463 --> 0.494463).  Saving model ...
  Ep 4: Train 0.3290 | Val 0.4625 | Test 0.0455
Validation loss decreased (0.462491 --> 0.462491).  Saving model ...
  Ep 5: Train 0.3206 | Val 0.4759 | Test 0.0424
EarlyStopping counter: 1 out of 5
  Ep 6: Train 0.3112 | Val 0.4175 | Test 0.0476
Validation loss decreased (0.417454 --> 0.417454).  Saving model ...
  Ep 7: Train 0.3215 | Val 0.5198 | Test 0.0474
EarlyStopping counter: 1 out of 5
  Ep 8: Train 0.3077 | Val 0.4596 | Test 0.0516
EarlyStopping counter: 2 out of 5
  Ep 9: Train 0.3044 | Val 0.3993 | Test 0.0554
Validation loss decreased (0.399285 --> 0.399285).  Saving model ...
  Ep 10: Train 0.3062 | Val 0.4450 | Test 0.0436
EarlyStopping counter: 1 out of 5
  Ep 11: Train 0.2950 | Val 0.4642 | Test 0.0462
EarlyStopping counter: 2 out of 5
  Ep 12: Train 0.2998 | Val 0.4643 | Test 0.0423
EarlyStopping counter: 3 out of 5
  Ep 13: Train 0.2943 | Val 0.4781 | Test 0.0312
EarlyStopping counter: 4 out of 5
  Ep 14: Train 0.2794 | Val 0.4644 | Test 0.0489
EarlyStopping counter: 5 out of 5
Early stopping triggered!
/home/sangukchoi/Stroke_SDA/sda_training.py:615: FutureWarning: You are using `torch.load` with `weights_only=False` (the current default value), which uses the default pickle module implicitly. It is possible to construct malicious pickle data which will execute arbitrary code during unpickling (See https://github.com/pytorch/pytorch/blob/main/SECURITY.md#untrusted-models for more details). In a future release, the default value for `weights_only` will be flipped to `True`. This limits the functions that could be executed during unpickling. Arbitrary objects will no longer be allowed to be loaded via this mode unless they are explicitly allowlisted by the user via `torch.serialization.add_safe_globals`. We recommend you start setting `weights_only=True` for any use case where you don't have full control of the loaded file. Please open an issue on GitHub for any issues related to this experimental feature.
  model.load_state_dict(torch.load(os.path.join(out_dir, 'best_model.pth')))
Final Test MSE (Best Model): 0.0554
Finished. Status: Success
