Starting Run on GPU 0
Time: 2025-12-24 18:33:43

[Run Start] Subject S006 | Mode ['SDA'] | Params: L1.0_LS0.7_LR0.0001_E64_D128_Dr0.3

[Fold 1 - SDA] Train: ['S006_T004', 'S006_T006'], Test: S006_T001, Norm: fixed
/home/sangukchoi/.conda/envs/torch_gpu/lib/python3.10/site-packages/torch/nn/modules/rnn.py:123: UserWarning: dropout option adds dropout after all but last recurrent layer, so non-zero dropout expects num_layers greater than 1, but got dropout=0.3 and num_layers=1
  warnings.warn(
  Ep 1: Train 0.4467 | Val 0.3200 | Test 0.0579
Validation loss decreased (0.320039 --> 0.320039).  Saving model ...
  Ep 2: Train 0.2212 | Val 0.2586 | Test 0.0566
Validation loss decreased (0.258584 --> 0.258584).  Saving model ...
  Ep 3: Train 0.1821 | Val 0.2280 | Test 0.0428
Validation loss decreased (0.228026 --> 0.228026).  Saving model ...
  Ep 4: Train 0.1678 | Val 0.2336 | Test 0.0397
EarlyStopping counter: 1 out of 5
  Ep 5: Train 0.1603 | Val 0.2299 | Test 0.0365
EarlyStopping counter: 2 out of 5
  Ep 6: Train 0.1569 | Val 0.2116 | Test 0.0363
Validation loss decreased (0.211645 --> 0.211645).  Saving model ...
  Ep 7: Train 0.1520 | Val 0.2049 | Test 0.0396
Validation loss decreased (0.204943 --> 0.204943).  Saving model ...
  Ep 8: Train 0.1509 | Val 0.1989 | Test 0.0349
Validation loss decreased (0.198900 --> 0.198900).  Saving model ...
  Ep 9: Train 0.1464 | Val 0.1994 | Test 0.0309
EarlyStopping counter: 1 out of 5
  Ep 10: Train 0.1448 | Val 0.1917 | Test 0.0324
Validation loss decreased (0.191731 --> 0.191731).  Saving model ...
  Ep 11: Train 0.1436 | Val 0.1960 | Test 0.0336
EarlyStopping counter: 1 out of 5
  Ep 12: Train 0.1426 | Val 0.1852 | Test 0.0311
Validation loss decreased (0.185187 --> 0.185187).  Saving model ...
  Ep 13: Train 0.1417 | Val 0.2049 | Test 0.0409
EarlyStopping counter: 1 out of 5
  Ep 14: Train 0.1404 | Val 0.1926 | Test 0.0336
EarlyStopping counter: 2 out of 5
  Ep 15: Train 0.1404 | Val 0.1872 | Test 0.0327
EarlyStopping counter: 3 out of 5
  Ep 16: Train 0.1405 | Val 0.1921 | Test 0.0300
EarlyStopping counter: 4 out of 5
  Ep 17: Train 0.1387 | Val 0.1938 | Test 0.0282
EarlyStopping counter: 5 out of 5
Early stopping triggered!
/home/sangukchoi/Stroke_SDA/sda_training.py:615: FutureWarning: You are using `torch.load` with `weights_only=False` (the current default value), which uses the default pickle module implicitly. It is possible to construct malicious pickle data which will execute arbitrary code during unpickling (See https://github.com/pytorch/pytorch/blob/main/SECURITY.md#untrusted-models for more details). In a future release, the default value for `weights_only` will be flipped to `True`. This limits the functions that could be executed during unpickling. Arbitrary objects will no longer be allowed to be loaded via this mode unless they are explicitly allowlisted by the user via `torch.serialization.add_safe_globals`. We recommend you start setting `weights_only=True` for any use case where you don't have full control of the loaded file. Please open an issue on GitHub for any issues related to this experimental feature.
  model.load_state_dict(torch.load(os.path.join(out_dir, 'best_model.pth')))
Final Test MSE (Best Model): 0.0311
Finished. Status: Success
