Starting Run on GPU 2
Time: 2025-12-24 20:40:55

[Run Start] Subject S006 | Mode ['SDA'] | Params: L3.0_LS0.3_LR0.0001_E256_D64_Dr0.3

[Fold 1 - SDA] Train: ['S006_T004', 'S006_T006'], Test: S006_T001, Norm: fixed
/home/sangukchoi/.conda/envs/torch_gpu/lib/python3.10/site-packages/torch/nn/modules/rnn.py:123: UserWarning: dropout option adds dropout after all but last recurrent layer, so non-zero dropout expects num_layers greater than 1, but got dropout=0.3 and num_layers=1
  warnings.warn(
  Ep 1: Train 0.6151 | Val 0.6431 | Test 0.1351
Validation loss decreased (0.643079 --> 0.643079).  Saving model ...
  Ep 2: Train 0.4670 | Val 0.6824 | Test 0.0787
EarlyStopping counter: 1 out of 5
  Ep 3: Train 0.4230 | Val 0.5859 | Test 0.0687
Validation loss decreased (0.585858 --> 0.585858).  Saving model ...
  Ep 4: Train 0.3995 | Val 0.5413 | Test 0.0630
Validation loss decreased (0.541321 --> 0.541321).  Saving model ...
  Ep 5: Train 0.3645 | Val 0.6077 | Test 0.0562
EarlyStopping counter: 1 out of 5
  Ep 6: Train 0.3441 | Val 0.5394 | Test 0.0522
Validation loss decreased (0.539394 --> 0.539394).  Saving model ...
  Ep 7: Train 0.3369 | Val 0.5742 | Test 0.0624
EarlyStopping counter: 1 out of 5
  Ep 8: Train 0.3199 | Val 0.4867 | Test 0.0457
Validation loss decreased (0.486747 --> 0.486747).  Saving model ...
  Ep 9: Train 0.3060 | Val 0.5333 | Test 0.0457
EarlyStopping counter: 1 out of 5
  Ep 10: Train 0.3138 | Val 0.5374 | Test 0.0508
EarlyStopping counter: 2 out of 5
  Ep 11: Train 0.3213 | Val 0.5246 | Test 0.0536
EarlyStopping counter: 3 out of 5
  Ep 12: Train 0.3084 | Val 0.4958 | Test 0.0509
EarlyStopping counter: 4 out of 5
  Ep 13: Train 0.3089 | Val 0.4815 | Test 0.0452
Validation loss decreased (0.481544 --> 0.481544).  Saving model ...
  Ep 14: Train 0.3044 | Val 0.5175 | Test 0.0508
EarlyStopping counter: 1 out of 5
  Ep 15: Train 0.3015 | Val 0.5150 | Test 0.0430
EarlyStopping counter: 2 out of 5
  Ep 16: Train 0.2951 | Val 0.4770 | Test 0.0428
Validation loss decreased (0.476992 --> 0.476992).  Saving model ...
  Ep 17: Train 0.3009 | Val 0.4937 | Test 0.0459
EarlyStopping counter: 1 out of 5
  Ep 18: Train 0.2822 | Val 0.5204 | Test 0.0497
EarlyStopping counter: 2 out of 5
  Ep 19: Train 0.2940 | Val 0.4863 | Test 0.0495
EarlyStopping counter: 3 out of 5
  Ep 20: Train 0.2924 | Val 0.4363 | Test 0.0508
Validation loss decreased (0.436336 --> 0.436336).  Saving model ...
  Ep 21: Train 0.2936 | Val 0.4129 | Test 0.0442
Validation loss decreased (0.412864 --> 0.412864).  Saving model ...
  Ep 22: Train 0.2799 | Val 0.4524 | Test 0.0504
EarlyStopping counter: 1 out of 5
  Ep 23: Train 0.2780 | Val 0.4647 | Test 0.0462
EarlyStopping counter: 2 out of 5
  Ep 24: Train 0.2927 | Val 0.4347 | Test 0.0498
EarlyStopping counter: 3 out of 5
  Ep 25: Train 0.2700 | Val 0.4533 | Test 0.0489
EarlyStopping counter: 4 out of 5
  Ep 26: Train 0.2631 | Val 0.5369 | Test 0.0450
EarlyStopping counter: 5 out of 5
Early stopping triggered!
/home/sangukchoi/Stroke_SDA/sda_training.py:615: FutureWarning: You are using `torch.load` with `weights_only=False` (the current default value), which uses the default pickle module implicitly. It is possible to construct malicious pickle data which will execute arbitrary code during unpickling (See https://github.com/pytorch/pytorch/blob/main/SECURITY.md#untrusted-models for more details). In a future release, the default value for `weights_only` will be flipped to `True`. This limits the functions that could be executed during unpickling. Arbitrary objects will no longer be allowed to be loaded via this mode unless they are explicitly allowlisted by the user via `torch.serialization.add_safe_globals`. We recommend you start setting `weights_only=True` for any use case where you don't have full control of the loaded file. Please open an issue on GitHub for any issues related to this experimental feature.
  model.load_state_dict(torch.load(os.path.join(out_dir, 'best_model.pth')))
Final Test MSE (Best Model): 0.0442
Finished. Status: Success
