Starting Run on GPU 2
Time: 2025-12-24 18:28:31

[Run Start] Subject S006 | Mode ['SDA'] | Params: L0.5_LS1.0_LR0.0001_E256_D64_Dr0.3

[Fold 1 - SDA] Train: ['S006_T004', 'S006_T006'], Test: S006_T001, Norm: fixed
/home/sangukchoi/.conda/envs/torch_gpu/lib/python3.10/site-packages/torch/nn/modules/rnn.py:123: UserWarning: dropout option adds dropout after all but last recurrent layer, so non-zero dropout expects num_layers greater than 1, but got dropout=0.3 and num_layers=1
  warnings.warn(
  Ep 1: Train 0.2320 | Val 0.1390 | Test 0.0484
Validation loss decreased (0.138968 --> 0.138968).  Saving model ...
  Ep 2: Train 0.1138 | Val 0.1245 | Test 0.0344
Validation loss decreased (0.124514 --> 0.124514).  Saving model ...
  Ep 3: Train 0.0999 | Val 0.1093 | Test 0.0402
Validation loss decreased (0.109326 --> 0.109326).  Saving model ...
  Ep 4: Train 0.0938 | Val 0.1091 | Test 0.0311
EarlyStopping counter: 1 out of 5
  Ep 5: Train 0.0911 | Val 0.1080 | Test 0.0320
Validation loss decreased (0.108020 --> 0.108020).  Saving model ...
  Ep 6: Train 0.0888 | Val 0.1135 | Test 0.0263
EarlyStopping counter: 1 out of 5
  Ep 7: Train 0.0876 | Val 0.1112 | Test 0.0262
EarlyStopping counter: 2 out of 5
  Ep 8: Train 0.0858 | Val 0.0975 | Test 0.0272
Validation loss decreased (0.097521 --> 0.097521).  Saving model ...
  Ep 9: Train 0.0836 | Val 0.0943 | Test 0.0281
Validation loss decreased (0.094345 --> 0.094345).  Saving model ...
  Ep 10: Train 0.0823 | Val 0.1080 | Test 0.0318
EarlyStopping counter: 1 out of 5
  Ep 11: Train 0.0808 | Val 0.1108 | Test 0.0269
EarlyStopping counter: 2 out of 5
  Ep 12: Train 0.0812 | Val 0.1070 | Test 0.0297
EarlyStopping counter: 3 out of 5
  Ep 13: Train 0.0789 | Val 0.0955 | Test 0.0279
EarlyStopping counter: 4 out of 5
  Ep 14: Train 0.0794 | Val 0.0930 | Test 0.0247
Validation loss decreased (0.092981 --> 0.092981).  Saving model ...
  Ep 15: Train 0.0770 | Val 0.0895 | Test 0.0273
Validation loss decreased (0.089482 --> 0.089482).  Saving model ...
  Ep 16: Train 0.0775 | Val 0.1006 | Test 0.0237
EarlyStopping counter: 1 out of 5
  Ep 17: Train 0.0766 | Val 0.0902 | Test 0.0300
EarlyStopping counter: 2 out of 5
  Ep 18: Train 0.0747 | Val 0.0994 | Test 0.0222
EarlyStopping counter: 3 out of 5
  Ep 19: Train 0.0765 | Val 0.0871 | Test 0.0228
Validation loss decreased (0.087133 --> 0.087133).  Saving model ...
  Ep 20: Train 0.0747 | Val 0.1047 | Test 0.0259
EarlyStopping counter: 1 out of 5
  Ep 21: Train 0.0738 | Val 0.0886 | Test 0.0274
EarlyStopping counter: 2 out of 5
  Ep 22: Train 0.0740 | Val 0.0871 | Test 0.0278
EarlyStopping counter: 3 out of 5
  Ep 23: Train 0.0717 | Val 0.0876 | Test 0.0257
EarlyStopping counter: 4 out of 5
  Ep 24: Train 0.0727 | Val 0.1025 | Test 0.0248
EarlyStopping counter: 5 out of 5
Early stopping triggered!
/home/sangukchoi/Stroke_SDA/sda_training.py:615: FutureWarning: You are using `torch.load` with `weights_only=False` (the current default value), which uses the default pickle module implicitly. It is possible to construct malicious pickle data which will execute arbitrary code during unpickling (See https://github.com/pytorch/pytorch/blob/main/SECURITY.md#untrusted-models for more details). In a future release, the default value for `weights_only` will be flipped to `True`. This limits the functions that could be executed during unpickling. Arbitrary objects will no longer be allowed to be loaded via this mode unless they are explicitly allowlisted by the user via `torch.serialization.add_safe_globals`. We recommend you start setting `weights_only=True` for any use case where you don't have full control of the loaded file. Please open an issue on GitHub for any issues related to this experimental feature.
  model.load_state_dict(torch.load(os.path.join(out_dir, 'best_model.pth')))
Final Test MSE (Best Model): 0.0228
Finished. Status: Success
