Starting Run on GPU 0
Time: 2025-12-24 19:22:15

[Run Start] Subject S006 | Mode ['SDA'] | Params: L2.0_LS0.7_LR0.0001_E128_D64_Dr0.3

[Fold 1 - SDA] Train: ['S006_T004', 'S006_T006'], Test: S006_T001, Norm: fixed
/home/sangukchoi/.conda/envs/torch_gpu/lib/python3.10/site-packages/torch/nn/modules/rnn.py:123: UserWarning: dropout option adds dropout after all but last recurrent layer, so non-zero dropout expects num_layers greater than 1, but got dropout=0.3 and num_layers=1
  warnings.warn(
  Ep 1: Train 0.5748 | Val 0.5227 | Test 0.0692
Validation loss decreased (0.522682 --> 0.522682).  Saving model ...
  Ep 2: Train 0.3406 | Val 0.4414 | Test 0.0581
Validation loss decreased (0.441392 --> 0.441392).  Saving model ...
  Ep 3: Train 0.2852 | Val 0.4040 | Test 0.0493
Validation loss decreased (0.403985 --> 0.403985).  Saving model ...
  Ep 4: Train 0.2697 | Val 0.3832 | Test 0.0496
Validation loss decreased (0.383160 --> 0.383160).  Saving model ...
  Ep 5: Train 0.2577 | Val 0.3718 | Test 0.0483
Validation loss decreased (0.371760 --> 0.371760).  Saving model ...
  Ep 6: Train 0.2520 | Val 0.3655 | Test 0.0415
Validation loss decreased (0.365536 --> 0.365536).  Saving model ...
  Ep 7: Train 0.2457 | Val 0.3528 | Test 0.0460
Validation loss decreased (0.352786 --> 0.352786).  Saving model ...
  Ep 8: Train 0.2421 | Val 0.3349 | Test 0.0506
Validation loss decreased (0.334853 --> 0.334853).  Saving model ...
  Ep 9: Train 0.2426 | Val 0.3906 | Test 0.0505
EarlyStopping counter: 1 out of 5
  Ep 10: Train 0.2349 | Val 0.3690 | Test 0.0366
EarlyStopping counter: 2 out of 5
  Ep 11: Train 0.2354 | Val 0.3368 | Test 0.0476
EarlyStopping counter: 3 out of 5
  Ep 12: Train 0.2298 | Val 0.3197 | Test 0.0369
Validation loss decreased (0.319670 --> 0.319670).  Saving model ...
  Ep 13: Train 0.2346 | Val 0.3529 | Test 0.0405
EarlyStopping counter: 1 out of 5
  Ep 14: Train 0.2239 | Val 0.3488 | Test 0.0364
EarlyStopping counter: 2 out of 5
  Ep 15: Train 0.2271 | Val 0.3336 | Test 0.0391
EarlyStopping counter: 3 out of 5
  Ep 16: Train 0.2193 | Val 0.3004 | Test 0.0508
Validation loss decreased (0.300437 --> 0.300437).  Saving model ...
  Ep 17: Train 0.2190 | Val 0.3212 | Test 0.0394
EarlyStopping counter: 1 out of 5
  Ep 18: Train 0.2154 | Val 0.3464 | Test 0.0385
EarlyStopping counter: 2 out of 5
  Ep 19: Train 0.2175 | Val 0.3453 | Test 0.0395
EarlyStopping counter: 3 out of 5
  Ep 20: Train 0.2168 | Val 0.3597 | Test 0.0332
EarlyStopping counter: 4 out of 5
  Ep 21: Train 0.2118 | Val 0.3245 | Test 0.0332
EarlyStopping counter: 5 out of 5
Early stopping triggered!
/home/sangukchoi/Stroke_SDA/sda_training.py:615: FutureWarning: You are using `torch.load` with `weights_only=False` (the current default value), which uses the default pickle module implicitly. It is possible to construct malicious pickle data which will execute arbitrary code during unpickling (See https://github.com/pytorch/pytorch/blob/main/SECURITY.md#untrusted-models for more details). In a future release, the default value for `weights_only` will be flipped to `True`. This limits the functions that could be executed during unpickling. Arbitrary objects will no longer be allowed to be loaded via this mode unless they are explicitly allowlisted by the user via `torch.serialization.add_safe_globals`. We recommend you start setting `weights_only=True` for any use case where you don't have full control of the loaded file. Please open an issue on GitHub for any issues related to this experimental feature.
  model.load_state_dict(torch.load(os.path.join(out_dir, 'best_model.pth')))
Final Test MSE (Best Model): 0.0508
Finished. Status: Success
