Starting Run on GPU 3
Time: 2025-12-24 18:53:28

[Run Start] Subject S006 | Mode ['SDA'] | Params: L1.5_LS0.7_LR0.0001_E64_D64_Dr0.3

[Fold 1 - SDA] Train: ['S006_T004', 'S006_T006'], Test: S006_T001, Norm: fixed
/home/sangukchoi/.conda/envs/torch_gpu/lib/python3.10/site-packages/torch/nn/modules/rnn.py:123: UserWarning: dropout option adds dropout after all but last recurrent layer, so non-zero dropout expects num_layers greater than 1, but got dropout=0.3 and num_layers=1
  warnings.warn(
  Ep 1: Train 0.6101 | Val 0.4521 | Test 0.0617
Validation loss decreased (0.452101 --> 0.452101).  Saving model ...
  Ep 2: Train 0.3122 | Val 0.3882 | Test 0.0522
Validation loss decreased (0.388188 --> 0.388188).  Saving model ...
  Ep 3: Train 0.2672 | Val 0.3914 | Test 0.0407
EarlyStopping counter: 1 out of 5
  Ep 4: Train 0.2487 | Val 0.3515 | Test 0.0455
Validation loss decreased (0.351538 --> 0.351538).  Saving model ...
  Ep 5: Train 0.2331 | Val 0.3231 | Test 0.0433
Validation loss decreased (0.323066 --> 0.323066).  Saving model ...
  Ep 6: Train 0.2273 | Val 0.3244 | Test 0.0421
EarlyStopping counter: 1 out of 5
  Ep 7: Train 0.2224 | Val 0.2982 | Test 0.0459
Validation loss decreased (0.298195 --> 0.298195).  Saving model ...
  Ep 8: Train 0.2145 | Val 0.3174 | Test 0.0407
EarlyStopping counter: 1 out of 5
  Ep 9: Train 0.2121 | Val 0.2771 | Test 0.0481
Validation loss decreased (0.277092 --> 0.277092).  Saving model ...
  Ep 10: Train 0.2108 | Val 0.2734 | Test 0.0422
Validation loss decreased (0.273363 --> 0.273363).  Saving model ...
  Ep 11: Train 0.2085 | Val 0.2884 | Test 0.0434
EarlyStopping counter: 1 out of 5
  Ep 12: Train 0.2067 | Val 0.2722 | Test 0.0433
Validation loss decreased (0.272179 --> 0.272179).  Saving model ...
  Ep 13: Train 0.2066 | Val 0.2720 | Test 0.0431
EarlyStopping counter: 1 out of 5
  Ep 14: Train 0.2058 | Val 0.2653 | Test 0.0402
Validation loss decreased (0.265275 --> 0.265275).  Saving model ...
  Ep 15: Train 0.2034 | Val 0.2584 | Test 0.0438
Validation loss decreased (0.258433 --> 0.258433).  Saving model ...
  Ep 16: Train 0.2018 | Val 0.2554 | Test 0.0431
Validation loss decreased (0.255445 --> 0.255445).  Saving model ...
  Ep 17: Train 0.1981 | Val 0.2661 | Test 0.0411
EarlyStopping counter: 1 out of 5
  Ep 18: Train 0.1978 | Val 0.2518 | Test 0.0454
Validation loss decreased (0.251804 --> 0.251804).  Saving model ...
  Ep 19: Train 0.1979 | Val 0.2593 | Test 0.0439
EarlyStopping counter: 1 out of 5
  Ep 20: Train 0.1985 | Val 0.2632 | Test 0.0449
EarlyStopping counter: 2 out of 5
  Ep 21: Train 0.1917 | Val 0.2444 | Test 0.0474
Validation loss decreased (0.244354 --> 0.244354).  Saving model ...
  Ep 22: Train 0.1962 | Val 0.2541 | Test 0.0406
EarlyStopping counter: 1 out of 5
  Ep 23: Train 0.1925 | Val 0.2574 | Test 0.0474
EarlyStopping counter: 2 out of 5
  Ep 24: Train 0.1948 | Val 0.2524 | Test 0.0510
EarlyStopping counter: 3 out of 5
  Ep 25: Train 0.1938 | Val 0.2543 | Test 0.0406
EarlyStopping counter: 4 out of 5
  Ep 26: Train 0.1915 | Val 0.2505 | Test 0.0454
EarlyStopping counter: 5 out of 5
Early stopping triggered!
/home/sangukchoi/Stroke_SDA/sda_training.py:615: FutureWarning: You are using `torch.load` with `weights_only=False` (the current default value), which uses the default pickle module implicitly. It is possible to construct malicious pickle data which will execute arbitrary code during unpickling (See https://github.com/pytorch/pytorch/blob/main/SECURITY.md#untrusted-models for more details). In a future release, the default value for `weights_only` will be flipped to `True`. This limits the functions that could be executed during unpickling. Arbitrary objects will no longer be allowed to be loaded via this mode unless they are explicitly allowlisted by the user via `torch.serialization.add_safe_globals`. We recommend you start setting `weights_only=True` for any use case where you don't have full control of the loaded file. Please open an issue on GitHub for any issues related to this experimental feature.
  model.load_state_dict(torch.load(os.path.join(out_dir, 'best_model.pth')))
Final Test MSE (Best Model): 0.0474
Finished. Status: Success
