Starting Run on GPU 0
Time: 2025-12-24 18:37:40

[Run Start] Subject S006 | Mode ['SDA'] | Params: L1.0_LS0.7_LR0.0001_E128_D128_Dr0.3

[Fold 1 - SDA] Train: ['S006_T004', 'S006_T006'], Test: S006_T001, Norm: fixed
/home/sangukchoi/.conda/envs/torch_gpu/lib/python3.10/site-packages/torch/nn/modules/rnn.py:123: UserWarning: dropout option adds dropout after all but last recurrent layer, so non-zero dropout expects num_layers greater than 1, but got dropout=0.3 and num_layers=1
  warnings.warn(
  Ep 1: Train 0.3523 | Val 0.2690 | Test 0.0440
Validation loss decreased (0.269043 --> 0.269043).  Saving model ...
  Ep 2: Train 0.1815 | Val 0.2167 | Test 0.0509
Validation loss decreased (0.216735 --> 0.216735).  Saving model ...
  Ep 3: Train 0.1623 | Val 0.2014 | Test 0.0425
Validation loss decreased (0.201365 --> 0.201365).  Saving model ...
  Ep 4: Train 0.1530 | Val 0.1962 | Test 0.0427
Validation loss decreased (0.196217 --> 0.196217).  Saving model ...
  Ep 5: Train 0.1514 | Val 0.1897 | Test 0.0414
Validation loss decreased (0.189655 --> 0.189655).  Saving model ...
  Ep 6: Train 0.1492 | Val 0.1937 | Test 0.0446
EarlyStopping counter: 1 out of 5
  Ep 7: Train 0.1429 | Val 0.1836 | Test 0.0363
Validation loss decreased (0.183585 --> 0.183585).  Saving model ...
  Ep 8: Train 0.1402 | Val 0.1974 | Test 0.0385
EarlyStopping counter: 1 out of 5
  Ep 9: Train 0.1391 | Val 0.1850 | Test 0.0378
EarlyStopping counter: 2 out of 5
  Ep 10: Train 0.1368 | Val 0.1914 | Test 0.0354
EarlyStopping counter: 3 out of 5
  Ep 11: Train 0.1343 | Val 0.1739 | Test 0.0336
Validation loss decreased (0.173929 --> 0.173929).  Saving model ...
  Ep 12: Train 0.1341 | Val 0.1918 | Test 0.0402
EarlyStopping counter: 1 out of 5
  Ep 13: Train 0.1319 | Val 0.1689 | Test 0.0304
Validation loss decreased (0.168936 --> 0.168936).  Saving model ...
  Ep 14: Train 0.1330 | Val 0.1928 | Test 0.0362
EarlyStopping counter: 1 out of 5
  Ep 15: Train 0.1309 | Val 0.1872 | Test 0.0351
EarlyStopping counter: 2 out of 5
  Ep 16: Train 0.1293 | Val 0.1756 | Test 0.0371
EarlyStopping counter: 3 out of 5
  Ep 17: Train 0.1291 | Val 0.1687 | Test 0.0477
EarlyStopping counter: 4 out of 5
  Ep 18: Train 0.1290 | Val 0.1957 | Test 0.0338
EarlyStopping counter: 5 out of 5
Early stopping triggered!
/home/sangukchoi/Stroke_SDA/sda_training.py:615: FutureWarning: You are using `torch.load` with `weights_only=False` (the current default value), which uses the default pickle module implicitly. It is possible to construct malicious pickle data which will execute arbitrary code during unpickling (See https://github.com/pytorch/pytorch/blob/main/SECURITY.md#untrusted-models for more details). In a future release, the default value for `weights_only` will be flipped to `True`. This limits the functions that could be executed during unpickling. Arbitrary objects will no longer be allowed to be loaded via this mode unless they are explicitly allowlisted by the user via `torch.serialization.add_safe_globals`. We recommend you start setting `weights_only=True` for any use case where you don't have full control of the loaded file. Please open an issue on GitHub for any issues related to this experimental feature.
  model.load_state_dict(torch.load(os.path.join(out_dir, 'best_model.pth')))
Final Test MSE (Best Model): 0.0304
Finished. Status: Success
