Starting Run on GPU 0
Time: 2025-12-24 18:24:00

[Run Start] Subject S006 | Mode ['SDA'] | Params: L0.5_LS1.0_LR0.0001_E128_D32_Dr0.3

[Fold 1 - SDA] Train: ['S006_T004', 'S006_T006'], Test: S006_T001, Norm: fixed
/home/sangukchoi/.conda/envs/torch_gpu/lib/python3.10/site-packages/torch/nn/modules/rnn.py:123: UserWarning: dropout option adds dropout after all but last recurrent layer, so non-zero dropout expects num_layers greater than 1, but got dropout=0.3 and num_layers=1
  warnings.warn(
  Ep 1: Train 0.3176 | Val 0.1583 | Test 0.0406
Validation loss decreased (0.158267 --> 0.158267).  Saving model ...
  Ep 2: Train 0.1225 | Val 0.1208 | Test 0.0358
Validation loss decreased (0.120751 --> 0.120751).  Saving model ...
  Ep 3: Train 0.1042 | Val 0.1162 | Test 0.0301
Validation loss decreased (0.116177 --> 0.116177).  Saving model ...
  Ep 4: Train 0.0983 | Val 0.1054 | Test 0.0298
Validation loss decreased (0.105353 --> 0.105353).  Saving model ...
  Ep 5: Train 0.0949 | Val 0.1058 | Test 0.0297
EarlyStopping counter: 1 out of 5
  Ep 6: Train 0.0942 | Val 0.1115 | Test 0.0278
EarlyStopping counter: 2 out of 5
  Ep 7: Train 0.0908 | Val 0.1057 | Test 0.0324
EarlyStopping counter: 3 out of 5
  Ep 8: Train 0.0898 | Val 0.1109 | Test 0.0261
EarlyStopping counter: 4 out of 5
  Ep 9: Train 0.0888 | Val 0.0990 | Test 0.0273
Validation loss decreased (0.099032 --> 0.099032).  Saving model ...
  Ep 10: Train 0.0863 | Val 0.0973 | Test 0.0275
Validation loss decreased (0.097344 --> 0.097344).  Saving model ...
  Ep 11: Train 0.0863 | Val 0.1008 | Test 0.0258
EarlyStopping counter: 1 out of 5
  Ep 12: Train 0.0868 | Val 0.1005 | Test 0.0299
EarlyStopping counter: 2 out of 5
  Ep 13: Train 0.0837 | Val 0.0992 | Test 0.0314
EarlyStopping counter: 3 out of 5
  Ep 14: Train 0.0848 | Val 0.0974 | Test 0.0266
EarlyStopping counter: 4 out of 5
  Ep 15: Train 0.0827 | Val 0.0909 | Test 0.0287
Validation loss decreased (0.090921 --> 0.090921).  Saving model ...
  Ep 16: Train 0.0834 | Val 0.0949 | Test 0.0262
EarlyStopping counter: 1 out of 5
  Ep 17: Train 0.0831 | Val 0.0980 | Test 0.0258
EarlyStopping counter: 2 out of 5
  Ep 18: Train 0.0825 | Val 0.0893 | Test 0.0242
Validation loss decreased (0.089324 --> 0.089324).  Saving model ...
  Ep 19: Train 0.0809 | Val 0.0932 | Test 0.0268
EarlyStopping counter: 1 out of 5
  Ep 20: Train 0.0816 | Val 0.1030 | Test 0.0277
EarlyStopping counter: 2 out of 5
  Ep 21: Train 0.0794 | Val 0.0985 | Test 0.0258
EarlyStopping counter: 3 out of 5
  Ep 22: Train 0.0783 | Val 0.0927 | Test 0.0247
EarlyStopping counter: 4 out of 5
  Ep 23: Train 0.0780 | Val 0.0976 | Test 0.0261
EarlyStopping counter: 5 out of 5
Early stopping triggered!
/home/sangukchoi/Stroke_SDA/sda_training.py:615: FutureWarning: You are using `torch.load` with `weights_only=False` (the current default value), which uses the default pickle module implicitly. It is possible to construct malicious pickle data which will execute arbitrary code during unpickling (See https://github.com/pytorch/pytorch/blob/main/SECURITY.md#untrusted-models for more details). In a future release, the default value for `weights_only` will be flipped to `True`. This limits the functions that could be executed during unpickling. Arbitrary objects will no longer be allowed to be loaded via this mode unless they are explicitly allowlisted by the user via `torch.serialization.add_safe_globals`. We recommend you start setting `weights_only=True` for any use case where you don't have full control of the loaded file. Please open an issue on GitHub for any issues related to this experimental feature.
  model.load_state_dict(torch.load(os.path.join(out_dir, 'best_model.pth')))
Final Test MSE (Best Model): 0.0242
Finished. Status: Success
