Starting Run on GPU 2
Time: 2025-12-24 20:15:45

[Run Start] Subject S006 | Mode ['SDA'] | Params: L2.5_LS0.7_LR0.0001_E256_D32_Dr0.3

[Fold 1 - SDA] Train: ['S006_T004', 'S006_T006'], Test: S006_T001, Norm: fixed
/home/sangukchoi/.conda/envs/torch_gpu/lib/python3.10/site-packages/torch/nn/modules/rnn.py:123: UserWarning: dropout option adds dropout after all but last recurrent layer, so non-zero dropout expects num_layers greater than 1, but got dropout=0.3 and num_layers=1
  warnings.warn(
  Ep 1: Train 0.5933 | Val 0.6150 | Test 0.0856
Validation loss decreased (0.615041 --> 0.615041).  Saving model ...
  Ep 2: Train 0.3647 | Val 0.4813 | Test 0.0599
Validation loss decreased (0.481334 --> 0.481334).  Saving model ...
  Ep 3: Train 0.3195 | Val 0.4432 | Test 0.0523
Validation loss decreased (0.443202 --> 0.443202).  Saving model ...
  Ep 4: Train 0.3069 | Val 0.4533 | Test 0.0577
EarlyStopping counter: 1 out of 5
  Ep 5: Train 0.3031 | Val 0.4416 | Test 0.0409
Validation loss decreased (0.441620 --> 0.441620).  Saving model ...
  Ep 6: Train 0.2977 | Val 0.4168 | Test 0.0462
Validation loss decreased (0.416782 --> 0.416782).  Saving model ...
  Ep 7: Train 0.2923 | Val 0.4209 | Test 0.0349
EarlyStopping counter: 1 out of 5
  Ep 8: Train 0.2797 | Val 0.4677 | Test 0.0462
EarlyStopping counter: 2 out of 5
  Ep 9: Train 0.2801 | Val 0.3842 | Test 0.0473
Validation loss decreased (0.384198 --> 0.384198).  Saving model ...
  Ep 10: Train 0.2698 | Val 0.4045 | Test 0.0375
EarlyStopping counter: 1 out of 5
  Ep 11: Train 0.2662 | Val 0.4423 | Test 0.0308
EarlyStopping counter: 2 out of 5
  Ep 12: Train 0.2735 | Val 0.4001 | Test 0.0379
EarlyStopping counter: 3 out of 5
  Ep 13: Train 0.2629 | Val 0.4281 | Test 0.0384
EarlyStopping counter: 4 out of 5
  Ep 14: Train 0.2649 | Val 0.4122 | Test 0.0409
EarlyStopping counter: 5 out of 5
Early stopping triggered!
/home/sangukchoi/Stroke_SDA/sda_training.py:615: FutureWarning: You are using `torch.load` with `weights_only=False` (the current default value), which uses the default pickle module implicitly. It is possible to construct malicious pickle data which will execute arbitrary code during unpickling (See https://github.com/pytorch/pytorch/blob/main/SECURITY.md#untrusted-models for more details). In a future release, the default value for `weights_only` will be flipped to `True`. This limits the functions that could be executed during unpickling. Arbitrary objects will no longer be allowed to be loaded via this mode unless they are explicitly allowlisted by the user via `torch.serialization.add_safe_globals`. We recommend you start setting `weights_only=True` for any use case where you don't have full control of the loaded file. Please open an issue on GitHub for any issues related to this experimental feature.
  model.load_state_dict(torch.load(os.path.join(out_dir, 'best_model.pth')))
Final Test MSE (Best Model): 0.0473
Finished. Status: Success
