Starting Run on GPU 1
Time: 2025-12-24 18:57:06

[Run Start] Subject S006 | Mode ['SDA'] | Params: L1.5_LS0.7_LR0.0001_E128_D64_Dr0.3

[Fold 1 - SDA] Train: ['S006_T004', 'S006_T006'], Test: S006_T001, Norm: fixed
/home/sangukchoi/.conda/envs/torch_gpu/lib/python3.10/site-packages/torch/nn/modules/rnn.py:123: UserWarning: dropout option adds dropout after all but last recurrent layer, so non-zero dropout expects num_layers greater than 1, but got dropout=0.3 and num_layers=1
  warnings.warn(
  Ep 1: Train 0.4848 | Val 0.4198 | Test 0.0554
Validation loss decreased (0.419818 --> 0.419818).  Saving model ...
  Ep 2: Train 0.2754 | Val 0.3406 | Test 0.0592
Validation loss decreased (0.340649 --> 0.340649).  Saving model ...
  Ep 3: Train 0.2344 | Val 0.3501 | Test 0.0506
EarlyStopping counter: 1 out of 5
  Ep 4: Train 0.2203 | Val 0.3177 | Test 0.0516
Validation loss decreased (0.317663 --> 0.317663).  Saving model ...
  Ep 5: Train 0.2058 | Val 0.2965 | Test 0.0535
Validation loss decreased (0.296534 --> 0.296534).  Saving model ...
  Ep 6: Train 0.2065 | Val 0.3030 | Test 0.0434
EarlyStopping counter: 1 out of 5
  Ep 7: Train 0.2006 | Val 0.2488 | Test 0.0499
Validation loss decreased (0.248783 --> 0.248783).  Saving model ...
  Ep 8: Train 0.1969 | Val 0.2586 | Test 0.0395
EarlyStopping counter: 1 out of 5
  Ep 9: Train 0.1887 | Val 0.2977 | Test 0.0413
EarlyStopping counter: 2 out of 5
  Ep 10: Train 0.1896 | Val 0.2311 | Test 0.0422
Validation loss decreased (0.231081 --> 0.231081).  Saving model ...
  Ep 11: Train 0.1866 | Val 0.2441 | Test 0.0441
EarlyStopping counter: 1 out of 5
  Ep 12: Train 0.1848 | Val 0.2766 | Test 0.0502
EarlyStopping counter: 2 out of 5
  Ep 13: Train 0.1805 | Val 0.2462 | Test 0.0368
EarlyStopping counter: 3 out of 5
  Ep 14: Train 0.1800 | Val 0.2609 | Test 0.0371
EarlyStopping counter: 4 out of 5
  Ep 15: Train 0.1760 | Val 0.2428 | Test 0.0368
EarlyStopping counter: 5 out of 5
Early stopping triggered!
/home/sangukchoi/Stroke_SDA/sda_training.py:615: FutureWarning: You are using `torch.load` with `weights_only=False` (the current default value), which uses the default pickle module implicitly. It is possible to construct malicious pickle data which will execute arbitrary code during unpickling (See https://github.com/pytorch/pytorch/blob/main/SECURITY.md#untrusted-models for more details). In a future release, the default value for `weights_only` will be flipped to `True`. This limits the functions that could be executed during unpickling. Arbitrary objects will no longer be allowed to be loaded via this mode unless they are explicitly allowlisted by the user via `torch.serialization.add_safe_globals`. We recommend you start setting `weights_only=True` for any use case where you don't have full control of the loaded file. Please open an issue on GitHub for any issues related to this experimental feature.
  model.load_state_dict(torch.load(os.path.join(out_dir, 'best_model.pth')))
Final Test MSE (Best Model): 0.0422
Finished. Status: Success
