Starting Run on GPU 3
Time: 2025-12-24 19:51:41

[Run Start] Subject S006 | Mode ['SDA'] | Params: L2.5_LS0.5_LR0.0001_E64_D32_Dr0.3

[Fold 1 - SDA] Train: ['S006_T004', 'S006_T006'], Test: S006_T001, Norm: fixed
/home/sangukchoi/.conda/envs/torch_gpu/lib/python3.10/site-packages/torch/nn/modules/rnn.py:123: UserWarning: dropout option adds dropout after all but last recurrent layer, so non-zero dropout expects num_layers greater than 1, but got dropout=0.3 and num_layers=1
  warnings.warn(
  Ep 1: Train 0.8454 | Val 0.7792 | Test 0.1462
Validation loss decreased (0.779201 --> 0.779201).  Saving model ...
  Ep 2: Train 0.5127 | Val 0.7058 | Test 0.1102
Validation loss decreased (0.705751 --> 0.705751).  Saving model ...
  Ep 3: Train 0.4256 | Val 0.6471 | Test 0.0685
Validation loss decreased (0.647136 --> 0.647136).  Saving model ...
  Ep 4: Train 0.3727 | Val 0.5730 | Test 0.0596
Validation loss decreased (0.572979 --> 0.572979).  Saving model ...
  Ep 5: Train 0.3434 | Val 0.5765 | Test 0.0569
EarlyStopping counter: 1 out of 5
  Ep 6: Train 0.3310 | Val 0.5741 | Test 0.0532
EarlyStopping counter: 2 out of 5
  Ep 7: Train 0.3180 | Val 0.5772 | Test 0.0457
EarlyStopping counter: 3 out of 5
  Ep 8: Train 0.3204 | Val 0.5682 | Test 0.0436
Validation loss decreased (0.568171 --> 0.568171).  Saving model ...
  Ep 9: Train 0.3076 | Val 0.5351 | Test 0.0442
Validation loss decreased (0.535146 --> 0.535146).  Saving model ...
  Ep 10: Train 0.2969 | Val 0.5238 | Test 0.0498
Validation loss decreased (0.523826 --> 0.523826).  Saving model ...
  Ep 11: Train 0.2987 | Val 0.4948 | Test 0.0476
Validation loss decreased (0.494781 --> 0.494781).  Saving model ...
  Ep 12: Train 0.2943 | Val 0.5053 | Test 0.0393
EarlyStopping counter: 1 out of 5
  Ep 13: Train 0.2884 | Val 0.4675 | Test 0.0479
Validation loss decreased (0.467485 --> 0.467485).  Saving model ...
  Ep 14: Train 0.2839 | Val 0.4884 | Test 0.0432
EarlyStopping counter: 1 out of 5
  Ep 15: Train 0.2785 | Val 0.4615 | Test 0.0445
Validation loss decreased (0.461502 --> 0.461502).  Saving model ...
  Ep 16: Train 0.2781 | Val 0.4711 | Test 0.0477
EarlyStopping counter: 1 out of 5
  Ep 17: Train 0.2781 | Val 0.4619 | Test 0.0509
EarlyStopping counter: 2 out of 5
  Ep 18: Train 0.2795 | Val 0.4500 | Test 0.0388
Validation loss decreased (0.449978 --> 0.449978).  Saving model ...
  Ep 19: Train 0.2740 | Val 0.4203 | Test 0.0436
Validation loss decreased (0.420275 --> 0.420275).  Saving model ...
  Ep 20: Train 0.2762 | Val 0.4764 | Test 0.0417
EarlyStopping counter: 1 out of 5
  Ep 21: Train 0.2745 | Val 0.5132 | Test 0.0400
EarlyStopping counter: 2 out of 5
  Ep 22: Train 0.2622 | Val 0.4678 | Test 0.0381
EarlyStopping counter: 3 out of 5
  Ep 23: Train 0.2658 | Val 0.4576 | Test 0.0378
EarlyStopping counter: 4 out of 5
  Ep 24: Train 0.2729 | Val 0.4608 | Test 0.0355
EarlyStopping counter: 5 out of 5
Early stopping triggered!
/home/sangukchoi/Stroke_SDA/sda_training.py:615: FutureWarning: You are using `torch.load` with `weights_only=False` (the current default value), which uses the default pickle module implicitly. It is possible to construct malicious pickle data which will execute arbitrary code during unpickling (See https://github.com/pytorch/pytorch/blob/main/SECURITY.md#untrusted-models for more details). In a future release, the default value for `weights_only` will be flipped to `True`. This limits the functions that could be executed during unpickling. Arbitrary objects will no longer be allowed to be loaded via this mode unless they are explicitly allowlisted by the user via `torch.serialization.add_safe_globals`. We recommend you start setting `weights_only=True` for any use case where you don't have full control of the loaded file. Please open an issue on GitHub for any issues related to this experimental feature.
  model.load_state_dict(torch.load(os.path.join(out_dir, 'best_model.pth')))
Final Test MSE (Best Model): 0.0436
Finished. Status: Success
