Starting Run on GPU 2
Time: 2025-12-24 19:14:23

[Run Start] Subject S006 | Mode ['SDA'] | Params: L1.5_LS1.0_LR0.0001_E256_D64_Dr0.3

[Fold 1 - SDA] Train: ['S006_T004', 'S006_T006'], Test: S006_T001, Norm: fixed
/home/sangukchoi/.conda/envs/torch_gpu/lib/python3.10/site-packages/torch/nn/modules/rnn.py:123: UserWarning: dropout option adds dropout after all but last recurrent layer, so non-zero dropout expects num_layers greater than 1, but got dropout=0.3 and num_layers=1
  warnings.warn(
  Ep 1: Train 0.4225 | Val 0.3508 | Test 0.0628
Validation loss decreased (0.350758 --> 0.350758).  Saving model ...
  Ep 2: Train 0.2506 | Val 0.2876 | Test 0.0552
Validation loss decreased (0.287589 --> 0.287589).  Saving model ...
  Ep 3: Train 0.2241 | Val 0.2989 | Test 0.0368
EarlyStopping counter: 1 out of 5
  Ep 4: Train 0.2142 | Val 0.2949 | Test 0.0373
EarlyStopping counter: 2 out of 5
  Ep 5: Train 0.2067 | Val 0.2801 | Test 0.0594
Validation loss decreased (0.280114 --> 0.280114).  Saving model ...
  Ep 6: Train 0.1964 | Val 0.2748 | Test 0.0364
Validation loss decreased (0.274831 --> 0.274831).  Saving model ...
  Ep 7: Train 0.1945 | Val 0.2500 | Test 0.0354
Validation loss decreased (0.250042 --> 0.250042).  Saving model ...
  Ep 8: Train 0.1918 | Val 0.2547 | Test 0.0474
EarlyStopping counter: 1 out of 5
  Ep 9: Train 0.1878 | Val 0.2640 | Test 0.0413
EarlyStopping counter: 2 out of 5
  Ep 10: Train 0.1865 | Val 0.2351 | Test 0.0295
Validation loss decreased (0.235126 --> 0.235126).  Saving model ...
  Ep 11: Train 0.1802 | Val 0.2730 | Test 0.0273
EarlyStopping counter: 1 out of 5
  Ep 12: Train 0.1780 | Val 0.2387 | Test 0.0308
EarlyStopping counter: 2 out of 5
  Ep 13: Train 0.1782 | Val 0.2771 | Test 0.0299
EarlyStopping counter: 3 out of 5
  Ep 14: Train 0.1725 | Val 0.2783 | Test 0.0313
EarlyStopping counter: 4 out of 5
  Ep 15: Train 0.1741 | Val 0.2576 | Test 0.0271
EarlyStopping counter: 5 out of 5
Early stopping triggered!
/home/sangukchoi/Stroke_SDA/sda_training.py:615: FutureWarning: You are using `torch.load` with `weights_only=False` (the current default value), which uses the default pickle module implicitly. It is possible to construct malicious pickle data which will execute arbitrary code during unpickling (See https://github.com/pytorch/pytorch/blob/main/SECURITY.md#untrusted-models for more details). In a future release, the default value for `weights_only` will be flipped to `True`. This limits the functions that could be executed during unpickling. Arbitrary objects will no longer be allowed to be loaded via this mode unless they are explicitly allowlisted by the user via `torch.serialization.add_safe_globals`. We recommend you start setting `weights_only=True` for any use case where you don't have full control of the loaded file. Please open an issue on GitHub for any issues related to this experimental feature.
  model.load_state_dict(torch.load(os.path.join(out_dir, 'best_model.pth')))
Final Test MSE (Best Model): 0.0295
Finished. Status: Success
