Starting Run on GPU 3
Time: 2025-12-24 21:17:08

[Run Start] Subject S006 | Mode ['SDA'] | Params: L3.0_LS1.0_LR0.0001_E256_D128_Dr0.3

[Fold 1 - SDA] Train: ['S006_T004', 'S006_T006'], Test: S006_T001, Norm: fixed
/home/sangukchoi/.conda/envs/torch_gpu/lib/python3.10/site-packages/torch/nn/modules/rnn.py:123: UserWarning: dropout option adds dropout after all but last recurrent layer, so non-zero dropout expects num_layers greater than 1, but got dropout=0.3 and num_layers=1
  warnings.warn(
  Ep 1: Train 0.6714 | Val 0.7453 | Test 0.0626
Validation loss decreased (0.745267 --> 0.745267).  Saving model ...
  Ep 2: Train 0.4272 | Val 0.6410 | Test 0.0535
Validation loss decreased (0.640981 --> 0.640981).  Saving model ...
  Ep 3: Train 0.3962 | Val 0.5919 | Test 0.0546
Validation loss decreased (0.591925 --> 0.591925).  Saving model ...
  Ep 4: Train 0.3798 | Val 0.5705 | Test 0.0468
Validation loss decreased (0.570514 --> 0.570514).  Saving model ...
  Ep 5: Train 0.3645 | Val 0.5677 | Test 0.0578
Validation loss decreased (0.567664 --> 0.567664).  Saving model ...
  Ep 6: Train 0.3596 | Val 0.5171 | Test 0.0551
Validation loss decreased (0.517140 --> 0.517140).  Saving model ...
  Ep 7: Train 0.3603 | Val 0.5025 | Test 0.0503
Validation loss decreased (0.502524 --> 0.502524).  Saving model ...
  Ep 8: Train 0.3687 | Val 0.5516 | Test 0.0621
EarlyStopping counter: 1 out of 5
  Ep 9: Train 0.3500 | Val 0.4811 | Test 0.0516
Validation loss decreased (0.481093 --> 0.481093).  Saving model ...
  Ep 10: Train 0.3455 | Val 0.5684 | Test 0.0534
EarlyStopping counter: 1 out of 5
  Ep 11: Train 0.3339 | Val 0.4573 | Test 0.0445
Validation loss decreased (0.457331 --> 0.457331).  Saving model ...
  Ep 12: Train 0.3411 | Val 0.5083 | Test 0.0450
EarlyStopping counter: 1 out of 5
  Ep 13: Train 0.3271 | Val 0.4888 | Test 0.0390
EarlyStopping counter: 2 out of 5
  Ep 14: Train 0.3287 | Val 0.4841 | Test 0.0507
EarlyStopping counter: 3 out of 5
  Ep 15: Train 0.3192 | Val 0.5386 | Test 0.0443
EarlyStopping counter: 4 out of 5
  Ep 16: Train 0.3232 | Val 0.4962 | Test 0.0362
EarlyStopping counter: 5 out of 5
Early stopping triggered!
/home/sangukchoi/Stroke_SDA/sda_training.py:615: FutureWarning: You are using `torch.load` with `weights_only=False` (the current default value), which uses the default pickle module implicitly. It is possible to construct malicious pickle data which will execute arbitrary code during unpickling (See https://github.com/pytorch/pytorch/blob/main/SECURITY.md#untrusted-models for more details). In a future release, the default value for `weights_only` will be flipped to `True`. This limits the functions that could be executed during unpickling. Arbitrary objects will no longer be allowed to be loaded via this mode unless they are explicitly allowlisted by the user via `torch.serialization.add_safe_globals`. We recommend you start setting `weights_only=True` for any use case where you don't have full control of the loaded file. Please open an issue on GitHub for any issues related to this experimental feature.
  model.load_state_dict(torch.load(os.path.join(out_dir, 'best_model.pth')))
Final Test MSE (Best Model): 0.0445
Finished. Status: Success
