Starting Run on GPU 1
Time: 2025-12-24 20:56:23

[Run Start] Subject S006 | Mode ['SDA'] | Params: L3.0_LS0.7_LR0.0001_E64_D32_Dr0.3

[Fold 1 - SDA] Train: ['S006_T004', 'S006_T006'], Test: S006_T001, Norm: fixed
/home/sangukchoi/.conda/envs/torch_gpu/lib/python3.10/site-packages/torch/nn/modules/rnn.py:123: UserWarning: dropout option adds dropout after all but last recurrent layer, so non-zero dropout expects num_layers greater than 1, but got dropout=0.3 and num_layers=1
  warnings.warn(
  Ep 1: Train 1.0633 | Val 0.9197 | Test 0.1967
Validation loss decreased (0.919659 --> 0.919659).  Saving model ...
  Ep 2: Train 0.6793 | Val 0.8031 | Test 0.1436
Validation loss decreased (0.803052 --> 0.803052).  Saving model ...
  Ep 3: Train 0.5964 | Val 0.7352 | Test 0.0993
Validation loss decreased (0.735184 --> 0.735184).  Saving model ...
  Ep 4: Train 0.5172 | Val 0.8061 | Test 0.0704
EarlyStopping counter: 1 out of 5
  Ep 5: Train 0.4676 | Val 0.6758 | Test 0.0604
Validation loss decreased (0.675811 --> 0.675811).  Saving model ...
  Ep 6: Train 0.4345 | Val 0.6528 | Test 0.0582
Validation loss decreased (0.652795 --> 0.652795).  Saving model ...
  Ep 7: Train 0.4026 | Val 0.6376 | Test 0.0491
Validation loss decreased (0.637574 --> 0.637574).  Saving model ...
  Ep 8: Train 0.3860 | Val 0.6686 | Test 0.0497
EarlyStopping counter: 1 out of 5
  Ep 9: Train 0.3772 | Val 0.6224 | Test 0.0476
Validation loss decreased (0.622434 --> 0.622434).  Saving model ...
  Ep 10: Train 0.3796 | Val 0.5980 | Test 0.0482
Validation loss decreased (0.597999 --> 0.597999).  Saving model ...
  Ep 11: Train 0.3732 | Val 0.5946 | Test 0.0481
Validation loss decreased (0.594613 --> 0.594613).  Saving model ...
  Ep 12: Train 0.3747 | Val 0.5811 | Test 0.0460
Validation loss decreased (0.581137 --> 0.581137).  Saving model ...
  Ep 13: Train 0.3719 | Val 0.6156 | Test 0.0561
EarlyStopping counter: 1 out of 5
  Ep 14: Train 0.3625 | Val 0.5603 | Test 0.0434
Validation loss decreased (0.560274 --> 0.560274).  Saving model ...
  Ep 15: Train 0.3608 | Val 0.6011 | Test 0.0470
EarlyStopping counter: 1 out of 5
  Ep 16: Train 0.3622 | Val 0.5758 | Test 0.0413
EarlyStopping counter: 2 out of 5
  Ep 17: Train 0.3579 | Val 0.5614 | Test 0.0457
EarlyStopping counter: 3 out of 5
  Ep 18: Train 0.3502 | Val 0.5796 | Test 0.0478
EarlyStopping counter: 4 out of 5
  Ep 19: Train 0.3546 | Val 0.5364 | Test 0.0483
Validation loss decreased (0.536383 --> 0.536383).  Saving model ...
  Ep 20: Train 0.3476 | Val 0.5725 | Test 0.0426
EarlyStopping counter: 1 out of 5
  Ep 21: Train 0.3474 | Val 0.5820 | Test 0.0467
EarlyStopping counter: 2 out of 5
  Ep 22: Train 0.3474 | Val 0.5550 | Test 0.0380
EarlyStopping counter: 3 out of 5
  Ep 23: Train 0.3458 | Val 0.5391 | Test 0.0403
EarlyStopping counter: 4 out of 5
  Ep 24: Train 0.3449 | Val 0.5419 | Test 0.0449
EarlyStopping counter: 5 out of 5
Early stopping triggered!
/home/sangukchoi/Stroke_SDA/sda_training.py:615: FutureWarning: You are using `torch.load` with `weights_only=False` (the current default value), which uses the default pickle module implicitly. It is possible to construct malicious pickle data which will execute arbitrary code during unpickling (See https://github.com/pytorch/pytorch/blob/main/SECURITY.md#untrusted-models for more details). In a future release, the default value for `weights_only` will be flipped to `True`. This limits the functions that could be executed during unpickling. Arbitrary objects will no longer be allowed to be loaded via this mode unless they are explicitly allowlisted by the user via `torch.serialization.add_safe_globals`. We recommend you start setting `weights_only=True` for any use case where you don't have full control of the loaded file. Please open an issue on GitHub for any issues related to this experimental feature.
  model.load_state_dict(torch.load(os.path.join(out_dir, 'best_model.pth')))
Final Test MSE (Best Model): 0.0483
Finished. Status: Success
