Starting Run on GPU 1
Time: 2025-12-24 18:29:09

[Run Start] Subject S006 | Mode ['SDA'] | Params: L0.5_LS1.0_LR0.0001_E256_D128_Dr0.3

[Fold 1 - SDA] Train: ['S006_T004', 'S006_T006'], Test: S006_T001, Norm: fixed
/home/sangukchoi/.conda/envs/torch_gpu/lib/python3.10/site-packages/torch/nn/modules/rnn.py:123: UserWarning: dropout option adds dropout after all but last recurrent layer, so non-zero dropout expects num_layers greater than 1, but got dropout=0.3 and num_layers=1
  warnings.warn(
  Ep 1: Train 0.2303 | Val 0.1399 | Test 0.0444
Validation loss decreased (0.139853 --> 0.139853).  Saving model ...
  Ep 2: Train 0.1158 | Val 0.1190 | Test 0.0374
Validation loss decreased (0.119000 --> 0.119000).  Saving model ...
  Ep 3: Train 0.1041 | Val 0.1166 | Test 0.0351
Validation loss decreased (0.116571 --> 0.116571).  Saving model ...
  Ep 4: Train 0.0953 | Val 0.1100 | Test 0.0356
Validation loss decreased (0.110008 --> 0.110008).  Saving model ...
  Ep 5: Train 0.0925 | Val 0.1064 | Test 0.0279
Validation loss decreased (0.106444 --> 0.106444).  Saving model ...
  Ep 6: Train 0.0902 | Val 0.1112 | Test 0.0296
EarlyStopping counter: 1 out of 5
  Ep 7: Train 0.0882 | Val 0.1046 | Test 0.0318
Validation loss decreased (0.104621 --> 0.104621).  Saving model ...
  Ep 8: Train 0.0873 | Val 0.1065 | Test 0.0260
EarlyStopping counter: 1 out of 5
  Ep 9: Train 0.0856 | Val 0.1032 | Test 0.0275
Validation loss decreased (0.103240 --> 0.103240).  Saving model ...
  Ep 10: Train 0.0846 | Val 0.0984 | Test 0.0315
Validation loss decreased (0.098359 --> 0.098359).  Saving model ...
  Ep 11: Train 0.0833 | Val 0.1067 | Test 0.0304
EarlyStopping counter: 1 out of 5
  Ep 12: Train 0.0827 | Val 0.1042 | Test 0.0254
EarlyStopping counter: 2 out of 5
  Ep 13: Train 0.0824 | Val 0.1003 | Test 0.0258
EarlyStopping counter: 3 out of 5
  Ep 14: Train 0.0797 | Val 0.1079 | Test 0.0244
EarlyStopping counter: 4 out of 5
  Ep 15: Train 0.0813 | Val 0.1001 | Test 0.0226
EarlyStopping counter: 5 out of 5
Early stopping triggered!
/home/sangukchoi/Stroke_SDA/sda_training.py:615: FutureWarning: You are using `torch.load` with `weights_only=False` (the current default value), which uses the default pickle module implicitly. It is possible to construct malicious pickle data which will execute arbitrary code during unpickling (See https://github.com/pytorch/pytorch/blob/main/SECURITY.md#untrusted-models for more details). In a future release, the default value for `weights_only` will be flipped to `True`. This limits the functions that could be executed during unpickling. Arbitrary objects will no longer be allowed to be loaded via this mode unless they are explicitly allowlisted by the user via `torch.serialization.add_safe_globals`. We recommend you start setting `weights_only=True` for any use case where you don't have full control of the loaded file. Please open an issue on GitHub for any issues related to this experimental feature.
  model.load_state_dict(torch.load(os.path.join(out_dir, 'best_model.pth')))
Final Test MSE (Best Model): 0.0315
Finished. Status: Success
