Starting Run on GPU 0
Time: 2025-12-24 20:06:30

[Run Start] Subject S006 | Mode ['SDA'] | Params: L2.5_LS0.7_LR0.0001_E64_D32_Dr0.3

[Fold 1 - SDA] Train: ['S006_T004', 'S006_T006'], Test: S006_T001, Norm: fixed
/home/sangukchoi/.conda/envs/torch_gpu/lib/python3.10/site-packages/torch/nn/modules/rnn.py:123: UserWarning: dropout option adds dropout after all but last recurrent layer, so non-zero dropout expects num_layers greater than 1, but got dropout=0.3 and num_layers=1
  warnings.warn(
  Ep 1: Train 0.9536 | Val 0.7440 | Test 0.1691
Validation loss decreased (0.743962 --> 0.743962).  Saving model ...
  Ep 2: Train 0.5847 | Val 0.6844 | Test 0.1125
Validation loss decreased (0.684425 --> 0.684425).  Saving model ...
  Ep 3: Train 0.4919 | Val 0.6743 | Test 0.0858
Validation loss decreased (0.674273 --> 0.674273).  Saving model ...
  Ep 4: Train 0.4312 | Val 0.6647 | Test 0.0717
Validation loss decreased (0.664742 --> 0.664742).  Saving model ...
  Ep 5: Train 0.3856 | Val 0.5823 | Test 0.0593
Validation loss decreased (0.582260 --> 0.582260).  Saving model ...
  Ep 6: Train 0.3553 | Val 0.6206 | Test 0.0548
EarlyStopping counter: 1 out of 5
  Ep 7: Train 0.3452 | Val 0.5458 | Test 0.0552
Validation loss decreased (0.545844 --> 0.545844).  Saving model ...
  Ep 8: Train 0.3389 | Val 0.5225 | Test 0.0484
Validation loss decreased (0.522528 --> 0.522528).  Saving model ...
  Ep 9: Train 0.3222 | Val 0.4770 | Test 0.0449
Validation loss decreased (0.477005 --> 0.477005).  Saving model ...
  Ep 10: Train 0.3152 | Val 0.4657 | Test 0.0464
Validation loss decreased (0.465742 --> 0.465742).  Saving model ...
  Ep 11: Train 0.3124 | Val 0.4422 | Test 0.0512
Validation loss decreased (0.442235 --> 0.442235).  Saving model ...
  Ep 12: Train 0.3100 | Val 0.4608 | Test 0.0455
EarlyStopping counter: 1 out of 5
  Ep 13: Train 0.3089 | Val 0.4383 | Test 0.0521
Validation loss decreased (0.438273 --> 0.438273).  Saving model ...
  Ep 14: Train 0.3000 | Val 0.4460 | Test 0.0496
EarlyStopping counter: 1 out of 5
  Ep 15: Train 0.3013 | Val 0.4457 | Test 0.0437
EarlyStopping counter: 2 out of 5
  Ep 16: Train 0.2942 | Val 0.4719 | Test 0.0386
EarlyStopping counter: 3 out of 5
  Ep 17: Train 0.2973 | Val 0.4475 | Test 0.0534
EarlyStopping counter: 4 out of 5
  Ep 18: Train 0.2931 | Val 0.4286 | Test 0.0387
Validation loss decreased (0.428627 --> 0.428627).  Saving model ...
  Ep 19: Train 0.2939 | Val 0.4598 | Test 0.0409
EarlyStopping counter: 1 out of 5
  Ep 20: Train 0.2898 | Val 0.4264 | Test 0.0422
Validation loss decreased (0.426367 --> 0.426367).  Saving model ...
  Ep 21: Train 0.2826 | Val 0.4245 | Test 0.0441
Validation loss decreased (0.424515 --> 0.424515).  Saving model ...
  Ep 22: Train 0.2808 | Val 0.4289 | Test 0.0468
EarlyStopping counter: 1 out of 5
  Ep 23: Train 0.2815 | Val 0.4524 | Test 0.0340
EarlyStopping counter: 2 out of 5
  Ep 24: Train 0.2782 | Val 0.4049 | Test 0.0427
Validation loss decreased (0.404949 --> 0.404949).  Saving model ...
  Ep 25: Train 0.2752 | Val 0.4493 | Test 0.0363
EarlyStopping counter: 1 out of 5
  Ep 26: Train 0.2710 | Val 0.4032 | Test 0.0378
Validation loss decreased (0.403201 --> 0.403201).  Saving model ...
  Ep 27: Train 0.2683 | Val 0.4372 | Test 0.0399
EarlyStopping counter: 1 out of 5
  Ep 28: Train 0.2712 | Val 0.4055 | Test 0.0342
EarlyStopping counter: 2 out of 5
  Ep 29: Train 0.2657 | Val 0.4535 | Test 0.0407
EarlyStopping counter: 3 out of 5
  Ep 30: Train 0.2697 | Val 0.4736 | Test 0.0308
EarlyStopping counter: 4 out of 5
  Ep 31: Train 0.2608 | Val 0.4505 | Test 0.0303
EarlyStopping counter: 5 out of 5
Early stopping triggered!
/home/sangukchoi/Stroke_SDA/sda_training.py:615: FutureWarning: You are using `torch.load` with `weights_only=False` (the current default value), which uses the default pickle module implicitly. It is possible to construct malicious pickle data which will execute arbitrary code during unpickling (See https://github.com/pytorch/pytorch/blob/main/SECURITY.md#untrusted-models for more details). In a future release, the default value for `weights_only` will be flipped to `True`. This limits the functions that could be executed during unpickling. Arbitrary objects will no longer be allowed to be loaded via this mode unless they are explicitly allowlisted by the user via `torch.serialization.add_safe_globals`. We recommend you start setting `weights_only=True` for any use case where you don't have full control of the loaded file. Please open an issue on GitHub for any issues related to this experimental feature.
  model.load_state_dict(torch.load(os.path.join(out_dir, 'best_model.pth')))
Final Test MSE (Best Model): 0.0378
Finished. Status: Success
