Starting Run on GPU 0
Time: 2025-12-24 18:09:09

[Run Start] Subject S006 | Mode ['SDA'] | Params: L0.5_LS0.7_LR0.0001_E128_D32_Dr0.3

[Fold 1 - SDA] Train: ['S006_T004', 'S006_T006'], Test: S006_T001, Norm: fixed
/home/sangukchoi/.conda/envs/torch_gpu/lib/python3.10/site-packages/torch/nn/modules/rnn.py:123: UserWarning: dropout option adds dropout after all but last recurrent layer, so non-zero dropout expects num_layers greater than 1, but got dropout=0.3 and num_layers=1
  warnings.warn(
  Ep 1: Train 0.2840 | Val 0.1578 | Test 0.0415
Validation loss decreased (0.157821 --> 0.157821).  Saving model ...
  Ep 2: Train 0.1143 | Val 0.1086 | Test 0.0428
Validation loss decreased (0.108576 --> 0.108576).  Saving model ...
  Ep 3: Train 0.0966 | Val 0.1066 | Test 0.0354
Validation loss decreased (0.106583 --> 0.106583).  Saving model ...
  Ep 4: Train 0.0900 | Val 0.1034 | Test 0.0384
Validation loss decreased (0.103399 --> 0.103399).  Saving model ...
  Ep 5: Train 0.0849 | Val 0.0988 | Test 0.0391
Validation loss decreased (0.098778 --> 0.098778).  Saving model ...
  Ep 6: Train 0.0831 | Val 0.0993 | Test 0.0323
EarlyStopping counter: 1 out of 5
  Ep 7: Train 0.0812 | Val 0.1023 | Test 0.0295
EarlyStopping counter: 2 out of 5
  Ep 8: Train 0.0805 | Val 0.0939 | Test 0.0316
Validation loss decreased (0.093874 --> 0.093874).  Saving model ...
  Ep 9: Train 0.0807 | Val 0.0982 | Test 0.0320
EarlyStopping counter: 1 out of 5
  Ep 10: Train 0.0793 | Val 0.0996 | Test 0.0316
EarlyStopping counter: 2 out of 5
  Ep 11: Train 0.0773 | Val 0.0932 | Test 0.0306
Validation loss decreased (0.093225 --> 0.093225).  Saving model ...
  Ep 12: Train 0.0772 | Val 0.0854 | Test 0.0321
Validation loss decreased (0.085381 --> 0.085381).  Saving model ...
  Ep 13: Train 0.0766 | Val 0.0899 | Test 0.0292
EarlyStopping counter: 1 out of 5
  Ep 14: Train 0.0750 | Val 0.0966 | Test 0.0309
EarlyStopping counter: 2 out of 5
  Ep 15: Train 0.0754 | Val 0.0936 | Test 0.0293
EarlyStopping counter: 3 out of 5
  Ep 16: Train 0.0753 | Val 0.0950 | Test 0.0269
EarlyStopping counter: 4 out of 5
  Ep 17: Train 0.0736 | Val 0.0899 | Test 0.0294
EarlyStopping counter: 5 out of 5
Early stopping triggered!
/home/sangukchoi/Stroke_SDA/sda_training.py:615: FutureWarning: You are using `torch.load` with `weights_only=False` (the current default value), which uses the default pickle module implicitly. It is possible to construct malicious pickle data which will execute arbitrary code during unpickling (See https://github.com/pytorch/pytorch/blob/main/SECURITY.md#untrusted-models for more details). In a future release, the default value for `weights_only` will be flipped to `True`. This limits the functions that could be executed during unpickling. Arbitrary objects will no longer be allowed to be loaded via this mode unless they are explicitly allowlisted by the user via `torch.serialization.add_safe_globals`. We recommend you start setting `weights_only=True` for any use case where you don't have full control of the loaded file. Please open an issue on GitHub for any issues related to this experimental feature.
  model.load_state_dict(torch.load(os.path.join(out_dir, 'best_model.pth')))
Final Test MSE (Best Model): 0.0321
Finished. Status: Success
