Starting Run on GPU 0
Time: 2025-12-24 18:30:39

[Run Start] Subject S006 | Mode ['SDA'] | Params: L1.0_LS0.7_LR0.0001_E64_D32_Dr0.3

[Fold 1 - SDA] Train: ['S006_T004', 'S006_T006'], Test: S006_T001, Norm: fixed
/home/sangukchoi/.conda/envs/torch_gpu/lib/python3.10/site-packages/torch/nn/modules/rnn.py:123: UserWarning: dropout option adds dropout after all but last recurrent layer, so non-zero dropout expects num_layers greater than 1, but got dropout=0.3 and num_layers=1
  warnings.warn(
  Ep 1: Train 0.5130 | Val 0.3121 | Test 0.0710
Validation loss decreased (0.312059 --> 0.312059).  Saving model ...
  Ep 2: Train 0.2339 | Val 0.2290 | Test 0.0423
Validation loss decreased (0.229001 --> 0.229001).  Saving model ...
  Ep 3: Train 0.1898 | Val 0.1948 | Test 0.0412
Validation loss decreased (0.194830 --> 0.194830).  Saving model ...
  Ep 4: Train 0.1747 | Val 0.1915 | Test 0.0432
Validation loss decreased (0.191505 --> 0.191505).  Saving model ...
  Ep 5: Train 0.1655 | Val 0.1858 | Test 0.0353
Validation loss decreased (0.185785 --> 0.185785).  Saving model ...
  Ep 6: Train 0.1609 | Val 0.1831 | Test 0.0314
Validation loss decreased (0.183136 --> 0.183136).  Saving model ...
  Ep 7: Train 0.1539 | Val 0.1778 | Test 0.0342
Validation loss decreased (0.177819 --> 0.177819).  Saving model ...
  Ep 8: Train 0.1511 | Val 0.1905 | Test 0.0312
EarlyStopping counter: 1 out of 5
  Ep 9: Train 0.1491 | Val 0.1951 | Test 0.0316
EarlyStopping counter: 2 out of 5
  Ep 10: Train 0.1463 | Val 0.2068 | Test 0.0276
EarlyStopping counter: 3 out of 5
  Ep 11: Train 0.1435 | Val 0.1926 | Test 0.0302
EarlyStopping counter: 4 out of 5
  Ep 12: Train 0.1420 | Val 0.1839 | Test 0.0289
EarlyStopping counter: 5 out of 5
Early stopping triggered!
/home/sangukchoi/Stroke_SDA/sda_training.py:615: FutureWarning: You are using `torch.load` with `weights_only=False` (the current default value), which uses the default pickle module implicitly. It is possible to construct malicious pickle data which will execute arbitrary code during unpickling (See https://github.com/pytorch/pytorch/blob/main/SECURITY.md#untrusted-models for more details). In a future release, the default value for `weights_only` will be flipped to `True`. This limits the functions that could be executed during unpickling. Arbitrary objects will no longer be allowed to be loaded via this mode unless they are explicitly allowlisted by the user via `torch.serialization.add_safe_globals`. We recommend you start setting `weights_only=True` for any use case where you don't have full control of the loaded file. Please open an issue on GitHub for any issues related to this experimental feature.
  model.load_state_dict(torch.load(os.path.join(out_dir, 'best_model.pth')))
Final Test MSE (Best Model): 0.0342
Finished. Status: Success
