Starting Run on GPU 3
Time: 2025-12-24 19:30:59

[Run Start] Subject S006 | Mode ['SDA'] | Params: L2.0_LS1.0_LR0.0001_E64_D128_Dr0.3

[Fold 1 - SDA] Train: ['S006_T004', 'S006_T006'], Test: S006_T001, Norm: fixed
/home/sangukchoi/.conda/envs/torch_gpu/lib/python3.10/site-packages/torch/nn/modules/rnn.py:123: UserWarning: dropout option adds dropout after all but last recurrent layer, so non-zero dropout expects num_layers greater than 1, but got dropout=0.3 and num_layers=1
  warnings.warn(
  Ep 1: Train 0.7934 | Val 0.5694 | Test 0.0845
Validation loss decreased (0.569434 --> 0.569434).  Saving model ...
  Ep 2: Train 0.4330 | Val 0.5027 | Test 0.0625
Validation loss decreased (0.502700 --> 0.502700).  Saving model ...
  Ep 3: Train 0.3620 | Val 0.4444 | Test 0.0592
Validation loss decreased (0.444426 --> 0.444426).  Saving model ...
  Ep 4: Train 0.3270 | Val 0.4714 | Test 0.0476
EarlyStopping counter: 1 out of 5
  Ep 5: Train 0.3081 | Val 0.4180 | Test 0.0510
Validation loss decreased (0.418024 --> 0.418024).  Saving model ...
  Ep 6: Train 0.3005 | Val 0.4199 | Test 0.0458
EarlyStopping counter: 1 out of 5
  Ep 7: Train 0.2962 | Val 0.3803 | Test 0.0438
Validation loss decreased (0.380341 --> 0.380341).  Saving model ...
  Ep 8: Train 0.2835 | Val 0.3874 | Test 0.0412
EarlyStopping counter: 1 out of 5
  Ep 9: Train 0.2831 | Val 0.3508 | Test 0.0455
Validation loss decreased (0.350792 --> 0.350792).  Saving model ...
  Ep 10: Train 0.2806 | Val 0.3920 | Test 0.0408
EarlyStopping counter: 1 out of 5
  Ep 11: Train 0.2737 | Val 0.3904 | Test 0.0443
EarlyStopping counter: 2 out of 5
  Ep 12: Train 0.2731 | Val 0.3503 | Test 0.0401
Validation loss decreased (0.350277 --> 0.350277).  Saving model ...
  Ep 13: Train 0.2717 | Val 0.3813 | Test 0.0436
EarlyStopping counter: 1 out of 5
  Ep 14: Train 0.2692 | Val 0.3606 | Test 0.0405
EarlyStopping counter: 2 out of 5
  Ep 15: Train 0.2648 | Val 0.3458 | Test 0.0415
Validation loss decreased (0.345783 --> 0.345783).  Saving model ...
  Ep 16: Train 0.2634 | Val 0.3328 | Test 0.0437
Validation loss decreased (0.332846 --> 0.332846).  Saving model ...
  Ep 17: Train 0.2616 | Val 0.3623 | Test 0.0418
EarlyStopping counter: 1 out of 5
  Ep 18: Train 0.2637 | Val 0.3533 | Test 0.0427
EarlyStopping counter: 2 out of 5
  Ep 19: Train 0.2595 | Val 0.3123 | Test 0.0399
Validation loss decreased (0.312281 --> 0.312281).  Saving model ...
  Ep 20: Train 0.2593 | Val 0.3154 | Test 0.0408
EarlyStopping counter: 1 out of 5
  Ep 21: Train 0.2540 | Val 0.3547 | Test 0.0389
EarlyStopping counter: 2 out of 5
  Ep 22: Train 0.2453 | Val 0.3166 | Test 0.0394
EarlyStopping counter: 3 out of 5
  Ep 23: Train 0.2517 | Val 0.3369 | Test 0.0389
EarlyStopping counter: 4 out of 5
  Ep 24: Train 0.2486 | Val 0.3613 | Test 0.0356
EarlyStopping counter: 5 out of 5
Early stopping triggered!
/home/sangukchoi/Stroke_SDA/sda_training.py:615: FutureWarning: You are using `torch.load` with `weights_only=False` (the current default value), which uses the default pickle module implicitly. It is possible to construct malicious pickle data which will execute arbitrary code during unpickling (See https://github.com/pytorch/pytorch/blob/main/SECURITY.md#untrusted-models for more details). In a future release, the default value for `weights_only` will be flipped to `True`. This limits the functions that could be executed during unpickling. Arbitrary objects will no longer be allowed to be loaded via this mode unless they are explicitly allowlisted by the user via `torch.serialization.add_safe_globals`. We recommend you start setting `weights_only=True` for any use case where you don't have full control of the loaded file. Please open an issue on GitHub for any issues related to this experimental feature.
  model.load_state_dict(torch.load(os.path.join(out_dir, 'best_model.pth')))
Final Test MSE (Best Model): 0.0399
Finished. Status: Success
