Starting Run on GPU 2
Time: 2025-12-24 19:05:19

[Run Start] Subject S006 | Mode ['SDA'] | Params: L1.5_LS1.0_LR0.0001_E64_D64_Dr0.3

[Fold 1 - SDA] Train: ['S006_T004', 'S006_T006'], Test: S006_T001, Norm: fixed
/home/sangukchoi/.conda/envs/torch_gpu/lib/python3.10/site-packages/torch/nn/modules/rnn.py:123: UserWarning: dropout option adds dropout after all but last recurrent layer, so non-zero dropout expects num_layers greater than 1, but got dropout=0.3 and num_layers=1
  warnings.warn(
  Ep 1: Train 0.7100 | Val 0.4676 | Test 0.0757
Validation loss decreased (0.467554 --> 0.467554).  Saving model ...
  Ep 2: Train 0.3255 | Val 0.3981 | Test 0.0533
Validation loss decreased (0.398150 --> 0.398150).  Saving model ...
  Ep 3: Train 0.2829 | Val 0.4199 | Test 0.0414
EarlyStopping counter: 1 out of 5
  Ep 4: Train 0.2628 | Val 0.3875 | Test 0.0420
Validation loss decreased (0.387466 --> 0.387466).  Saving model ...
  Ep 5: Train 0.2504 | Val 0.3635 | Test 0.0367
Validation loss decreased (0.363489 --> 0.363489).  Saving model ...
  Ep 6: Train 0.2371 | Val 0.3355 | Test 0.0358
Validation loss decreased (0.335532 --> 0.335532).  Saving model ...
  Ep 7: Train 0.2295 | Val 0.3067 | Test 0.0377
Validation loss decreased (0.306698 --> 0.306698).  Saving model ...
  Ep 8: Train 0.2224 | Val 0.3122 | Test 0.0346
EarlyStopping counter: 1 out of 5
  Ep 9: Train 0.2199 | Val 0.3142 | Test 0.0372
EarlyStopping counter: 2 out of 5
  Ep 10: Train 0.2135 | Val 0.2899 | Test 0.0373
Validation loss decreased (0.289887 --> 0.289887).  Saving model ...
  Ep 11: Train 0.2112 | Val 0.2917 | Test 0.0369
EarlyStopping counter: 1 out of 5
  Ep 12: Train 0.2104 | Val 0.3056 | Test 0.0359
EarlyStopping counter: 2 out of 5
  Ep 13: Train 0.2058 | Val 0.2646 | Test 0.0361
Validation loss decreased (0.264613 --> 0.264613).  Saving model ...
  Ep 14: Train 0.2066 | Val 0.2926 | Test 0.0353
EarlyStopping counter: 1 out of 5
  Ep 15: Train 0.2070 | Val 0.2773 | Test 0.0349
EarlyStopping counter: 2 out of 5
  Ep 16: Train 0.2023 | Val 0.2704 | Test 0.0357
EarlyStopping counter: 3 out of 5
  Ep 17: Train 0.2002 | Val 0.2797 | Test 0.0314
EarlyStopping counter: 4 out of 5
  Ep 18: Train 0.1971 | Val 0.2711 | Test 0.0321
EarlyStopping counter: 5 out of 5
Early stopping triggered!
/home/sangukchoi/Stroke_SDA/sda_training.py:615: FutureWarning: You are using `torch.load` with `weights_only=False` (the current default value), which uses the default pickle module implicitly. It is possible to construct malicious pickle data which will execute arbitrary code during unpickling (See https://github.com/pytorch/pytorch/blob/main/SECURITY.md#untrusted-models for more details). In a future release, the default value for `weights_only` will be flipped to `True`. This limits the functions that could be executed during unpickling. Arbitrary objects will no longer be allowed to be loaded via this mode unless they are explicitly allowlisted by the user via `torch.serialization.add_safe_globals`. We recommend you start setting `weights_only=True` for any use case where you don't have full control of the loaded file. Please open an issue on GitHub for any issues related to this experimental feature.
  model.load_state_dict(torch.load(os.path.join(out_dir, 'best_model.pth')))
Final Test MSE (Best Model): 0.0361
Finished. Status: Success
