Starting Run on GPU 0
Time: 2025-12-24 19:01:38

[Run Start] Subject S006 | Mode ['SDA'] | Params: L1.5_LS0.7_LR0.0001_E256_D128_Dr0.3

[Fold 1 - SDA] Train: ['S006_T004', 'S006_T006'], Test: S006_T001, Norm: fixed
/home/sangukchoi/.conda/envs/torch_gpu/lib/python3.10/site-packages/torch/nn/modules/rnn.py:123: UserWarning: dropout option adds dropout after all but last recurrent layer, so non-zero dropout expects num_layers greater than 1, but got dropout=0.3 and num_layers=1
  warnings.warn(
  Ep 1: Train 0.3932 | Val 0.3995 | Test 0.0481
Validation loss decreased (0.399474 --> 0.399474).  Saving model ...
  Ep 2: Train 0.2342 | Val 0.3170 | Test 0.0393
Validation loss decreased (0.316963 --> 0.316963).  Saving model ...
  Ep 3: Train 0.2135 | Val 0.3027 | Test 0.0606
Validation loss decreased (0.302701 --> 0.302701).  Saving model ...
  Ep 4: Train 0.2035 | Val 0.2761 | Test 0.0384
Validation loss decreased (0.276090 --> 0.276090).  Saving model ...
  Ep 5: Train 0.1981 | Val 0.2452 | Test 0.0372
Validation loss decreased (0.245189 --> 0.245189).  Saving model ...
  Ep 6: Train 0.1919 | Val 0.2568 | Test 0.0614
EarlyStopping counter: 1 out of 5
  Ep 7: Train 0.1892 | Val 0.2781 | Test 0.0334
EarlyStopping counter: 2 out of 5
  Ep 8: Train 0.1882 | Val 0.2390 | Test 0.0300
Validation loss decreased (0.239021 --> 0.239021).  Saving model ...
  Ep 9: Train 0.1850 | Val 0.2650 | Test 0.0346
EarlyStopping counter: 1 out of 5
  Ep 10: Train 0.1782 | Val 0.2502 | Test 0.0369
EarlyStopping counter: 2 out of 5
  Ep 11: Train 0.1793 | Val 0.2223 | Test 0.0366
Validation loss decreased (0.222299 --> 0.222299).  Saving model ...
  Ep 12: Train 0.2736 | Val 0.2748 | Test 0.0400
EarlyStopping counter: 1 out of 5
  Ep 13: Train 0.1794 | Val 0.2384 | Test 0.0367
EarlyStopping counter: 2 out of 5
  Ep 14: Train 0.1721 | Val 0.2533 | Test 0.0304
EarlyStopping counter: 3 out of 5
  Ep 15: Train 0.1703 | Val 0.2272 | Test 0.0367
EarlyStopping counter: 4 out of 5
  Ep 16: Train 0.1683 | Val 0.2586 | Test 0.0354
EarlyStopping counter: 5 out of 5
Early stopping triggered!
/home/sangukchoi/Stroke_SDA/sda_training.py:615: FutureWarning: You are using `torch.load` with `weights_only=False` (the current default value), which uses the default pickle module implicitly. It is possible to construct malicious pickle data which will execute arbitrary code during unpickling (See https://github.com/pytorch/pytorch/blob/main/SECURITY.md#untrusted-models for more details). In a future release, the default value for `weights_only` will be flipped to `True`. This limits the functions that could be executed during unpickling. Arbitrary objects will no longer be allowed to be loaded via this mode unless they are explicitly allowlisted by the user via `torch.serialization.add_safe_globals`. We recommend you start setting `weights_only=True` for any use case where you don't have full control of the loaded file. Please open an issue on GitHub for any issues related to this experimental feature.
  model.load_state_dict(torch.load(os.path.join(out_dir, 'best_model.pth')))
Final Test MSE (Best Model): 0.0366
Finished. Status: Success
