Starting Run on GPU 2
Time: 2025-12-24 20:07:30

[Run Start] Subject S006 | Mode ['SDA'] | Params: L2.5_LS0.7_LR0.0001_E64_D64_Dr0.3

[Fold 1 - SDA] Train: ['S006_T004', 'S006_T006'], Test: S006_T001, Norm: fixed
/home/sangukchoi/.conda/envs/torch_gpu/lib/python3.10/site-packages/torch/nn/modules/rnn.py:123: UserWarning: dropout option adds dropout after all but last recurrent layer, so non-zero dropout expects num_layers greater than 1, but got dropout=0.3 and num_layers=1
  warnings.warn(
  Ep 1: Train 0.8491 | Val 0.6904 | Test 0.1266
Validation loss decreased (0.690390 --> 0.690390).  Saving model ...
  Ep 2: Train 0.5064 | Val 0.6063 | Test 0.0767
Validation loss decreased (0.606306 --> 0.606306).  Saving model ...
  Ep 3: Train 0.4356 | Val 0.6071 | Test 0.0637
EarlyStopping counter: 1 out of 5
  Ep 4: Train 0.4041 | Val 0.6529 | Test 0.0596
EarlyStopping counter: 2 out of 5
  Ep 5: Train 0.3831 | Val 0.5496 | Test 0.0538
Validation loss decreased (0.549566 --> 0.549566).  Saving model ...
  Ep 6: Train 0.3676 | Val 0.5671 | Test 0.0509
EarlyStopping counter: 1 out of 5
  Ep 7: Train 0.3519 | Val 0.5593 | Test 0.0445
EarlyStopping counter: 2 out of 5
  Ep 8: Train 0.3390 | Val 0.4786 | Test 0.0522
Validation loss decreased (0.478588 --> 0.478588).  Saving model ...
  Ep 9: Train 0.3322 | Val 0.5287 | Test 0.0479
EarlyStopping counter: 1 out of 5
  Ep 10: Train 0.3262 | Val 0.5194 | Test 0.0465
EarlyStopping counter: 2 out of 5
  Ep 11: Train 0.3158 | Val 0.5057 | Test 0.0455
EarlyStopping counter: 3 out of 5
  Ep 12: Train 0.3129 | Val 0.4723 | Test 0.0396
Validation loss decreased (0.472332 --> 0.472332).  Saving model ...
  Ep 13: Train 0.3038 | Val 0.4930 | Test 0.0411
EarlyStopping counter: 1 out of 5
  Ep 14: Train 0.3014 | Val 0.4708 | Test 0.0424
Validation loss decreased (0.470827 --> 0.470827).  Saving model ...
  Ep 15: Train 0.2946 | Val 0.4920 | Test 0.0448
EarlyStopping counter: 1 out of 5
  Ep 16: Train 0.2946 | Val 0.4869 | Test 0.0466
EarlyStopping counter: 2 out of 5
  Ep 17: Train 0.2921 | Val 0.4436 | Test 0.0389
Validation loss decreased (0.443611 --> 0.443611).  Saving model ...
  Ep 18: Train 0.2902 | Val 0.4368 | Test 0.0403
Validation loss decreased (0.436803 --> 0.436803).  Saving model ...
  Ep 19: Train 0.2855 | Val 0.4401 | Test 0.0495
EarlyStopping counter: 1 out of 5
  Ep 20: Train 0.2877 | Val 0.4180 | Test 0.0440
Validation loss decreased (0.417987 --> 0.417987).  Saving model ...
  Ep 21: Train 0.2872 | Val 0.4540 | Test 0.0429
EarlyStopping counter: 1 out of 5
  Ep 22: Train 0.2847 | Val 0.4375 | Test 0.0448
EarlyStopping counter: 2 out of 5
  Ep 23: Train 0.2785 | Val 0.4430 | Test 0.0334
EarlyStopping counter: 3 out of 5
  Ep 24: Train 0.2723 | Val 0.4062 | Test 0.0374
Validation loss decreased (0.406176 --> 0.406176).  Saving model ...
  Ep 25: Train 0.2746 | Val 0.4434 | Test 0.0423
EarlyStopping counter: 1 out of 5
  Ep 26: Train 0.2779 | Val 0.4152 | Test 0.0395
EarlyStopping counter: 2 out of 5
  Ep 27: Train 0.2733 | Val 0.4372 | Test 0.0395
EarlyStopping counter: 3 out of 5
  Ep 28: Train 0.2750 | Val 0.4356 | Test 0.0462
EarlyStopping counter: 4 out of 5
  Ep 29: Train 0.2651 | Val 0.4667 | Test 0.0634
EarlyStopping counter: 5 out of 5
Early stopping triggered!
/home/sangukchoi/Stroke_SDA/sda_training.py:615: FutureWarning: You are using `torch.load` with `weights_only=False` (the current default value), which uses the default pickle module implicitly. It is possible to construct malicious pickle data which will execute arbitrary code during unpickling (See https://github.com/pytorch/pytorch/blob/main/SECURITY.md#untrusted-models for more details). In a future release, the default value for `weights_only` will be flipped to `True`. This limits the functions that could be executed during unpickling. Arbitrary objects will no longer be allowed to be loaded via this mode unless they are explicitly allowlisted by the user via `torch.serialization.add_safe_globals`. We recommend you start setting `weights_only=True` for any use case where you don't have full control of the loaded file. Please open an issue on GitHub for any issues related to this experimental feature.
  model.load_state_dict(torch.load(os.path.join(out_dir, 'best_model.pth')))
Final Test MSE (Best Model): 0.0374
Finished. Status: Success
