Starting Run on GPU 0
Time: 2025-12-24 20:47:16

[Run Start] Subject S006 | Mode ['SDA'] | Params: L3.0_LS0.5_LR0.0001_E128_D32_Dr0.3

[Fold 1 - SDA] Train: ['S006_T004', 'S006_T006'], Test: S006_T001, Norm: fixed
/home/sangukchoi/.conda/envs/torch_gpu/lib/python3.10/site-packages/torch/nn/modules/rnn.py:123: UserWarning: dropout option adds dropout after all but last recurrent layer, so non-zero dropout expects num_layers greater than 1, but got dropout=0.3 and num_layers=1
  warnings.warn(
  Ep 1: Train 0.8676 | Val 0.9017 | Test 0.1869
Validation loss decreased (0.901687 --> 0.901687).  Saving model ...
  Ep 2: Train 0.6166 | Val 0.8580 | Test 0.1379
Validation loss decreased (0.858035 --> 0.858035).  Saving model ...
  Ep 3: Train 0.5119 | Val 0.6124 | Test 0.0697
Validation loss decreased (0.612407 --> 0.612407).  Saving model ...
  Ep 4: Train 0.4630 | Val 0.5317 | Test 0.0730
Validation loss decreased (0.531705 --> 0.531705).  Saving model ...
  Ep 5: Train 0.4307 | Val 0.5525 | Test 0.0629
EarlyStopping counter: 1 out of 5
  Ep 6: Train 0.4131 | Val 0.6500 | Test 0.0576
EarlyStopping counter: 2 out of 5
  Ep 7: Train 0.4078 | Val 0.5745 | Test 0.0664
EarlyStopping counter: 3 out of 5
  Ep 8: Train 0.4005 | Val 0.5449 | Test 0.0521
EarlyStopping counter: 4 out of 5
  Ep 9: Train 0.3853 | Val 0.5609 | Test 0.0543
EarlyStopping counter: 5 out of 5
Early stopping triggered!
/home/sangukchoi/Stroke_SDA/sda_training.py:615: FutureWarning: You are using `torch.load` with `weights_only=False` (the current default value), which uses the default pickle module implicitly. It is possible to construct malicious pickle data which will execute arbitrary code during unpickling (See https://github.com/pytorch/pytorch/blob/main/SECURITY.md#untrusted-models for more details). In a future release, the default value for `weights_only` will be flipped to `True`. This limits the functions that could be executed during unpickling. Arbitrary objects will no longer be allowed to be loaded via this mode unless they are explicitly allowlisted by the user via `torch.serialization.add_safe_globals`. We recommend you start setting `weights_only=True` for any use case where you don't have full control of the loaded file. Please open an issue on GitHub for any issues related to this experimental feature.
  model.load_state_dict(torch.load(os.path.join(out_dir, 'best_model.pth')))
Final Test MSE (Best Model): 0.0730
Finished. Status: Success
