Starting Run on GPU 3
Time: 2025-12-24 21:09:15

[Run Start] Subject S006 | Mode ['SDA'] | Params: L3.0_LS1.0_LR0.0001_E128_D32_Dr0.3

[Fold 1 - SDA] Train: ['S006_T004', 'S006_T006'], Test: S006_T001, Norm: fixed
/home/sangukchoi/.conda/envs/torch_gpu/lib/python3.10/site-packages/torch/nn/modules/rnn.py:123: UserWarning: dropout option adds dropout after all but last recurrent layer, so non-zero dropout expects num_layers greater than 1, but got dropout=0.3 and num_layers=1
  warnings.warn(
  Ep 1: Train 0.9092 | Val 0.9610 | Test 0.1375
Validation loss decreased (0.961023 --> 0.961023).  Saving model ...
  Ep 2: Train 0.5564 | Val 0.7469 | Test 0.0667
Validation loss decreased (0.746905 --> 0.746905).  Saving model ...
  Ep 3: Train 0.4368 | Val 0.5824 | Test 0.0555
Validation loss decreased (0.582367 --> 0.582367).  Saving model ...
  Ep 4: Train 0.4088 | Val 0.5916 | Test 0.0485
EarlyStopping counter: 1 out of 5
  Ep 5: Train 0.3929 | Val 0.5251 | Test 0.0530
Validation loss decreased (0.525057 --> 0.525057).  Saving model ...
  Ep 6: Train 0.3832 | Val 0.5475 | Test 0.0432
EarlyStopping counter: 1 out of 5
  Ep 7: Train 0.3704 | Val 0.5103 | Test 0.0460
Validation loss decreased (0.510295 --> 0.510295).  Saving model ...
  Ep 8: Train 0.3647 | Val 0.5081 | Test 0.0485
Validation loss decreased (0.508129 --> 0.508129).  Saving model ...
  Ep 9: Train 0.3607 | Val 0.4903 | Test 0.0495
Validation loss decreased (0.490335 --> 0.490335).  Saving model ...
  Ep 10: Train 0.3516 | Val 0.5541 | Test 0.0546
EarlyStopping counter: 1 out of 5
  Ep 11: Train 0.3485 | Val 0.4883 | Test 0.0429
Validation loss decreased (0.488260 --> 0.488260).  Saving model ...
  Ep 12: Train 0.3451 | Val 0.5052 | Test 0.0523
EarlyStopping counter: 1 out of 5
  Ep 13: Train 0.3397 | Val 0.4884 | Test 0.0395
EarlyStopping counter: 2 out of 5
  Ep 14: Train 0.3239 | Val 0.5591 | Test 0.0433
EarlyStopping counter: 3 out of 5
  Ep 15: Train 0.3336 | Val 0.5375 | Test 0.0468
EarlyStopping counter: 4 out of 5
  Ep 16: Train 0.3362 | Val 0.4770 | Test 0.0550
Validation loss decreased (0.476955 --> 0.476955).  Saving model ...
  Ep 17: Train 0.3248 | Val 0.4692 | Test 0.0398
Validation loss decreased (0.469239 --> 0.469239).  Saving model ...
  Ep 18: Train 0.3249 | Val 0.4935 | Test 0.0390
EarlyStopping counter: 1 out of 5
  Ep 19: Train 0.3309 | Val 0.4532 | Test 0.0367
Validation loss decreased (0.453181 --> 0.453181).  Saving model ...
  Ep 20: Train 0.3261 | Val 0.5120 | Test 0.0380
EarlyStopping counter: 1 out of 5
  Ep 21: Train 0.3245 | Val 0.4708 | Test 0.0342
EarlyStopping counter: 2 out of 5
  Ep 22: Train 0.3188 | Val 0.4531 | Test 0.0352
EarlyStopping counter: 3 out of 5
  Ep 23: Train 0.3108 | Val 0.4734 | Test 0.0317
EarlyStopping counter: 4 out of 5
  Ep 24: Train 0.3125 | Val 0.4452 | Test 0.0422
Validation loss decreased (0.445223 --> 0.445223).  Saving model ...
  Ep 25: Train 0.3063 | Val 0.4790 | Test 0.0374
EarlyStopping counter: 1 out of 5
  Ep 26: Train 0.3057 | Val 0.4686 | Test 0.0388
EarlyStopping counter: 2 out of 5
  Ep 27: Train 0.3035 | Val 0.4822 | Test 0.0381
EarlyStopping counter: 3 out of 5
  Ep 28: Train 0.3056 | Val 0.4812 | Test 0.0310
EarlyStopping counter: 4 out of 5
  Ep 29: Train 0.3050 | Val 0.5217 | Test 0.0362
EarlyStopping counter: 5 out of 5
Early stopping triggered!
/home/sangukchoi/Stroke_SDA/sda_training.py:615: FutureWarning: You are using `torch.load` with `weights_only=False` (the current default value), which uses the default pickle module implicitly. It is possible to construct malicious pickle data which will execute arbitrary code during unpickling (See https://github.com/pytorch/pytorch/blob/main/SECURITY.md#untrusted-models for more details). In a future release, the default value for `weights_only` will be flipped to `True`. This limits the functions that could be executed during unpickling. Arbitrary objects will no longer be allowed to be loaded via this mode unless they are explicitly allowlisted by the user via `torch.serialization.add_safe_globals`. We recommend you start setting `weights_only=True` for any use case where you don't have full control of the loaded file. Please open an issue on GitHub for any issues related to this experimental feature.
  model.load_state_dict(torch.load(os.path.join(out_dir, 'best_model.pth')))
Final Test MSE (Best Model): 0.0422
Finished. Status: Success
