Starting Run on GPU 2
Time: 2025-12-24 20:49:48

[Run Start] Subject S006 | Mode ['SDA'] | Params: L3.0_LS0.5_LR0.0001_E128_D128_Dr0.3

[Fold 1 - SDA] Train: ['S006_T004', 'S006_T006'], Test: S006_T001, Norm: fixed
/home/sangukchoi/.conda/envs/torch_gpu/lib/python3.10/site-packages/torch/nn/modules/rnn.py:123: UserWarning: dropout option adds dropout after all but last recurrent layer, so non-zero dropout expects num_layers greater than 1, but got dropout=0.3 and num_layers=1
  warnings.warn(
  Ep 1: Train 0.7415 | Val 0.8281 | Test 0.1392
Validation loss decreased (0.828119 --> 0.828119).  Saving model ...
  Ep 2: Train 0.5598 | Val 0.7544 | Test 0.1047
Validation loss decreased (0.754396 --> 0.754396).  Saving model ...
  Ep 3: Train 0.4682 | Val 0.7431 | Test 0.0763
Validation loss decreased (0.743098 --> 0.743098).  Saving model ...
  Ep 4: Train 0.4017 | Val 0.5803 | Test 0.0650
Validation loss decreased (0.580253 --> 0.580253).  Saving model ...
  Ep 5: Train 0.3779 | Val 0.6107 | Test 0.0552
EarlyStopping counter: 1 out of 5
  Ep 6: Train 0.3679 | Val 0.5655 | Test 0.0514
Validation loss decreased (0.565475 --> 0.565475).  Saving model ...
  Ep 7: Train 0.3568 | Val 0.5784 | Test 0.0518
EarlyStopping counter: 1 out of 5
  Ep 8: Train 0.3492 | Val 0.5940 | Test 0.0507
EarlyStopping counter: 2 out of 5
  Ep 9: Train 0.3438 | Val 0.5554 | Test 0.0535
Validation loss decreased (0.555416 --> 0.555416).  Saving model ...
  Ep 10: Train 0.3501 | Val 0.5997 | Test 0.0478
EarlyStopping counter: 1 out of 5
  Ep 11: Train 0.3469 | Val 0.5246 | Test 0.0474
Validation loss decreased (0.524556 --> 0.524556).  Saving model ...
  Ep 12: Train 0.3462 | Val 0.5096 | Test 0.0583
Validation loss decreased (0.509616 --> 0.509616).  Saving model ...
  Ep 13: Train 0.3350 | Val 0.5845 | Test 0.0665
EarlyStopping counter: 1 out of 5
  Ep 14: Train 0.3261 | Val 0.5648 | Test 0.0446
EarlyStopping counter: 2 out of 5
  Ep 15: Train 0.3311 | Val 0.4724 | Test 0.0542
Validation loss decreased (0.472448 --> 0.472448).  Saving model ...
  Ep 16: Train 0.3219 | Val 0.5058 | Test 0.0472
EarlyStopping counter: 1 out of 5
  Ep 17: Train 0.3250 | Val 0.5006 | Test 0.0401
EarlyStopping counter: 2 out of 5
  Ep 18: Train 0.3289 | Val 0.4888 | Test 0.0470
EarlyStopping counter: 3 out of 5
  Ep 19: Train 0.3211 | Val 0.5507 | Test 0.0506
EarlyStopping counter: 4 out of 5
  Ep 20: Train 0.3124 | Val 0.4893 | Test 0.0524
EarlyStopping counter: 5 out of 5
Early stopping triggered!
/home/sangukchoi/Stroke_SDA/sda_training.py:615: FutureWarning: You are using `torch.load` with `weights_only=False` (the current default value), which uses the default pickle module implicitly. It is possible to construct malicious pickle data which will execute arbitrary code during unpickling (See https://github.com/pytorch/pytorch/blob/main/SECURITY.md#untrusted-models for more details). In a future release, the default value for `weights_only` will be flipped to `True`. This limits the functions that could be executed during unpickling. Arbitrary objects will no longer be allowed to be loaded via this mode unless they are explicitly allowlisted by the user via `torch.serialization.add_safe_globals`. We recommend you start setting `weights_only=True` for any use case where you don't have full control of the loaded file. Please open an issue on GitHub for any issues related to this experimental feature.
  model.load_state_dict(torch.load(os.path.join(out_dir, 'best_model.pth')))
Final Test MSE (Best Model): 0.0542
Finished. Status: Success
