Starting Run on GPU 2
Time: 2025-12-24 18:57:57

[Run Start] Subject S006 | Mode ['SDA'] | Params: L1.5_LS0.7_LR0.0001_E128_D128_Dr0.3

[Fold 1 - SDA] Train: ['S006_T004', 'S006_T006'], Test: S006_T001, Norm: fixed
/home/sangukchoi/.conda/envs/torch_gpu/lib/python3.10/site-packages/torch/nn/modules/rnn.py:123: UserWarning: dropout option adds dropout after all but last recurrent layer, so non-zero dropout expects num_layers greater than 1, but got dropout=0.3 and num_layers=1
  warnings.warn(
  Ep 1: Train 0.4341 | Val 0.3665 | Test 0.0562
Validation loss decreased (0.366549 --> 0.366549).  Saving model ...
  Ep 2: Train 0.2503 | Val 0.3246 | Test 0.0445
Validation loss decreased (0.324584 --> 0.324584).  Saving model ...
  Ep 3: Train 0.2318 | Val 0.3259 | Test 0.0518
EarlyStopping counter: 1 out of 5
  Ep 4: Train 0.2191 | Val 0.3300 | Test 0.0453
EarlyStopping counter: 2 out of 5
  Ep 5: Train 0.2123 | Val 0.2932 | Test 0.0523
Validation loss decreased (0.293179 --> 0.293179).  Saving model ...
  Ep 6: Train 0.2046 | Val 0.2738 | Test 0.0433
Validation loss decreased (0.273780 --> 0.273780).  Saving model ...
  Ep 7: Train 0.1981 | Val 0.2740 | Test 0.0386
EarlyStopping counter: 1 out of 5
  Ep 8: Train 0.1936 | Val 0.2689 | Test 0.0383
Validation loss decreased (0.268862 --> 0.268862).  Saving model ...
  Ep 9: Train 0.1901 | Val 0.2606 | Test 0.0413
Validation loss decreased (0.260611 --> 0.260611).  Saving model ...
  Ep 10: Train 0.1919 | Val 0.2498 | Test 0.0383
Validation loss decreased (0.249827 --> 0.249827).  Saving model ...
  Ep 11: Train 0.1903 | Val 0.2853 | Test 0.0317
EarlyStopping counter: 1 out of 5
  Ep 12: Train 0.1859 | Val 0.2383 | Test 0.0366
Validation loss decreased (0.238268 --> 0.238268).  Saving model ...
  Ep 13: Train 0.1826 | Val 0.2457 | Test 0.0348
EarlyStopping counter: 1 out of 5
  Ep 14: Train 0.1821 | Val 0.2496 | Test 0.0318
EarlyStopping counter: 2 out of 5
  Ep 15: Train 0.1830 | Val 0.2457 | Test 0.0368
EarlyStopping counter: 3 out of 5
  Ep 16: Train 0.1795 | Val 0.2389 | Test 0.0360
EarlyStopping counter: 4 out of 5
  Ep 17: Train 0.1773 | Val 0.2370 | Test 0.0406
Validation loss decreased (0.236968 --> 0.236968).  Saving model ...
  Ep 18: Train 0.1729 | Val 0.2754 | Test 0.0355
EarlyStopping counter: 1 out of 5
  Ep 19: Train 0.1734 | Val 0.2519 | Test 0.0362
EarlyStopping counter: 2 out of 5
  Ep 20: Train 0.1762 | Val 0.2577 | Test 0.0304
EarlyStopping counter: 3 out of 5
  Ep 21: Train 0.1709 | Val 0.2449 | Test 0.0283
EarlyStopping counter: 4 out of 5
  Ep 22: Train 0.1707 | Val 0.2324 | Test 0.0341
Validation loss decreased (0.232418 --> 0.232418).  Saving model ...
  Ep 23: Train 0.1710 | Val 0.2353 | Test 0.0289
EarlyStopping counter: 1 out of 5
  Ep 24: Train 0.1638 | Val 0.2613 | Test 0.0296
EarlyStopping counter: 2 out of 5
  Ep 25: Train 0.1667 | Val 0.2499 | Test 0.0276
EarlyStopping counter: 3 out of 5
  Ep 26: Train 0.1657 | Val 0.2553 | Test 0.0265
EarlyStopping counter: 4 out of 5
  Ep 27: Train 0.1655 | Val 0.2521 | Test 0.0318
EarlyStopping counter: 5 out of 5
Early stopping triggered!
/home/sangukchoi/Stroke_SDA/sda_training.py:615: FutureWarning: You are using `torch.load` with `weights_only=False` (the current default value), which uses the default pickle module implicitly. It is possible to construct malicious pickle data which will execute arbitrary code during unpickling (See https://github.com/pytorch/pytorch/blob/main/SECURITY.md#untrusted-models for more details). In a future release, the default value for `weights_only` will be flipped to `True`. This limits the functions that could be executed during unpickling. Arbitrary objects will no longer be allowed to be loaded via this mode unless they are explicitly allowlisted by the user via `torch.serialization.add_safe_globals`. We recommend you start setting `weights_only=True` for any use case where you don't have full control of the loaded file. Please open an issue on GitHub for any issues related to this experimental feature.
  model.load_state_dict(torch.load(os.path.join(out_dir, 'best_model.pth')))
Final Test MSE (Best Model): 0.0341
Finished. Status: Success
