Starting Run on GPU 0
Time: 2025-12-24 18:46:47

[Run Start] Subject S006 | Mode ['SDA'] | Params: L1.0_LS1.0_LR0.0001_E128_D64_Dr0.3

[Fold 1 - SDA] Train: ['S006_T004', 'S006_T006'], Test: S006_T001, Norm: fixed
/home/sangukchoi/.conda/envs/torch_gpu/lib/python3.10/site-packages/torch/nn/modules/rnn.py:123: UserWarning: dropout option adds dropout after all but last recurrent layer, so non-zero dropout expects num_layers greater than 1, but got dropout=0.3 and num_layers=1
  warnings.warn(
  Ep 1: Train 0.4302 | Val 0.3146 | Test 0.0579
Validation loss decreased (0.314632 --> 0.314632).  Saving model ...
  Ep 2: Train 0.2012 | Val 0.2381 | Test 0.0416
Validation loss decreased (0.238097 --> 0.238097).  Saving model ...
  Ep 3: Train 0.1753 | Val 0.2160 | Test 0.0378
Validation loss decreased (0.215968 --> 0.215968).  Saving model ...
  Ep 4: Train 0.1673 | Val 0.2133 | Test 0.0417
Validation loss decreased (0.213263 --> 0.213263).  Saving model ...
  Ep 5: Train 0.1593 | Val 0.1987 | Test 0.0342
Validation loss decreased (0.198663 --> 0.198663).  Saving model ...
  Ep 6: Train 0.1534 | Val 0.1966 | Test 0.0353
Validation loss decreased (0.196627 --> 0.196627).  Saving model ...
  Ep 7: Train 0.1497 | Val 0.2009 | Test 0.0438
EarlyStopping counter: 1 out of 5
  Ep 8: Train 0.1459 | Val 0.2064 | Test 0.0333
EarlyStopping counter: 2 out of 5
  Ep 9: Train 0.1460 | Val 0.1884 | Test 0.0303
Validation loss decreased (0.188411 --> 0.188411).  Saving model ...
  Ep 10: Train 0.1441 | Val 0.1905 | Test 0.0340
EarlyStopping counter: 1 out of 5
  Ep 11: Train 0.1407 | Val 0.1913 | Test 0.0298
EarlyStopping counter: 2 out of 5
  Ep 12: Train 0.1402 | Val 0.1842 | Test 0.0294
Validation loss decreased (0.184183 --> 0.184183).  Saving model ...
  Ep 13: Train 0.1389 | Val 0.1859 | Test 0.0335
EarlyStopping counter: 1 out of 5
  Ep 14: Train 0.1398 | Val 0.1584 | Test 0.0312
Validation loss decreased (0.158353 --> 0.158353).  Saving model ...
  Ep 15: Train 0.1399 | Val 0.1692 | Test 0.0291
EarlyStopping counter: 1 out of 5
  Ep 16: Train 0.1390 | Val 0.1756 | Test 0.0326
EarlyStopping counter: 2 out of 5
  Ep 17: Train 0.1346 | Val 0.1800 | Test 0.0321
EarlyStopping counter: 3 out of 5
  Ep 18: Train 0.1349 | Val 0.1826 | Test 0.0301
EarlyStopping counter: 4 out of 5
  Ep 19: Train 0.1339 | Val 0.1655 | Test 0.0334
EarlyStopping counter: 5 out of 5
Early stopping triggered!
/home/sangukchoi/Stroke_SDA/sda_training.py:615: FutureWarning: You are using `torch.load` with `weights_only=False` (the current default value), which uses the default pickle module implicitly. It is possible to construct malicious pickle data which will execute arbitrary code during unpickling (See https://github.com/pytorch/pytorch/blob/main/SECURITY.md#untrusted-models for more details). In a future release, the default value for `weights_only` will be flipped to `True`. This limits the functions that could be executed during unpickling. Arbitrary objects will no longer be allowed to be loaded via this mode unless they are explicitly allowlisted by the user via `torch.serialization.add_safe_globals`. We recommend you start setting `weights_only=True` for any use case where you don't have full control of the loaded file. Please open an issue on GitHub for any issues related to this experimental feature.
  model.load_state_dict(torch.load(os.path.join(out_dir, 'best_model.pth')))
Final Test MSE (Best Model): 0.0312
Finished. Status: Success
