Starting Run on GPU 2
Time: 2025-12-24 18:24:19

[Run Start] Subject S006 | Mode ['SDA'] | Params: L0.5_LS1.0_LR0.0001_E128_D64_Dr0.3

[Fold 1 - SDA] Train: ['S006_T004', 'S006_T006'], Test: S006_T001, Norm: fixed
/home/sangukchoi/.conda/envs/torch_gpu/lib/python3.10/site-packages/torch/nn/modules/rnn.py:123: UserWarning: dropout option adds dropout after all but last recurrent layer, so non-zero dropout expects num_layers greater than 1, but got dropout=0.3 and num_layers=1
  warnings.warn(
  Ep 1: Train 0.3091 | Val 0.1759 | Test 0.0413
Validation loss decreased (0.175929 --> 0.175929).  Saving model ...
  Ep 2: Train 0.1300 | Val 0.1238 | Test 0.0385
Validation loss decreased (0.123778 --> 0.123778).  Saving model ...
  Ep 3: Train 0.1107 | Val 0.1171 | Test 0.0443
Validation loss decreased (0.117070 --> 0.117070).  Saving model ...
  Ep 4: Train 0.1029 | Val 0.1156 | Test 0.0349
Validation loss decreased (0.115552 --> 0.115552).  Saving model ...
  Ep 5: Train 0.0969 | Val 0.1161 | Test 0.0364
EarlyStopping counter: 1 out of 5
  Ep 6: Train 0.0946 | Val 0.1029 | Test 0.0317
Validation loss decreased (0.102878 --> 0.102878).  Saving model ...
  Ep 7: Train 0.0922 | Val 0.0980 | Test 0.0321
Validation loss decreased (0.097986 --> 0.097986).  Saving model ...
  Ep 8: Train 0.0901 | Val 0.1083 | Test 0.0280
EarlyStopping counter: 1 out of 5
  Ep 9: Train 0.0875 | Val 0.1015 | Test 0.0278
EarlyStopping counter: 2 out of 5
  Ep 10: Train 0.0875 | Val 0.0920 | Test 0.0292
Validation loss decreased (0.092047 --> 0.092047).  Saving model ...
  Ep 11: Train 0.0871 | Val 0.1026 | Test 0.0273
EarlyStopping counter: 1 out of 5
  Ep 12: Train 0.0857 | Val 0.0992 | Test 0.0277
EarlyStopping counter: 2 out of 5
  Ep 13: Train 0.0844 | Val 0.0983 | Test 0.0310
EarlyStopping counter: 3 out of 5
  Ep 14: Train 0.0855 | Val 0.0975 | Test 0.0331
EarlyStopping counter: 4 out of 5
  Ep 15: Train 0.0830 | Val 0.0931 | Test 0.0324
EarlyStopping counter: 5 out of 5
Early stopping triggered!
/home/sangukchoi/Stroke_SDA/sda_training.py:615: FutureWarning: You are using `torch.load` with `weights_only=False` (the current default value), which uses the default pickle module implicitly. It is possible to construct malicious pickle data which will execute arbitrary code during unpickling (See https://github.com/pytorch/pytorch/blob/main/SECURITY.md#untrusted-models for more details). In a future release, the default value for `weights_only` will be flipped to `True`. This limits the functions that could be executed during unpickling. Arbitrary objects will no longer be allowed to be loaded via this mode unless they are explicitly allowlisted by the user via `torch.serialization.add_safe_globals`. We recommend you start setting `weights_only=True` for any use case where you don't have full control of the loaded file. Please open an issue on GitHub for any issues related to this experimental feature.
  model.load_state_dict(torch.load(os.path.join(out_dir, 'best_model.pth')))
Final Test MSE (Best Model): 0.0292
Finished. Status: Success
