Starting Run on GPU 1
Time: 2025-12-24 20:28:14

[Run Start] Subject S006 | Mode ['SDA'] | Params: L2.5_LS1.0_LR0.0001_E128_D128_Dr0.3

[Fold 1 - SDA] Train: ['S006_T004', 'S006_T006'], Test: S006_T001, Norm: fixed
/home/sangukchoi/.conda/envs/torch_gpu/lib/python3.10/site-packages/torch/nn/modules/rnn.py:123: UserWarning: dropout option adds dropout after all but last recurrent layer, so non-zero dropout expects num_layers greater than 1, but got dropout=0.3 and num_layers=1
  warnings.warn(
  Ep 1: Train 0.6841 | Val 0.6920 | Test 0.0767
Validation loss decreased (0.691974 --> 0.691974).  Saving model ...
  Ep 2: Train 0.4260 | Val 0.5751 | Test 0.0605
Validation loss decreased (0.575061 --> 0.575061).  Saving model ...
  Ep 3: Train 0.3776 | Val 0.5324 | Test 0.0669
Validation loss decreased (0.532448 --> 0.532448).  Saving model ...
  Ep 4: Train 0.3542 | Val 0.5670 | Test 0.0532
EarlyStopping counter: 1 out of 5
  Ep 5: Train 0.3461 | Val 0.5404 | Test 0.0531
EarlyStopping counter: 2 out of 5
  Ep 6: Train 0.3393 | Val 0.5039 | Test 0.0465
Validation loss decreased (0.503871 --> 0.503871).  Saving model ...
  Ep 7: Train 0.3314 | Val 0.4609 | Test 0.0489
Validation loss decreased (0.460854 --> 0.460854).  Saving model ...
  Ep 8: Train 0.3277 | Val 0.5492 | Test 0.0389
EarlyStopping counter: 1 out of 5
  Ep 9: Train 0.3202 | Val 0.4297 | Test 0.0502
Validation loss decreased (0.429688 --> 0.429688).  Saving model ...
  Ep 10: Train 0.3175 | Val 0.4681 | Test 0.0533
EarlyStopping counter: 1 out of 5
  Ep 11: Train 0.3211 | Val 0.4826 | Test 0.0427
EarlyStopping counter: 2 out of 5
  Ep 12: Train 0.3099 | Val 0.4417 | Test 0.0424
EarlyStopping counter: 3 out of 5
  Ep 13: Train 0.3058 | Val 0.4264 | Test 0.0478
Validation loss decreased (0.426415 --> 0.426415).  Saving model ...
  Ep 14: Train 0.3117 | Val 0.4256 | Test 0.0486
Validation loss decreased (0.425553 --> 0.425553).  Saving model ...
  Ep 15: Train 0.3052 | Val 0.4321 | Test 0.0410
EarlyStopping counter: 1 out of 5
  Ep 16: Train 0.3012 | Val 0.4742 | Test 0.0460
EarlyStopping counter: 2 out of 5
  Ep 17: Train 0.2930 | Val 0.4279 | Test 0.0480
EarlyStopping counter: 3 out of 5
  Ep 18: Train 0.2918 | Val 0.4070 | Test 0.0407
Validation loss decreased (0.407042 --> 0.407042).  Saving model ...
  Ep 19: Train 0.2889 | Val 0.3917 | Test 0.0397
Validation loss decreased (0.391675 --> 0.391675).  Saving model ...
  Ep 20: Train 0.2851 | Val 0.4041 | Test 0.0447
EarlyStopping counter: 1 out of 5
  Ep 21: Train 0.2817 | Val 0.4190 | Test 0.0414
EarlyStopping counter: 2 out of 5
  Ep 22: Train 0.2790 | Val 0.3695 | Test 0.0533
Validation loss decreased (0.369549 --> 0.369549).  Saving model ...
  Ep 23: Train 0.2792 | Val 0.4639 | Test 0.0439
EarlyStopping counter: 1 out of 5
  Ep 24: Train 0.2756 | Val 0.4339 | Test 0.0414
EarlyStopping counter: 2 out of 5
  Ep 25: Train 0.2721 | Val 0.4672 | Test 0.0318
EarlyStopping counter: 3 out of 5
  Ep 26: Train 0.2653 | Val 0.4026 | Test 0.0389
EarlyStopping counter: 4 out of 5
  Ep 27: Train 0.2718 | Val 0.4508 | Test 0.0346
EarlyStopping counter: 5 out of 5
Early stopping triggered!
/home/sangukchoi/Stroke_SDA/sda_training.py:615: FutureWarning: You are using `torch.load` with `weights_only=False` (the current default value), which uses the default pickle module implicitly. It is possible to construct malicious pickle data which will execute arbitrary code during unpickling (See https://github.com/pytorch/pytorch/blob/main/SECURITY.md#untrusted-models for more details). In a future release, the default value for `weights_only` will be flipped to `True`. This limits the functions that could be executed during unpickling. Arbitrary objects will no longer be allowed to be loaded via this mode unless they are explicitly allowlisted by the user via `torch.serialization.add_safe_globals`. We recommend you start setting `weights_only=True` for any use case where you don't have full control of the loaded file. Please open an issue on GitHub for any issues related to this experimental feature.
  model.load_state_dict(torch.load(os.path.join(out_dir, 'best_model.pth')))
Final Test MSE (Best Model): 0.0533
Finished. Status: Success
