Starting Run on GPU 3
Time: 2025-12-24 18:43:10

[Run Start] Subject S006 | Mode ['SDA'] | Params: L1.0_LS1.0_LR0.0001_E64_D64_Dr0.3

[Fold 1 - SDA] Train: ['S006_T004', 'S006_T006'], Test: S006_T001, Norm: fixed
/home/sangukchoi/.conda/envs/torch_gpu/lib/python3.10/site-packages/torch/nn/modules/rnn.py:123: UserWarning: dropout option adds dropout after all but last recurrent layer, so non-zero dropout expects num_layers greater than 1, but got dropout=0.3 and num_layers=1
  warnings.warn(
  Ep 1: Train 0.5591 | Val 0.3454 | Test 0.0574
Validation loss decreased (0.345443 --> 0.345443).  Saving model ...
  Ep 2: Train 0.2277 | Val 0.2683 | Test 0.0400
Validation loss decreased (0.268308 --> 0.268308).  Saving model ...
  Ep 3: Train 0.1891 | Val 0.2486 | Test 0.0412
Validation loss decreased (0.248611 --> 0.248611).  Saving model ...
  Ep 4: Train 0.1802 | Val 0.2269 | Test 0.0510
Validation loss decreased (0.226863 --> 0.226863).  Saving model ...
  Ep 5: Train 0.1703 | Val 0.2145 | Test 0.0429
Validation loss decreased (0.214534 --> 0.214534).  Saving model ...
  Ep 6: Train 0.1657 | Val 0.2101 | Test 0.0409
Validation loss decreased (0.210071 --> 0.210071).  Saving model ...
  Ep 7: Train 0.1591 | Val 0.2075 | Test 0.0438
Validation loss decreased (0.207464 --> 0.207464).  Saving model ...
  Ep 8: Train 0.1576 | Val 0.2097 | Test 0.0502
EarlyStopping counter: 1 out of 5
  Ep 9: Train 0.1568 | Val 0.2057 | Test 0.0431
Validation loss decreased (0.205725 --> 0.205725).  Saving model ...
  Ep 10: Train 0.1534 | Val 0.1968 | Test 0.0364
Validation loss decreased (0.196844 --> 0.196844).  Saving model ...
  Ep 11: Train 0.1496 | Val 0.2091 | Test 0.0411
EarlyStopping counter: 1 out of 5
  Ep 12: Train 0.1492 | Val 0.1968 | Test 0.0347
EarlyStopping counter: 2 out of 5
  Ep 13: Train 0.1488 | Val 0.1902 | Test 0.0345
Validation loss decreased (0.190184 --> 0.190184).  Saving model ...
  Ep 14: Train 0.1478 | Val 0.1907 | Test 0.0324
EarlyStopping counter: 1 out of 5
  Ep 15: Train 0.1438 | Val 0.1829 | Test 0.0303
Validation loss decreased (0.182898 --> 0.182898).  Saving model ...
  Ep 16: Train 0.1442 | Val 0.1822 | Test 0.0323
Validation loss decreased (0.182231 --> 0.182231).  Saving model ...
  Ep 17: Train 0.1404 | Val 0.1884 | Test 0.0325
EarlyStopping counter: 1 out of 5
  Ep 18: Train 0.1430 | Val 0.2033 | Test 0.0298
EarlyStopping counter: 2 out of 5
  Ep 19: Train 0.1413 | Val 0.1859 | Test 0.0285
EarlyStopping counter: 3 out of 5
  Ep 20: Train 0.1370 | Val 0.1780 | Test 0.0288
Validation loss decreased (0.178007 --> 0.178007).  Saving model ...
  Ep 21: Train 0.1371 | Val 0.1832 | Test 0.0288
EarlyStopping counter: 1 out of 5
  Ep 22: Train 0.1371 | Val 0.1790 | Test 0.0303
EarlyStopping counter: 2 out of 5
  Ep 23: Train 0.1370 | Val 0.1643 | Test 0.0377
Validation loss decreased (0.164289 --> 0.164289).  Saving model ...
  Ep 24: Train 0.1358 | Val 0.1944 | Test 0.0348
EarlyStopping counter: 1 out of 5
  Ep 25: Train 0.1338 | Val 0.1772 | Test 0.0324
EarlyStopping counter: 2 out of 5
  Ep 26: Train 0.1345 | Val 0.1769 | Test 0.0304
EarlyStopping counter: 3 out of 5
  Ep 27: Train 0.1320 | Val 0.1803 | Test 0.0286
EarlyStopping counter: 4 out of 5
  Ep 28: Train 0.1325 | Val 0.1802 | Test 0.0242
EarlyStopping counter: 5 out of 5
Early stopping triggered!
/home/sangukchoi/Stroke_SDA/sda_training.py:615: FutureWarning: You are using `torch.load` with `weights_only=False` (the current default value), which uses the default pickle module implicitly. It is possible to construct malicious pickle data which will execute arbitrary code during unpickling (See https://github.com/pytorch/pytorch/blob/main/SECURITY.md#untrusted-models for more details). In a future release, the default value for `weights_only` will be flipped to `True`. This limits the functions that could be executed during unpickling. Arbitrary objects will no longer be allowed to be loaded via this mode unless they are explicitly allowlisted by the user via `torch.serialization.add_safe_globals`. We recommend you start setting `weights_only=True` for any use case where you don't have full control of the loaded file. Please open an issue on GitHub for any issues related to this experimental feature.
  model.load_state_dict(torch.load(os.path.join(out_dir, 'best_model.pth')))
Final Test MSE (Best Model): 0.0377
Finished. Status: Success
