Starting Run on GPU 0
Time: 2025-12-24 18:52:07

[Run Start] Subject S006 | Mode ['SDA'] | Params: L1.0_LS1.0_LR0.0001_E256_D128_Dr0.3

[Fold 1 - SDA] Train: ['S006_T004', 'S006_T006'], Test: S006_T001, Norm: fixed
/home/sangukchoi/.conda/envs/torch_gpu/lib/python3.10/site-packages/torch/nn/modules/rnn.py:123: UserWarning: dropout option adds dropout after all but last recurrent layer, so non-zero dropout expects num_layers greater than 1, but got dropout=0.3 and num_layers=1
  warnings.warn(
  Ep 1: Train 0.3282 | Val 0.2390 | Test 0.0619
Validation loss decreased (0.239049 --> 0.239049).  Saving model ...
  Ep 2: Train 0.1903 | Val 0.2107 | Test 0.0452
Validation loss decreased (0.210692 --> 0.210692).  Saving model ...
  Ep 3: Train 0.1684 | Val 0.2179 | Test 0.0593
EarlyStopping counter: 1 out of 5
  Ep 4: Train 0.1575 | Val 0.1992 | Test 0.0384
Validation loss decreased (0.199191 --> 0.199191).  Saving model ...
  Ep 5: Train 0.1498 | Val 0.1972 | Test 0.0386
Validation loss decreased (0.197219 --> 0.197219).  Saving model ...
  Ep 6: Train 0.1453 | Val 0.1873 | Test 0.0299
Validation loss decreased (0.187291 --> 0.187291).  Saving model ...
  Ep 7: Train 0.1423 | Val 0.1877 | Test 0.0266
EarlyStopping counter: 1 out of 5
  Ep 8: Train 0.1428 | Val 0.1700 | Test 0.0287
Validation loss decreased (0.170011 --> 0.170011).  Saving model ...
  Ep 9: Train 0.1383 | Val 0.1686 | Test 0.0335
Validation loss decreased (0.168614 --> 0.168614).  Saving model ...
  Ep 10: Train 0.1371 | Val 0.1965 | Test 0.0259
EarlyStopping counter: 1 out of 5
  Ep 11: Train 0.1378 | Val 0.1872 | Test 0.0306
EarlyStopping counter: 2 out of 5
  Ep 12: Train 0.1331 | Val 0.1816 | Test 0.0330
EarlyStopping counter: 3 out of 5
  Ep 13: Train 0.1360 | Val 0.1759 | Test 0.0256
EarlyStopping counter: 4 out of 5
  Ep 14: Train 0.1320 | Val 0.1840 | Test 0.0284
EarlyStopping counter: 5 out of 5
Early stopping triggered!
/home/sangukchoi/Stroke_SDA/sda_training.py:615: FutureWarning: You are using `torch.load` with `weights_only=False` (the current default value), which uses the default pickle module implicitly. It is possible to construct malicious pickle data which will execute arbitrary code during unpickling (See https://github.com/pytorch/pytorch/blob/main/SECURITY.md#untrusted-models for more details). In a future release, the default value for `weights_only` will be flipped to `True`. This limits the functions that could be executed during unpickling. Arbitrary objects will no longer be allowed to be loaded via this mode unless they are explicitly allowlisted by the user via `torch.serialization.add_safe_globals`. We recommend you start setting `weights_only=True` for any use case where you don't have full control of the loaded file. Please open an issue on GitHub for any issues related to this experimental feature.
  model.load_state_dict(torch.load(os.path.join(out_dir, 'best_model.pth')))
Final Test MSE (Best Model): 0.0335
Finished. Status: Success
