Starting Run on GPU 3
Time: 2025-12-24 20:10:51

[Run Start] Subject S006 | Mode ['SDA'] | Params: L2.5_LS0.7_LR0.0001_E128_D32_Dr0.3

[Fold 1 - SDA] Train: ['S006_T004', 'S006_T006'], Test: S006_T001, Norm: fixed
/home/sangukchoi/.conda/envs/torch_gpu/lib/python3.10/site-packages/torch/nn/modules/rnn.py:123: UserWarning: dropout option adds dropout after all but last recurrent layer, so non-zero dropout expects num_layers greater than 1, but got dropout=0.3 and num_layers=1
  warnings.warn(
  Ep 1: Train 0.6837 | Val 0.6232 | Test 0.1027
Validation loss decreased (0.623242 --> 0.623242).  Saving model ...
  Ep 2: Train 0.4363 | Val 0.5468 | Test 0.0644
Validation loss decreased (0.546834 --> 0.546834).  Saving model ...
  Ep 3: Train 0.3600 | Val 0.5566 | Test 0.0561
EarlyStopping counter: 1 out of 5
  Ep 4: Train 0.3331 | Val 0.4976 | Test 0.0550
Validation loss decreased (0.497612 --> 0.497612).  Saving model ...
  Ep 5: Train 0.3205 | Val 0.4858 | Test 0.0556
Validation loss decreased (0.485797 --> 0.485797).  Saving model ...
  Ep 6: Train 0.3102 | Val 0.4751 | Test 0.0570
Validation loss decreased (0.475113 --> 0.475113).  Saving model ...
  Ep 7: Train 0.3040 | Val 0.4730 | Test 0.0491
Validation loss decreased (0.473033 --> 0.473033).  Saving model ...
  Ep 8: Train 0.2992 | Val 0.4469 | Test 0.0472
Validation loss decreased (0.446914 --> 0.446914).  Saving model ...
  Ep 9: Train 0.2949 | Val 0.4654 | Test 0.0398
EarlyStopping counter: 1 out of 5
  Ep 10: Train 0.2954 | Val 0.4541 | Test 0.0433
EarlyStopping counter: 2 out of 5
  Ep 11: Train 0.2827 | Val 0.4379 | Test 0.0436
Validation loss decreased (0.437932 --> 0.437932).  Saving model ...
  Ep 12: Train 0.2859 | Val 0.4517 | Test 0.0343
EarlyStopping counter: 1 out of 5
  Ep 13: Train 0.2753 | Val 0.3911 | Test 0.0438
Validation loss decreased (0.391089 --> 0.391089).  Saving model ...
  Ep 14: Train 0.2730 | Val 0.4306 | Test 0.0397
EarlyStopping counter: 1 out of 5
  Ep 15: Train 0.2727 | Val 0.4389 | Test 0.0492
EarlyStopping counter: 2 out of 5
  Ep 16: Train 0.2744 | Val 0.3960 | Test 0.0384
EarlyStopping counter: 3 out of 5
  Ep 17: Train 0.2687 | Val 0.4415 | Test 0.0449
EarlyStopping counter: 4 out of 5
  Ep 18: Train 0.2642 | Val 0.3975 | Test 0.0320
EarlyStopping counter: 5 out of 5
Early stopping triggered!
/home/sangukchoi/Stroke_SDA/sda_training.py:615: FutureWarning: You are using `torch.load` with `weights_only=False` (the current default value), which uses the default pickle module implicitly. It is possible to construct malicious pickle data which will execute arbitrary code during unpickling (See https://github.com/pytorch/pytorch/blob/main/SECURITY.md#untrusted-models for more details). In a future release, the default value for `weights_only` will be flipped to `True`. This limits the functions that could be executed during unpickling. Arbitrary objects will no longer be allowed to be loaded via this mode unless they are explicitly allowlisted by the user via `torch.serialization.add_safe_globals`. We recommend you start setting `weights_only=True` for any use case where you don't have full control of the loaded file. Please open an issue on GitHub for any issues related to this experimental feature.
  model.load_state_dict(torch.load(os.path.join(out_dir, 'best_model.pth')))
Final Test MSE (Best Model): 0.0438
Finished. Status: Success
