Starting Run on GPU 1
Time: 2025-12-24 19:13:53

[Run Start] Subject S006 | Mode ['SDA'] | Params: L1.5_LS1.0_LR0.0001_E256_D32_Dr0.3

[Fold 1 - SDA] Train: ['S006_T004', 'S006_T006'], Test: S006_T001, Norm: fixed
/home/sangukchoi/.conda/envs/torch_gpu/lib/python3.10/site-packages/torch/nn/modules/rnn.py:123: UserWarning: dropout option adds dropout after all but last recurrent layer, so non-zero dropout expects num_layers greater than 1, but got dropout=0.3 and num_layers=1
  warnings.warn(
  Ep 1: Train 0.4312 | Val 0.3358 | Test 0.0594
Validation loss decreased (0.335816 --> 0.335816).  Saving model ...
  Ep 2: Train 0.2442 | Val 0.3081 | Test 0.0640
Validation loss decreased (0.308145 --> 0.308145).  Saving model ...
  Ep 3: Train 0.2182 | Val 0.2900 | Test 0.0573
Validation loss decreased (0.290024 --> 0.290024).  Saving model ...
  Ep 4: Train 0.2061 | Val 0.2923 | Test 0.0482
EarlyStopping counter: 1 out of 5
  Ep 5: Train 0.2024 | Val 0.2868 | Test 0.0385
Validation loss decreased (0.286825 --> 0.286825).  Saving model ...
  Ep 6: Train 0.1921 | Val 0.2730 | Test 0.0389
Validation loss decreased (0.272963 --> 0.272963).  Saving model ...
  Ep 7: Train 0.1899 | Val 0.2745 | Test 0.0282
EarlyStopping counter: 1 out of 5
  Ep 8: Train 0.1896 | Val 0.2613 | Test 0.0368
Validation loss decreased (0.261324 --> 0.261324).  Saving model ...
  Ep 9: Train 0.1833 | Val 0.2509 | Test 0.0386
Validation loss decreased (0.250902 --> 0.250902).  Saving model ...
  Ep 10: Train 0.1775 | Val 0.2757 | Test 0.0520
EarlyStopping counter: 1 out of 5
  Ep 11: Train 0.1758 | Val 0.2433 | Test 0.0333
Validation loss decreased (0.243259 --> 0.243259).  Saving model ...
  Ep 12: Train 0.1744 | Val 0.2218 | Test 0.0407
Validation loss decreased (0.221751 --> 0.221751).  Saving model ...
  Ep 13: Train 0.1723 | Val 0.2437 | Test 0.0305
EarlyStopping counter: 1 out of 5
  Ep 14: Train 0.1721 | Val 0.2601 | Test 0.0316
EarlyStopping counter: 2 out of 5
  Ep 15: Train 0.1727 | Val 0.2493 | Test 0.0262
EarlyStopping counter: 3 out of 5
  Ep 16: Train 0.1664 | Val 0.2690 | Test 0.0259
EarlyStopping counter: 4 out of 5
  Ep 17: Train 0.1702 | Val 0.2551 | Test 0.0296
EarlyStopping counter: 5 out of 5
Early stopping triggered!
/home/sangukchoi/Stroke_SDA/sda_training.py:615: FutureWarning: You are using `torch.load` with `weights_only=False` (the current default value), which uses the default pickle module implicitly. It is possible to construct malicious pickle data which will execute arbitrary code during unpickling (See https://github.com/pytorch/pytorch/blob/main/SECURITY.md#untrusted-models for more details). In a future release, the default value for `weights_only` will be flipped to `True`. This limits the functions that could be executed during unpickling. Arbitrary objects will no longer be allowed to be loaded via this mode unless they are explicitly allowlisted by the user via `torch.serialization.add_safe_globals`. We recommend you start setting `weights_only=True` for any use case where you don't have full control of the loaded file. Please open an issue on GitHub for any issues related to this experimental feature.
  model.load_state_dict(torch.load(os.path.join(out_dir, 'best_model.pth')))
Final Test MSE (Best Model): 0.0407
Finished. Status: Success
