Starting Run on GPU 0
Time: 2025-12-24 18:13:43

[Run Start] Subject S006 | Mode ['SDA'] | Params: L0.5_LS0.7_LR0.0001_E128_D128_Dr0.3

[Fold 1 - SDA] Train: ['S006_T004', 'S006_T006'], Test: S006_T001, Norm: fixed
/home/sangukchoi/.conda/envs/torch_gpu/lib/python3.10/site-packages/torch/nn/modules/rnn.py:123: UserWarning: dropout option adds dropout after all but last recurrent layer, so non-zero dropout expects num_layers greater than 1, but got dropout=0.3 and num_layers=1
  warnings.warn(
  Ep 1: Train 0.2510 | Val 0.1537 | Test 0.0572
Validation loss decreased (0.153668 --> 0.153668).  Saving model ...
  Ep 2: Train 0.1195 | Val 0.1210 | Test 0.0352
Validation loss decreased (0.121020 --> 0.121020).  Saving model ...
  Ep 3: Train 0.0976 | Val 0.1088 | Test 0.0315
Validation loss decreased (0.108752 --> 0.108752).  Saving model ...
  Ep 4: Train 0.0916 | Val 0.0998 | Test 0.0401
Validation loss decreased (0.099821 --> 0.099821).  Saving model ...
  Ep 5: Train 0.0896 | Val 0.1083 | Test 0.0333
EarlyStopping counter: 1 out of 5
  Ep 6: Train 0.0861 | Val 0.1031 | Test 0.0349
EarlyStopping counter: 2 out of 5
  Ep 7: Train 0.0841 | Val 0.1038 | Test 0.0328
EarlyStopping counter: 3 out of 5
  Ep 8: Train 0.0835 | Val 0.0975 | Test 0.0290
Validation loss decreased (0.097476 --> 0.097476).  Saving model ...
  Ep 9: Train 0.0820 | Val 0.0958 | Test 0.0281
Validation loss decreased (0.095838 --> 0.095838).  Saving model ...
  Ep 10: Train 0.0813 | Val 0.0988 | Test 0.0308
EarlyStopping counter: 1 out of 5
  Ep 11: Train 0.0796 | Val 0.0949 | Test 0.0239
Validation loss decreased (0.094911 --> 0.094911).  Saving model ...
  Ep 12: Train 0.0788 | Val 0.0958 | Test 0.0263
EarlyStopping counter: 1 out of 5
  Ep 13: Train 0.0784 | Val 0.0893 | Test 0.0270
Validation loss decreased (0.089320 --> 0.089320).  Saving model ...
  Ep 14: Train 0.0769 | Val 0.0916 | Test 0.0325
EarlyStopping counter: 1 out of 5
  Ep 15: Train 0.0770 | Val 0.0811 | Test 0.0320
Validation loss decreased (0.081070 --> 0.081070).  Saving model ...
  Ep 16: Train 0.0754 | Val 0.0930 | Test 0.0280
EarlyStopping counter: 1 out of 5
  Ep 17: Train 0.0774 | Val 0.0936 | Test 0.0304
EarlyStopping counter: 2 out of 5
  Ep 18: Train 0.0739 | Val 0.0885 | Test 0.0288
EarlyStopping counter: 3 out of 5
  Ep 19: Train 0.0737 | Val 0.0973 | Test 0.0323
EarlyStopping counter: 4 out of 5
  Ep 20: Train 0.0741 | Val 0.0877 | Test 0.0298
EarlyStopping counter: 5 out of 5
Early stopping triggered!
/home/sangukchoi/Stroke_SDA/sda_training.py:615: FutureWarning: You are using `torch.load` with `weights_only=False` (the current default value), which uses the default pickle module implicitly. It is possible to construct malicious pickle data which will execute arbitrary code during unpickling (See https://github.com/pytorch/pytorch/blob/main/SECURITY.md#untrusted-models for more details). In a future release, the default value for `weights_only` will be flipped to `True`. This limits the functions that could be executed during unpickling. Arbitrary objects will no longer be allowed to be loaded via this mode unless they are explicitly allowlisted by the user via `torch.serialization.add_safe_globals`. We recommend you start setting `weights_only=True` for any use case where you don't have full control of the loaded file. Please open an issue on GitHub for any issues related to this experimental feature.
  model.load_state_dict(torch.load(os.path.join(out_dir, 'best_model.pth')))
Final Test MSE (Best Model): 0.0320
Finished. Status: Success
