Starting Run on GPU 1
Time: 2025-12-24 19:36:35

[Run Start] Subject S006 | Mode ['SDA'] | Params: L2.0_LS1.0_LR0.0001_E256_D32_Dr0.3

[Fold 1 - SDA] Train: ['S006_T004', 'S006_T006'], Test: S006_T001, Norm: fixed
/home/sangukchoi/.conda/envs/torch_gpu/lib/python3.10/site-packages/torch/nn/modules/rnn.py:123: UserWarning: dropout option adds dropout after all but last recurrent layer, so non-zero dropout expects num_layers greater than 1, but got dropout=0.3 and num_layers=1
  warnings.warn(
  Ep 1: Train 0.5081 | Val 0.4360 | Test 0.0545
Validation loss decreased (0.435976 --> 0.435976).  Saving model ...
  Ep 2: Train 0.3129 | Val 0.4077 | Test 0.0510
Validation loss decreased (0.407724 --> 0.407724).  Saving model ...
  Ep 3: Train 0.2854 | Val 0.3869 | Test 0.0608
Validation loss decreased (0.386907 --> 0.386907).  Saving model ...
  Ep 4: Train 0.2760 | Val 0.3769 | Test 0.0627
Validation loss decreased (0.376932 --> 0.376932).  Saving model ...
  Ep 5: Train 0.2665 | Val 0.3635 | Test 0.0429
Validation loss decreased (0.363459 --> 0.363459).  Saving model ...
  Ep 6: Train 0.2614 | Val 0.4047 | Test 0.0351
EarlyStopping counter: 1 out of 5
  Ep 7: Train 0.2524 | Val 0.3363 | Test 0.0358
Validation loss decreased (0.336326 --> 0.336326).  Saving model ...
  Ep 8: Train 0.2491 | Val 0.3752 | Test 0.0523
EarlyStopping counter: 1 out of 5
  Ep 9: Train 0.2433 | Val 0.3693 | Test 0.0292
EarlyStopping counter: 2 out of 5
  Ep 10: Train 0.2392 | Val 0.3683 | Test 0.0388
EarlyStopping counter: 3 out of 5
  Ep 11: Train 0.2390 | Val 0.3609 | Test 0.0326
EarlyStopping counter: 4 out of 5
  Ep 12: Train 0.2337 | Val 0.3736 | Test 0.0308
EarlyStopping counter: 5 out of 5
Early stopping triggered!
/home/sangukchoi/Stroke_SDA/sda_training.py:615: FutureWarning: You are using `torch.load` with `weights_only=False` (the current default value), which uses the default pickle module implicitly. It is possible to construct malicious pickle data which will execute arbitrary code during unpickling (See https://github.com/pytorch/pytorch/blob/main/SECURITY.md#untrusted-models for more details). In a future release, the default value for `weights_only` will be flipped to `True`. This limits the functions that could be executed during unpickling. Arbitrary objects will no longer be allowed to be loaded via this mode unless they are explicitly allowlisted by the user via `torch.serialization.add_safe_globals`. We recommend you start setting `weights_only=True` for any use case where you don't have full control of the loaded file. Please open an issue on GitHub for any issues related to this experimental feature.
  model.load_state_dict(torch.load(os.path.join(out_dir, 'best_model.pth')))
Final Test MSE (Best Model): 0.0358
Finished. Status: Success
