Starting Run on GPU 3
Time: 2025-12-24 18:39:10

[Run Start] Subject S006 | Mode ['SDA'] | Params: L1.0_LS0.7_LR0.0001_E256_D64_Dr0.3

[Fold 1 - SDA] Train: ['S006_T004', 'S006_T006'], Test: S006_T001, Norm: fixed
/home/sangukchoi/.conda/envs/torch_gpu/lib/python3.10/site-packages/torch/nn/modules/rnn.py:123: UserWarning: dropout option adds dropout after all but last recurrent layer, so non-zero dropout expects num_layers greater than 1, but got dropout=0.3 and num_layers=1
  warnings.warn(
  Ep 1: Train 0.2917 | Val 0.2230 | Test 0.0464
Validation loss decreased (0.223027 --> 0.223027).  Saving model ...
  Ep 2: Train 0.1649 | Val 0.1979 | Test 0.0444
Validation loss decreased (0.197888 --> 0.197888).  Saving model ...
  Ep 3: Train 0.1520 | Val 0.1761 | Test 0.0406
Validation loss decreased (0.176130 --> 0.176130).  Saving model ...
  Ep 4: Train 0.1418 | Val 0.1792 | Test 0.0353
EarlyStopping counter: 1 out of 5
  Ep 5: Train 0.1374 | Val 0.1839 | Test 0.0348
EarlyStopping counter: 2 out of 5
  Ep 6: Train 0.1313 | Val 0.1645 | Test 0.0324
Validation loss decreased (0.164462 --> 0.164462).  Saving model ...
  Ep 7: Train 0.1306 | Val 0.1614 | Test 0.0371
Validation loss decreased (0.161399 --> 0.161399).  Saving model ...
  Ep 8: Train 0.1279 | Val 0.1551 | Test 0.0288
Validation loss decreased (0.155128 --> 0.155128).  Saving model ...
  Ep 9: Train 0.1260 | Val 0.1574 | Test 0.0265
EarlyStopping counter: 1 out of 5
  Ep 10: Train 0.1275 | Val 0.1850 | Test 0.0270
EarlyStopping counter: 2 out of 5
  Ep 11: Train 0.1239 | Val 0.1641 | Test 0.0287
EarlyStopping counter: 3 out of 5
  Ep 12: Train 0.1222 | Val 0.1776 | Test 0.0253
EarlyStopping counter: 4 out of 5
  Ep 13: Train 0.1200 | Val 0.1698 | Test 0.0262
EarlyStopping counter: 5 out of 5
Early stopping triggered!
/home/sangukchoi/Stroke_SDA/sda_training.py:615: FutureWarning: You are using `torch.load` with `weights_only=False` (the current default value), which uses the default pickle module implicitly. It is possible to construct malicious pickle data which will execute arbitrary code during unpickling (See https://github.com/pytorch/pytorch/blob/main/SECURITY.md#untrusted-models for more details). In a future release, the default value for `weights_only` will be flipped to `True`. This limits the functions that could be executed during unpickling. Arbitrary objects will no longer be allowed to be loaded via this mode unless they are explicitly allowlisted by the user via `torch.serialization.add_safe_globals`. We recommend you start setting `weights_only=True` for any use case where you don't have full control of the loaded file. Please open an issue on GitHub for any issues related to this experimental feature.
  model.load_state_dict(torch.load(os.path.join(out_dir, 'best_model.pth')))
Final Test MSE (Best Model): 0.0288
Finished. Status: Success
