Starting Run on GPU 0
Time: 2025-12-24 19:31:31

[Run Start] Subject S006 | Mode ['SDA'] | Params: L2.0_LS1.0_LR0.0001_E128_D32_Dr0.3

[Fold 1 - SDA] Train: ['S006_T004', 'S006_T006'], Test: S006_T001, Norm: fixed
/home/sangukchoi/.conda/envs/torch_gpu/lib/python3.10/site-packages/torch/nn/modules/rnn.py:123: UserWarning: dropout option adds dropout after all but last recurrent layer, so non-zero dropout expects num_layers greater than 1, but got dropout=0.3 and num_layers=1
  warnings.warn(
  Ep 1: Train 0.6597 | Val 0.5554 | Test 0.0573
Validation loss decreased (0.555395 --> 0.555395).  Saving model ...
  Ep 2: Train 0.3443 | Val 0.4233 | Test 0.0612
Validation loss decreased (0.423318 --> 0.423318).  Saving model ...
  Ep 3: Train 0.2887 | Val 0.4293 | Test 0.0438
EarlyStopping counter: 1 out of 5
  Ep 4: Train 0.2781 | Val 0.3753 | Test 0.0510
Validation loss decreased (0.375320 --> 0.375320).  Saving model ...
  Ep 5: Train 0.2725 | Val 0.3953 | Test 0.0470
EarlyStopping counter: 1 out of 5
  Ep 6: Train 0.2630 | Val 0.3722 | Test 0.0443
Validation loss decreased (0.372183 --> 0.372183).  Saving model ...
  Ep 7: Train 0.2587 | Val 0.3585 | Test 0.0465
Validation loss decreased (0.358532 --> 0.358532).  Saving model ...
  Ep 8: Train 0.2476 | Val 0.3611 | Test 0.0450
EarlyStopping counter: 1 out of 5
  Ep 9: Train 0.2489 | Val 0.3331 | Test 0.0373
Validation loss decreased (0.333060 --> 0.333060).  Saving model ...
  Ep 10: Train 0.2458 | Val 0.3450 | Test 0.0340
EarlyStopping counter: 1 out of 5
  Ep 11: Train 0.2480 | Val 0.3152 | Test 0.0505
Validation loss decreased (0.315185 --> 0.315185).  Saving model ...
  Ep 12: Train 0.2394 | Val 0.3454 | Test 0.0327
EarlyStopping counter: 1 out of 5
  Ep 13: Train 0.2396 | Val 0.3444 | Test 0.0440
EarlyStopping counter: 2 out of 5
  Ep 14: Train 0.2354 | Val 0.3188 | Test 0.0389
EarlyStopping counter: 3 out of 5
  Ep 15: Train 0.2349 | Val 0.3251 | Test 0.0427
EarlyStopping counter: 4 out of 5
  Ep 16: Train 0.2336 | Val 0.3267 | Test 0.0322
EarlyStopping counter: 5 out of 5
Early stopping triggered!
/home/sangukchoi/Stroke_SDA/sda_training.py:615: FutureWarning: You are using `torch.load` with `weights_only=False` (the current default value), which uses the default pickle module implicitly. It is possible to construct malicious pickle data which will execute arbitrary code during unpickling (See https://github.com/pytorch/pytorch/blob/main/SECURITY.md#untrusted-models for more details). In a future release, the default value for `weights_only` will be flipped to `True`. This limits the functions that could be executed during unpickling. Arbitrary objects will no longer be allowed to be loaded via this mode unless they are explicitly allowlisted by the user via `torch.serialization.add_safe_globals`. We recommend you start setting `weights_only=True` for any use case where you don't have full control of the loaded file. Please open an issue on GitHub for any issues related to this experimental feature.
  model.load_state_dict(torch.load(os.path.join(out_dir, 'best_model.pth')))
Final Test MSE (Best Model): 0.0505
Finished. Status: Success
