Starting Run on GPU 0
Time: 2025-12-24 19:06:38

[Run Start] Subject S006 | Mode ['SDA'] | Params: L1.5_LS1.0_LR0.0001_E64_D128_Dr0.3

[Fold 1 - SDA] Train: ['S006_T004', 'S006_T006'], Test: S006_T001, Norm: fixed
/home/sangukchoi/.conda/envs/torch_gpu/lib/python3.10/site-packages/torch/nn/modules/rnn.py:123: UserWarning: dropout option adds dropout after all but last recurrent layer, so non-zero dropout expects num_layers greater than 1, but got dropout=0.3 and num_layers=1
  warnings.warn(
  Ep 1: Train 0.6493 | Val 0.4798 | Test 0.0685
Validation loss decreased (0.479823 --> 0.479823).  Saving model ...
  Ep 2: Train 0.3266 | Val 0.4043 | Test 0.0473
Validation loss decreased (0.404328 --> 0.404328).  Saving model ...
  Ep 3: Train 0.2809 | Val 0.3494 | Test 0.0456
Validation loss decreased (0.349364 --> 0.349364).  Saving model ...
  Ep 4: Train 0.2618 | Val 0.3312 | Test 0.0456
Validation loss decreased (0.331180 --> 0.331180).  Saving model ...
  Ep 5: Train 0.2453 | Val 0.3329 | Test 0.0430
EarlyStopping counter: 1 out of 5
  Ep 6: Train 0.2348 | Val 0.3298 | Test 0.0418
Validation loss decreased (0.329805 --> 0.329805).  Saving model ...
  Ep 7: Train 0.2336 | Val 0.3132 | Test 0.0456
Validation loss decreased (0.313217 --> 0.313217).  Saving model ...
  Ep 8: Train 0.2282 | Val 0.3274 | Test 0.0378
EarlyStopping counter: 1 out of 5
  Ep 9: Train 0.2257 | Val 0.3020 | Test 0.0394
Validation loss decreased (0.301954 --> 0.301954).  Saving model ...
  Ep 10: Train 0.2223 | Val 0.3098 | Test 0.0388
EarlyStopping counter: 1 out of 5
  Ep 11: Train 0.2212 | Val 0.2954 | Test 0.0370
Validation loss decreased (0.295374 --> 0.295374).  Saving model ...
  Ep 12: Train 0.2162 | Val 0.2959 | Test 0.0363
EarlyStopping counter: 1 out of 5
  Ep 13: Train 0.2164 | Val 0.2958 | Test 0.0392
EarlyStopping counter: 2 out of 5
  Ep 14: Train 0.2148 | Val 0.2910 | Test 0.0457
Validation loss decreased (0.291045 --> 0.291045).  Saving model ...
  Ep 15: Train 0.2102 | Val 0.3066 | Test 0.0340
EarlyStopping counter: 1 out of 5
  Ep 16: Train 0.2082 | Val 0.2764 | Test 0.0384
Validation loss decreased (0.276431 --> 0.276431).  Saving model ...
  Ep 17: Train 0.2067 | Val 0.3047 | Test 0.0326
EarlyStopping counter: 1 out of 5
  Ep 18: Train 0.2059 | Val 0.2768 | Test 0.0371
EarlyStopping counter: 2 out of 5
  Ep 19: Train 0.2048 | Val 0.2724 | Test 0.0393
Validation loss decreased (0.272376 --> 0.272376).  Saving model ...
  Ep 20: Train 0.2016 | Val 0.3127 | Test 0.0467
EarlyStopping counter: 1 out of 5
  Ep 21: Train 0.2004 | Val 0.2868 | Test 0.0392
EarlyStopping counter: 2 out of 5
  Ep 22: Train 0.2013 | Val 0.2777 | Test 0.0355
EarlyStopping counter: 3 out of 5
  Ep 23: Train 0.2019 | Val 0.2612 | Test 0.0359
Validation loss decreased (0.261161 --> 0.261161).  Saving model ...
  Ep 24: Train 0.1979 | Val 0.2628 | Test 0.0405
EarlyStopping counter: 1 out of 5
  Ep 25: Train 0.1978 | Val 0.2521 | Test 0.0337
Validation loss decreased (0.252114 --> 0.252114).  Saving model ...
  Ep 26: Train 0.1938 | Val 0.2672 | Test 0.0314
EarlyStopping counter: 1 out of 5
  Ep 27: Train 0.1940 | Val 0.2567 | Test 0.0360
EarlyStopping counter: 2 out of 5
  Ep 28: Train 0.1931 | Val 0.2668 | Test 0.0317
EarlyStopping counter: 3 out of 5
  Ep 29: Train 0.1948 | Val 0.2567 | Test 0.0341
EarlyStopping counter: 4 out of 5
  Ep 30: Train 0.1906 | Val 0.2791 | Test 0.0361
EarlyStopping counter: 5 out of 5
Early stopping triggered!
/home/sangukchoi/Stroke_SDA/sda_training.py:615: FutureWarning: You are using `torch.load` with `weights_only=False` (the current default value), which uses the default pickle module implicitly. It is possible to construct malicious pickle data which will execute arbitrary code during unpickling (See https://github.com/pytorch/pytorch/blob/main/SECURITY.md#untrusted-models for more details). In a future release, the default value for `weights_only` will be flipped to `True`. This limits the functions that could be executed during unpickling. Arbitrary objects will no longer be allowed to be loaded via this mode unless they are explicitly allowlisted by the user via `torch.serialization.add_safe_globals`. We recommend you start setting `weights_only=True` for any use case where you don't have full control of the loaded file. Please open an issue on GitHub for any issues related to this experimental feature.
  model.load_state_dict(torch.load(os.path.join(out_dir, 'best_model.pth')))
Final Test MSE (Best Model): 0.0337
Finished. Status: Success
