Starting Run on GPU 2
Time: 2025-12-24 18:54:11

[Run Start] Subject S006 | Mode ['SDA'] | Params: L1.5_LS0.7_LR0.0001_E64_D128_Dr0.3

[Fold 1 - SDA] Train: ['S006_T004', 'S006_T006'], Test: S006_T001, Norm: fixed
/home/sangukchoi/.conda/envs/torch_gpu/lib/python3.10/site-packages/torch/nn/modules/rnn.py:123: UserWarning: dropout option adds dropout after all but last recurrent layer, so non-zero dropout expects num_layers greater than 1, but got dropout=0.3 and num_layers=1
  warnings.warn(
  Ep 1: Train 0.5905 | Val 0.4617 | Test 0.0774
Validation loss decreased (0.461730 --> 0.461730).  Saving model ...
  Ep 2: Train 0.3051 | Val 0.3951 | Test 0.0557
Validation loss decreased (0.395089 --> 0.395089).  Saving model ...
  Ep 3: Train 0.2568 | Val 0.3454 | Test 0.0571
Validation loss decreased (0.345413 --> 0.345413).  Saving model ...
  Ep 4: Train 0.2380 | Val 0.3321 | Test 0.0445
Validation loss decreased (0.332107 --> 0.332107).  Saving model ...
  Ep 5: Train 0.2255 | Val 0.3040 | Test 0.0417
Validation loss decreased (0.303972 --> 0.303972).  Saving model ...
  Ep 6: Train 0.2153 | Val 0.2765 | Test 0.0442
Validation loss decreased (0.276534 --> 0.276534).  Saving model ...
  Ep 7: Train 0.2105 | Val 0.2890 | Test 0.0348
EarlyStopping counter: 1 out of 5
  Ep 8: Train 0.2048 | Val 0.2695 | Test 0.0390
Validation loss decreased (0.269495 --> 0.269495).  Saving model ...
  Ep 9: Train 0.2009 | Val 0.2764 | Test 0.0334
EarlyStopping counter: 1 out of 5
  Ep 10: Train 0.1964 | Val 0.2877 | Test 0.0335
EarlyStopping counter: 2 out of 5
  Ep 11: Train 0.1938 | Val 0.2984 | Test 0.0357
EarlyStopping counter: 3 out of 5
  Ep 12: Train 0.1919 | Val 0.2906 | Test 0.0357
EarlyStopping counter: 4 out of 5
  Ep 13: Train 0.1869 | Val 0.2888 | Test 0.0282
EarlyStopping counter: 5 out of 5
Early stopping triggered!
/home/sangukchoi/Stroke_SDA/sda_training.py:615: FutureWarning: You are using `torch.load` with `weights_only=False` (the current default value), which uses the default pickle module implicitly. It is possible to construct malicious pickle data which will execute arbitrary code during unpickling (See https://github.com/pytorch/pytorch/blob/main/SECURITY.md#untrusted-models for more details). In a future release, the default value for `weights_only` will be flipped to `True`. This limits the functions that could be executed during unpickling. Arbitrary objects will no longer be allowed to be loaded via this mode unless they are explicitly allowlisted by the user via `torch.serialization.add_safe_globals`. We recommend you start setting `weights_only=True` for any use case where you don't have full control of the loaded file. Please open an issue on GitHub for any issues related to this experimental feature.
  model.load_state_dict(torch.load(os.path.join(out_dir, 'best_model.pth')))
Final Test MSE (Best Model): 0.0390
Finished. Status: Success
