Starting Run on GPU 0
Time: 2025-12-24 19:53:57

[Run Start] Subject S006 | Mode ['SDA'] | Params: L2.5_LS0.5_LR0.0001_E64_D64_Dr0.3

[Fold 1 - SDA] Train: ['S006_T004', 'S006_T006'], Test: S006_T001, Norm: fixed
/home/sangukchoi/.conda/envs/torch_gpu/lib/python3.10/site-packages/torch/nn/modules/rnn.py:123: UserWarning: dropout option adds dropout after all but last recurrent layer, so non-zero dropout expects num_layers greater than 1, but got dropout=0.3 and num_layers=1
  warnings.warn(
  Ep 1: Train 0.7036 | Val 0.6306 | Test 0.1181
Validation loss decreased (0.630580 --> 0.630580).  Saving model ...
  Ep 2: Train 0.4711 | Val 0.5865 | Test 0.0957
Validation loss decreased (0.586457 --> 0.586457).  Saving model ...
  Ep 3: Train 0.4187 | Val 0.5614 | Test 0.0727
Validation loss decreased (0.561413 --> 0.561413).  Saving model ...
  Ep 4: Train 0.3869 | Val 0.5737 | Test 0.0783
EarlyStopping counter: 1 out of 5
  Ep 5: Train 0.3655 | Val 0.5789 | Test 0.0579
EarlyStopping counter: 2 out of 5
  Ep 6: Train 0.3443 | Val 0.5006 | Test 0.0539
Validation loss decreased (0.500565 --> 0.500565).  Saving model ...
  Ep 7: Train 0.3328 | Val 0.5685 | Test 0.0556
EarlyStopping counter: 1 out of 5
  Ep 8: Train 0.3286 | Val 0.5021 | Test 0.0538
EarlyStopping counter: 2 out of 5
  Ep 9: Train 0.3258 | Val 0.5495 | Test 0.0480
EarlyStopping counter: 3 out of 5
  Ep 10: Train 0.3220 | Val 0.4971 | Test 0.0556
Validation loss decreased (0.497130 --> 0.497130).  Saving model ...
  Ep 11: Train 0.3204 | Val 0.4794 | Test 0.0522
Validation loss decreased (0.479387 --> 0.479387).  Saving model ...
  Ep 12: Train 0.3126 | Val 0.4669 | Test 0.0475
Validation loss decreased (0.466921 --> 0.466921).  Saving model ...
  Ep 13: Train 0.3133 | Val 0.4695 | Test 0.0449
EarlyStopping counter: 1 out of 5
  Ep 14: Train 0.3109 | Val 0.4422 | Test 0.0483
Validation loss decreased (0.442230 --> 0.442230).  Saving model ...
  Ep 15: Train 0.3084 | Val 0.4399 | Test 0.0464
Validation loss decreased (0.439908 --> 0.439908).  Saving model ...
  Ep 16: Train 0.3017 | Val 0.4765 | Test 0.0434
EarlyStopping counter: 1 out of 5
  Ep 17: Train 0.2993 | Val 0.4739 | Test 0.0420
EarlyStopping counter: 2 out of 5
  Ep 18: Train 0.3028 | Val 0.4520 | Test 0.0468
EarlyStopping counter: 3 out of 5
  Ep 19: Train 0.2940 | Val 0.4341 | Test 0.0460
Validation loss decreased (0.434094 --> 0.434094).  Saving model ...
  Ep 20: Train 0.2963 | Val 0.4506 | Test 0.0482
EarlyStopping counter: 1 out of 5
  Ep 21: Train 0.2930 | Val 0.4226 | Test 0.0431
Validation loss decreased (0.422630 --> 0.422630).  Saving model ...
  Ep 22: Train 0.2957 | Val 0.4256 | Test 0.0412
EarlyStopping counter: 1 out of 5
  Ep 23: Train 0.2913 | Val 0.4299 | Test 0.0439
EarlyStopping counter: 2 out of 5
  Ep 24: Train 0.2941 | Val 0.4414 | Test 0.0482
EarlyStopping counter: 3 out of 5
  Ep 25: Train 0.2914 | Val 0.4203 | Test 0.0475
Validation loss decreased (0.420335 --> 0.420335).  Saving model ...
  Ep 26: Train 0.2938 | Val 0.4084 | Test 0.0497
Validation loss decreased (0.408405 --> 0.408405).  Saving model ...
  Ep 27: Train 0.2887 | Val 0.4081 | Test 0.0443
EarlyStopping counter: 1 out of 5
  Ep 28: Train 0.2863 | Val 0.4130 | Test 0.0422
EarlyStopping counter: 2 out of 5
  Ep 29: Train 0.2880 | Val 0.4121 | Test 0.0391
EarlyStopping counter: 3 out of 5
  Ep 30: Train 0.2888 | Val 0.4061 | Test 0.0411
Validation loss decreased (0.406094 --> 0.406094).  Saving model ...
  Ep 31: Train 0.2840 | Val 0.3949 | Test 0.0453
Validation loss decreased (0.394913 --> 0.394913).  Saving model ...
  Ep 32: Train 0.2805 | Val 0.4213 | Test 0.0419
EarlyStopping counter: 1 out of 5
  Ep 33: Train 0.2846 | Val 0.4247 | Test 0.0485
EarlyStopping counter: 2 out of 5
  Ep 34: Train 0.2863 | Val 0.3962 | Test 0.0433
EarlyStopping counter: 3 out of 5
  Ep 35: Train 0.2837 | Val 0.4252 | Test 0.0426
EarlyStopping counter: 4 out of 5
  Ep 36: Train 0.2830 | Val 0.4046 | Test 0.0429
EarlyStopping counter: 5 out of 5
Early stopping triggered!
/home/sangukchoi/Stroke_SDA/sda_training.py:615: FutureWarning: You are using `torch.load` with `weights_only=False` (the current default value), which uses the default pickle module implicitly. It is possible to construct malicious pickle data which will execute arbitrary code during unpickling (See https://github.com/pytorch/pytorch/blob/main/SECURITY.md#untrusted-models for more details). In a future release, the default value for `weights_only` will be flipped to `True`. This limits the functions that could be executed during unpickling. Arbitrary objects will no longer be allowed to be loaded via this mode unless they are explicitly allowlisted by the user via `torch.serialization.add_safe_globals`. We recommend you start setting `weights_only=True` for any use case where you don't have full control of the loaded file. Please open an issue on GitHub for any issues related to this experimental feature.
  model.load_state_dict(torch.load(os.path.join(out_dir, 'best_model.pth')))
Final Test MSE (Best Model): 0.0453
Finished. Status: Success
