Starting Run on GPU 3
Time: 2025-12-24 20:02:27

[Run Start] Subject S006 | Mode ['SDA'] | Params: L2.5_LS0.5_LR0.0001_E256_D32_Dr0.3

[Fold 1 - SDA] Train: ['S006_T004', 'S006_T006'], Test: S006_T001, Norm: fixed
/home/sangukchoi/.conda/envs/torch_gpu/lib/python3.10/site-packages/torch/nn/modules/rnn.py:123: UserWarning: dropout option adds dropout after all but last recurrent layer, so non-zero dropout expects num_layers greater than 1, but got dropout=0.3 and num_layers=1
  warnings.warn(
  Ep 1: Train 0.5679 | Val 0.5955 | Test 0.0897
Validation loss decreased (0.595511 --> 0.595511).  Saving model ...
  Ep 2: Train 0.3807 | Val 0.5250 | Test 0.0694
Validation loss decreased (0.525005 --> 0.525005).  Saving model ...
  Ep 3: Train 0.3168 | Val 0.4979 | Test 0.0487
Validation loss decreased (0.497930 --> 0.497930).  Saving model ...
  Ep 4: Train 0.3006 | Val 0.4460 | Test 0.0477
Validation loss decreased (0.446049 --> 0.446049).  Saving model ...
  Ep 5: Train 0.2945 | Val 0.4675 | Test 0.0453
EarlyStopping counter: 1 out of 5
  Ep 6: Train 0.2840 | Val 0.4717 | Test 0.0549
EarlyStopping counter: 2 out of 5
  Ep 7: Train 0.2787 | Val 0.4561 | Test 0.0429
EarlyStopping counter: 3 out of 5
  Ep 8: Train 0.2763 | Val 0.5070 | Test 0.0501
EarlyStopping counter: 4 out of 5
  Ep 9: Train 0.2708 | Val 0.4086 | Test 0.0503
Validation loss decreased (0.408636 --> 0.408636).  Saving model ...
  Ep 10: Train 0.2638 | Val 0.4412 | Test 0.0376
EarlyStopping counter: 1 out of 5
  Ep 11: Train 0.2611 | Val 0.4315 | Test 0.0412
EarlyStopping counter: 2 out of 5
  Ep 12: Train 0.2581 | Val 0.4139 | Test 0.0461
EarlyStopping counter: 3 out of 5
  Ep 13: Train 0.2635 | Val 0.4058 | Test 0.0327
Validation loss decreased (0.405783 --> 0.405783).  Saving model ...
  Ep 14: Train 0.2545 | Val 0.4306 | Test 0.0334
EarlyStopping counter: 1 out of 5
  Ep 15: Train 0.2519 | Val 0.4001 | Test 0.0424
Validation loss decreased (0.400122 --> 0.400122).  Saving model ...
  Ep 16: Train 0.2534 | Val 0.4161 | Test 0.0394
EarlyStopping counter: 1 out of 5
  Ep 17: Train 0.2485 | Val 0.4436 | Test 0.0351
EarlyStopping counter: 2 out of 5
  Ep 18: Train 0.2543 | Val 0.4613 | Test 0.0390
EarlyStopping counter: 3 out of 5
  Ep 19: Train 0.2446 | Val 0.4439 | Test 0.0399
EarlyStopping counter: 4 out of 5
  Ep 20: Train 0.2402 | Val 0.3816 | Test 0.0305
Validation loss decreased (0.381587 --> 0.381587).  Saving model ...
  Ep 21: Train 0.2488 | Val 0.4361 | Test 0.0395
EarlyStopping counter: 1 out of 5
  Ep 22: Train 0.2433 | Val 0.4404 | Test 0.0338
EarlyStopping counter: 2 out of 5
  Ep 23: Train 0.2446 | Val 0.3959 | Test 0.0339
EarlyStopping counter: 3 out of 5
  Ep 24: Train 0.2375 | Val 0.3874 | Test 0.0374
EarlyStopping counter: 4 out of 5
  Ep 25: Train 0.2430 | Val 0.3821 | Test 0.0317
EarlyStopping counter: 5 out of 5
Early stopping triggered!
/home/sangukchoi/Stroke_SDA/sda_training.py:615: FutureWarning: You are using `torch.load` with `weights_only=False` (the current default value), which uses the default pickle module implicitly. It is possible to construct malicious pickle data which will execute arbitrary code during unpickling (See https://github.com/pytorch/pytorch/blob/main/SECURITY.md#untrusted-models for more details). In a future release, the default value for `weights_only` will be flipped to `True`. This limits the functions that could be executed during unpickling. Arbitrary objects will no longer be allowed to be loaded via this mode unless they are explicitly allowlisted by the user via `torch.serialization.add_safe_globals`. We recommend you start setting `weights_only=True` for any use case where you don't have full control of the loaded file. Please open an issue on GitHub for any issues related to this experimental feature.
  model.load_state_dict(torch.load(os.path.join(out_dir, 'best_model.pth')))
Final Test MSE (Best Model): 0.0305
Finished. Status: Success
