Starting Run on GPU 3
Time: 2025-12-24 20:40:01

[Run Start] Subject S006 | Mode ['SDA'] | Params: L3.0_LS0.3_LR0.0001_E128_D128_Dr0.3

[Fold 1 - SDA] Train: ['S006_T004', 'S006_T006'], Test: S006_T001, Norm: fixed
/home/sangukchoi/.conda/envs/torch_gpu/lib/python3.10/site-packages/torch/nn/modules/rnn.py:123: UserWarning: dropout option adds dropout after all but last recurrent layer, so non-zero dropout expects num_layers greater than 1, but got dropout=0.3 and num_layers=1
  warnings.warn(
  Ep 1: Train 0.6367 | Val 0.7436 | Test 0.1455
Validation loss decreased (0.743612 --> 0.743612).  Saving model ...
  Ep 2: Train 0.5003 | Val 0.6767 | Test 0.0997
Validation loss decreased (0.676732 --> 0.676732).  Saving model ...
  Ep 3: Train 0.4320 | Val 0.7157 | Test 0.0676
EarlyStopping counter: 1 out of 5
  Ep 4: Train 0.3902 | Val 0.6046 | Test 0.0592
Validation loss decreased (0.604565 --> 0.604565).  Saving model ...
  Ep 5: Train 0.3684 | Val 0.5619 | Test 0.0610
Validation loss decreased (0.561932 --> 0.561932).  Saving model ...
  Ep 6: Train 0.3657 | Val 0.6016 | Test 0.0563
EarlyStopping counter: 1 out of 5
  Ep 7: Train 0.3552 | Val 0.6160 | Test 0.0539
EarlyStopping counter: 2 out of 5
  Ep 8: Train 0.3473 | Val 0.6198 | Test 0.0537
EarlyStopping counter: 3 out of 5
  Ep 9: Train 0.3410 | Val 0.5628 | Test 0.0614
EarlyStopping counter: 4 out of 5
  Ep 10: Train 0.3428 | Val 0.5701 | Test 0.0483
EarlyStopping counter: 5 out of 5
Early stopping triggered!
/home/sangukchoi/Stroke_SDA/sda_training.py:615: FutureWarning: You are using `torch.load` with `weights_only=False` (the current default value), which uses the default pickle module implicitly. It is possible to construct malicious pickle data which will execute arbitrary code during unpickling (See https://github.com/pytorch/pytorch/blob/main/SECURITY.md#untrusted-models for more details). In a future release, the default value for `weights_only` will be flipped to `True`. This limits the functions that could be executed during unpickling. Arbitrary objects will no longer be allowed to be loaded via this mode unless they are explicitly allowlisted by the user via `torch.serialization.add_safe_globals`. We recommend you start setting `weights_only=True` for any use case where you don't have full control of the loaded file. Please open an issue on GitHub for any issues related to this experimental feature.
  model.load_state_dict(torch.load(os.path.join(out_dir, 'best_model.pth')))
Final Test MSE (Best Model): 0.0610
Finished. Status: Success
