Starting Run on GPU 1
Time: 2025-12-24 19:07:25

[Run Start] Subject S006 | Mode ['SDA'] | Params: L1.5_LS1.0_LR0.0001_E128_D32_Dr0.3

[Fold 1 - SDA] Train: ['S006_T004', 'S006_T006'], Test: S006_T001, Norm: fixed
/home/sangukchoi/.conda/envs/torch_gpu/lib/python3.10/site-packages/torch/nn/modules/rnn.py:123: UserWarning: dropout option adds dropout after all but last recurrent layer, so non-zero dropout expects num_layers greater than 1, but got dropout=0.3 and num_layers=1
  warnings.warn(
  Ep 1: Train 0.5480 | Val 0.4309 | Test 0.0476
Validation loss decreased (0.430877 --> 0.430877).  Saving model ...
  Ep 2: Train 0.2813 | Val 0.3767 | Test 0.0444
Validation loss decreased (0.376691 --> 0.376691).  Saving model ...
  Ep 3: Train 0.2489 | Val 0.3008 | Test 0.0447
Validation loss decreased (0.300796 --> 0.300796).  Saving model ...
  Ep 4: Train 0.2367 | Val 0.2990 | Test 0.0412
Validation loss decreased (0.298962 --> 0.298962).  Saving model ...
  Ep 5: Train 0.2241 | Val 0.3099 | Test 0.0407
EarlyStopping counter: 1 out of 5
  Ep 6: Train 0.2164 | Val 0.3017 | Test 0.0529
EarlyStopping counter: 2 out of 5
  Ep 7: Train 0.2079 | Val 0.2576 | Test 0.0395
Validation loss decreased (0.257634 --> 0.257634).  Saving model ...
  Ep 8: Train 0.2054 | Val 0.2634 | Test 0.0438
EarlyStopping counter: 1 out of 5
  Ep 9: Train 0.2060 | Val 0.3155 | Test 0.0631
EarlyStopping counter: 2 out of 5
  Ep 10: Train 0.2009 | Val 0.2534 | Test 0.0380
Validation loss decreased (0.253373 --> 0.253373).  Saving model ...
  Ep 11: Train 0.1994 | Val 0.2640 | Test 0.0350
EarlyStopping counter: 1 out of 5
  Ep 12: Train 0.1953 | Val 0.3089 | Test 0.0544
EarlyStopping counter: 2 out of 5
  Ep 13: Train 0.1958 | Val 0.2757 | Test 0.0370
EarlyStopping counter: 3 out of 5
  Ep 14: Train 0.1916 | Val 0.2662 | Test 0.0379
EarlyStopping counter: 4 out of 5
  Ep 15: Train 0.1905 | Val 0.2365 | Test 0.0336
Validation loss decreased (0.236515 --> 0.236515).  Saving model ...
  Ep 16: Train 0.1872 | Val 0.2688 | Test 0.0321
EarlyStopping counter: 1 out of 5
  Ep 17: Train 0.1867 | Val 0.2834 | Test 0.0451
EarlyStopping counter: 2 out of 5
  Ep 18: Train 0.1812 | Val 0.2673 | Test 0.0359
EarlyStopping counter: 3 out of 5
  Ep 19: Train 0.1785 | Val 0.2265 | Test 0.0352
Validation loss decreased (0.226502 --> 0.226502).  Saving model ...
  Ep 20: Train 0.1786 | Val 0.2727 | Test 0.0296
EarlyStopping counter: 1 out of 5
  Ep 21: Train 0.1793 | Val 0.2459 | Test 0.0283
EarlyStopping counter: 2 out of 5
  Ep 22: Train 0.1779 | Val 0.2583 | Test 0.0379
EarlyStopping counter: 3 out of 5
  Ep 23: Train 0.1786 | Val 0.2407 | Test 0.0287
EarlyStopping counter: 4 out of 5
  Ep 24: Train 0.1777 | Val 0.2526 | Test 0.0317
EarlyStopping counter: 5 out of 5
Early stopping triggered!
/home/sangukchoi/Stroke_SDA/sda_training.py:615: FutureWarning: You are using `torch.load` with `weights_only=False` (the current default value), which uses the default pickle module implicitly. It is possible to construct malicious pickle data which will execute arbitrary code during unpickling (See https://github.com/pytorch/pytorch/blob/main/SECURITY.md#untrusted-models for more details). In a future release, the default value for `weights_only` will be flipped to `True`. This limits the functions that could be executed during unpickling. Arbitrary objects will no longer be allowed to be loaded via this mode unless they are explicitly allowlisted by the user via `torch.serialization.add_safe_globals`. We recommend you start setting `weights_only=True` for any use case where you don't have full control of the loaded file. Please open an issue on GitHub for any issues related to this experimental feature.
  model.load_state_dict(torch.load(os.path.join(out_dir, 'best_model.pth')))
Final Test MSE (Best Model): 0.0352
Finished. Status: Success
