Starting Run on GPU 1
Time: 2025-12-24 20:44:06

[Run Start] Subject S006 | Mode ['SDA'] | Params: L3.0_LS0.5_LR0.0001_E64_D64_Dr0.3

[Fold 1 - SDA] Train: ['S006_T004', 'S006_T006'], Test: S006_T001, Norm: fixed
/home/sangukchoi/.conda/envs/torch_gpu/lib/python3.10/site-packages/torch/nn/modules/rnn.py:123: UserWarning: dropout option adds dropout after all but last recurrent layer, so non-zero dropout expects num_layers greater than 1, but got dropout=0.3 and num_layers=1
  warnings.warn(
  Ep 1: Train 0.8949 | Val 0.8505 | Test 0.1489
Validation loss decreased (0.850457 --> 0.850457).  Saving model ...
  Ep 2: Train 0.5452 | Val 0.7855 | Test 0.1072
Validation loss decreased (0.785470 --> 0.785470).  Saving model ...
  Ep 3: Train 0.4757 | Val 0.7365 | Test 0.0744
Validation loss decreased (0.736521 --> 0.736521).  Saving model ...
  Ep 4: Train 0.4282 | Val 0.7090 | Test 0.0685
Validation loss decreased (0.708957 --> 0.708957).  Saving model ...
  Ep 5: Train 0.4123 | Val 0.7068 | Test 0.0536
Validation loss decreased (0.706823 --> 0.706823).  Saving model ...
  Ep 6: Train 0.3887 | Val 0.6561 | Test 0.0572
Validation loss decreased (0.656091 --> 0.656091).  Saving model ...
  Ep 7: Train 0.3755 | Val 0.5979 | Test 0.0560
Validation loss decreased (0.597949 --> 0.597949).  Saving model ...
  Ep 8: Train 0.3743 | Val 0.6209 | Test 0.0571
EarlyStopping counter: 1 out of 5
  Ep 9: Train 0.3648 | Val 0.6742 | Test 0.0478
EarlyStopping counter: 2 out of 5
  Ep 10: Train 0.3588 | Val 0.5886 | Test 0.0470
Validation loss decreased (0.588557 --> 0.588557).  Saving model ...
  Ep 11: Train 0.3548 | Val 0.6087 | Test 0.0456
EarlyStopping counter: 1 out of 5
  Ep 12: Train 0.3527 | Val 0.5910 | Test 0.0488
EarlyStopping counter: 2 out of 5
  Ep 13: Train 0.3534 | Val 0.5767 | Test 0.0481
Validation loss decreased (0.576716 --> 0.576716).  Saving model ...
  Ep 14: Train 0.3489 | Val 0.5792 | Test 0.0457
EarlyStopping counter: 1 out of 5
  Ep 15: Train 0.3444 | Val 0.5398 | Test 0.0499
Validation loss decreased (0.539814 --> 0.539814).  Saving model ...
  Ep 16: Train 0.3339 | Val 0.5918 | Test 0.0476
EarlyStopping counter: 1 out of 5
  Ep 17: Train 0.3386 | Val 0.5464 | Test 0.0479
EarlyStopping counter: 2 out of 5
  Ep 18: Train 0.3402 | Val 0.5283 | Test 0.0495
Validation loss decreased (0.528346 --> 0.528346).  Saving model ...
  Ep 19: Train 0.3348 | Val 0.5852 | Test 0.0480
EarlyStopping counter: 1 out of 5
  Ep 20: Train 0.3274 | Val 0.5701 | Test 0.0414
EarlyStopping counter: 2 out of 5
  Ep 21: Train 0.3308 | Val 0.5825 | Test 0.0422
EarlyStopping counter: 3 out of 5
  Ep 22: Train 0.3287 | Val 0.5459 | Test 0.0430
EarlyStopping counter: 4 out of 5
  Ep 23: Train 0.3225 | Val 0.4974 | Test 0.0494
Validation loss decreased (0.497365 --> 0.497365).  Saving model ...
  Ep 24: Train 0.3219 | Val 0.5323 | Test 0.0419
EarlyStopping counter: 1 out of 5
  Ep 25: Train 0.3152 | Val 0.5185 | Test 0.0426
EarlyStopping counter: 2 out of 5
  Ep 26: Train 0.3140 | Val 0.5177 | Test 0.0444
EarlyStopping counter: 3 out of 5
  Ep 27: Train 0.3122 | Val 0.5226 | Test 0.0498
EarlyStopping counter: 4 out of 5
  Ep 28: Train 0.3065 | Val 0.5080 | Test 0.0456
EarlyStopping counter: 5 out of 5
Early stopping triggered!
/home/sangukchoi/Stroke_SDA/sda_training.py:615: FutureWarning: You are using `torch.load` with `weights_only=False` (the current default value), which uses the default pickle module implicitly. It is possible to construct malicious pickle data which will execute arbitrary code during unpickling (See https://github.com/pytorch/pytorch/blob/main/SECURITY.md#untrusted-models for more details). In a future release, the default value for `weights_only` will be flipped to `True`. This limits the functions that could be executed during unpickling. Arbitrary objects will no longer be allowed to be loaded via this mode unless they are explicitly allowlisted by the user via `torch.serialization.add_safe_globals`. We recommend you start setting `weights_only=True` for any use case where you don't have full control of the loaded file. Please open an issue on GitHub for any issues related to this experimental feature.
  model.load_state_dict(torch.load(os.path.join(out_dir, 'best_model.pth')))
Final Test MSE (Best Model): 0.0494
Finished. Status: Success
