Starting Run on GPU 3
Time: 2025-12-24 20:23:19

[Run Start] Subject S006 | Mode ['SDA'] | Params: L2.5_LS1.0_LR0.0001_E64_D128_Dr0.3

[Fold 1 - SDA] Train: ['S006_T004', 'S006_T006'], Test: S006_T001, Norm: fixed
/home/sangukchoi/.conda/envs/torch_gpu/lib/python3.10/site-packages/torch/nn/modules/rnn.py:123: UserWarning: dropout option adds dropout after all but last recurrent layer, so non-zero dropout expects num_layers greater than 1, but got dropout=0.3 and num_layers=1
  warnings.warn(
  Ep 1: Train 0.8176 | Val 0.7119 | Test 0.0968
Validation loss decreased (0.711873 --> 0.711873).  Saving model ...
  Ep 2: Train 0.5220 | Val 0.6195 | Test 0.0841
Validation loss decreased (0.619497 --> 0.619497).  Saving model ...
  Ep 3: Train 0.4455 | Val 0.6055 | Test 0.0554
Validation loss decreased (0.605512 --> 0.605512).  Saving model ...
  Ep 4: Train 0.4013 | Val 0.5876 | Test 0.0578
Validation loss decreased (0.587626 --> 0.587626).  Saving model ...
  Ep 5: Train 0.3766 | Val 0.5009 | Test 0.0698
Validation loss decreased (0.500936 --> 0.500936).  Saving model ...
  Ep 6: Train 0.3667 | Val 0.5264 | Test 0.0525
EarlyStopping counter: 1 out of 5
  Ep 7: Train 0.3587 | Val 0.4924 | Test 0.0525
Validation loss decreased (0.492378 --> 0.492378).  Saving model ...
  Ep 8: Train 0.3496 | Val 0.5262 | Test 0.0466
EarlyStopping counter: 1 out of 5
  Ep 9: Train 0.3470 | Val 0.4950 | Test 0.0466
EarlyStopping counter: 2 out of 5
  Ep 10: Train 0.3439 | Val 0.4906 | Test 0.0470
Validation loss decreased (0.490647 --> 0.490647).  Saving model ...
  Ep 11: Train 0.3438 | Val 0.4780 | Test 0.0423
Validation loss decreased (0.478047 --> 0.478047).  Saving model ...
  Ep 12: Train 0.3370 | Val 0.4742 | Test 0.0401
Validation loss decreased (0.474208 --> 0.474208).  Saving model ...
  Ep 13: Train 0.3344 | Val 0.4910 | Test 0.0445
EarlyStopping counter: 1 out of 5
  Ep 14: Train 0.3327 | Val 0.4733 | Test 0.0449
Validation loss decreased (0.473252 --> 0.473252).  Saving model ...
  Ep 15: Train 0.3297 | Val 0.4491 | Test 0.0409
Validation loss decreased (0.449101 --> 0.449101).  Saving model ...
  Ep 16: Train 0.3257 | Val 0.4960 | Test 0.0406
EarlyStopping counter: 1 out of 5
  Ep 17: Train 0.3229 | Val 0.4765 | Test 0.0475
EarlyStopping counter: 2 out of 5
  Ep 18: Train 0.3219 | Val 0.4818 | Test 0.0431
EarlyStopping counter: 3 out of 5
  Ep 19: Train 0.3196 | Val 0.4582 | Test 0.0497
EarlyStopping counter: 4 out of 5
  Ep 20: Train 0.3169 | Val 0.4335 | Test 0.0375
Validation loss decreased (0.433547 --> 0.433547).  Saving model ...
  Ep 21: Train 0.3172 | Val 0.4224 | Test 0.0404
Validation loss decreased (0.422441 --> 0.422441).  Saving model ...
  Ep 22: Train 0.3152 | Val 0.4372 | Test 0.0424
EarlyStopping counter: 1 out of 5
  Ep 23: Train 0.3170 | Val 0.4497 | Test 0.0447
EarlyStopping counter: 2 out of 5
  Ep 24: Train 0.3155 | Val 0.4356 | Test 0.0379
EarlyStopping counter: 3 out of 5
  Ep 25: Train 0.3133 | Val 0.4415 | Test 0.0438
EarlyStopping counter: 4 out of 5
  Ep 26: Train 0.3121 | Val 0.4578 | Test 0.0383
EarlyStopping counter: 5 out of 5
Early stopping triggered!
/home/sangukchoi/Stroke_SDA/sda_training.py:615: FutureWarning: You are using `torch.load` with `weights_only=False` (the current default value), which uses the default pickle module implicitly. It is possible to construct malicious pickle data which will execute arbitrary code during unpickling (See https://github.com/pytorch/pytorch/blob/main/SECURITY.md#untrusted-models for more details). In a future release, the default value for `weights_only` will be flipped to `True`. This limits the functions that could be executed during unpickling. Arbitrary objects will no longer be allowed to be loaded via this mode unless they are explicitly allowlisted by the user via `torch.serialization.add_safe_globals`. We recommend you start setting `weights_only=True` for any use case where you don't have full control of the loaded file. Please open an issue on GitHub for any issues related to this experimental feature.
  model.load_state_dict(torch.load(os.path.join(out_dir, 'best_model.pth')))
Final Test MSE (Best Model): 0.0404
Finished. Status: Success
