Starting Run on GPU 2
Time: 2025-12-24 19:22:22

[Run Start] Subject S006 | Mode ['SDA'] | Params: L2.0_LS0.7_LR0.0001_E128_D128_Dr0.3

[Fold 1 - SDA] Train: ['S006_T004', 'S006_T006'], Test: S006_T001, Norm: fixed
/home/sangukchoi/.conda/envs/torch_gpu/lib/python3.10/site-packages/torch/nn/modules/rnn.py:123: UserWarning: dropout option adds dropout after all but last recurrent layer, so non-zero dropout expects num_layers greater than 1, but got dropout=0.3 and num_layers=1
  warnings.warn(
  Ep 1: Train 0.5526 | Val 0.5051 | Test 0.0723
Validation loss decreased (0.505107 --> 0.505107).  Saving model ...
  Ep 2: Train 0.3482 | Val 0.4706 | Test 0.0527
Validation loss decreased (0.470557 --> 0.470557).  Saving model ...
  Ep 3: Train 0.2986 | Val 0.4294 | Test 0.0515
Validation loss decreased (0.429405 --> 0.429405).  Saving model ...
  Ep 4: Train 0.2820 | Val 0.4064 | Test 0.0484
Validation loss decreased (0.406420 --> 0.406420).  Saving model ...
  Ep 5: Train 0.2659 | Val 0.3884 | Test 0.0474
Validation loss decreased (0.388420 --> 0.388420).  Saving model ...
  Ep 6: Train 0.2598 | Val 0.3880 | Test 0.0433
EarlyStopping counter: 1 out of 5
  Ep 7: Train 0.2578 | Val 0.3788 | Test 0.0442
Validation loss decreased (0.378811 --> 0.378811).  Saving model ...
  Ep 8: Train 0.2553 | Val 0.4360 | Test 0.0487
EarlyStopping counter: 1 out of 5
  Ep 9: Train 0.2475 | Val 0.3586 | Test 0.0491
Validation loss decreased (0.358576 --> 0.358576).  Saving model ...
  Ep 10: Train 0.2479 | Val 0.3761 | Test 0.0457
EarlyStopping counter: 1 out of 5
  Ep 11: Train 0.2487 | Val 0.3665 | Test 0.0498
EarlyStopping counter: 2 out of 5
  Ep 12: Train 0.2461 | Val 0.3692 | Test 0.0459
EarlyStopping counter: 3 out of 5
  Ep 13: Train 0.2432 | Val 0.4004 | Test 0.0364
EarlyStopping counter: 4 out of 5
  Ep 14: Train 0.2366 | Val 0.3285 | Test 0.0452
Validation loss decreased (0.328473 --> 0.328473).  Saving model ...
  Ep 15: Train 0.2388 | Val 0.3672 | Test 0.0459
EarlyStopping counter: 1 out of 5
  Ep 16: Train 0.2382 | Val 0.3258 | Test 0.0397
Validation loss decreased (0.325803 --> 0.325803).  Saving model ...
  Ep 17: Train 0.2332 | Val 0.3414 | Test 0.0442
EarlyStopping counter: 1 out of 5
  Ep 18: Train 0.2335 | Val 0.3473 | Test 0.0389
EarlyStopping counter: 2 out of 5
  Ep 19: Train 0.2321 | Val 0.4056 | Test 0.0434
EarlyStopping counter: 3 out of 5
  Ep 20: Train 0.2287 | Val 0.3446 | Test 0.0449
EarlyStopping counter: 4 out of 5
  Ep 21: Train 0.2313 | Val 0.3986 | Test 0.0470
EarlyStopping counter: 5 out of 5
Early stopping triggered!
/home/sangukchoi/Stroke_SDA/sda_training.py:615: FutureWarning: You are using `torch.load` with `weights_only=False` (the current default value), which uses the default pickle module implicitly. It is possible to construct malicious pickle data which will execute arbitrary code during unpickling (See https://github.com/pytorch/pytorch/blob/main/SECURITY.md#untrusted-models for more details). In a future release, the default value for `weights_only` will be flipped to `True`. This limits the functions that could be executed during unpickling. Arbitrary objects will no longer be allowed to be loaded via this mode unless they are explicitly allowlisted by the user via `torch.serialization.add_safe_globals`. We recommend you start setting `weights_only=True` for any use case where you don't have full control of the loaded file. Please open an issue on GitHub for any issues related to this experimental feature.
  model.load_state_dict(torch.load(os.path.join(out_dir, 'best_model.pth')))
Final Test MSE (Best Model): 0.0397
Finished. Status: Success
