Starting Run on GPU 3
Time: 2025-12-24 20:42:32

[Run Start] Subject S006 | Mode ['SDA'] | Params: L3.0_LS0.5_LR0.0001_E64_D32_Dr0.3

[Fold 1 - SDA] Train: ['S006_T004', 'S006_T006'], Test: S006_T001, Norm: fixed
/home/sangukchoi/.conda/envs/torch_gpu/lib/python3.10/site-packages/torch/nn/modules/rnn.py:123: UserWarning: dropout option adds dropout after all but last recurrent layer, so non-zero dropout expects num_layers greater than 1, but got dropout=0.3 and num_layers=1
  warnings.warn(
  Ep 1: Train 1.0033 | Val 0.9169 | Test 0.2354
Validation loss decreased (0.916948 --> 0.916948).  Saving model ...
  Ep 2: Train 0.6500 | Val 0.8070 | Test 0.1544
Validation loss decreased (0.806953 --> 0.806953).  Saving model ...
  Ep 3: Train 0.5817 | Val 0.7975 | Test 0.1197
Validation loss decreased (0.797497 --> 0.797497).  Saving model ...
  Ep 4: Train 0.5084 | Val 0.6745 | Test 0.0783
Validation loss decreased (0.674463 --> 0.674463).  Saving model ...
  Ep 5: Train 0.4536 | Val 0.6650 | Test 0.0627
Validation loss decreased (0.664958 --> 0.664958).  Saving model ...
  Ep 6: Train 0.4215 | Val 0.6265 | Test 0.0621
Validation loss decreased (0.626520 --> 0.626520).  Saving model ...
  Ep 7: Train 0.3917 | Val 0.5594 | Test 0.0548
Validation loss decreased (0.559446 --> 0.559446).  Saving model ...
  Ep 8: Train 0.3711 | Val 0.5377 | Test 0.0546
Validation loss decreased (0.537718 --> 0.537718).  Saving model ...
  Ep 9: Train 0.3651 | Val 0.5907 | Test 0.0590
EarlyStopping counter: 1 out of 5
  Ep 10: Train 0.3537 | Val 0.5529 | Test 0.0523
EarlyStopping counter: 2 out of 5
  Ep 11: Train 0.3504 | Val 0.5722 | Test 0.0440
EarlyStopping counter: 3 out of 5
  Ep 12: Train 0.3441 | Val 0.5801 | Test 0.0455
EarlyStopping counter: 4 out of 5
  Ep 13: Train 0.3402 | Val 0.5586 | Test 0.0455
EarlyStopping counter: 5 out of 5
Early stopping triggered!
/home/sangukchoi/Stroke_SDA/sda_training.py:615: FutureWarning: You are using `torch.load` with `weights_only=False` (the current default value), which uses the default pickle module implicitly. It is possible to construct malicious pickle data which will execute arbitrary code during unpickling (See https://github.com/pytorch/pytorch/blob/main/SECURITY.md#untrusted-models for more details). In a future release, the default value for `weights_only` will be flipped to `True`. This limits the functions that could be executed during unpickling. Arbitrary objects will no longer be allowed to be loaded via this mode unless they are explicitly allowlisted by the user via `torch.serialization.add_safe_globals`. We recommend you start setting `weights_only=True` for any use case where you don't have full control of the loaded file. Please open an issue on GitHub for any issues related to this experimental feature.
  model.load_state_dict(torch.load(os.path.join(out_dir, 'best_model.pth')))
Final Test MSE (Best Model): 0.0546
Finished. Status: Success
