Starting Run on GPU 1
Time: 2025-12-24 19:30:45

[Run Start] Subject S006 | Mode ['SDA'] | Params: L2.0_LS1.0_LR0.0001_E64_D64_Dr0.3

[Fold 1 - SDA] Train: ['S006_T004', 'S006_T006'], Test: S006_T001, Norm: fixed
/home/sangukchoi/.conda/envs/torch_gpu/lib/python3.10/site-packages/torch/nn/modules/rnn.py:123: UserWarning: dropout option adds dropout after all but last recurrent layer, so non-zero dropout expects num_layers greater than 1, but got dropout=0.3 and num_layers=1
  warnings.warn(
  Ep 1: Train 0.7710 | Val 0.6380 | Test 0.0954
Validation loss decreased (0.637989 --> 0.637989).  Saving model ...
  Ep 2: Train 0.4472 | Val 0.4970 | Test 0.0757
Validation loss decreased (0.497011 --> 0.497011).  Saving model ...
  Ep 3: Train 0.3672 | Val 0.5080 | Test 0.0662
EarlyStopping counter: 1 out of 5
  Ep 4: Train 0.3260 | Val 0.4707 | Test 0.0607
Validation loss decreased (0.470655 --> 0.470655).  Saving model ...
  Ep 5: Train 0.3129 | Val 0.4358 | Test 0.0468
Validation loss decreased (0.435776 --> 0.435776).  Saving model ...
  Ep 6: Train 0.2983 | Val 0.3941 | Test 0.0457
Validation loss decreased (0.394148 --> 0.394148).  Saving model ...
  Ep 7: Train 0.2901 | Val 0.3650 | Test 0.0452
Validation loss decreased (0.365037 --> 0.365037).  Saving model ...
  Ep 8: Train 0.2826 | Val 0.3841 | Test 0.0451
EarlyStopping counter: 1 out of 5
  Ep 9: Train 0.2797 | Val 0.3848 | Test 0.0411
EarlyStopping counter: 2 out of 5
  Ep 10: Train 0.2703 | Val 0.3824 | Test 0.0394
EarlyStopping counter: 3 out of 5
  Ep 11: Train 0.2667 | Val 0.3599 | Test 0.0489
Validation loss decreased (0.359889 --> 0.359889).  Saving model ...
  Ep 12: Train 0.2648 | Val 0.3899 | Test 0.0401
EarlyStopping counter: 1 out of 5
  Ep 13: Train 0.2647 | Val 0.3805 | Test 0.0385
EarlyStopping counter: 2 out of 5
  Ep 14: Train 0.2574 | Val 0.3837 | Test 0.0372
EarlyStopping counter: 3 out of 5
  Ep 15: Train 0.2523 | Val 0.3746 | Test 0.0364
EarlyStopping counter: 4 out of 5
  Ep 16: Train 0.2527 | Val 0.3405 | Test 0.0405
Validation loss decreased (0.340537 --> 0.340537).  Saving model ...
  Ep 17: Train 0.2480 | Val 0.3432 | Test 0.0376
EarlyStopping counter: 1 out of 5
  Ep 18: Train 0.2476 | Val 0.3557 | Test 0.0353
EarlyStopping counter: 2 out of 5
  Ep 19: Train 0.2494 | Val 0.3686 | Test 0.0388
EarlyStopping counter: 3 out of 5
  Ep 20: Train 0.2418 | Val 0.3436 | Test 0.0407
EarlyStopping counter: 4 out of 5
  Ep 21: Train 0.2416 | Val 0.3489 | Test 0.0373
EarlyStopping counter: 5 out of 5
Early stopping triggered!
/home/sangukchoi/Stroke_SDA/sda_training.py:615: FutureWarning: You are using `torch.load` with `weights_only=False` (the current default value), which uses the default pickle module implicitly. It is possible to construct malicious pickle data which will execute arbitrary code during unpickling (See https://github.com/pytorch/pytorch/blob/main/SECURITY.md#untrusted-models for more details). In a future release, the default value for `weights_only` will be flipped to `True`. This limits the functions that could be executed during unpickling. Arbitrary objects will no longer be allowed to be loaded via this mode unless they are explicitly allowlisted by the user via `torch.serialization.add_safe_globals`. We recommend you start setting `weights_only=True` for any use case where you don't have full control of the loaded file. Please open an issue on GitHub for any issues related to this experimental feature.
  model.load_state_dict(torch.load(os.path.join(out_dir, 'best_model.pth')))
Final Test MSE (Best Model): 0.0405
Finished. Status: Success
