Starting Run on GPU 0
Time: 2025-12-24 18:19:39

[Run Start] Subject S006 | Mode ['SDA'] | Params: L0.5_LS1.0_LR0.0001_E64_D32_Dr0.3

[Fold 1 - SDA] Train: ['S006_T004', 'S006_T006'], Test: S006_T001, Norm: fixed
/home/sangukchoi/.conda/envs/torch_gpu/lib/python3.10/site-packages/torch/nn/modules/rnn.py:123: UserWarning: dropout option adds dropout after all but last recurrent layer, so non-zero dropout expects num_layers greater than 1, but got dropout=0.3 and num_layers=1
  warnings.warn(
  Ep 1: Train 0.4292 | Val 0.2144 | Test 0.0492
Validation loss decreased (0.214436 --> 0.214436).  Saving model ...
  Ep 2: Train 0.1539 | Val 0.1389 | Test 0.0574
Validation loss decreased (0.138943 --> 0.138943).  Saving model ...
  Ep 3: Train 0.1173 | Val 0.1265 | Test 0.0537
Validation loss decreased (0.126456 --> 0.126456).  Saving model ...
  Ep 4: Train 0.1054 | Val 0.1109 | Test 0.0405
Validation loss decreased (0.110857 --> 0.110857).  Saving model ...
  Ep 5: Train 0.1010 | Val 0.1077 | Test 0.0341
Validation loss decreased (0.107662 --> 0.107662).  Saving model ...
  Ep 6: Train 0.0979 | Val 0.1093 | Test 0.0386
EarlyStopping counter: 1 out of 5
  Ep 7: Train 0.0971 | Val 0.1109 | Test 0.0319
EarlyStopping counter: 2 out of 5
  Ep 8: Train 0.0953 | Val 0.1096 | Test 0.0294
EarlyStopping counter: 3 out of 5
  Ep 9: Train 0.0931 | Val 0.1145 | Test 0.0299
EarlyStopping counter: 4 out of 5
  Ep 10: Train 0.0926 | Val 0.1016 | Test 0.0313
Validation loss decreased (0.101621 --> 0.101621).  Saving model ...
  Ep 11: Train 0.0919 | Val 0.1091 | Test 0.0290
EarlyStopping counter: 1 out of 5
  Ep 12: Train 0.0905 | Val 0.1098 | Test 0.0278
EarlyStopping counter: 2 out of 5
  Ep 13: Train 0.0903 | Val 0.1023 | Test 0.0290
EarlyStopping counter: 3 out of 5
  Ep 14: Train 0.0904 | Val 0.1115 | Test 0.0288
EarlyStopping counter: 4 out of 5
  Ep 15: Train 0.0883 | Val 0.1029 | Test 0.0311
EarlyStopping counter: 5 out of 5
Early stopping triggered!
/home/sangukchoi/Stroke_SDA/sda_training.py:615: FutureWarning: You are using `torch.load` with `weights_only=False` (the current default value), which uses the default pickle module implicitly. It is possible to construct malicious pickle data which will execute arbitrary code during unpickling (See https://github.com/pytorch/pytorch/blob/main/SECURITY.md#untrusted-models for more details). In a future release, the default value for `weights_only` will be flipped to `True`. This limits the functions that could be executed during unpickling. Arbitrary objects will no longer be allowed to be loaded via this mode unless they are explicitly allowlisted by the user via `torch.serialization.add_safe_globals`. We recommend you start setting `weights_only=True` for any use case where you don't have full control of the loaded file. Please open an issue on GitHub for any issues related to this experimental feature.
  model.load_state_dict(torch.load(os.path.join(out_dir, 'best_model.pth')))
Final Test MSE (Best Model): 0.0313
Finished. Status: Success
