Starting Run on GPU 2
Time: 2025-12-24 19:57:55

[Run Start] Subject S006 | Mode ['SDA'] | Params: L2.5_LS0.5_LR0.0001_E128_D32_Dr0.3

[Fold 1 - SDA] Train: ['S006_T004', 'S006_T006'], Test: S006_T001, Norm: fixed
/home/sangukchoi/.conda/envs/torch_gpu/lib/python3.10/site-packages/torch/nn/modules/rnn.py:123: UserWarning: dropout option adds dropout after all but last recurrent layer, so non-zero dropout expects num_layers greater than 1, but got dropout=0.3 and num_layers=1
  warnings.warn(
  Ep 1: Train 0.6937 | Val 0.7305 | Test 0.1165
Validation loss decreased (0.730493 --> 0.730493).  Saving model ...
  Ep 2: Train 0.4340 | Val 0.5919 | Test 0.0702
Validation loss decreased (0.591918 --> 0.591918).  Saving model ...
  Ep 3: Train 0.3576 | Val 0.5147 | Test 0.0592
Validation loss decreased (0.514685 --> 0.514685).  Saving model ...
  Ep 4: Train 0.3237 | Val 0.4747 | Test 0.0585
Validation loss decreased (0.474713 --> 0.474713).  Saving model ...
  Ep 5: Train 0.3080 | Val 0.4787 | Test 0.0507
EarlyStopping counter: 1 out of 5
  Ep 6: Train 0.3008 | Val 0.4694 | Test 0.0505
Validation loss decreased (0.469436 --> 0.469436).  Saving model ...
  Ep 7: Train 0.3004 | Val 0.4717 | Test 0.0580
EarlyStopping counter: 1 out of 5
  Ep 8: Train 0.2897 | Val 0.4498 | Test 0.0478
Validation loss decreased (0.449827 --> 0.449827).  Saving model ...
  Ep 9: Train 0.2898 | Val 0.4662 | Test 0.0513
EarlyStopping counter: 1 out of 5
  Ep 10: Train 0.2818 | Val 0.5032 | Test 0.0445
EarlyStopping counter: 2 out of 5
  Ep 11: Train 0.2780 | Val 0.4434 | Test 0.0420
Validation loss decreased (0.443448 --> 0.443448).  Saving model ...
  Ep 12: Train 0.2811 | Val 0.4676 | Test 0.0496
EarlyStopping counter: 1 out of 5
  Ep 13: Train 0.2755 | Val 0.4336 | Test 0.0469
Validation loss decreased (0.433607 --> 0.433607).  Saving model ...
  Ep 14: Train 0.2757 | Val 0.4332 | Test 0.0467
EarlyStopping counter: 1 out of 5
  Ep 15: Train 0.2767 | Val 0.4674 | Test 0.0467
EarlyStopping counter: 2 out of 5
  Ep 16: Train 0.2714 | Val 0.4785 | Test 0.0410
EarlyStopping counter: 3 out of 5
  Ep 17: Train 0.2752 | Val 0.4679 | Test 0.0421
EarlyStopping counter: 4 out of 5
  Ep 18: Train 0.2645 | Val 0.5092 | Test 0.0379
EarlyStopping counter: 5 out of 5
Early stopping triggered!
/home/sangukchoi/Stroke_SDA/sda_training.py:615: FutureWarning: You are using `torch.load` with `weights_only=False` (the current default value), which uses the default pickle module implicitly. It is possible to construct malicious pickle data which will execute arbitrary code during unpickling (See https://github.com/pytorch/pytorch/blob/main/SECURITY.md#untrusted-models for more details). In a future release, the default value for `weights_only` will be flipped to `True`. This limits the functions that could be executed during unpickling. Arbitrary objects will no longer be allowed to be loaded via this mode unless they are explicitly allowlisted by the user via `torch.serialization.add_safe_globals`. We recommend you start setting `weights_only=True` for any use case where you don't have full control of the loaded file. Please open an issue on GitHub for any issues related to this experimental feature.
  model.load_state_dict(torch.load(os.path.join(out_dir, 'best_model.pth')))
Final Test MSE (Best Model): 0.0469
Finished. Status: Success
