Starting Run on GPU 3
Time: 2025-12-24 18:32:27

[Run Start] Subject S006 | Mode ['SDA'] | Params: L1.0_LS0.7_LR0.0001_E64_D64_Dr0.3

[Fold 1 - SDA] Train: ['S006_T004', 'S006_T006'], Test: S006_T001, Norm: fixed
/home/sangukchoi/.conda/envs/torch_gpu/lib/python3.10/site-packages/torch/nn/modules/rnn.py:123: UserWarning: dropout option adds dropout after all but last recurrent layer, so non-zero dropout expects num_layers greater than 1, but got dropout=0.3 and num_layers=1
  warnings.warn(
  Ep 1: Train 0.4789 | Val 0.3124 | Test 0.0627
Validation loss decreased (0.312384 --> 0.312384).  Saving model ...
  Ep 2: Train 0.2348 | Val 0.2562 | Test 0.0475
Validation loss decreased (0.256217 --> 0.256217).  Saving model ...
  Ep 3: Train 0.1946 | Val 0.2451 | Test 0.0463
Validation loss decreased (0.245145 --> 0.245145).  Saving model ...
  Ep 4: Train 0.1766 | Val 0.2154 | Test 0.0467
Validation loss decreased (0.215369 --> 0.215369).  Saving model ...
  Ep 5: Train 0.1611 | Val 0.2009 | Test 0.0445
Validation loss decreased (0.200930 --> 0.200930).  Saving model ...
  Ep 6: Train 0.1529 | Val 0.1968 | Test 0.0405
Validation loss decreased (0.196753 --> 0.196753).  Saving model ...
  Ep 7: Train 0.1486 | Val 0.2054 | Test 0.0387
EarlyStopping counter: 1 out of 5
  Ep 8: Train 0.1446 | Val 0.1939 | Test 0.0451
Validation loss decreased (0.193898 --> 0.193898).  Saving model ...
  Ep 9: Train 0.1436 | Val 0.1817 | Test 0.0426
Validation loss decreased (0.181704 --> 0.181704).  Saving model ...
  Ep 10: Train 0.1390 | Val 0.1851 | Test 0.0392
EarlyStopping counter: 1 out of 5
  Ep 11: Train 0.1403 | Val 0.1876 | Test 0.0385
EarlyStopping counter: 2 out of 5
  Ep 12: Train 0.1375 | Val 0.1783 | Test 0.0364
Validation loss decreased (0.178305 --> 0.178305).  Saving model ...
  Ep 13: Train 0.1369 | Val 0.1818 | Test 0.0329
EarlyStopping counter: 1 out of 5
  Ep 14: Train 0.1340 | Val 0.1758 | Test 0.0354
Validation loss decreased (0.175778 --> 0.175778).  Saving model ...
  Ep 15: Train 0.1327 | Val 0.1667 | Test 0.0363
Validation loss decreased (0.166679 --> 0.166679).  Saving model ...
  Ep 16: Train 0.1296 | Val 0.1799 | Test 0.0332
EarlyStopping counter: 1 out of 5
  Ep 17: Train 0.1286 | Val 0.1805 | Test 0.0333
EarlyStopping counter: 2 out of 5
  Ep 18: Train 0.1274 | Val 0.1822 | Test 0.0392
EarlyStopping counter: 3 out of 5
  Ep 19: Train 0.1265 | Val 0.1696 | Test 0.0293
EarlyStopping counter: 4 out of 5
  Ep 20: Train 0.1319 | Val 0.1529 | Test 0.0315
Validation loss decreased (0.152850 --> 0.152850).  Saving model ...
  Ep 21: Train 0.1266 | Val 0.1687 | Test 0.0347
EarlyStopping counter: 1 out of 5
  Ep 22: Train 0.1259 | Val 0.1686 | Test 0.0304
EarlyStopping counter: 2 out of 5
  Ep 23: Train 0.1235 | Val 0.1555 | Test 0.0292
EarlyStopping counter: 3 out of 5
  Ep 24: Train 0.1236 | Val 0.1644 | Test 0.0274
EarlyStopping counter: 4 out of 5
  Ep 25: Train 0.1201 | Val 0.1728 | Test 0.0247
EarlyStopping counter: 5 out of 5
Early stopping triggered!
/home/sangukchoi/Stroke_SDA/sda_training.py:615: FutureWarning: You are using `torch.load` with `weights_only=False` (the current default value), which uses the default pickle module implicitly. It is possible to construct malicious pickle data which will execute arbitrary code during unpickling (See https://github.com/pytorch/pytorch/blob/main/SECURITY.md#untrusted-models for more details). In a future release, the default value for `weights_only` will be flipped to `True`. This limits the functions that could be executed during unpickling. Arbitrary objects will no longer be allowed to be loaded via this mode unless they are explicitly allowlisted by the user via `torch.serialization.add_safe_globals`. We recommend you start setting `weights_only=True` for any use case where you don't have full control of the loaded file. Please open an issue on GitHub for any issues related to this experimental feature.
  model.load_state_dict(torch.load(os.path.join(out_dir, 'best_model.pth')))
Final Test MSE (Best Model): 0.0315
Finished. Status: Success
