Starting Run on GPU 1
Time: 2025-12-24 18:43:22

[Run Start] Subject S006 | Mode ['SDA'] | Params: L1.0_LS1.0_LR0.0001_E64_D128_Dr0.3

[Fold 1 - SDA] Train: ['S006_T004', 'S006_T006'], Test: S006_T001, Norm: fixed
/home/sangukchoi/.conda/envs/torch_gpu/lib/python3.10/site-packages/torch/nn/modules/rnn.py:123: UserWarning: dropout option adds dropout after all but last recurrent layer, so non-zero dropout expects num_layers greater than 1, but got dropout=0.3 and num_layers=1
  warnings.warn(
  Ep 1: Train 0.4708 | Val 0.3430 | Test 0.0540
Validation loss decreased (0.343031 --> 0.343031).  Saving model ...
  Ep 2: Train 0.2300 | Val 0.2489 | Test 0.0408
Validation loss decreased (0.248909 --> 0.248909).  Saving model ...
  Ep 3: Train 0.1863 | Val 0.2202 | Test 0.0428
Validation loss decreased (0.220164 --> 0.220164).  Saving model ...
  Ep 4: Train 0.1714 | Val 0.2160 | Test 0.0403
Validation loss decreased (0.215991 --> 0.215991).  Saving model ...
  Ep 5: Train 0.1709 | Val 0.1925 | Test 0.0441
Validation loss decreased (0.192502 --> 0.192502).  Saving model ...
  Ep 6: Train 0.1668 | Val 0.2009 | Test 0.0406
EarlyStopping counter: 1 out of 5
  Ep 7: Train 0.1625 | Val 0.1841 | Test 0.0392
Validation loss decreased (0.184123 --> 0.184123).  Saving model ...
  Ep 8: Train 0.1596 | Val 0.1922 | Test 0.0356
EarlyStopping counter: 1 out of 5
  Ep 9: Train 0.1596 | Val 0.1849 | Test 0.0380
EarlyStopping counter: 2 out of 5
  Ep 10: Train 0.1568 | Val 0.1802 | Test 0.0351
Validation loss decreased (0.180216 --> 0.180216).  Saving model ...
  Ep 11: Train 0.1564 | Val 0.1766 | Test 0.0364
Validation loss decreased (0.176586 --> 0.176586).  Saving model ...
  Ep 12: Train 0.1557 | Val 0.1829 | Test 0.0378
EarlyStopping counter: 1 out of 5
  Ep 13: Train 0.1530 | Val 0.1713 | Test 0.0374
Validation loss decreased (0.171341 --> 0.171341).  Saving model ...
  Ep 14: Train 0.1518 | Val 0.1797 | Test 0.0350
EarlyStopping counter: 1 out of 5
  Ep 15: Train 0.1512 | Val 0.1770 | Test 0.0357
EarlyStopping counter: 2 out of 5
  Ep 16: Train 0.1481 | Val 0.1959 | Test 0.0350
EarlyStopping counter: 3 out of 5
  Ep 17: Train 0.1465 | Val 0.1875 | Test 0.0335
EarlyStopping counter: 4 out of 5
  Ep 18: Train 0.1457 | Val 0.1741 | Test 0.0330
EarlyStopping counter: 5 out of 5
Early stopping triggered!
/home/sangukchoi/Stroke_SDA/sda_training.py:615: FutureWarning: You are using `torch.load` with `weights_only=False` (the current default value), which uses the default pickle module implicitly. It is possible to construct malicious pickle data which will execute arbitrary code during unpickling (See https://github.com/pytorch/pytorch/blob/main/SECURITY.md#untrusted-models for more details). In a future release, the default value for `weights_only` will be flipped to `True`. This limits the functions that could be executed during unpickling. Arbitrary objects will no longer be allowed to be loaded via this mode unless they are explicitly allowlisted by the user via `torch.serialization.add_safe_globals`. We recommend you start setting `weights_only=True` for any use case where you don't have full control of the loaded file. Please open an issue on GitHub for any issues related to this experimental feature.
  model.load_state_dict(torch.load(os.path.join(out_dir, 'best_model.pth')))
Final Test MSE (Best Model): 0.0374
Finished. Status: Success
