Starting Run on GPU 0
Time: 2025-12-24 18:56:47

[Run Start] Subject S006 | Mode ['SDA'] | Params: L1.5_LS0.7_LR0.0001_E128_D32_Dr0.3

[Fold 1 - SDA] Train: ['S006_T004', 'S006_T006'], Test: S006_T001, Norm: fixed
/home/sangukchoi/.conda/envs/torch_gpu/lib/python3.10/site-packages/torch/nn/modules/rnn.py:123: UserWarning: dropout option adds dropout after all but last recurrent layer, so non-zero dropout expects num_layers greater than 1, but got dropout=0.3 and num_layers=1
  warnings.warn(
  Ep 1: Train 0.4927 | Val 0.3839 | Test 0.0602
Validation loss decreased (0.383916 --> 0.383916).  Saving model ...
  Ep 2: Train 0.2584 | Val 0.3202 | Test 0.0666
Validation loss decreased (0.320215 --> 0.320215).  Saving model ...
  Ep 3: Train 0.2255 | Val 0.3122 | Test 0.0469
Validation loss decreased (0.312165 --> 0.312165).  Saving model ...
  Ep 4: Train 0.2144 | Val 0.2834 | Test 0.0541
Validation loss decreased (0.283417 --> 0.283417).  Saving model ...
  Ep 5: Train 0.2039 | Val 0.2992 | Test 0.0423
EarlyStopping counter: 1 out of 5
  Ep 6: Train 0.1967 | Val 0.2760 | Test 0.0441
Validation loss decreased (0.275973 --> 0.275973).  Saving model ...
  Ep 7: Train 0.1920 | Val 0.2660 | Test 0.0370
Validation loss decreased (0.265975 --> 0.265975).  Saving model ...
  Ep 8: Train 0.1900 | Val 0.2838 | Test 0.0394
EarlyStopping counter: 1 out of 5
  Ep 9: Train 0.1826 | Val 0.2446 | Test 0.0400
Validation loss decreased (0.244577 --> 0.244577).  Saving model ...
  Ep 10: Train 0.1801 | Val 0.2512 | Test 0.0382
EarlyStopping counter: 1 out of 5
  Ep 11: Train 0.1782 | Val 0.2646 | Test 0.0520
EarlyStopping counter: 2 out of 5
  Ep 12: Train 0.1768 | Val 0.2758 | Test 0.0408
EarlyStopping counter: 3 out of 5
  Ep 13: Train 0.1742 | Val 0.2329 | Test 0.0370
Validation loss decreased (0.232909 --> 0.232909).  Saving model ...
  Ep 14: Train 0.1726 | Val 0.2751 | Test 0.0347
EarlyStopping counter: 1 out of 5
  Ep 15: Train 0.1705 | Val 0.2659 | Test 0.0396
EarlyStopping counter: 2 out of 5
  Ep 16: Train 0.1688 | Val 0.2542 | Test 0.0343
EarlyStopping counter: 3 out of 5
  Ep 17: Train 0.1696 | Val 0.2550 | Test 0.0308
EarlyStopping counter: 4 out of 5
  Ep 18: Train 0.1675 | Val 0.2433 | Test 0.0316
EarlyStopping counter: 5 out of 5
Early stopping triggered!
/home/sangukchoi/Stroke_SDA/sda_training.py:615: FutureWarning: You are using `torch.load` with `weights_only=False` (the current default value), which uses the default pickle module implicitly. It is possible to construct malicious pickle data which will execute arbitrary code during unpickling (See https://github.com/pytorch/pytorch/blob/main/SECURITY.md#untrusted-models for more details). In a future release, the default value for `weights_only` will be flipped to `True`. This limits the functions that could be executed during unpickling. Arbitrary objects will no longer be allowed to be loaded via this mode unless they are explicitly allowlisted by the user via `torch.serialization.add_safe_globals`. We recommend you start setting `weights_only=True` for any use case where you don't have full control of the loaded file. Please open an issue on GitHub for any issues related to this experimental feature.
  model.load_state_dict(torch.load(os.path.join(out_dir, 'best_model.pth')))
Final Test MSE (Best Model): 0.0370
Finished. Status: Success
