Starting Run on GPU 3
Time: 2025-12-24 18:08:07

[Run Start] Subject S006 | Mode ['SDA'] | Params: L0.5_LS0.7_LR0.0001_E64_D64_Dr0.3

[Fold 1 - SDA] Train: ['S006_T004', 'S006_T006'], Test: S006_T001, Norm: fixed
/home/sangukchoi/.conda/envs/torch_gpu/lib/python3.10/site-packages/torch/nn/modules/rnn.py:123: UserWarning: dropout option adds dropout after all but last recurrent layer, so non-zero dropout expects num_layers greater than 1, but got dropout=0.3 and num_layers=1
  warnings.warn(
  Ep 1: Train 0.3580 | Val 0.1935 | Test 0.0500
Validation loss decreased (0.193473 --> 0.193473).  Saving model ...
  Ep 2: Train 0.1332 | Val 0.1350 | Test 0.0479
Validation loss decreased (0.134967 --> 0.134967).  Saving model ...
  Ep 3: Train 0.1039 | Val 0.1195 | Test 0.0436
Validation loss decreased (0.119518 --> 0.119518).  Saving model ...
  Ep 4: Train 0.0937 | Val 0.1116 | Test 0.0407
Validation loss decreased (0.111591 --> 0.111591).  Saving model ...
  Ep 5: Train 0.0905 | Val 0.1084 | Test 0.0335
Validation loss decreased (0.108402 --> 0.108402).  Saving model ...
  Ep 6: Train 0.0872 | Val 0.1112 | Test 0.0299
EarlyStopping counter: 1 out of 5
  Ep 7: Train 0.0869 | Val 0.1019 | Test 0.0306
Validation loss decreased (0.101859 --> 0.101859).  Saving model ...
  Ep 8: Train 0.0855 | Val 0.0995 | Test 0.0298
Validation loss decreased (0.099495 --> 0.099495).  Saving model ...
  Ep 9: Train 0.0854 | Val 0.0955 | Test 0.0270
Validation loss decreased (0.095512 --> 0.095512).  Saving model ...
  Ep 10: Train 0.0844 | Val 0.0988 | Test 0.0266
EarlyStopping counter: 1 out of 5
  Ep 11: Train 0.0837 | Val 0.0968 | Test 0.0273
EarlyStopping counter: 2 out of 5
  Ep 12: Train 0.0820 | Val 0.0935 | Test 0.0295
Validation loss decreased (0.093480 --> 0.093480).  Saving model ...
  Ep 13: Train 0.0820 | Val 0.1004 | Test 0.0271
EarlyStopping counter: 1 out of 5
  Ep 14: Train 0.0811 | Val 0.0933 | Test 0.0274
EarlyStopping counter: 2 out of 5
  Ep 15: Train 0.0808 | Val 0.0881 | Test 0.0285
Validation loss decreased (0.088133 --> 0.088133).  Saving model ...
  Ep 16: Train 0.0789 | Val 0.0856 | Test 0.0296
Validation loss decreased (0.085613 --> 0.085613).  Saving model ...
  Ep 17: Train 0.0788 | Val 0.0958 | Test 0.0255
EarlyStopping counter: 1 out of 5
  Ep 18: Train 0.0783 | Val 0.0928 | Test 0.0289
EarlyStopping counter: 2 out of 5
  Ep 19: Train 0.0768 | Val 0.0837 | Test 0.0263
Validation loss decreased (0.083667 --> 0.083667).  Saving model ...
  Ep 20: Train 0.0772 | Val 0.0924 | Test 0.0309
EarlyStopping counter: 1 out of 5
  Ep 21: Train 0.0769 | Val 0.0901 | Test 0.0252
EarlyStopping counter: 2 out of 5
  Ep 22: Train 0.0764 | Val 0.0894 | Test 0.0251
EarlyStopping counter: 3 out of 5
  Ep 23: Train 0.0737 | Val 0.0916 | Test 0.0269
EarlyStopping counter: 4 out of 5
  Ep 24: Train 0.0753 | Val 0.0889 | Test 0.0251
EarlyStopping counter: 5 out of 5
Early stopping triggered!
/home/sangukchoi/Stroke_SDA/sda_training.py:615: FutureWarning: You are using `torch.load` with `weights_only=False` (the current default value), which uses the default pickle module implicitly. It is possible to construct malicious pickle data which will execute arbitrary code during unpickling (See https://github.com/pytorch/pytorch/blob/main/SECURITY.md#untrusted-models for more details). In a future release, the default value for `weights_only` will be flipped to `True`. This limits the functions that could be executed during unpickling. Arbitrary objects will no longer be allowed to be loaded via this mode unless they are explicitly allowlisted by the user via `torch.serialization.add_safe_globals`. We recommend you start setting `weights_only=True` for any use case where you don't have full control of the loaded file. Please open an issue on GitHub for any issues related to this experimental feature.
  model.load_state_dict(torch.load(os.path.join(out_dir, 'best_model.pth')))
Final Test MSE (Best Model): 0.0263
Finished. Status: Success
