Starting Run on GPU 3
Time: 2025-12-24 18:21:24

[Run Start] Subject S006 | Mode ['SDA'] | Params: L0.5_LS1.0_LR0.0001_E64_D64_Dr0.3

[Fold 1 - SDA] Train: ['S006_T004', 'S006_T006'], Test: S006_T001, Norm: fixed
/home/sangukchoi/.conda/envs/torch_gpu/lib/python3.10/site-packages/torch/nn/modules/rnn.py:123: UserWarning: dropout option adds dropout after all but last recurrent layer, so non-zero dropout expects num_layers greater than 1, but got dropout=0.3 and num_layers=1
  warnings.warn(
  Ep 1: Train 0.4125 | Val 0.2246 | Test 0.0545
Validation loss decreased (0.224581 --> 0.224581).  Saving model ...
  Ep 2: Train 0.1708 | Val 0.1565 | Test 0.0485
Validation loss decreased (0.156471 --> 0.156471).  Saving model ...
  Ep 3: Train 0.1222 | Val 0.1274 | Test 0.0467
Validation loss decreased (0.127398 --> 0.127398).  Saving model ...
  Ep 4: Train 0.1059 | Val 0.1161 | Test 0.0415
Validation loss decreased (0.116087 --> 0.116087).  Saving model ...
  Ep 5: Train 0.1001 | Val 0.1153 | Test 0.0367
Validation loss decreased (0.115340 --> 0.115340).  Saving model ...
  Ep 6: Train 0.0957 | Val 0.1079 | Test 0.0315
Validation loss decreased (0.107872 --> 0.107872).  Saving model ...
  Ep 7: Train 0.0963 | Val 0.1063 | Test 0.0338
Validation loss decreased (0.106327 --> 0.106327).  Saving model ...
  Ep 8: Train 0.0937 | Val 0.1100 | Test 0.0320
EarlyStopping counter: 1 out of 5
  Ep 9: Train 0.0925 | Val 0.1061 | Test 0.0295
EarlyStopping counter: 2 out of 5
  Ep 10: Train 0.0938 | Val 0.1069 | Test 0.0318
EarlyStopping counter: 3 out of 5
  Ep 11: Train 0.0917 | Val 0.1010 | Test 0.0310
Validation loss decreased (0.101004 --> 0.101004).  Saving model ...
  Ep 12: Train 0.0925 | Val 0.1040 | Test 0.0298
EarlyStopping counter: 1 out of 5
  Ep 13: Train 0.0900 | Val 0.1008 | Test 0.0300
EarlyStopping counter: 2 out of 5
  Ep 14: Train 0.0903 | Val 0.0980 | Test 0.0294
Validation loss decreased (0.098030 --> 0.098030).  Saving model ...
  Ep 15: Train 0.0895 | Val 0.1105 | Test 0.0314
EarlyStopping counter: 1 out of 5
  Ep 16: Train 0.0886 | Val 0.0986 | Test 0.0291
EarlyStopping counter: 2 out of 5
  Ep 17: Train 0.0893 | Val 0.0998 | Test 0.0288
EarlyStopping counter: 3 out of 5
  Ep 18: Train 0.0872 | Val 0.1042 | Test 0.0305
EarlyStopping counter: 4 out of 5
  Ep 19: Train 0.0869 | Val 0.0961 | Test 0.0347
Validation loss decreased (0.096102 --> 0.096102).  Saving model ...
  Ep 20: Train 0.0865 | Val 0.0991 | Test 0.0310
EarlyStopping counter: 1 out of 5
  Ep 21: Train 0.0872 | Val 0.1031 | Test 0.0284
EarlyStopping counter: 2 out of 5
  Ep 22: Train 0.0859 | Val 0.1016 | Test 0.0290
EarlyStopping counter: 3 out of 5
  Ep 23: Train 0.0859 | Val 0.1115 | Test 0.0289
EarlyStopping counter: 4 out of 5
  Ep 24: Train 0.0841 | Val 0.0984 | Test 0.0303
EarlyStopping counter: 5 out of 5
Early stopping triggered!
/home/sangukchoi/Stroke_SDA/sda_training.py:615: FutureWarning: You are using `torch.load` with `weights_only=False` (the current default value), which uses the default pickle module implicitly. It is possible to construct malicious pickle data which will execute arbitrary code during unpickling (See https://github.com/pytorch/pytorch/blob/main/SECURITY.md#untrusted-models for more details). In a future release, the default value for `weights_only` will be flipped to `True`. This limits the functions that could be executed during unpickling. Arbitrary objects will no longer be allowed to be loaded via this mode unless they are explicitly allowlisted by the user via `torch.serialization.add_safe_globals`. We recommend you start setting `weights_only=True` for any use case where you don't have full control of the loaded file. Please open an issue on GitHub for any issues related to this experimental feature.
  model.load_state_dict(torch.load(os.path.join(out_dir, 'best_model.pth')))
Final Test MSE (Best Model): 0.0347
Finished. Status: Success
