Starting Run on GPU 1
Time: 2025-12-24 19:01:07

[Run Start] Subject S006 | Mode ['SDA'] | Params: L1.5_LS0.7_LR0.0001_E256_D64_Dr0.3

[Fold 1 - SDA] Train: ['S006_T004', 'S006_T006'], Test: S006_T001, Norm: fixed
/home/sangukchoi/.conda/envs/torch_gpu/lib/python3.10/site-packages/torch/nn/modules/rnn.py:123: UserWarning: dropout option adds dropout after all but last recurrent layer, so non-zero dropout expects num_layers greater than 1, but got dropout=0.3 and num_layers=1
  warnings.warn(
  Ep 1: Train 0.3902 | Val 0.3713 | Test 0.0489
Validation loss decreased (0.371348 --> 0.371348).  Saving model ...
  Ep 2: Train 0.2349 | Val 0.2885 | Test 0.0533
Validation loss decreased (0.288457 --> 0.288457).  Saving model ...
  Ep 3: Train 0.2071 | Val 0.3010 | Test 0.0526
EarlyStopping counter: 1 out of 5
  Ep 4: Train 0.1986 | Val 0.2867 | Test 0.0327
Validation loss decreased (0.286725 --> 0.286725).  Saving model ...
  Ep 5: Train 0.1899 | Val 0.2389 | Test 0.0440
Validation loss decreased (0.238857 --> 0.238857).  Saving model ...
  Ep 6: Train 0.1850 | Val 0.2592 | Test 0.0300
EarlyStopping counter: 1 out of 5
  Ep 7: Train 0.1792 | Val 0.2531 | Test 0.0286
EarlyStopping counter: 2 out of 5
  Ep 8: Train 0.1775 | Val 0.2352 | Test 0.0291
Validation loss decreased (0.235208 --> 0.235208).  Saving model ...
  Ep 9: Train 0.1773 | Val 0.2429 | Test 0.0329
EarlyStopping counter: 1 out of 5
  Ep 10: Train 0.1723 | Val 0.2278 | Test 0.0260
Validation loss decreased (0.227820 --> 0.227820).  Saving model ...
  Ep 11: Train 0.1655 | Val 0.2554 | Test 0.0312
EarlyStopping counter: 1 out of 5
  Ep 12: Train 0.1644 | Val 0.2456 | Test 0.0349
EarlyStopping counter: 2 out of 5
  Ep 13: Train 0.1678 | Val 0.2214 | Test 0.0298
Validation loss decreased (0.221432 --> 0.221432).  Saving model ...
  Ep 14: Train 0.1668 | Val 0.2722 | Test 0.0253
EarlyStopping counter: 1 out of 5
  Ep 15: Train 0.1599 | Val 0.2376 | Test 0.0251
EarlyStopping counter: 2 out of 5
  Ep 16: Train 0.1634 | Val 0.2558 | Test 0.0306
EarlyStopping counter: 3 out of 5
  Ep 17: Train 0.1569 | Val 0.2309 | Test 0.0246
EarlyStopping counter: 4 out of 5
  Ep 18: Train 0.1589 | Val 0.2502 | Test 0.0260
EarlyStopping counter: 5 out of 5
Early stopping triggered!
/home/sangukchoi/Stroke_SDA/sda_training.py:615: FutureWarning: You are using `torch.load` with `weights_only=False` (the current default value), which uses the default pickle module implicitly. It is possible to construct malicious pickle data which will execute arbitrary code during unpickling (See https://github.com/pytorch/pytorch/blob/main/SECURITY.md#untrusted-models for more details). In a future release, the default value for `weights_only` will be flipped to `True`. This limits the functions that could be executed during unpickling. Arbitrary objects will no longer be allowed to be loaded via this mode unless they are explicitly allowlisted by the user via `torch.serialization.add_safe_globals`. We recommend you start setting `weights_only=True` for any use case where you don't have full control of the loaded file. Please open an issue on GitHub for any issues related to this experimental feature.
  model.load_state_dict(torch.load(os.path.join(out_dir, 'best_model.pth')))
Final Test MSE (Best Model): 0.0298
Finished. Status: Success
