Starting Run on GPU 1
Time: 2025-12-24 18:08:48

[Run Start] Subject S006 | Mode ['SDA'] | Params: L0.5_LS0.7_LR0.0001_E64_D128_Dr0.3

[Fold 1 - SDA] Train: ['S006_T004', 'S006_T006'], Test: S006_T001, Norm: fixed
/home/sangukchoi/.conda/envs/torch_gpu/lib/python3.10/site-packages/torch/nn/modules/rnn.py:123: UserWarning: dropout option adds dropout after all but last recurrent layer, so non-zero dropout expects num_layers greater than 1, but got dropout=0.3 and num_layers=1
  warnings.warn(
  Ep 1: Train 0.3371 | Val 0.1921 | Test 0.0541
Validation loss decreased (0.192114 --> 0.192114).  Saving model ...
  Ep 2: Train 0.1383 | Val 0.1466 | Test 0.0406
Validation loss decreased (0.146576 --> 0.146576).  Saving model ...
  Ep 3: Train 0.1059 | Val 0.1135 | Test 0.0432
Validation loss decreased (0.113485 --> 0.113485).  Saving model ...
  Ep 4: Train 0.0965 | Val 0.1135 | Test 0.0386
EarlyStopping counter: 1 out of 5
  Ep 5: Train 0.0939 | Val 0.1136 | Test 0.0354
EarlyStopping counter: 2 out of 5
  Ep 6: Train 0.0904 | Val 0.1087 | Test 0.0339
Validation loss decreased (0.108705 --> 0.108705).  Saving model ...
  Ep 7: Train 0.0882 | Val 0.1053 | Test 0.0329
Validation loss decreased (0.105320 --> 0.105320).  Saving model ...
  Ep 8: Train 0.0868 | Val 0.1073 | Test 0.0309
EarlyStopping counter: 1 out of 5
  Ep 9: Train 0.0847 | Val 0.1030 | Test 0.0353
Validation loss decreased (0.103048 --> 0.103048).  Saving model ...
  Ep 10: Train 0.0843 | Val 0.0987 | Test 0.0344
Validation loss decreased (0.098671 --> 0.098671).  Saving model ...
  Ep 11: Train 0.0839 | Val 0.1012 | Test 0.0337
EarlyStopping counter: 1 out of 5
  Ep 12: Train 0.0840 | Val 0.1086 | Test 0.0275
EarlyStopping counter: 2 out of 5
  Ep 13: Train 0.0830 | Val 0.1000 | Test 0.0306
EarlyStopping counter: 3 out of 5
  Ep 14: Train 0.0822 | Val 0.0957 | Test 0.0302
Validation loss decreased (0.095665 --> 0.095665).  Saving model ...
  Ep 15: Train 0.0797 | Val 0.0955 | Test 0.0301
EarlyStopping counter: 1 out of 5
  Ep 16: Train 0.0808 | Val 0.0959 | Test 0.0306
EarlyStopping counter: 2 out of 5
  Ep 17: Train 0.0796 | Val 0.0918 | Test 0.0305
Validation loss decreased (0.091783 --> 0.091783).  Saving model ...
  Ep 18: Train 0.0798 | Val 0.0992 | Test 0.0284
EarlyStopping counter: 1 out of 5
  Ep 19: Train 0.0796 | Val 0.1021 | Test 0.0281
EarlyStopping counter: 2 out of 5
  Ep 20: Train 0.0792 | Val 0.0977 | Test 0.0277
EarlyStopping counter: 3 out of 5
  Ep 21: Train 0.0771 | Val 0.0957 | Test 0.0339
EarlyStopping counter: 4 out of 5
  Ep 22: Train 0.0775 | Val 0.0905 | Test 0.0324
Validation loss decreased (0.090508 --> 0.090508).  Saving model ...
  Ep 23: Train 0.0777 | Val 0.0992 | Test 0.0272
EarlyStopping counter: 1 out of 5
  Ep 24: Train 0.0765 | Val 0.0990 | Test 0.0334
EarlyStopping counter: 2 out of 5
  Ep 25: Train 0.0757 | Val 0.0956 | Test 0.0292
EarlyStopping counter: 3 out of 5
  Ep 26: Train 0.0761 | Val 0.0881 | Test 0.0280
Validation loss decreased (0.088134 --> 0.088134).  Saving model ...
  Ep 27: Train 0.0758 | Val 0.0875 | Test 0.0303
Validation loss decreased (0.087528 --> 0.087528).  Saving model ...
  Ep 28: Train 0.0752 | Val 0.0992 | Test 0.0274
EarlyStopping counter: 1 out of 5
  Ep 29: Train 0.0751 | Val 0.0980 | Test 0.0303
EarlyStopping counter: 2 out of 5
  Ep 30: Train 0.0743 | Val 0.1016 | Test 0.0277
EarlyStopping counter: 3 out of 5
  Ep 31: Train 0.0745 | Val 0.0939 | Test 0.0279
EarlyStopping counter: 4 out of 5
  Ep 32: Train 0.0733 | Val 0.0922 | Test 0.0267
EarlyStopping counter: 5 out of 5
Early stopping triggered!
/home/sangukchoi/Stroke_SDA/sda_training.py:615: FutureWarning: You are using `torch.load` with `weights_only=False` (the current default value), which uses the default pickle module implicitly. It is possible to construct malicious pickle data which will execute arbitrary code during unpickling (See https://github.com/pytorch/pytorch/blob/main/SECURITY.md#untrusted-models for more details). In a future release, the default value for `weights_only` will be flipped to `True`. This limits the functions that could be executed during unpickling. Arbitrary objects will no longer be allowed to be loaded via this mode unless they are explicitly allowlisted by the user via `torch.serialization.add_safe_globals`. We recommend you start setting `weights_only=True` for any use case where you don't have full control of the loaded file. Please open an issue on GitHub for any issues related to this experimental feature.
  model.load_state_dict(torch.load(os.path.join(out_dir, 'best_model.pth')))
Final Test MSE (Best Model): 0.0303
Finished. Status: Success
