Starting Run on GPU 0
Time: 2025-12-24 20:03:10

[Run Start] Subject S006 | Mode ['SDA'] | Params: L2.5_LS0.5_LR0.0001_E256_D64_Dr0.3

[Fold 1 - SDA] Train: ['S006_T004', 'S006_T006'], Test: S006_T001, Norm: fixed
/home/sangukchoi/.conda/envs/torch_gpu/lib/python3.10/site-packages/torch/nn/modules/rnn.py:123: UserWarning: dropout option adds dropout after all but last recurrent layer, so non-zero dropout expects num_layers greater than 1, but got dropout=0.3 and num_layers=1
  warnings.warn(
  Ep 1: Train 0.5641 | Val 0.6012 | Test 0.0784
Validation loss decreased (0.601200 --> 0.601200).  Saving model ...
  Ep 2: Train 0.3569 | Val 0.5655 | Test 0.0478
Validation loss decreased (0.565497 --> 0.565497).  Saving model ...
  Ep 3: Train 0.3128 | Val 0.5083 | Test 0.0505
Validation loss decreased (0.508267 --> 0.508267).  Saving model ...
  Ep 4: Train 0.2979 | Val 0.4761 | Test 0.0484
Validation loss decreased (0.476067 --> 0.476067).  Saving model ...
  Ep 5: Train 0.2966 | Val 0.4180 | Test 0.0450
Validation loss decreased (0.418011 --> 0.418011).  Saving model ...
  Ep 6: Train 0.2881 | Val 0.4626 | Test 0.0573
EarlyStopping counter: 1 out of 5
  Ep 7: Train 0.2862 | Val 0.4356 | Test 0.0392
EarlyStopping counter: 2 out of 5
  Ep 8: Train 0.2788 | Val 0.4764 | Test 0.0495
EarlyStopping counter: 3 out of 5
  Ep 9: Train 0.2750 | Val 0.4246 | Test 0.0429
EarlyStopping counter: 4 out of 5
  Ep 10: Train 0.2677 | Val 0.4589 | Test 0.0401
EarlyStopping counter: 5 out of 5
Early stopping triggered!
/home/sangukchoi/Stroke_SDA/sda_training.py:615: FutureWarning: You are using `torch.load` with `weights_only=False` (the current default value), which uses the default pickle module implicitly. It is possible to construct malicious pickle data which will execute arbitrary code during unpickling (See https://github.com/pytorch/pytorch/blob/main/SECURITY.md#untrusted-models for more details). In a future release, the default value for `weights_only` will be flipped to `True`. This limits the functions that could be executed during unpickling. Arbitrary objects will no longer be allowed to be loaded via this mode unless they are explicitly allowlisted by the user via `torch.serialization.add_safe_globals`. We recommend you start setting `weights_only=True` for any use case where you don't have full control of the loaded file. Please open an issue on GitHub for any issues related to this experimental feature.
  model.load_state_dict(torch.load(os.path.join(out_dir, 'best_model.pth')))
Final Test MSE (Best Model): 0.0450
Finished. Status: Success
