Starting Run on GPU 0
Time: 2025-12-24 20:37:28

[Run Start] Subject S006 | Mode ['SDA'] | Params: L3.0_LS0.3_LR0.0001_E128_D32_Dr0.3

[Fold 1 - SDA] Train: ['S006_T004', 'S006_T006'], Test: S006_T001, Norm: fixed
/home/sangukchoi/.conda/envs/torch_gpu/lib/python3.10/site-packages/torch/nn/modules/rnn.py:123: UserWarning: dropout option adds dropout after all but last recurrent layer, so non-zero dropout expects num_layers greater than 1, but got dropout=0.3 and num_layers=1
  warnings.warn(
  Ep 1: Train 0.7631 | Val 0.8155 | Test 0.1857
Validation loss decreased (0.815494 --> 0.815494).  Saving model ...
  Ep 2: Train 0.5483 | Val 0.6790 | Test 0.1159
Validation loss decreased (0.679025 --> 0.679025).  Saving model ...
  Ep 3: Train 0.4559 | Val 0.6146 | Test 0.0662
Validation loss decreased (0.614622 --> 0.614622).  Saving model ...
  Ep 4: Train 0.4187 | Val 0.6583 | Test 0.0638
EarlyStopping counter: 1 out of 5
  Ep 5: Train 0.4006 | Val 0.5850 | Test 0.0608
Validation loss decreased (0.585010 --> 0.585010).  Saving model ...
  Ep 6: Train 0.3838 | Val 0.6406 | Test 0.0635
EarlyStopping counter: 1 out of 5
  Ep 7: Train 0.3622 | Val 0.5240 | Test 0.0605
Validation loss decreased (0.523996 --> 0.523996).  Saving model ...
  Ep 8: Train 0.3535 | Val 0.5795 | Test 0.0539
EarlyStopping counter: 1 out of 5
  Ep 9: Train 0.3410 | Val 0.5454 | Test 0.0710
EarlyStopping counter: 2 out of 5
  Ep 10: Train 0.3296 | Val 0.5269 | Test 0.0681
EarlyStopping counter: 3 out of 5
  Ep 11: Train 0.3255 | Val 0.5380 | Test 0.0459
EarlyStopping counter: 4 out of 5
  Ep 12: Train 0.3100 | Val 0.4985 | Test 0.0547
Validation loss decreased (0.498502 --> 0.498502).  Saving model ...
  Ep 13: Train 0.3203 | Val 0.5655 | Test 0.0445
EarlyStopping counter: 1 out of 5
  Ep 14: Train 0.3144 | Val 0.5182 | Test 0.0596
EarlyStopping counter: 2 out of 5
  Ep 15: Train 0.3063 | Val 0.5272 | Test 0.0418
EarlyStopping counter: 3 out of 5
  Ep 16: Train 0.3171 | Val 0.5036 | Test 0.0446
EarlyStopping counter: 4 out of 5
  Ep 17: Train 0.2972 | Val 0.5148 | Test 0.0490
EarlyStopping counter: 5 out of 5
Early stopping triggered!
/home/sangukchoi/Stroke_SDA/sda_training.py:615: FutureWarning: You are using `torch.load` with `weights_only=False` (the current default value), which uses the default pickle module implicitly. It is possible to construct malicious pickle data which will execute arbitrary code during unpickling (See https://github.com/pytorch/pytorch/blob/main/SECURITY.md#untrusted-models for more details). In a future release, the default value for `weights_only` will be flipped to `True`. This limits the functions that could be executed during unpickling. Arbitrary objects will no longer be allowed to be loaded via this mode unless they are explicitly allowlisted by the user via `torch.serialization.add_safe_globals`. We recommend you start setting `weights_only=True` for any use case where you don't have full control of the loaded file. Please open an issue on GitHub for any issues related to this experimental feature.
  model.load_state_dict(torch.load(os.path.join(out_dir, 'best_model.pth')))
Final Test MSE (Best Model): 0.0547
Finished. Status: Success
