Starting Run on GPU 3
Time: 2025-12-24 19:00:19

[Run Start] Subject S006 | Mode ['SDA'] | Params: L1.5_LS0.7_LR0.0001_E256_D32_Dr0.3

[Fold 1 - SDA] Train: ['S006_T004', 'S006_T006'], Test: S006_T001, Norm: fixed
/home/sangukchoi/.conda/envs/torch_gpu/lib/python3.10/site-packages/torch/nn/modules/rnn.py:123: UserWarning: dropout option adds dropout after all but last recurrent layer, so non-zero dropout expects num_layers greater than 1, but got dropout=0.3 and num_layers=1
  warnings.warn(
  Ep 1: Train 0.4020 | Val 0.3490 | Test 0.0558
Validation loss decreased (0.348983 --> 0.348983).  Saving model ...
  Ep 2: Train 0.2459 | Val 0.3173 | Test 0.0476
Validation loss decreased (0.317251 --> 0.317251).  Saving model ...
  Ep 3: Train 0.2134 | Val 0.2887 | Test 0.0552
Validation loss decreased (0.288684 --> 0.288684).  Saving model ...
  Ep 4: Train 0.2030 | Val 0.2805 | Test 0.0514
Validation loss decreased (0.280515 --> 0.280515).  Saving model ...
  Ep 5: Train 0.1935 | Val 0.2472 | Test 0.0435
Validation loss decreased (0.247234 --> 0.247234).  Saving model ...
  Ep 6: Train 0.1880 | Val 0.2954 | Test 0.0468
EarlyStopping counter: 1 out of 5
  Ep 7: Train 0.1832 | Val 0.2584 | Test 0.0469
EarlyStopping counter: 2 out of 5
  Ep 8: Train 0.1768 | Val 0.2629 | Test 0.0351
EarlyStopping counter: 3 out of 5
  Ep 9: Train 0.1792 | Val 0.2605 | Test 0.0455
EarlyStopping counter: 4 out of 5
  Ep 10: Train 0.1728 | Val 0.2842 | Test 0.0356
EarlyStopping counter: 5 out of 5
Early stopping triggered!
/home/sangukchoi/Stroke_SDA/sda_training.py:615: FutureWarning: You are using `torch.load` with `weights_only=False` (the current default value), which uses the default pickle module implicitly. It is possible to construct malicious pickle data which will execute arbitrary code during unpickling (See https://github.com/pytorch/pytorch/blob/main/SECURITY.md#untrusted-models for more details). In a future release, the default value for `weights_only` will be flipped to `True`. This limits the functions that could be executed during unpickling. Arbitrary objects will no longer be allowed to be loaded via this mode unless they are explicitly allowlisted by the user via `torch.serialization.add_safe_globals`. We recommend you start setting `weights_only=True` for any use case where you don't have full control of the loaded file. Please open an issue on GitHub for any issues related to this experimental feature.
  model.load_state_dict(torch.load(os.path.join(out_dir, 'best_model.pth')))
Final Test MSE (Best Model): 0.0435
Finished. Status: Success
