Starting Run on GPU 1
Time: 2025-12-24 20:24:26

[Run Start] Subject S006 | Mode ['SDA'] | Params: L2.5_LS1.0_LR0.0001_E128_D32_Dr0.3

[Fold 1 - SDA] Train: ['S006_T004', 'S006_T006'], Test: S006_T001, Norm: fixed
/home/sangukchoi/.conda/envs/torch_gpu/lib/python3.10/site-packages/torch/nn/modules/rnn.py:123: UserWarning: dropout option adds dropout after all but last recurrent layer, so non-zero dropout expects num_layers greater than 1, but got dropout=0.3 and num_layers=1
  warnings.warn(
  Ep 1: Train 0.7405 | Val 0.6895 | Test 0.0761
Validation loss decreased (0.689466 --> 0.689466).  Saving model ...
  Ep 2: Train 0.4191 | Val 0.5061 | Test 0.0730
Validation loss decreased (0.506089 --> 0.506089).  Saving model ...
  Ep 3: Train 0.3629 | Val 0.5087 | Test 0.0457
EarlyStopping counter: 1 out of 5
  Ep 4: Train 0.3464 | Val 0.4878 | Test 0.0521
Validation loss decreased (0.487828 --> 0.487828).  Saving model ...
  Ep 5: Train 0.3286 | Val 0.4316 | Test 0.0486
Validation loss decreased (0.431620 --> 0.431620).  Saving model ...
  Ep 6: Train 0.3265 | Val 0.4433 | Test 0.0424
EarlyStopping counter: 1 out of 5
  Ep 7: Train 0.3123 | Val 0.4405 | Test 0.0598
EarlyStopping counter: 2 out of 5
  Ep 8: Train 0.3110 | Val 0.4569 | Test 0.0403
EarlyStopping counter: 3 out of 5
  Ep 9: Train 0.3018 | Val 0.3999 | Test 0.0543
Validation loss decreased (0.399950 --> 0.399950).  Saving model ...
  Ep 10: Train 0.3057 | Val 0.4048 | Test 0.0406
EarlyStopping counter: 1 out of 5
  Ep 11: Train 0.3020 | Val 0.4468 | Test 0.0420
EarlyStopping counter: 2 out of 5
  Ep 12: Train 0.2916 | Val 0.4233 | Test 0.0416
EarlyStopping counter: 3 out of 5
  Ep 13: Train 0.2928 | Val 0.4018 | Test 0.0365
EarlyStopping counter: 4 out of 5
  Ep 14: Train 0.2918 | Val 0.4197 | Test 0.0344
EarlyStopping counter: 5 out of 5
Early stopping triggered!
/home/sangukchoi/Stroke_SDA/sda_training.py:615: FutureWarning: You are using `torch.load` with `weights_only=False` (the current default value), which uses the default pickle module implicitly. It is possible to construct malicious pickle data which will execute arbitrary code during unpickling (See https://github.com/pytorch/pytorch/blob/main/SECURITY.md#untrusted-models for more details). In a future release, the default value for `weights_only` will be flipped to `True`. This limits the functions that could be executed during unpickling. Arbitrary objects will no longer be allowed to be loaded via this mode unless they are explicitly allowlisted by the user via `torch.serialization.add_safe_globals`. We recommend you start setting `weights_only=True` for any use case where you don't have full control of the loaded file. Please open an issue on GitHub for any issues related to this experimental feature.
  model.load_state_dict(torch.load(os.path.join(out_dir, 'best_model.pth')))
Final Test MSE (Best Model): 0.0543
Finished. Status: Success
