Starting Run on GPU 0
Time: 2025-12-24 20:28:47

[Run Start] Subject S006 | Mode ['SDA'] | Params: L2.5_LS1.0_LR0.0001_E256_D32_Dr0.3

[Fold 1 - SDA] Train: ['S006_T004', 'S006_T006'], Test: S006_T001, Norm: fixed
/home/sangukchoi/.conda/envs/torch_gpu/lib/python3.10/site-packages/torch/nn/modules/rnn.py:123: UserWarning: dropout option adds dropout after all but last recurrent layer, so non-zero dropout expects num_layers greater than 1, but got dropout=0.3 and num_layers=1
  warnings.warn(
  Ep 1: Train 0.6307 | Val 0.7012 | Test 0.0578
Validation loss decreased (0.701151 --> 0.701151).  Saving model ...
  Ep 2: Train 0.3873 | Val 0.5011 | Test 0.0479
Validation loss decreased (0.501099 --> 0.501099).  Saving model ...
  Ep 3: Train 0.3365 | Val 0.4845 | Test 0.0446
Validation loss decreased (0.484548 --> 0.484548).  Saving model ...
  Ep 4: Train 0.3206 | Val 0.4582 | Test 0.0632
Validation loss decreased (0.458151 --> 0.458151).  Saving model ...
  Ep 5: Train 0.3152 | Val 0.5228 | Test 0.0435
EarlyStopping counter: 1 out of 5
  Ep 6: Train 0.3079 | Val 0.4437 | Test 0.0424
Validation loss decreased (0.443736 --> 0.443736).  Saving model ...
  Ep 7: Train 0.3032 | Val 0.3708 | Test 0.0405
Validation loss decreased (0.370838 --> 0.370838).  Saving model ...
  Ep 8: Train 0.2952 | Val 0.4270 | Test 0.0559
EarlyStopping counter: 1 out of 5
  Ep 9: Train 0.2892 | Val 0.4147 | Test 0.0407
EarlyStopping counter: 2 out of 5
  Ep 10: Train 0.2917 | Val 0.4435 | Test 0.0320
EarlyStopping counter: 3 out of 5
  Ep 11: Train 0.2808 | Val 0.3899 | Test 0.0415
EarlyStopping counter: 4 out of 5
  Ep 12: Train 0.2739 | Val 0.3959 | Test 0.0417
EarlyStopping counter: 5 out of 5
Early stopping triggered!
/home/sangukchoi/Stroke_SDA/sda_training.py:615: FutureWarning: You are using `torch.load` with `weights_only=False` (the current default value), which uses the default pickle module implicitly. It is possible to construct malicious pickle data which will execute arbitrary code during unpickling (See https://github.com/pytorch/pytorch/blob/main/SECURITY.md#untrusted-models for more details). In a future release, the default value for `weights_only` will be flipped to `True`. This limits the functions that could be executed during unpickling. Arbitrary objects will no longer be allowed to be loaded via this mode unless they are explicitly allowlisted by the user via `torch.serialization.add_safe_globals`. We recommend you start setting `weights_only=True` for any use case where you don't have full control of the loaded file. Please open an issue on GitHub for any issues related to this experimental feature.
  model.load_state_dict(torch.load(os.path.join(out_dir, 'best_model.pth')))
Final Test MSE (Best Model): 0.0405
Finished. Status: Success
