Starting Run on GPU 1
Time: 2025-12-24 18:48:13

[Run Start] Subject S006 | Mode ['SDA'] | Params: L1.0_LS1.0_LR0.0001_E128_D128_Dr0.3

[Fold 1 - SDA] Train: ['S006_T004', 'S006_T006'], Test: S006_T001, Norm: fixed
/home/sangukchoi/.conda/envs/torch_gpu/lib/python3.10/site-packages/torch/nn/modules/rnn.py:123: UserWarning: dropout option adds dropout after all but last recurrent layer, so non-zero dropout expects num_layers greater than 1, but got dropout=0.3 and num_layers=1
  warnings.warn(
  Ep 1: Train 0.4067 | Val 0.3117 | Test 0.0460
Validation loss decreased (0.311690 --> 0.311690).  Saving model ...
  Ep 2: Train 0.2094 | Val 0.2266 | Test 0.0538
Validation loss decreased (0.226637 --> 0.226637).  Saving model ...
  Ep 3: Train 0.1778 | Val 0.2201 | Test 0.0459
Validation loss decreased (0.220054 --> 0.220054).  Saving model ...
  Ep 4: Train 0.1668 | Val 0.2014 | Test 0.0406
Validation loss decreased (0.201439 --> 0.201439).  Saving model ...
  Ep 5: Train 0.1605 | Val 0.1868 | Test 0.0505
Validation loss decreased (0.186831 --> 0.186831).  Saving model ...
  Ep 6: Train 0.1544 | Val 0.2004 | Test 0.0350
EarlyStopping counter: 1 out of 5
  Ep 7: Train 0.1514 | Val 0.1984 | Test 0.0404
EarlyStopping counter: 2 out of 5
  Ep 8: Train 0.1486 | Val 0.1857 | Test 0.0498
Validation loss decreased (0.185669 --> 0.185669).  Saving model ...
  Ep 9: Train 0.1471 | Val 0.1887 | Test 0.0574
EarlyStopping counter: 1 out of 5
  Ep 10: Train 0.1403 | Val 0.2066 | Test 0.0303
EarlyStopping counter: 2 out of 5
  Ep 11: Train 0.1420 | Val 0.1840 | Test 0.0332
Validation loss decreased (0.184006 --> 0.184006).  Saving model ...
  Ep 12: Train 0.1398 | Val 0.1753 | Test 0.0384
Validation loss decreased (0.175276 --> 0.175276).  Saving model ...
  Ep 13: Train 0.1373 | Val 0.1823 | Test 0.0392
EarlyStopping counter: 1 out of 5
  Ep 14: Train 0.1377 | Val 0.1830 | Test 0.0296
EarlyStopping counter: 2 out of 5
  Ep 15: Train 0.1343 | Val 0.1787 | Test 0.0322
EarlyStopping counter: 3 out of 5
  Ep 16: Train 0.1335 | Val 0.1698 | Test 0.0371
Validation loss decreased (0.169802 --> 0.169802).  Saving model ...
  Ep 17: Train 0.1354 | Val 0.2002 | Test 0.0281
EarlyStopping counter: 1 out of 5
  Ep 18: Train 0.1318 | Val 0.1919 | Test 0.0332
EarlyStopping counter: 2 out of 5
  Ep 19: Train 0.1307 | Val 0.1979 | Test 0.0323
EarlyStopping counter: 3 out of 5
  Ep 20: Train 0.1292 | Val 0.1764 | Test 0.0370
EarlyStopping counter: 4 out of 5
  Ep 21: Train 0.1289 | Val 0.1896 | Test 0.0321
EarlyStopping counter: 5 out of 5
Early stopping triggered!
/home/sangukchoi/Stroke_SDA/sda_training.py:615: FutureWarning: You are using `torch.load` with `weights_only=False` (the current default value), which uses the default pickle module implicitly. It is possible to construct malicious pickle data which will execute arbitrary code during unpickling (See https://github.com/pytorch/pytorch/blob/main/SECURITY.md#untrusted-models for more details). In a future release, the default value for `weights_only` will be flipped to `True`. This limits the functions that could be executed during unpickling. Arbitrary objects will no longer be allowed to be loaded via this mode unless they are explicitly allowlisted by the user via `torch.serialization.add_safe_globals`. We recommend you start setting `weights_only=True` for any use case where you don't have full control of the loaded file. Please open an issue on GitHub for any issues related to this experimental feature.
  model.load_state_dict(torch.load(os.path.join(out_dir, 'best_model.pth')))
Final Test MSE (Best Model): 0.0371
Finished. Status: Success
