Starting Run on GPU 3
Time: 2025-12-24 19:37:07

[Run Start] Subject S006 | Mode ['SDA'] | Params: L2.0_LS1.0_LR0.0001_E256_D64_Dr0.3

[Fold 1 - SDA] Train: ['S006_T004', 'S006_T006'], Test: S006_T001, Norm: fixed
/home/sangukchoi/.conda/envs/torch_gpu/lib/python3.10/site-packages/torch/nn/modules/rnn.py:123: UserWarning: dropout option adds dropout after all but last recurrent layer, so non-zero dropout expects num_layers greater than 1, but got dropout=0.3 and num_layers=1
  warnings.warn(
  Ep 1: Train 0.5051 | Val 0.5322 | Test 0.0551
Validation loss decreased (0.532163 --> 0.532163).  Saving model ...
  Ep 2: Train 0.3031 | Val 0.4329 | Test 0.0512
Validation loss decreased (0.432913 --> 0.432913).  Saving model ...
  Ep 3: Train 0.2737 | Val 0.4045 | Test 0.0498
Validation loss decreased (0.404466 --> 0.404466).  Saving model ...
  Ep 4: Train 0.2627 | Val 0.3761 | Test 0.0753
Validation loss decreased (0.376114 --> 0.376114).  Saving model ...
  Ep 5: Train 0.2627 | Val 0.3746 | Test 0.0320
Validation loss decreased (0.374565 --> 0.374565).  Saving model ...
  Ep 6: Train 0.2520 | Val 0.3682 | Test 0.0439
Validation loss decreased (0.368209 --> 0.368209).  Saving model ...
  Ep 7: Train 0.2461 | Val 0.3474 | Test 0.0354
Validation loss decreased (0.347442 --> 0.347442).  Saving model ...
  Ep 8: Train 0.2389 | Val 0.3561 | Test 0.0358
EarlyStopping counter: 1 out of 5
  Ep 9: Train 0.2372 | Val 0.3511 | Test 0.0360
EarlyStopping counter: 2 out of 5
  Ep 10: Train 0.2298 | Val 0.3339 | Test 0.0406
Validation loss decreased (0.333915 --> 0.333915).  Saving model ...
  Ep 11: Train 0.2229 | Val 0.3431 | Test 0.0297
EarlyStopping counter: 1 out of 5
  Ep 12: Train 0.2278 | Val 0.3661 | Test 0.0309
EarlyStopping counter: 2 out of 5
  Ep 13: Train 0.2247 | Val 0.3415 | Test 0.0331
EarlyStopping counter: 3 out of 5
  Ep 14: Train 0.2213 | Val 0.3413 | Test 0.0286
EarlyStopping counter: 4 out of 5
  Ep 15: Train 0.2212 | Val 0.3532 | Test 0.0277
EarlyStopping counter: 5 out of 5
Early stopping triggered!
/home/sangukchoi/Stroke_SDA/sda_training.py:615: FutureWarning: You are using `torch.load` with `weights_only=False` (the current default value), which uses the default pickle module implicitly. It is possible to construct malicious pickle data which will execute arbitrary code during unpickling (See https://github.com/pytorch/pytorch/blob/main/SECURITY.md#untrusted-models for more details). In a future release, the default value for `weights_only` will be flipped to `True`. This limits the functions that could be executed during unpickling. Arbitrary objects will no longer be allowed to be loaded via this mode unless they are explicitly allowlisted by the user via `torch.serialization.add_safe_globals`. We recommend you start setting `weights_only=True` for any use case where you don't have full control of the loaded file. Please open an issue on GitHub for any issues related to this experimental feature.
  model.load_state_dict(torch.load(os.path.join(out_dir, 'best_model.pth')))
Final Test MSE (Best Model): 0.0406
Finished. Status: Success
