Starting Run on GPU 2
Time: 2025-12-24 20:32:53

[Run Start] Subject S006 | Mode ['SDA'] | Params: L3.0_LS0.3_LR0.0001_E64_D32_Dr0.3

[Fold 1 - SDA] Train: ['S006_T004', 'S006_T006'], Test: S006_T001, Norm: fixed
/home/sangukchoi/.conda/envs/torch_gpu/lib/python3.10/site-packages/torch/nn/modules/rnn.py:123: UserWarning: dropout option adds dropout after all but last recurrent layer, so non-zero dropout expects num_layers greater than 1, but got dropout=0.3 and num_layers=1
  warnings.warn(
  Ep 1: Train 0.8681 | Val 0.8141 | Test 0.1839
Validation loss decreased (0.814092 --> 0.814092).  Saving model ...
  Ep 2: Train 0.5651 | Val 0.7350 | Test 0.1501
Validation loss decreased (0.734985 --> 0.734985).  Saving model ...
  Ep 3: Train 0.5232 | Val 0.6541 | Test 0.1284
Validation loss decreased (0.654113 --> 0.654113).  Saving model ...
  Ep 4: Train 0.4851 | Val 0.5809 | Test 0.0849
Validation loss decreased (0.580855 --> 0.580855).  Saving model ...
  Ep 5: Train 0.4486 | Val 0.6049 | Test 0.0677
EarlyStopping counter: 1 out of 5
  Ep 6: Train 0.4300 | Val 0.6097 | Test 0.0706
EarlyStopping counter: 2 out of 5
  Ep 7: Train 0.4247 | Val 0.6063 | Test 0.0603
EarlyStopping counter: 3 out of 5
  Ep 8: Train 0.4153 | Val 0.6026 | Test 0.0562
EarlyStopping counter: 4 out of 5
  Ep 9: Train 0.4110 | Val 0.5775 | Test 0.0608
Validation loss decreased (0.577502 --> 0.577502).  Saving model ...
  Ep 10: Train 0.4041 | Val 0.6074 | Test 0.0623
EarlyStopping counter: 1 out of 5
  Ep 11: Train 0.3924 | Val 0.6240 | Test 0.0533
EarlyStopping counter: 2 out of 5
  Ep 12: Train 0.3875 | Val 0.5753 | Test 0.0582
Validation loss decreased (0.575302 --> 0.575302).  Saving model ...
  Ep 13: Train 0.3759 | Val 0.5563 | Test 0.0533
Validation loss decreased (0.556275 --> 0.556275).  Saving model ...
  Ep 14: Train 0.3648 | Val 0.5378 | Test 0.0515
Validation loss decreased (0.537822 --> 0.537822).  Saving model ...
  Ep 15: Train 0.3589 | Val 0.5425 | Test 0.0540
EarlyStopping counter: 1 out of 5
  Ep 16: Train 0.3489 | Val 0.5577 | Test 0.0500
EarlyStopping counter: 2 out of 5
  Ep 17: Train 0.3487 | Val 0.5662 | Test 0.0493
EarlyStopping counter: 3 out of 5
  Ep 18: Train 0.3482 | Val 0.5664 | Test 0.0484
EarlyStopping counter: 4 out of 5
  Ep 19: Train 0.3444 | Val 0.5568 | Test 0.0466
EarlyStopping counter: 5 out of 5
Early stopping triggered!
/home/sangukchoi/Stroke_SDA/sda_training.py:615: FutureWarning: You are using `torch.load` with `weights_only=False` (the current default value), which uses the default pickle module implicitly. It is possible to construct malicious pickle data which will execute arbitrary code during unpickling (See https://github.com/pytorch/pytorch/blob/main/SECURITY.md#untrusted-models for more details). In a future release, the default value for `weights_only` will be flipped to `True`. This limits the functions that could be executed during unpickling. Arbitrary objects will no longer be allowed to be loaded via this mode unless they are explicitly allowlisted by the user via `torch.serialization.add_safe_globals`. We recommend you start setting `weights_only=True` for any use case where you don't have full control of the loaded file. Please open an issue on GitHub for any issues related to this experimental feature.
  model.load_state_dict(torch.load(os.path.join(out_dir, 'best_model.pth')))
Final Test MSE (Best Model): 0.0515
Finished. Status: Success
