Starting Run on GPU 2
Time: 2025-12-24 18:18:46

[Run Start] Subject S006 | Mode ['SDA'] | Params: L0.5_LS0.7_LR0.0001_E256_D128_Dr0.3

[Fold 1 - SDA] Train: ['S006_T004', 'S006_T006'], Test: S006_T001, Norm: fixed
/home/sangukchoi/.conda/envs/torch_gpu/lib/python3.10/site-packages/torch/nn/modules/rnn.py:123: UserWarning: dropout option adds dropout after all but last recurrent layer, so non-zero dropout expects num_layers greater than 1, but got dropout=0.3 and num_layers=1
  warnings.warn(
  Ep 1: Train 0.2129 | Val 0.1341 | Test 0.0407
Validation loss decreased (0.134117 --> 0.134117).  Saving model ...
  Ep 2: Train 0.1045 | Val 0.1058 | Test 0.0401
Validation loss decreased (0.105832 --> 0.105832).  Saving model ...
  Ep 3: Train 0.0911 | Val 0.1064 | Test 0.0287
EarlyStopping counter: 1 out of 5
  Ep 4: Train 0.0834 | Val 0.0938 | Test 0.0297
Validation loss decreased (0.093807 --> 0.093807).  Saving model ...
  Ep 5: Train 0.0812 | Val 0.1071 | Test 0.0304
EarlyStopping counter: 1 out of 5
  Ep 6: Train 0.0789 | Val 0.0936 | Test 0.0301
EarlyStopping counter: 2 out of 5
  Ep 7: Train 0.0777 | Val 0.0983 | Test 0.0304
EarlyStopping counter: 3 out of 5
  Ep 8: Train 0.0771 | Val 0.0953 | Test 0.0253
EarlyStopping counter: 4 out of 5
  Ep 9: Train 0.0761 | Val 0.0910 | Test 0.0262
Validation loss decreased (0.091025 --> 0.091025).  Saving model ...
  Ep 10: Train 0.0763 | Val 0.0901 | Test 0.0239
Validation loss decreased (0.090096 --> 0.090096).  Saving model ...
  Ep 11: Train 0.0744 | Val 0.0953 | Test 0.0309
EarlyStopping counter: 1 out of 5
  Ep 12: Train 0.0744 | Val 0.0998 | Test 0.0234
EarlyStopping counter: 2 out of 5
  Ep 13: Train 0.0734 | Val 0.1007 | Test 0.0272
EarlyStopping counter: 3 out of 5
  Ep 14: Train 0.0731 | Val 0.0911 | Test 0.0248
EarlyStopping counter: 4 out of 5
  Ep 15: Train 0.0711 | Val 0.1005 | Test 0.0313
EarlyStopping counter: 5 out of 5
Early stopping triggered!
/home/sangukchoi/Stroke_SDA/sda_training.py:615: FutureWarning: You are using `torch.load` with `weights_only=False` (the current default value), which uses the default pickle module implicitly. It is possible to construct malicious pickle data which will execute arbitrary code during unpickling (See https://github.com/pytorch/pytorch/blob/main/SECURITY.md#untrusted-models for more details). In a future release, the default value for `weights_only` will be flipped to `True`. This limits the functions that could be executed during unpickling. Arbitrary objects will no longer be allowed to be loaded via this mode unless they are explicitly allowlisted by the user via `torch.serialization.add_safe_globals`. We recommend you start setting `weights_only=True` for any use case where you don't have full control of the loaded file. Please open an issue on GitHub for any issues related to this experimental feature.
  model.load_state_dict(torch.load(os.path.join(out_dir, 'best_model.pth')))
Final Test MSE (Best Model): 0.0239
Finished. Status: Success
