Starting Run on GPU 1
Time: 2025-12-24 19:40:28

[Run Start] Subject S006 | Mode ['SDA'] | Params: L2.5_LS0.3_LR0.0001_E64_D64_Dr0.3

[Fold 1 - SDA] Train: ['S006_T004', 'S006_T006'], Test: S006_T001, Norm: fixed
/home/sangukchoi/.conda/envs/torch_gpu/lib/python3.10/site-packages/torch/nn/modules/rnn.py:123: UserWarning: dropout option adds dropout after all but last recurrent layer, so non-zero dropout expects num_layers greater than 1, but got dropout=0.3 and num_layers=1
  warnings.warn(
  Ep 1: Train 0.7518 | Val 0.6827 | Test 0.1457
Validation loss decreased (0.682657 --> 0.682657).  Saving model ...
  Ep 2: Train 0.4576 | Val 0.6149 | Test 0.1220
Validation loss decreased (0.614900 --> 0.614900).  Saving model ...
  Ep 3: Train 0.4242 | Val 0.5750 | Test 0.1031
Validation loss decreased (0.574990 --> 0.574990).  Saving model ...
  Ep 4: Train 0.3873 | Val 0.5425 | Test 0.0827
Validation loss decreased (0.542520 --> 0.542520).  Saving model ...
  Ep 5: Train 0.3605 | Val 0.5874 | Test 0.0648
EarlyStopping counter: 1 out of 5
  Ep 6: Train 0.3469 | Val 0.5315 | Test 0.0619
Validation loss decreased (0.531510 --> 0.531510).  Saving model ...
  Ep 7: Train 0.3257 | Val 0.5351 | Test 0.0535
EarlyStopping counter: 1 out of 5
  Ep 8: Train 0.3190 | Val 0.4937 | Test 0.0558
Validation loss decreased (0.493719 --> 0.493719).  Saving model ...
  Ep 9: Train 0.3123 | Val 0.5101 | Test 0.0505
EarlyStopping counter: 1 out of 5
  Ep 10: Train 0.3036 | Val 0.5189 | Test 0.0597
EarlyStopping counter: 2 out of 5
  Ep 11: Train 0.2931 | Val 0.4678 | Test 0.0484
Validation loss decreased (0.467776 --> 0.467776).  Saving model ...
  Ep 12: Train 0.2911 | Val 0.5155 | Test 0.0436
EarlyStopping counter: 1 out of 5
  Ep 13: Train 0.2874 | Val 0.5284 | Test 0.0477
EarlyStopping counter: 2 out of 5
  Ep 14: Train 0.2834 | Val 0.4893 | Test 0.0498
EarlyStopping counter: 3 out of 5
  Ep 15: Train 0.2842 | Val 0.4839 | Test 0.0444
EarlyStopping counter: 4 out of 5
  Ep 16: Train 0.2811 | Val 0.4939 | Test 0.0432
EarlyStopping counter: 5 out of 5
Early stopping triggered!
/home/sangukchoi/Stroke_SDA/sda_training.py:615: FutureWarning: You are using `torch.load` with `weights_only=False` (the current default value), which uses the default pickle module implicitly. It is possible to construct malicious pickle data which will execute arbitrary code during unpickling (See https://github.com/pytorch/pytorch/blob/main/SECURITY.md#untrusted-models for more details). In a future release, the default value for `weights_only` will be flipped to `True`. This limits the functions that could be executed during unpickling. Arbitrary objects will no longer be allowed to be loaded via this mode unless they are explicitly allowlisted by the user via `torch.serialization.add_safe_globals`. We recommend you start setting `weights_only=True` for any use case where you don't have full control of the loaded file. Please open an issue on GitHub for any issues related to this experimental feature.
  model.load_state_dict(torch.load(os.path.join(out_dir, 'best_model.pth')))
Final Test MSE (Best Model): 0.0484
Finished. Status: Success
