Starting Run on GPU 0
Time: 2025-12-24 19:14:34

[Run Start] Subject S006 | Mode ['SDA'] | Params: L1.5_LS1.0_LR0.0001_E256_D128_Dr0.3

[Fold 1 - SDA] Train: ['S006_T004', 'S006_T006'], Test: S006_T001, Norm: fixed
/home/sangukchoi/.conda/envs/torch_gpu/lib/python3.10/site-packages/torch/nn/modules/rnn.py:123: UserWarning: dropout option adds dropout after all but last recurrent layer, so non-zero dropout expects num_layers greater than 1, but got dropout=0.3 and num_layers=1
  warnings.warn(
  Ep 1: Train 0.4073 | Val 0.3783 | Test 0.0492
Validation loss decreased (0.378286 --> 0.378286).  Saving model ...
  Ep 2: Train 0.2538 | Val 0.3392 | Test 0.0466
Validation loss decreased (0.339243 --> 0.339243).  Saving model ...
  Ep 3: Train 0.2285 | Val 0.3030 | Test 0.0448
Validation loss decreased (0.303032 --> 0.303032).  Saving model ...
  Ep 4: Train 0.2149 | Val 0.2942 | Test 0.0352
Validation loss decreased (0.294166 --> 0.294166).  Saving model ...
  Ep 5: Train 0.2066 | Val 0.2884 | Test 0.0413
Validation loss decreased (0.288446 --> 0.288446).  Saving model ...
  Ep 6: Train 0.1997 | Val 0.2585 | Test 0.0442
Validation loss decreased (0.258453 --> 0.258453).  Saving model ...
  Ep 7: Train 0.1988 | Val 0.2837 | Test 0.0374
EarlyStopping counter: 1 out of 5
  Ep 8: Train 0.1931 | Val 0.2629 | Test 0.0335
EarlyStopping counter: 2 out of 5
  Ep 9: Train 0.1845 | Val 0.2892 | Test 0.0279
EarlyStopping counter: 3 out of 5
  Ep 10: Train 0.1880 | Val 0.2809 | Test 0.0394
EarlyStopping counter: 4 out of 5
  Ep 11: Train 0.1838 | Val 0.2392 | Test 0.0339
Validation loss decreased (0.239220 --> 0.239220).  Saving model ...
  Ep 12: Train 0.1839 | Val 0.2328 | Test 0.0373
Validation loss decreased (0.232837 --> 0.232837).  Saving model ...
  Ep 13: Train 0.1823 | Val 0.2642 | Test 0.0294
EarlyStopping counter: 1 out of 5
  Ep 14: Train 0.1796 | Val 0.2459 | Test 0.0321
EarlyStopping counter: 2 out of 5
  Ep 15: Train 0.1755 | Val 0.2306 | Test 0.0360
Validation loss decreased (0.230567 --> 0.230567).  Saving model ...
  Ep 16: Train 0.1764 | Val 0.2740 | Test 0.0381
EarlyStopping counter: 1 out of 5
  Ep 17: Train 0.1769 | Val 0.2645 | Test 0.0278
EarlyStopping counter: 2 out of 5
  Ep 18: Train 0.1743 | Val 0.2278 | Test 0.0283
Validation loss decreased (0.227767 --> 0.227767).  Saving model ...
  Ep 19: Train 0.1716 | Val 0.2563 | Test 0.0277
EarlyStopping counter: 1 out of 5
  Ep 20: Train 0.1723 | Val 0.2541 | Test 0.0270
EarlyStopping counter: 2 out of 5
  Ep 21: Train 0.1719 | Val 0.2359 | Test 0.0289
EarlyStopping counter: 3 out of 5
  Ep 22: Train 0.1739 | Val 0.2630 | Test 0.0309
EarlyStopping counter: 4 out of 5
  Ep 23: Train 0.1651 | Val 0.2522 | Test 0.0267
EarlyStopping counter: 5 out of 5
Early stopping triggered!
/home/sangukchoi/Stroke_SDA/sda_training.py:615: FutureWarning: You are using `torch.load` with `weights_only=False` (the current default value), which uses the default pickle module implicitly. It is possible to construct malicious pickle data which will execute arbitrary code during unpickling (See https://github.com/pytorch/pytorch/blob/main/SECURITY.md#untrusted-models for more details). In a future release, the default value for `weights_only` will be flipped to `True`. This limits the functions that could be executed during unpickling. Arbitrary objects will no longer be allowed to be loaded via this mode unless they are explicitly allowlisted by the user via `torch.serialization.add_safe_globals`. We recommend you start setting `weights_only=True` for any use case where you don't have full control of the loaded file. Please open an issue on GitHub for any issues related to this experimental feature.
  model.load_state_dict(torch.load(os.path.join(out_dir, 'best_model.pth')))
Final Test MSE (Best Model): 0.0283
Finished. Status: Success
