Starting Run on GPU 0
Time: 2025-12-24 20:42:19

[Run Start] Subject S006 | Mode ['SDA'] | Params: L3.0_LS0.3_LR0.0001_E256_D128_Dr0.3

[Fold 1 - SDA] Train: ['S006_T004', 'S006_T006'], Test: S006_T001, Norm: fixed
/home/sangukchoi/.conda/envs/torch_gpu/lib/python3.10/site-packages/torch/nn/modules/rnn.py:123: UserWarning: dropout option adds dropout after all but last recurrent layer, so non-zero dropout expects num_layers greater than 1, but got dropout=0.3 and num_layers=1
  warnings.warn(
  Ep 1: Train 0.5961 | Val 0.6971 | Test 0.1355
Validation loss decreased (0.697084 --> 0.697084).  Saving model ...
  Ep 2: Train 0.4658 | Val 0.6286 | Test 0.0746
Validation loss decreased (0.628641 --> 0.628641).  Saving model ...
  Ep 3: Train 0.4194 | Val 0.5952 | Test 0.0655
Validation loss decreased (0.595231 --> 0.595231).  Saving model ...
  Ep 4: Train 0.3944 | Val 0.6636 | Test 0.0604
EarlyStopping counter: 1 out of 5
  Ep 5: Train 0.3622 | Val 0.5968 | Test 0.0480
EarlyStopping counter: 2 out of 5
  Ep 6: Train 0.3517 | Val 0.5743 | Test 0.0619
Validation loss decreased (0.574326 --> 0.574326).  Saving model ...
  Ep 7: Train 0.3404 | Val 0.5701 | Test 0.0637
Validation loss decreased (0.570144 --> 0.570144).  Saving model ...
  Ep 8: Train 0.3322 | Val 0.5486 | Test 0.0466
Validation loss decreased (0.548564 --> 0.548564).  Saving model ...
  Ep 9: Train 0.3194 | Val 0.4602 | Test 0.0609
Validation loss decreased (0.460240 --> 0.460240).  Saving model ...
  Ep 10: Train 0.3192 | Val 0.5169 | Test 0.0557
EarlyStopping counter: 1 out of 5
  Ep 11: Train 0.3089 | Val 0.5287 | Test 0.0488
EarlyStopping counter: 2 out of 5
  Ep 12: Train 0.3135 | Val 0.5582 | Test 0.0612
EarlyStopping counter: 3 out of 5
  Ep 13: Train 0.3168 | Val 0.4645 | Test 0.0504
EarlyStopping counter: 4 out of 5
  Ep 14: Train 0.3166 | Val 0.5031 | Test 0.0569
EarlyStopping counter: 5 out of 5
Early stopping triggered!
/home/sangukchoi/Stroke_SDA/sda_training.py:615: FutureWarning: You are using `torch.load` with `weights_only=False` (the current default value), which uses the default pickle module implicitly. It is possible to construct malicious pickle data which will execute arbitrary code during unpickling (See https://github.com/pytorch/pytorch/blob/main/SECURITY.md#untrusted-models for more details). In a future release, the default value for `weights_only` will be flipped to `True`. This limits the functions that could be executed during unpickling. Arbitrary objects will no longer be allowed to be loaded via this mode unless they are explicitly allowlisted by the user via `torch.serialization.add_safe_globals`. We recommend you start setting `weights_only=True` for any use case where you don't have full control of the loaded file. Please open an issue on GitHub for any issues related to this experimental feature.
  model.load_state_dict(torch.load(os.path.join(out_dir, 'best_model.pth')))
Final Test MSE (Best Model): 0.0609
Finished. Status: Success
