Starting Run on GPU 1
Time: 2025-12-24 20:40:34

[Run Start] Subject S006 | Mode ['SDA'] | Params: L3.0_LS0.3_LR0.0001_E256_D32_Dr0.3

[Fold 1 - SDA] Train: ['S006_T004', 'S006_T006'], Test: S006_T001, Norm: fixed
/home/sangukchoi/.conda/envs/torch_gpu/lib/python3.10/site-packages/torch/nn/modules/rnn.py:123: UserWarning: dropout option adds dropout after all but last recurrent layer, so non-zero dropout expects num_layers greater than 1, but got dropout=0.3 and num_layers=1
  warnings.warn(
  Ep 1: Train 0.6164 | Val 0.7333 | Test 0.1013
Validation loss decreased (0.733269 --> 0.733269).  Saving model ...
  Ep 2: Train 0.4462 | Val 0.7370 | Test 0.0807
EarlyStopping counter: 1 out of 5
  Ep 3: Train 0.4143 | Val 0.6191 | Test 0.0600
Validation loss decreased (0.619133 --> 0.619133).  Saving model ...
  Ep 4: Train 0.3773 | Val 0.5983 | Test 0.0604
Validation loss decreased (0.598332 --> 0.598332).  Saving model ...
  Ep 5: Train 0.3525 | Val 0.5853 | Test 0.0688
Validation loss decreased (0.585290 --> 0.585290).  Saving model ...
  Ep 6: Train 0.3290 | Val 0.5121 | Test 0.0657
Validation loss decreased (0.512109 --> 0.512109).  Saving model ...
  Ep 7: Train 0.3200 | Val 0.5749 | Test 0.0619
EarlyStopping counter: 1 out of 5
  Ep 8: Train 0.3196 | Val 0.5904 | Test 0.0656
EarlyStopping counter: 2 out of 5
  Ep 9: Train 0.3098 | Val 0.5287 | Test 0.0573
EarlyStopping counter: 3 out of 5
  Ep 10: Train 0.3241 | Val 0.5230 | Test 0.0532
EarlyStopping counter: 4 out of 5
  Ep 11: Train 0.3135 | Val 0.5238 | Test 0.0478
EarlyStopping counter: 5 out of 5
Early stopping triggered!
/home/sangukchoi/Stroke_SDA/sda_training.py:615: FutureWarning: You are using `torch.load` with `weights_only=False` (the current default value), which uses the default pickle module implicitly. It is possible to construct malicious pickle data which will execute arbitrary code during unpickling (See https://github.com/pytorch/pytorch/blob/main/SECURITY.md#untrusted-models for more details). In a future release, the default value for `weights_only` will be flipped to `True`. This limits the functions that could be executed during unpickling. Arbitrary objects will no longer be allowed to be loaded via this mode unless they are explicitly allowlisted by the user via `torch.serialization.add_safe_globals`. We recommend you start setting `weights_only=True` for any use case where you don't have full control of the loaded file. Please open an issue on GitHub for any issues related to this experimental feature.
  model.load_state_dict(torch.load(os.path.join(out_dir, 'best_model.pth')))
Final Test MSE (Best Model): 0.0657
Finished. Status: Success
