Starting Run on GPU 3
Time: 2025-12-24 20:15:45

[Run Start] Subject S006 | Mode ['SDA'] | Params: L2.5_LS0.7_LR0.0001_E256_D64_Dr0.3

[Fold 1 - SDA] Train: ['S006_T004', 'S006_T006'], Test: S006_T001, Norm: fixed
/home/sangukchoi/.conda/envs/torch_gpu/lib/python3.10/site-packages/torch/nn/modules/rnn.py:123: UserWarning: dropout option adds dropout after all but last recurrent layer, so non-zero dropout expects num_layers greater than 1, but got dropout=0.3 and num_layers=1
  warnings.warn(
  Ep 1: Train 0.5727 | Val 0.6911 | Test 0.0730
Validation loss decreased (0.691135 --> 0.691135).  Saving model ...
  Ep 2: Train 0.3665 | Val 0.4927 | Test 0.0552
Validation loss decreased (0.492743 --> 0.492743).  Saving model ...
  Ep 3: Train 0.3254 | Val 0.4515 | Test 0.0450
Validation loss decreased (0.451476 --> 0.451476).  Saving model ...
  Ep 4: Train 0.3081 | Val 0.4489 | Test 0.0662
Validation loss decreased (0.448898 --> 0.448898).  Saving model ...
  Ep 5: Train 0.2971 | Val 0.4144 | Test 0.0572
Validation loss decreased (0.414372 --> 0.414372).  Saving model ...
  Ep 6: Train 0.2901 | Val 0.4348 | Test 0.0605
EarlyStopping counter: 1 out of 5
  Ep 7: Train 0.2963 | Val 0.4155 | Test 0.0529
EarlyStopping counter: 2 out of 5
  Ep 8: Train 0.2850 | Val 0.4607 | Test 0.0351
EarlyStopping counter: 3 out of 5
  Ep 9: Train 0.2775 | Val 0.4743 | Test 0.0459
EarlyStopping counter: 4 out of 5
  Ep 10: Train 0.2835 | Val 0.4118 | Test 0.0378
Validation loss decreased (0.411841 --> 0.411841).  Saving model ...
  Ep 11: Train 0.2725 | Val 0.3824 | Test 0.0354
Validation loss decreased (0.382448 --> 0.382448).  Saving model ...
  Ep 12: Train 0.2697 | Val 0.4448 | Test 0.0335
EarlyStopping counter: 1 out of 5
  Ep 13: Train 0.2658 | Val 0.3790 | Test 0.0377
Validation loss decreased (0.378995 --> 0.378995).  Saving model ...
  Ep 14: Train 0.2556 | Val 0.4145 | Test 0.0370
EarlyStopping counter: 1 out of 5
  Ep 15: Train 0.2529 | Val 0.4130 | Test 0.0377
EarlyStopping counter: 2 out of 5
  Ep 16: Train 0.2589 | Val 0.3846 | Test 0.0347
EarlyStopping counter: 3 out of 5
  Ep 17: Train 0.2486 | Val 0.3589 | Test 0.0378
Validation loss decreased (0.358877 --> 0.358877).  Saving model ...
  Ep 18: Train 0.2527 | Val 0.4489 | Test 0.0267
EarlyStopping counter: 1 out of 5
  Ep 19: Train 0.2458 | Val 0.3928 | Test 0.0299
EarlyStopping counter: 2 out of 5
  Ep 20: Train 0.2470 | Val 0.4644 | Test 0.0302
EarlyStopping counter: 3 out of 5
  Ep 21: Train 0.2501 | Val 0.4153 | Test 0.0278
EarlyStopping counter: 4 out of 5
  Ep 22: Train 0.2411 | Val 0.4186 | Test 0.0297
EarlyStopping counter: 5 out of 5
Early stopping triggered!
/home/sangukchoi/Stroke_SDA/sda_training.py:615: FutureWarning: You are using `torch.load` with `weights_only=False` (the current default value), which uses the default pickle module implicitly. It is possible to construct malicious pickle data which will execute arbitrary code during unpickling (See https://github.com/pytorch/pytorch/blob/main/SECURITY.md#untrusted-models for more details). In a future release, the default value for `weights_only` will be flipped to `True`. This limits the functions that could be executed during unpickling. Arbitrary objects will no longer be allowed to be loaded via this mode unless they are explicitly allowlisted by the user via `torch.serialization.add_safe_globals`. We recommend you start setting `weights_only=True` for any use case where you don't have full control of the loaded file. Please open an issue on GitHub for any issues related to this experimental feature.
  model.load_state_dict(torch.load(os.path.join(out_dir, 'best_model.pth')))
Final Test MSE (Best Model): 0.0378
Finished. Status: Success
