Starting Run on GPU 3
Time: 2025-12-24 20:54:17

[Run Start] Subject S006 | Mode ['SDA'] | Params: L3.0_LS0.5_LR0.0001_E256_D64_Dr0.3

[Fold 1 - SDA] Train: ['S006_T004', 'S006_T006'], Test: S006_T001, Norm: fixed
/home/sangukchoi/.conda/envs/torch_gpu/lib/python3.10/site-packages/torch/nn/modules/rnn.py:123: UserWarning: dropout option adds dropout after all but last recurrent layer, so non-zero dropout expects num_layers greater than 1, but got dropout=0.3 and num_layers=1
  warnings.warn(
  Ep 1: Train 0.6368 | Val 0.7690 | Test 0.0998
Validation loss decreased (0.769032 --> 0.769032).  Saving model ...
  Ep 2: Train 0.4516 | Val 0.6438 | Test 0.0799
Validation loss decreased (0.643805 --> 0.643805).  Saving model ...
  Ep 3: Train 0.3903 | Val 0.6331 | Test 0.0546
Validation loss decreased (0.633127 --> 0.633127).  Saving model ...
  Ep 4: Train 0.3652 | Val 0.6420 | Test 0.0552
EarlyStopping counter: 1 out of 5
  Ep 5: Train 0.3548 | Val 0.5582 | Test 0.0537
Validation loss decreased (0.558230 --> 0.558230).  Saving model ...
  Ep 6: Train 0.3487 | Val 0.5747 | Test 0.0466
EarlyStopping counter: 1 out of 5
  Ep 7: Train 0.3407 | Val 0.5195 | Test 0.0755
Validation loss decreased (0.519492 --> 0.519492).  Saving model ...
  Ep 8: Train 0.3395 | Val 0.5367 | Test 0.0479
EarlyStopping counter: 1 out of 5
  Ep 9: Train 0.3246 | Val 0.5267 | Test 0.0464
EarlyStopping counter: 2 out of 5
  Ep 10: Train 0.3261 | Val 0.5789 | Test 0.0443
EarlyStopping counter: 3 out of 5
  Ep 11: Train 0.3286 | Val 0.4532 | Test 0.0561
Validation loss decreased (0.453186 --> 0.453186).  Saving model ...
  Ep 12: Train 0.3256 | Val 0.4602 | Test 0.0522
EarlyStopping counter: 1 out of 5
  Ep 13: Train 0.3177 | Val 0.4961 | Test 0.0400
EarlyStopping counter: 2 out of 5
  Ep 14: Train 0.3201 | Val 0.5396 | Test 0.0511
EarlyStopping counter: 3 out of 5
  Ep 15: Train 0.3189 | Val 0.5318 | Test 0.0412
EarlyStopping counter: 4 out of 5
  Ep 16: Train 0.3115 | Val 0.4468 | Test 0.0499
Validation loss decreased (0.446821 --> 0.446821).  Saving model ...
  Ep 17: Train 0.3019 | Val 0.4586 | Test 0.0390
EarlyStopping counter: 1 out of 5
  Ep 18: Train 0.2977 | Val 0.4747 | Test 0.0465
EarlyStopping counter: 2 out of 5
  Ep 19: Train 0.2923 | Val 0.4609 | Test 0.0344
EarlyStopping counter: 3 out of 5
  Ep 20: Train 0.2957 | Val 0.5187 | Test 0.0473
EarlyStopping counter: 4 out of 5
  Ep 21: Train 0.2986 | Val 0.4750 | Test 0.0393
EarlyStopping counter: 5 out of 5
Early stopping triggered!
/home/sangukchoi/Stroke_SDA/sda_training.py:615: FutureWarning: You are using `torch.load` with `weights_only=False` (the current default value), which uses the default pickle module implicitly. It is possible to construct malicious pickle data which will execute arbitrary code during unpickling (See https://github.com/pytorch/pytorch/blob/main/SECURITY.md#untrusted-models for more details). In a future release, the default value for `weights_only` will be flipped to `True`. This limits the functions that could be executed during unpickling. Arbitrary objects will no longer be allowed to be loaded via this mode unless they are explicitly allowlisted by the user via `torch.serialization.add_safe_globals`. We recommend you start setting `weights_only=True` for any use case where you don't have full control of the loaded file. Please open an issue on GitHub for any issues related to this experimental feature.
  model.load_state_dict(torch.load(os.path.join(out_dir, 'best_model.pth')))
Final Test MSE (Best Model): 0.0499
Finished. Status: Success
