Starting Run on GPU 1
Time: 2025-12-24 20:03:14

[Run Start] Subject S006 | Mode ['SDA'] | Params: L2.5_LS0.5_LR0.0001_E256_D128_Dr0.3

[Fold 1 - SDA] Train: ['S006_T004', 'S006_T006'], Test: S006_T001, Norm: fixed
/home/sangukchoi/.conda/envs/torch_gpu/lib/python3.10/site-packages/torch/nn/modules/rnn.py:123: UserWarning: dropout option adds dropout after all but last recurrent layer, so non-zero dropout expects num_layers greater than 1, but got dropout=0.3 and num_layers=1
  warnings.warn(
  Ep 1: Train 0.5594 | Val 0.7045 | Test 0.1036
Validation loss decreased (0.704453 --> 0.704453).  Saving model ...
  Ep 2: Train 0.3631 | Val 0.5010 | Test 0.0686
Validation loss decreased (0.500958 --> 0.500958).  Saving model ...
  Ep 3: Train 0.3194 | Val 0.5134 | Test 0.0555
EarlyStopping counter: 1 out of 5
  Ep 4: Train 0.3048 | Val 0.4463 | Test 0.0564
Validation loss decreased (0.446291 --> 0.446291).  Saving model ...
  Ep 5: Train 0.2986 | Val 0.5087 | Test 0.0600
EarlyStopping counter: 1 out of 5
  Ep 6: Train 0.2983 | Val 0.4350 | Test 0.0452
Validation loss decreased (0.434952 --> 0.434952).  Saving model ...
  Ep 7: Train 0.2911 | Val 0.4311 | Test 0.0402
Validation loss decreased (0.431135 --> 0.431135).  Saving model ...
  Ep 8: Train 0.2915 | Val 0.4393 | Test 0.0416
EarlyStopping counter: 1 out of 5
  Ep 9: Train 0.2864 | Val 0.4266 | Test 0.0420
Validation loss decreased (0.426617 --> 0.426617).  Saving model ...
  Ep 10: Train 0.2773 | Val 0.4096 | Test 0.0481
Validation loss decreased (0.409645 --> 0.409645).  Saving model ...
  Ep 11: Train 0.2806 | Val 0.4894 | Test 0.0553
EarlyStopping counter: 1 out of 5
  Ep 12: Train 0.2772 | Val 0.4515 | Test 0.0455
EarlyStopping counter: 2 out of 5
  Ep 13: Train 0.2669 | Val 0.4239 | Test 0.0431
EarlyStopping counter: 3 out of 5
  Ep 14: Train 0.2629 | Val 0.3669 | Test 0.0389
Validation loss decreased (0.366859 --> 0.366859).  Saving model ...
  Ep 15: Train 0.2601 | Val 0.4208 | Test 0.0434
EarlyStopping counter: 1 out of 5
  Ep 16: Train 0.2622 | Val 0.3955 | Test 0.0364
EarlyStopping counter: 2 out of 5
  Ep 17: Train 0.2574 | Val 0.3410 | Test 0.0459
Validation loss decreased (0.340951 --> 0.340951).  Saving model ...
  Ep 18: Train 0.2473 | Val 0.4486 | Test 0.0475
EarlyStopping counter: 1 out of 5
  Ep 19: Train 0.2573 | Val 0.4244 | Test 0.0411
EarlyStopping counter: 2 out of 5
  Ep 20: Train 0.2526 | Val 0.4441 | Test 0.0345
EarlyStopping counter: 3 out of 5
  Ep 21: Train 0.2417 | Val 0.4365 | Test 0.0430
EarlyStopping counter: 4 out of 5
  Ep 22: Train 0.2472 | Val 0.4432 | Test 0.0378
EarlyStopping counter: 5 out of 5
Early stopping triggered!
/home/sangukchoi/Stroke_SDA/sda_training.py:615: FutureWarning: You are using `torch.load` with `weights_only=False` (the current default value), which uses the default pickle module implicitly. It is possible to construct malicious pickle data which will execute arbitrary code during unpickling (See https://github.com/pytorch/pytorch/blob/main/SECURITY.md#untrusted-models for more details). In a future release, the default value for `weights_only` will be flipped to `True`. This limits the functions that could be executed during unpickling. Arbitrary objects will no longer be allowed to be loaded via this mode unless they are explicitly allowlisted by the user via `torch.serialization.add_safe_globals`. We recommend you start setting `weights_only=True` for any use case where you don't have full control of the loaded file. Please open an issue on GitHub for any issues related to this experimental feature.
  model.load_state_dict(torch.load(os.path.join(out_dir, 'best_model.pth')))
Final Test MSE (Best Model): 0.0459
Finished. Status: Success
