Starting Run on GPU 2
Time: 2025-12-24 19:49:44

[Run Start] Subject S006 | Mode ['SDA'] | Params: L2.5_LS0.3_LR0.0001_E256_D64_Dr0.3

[Fold 1 - SDA] Train: ['S006_T004', 'S006_T006'], Test: S006_T001, Norm: fixed
/home/sangukchoi/.conda/envs/torch_gpu/lib/python3.10/site-packages/torch/nn/modules/rnn.py:123: UserWarning: dropout option adds dropout after all but last recurrent layer, so non-zero dropout expects num_layers greater than 1, but got dropout=0.3 and num_layers=1
  warnings.warn(
  Ep 1: Train 0.5116 | Val 0.6156 | Test 0.0768
Validation loss decreased (0.615563 --> 0.615563).  Saving model ...
  Ep 2: Train 0.3505 | Val 0.5304 | Test 0.0665
Validation loss decreased (0.530372 --> 0.530372).  Saving model ...
  Ep 3: Train 0.3122 | Val 0.5266 | Test 0.0696
Validation loss decreased (0.526649 --> 0.526649).  Saving model ...
  Ep 4: Train 0.2938 | Val 0.5687 | Test 0.0720
EarlyStopping counter: 1 out of 5
  Ep 5: Train 0.2843 | Val 0.4586 | Test 0.0479
Validation loss decreased (0.458644 --> 0.458644).  Saving model ...
  Ep 6: Train 0.2820 | Val 0.4381 | Test 0.0680
Validation loss decreased (0.438079 --> 0.438079).  Saving model ...
  Ep 7: Train 0.2778 | Val 0.4468 | Test 0.0512
EarlyStopping counter: 1 out of 5
  Ep 8: Train 0.2758 | Val 0.4405 | Test 0.0513
EarlyStopping counter: 2 out of 5
  Ep 9: Train 0.2743 | Val 0.3838 | Test 0.0484
Validation loss decreased (0.383826 --> 0.383826).  Saving model ...
  Ep 10: Train 0.2595 | Val 0.3975 | Test 0.0600
EarlyStopping counter: 1 out of 5
  Ep 11: Train 0.2596 | Val 0.4127 | Test 0.0527
EarlyStopping counter: 2 out of 5
  Ep 12: Train 0.2636 | Val 0.4288 | Test 0.0450
EarlyStopping counter: 3 out of 5
  Ep 13: Train 0.2529 | Val 0.5065 | Test 0.0609
EarlyStopping counter: 4 out of 5
  Ep 14: Train 0.2471 | Val 0.3769 | Test 0.0460
Validation loss decreased (0.376917 --> 0.376917).  Saving model ...
  Ep 15: Train 0.2556 | Val 0.4592 | Test 0.0462
EarlyStopping counter: 1 out of 5
  Ep 16: Train 0.2455 | Val 0.4281 | Test 0.0376
EarlyStopping counter: 2 out of 5
  Ep 17: Train 0.2454 | Val 0.4174 | Test 0.0567
EarlyStopping counter: 3 out of 5
  Ep 18: Train 0.2442 | Val 0.3634 | Test 0.0468
Validation loss decreased (0.363428 --> 0.363428).  Saving model ...
  Ep 19: Train 0.2446 | Val 0.3566 | Test 0.0409
Validation loss decreased (0.356589 --> 0.356589).  Saving model ...
  Ep 20: Train 0.2387 | Val 0.3603 | Test 0.0341
EarlyStopping counter: 1 out of 5
  Ep 21: Train 0.2407 | Val 0.3949 | Test 0.0357
EarlyStopping counter: 2 out of 5
  Ep 22: Train 0.2378 | Val 0.4229 | Test 0.0383
EarlyStopping counter: 3 out of 5
  Ep 23: Train 0.2349 | Val 0.3992 | Test 0.0445
EarlyStopping counter: 4 out of 5
  Ep 24: Train 0.2359 | Val 0.4453 | Test 0.0364
EarlyStopping counter: 5 out of 5
Early stopping triggered!
/home/sangukchoi/Stroke_SDA/sda_training.py:615: FutureWarning: You are using `torch.load` with `weights_only=False` (the current default value), which uses the default pickle module implicitly. It is possible to construct malicious pickle data which will execute arbitrary code during unpickling (See https://github.com/pytorch/pytorch/blob/main/SECURITY.md#untrusted-models for more details). In a future release, the default value for `weights_only` will be flipped to `True`. This limits the functions that could be executed during unpickling. Arbitrary objects will no longer be allowed to be loaded via this mode unless they are explicitly allowlisted by the user via `torch.serialization.add_safe_globals`. We recommend you start setting `weights_only=True` for any use case where you don't have full control of the loaded file. Please open an issue on GitHub for any issues related to this experimental feature.
  model.load_state_dict(torch.load(os.path.join(out_dir, 'best_model.pth')))
Final Test MSE (Best Model): 0.0409
Finished. Status: Success
