Starting Run on GPU 3
Time: 2025-12-24 19:10:05

[Run Start] Subject S006 | Mode ['SDA'] | Params: L1.5_LS1.0_LR0.0001_E128_D64_Dr0.3

[Fold 1 - SDA] Train: ['S006_T004', 'S006_T006'], Test: S006_T001, Norm: fixed
/home/sangukchoi/.conda/envs/torch_gpu/lib/python3.10/site-packages/torch/nn/modules/rnn.py:123: UserWarning: dropout option adds dropout after all but last recurrent layer, so non-zero dropout expects num_layers greater than 1, but got dropout=0.3 and num_layers=1
  warnings.warn(
  Ep 1: Train 0.4906 | Val 0.4047 | Test 0.0588
Validation loss decreased (0.404730 --> 0.404730).  Saving model ...
  Ep 2: Train 0.2747 | Val 0.3419 | Test 0.0488
Validation loss decreased (0.341876 --> 0.341876).  Saving model ...
  Ep 3: Train 0.2450 | Val 0.3242 | Test 0.0379
Validation loss decreased (0.324193 --> 0.324193).  Saving model ...
  Ep 4: Train 0.2276 | Val 0.3411 | Test 0.0398
EarlyStopping counter: 1 out of 5
  Ep 5: Train 0.2195 | Val 0.3074 | Test 0.0436
Validation loss decreased (0.307381 --> 0.307381).  Saving model ...
  Ep 6: Train 0.2110 | Val 0.2990 | Test 0.0349
Validation loss decreased (0.299000 --> 0.299000).  Saving model ...
  Ep 7: Train 0.2059 | Val 0.2866 | Test 0.0420
Validation loss decreased (0.286604 --> 0.286604).  Saving model ...
  Ep 8: Train 0.2024 | Val 0.2791 | Test 0.0434
Validation loss decreased (0.279107 --> 0.279107).  Saving model ...
  Ep 9: Train 0.2033 | Val 0.2508 | Test 0.0330
Validation loss decreased (0.250782 --> 0.250782).  Saving model ...
  Ep 10: Train 0.1970 | Val 0.2999 | Test 0.0361
EarlyStopping counter: 1 out of 5
  Ep 11: Train 0.1960 | Val 0.2929 | Test 0.0403
EarlyStopping counter: 2 out of 5
  Ep 12: Train 0.1906 | Val 0.2654 | Test 0.0328
EarlyStopping counter: 3 out of 5
  Ep 13: Train 0.1894 | Val 0.2470 | Test 0.0311
Validation loss decreased (0.247049 --> 0.247049).  Saving model ...
  Ep 14: Train 0.1913 | Val 0.2635 | Test 0.0298
EarlyStopping counter: 1 out of 5
  Ep 15: Train 0.1886 | Val 0.2613 | Test 0.0294
EarlyStopping counter: 2 out of 5
  Ep 16: Train 0.1871 | Val 0.2393 | Test 0.0335
Validation loss decreased (0.239287 --> 0.239287).  Saving model ...
  Ep 17: Train 0.1858 | Val 0.2665 | Test 0.0293
EarlyStopping counter: 1 out of 5
  Ep 18: Train 0.1859 | Val 0.2743 | Test 0.0336
EarlyStopping counter: 2 out of 5
  Ep 19: Train 0.1849 | Val 0.2477 | Test 0.0343
EarlyStopping counter: 3 out of 5
  Ep 20: Train 0.1818 | Val 0.2579 | Test 0.0290
EarlyStopping counter: 4 out of 5
  Ep 21: Train 0.1824 | Val 0.2609 | Test 0.0297
EarlyStopping counter: 5 out of 5
Early stopping triggered!
/home/sangukchoi/Stroke_SDA/sda_training.py:615: FutureWarning: You are using `torch.load` with `weights_only=False` (the current default value), which uses the default pickle module implicitly. It is possible to construct malicious pickle data which will execute arbitrary code during unpickling (See https://github.com/pytorch/pytorch/blob/main/SECURITY.md#untrusted-models for more details). In a future release, the default value for `weights_only` will be flipped to `True`. This limits the functions that could be executed during unpickling. Arbitrary objects will no longer be allowed to be loaded via this mode unless they are explicitly allowlisted by the user via `torch.serialization.add_safe_globals`. We recommend you start setting `weights_only=True` for any use case where you don't have full control of the loaded file. Please open an issue on GitHub for any issues related to this experimental feature.
  model.load_state_dict(torch.load(os.path.join(out_dir, 'best_model.pth')))
Final Test MSE (Best Model): 0.0335
Finished. Status: Success
