Starting Run on GPU 3
Time: 2025-12-24 19:42:09

[Run Start] Subject S006 | Mode ['SDA'] | Params: L2.5_LS0.3_LR0.0001_E64_D128_Dr0.3

[Fold 1 - SDA] Train: ['S006_T004', 'S006_T006'], Test: S006_T001, Norm: fixed
/home/sangukchoi/.conda/envs/torch_gpu/lib/python3.10/site-packages/torch/nn/modules/rnn.py:123: UserWarning: dropout option adds dropout after all but last recurrent layer, so non-zero dropout expects num_layers greater than 1, but got dropout=0.3 and num_layers=1
  warnings.warn(
  Ep 1: Train 0.6689 | Val 0.6936 | Test 0.1355
Validation loss decreased (0.693616 --> 0.693616).  Saving model ...
  Ep 2: Train 0.4582 | Val 0.5760 | Test 0.1064
Validation loss decreased (0.575977 --> 0.575977).  Saving model ...
  Ep 3: Train 0.4062 | Val 0.5327 | Test 0.0802
Validation loss decreased (0.532653 --> 0.532653).  Saving model ...
  Ep 4: Train 0.3749 | Val 0.5970 | Test 0.0676
EarlyStopping counter: 1 out of 5
  Ep 5: Train 0.3597 | Val 0.6359 | Test 0.0631
EarlyStopping counter: 2 out of 5
  Ep 6: Train 0.3476 | Val 0.5834 | Test 0.0469
EarlyStopping counter: 3 out of 5
  Ep 7: Train 0.3348 | Val 0.5578 | Test 0.0521
EarlyStopping counter: 4 out of 5
  Ep 8: Train 0.3211 | Val 0.5307 | Test 0.0486
Validation loss decreased (0.530735 --> 0.530735).  Saving model ...
  Ep 9: Train 0.3105 | Val 0.5183 | Test 0.0470
Validation loss decreased (0.518259 --> 0.518259).  Saving model ...
  Ep 10: Train 0.3066 | Val 0.4792 | Test 0.0495
Validation loss decreased (0.479226 --> 0.479226).  Saving model ...
  Ep 11: Train 0.3044 | Val 0.5094 | Test 0.0519
EarlyStopping counter: 1 out of 5
  Ep 12: Train 0.2995 | Val 0.5002 | Test 0.0476
EarlyStopping counter: 2 out of 5
  Ep 13: Train 0.2908 | Val 0.4883 | Test 0.0485
EarlyStopping counter: 3 out of 5
  Ep 14: Train 0.2895 | Val 0.4604 | Test 0.0516
Validation loss decreased (0.460398 --> 0.460398).  Saving model ...
  Ep 15: Train 0.2885 | Val 0.4692 | Test 0.0525
EarlyStopping counter: 1 out of 5
  Ep 16: Train 0.2868 | Val 0.4882 | Test 0.0480
EarlyStopping counter: 2 out of 5
  Ep 17: Train 0.2865 | Val 0.4354 | Test 0.0479
Validation loss decreased (0.435362 --> 0.435362).  Saving model ...
  Ep 18: Train 0.2805 | Val 0.4383 | Test 0.0507
EarlyStopping counter: 1 out of 5
  Ep 19: Train 0.2831 | Val 0.4836 | Test 0.0427
EarlyStopping counter: 2 out of 5
  Ep 20: Train 0.2800 | Val 0.4514 | Test 0.0451
EarlyStopping counter: 3 out of 5
  Ep 21: Train 0.2773 | Val 0.4365 | Test 0.0462
EarlyStopping counter: 4 out of 5
  Ep 22: Train 0.2721 | Val 0.4586 | Test 0.0464
EarlyStopping counter: 5 out of 5
Early stopping triggered!
/home/sangukchoi/Stroke_SDA/sda_training.py:615: FutureWarning: You are using `torch.load` with `weights_only=False` (the current default value), which uses the default pickle module implicitly. It is possible to construct malicious pickle data which will execute arbitrary code during unpickling (See https://github.com/pytorch/pytorch/blob/main/SECURITY.md#untrusted-models for more details). In a future release, the default value for `weights_only` will be flipped to `True`. This limits the functions that could be executed during unpickling. Arbitrary objects will no longer be allowed to be loaded via this mode unless they are explicitly allowlisted by the user via `torch.serialization.add_safe_globals`. We recommend you start setting `weights_only=True` for any use case where you don't have full control of the loaded file. Please open an issue on GitHub for any issues related to this experimental feature.
  model.load_state_dict(torch.load(os.path.join(out_dir, 'best_model.pth')))
Final Test MSE (Best Model): 0.0479
Finished. Status: Success
