Starting Run on GPU 2
Time: 2025-12-24 20:54:59

[Run Start] Subject S006 | Mode ['SDA'] | Params: L3.0_LS0.5_LR0.0001_E256_D128_Dr0.3

[Fold 1 - SDA] Train: ['S006_T004', 'S006_T006'], Test: S006_T001, Norm: fixed
/home/sangukchoi/.conda/envs/torch_gpu/lib/python3.10/site-packages/torch/nn/modules/rnn.py:123: UserWarning: dropout option adds dropout after all but last recurrent layer, so non-zero dropout expects num_layers greater than 1, but got dropout=0.3 and num_layers=1
  warnings.warn(
  Ep 1: Train 0.6469 | Val 0.7929 | Test 0.1131
Validation loss decreased (0.792876 --> 0.792876).  Saving model ...
  Ep 2: Train 0.4553 | Val 0.6875 | Test 0.0719
Validation loss decreased (0.687454 --> 0.687454).  Saving model ...
  Ep 3: Train 0.3801 | Val 0.6333 | Test 0.0510
Validation loss decreased (0.633333 --> 0.633333).  Saving model ...
  Ep 4: Train 0.3681 | Val 0.5035 | Test 0.0539
Validation loss decreased (0.503503 --> 0.503503).  Saving model ...
  Ep 5: Train 0.3559 | Val 0.6076 | Test 0.0516
EarlyStopping counter: 1 out of 5
  Ep 6: Train 0.3445 | Val 0.5408 | Test 0.0499
EarlyStopping counter: 2 out of 5
  Ep 7: Train 0.3333 | Val 0.5032 | Test 0.0515
EarlyStopping counter: 3 out of 5
  Ep 8: Train 0.3429 | Val 0.5558 | Test 0.0543
EarlyStopping counter: 4 out of 5
  Ep 9: Train 0.3355 | Val 0.5643 | Test 0.0356
EarlyStopping counter: 5 out of 5
Early stopping triggered!
/home/sangukchoi/Stroke_SDA/sda_training.py:615: FutureWarning: You are using `torch.load` with `weights_only=False` (the current default value), which uses the default pickle module implicitly. It is possible to construct malicious pickle data which will execute arbitrary code during unpickling (See https://github.com/pytorch/pytorch/blob/main/SECURITY.md#untrusted-models for more details). In a future release, the default value for `weights_only` will be flipped to `True`. This limits the functions that could be executed during unpickling. Arbitrary objects will no longer be allowed to be loaded via this mode unless they are explicitly allowlisted by the user via `torch.serialization.add_safe_globals`. We recommend you start setting `weights_only=True` for any use case where you don't have full control of the loaded file. Please open an issue on GitHub for any issues related to this experimental feature.
  model.load_state_dict(torch.load(os.path.join(out_dir, 'best_model.pth')))
Final Test MSE (Best Model): 0.0539
Finished. Status: Success
