Starting Run on GPU 0
Time: 2025-12-24 18:42:34

[Run Start] Subject S006 | Mode ['SDA'] | Params: L1.0_LS1.0_LR0.0001_E64_D32_Dr0.3

[Fold 1 - SDA] Train: ['S006_T004', 'S006_T006'], Test: S006_T001, Norm: fixed
/home/sangukchoi/.conda/envs/torch_gpu/lib/python3.10/site-packages/torch/nn/modules/rnn.py:123: UserWarning: dropout option adds dropout after all but last recurrent layer, so non-zero dropout expects num_layers greater than 1, but got dropout=0.3 and num_layers=1
  warnings.warn(
  Ep 1: Train 0.5793 | Val 0.3593 | Test 0.0648
Validation loss decreased (0.359301 --> 0.359301).  Saving model ...
  Ep 2: Train 0.2375 | Val 0.2668 | Test 0.0430
Validation loss decreased (0.266831 --> 0.266831).  Saving model ...
  Ep 3: Train 0.1909 | Val 0.2453 | Test 0.0420
Validation loss decreased (0.245294 --> 0.245294).  Saving model ...
  Ep 4: Train 0.1746 | Val 0.2221 | Test 0.0393
Validation loss decreased (0.222131 --> 0.222131).  Saving model ...
  Ep 5: Train 0.1653 | Val 0.2224 | Test 0.0418
EarlyStopping counter: 1 out of 5
  Ep 6: Train 0.1604 | Val 0.2122 | Test 0.0329
Validation loss decreased (0.212191 --> 0.212191).  Saving model ...
  Ep 7: Train 0.1555 | Val 0.2105 | Test 0.0373
Validation loss decreased (0.210500 --> 0.210500).  Saving model ...
  Ep 8: Train 0.1536 | Val 0.2041 | Test 0.0379
Validation loss decreased (0.204129 --> 0.204129).  Saving model ...
  Ep 9: Train 0.1525 | Val 0.2040 | Test 0.0378
EarlyStopping counter: 1 out of 5
  Ep 10: Train 0.1499 | Val 0.1997 | Test 0.0344
Validation loss decreased (0.199676 --> 0.199676).  Saving model ...
  Ep 11: Train 0.1512 | Val 0.1852 | Test 0.0439
Validation loss decreased (0.185227 --> 0.185227).  Saving model ...
  Ep 12: Train 0.1495 | Val 0.1940 | Test 0.0333
EarlyStopping counter: 1 out of 5
  Ep 13: Train 0.1489 | Val 0.1973 | Test 0.0371
EarlyStopping counter: 2 out of 5
  Ep 14: Train 0.1447 | Val 0.1970 | Test 0.0332
EarlyStopping counter: 3 out of 5
  Ep 15: Train 0.1436 | Val 0.1947 | Test 0.0354
EarlyStopping counter: 4 out of 5
  Ep 16: Train 0.1437 | Val 0.1906 | Test 0.0380
EarlyStopping counter: 5 out of 5
Early stopping triggered!
/home/sangukchoi/Stroke_SDA/sda_training.py:615: FutureWarning: You are using `torch.load` with `weights_only=False` (the current default value), which uses the default pickle module implicitly. It is possible to construct malicious pickle data which will execute arbitrary code during unpickling (See https://github.com/pytorch/pytorch/blob/main/SECURITY.md#untrusted-models for more details). In a future release, the default value for `weights_only` will be flipped to `True`. This limits the functions that could be executed during unpickling. Arbitrary objects will no longer be allowed to be loaded via this mode unless they are explicitly allowlisted by the user via `torch.serialization.add_safe_globals`. We recommend you start setting `weights_only=True` for any use case where you don't have full control of the loaded file. Please open an issue on GitHub for any issues related to this experimental feature.
  model.load_state_dict(torch.load(os.path.join(out_dir, 'best_model.pth')))
Final Test MSE (Best Model): 0.0439
Finished. Status: Success
