Starting Run on GPU 1
Time: 2025-12-24 20:51:27

[Run Start] Subject S006 | Mode ['SDA'] | Params: L3.0_LS0.5_LR0.0001_E256_D32_Dr0.3

[Fold 1 - SDA] Train: ['S006_T004', 'S006_T006'], Test: S006_T001, Norm: fixed
/home/sangukchoi/.conda/envs/torch_gpu/lib/python3.10/site-packages/torch/nn/modules/rnn.py:123: UserWarning: dropout option adds dropout after all but last recurrent layer, so non-zero dropout expects num_layers greater than 1, but got dropout=0.3 and num_layers=1
  warnings.warn(
  Ep 1: Train 0.6682 | Val 0.8092 | Test 0.0858
Validation loss decreased (0.809247 --> 0.809247).  Saving model ...
  Ep 2: Train 0.3919 | Val 0.7289 | Test 0.0470
Validation loss decreased (0.728916 --> 0.728916).  Saving model ...
  Ep 3: Train 0.3585 | Val 0.5844 | Test 0.0759
Validation loss decreased (0.584390 --> 0.584390).  Saving model ...
  Ep 4: Train 0.3466 | Val 0.5661 | Test 0.0609
Validation loss decreased (0.566060 --> 0.566060).  Saving model ...
  Ep 5: Train 0.3437 | Val 0.5165 | Test 0.0515
Validation loss decreased (0.516453 --> 0.516453).  Saving model ...
  Ep 6: Train 0.3290 | Val 0.5643 | Test 0.0501
EarlyStopping counter: 1 out of 5
  Ep 7: Train 0.3258 | Val 0.5466 | Test 0.0457
EarlyStopping counter: 2 out of 5
  Ep 8: Train 0.3311 | Val 0.5485 | Test 0.0624
EarlyStopping counter: 3 out of 5
  Ep 9: Train 0.3190 | Val 0.5337 | Test 0.0497
EarlyStopping counter: 4 out of 5
  Ep 10: Train 0.3194 | Val 0.4438 | Test 0.0461
Validation loss decreased (0.443803 --> 0.443803).  Saving model ...
  Ep 11: Train 0.3085 | Val 0.4872 | Test 0.0517
EarlyStopping counter: 1 out of 5
  Ep 12: Train 0.3151 | Val 0.5484 | Test 0.0437
EarlyStopping counter: 2 out of 5
  Ep 13: Train 0.3038 | Val 0.4928 | Test 0.0453
EarlyStopping counter: 3 out of 5
  Ep 14: Train 0.3072 | Val 0.5077 | Test 0.0369
EarlyStopping counter: 4 out of 5
  Ep 15: Train 0.3125 | Val 0.4849 | Test 0.0420
EarlyStopping counter: 5 out of 5
Early stopping triggered!
/home/sangukchoi/Stroke_SDA/sda_training.py:615: FutureWarning: You are using `torch.load` with `weights_only=False` (the current default value), which uses the default pickle module implicitly. It is possible to construct malicious pickle data which will execute arbitrary code during unpickling (See https://github.com/pytorch/pytorch/blob/main/SECURITY.md#untrusted-models for more details). In a future release, the default value for `weights_only` will be flipped to `True`. This limits the functions that could be executed during unpickling. Arbitrary objects will no longer be allowed to be loaded via this mode unless they are explicitly allowlisted by the user via `torch.serialization.add_safe_globals`. We recommend you start setting `weights_only=True` for any use case where you don't have full control of the loaded file. Please open an issue on GitHub for any issues related to this experimental feature.
  model.load_state_dict(torch.load(os.path.join(out_dir, 'best_model.pth')))
Final Test MSE (Best Model): 0.0461
Finished. Status: Success
