Starting Run on GPU 0
Time: 2025-12-24 20:58:59

[Run Start] Subject S006 | Mode ['SDA'] | Params: L3.0_LS0.7_LR0.0001_E64_D128_Dr0.3

[Fold 1 - SDA] Train: ['S006_T004', 'S006_T006'], Test: S006_T001, Norm: fixed
/home/sangukchoi/.conda/envs/torch_gpu/lib/python3.10/site-packages/torch/nn/modules/rnn.py:123: UserWarning: dropout option adds dropout after all but last recurrent layer, so non-zero dropout expects num_layers greater than 1, but got dropout=0.3 and num_layers=1
  warnings.warn(
  Ep 1: Train 0.9038 | Val 0.7857 | Test 0.1299
Validation loss decreased (0.785712 --> 0.785712).  Saving model ...
  Ep 2: Train 0.5863 | Val 0.7387 | Test 0.0940
Validation loss decreased (0.738703 --> 0.738703).  Saving model ...
  Ep 3: Train 0.5326 | Val 0.7318 | Test 0.0817
Validation loss decreased (0.731794 --> 0.731794).  Saving model ...
  Ep 4: Train 0.5015 | Val 0.7391 | Test 0.0656
EarlyStopping counter: 1 out of 5
  Ep 5: Train 0.4706 | Val 0.7079 | Test 0.0675
Validation loss decreased (0.707879 --> 0.707879).  Saving model ...
  Ep 6: Train 0.4450 | Val 0.6655 | Test 0.0585
Validation loss decreased (0.665471 --> 0.665471).  Saving model ...
  Ep 7: Train 0.4191 | Val 0.6813 | Test 0.0567
EarlyStopping counter: 1 out of 5
  Ep 8: Train 0.4050 | Val 0.6151 | Test 0.0540
Validation loss decreased (0.615071 --> 0.615071).  Saving model ...
  Ep 9: Train 0.3917 | Val 0.5771 | Test 0.0499
Validation loss decreased (0.577122 --> 0.577122).  Saving model ...
  Ep 10: Train 0.3754 | Val 0.5885 | Test 0.0560
EarlyStopping counter: 1 out of 5
  Ep 11: Train 0.3745 | Val 0.5859 | Test 0.0473
EarlyStopping counter: 2 out of 5
  Ep 12: Train 0.3661 | Val 0.5805 | Test 0.0535
EarlyStopping counter: 3 out of 5
  Ep 13: Train 0.3650 | Val 0.5503 | Test 0.0598
Validation loss decreased (0.550286 --> 0.550286).  Saving model ...
  Ep 14: Train 0.3534 | Val 0.5842 | Test 0.0463
EarlyStopping counter: 1 out of 5
  Ep 15: Train 0.3493 | Val 0.5457 | Test 0.0472
Validation loss decreased (0.545651 --> 0.545651).  Saving model ...
  Ep 16: Train 0.3507 | Val 0.5625 | Test 0.0453
EarlyStopping counter: 1 out of 5
  Ep 17: Train 0.3438 | Val 0.5746 | Test 0.0497
EarlyStopping counter: 2 out of 5
  Ep 18: Train 0.3488 | Val 0.5563 | Test 0.0429
EarlyStopping counter: 3 out of 5
  Ep 19: Train 0.3395 | Val 0.5196 | Test 0.0455
Validation loss decreased (0.519645 --> 0.519645).  Saving model ...
  Ep 20: Train 0.3377 | Val 0.4877 | Test 0.0537
Validation loss decreased (0.487745 --> 0.487745).  Saving model ...
  Ep 21: Train 0.3322 | Val 0.5015 | Test 0.0523
EarlyStopping counter: 1 out of 5
  Ep 22: Train 0.3371 | Val 0.5174 | Test 0.0516
EarlyStopping counter: 2 out of 5
  Ep 23: Train 0.3259 | Val 0.5202 | Test 0.0479
EarlyStopping counter: 3 out of 5
  Ep 24: Train 0.3283 | Val 0.5312 | Test 0.0458
EarlyStopping counter: 4 out of 5
  Ep 25: Train 0.3281 | Val 0.5146 | Test 0.0503
EarlyStopping counter: 5 out of 5
Early stopping triggered!
/home/sangukchoi/Stroke_SDA/sda_training.py:615: FutureWarning: You are using `torch.load` with `weights_only=False` (the current default value), which uses the default pickle module implicitly. It is possible to construct malicious pickle data which will execute arbitrary code during unpickling (See https://github.com/pytorch/pytorch/blob/main/SECURITY.md#untrusted-models for more details). In a future release, the default value for `weights_only` will be flipped to `True`. This limits the functions that could be executed during unpickling. Arbitrary objects will no longer be allowed to be loaded via this mode unless they are explicitly allowlisted by the user via `torch.serialization.add_safe_globals`. We recommend you start setting `weights_only=True` for any use case where you don't have full control of the loaded file. Please open an issue on GitHub for any issues related to this experimental feature.
  model.load_state_dict(torch.load(os.path.join(out_dir, 'best_model.pth')))
Final Test MSE (Best Model): 0.0537
Finished. Status: Success
