Starting Run on GPU 2
Time: 2025-12-24 18:13:24

[Run Start] Subject S006 | Mode ['SDA'] | Params: L0.5_LS0.7_LR0.0001_E128_D64_Dr0.3

[Fold 1 - SDA] Train: ['S006_T004', 'S006_T006'], Test: S006_T001, Norm: fixed
/home/sangukchoi/.conda/envs/torch_gpu/lib/python3.10/site-packages/torch/nn/modules/rnn.py:123: UserWarning: dropout option adds dropout after all but last recurrent layer, so non-zero dropout expects num_layers greater than 1, but got dropout=0.3 and num_layers=1
  warnings.warn(
  Ep 1: Train 0.2649 | Val 0.1615 | Test 0.0436
Validation loss decreased (0.161523 --> 0.161523).  Saving model ...
  Ep 2: Train 0.1137 | Val 0.1132 | Test 0.0360
Validation loss decreased (0.113244 --> 0.113244).  Saving model ...
  Ep 3: Train 0.0945 | Val 0.0999 | Test 0.0358
Validation loss decreased (0.099914 --> 0.099914).  Saving model ...
  Ep 4: Train 0.0898 | Val 0.1027 | Test 0.0318
EarlyStopping counter: 1 out of 5
  Ep 5: Train 0.0841 | Val 0.0921 | Test 0.0308
Validation loss decreased (0.092060 --> 0.092060).  Saving model ...
  Ep 6: Train 0.0820 | Val 0.0988 | Test 0.0346
EarlyStopping counter: 1 out of 5
  Ep 7: Train 0.0812 | Val 0.0949 | Test 0.0263
EarlyStopping counter: 2 out of 5
  Ep 8: Train 0.0792 | Val 0.0962 | Test 0.0285
EarlyStopping counter: 3 out of 5
  Ep 9: Train 0.0791 | Val 0.0885 | Test 0.0298
Validation loss decreased (0.088463 --> 0.088463).  Saving model ...
  Ep 10: Train 0.0776 | Val 0.0922 | Test 0.0252
EarlyStopping counter: 1 out of 5
  Ep 11: Train 0.0754 | Val 0.0887 | Test 0.0334
EarlyStopping counter: 2 out of 5
  Ep 12: Train 0.0757 | Val 0.0898 | Test 0.0268
EarlyStopping counter: 3 out of 5
  Ep 13: Train 0.0754 | Val 0.0964 | Test 0.0263
EarlyStopping counter: 4 out of 5
  Ep 14: Train 0.0745 | Val 0.0839 | Test 0.0285
Validation loss decreased (0.083903 --> 0.083903).  Saving model ...
  Ep 15: Train 0.0732 | Val 0.0884 | Test 0.0285
EarlyStopping counter: 1 out of 5
  Ep 16: Train 0.0721 | Val 0.0991 | Test 0.0268
EarlyStopping counter: 2 out of 5
  Ep 17: Train 0.0746 | Val 0.0910 | Test 0.0283
EarlyStopping counter: 3 out of 5
  Ep 18: Train 0.0731 | Val 0.0952 | Test 0.0233
EarlyStopping counter: 4 out of 5
  Ep 19: Train 0.0725 | Val 0.0896 | Test 0.0302
EarlyStopping counter: 5 out of 5
Early stopping triggered!
/home/sangukchoi/Stroke_SDA/sda_training.py:615: FutureWarning: You are using `torch.load` with `weights_only=False` (the current default value), which uses the default pickle module implicitly. It is possible to construct malicious pickle data which will execute arbitrary code during unpickling (See https://github.com/pytorch/pytorch/blob/main/SECURITY.md#untrusted-models for more details). In a future release, the default value for `weights_only` will be flipped to `True`. This limits the functions that could be executed during unpickling. Arbitrary objects will no longer be allowed to be loaded via this mode unless they are explicitly allowlisted by the user via `torch.serialization.add_safe_globals`. We recommend you start setting `weights_only=True` for any use case where you don't have full control of the loaded file. Please open an issue on GitHub for any issues related to this experimental feature.
  model.load_state_dict(torch.load(os.path.join(out_dir, 'best_model.pth')))
Final Test MSE (Best Model): 0.0285
Finished. Status: Success
