Starting Run on GPU 2
Time: 2025-12-25 01:01:35

[Run Start] Subject S007 | Mode ['SDA'] | Params: L3.0_LS1.0_LR0.0001_E256_D128_Dr0.3

[Fold 1 - SDA] Train: ['S007_T006', 'S007_T009'], Test: S007_T005, Norm: fixed
/home/sangukchoi/.conda/envs/torch_gpu/lib/python3.10/site-packages/torch/nn/modules/rnn.py:123: UserWarning: dropout option adds dropout after all but last recurrent layer, so non-zero dropout expects num_layers greater than 1, but got dropout=0.3 and num_layers=1
  warnings.warn(
  Ep 1: Train 0.5680 | Val 0.5771 | Test 0.0337
Validation loss decreased (0.577118 --> 0.577118).  Saving model ...
  Ep 2: Train 0.4326 | Val 0.4246 | Test 0.0311
Validation loss decreased (0.424605 --> 0.424605).  Saving model ...
  Ep 3: Train 0.3879 | Val 0.4198 | Test 0.0323
Validation loss decreased (0.419828 --> 0.419828).  Saving model ...
  Ep 4: Train 0.3668 | Val 0.4243 | Test 0.0254
EarlyStopping counter: 1 out of 5
  Ep 5: Train 0.3541 | Val 0.3691 | Test 0.0218
Validation loss decreased (0.369062 --> 0.369062).  Saving model ...
  Ep 6: Train 0.3456 | Val 0.4377 | Test 0.0185
EarlyStopping counter: 1 out of 5
  Ep 7: Train 0.3264 | Val 0.3724 | Test 0.0143
EarlyStopping counter: 2 out of 5
  Ep 8: Train 0.3095 | Val 0.3743 | Test 0.0165
EarlyStopping counter: 3 out of 5
  Ep 9: Train 0.3051 | Val 0.3642 | Test 0.0125
Validation loss decreased (0.364180 --> 0.364180).  Saving model ...
  Ep 10: Train 0.2948 | Val 0.4062 | Test 0.0141
EarlyStopping counter: 1 out of 5
  Ep 11: Train 0.2889 | Val 0.4010 | Test 0.0193
EarlyStopping counter: 2 out of 5
  Ep 12: Train 0.2957 | Val 0.3673 | Test 0.0144
EarlyStopping counter: 3 out of 5
  Ep 13: Train 0.2859 | Val 0.3690 | Test 0.0159
EarlyStopping counter: 4 out of 5
  Ep 14: Train 0.2827 | Val 0.3316 | Test 0.0175
Validation loss decreased (0.331630 --> 0.331630).  Saving model ...
  Ep 15: Train 0.2744 | Val 0.3192 | Test 0.0122
Validation loss decreased (0.319178 --> 0.319178).  Saving model ...
  Ep 16: Train 0.2709 | Val 0.3819 | Test 0.0174
EarlyStopping counter: 1 out of 5
  Ep 17: Train 0.2767 | Val 0.3532 | Test 0.0144
EarlyStopping counter: 2 out of 5
  Ep 18: Train 0.2718 | Val 0.3524 | Test 0.0160
EarlyStopping counter: 3 out of 5
  Ep 19: Train 0.2746 | Val 0.2439 | Test 0.0132
Validation loss decreased (0.243897 --> 0.243897).  Saving model ...
  Ep 20: Train 0.2634 | Val 0.3110 | Test 0.0107
EarlyStopping counter: 1 out of 5
  Ep 21: Train 0.2705 | Val 0.3022 | Test 0.0141
EarlyStopping counter: 2 out of 5
  Ep 22: Train 0.2677 | Val 0.3324 | Test 0.0127
EarlyStopping counter: 3 out of 5
  Ep 23: Train 0.2590 | Val 0.2326 | Test 0.0114
Validation loss decreased (0.232643 --> 0.232643).  Saving model ...
  Ep 24: Train 0.2684 | Val 0.3698 | Test 0.0140
EarlyStopping counter: 1 out of 5
  Ep 25: Train 0.2602 | Val 0.2491 | Test 0.0157
EarlyStopping counter: 2 out of 5
  Ep 26: Train 0.2519 | Val 0.3192 | Test 0.0136
EarlyStopping counter: 3 out of 5
  Ep 27: Train 0.2483 | Val 0.3901 | Test 0.0153
EarlyStopping counter: 4 out of 5
  Ep 28: Train 0.2681 | Val 0.4639 | Test 0.0174
EarlyStopping counter: 5 out of 5
Early stopping triggered!
/home/sangukchoi/Stroke_SDA/sda_training.py:615: FutureWarning: You are using `torch.load` with `weights_only=False` (the current default value), which uses the default pickle module implicitly. It is possible to construct malicious pickle data which will execute arbitrary code during unpickling (See https://github.com/pytorch/pytorch/blob/main/SECURITY.md#untrusted-models for more details). In a future release, the default value for `weights_only` will be flipped to `True`. This limits the functions that could be executed during unpickling. Arbitrary objects will no longer be allowed to be loaded via this mode unless they are explicitly allowlisted by the user via `torch.serialization.add_safe_globals`. We recommend you start setting `weights_only=True` for any use case where you don't have full control of the loaded file. Please open an issue on GitHub for any issues related to this experimental feature.
  model.load_state_dict(torch.load(os.path.join(out_dir, 'best_model.pth')))
Final Test MSE (Best Model): 0.0114
Finished. Status: Success
