Starting Run on GPU 2
Time: 2025-12-24 22:20:02

[Run Start] Subject S007 | Mode ['SDA'] | Params: L1.5_LS0.7_LR0.0001_E128_D128_Dr0.3

[Fold 1 - SDA] Train: ['S007_T006', 'S007_T009'], Test: S007_T005, Norm: fixed
/home/sangukchoi/.conda/envs/torch_gpu/lib/python3.10/site-packages/torch/nn/modules/rnn.py:123: UserWarning: dropout option adds dropout after all but last recurrent layer, so non-zero dropout expects num_layers greater than 1, but got dropout=0.3 and num_layers=1
  warnings.warn(
  Ep 1: Train 0.3491 | Val 0.2670 | Test 0.0213
Validation loss decreased (0.267045 --> 0.267045).  Saving model ...
  Ep 2: Train 0.2293 | Val 0.2205 | Test 0.0152
Validation loss decreased (0.220514 --> 0.220514).  Saving model ...
  Ep 3: Train 0.2085 | Val 0.2131 | Test 0.0125
Validation loss decreased (0.213094 --> 0.213094).  Saving model ...
  Ep 4: Train 0.1889 | Val 0.1992 | Test 0.0175
Validation loss decreased (0.199157 --> 0.199157).  Saving model ...
  Ep 5: Train 0.1770 | Val 0.1755 | Test 0.0130
Validation loss decreased (0.175538 --> 0.175538).  Saving model ...
  Ep 6: Train 0.1720 | Val 0.1655 | Test 0.0095
Validation loss decreased (0.165535 --> 0.165535).  Saving model ...
  Ep 7: Train 0.1676 | Val 0.1428 | Test 0.0095
Validation loss decreased (0.142773 --> 0.142773).  Saving model ...
  Ep 8: Train 0.1675 | Val 0.1448 | Test 0.0096
EarlyStopping counter: 1 out of 5
  Ep 9: Train 0.1615 | Val 0.1470 | Test 0.0094
EarlyStopping counter: 2 out of 5
  Ep 10: Train 0.1580 | Val 0.1323 | Test 0.0080
Validation loss decreased (0.132274 --> 0.132274).  Saving model ...
  Ep 11: Train 0.1566 | Val 0.1426 | Test 0.0079
EarlyStopping counter: 1 out of 5
  Ep 12: Train 0.1570 | Val 0.1385 | Test 0.0098
EarlyStopping counter: 2 out of 5
  Ep 13: Train 0.1524 | Val 0.1326 | Test 0.0087
EarlyStopping counter: 3 out of 5
  Ep 14: Train 0.1496 | Val 0.1398 | Test 0.0093
EarlyStopping counter: 4 out of 5
  Ep 15: Train 0.1464 | Val 0.1301 | Test 0.0073
Validation loss decreased (0.130077 --> 0.130077).  Saving model ...
  Ep 16: Train 0.1447 | Val 0.1437 | Test 0.0078
EarlyStopping counter: 1 out of 5
  Ep 17: Train 0.1469 | Val 0.1347 | Test 0.0079
EarlyStopping counter: 2 out of 5
  Ep 18: Train 0.1421 | Val 0.1243 | Test 0.0081
Validation loss decreased (0.124347 --> 0.124347).  Saving model ...
  Ep 19: Train 0.1460 | Val 0.1397 | Test 0.0096
EarlyStopping counter: 1 out of 5
  Ep 20: Train 0.1442 | Val 0.1274 | Test 0.0087
EarlyStopping counter: 2 out of 5
  Ep 21: Train 0.1411 | Val 0.1401 | Test 0.0082
EarlyStopping counter: 3 out of 5
  Ep 22: Train 0.1435 | Val 0.1161 | Test 0.0081
Validation loss decreased (0.116087 --> 0.116087).  Saving model ...
  Ep 23: Train 0.1414 | Val 0.1374 | Test 0.0096
EarlyStopping counter: 1 out of 5
  Ep 24: Train 0.1375 | Val 0.1124 | Test 0.0085
Validation loss decreased (0.112380 --> 0.112380).  Saving model ...
  Ep 25: Train 0.1379 | Val 0.1068 | Test 0.0066
Validation loss decreased (0.106787 --> 0.106787).  Saving model ...
  Ep 26: Train 0.1347 | Val 0.1201 | Test 0.0080
EarlyStopping counter: 1 out of 5
  Ep 27: Train 0.1381 | Val 0.1221 | Test 0.0069
EarlyStopping counter: 2 out of 5
  Ep 28: Train 0.1361 | Val 0.1609 | Test 0.0109
EarlyStopping counter: 3 out of 5
  Ep 29: Train 0.1315 | Val 0.1270 | Test 0.0080
EarlyStopping counter: 4 out of 5
  Ep 30: Train 0.1331 | Val 0.1178 | Test 0.0073
EarlyStopping counter: 5 out of 5
Early stopping triggered!
/home/sangukchoi/Stroke_SDA/sda_training.py:615: FutureWarning: You are using `torch.load` with `weights_only=False` (the current default value), which uses the default pickle module implicitly. It is possible to construct malicious pickle data which will execute arbitrary code during unpickling (See https://github.com/pytorch/pytorch/blob/main/SECURITY.md#untrusted-models for more details). In a future release, the default value for `weights_only` will be flipped to `True`. This limits the functions that could be executed during unpickling. Arbitrary objects will no longer be allowed to be loaded via this mode unless they are explicitly allowlisted by the user via `torch.serialization.add_safe_globals`. We recommend you start setting `weights_only=True` for any use case where you don't have full control of the loaded file. Please open an issue on GitHub for any issues related to this experimental feature.
  model.load_state_dict(torch.load(os.path.join(out_dir, 'best_model.pth')))
Final Test MSE (Best Model): 0.0066
Finished. Status: Success
