Starting Run on GPU 0
Time: 2025-12-25 00:26:34

[Run Start] Subject S007 | Mode ['SDA'] | Params: L3.0_LS0.5_LR0.0001_E64_D64_Dr0.3

[Fold 1 - SDA] Train: ['S007_T006', 'S007_T009'], Test: S007_T005, Norm: fixed
/home/sangukchoi/.conda/envs/torch_gpu/lib/python3.10/site-packages/torch/nn/modules/rnn.py:123: UserWarning: dropout option adds dropout after all but last recurrent layer, so non-zero dropout expects num_layers greater than 1, but got dropout=0.3 and num_layers=1
  warnings.warn(
  Ep 1: Train 0.7360 | Val 0.6312 | Test 0.0884
Validation loss decreased (0.631160 --> 0.631160).  Saving model ...
  Ep 2: Train 0.4581 | Val 0.5809 | Test 0.0595
Validation loss decreased (0.580933 --> 0.580933).  Saving model ...
  Ep 3: Train 0.4140 | Val 0.6067 | Test 0.0582
EarlyStopping counter: 1 out of 5
  Ep 4: Train 0.3874 | Val 0.5756 | Test 0.0514
Validation loss decreased (0.575569 --> 0.575569).  Saving model ...
  Ep 5: Train 0.3690 | Val 0.5443 | Test 0.0425
Validation loss decreased (0.544263 --> 0.544263).  Saving model ...
  Ep 6: Train 0.3454 | Val 0.4903 | Test 0.0313
Validation loss decreased (0.490308 --> 0.490308).  Saving model ...
  Ep 7: Train 0.3306 | Val 0.4835 | Test 0.0288
Validation loss decreased (0.483468 --> 0.483468).  Saving model ...
  Ep 8: Train 0.3224 | Val 0.4340 | Test 0.0259
Validation loss decreased (0.434041 --> 0.434041).  Saving model ...
  Ep 9: Train 0.3210 | Val 0.4176 | Test 0.0229
Validation loss decreased (0.417590 --> 0.417590).  Saving model ...
  Ep 10: Train 0.3147 | Val 0.4091 | Test 0.0205
Validation loss decreased (0.409102 --> 0.409102).  Saving model ...
  Ep 11: Train 0.3047 | Val 0.4010 | Test 0.0223
Validation loss decreased (0.400982 --> 0.400982).  Saving model ...
  Ep 12: Train 0.3024 | Val 0.3456 | Test 0.0237
Validation loss decreased (0.345568 --> 0.345568).  Saving model ...
  Ep 13: Train 0.2983 | Val 0.4064 | Test 0.0165
EarlyStopping counter: 1 out of 5
  Ep 14: Train 0.2910 | Val 0.3799 | Test 0.0188
EarlyStopping counter: 2 out of 5
  Ep 15: Train 0.2856 | Val 0.4086 | Test 0.0192
EarlyStopping counter: 3 out of 5
  Ep 16: Train 0.2771 | Val 0.3180 | Test 0.0230
Validation loss decreased (0.317982 --> 0.317982).  Saving model ...
  Ep 17: Train 0.2796 | Val 0.4209 | Test 0.0205
EarlyStopping counter: 1 out of 5
  Ep 18: Train 0.2793 | Val 0.3825 | Test 0.0182
EarlyStopping counter: 2 out of 5
  Ep 19: Train 0.2832 | Val 0.3405 | Test 0.0181
EarlyStopping counter: 3 out of 5
  Ep 20: Train 0.2773 | Val 0.3637 | Test 0.0202
EarlyStopping counter: 4 out of 5
  Ep 21: Train 0.2752 | Val 0.3775 | Test 0.0173
EarlyStopping counter: 5 out of 5
Early stopping triggered!
/home/sangukchoi/Stroke_SDA/sda_training.py:615: FutureWarning: You are using `torch.load` with `weights_only=False` (the current default value), which uses the default pickle module implicitly. It is possible to construct malicious pickle data which will execute arbitrary code during unpickling (See https://github.com/pytorch/pytorch/blob/main/SECURITY.md#untrusted-models for more details). In a future release, the default value for `weights_only` will be flipped to `True`. This limits the functions that could be executed during unpickling. Arbitrary objects will no longer be allowed to be loaded via this mode unless they are explicitly allowlisted by the user via `torch.serialization.add_safe_globals`. We recommend you start setting `weights_only=True` for any use case where you don't have full control of the loaded file. Please open an issue on GitHub for any issues related to this experimental feature.
  model.load_state_dict(torch.load(os.path.join(out_dir, 'best_model.pth')))
Final Test MSE (Best Model): 0.0230
Finished. Status: Success
