Starting Run on GPU 1
Time: 2025-12-24 23:31:39

[Run Start] Subject S007 | Mode ['SDA'] | Params: L2.5_LS0.3_LR0.0001_E256_D64_Dr0.3

[Fold 1 - SDA] Train: ['S007_T006', 'S007_T009'], Test: S007_T005, Norm: fixed
/home/sangukchoi/.conda/envs/torch_gpu/lib/python3.10/site-packages/torch/nn/modules/rnn.py:123: UserWarning: dropout option adds dropout after all but last recurrent layer, so non-zero dropout expects num_layers greater than 1, but got dropout=0.3 and num_layers=1
  warnings.warn(
  Ep 1: Train 0.4058 | Val 0.4623 | Test 0.0498
Validation loss decreased (0.462348 --> 0.462348).  Saving model ...
  Ep 2: Train 0.3160 | Val 0.4789 | Test 0.0352
EarlyStopping counter: 1 out of 5
  Ep 3: Train 0.2851 | Val 0.3478 | Test 0.0211
Validation loss decreased (0.347753 --> 0.347753).  Saving model ...
  Ep 4: Train 0.2677 | Val 0.3328 | Test 0.0137
Validation loss decreased (0.332821 --> 0.332821).  Saving model ...
  Ep 5: Train 0.2593 | Val 0.2865 | Test 0.0201
Validation loss decreased (0.286468 --> 0.286468).  Saving model ...
  Ep 6: Train 0.2447 | Val 0.3054 | Test 0.0225
EarlyStopping counter: 1 out of 5
  Ep 7: Train 0.2433 | Val 0.3389 | Test 0.0232
EarlyStopping counter: 2 out of 5
  Ep 8: Train 0.2444 | Val 0.3205 | Test 0.0157
EarlyStopping counter: 3 out of 5
  Ep 9: Train 0.2338 | Val 0.2440 | Test 0.0199
Validation loss decreased (0.244019 --> 0.244019).  Saving model ...
  Ep 10: Train 0.2304 | Val 0.2520 | Test 0.0127
EarlyStopping counter: 1 out of 5
  Ep 11: Train 0.2294 | Val 0.2748 | Test 0.0155
EarlyStopping counter: 2 out of 5
  Ep 12: Train 0.2253 | Val 0.2869 | Test 0.0192
EarlyStopping counter: 3 out of 5
  Ep 13: Train 0.2339 | Val 0.2962 | Test 0.0215
EarlyStopping counter: 4 out of 5
  Ep 14: Train 0.2267 | Val 0.2286 | Test 0.0168
Validation loss decreased (0.228565 --> 0.228565).  Saving model ...
  Ep 15: Train 0.2175 | Val 0.3127 | Test 0.0117
EarlyStopping counter: 1 out of 5
  Ep 16: Train 0.2175 | Val 0.2661 | Test 0.0125
EarlyStopping counter: 2 out of 5
  Ep 17: Train 0.2187 | Val 0.3095 | Test 0.0140
EarlyStopping counter: 3 out of 5
  Ep 18: Train 0.2224 | Val 0.2979 | Test 0.0176
EarlyStopping counter: 4 out of 5
  Ep 19: Train 0.2192 | Val 0.2399 | Test 0.0200
EarlyStopping counter: 5 out of 5
Early stopping triggered!
/home/sangukchoi/Stroke_SDA/sda_training.py:615: FutureWarning: You are using `torch.load` with `weights_only=False` (the current default value), which uses the default pickle module implicitly. It is possible to construct malicious pickle data which will execute arbitrary code during unpickling (See https://github.com/pytorch/pytorch/blob/main/SECURITY.md#untrusted-models for more details). In a future release, the default value for `weights_only` will be flipped to `True`. This limits the functions that could be executed during unpickling. Arbitrary objects will no longer be allowed to be loaded via this mode unless they are explicitly allowlisted by the user via `torch.serialization.add_safe_globals`. We recommend you start setting `weights_only=True` for any use case where you don't have full control of the loaded file. Please open an issue on GitHub for any issues related to this experimental feature.
  model.load_state_dict(torch.load(os.path.join(out_dir, 'best_model.pth')))
Final Test MSE (Best Model): 0.0168
Finished. Status: Success
