Starting Run on GPU 2
Time: 2025-12-25 00:14:56

[Run Start] Subject S007 | Mode ['SDA'] | Params: L3.0_LS0.3_LR0.0001_E64_D128_Dr0.3

[Fold 1 - SDA] Train: ['S007_T006', 'S007_T009'], Test: S007_T005, Norm: fixed
/home/sangukchoi/.conda/envs/torch_gpu/lib/python3.10/site-packages/torch/nn/modules/rnn.py:123: UserWarning: dropout option adds dropout after all but last recurrent layer, so non-zero dropout expects num_layers greater than 1, but got dropout=0.3 and num_layers=1
  warnings.warn(
  Ep 1: Train 0.5795 | Val 0.5964 | Test 0.1046
Validation loss decreased (0.596438 --> 0.596438).  Saving model ...
  Ep 2: Train 0.4349 | Val 0.5431 | Test 0.0752
Validation loss decreased (0.543099 --> 0.543099).  Saving model ...
  Ep 3: Train 0.3954 | Val 0.5552 | Test 0.0618
EarlyStopping counter: 1 out of 5
  Ep 4: Train 0.3835 | Val 0.5649 | Test 0.0590
EarlyStopping counter: 2 out of 5
  Ep 5: Train 0.3712 | Val 0.5811 | Test 0.0539
EarlyStopping counter: 3 out of 5
  Ep 6: Train 0.3610 | Val 0.5890 | Test 0.0465
EarlyStopping counter: 4 out of 5
  Ep 7: Train 0.3443 | Val 0.5912 | Test 0.0446
EarlyStopping counter: 5 out of 5
Early stopping triggered!
/home/sangukchoi/Stroke_SDA/sda_training.py:615: FutureWarning: You are using `torch.load` with `weights_only=False` (the current default value), which uses the default pickle module implicitly. It is possible to construct malicious pickle data which will execute arbitrary code during unpickling (See https://github.com/pytorch/pytorch/blob/main/SECURITY.md#untrusted-models for more details). In a future release, the default value for `weights_only` will be flipped to `True`. This limits the functions that could be executed during unpickling. Arbitrary objects will no longer be allowed to be loaded via this mode unless they are explicitly allowlisted by the user via `torch.serialization.add_safe_globals`. We recommend you start setting `weights_only=True` for any use case where you don't have full control of the loaded file. Please open an issue on GitHub for any issues related to this experimental feature.
  model.load_state_dict(torch.load(os.path.join(out_dir, 'best_model.pth')))
Final Test MSE (Best Model): 0.0752
Finished. Status: Success
