Starting Run on GPU 1
Time: 2025-12-24 22:54:55

[Run Start] Subject S007 | Mode ['SDA'] | Params: L2.0_LS0.7_LR0.0001_E128_D32_Dr0.3

[Fold 1 - SDA] Train: ['S007_T006', 'S007_T009'], Test: S007_T005, Norm: fixed
/home/sangukchoi/.conda/envs/torch_gpu/lib/python3.10/site-packages/torch/nn/modules/rnn.py:123: UserWarning: dropout option adds dropout after all but last recurrent layer, so non-zero dropout expects num_layers greater than 1, but got dropout=0.3 and num_layers=1
  warnings.warn(
  Ep 1: Train 0.4597 | Val 0.3680 | Test 0.0322
Validation loss decreased (0.367987 --> 0.367987).  Saving model ...
  Ep 2: Train 0.2960 | Val 0.2781 | Test 0.0218
Validation loss decreased (0.278139 --> 0.278139).  Saving model ...
  Ep 3: Train 0.2660 | Val 0.2259 | Test 0.0208
Validation loss decreased (0.225864 --> 0.225864).  Saving model ...
  Ep 4: Train 0.2504 | Val 0.2043 | Test 0.0175
Validation loss decreased (0.204333 --> 0.204333).  Saving model ...
  Ep 5: Train 0.2378 | Val 0.2052 | Test 0.0158
EarlyStopping counter: 1 out of 5
  Ep 6: Train 0.2338 | Val 0.2254 | Test 0.0211
EarlyStopping counter: 2 out of 5
  Ep 7: Train 0.2217 | Val 0.2121 | Test 0.0159
EarlyStopping counter: 3 out of 5
  Ep 8: Train 0.2203 | Val 0.1872 | Test 0.0118
Validation loss decreased (0.187221 --> 0.187221).  Saving model ...
  Ep 9: Train 0.2200 | Val 0.1950 | Test 0.0120
EarlyStopping counter: 1 out of 5
  Ep 10: Train 0.2176 | Val 0.2079 | Test 0.0165
EarlyStopping counter: 2 out of 5
  Ep 11: Train 0.2111 | Val 0.1984 | Test 0.0120
EarlyStopping counter: 3 out of 5
  Ep 12: Train 0.2101 | Val 0.1825 | Test 0.0152
Validation loss decreased (0.182458 --> 0.182458).  Saving model ...
  Ep 13: Train 0.2081 | Val 0.2015 | Test 0.0134
EarlyStopping counter: 1 out of 5
  Ep 14: Train 0.2056 | Val 0.1904 | Test 0.0123
EarlyStopping counter: 2 out of 5
  Ep 15: Train 0.1962 | Val 0.1840 | Test 0.0128
EarlyStopping counter: 3 out of 5
  Ep 16: Train 0.2023 | Val 0.1923 | Test 0.0127
EarlyStopping counter: 4 out of 5
  Ep 17: Train 0.1991 | Val 0.1978 | Test 0.0123
EarlyStopping counter: 5 out of 5
Early stopping triggered!
/home/sangukchoi/Stroke_SDA/sda_training.py:615: FutureWarning: You are using `torch.load` with `weights_only=False` (the current default value), which uses the default pickle module implicitly. It is possible to construct malicious pickle data which will execute arbitrary code during unpickling (See https://github.com/pytorch/pytorch/blob/main/SECURITY.md#untrusted-models for more details). In a future release, the default value for `weights_only` will be flipped to `True`. This limits the functions that could be executed during unpickling. Arbitrary objects will no longer be allowed to be loaded via this mode unless they are explicitly allowlisted by the user via `torch.serialization.add_safe_globals`. We recommend you start setting `weights_only=True` for any use case where you don't have full control of the loaded file. Please open an issue on GitHub for any issues related to this experimental feature.
  model.load_state_dict(torch.load(os.path.join(out_dir, 'best_model.pth')))
Final Test MSE (Best Model): 0.0152
Finished. Status: Success
