Starting Run on GPU 1
Time: 2025-12-24 22:29:37

[Run Start] Subject S007 | Mode ['SDA'] | Params: L1.5_LS1.0_LR0.0001_E64_D32_Dr0.3

[Fold 1 - SDA] Train: ['S007_T006', 'S007_T009'], Test: S007_T005, Norm: fixed
/home/sangukchoi/.conda/envs/torch_gpu/lib/python3.10/site-packages/torch/nn/modules/rnn.py:123: UserWarning: dropout option adds dropout after all but last recurrent layer, so non-zero dropout expects num_layers greater than 1, but got dropout=0.3 and num_layers=1
  warnings.warn(
  Ep 1: Train 0.5224 | Val 0.4178 | Test 0.0437
Validation loss decreased (0.417846 --> 0.417846).  Saving model ...
  Ep 2: Train 0.2879 | Val 0.3740 | Test 0.0273
Validation loss decreased (0.374029 --> 0.374029).  Saving model ...
  Ep 3: Train 0.2574 | Val 0.3613 | Test 0.0278
Validation loss decreased (0.361301 --> 0.361301).  Saving model ...
  Ep 4: Train 0.2407 | Val 0.3126 | Test 0.0303
Validation loss decreased (0.312640 --> 0.312640).  Saving model ...
  Ep 5: Train 0.2242 | Val 0.3429 | Test 0.0336
EarlyStopping counter: 1 out of 5
  Ep 6: Train 0.2116 | Val 0.3257 | Test 0.0316
EarlyStopping counter: 2 out of 5
  Ep 7: Train 0.2023 | Val 0.2915 | Test 0.0302
Validation loss decreased (0.291525 --> 0.291525).  Saving model ...
  Ep 8: Train 0.1959 | Val 0.2688 | Test 0.0269
Validation loss decreased (0.268836 --> 0.268836).  Saving model ...
  Ep 9: Train 0.1934 | Val 0.2492 | Test 0.0296
Validation loss decreased (0.249200 --> 0.249200).  Saving model ...
  Ep 10: Train 0.1894 | Val 0.2560 | Test 0.0232
EarlyStopping counter: 1 out of 5
  Ep 11: Train 0.1824 | Val 0.2769 | Test 0.0184
EarlyStopping counter: 2 out of 5
  Ep 12: Train 0.1778 | Val 0.2887 | Test 0.0209
EarlyStopping counter: 3 out of 5
  Ep 13: Train 0.1753 | Val 0.2456 | Test 0.0249
Validation loss decreased (0.245637 --> 0.245637).  Saving model ...
  Ep 14: Train 0.1768 | Val 0.2454 | Test 0.0221
EarlyStopping counter: 1 out of 5
  Ep 15: Train 0.1724 | Val 0.2642 | Test 0.0200
EarlyStopping counter: 2 out of 5
  Ep 16: Train 0.1691 | Val 0.2553 | Test 0.0257
EarlyStopping counter: 3 out of 5
  Ep 17: Train 0.1657 | Val 0.2463 | Test 0.0203
EarlyStopping counter: 4 out of 5
  Ep 18: Train 0.1643 | Val 0.2331 | Test 0.0440
Validation loss decreased (0.233127 --> 0.233127).  Saving model ...
  Ep 19: Train 0.1615 | Val 0.2234 | Test 0.0403
Validation loss decreased (0.223434 --> 0.223434).  Saving model ...
  Ep 20: Train 0.1631 | Val 0.2496 | Test 0.0170
EarlyStopping counter: 1 out of 5
  Ep 21: Train 0.1606 | Val 0.2613 | Test 0.0191
EarlyStopping counter: 2 out of 5
  Ep 22: Train 0.1574 | Val 0.2177 | Test 0.0200
Validation loss decreased (0.217700 --> 0.217700).  Saving model ...
  Ep 23: Train 0.1620 | Val 0.2367 | Test 0.0138
EarlyStopping counter: 1 out of 5
  Ep 24: Train 0.1558 | Val 0.2331 | Test 0.0439
EarlyStopping counter: 2 out of 5
  Ep 25: Train 0.1550 | Val 0.2288 | Test 0.0309
EarlyStopping counter: 3 out of 5
  Ep 26: Train 0.1561 | Val 0.2395 | Test 0.0212
EarlyStopping counter: 4 out of 5
  Ep 27: Train 0.1573 | Val 0.2670 | Test 0.0152
EarlyStopping counter: 5 out of 5
Early stopping triggered!
/home/sangukchoi/Stroke_SDA/sda_training.py:615: FutureWarning: You are using `torch.load` with `weights_only=False` (the current default value), which uses the default pickle module implicitly. It is possible to construct malicious pickle data which will execute arbitrary code during unpickling (See https://github.com/pytorch/pytorch/blob/main/SECURITY.md#untrusted-models for more details). In a future release, the default value for `weights_only` will be flipped to `True`. This limits the functions that could be executed during unpickling. Arbitrary objects will no longer be allowed to be loaded via this mode unless they are explicitly allowlisted by the user via `torch.serialization.add_safe_globals`. We recommend you start setting `weights_only=True` for any use case where you don't have full control of the loaded file. Please open an issue on GitHub for any issues related to this experimental feature.
  model.load_state_dict(torch.load(os.path.join(out_dir, 'best_model.pth')))
Final Test MSE (Best Model): 0.0200
Finished. Status: Success
