Starting Run on GPU 0
Time: 2025-12-24 21:20:54

[Run Start] Subject S007 | Mode ['SDA'] | Params: L0.5_LS0.7_LR0.0001_E64_D128_Dr0.3

[Fold 1 - SDA] Train: ['S007_T006', 'S007_T009'], Test: S007_T005, Norm: fixed
/home/sangukchoi/.conda/envs/torch_gpu/lib/python3.10/site-packages/torch/nn/modules/rnn.py:123: UserWarning: dropout option adds dropout after all but last recurrent layer, so non-zero dropout expects num_layers greater than 1, but got dropout=0.3 and num_layers=1
  warnings.warn(
  Ep 1: Train 0.2729 | Val 0.1589 | Test 0.0241
Validation loss decreased (0.158897 --> 0.158897).  Saving model ...
  Ep 2: Train 0.1220 | Val 0.1204 | Test 0.0186
Validation loss decreased (0.120397 --> 0.120397).  Saving model ...
  Ep 3: Train 0.1036 | Val 0.1116 | Test 0.0250
Validation loss decreased (0.111560 --> 0.111560).  Saving model ...
  Ep 4: Train 0.0940 | Val 0.1040 | Test 0.0356
Validation loss decreased (0.104027 --> 0.104027).  Saving model ...
  Ep 5: Train 0.0867 | Val 0.1086 | Test 0.0402
EarlyStopping counter: 1 out of 5
  Ep 6: Train 0.0831 | Val 0.0889 | Test 0.0364
Validation loss decreased (0.088929 --> 0.088929).  Saving model ...
  Ep 7: Train 0.0813 | Val 0.0967 | Test 0.0218
EarlyStopping counter: 1 out of 5
  Ep 8: Train 0.0786 | Val 0.0883 | Test 0.0245
Validation loss decreased (0.088306 --> 0.088306).  Saving model ...
  Ep 9: Train 0.0781 | Val 0.0939 | Test 0.0143
EarlyStopping counter: 1 out of 5
  Ep 10: Train 0.0763 | Val 0.0943 | Test 0.0189
EarlyStopping counter: 2 out of 5
  Ep 11: Train 0.0753 | Val 0.0983 | Test 0.0146
EarlyStopping counter: 3 out of 5
  Ep 12: Train 0.0747 | Val 0.0801 | Test 0.0126
Validation loss decreased (0.080101 --> 0.080101).  Saving model ...
  Ep 13: Train 0.0734 | Val 0.0852 | Test 0.0135
EarlyStopping counter: 1 out of 5
  Ep 14: Train 0.0726 | Val 0.0860 | Test 0.0110
EarlyStopping counter: 2 out of 5
  Ep 15: Train 0.0714 | Val 0.0899 | Test 0.0106
EarlyStopping counter: 3 out of 5
  Ep 16: Train 0.0705 | Val 0.0889 | Test 0.0110
EarlyStopping counter: 4 out of 5
  Ep 17: Train 0.0710 | Val 0.0853 | Test 0.0113
EarlyStopping counter: 5 out of 5
Early stopping triggered!
/home/sangukchoi/Stroke_SDA/sda_training.py:615: FutureWarning: You are using `torch.load` with `weights_only=False` (the current default value), which uses the default pickle module implicitly. It is possible to construct malicious pickle data which will execute arbitrary code during unpickling (See https://github.com/pytorch/pytorch/blob/main/SECURITY.md#untrusted-models for more details). In a future release, the default value for `weights_only` will be flipped to `True`. This limits the functions that could be executed during unpickling. Arbitrary objects will no longer be allowed to be loaded via this mode unless they are explicitly allowlisted by the user via `torch.serialization.add_safe_globals`. We recommend you start setting `weights_only=True` for any use case where you don't have full control of the loaded file. Please open an issue on GitHub for any issues related to this experimental feature.
  model.load_state_dict(torch.load(os.path.join(out_dir, 'best_model.pth')))
Final Test MSE (Best Model): 0.0126
Finished. Status: Success
