Starting Run on GPU 1
Time: 2025-12-24 21:19:37

[Run Start] Subject S007 | Mode ['SDA'] | Params: L0.5_LS0.7_LR0.0001_E64_D64_Dr0.3

[Fold 1 - SDA] Train: ['S007_T006', 'S007_T009'], Test: S007_T005, Norm: fixed
/home/sangukchoi/.conda/envs/torch_gpu/lib/python3.10/site-packages/torch/nn/modules/rnn.py:123: UserWarning: dropout option adds dropout after all but last recurrent layer, so non-zero dropout expects num_layers greater than 1, but got dropout=0.3 and num_layers=1
  warnings.warn(
  Ep 1: Train 0.2772 | Val 0.1509 | Test 0.0241
Validation loss decreased (0.150873 --> 0.150873).  Saving model ...
  Ep 2: Train 0.1267 | Val 0.1144 | Test 0.0201
Validation loss decreased (0.114357 --> 0.114357).  Saving model ...
  Ep 3: Train 0.1081 | Val 0.1028 | Test 0.0261
Validation loss decreased (0.102792 --> 0.102792).  Saving model ...
  Ep 4: Train 0.0970 | Val 0.0958 | Test 0.0197
Validation loss decreased (0.095792 --> 0.095792).  Saving model ...
  Ep 5: Train 0.0902 | Val 0.0955 | Test 0.0217
EarlyStopping counter: 1 out of 5
  Ep 6: Train 0.0877 | Val 0.0931 | Test 0.0240
Validation loss decreased (0.093087 --> 0.093087).  Saving model ...
  Ep 7: Train 0.0831 | Val 0.0913 | Test 0.0229
Validation loss decreased (0.091348 --> 0.091348).  Saving model ...
  Ep 8: Train 0.0812 | Val 0.0881 | Test 0.0189
Validation loss decreased (0.088061 --> 0.088061).  Saving model ...
  Ep 9: Train 0.0787 | Val 0.0917 | Test 0.0177
EarlyStopping counter: 1 out of 5
  Ep 10: Train 0.0779 | Val 0.0898 | Test 0.0173
EarlyStopping counter: 2 out of 5
  Ep 11: Train 0.0768 | Val 0.0884 | Test 0.0217
EarlyStopping counter: 3 out of 5
  Ep 12: Train 0.0767 | Val 0.0828 | Test 0.0152
Validation loss decreased (0.082765 --> 0.082765).  Saving model ...
  Ep 13: Train 0.0747 | Val 0.0904 | Test 0.0156
EarlyStopping counter: 1 out of 5
  Ep 14: Train 0.0731 | Val 0.0877 | Test 0.0171
EarlyStopping counter: 2 out of 5
  Ep 15: Train 0.0731 | Val 0.0884 | Test 0.0147
EarlyStopping counter: 3 out of 5
  Ep 16: Train 0.0727 | Val 0.0851 | Test 0.0170
EarlyStopping counter: 4 out of 5
  Ep 17: Train 0.0719 | Val 0.0838 | Test 0.0159
EarlyStopping counter: 5 out of 5
Early stopping triggered!
/home/sangukchoi/Stroke_SDA/sda_training.py:615: FutureWarning: You are using `torch.load` with `weights_only=False` (the current default value), which uses the default pickle module implicitly. It is possible to construct malicious pickle data which will execute arbitrary code during unpickling (See https://github.com/pytorch/pytorch/blob/main/SECURITY.md#untrusted-models for more details). In a future release, the default value for `weights_only` will be flipped to `True`. This limits the functions that could be executed during unpickling. Arbitrary objects will no longer be allowed to be loaded via this mode unless they are explicitly allowlisted by the user via `torch.serialization.add_safe_globals`. We recommend you start setting `weights_only=True` for any use case where you don't have full control of the loaded file. Please open an issue on GitHub for any issues related to this experimental feature.
  model.load_state_dict(torch.load(os.path.join(out_dir, 'best_model.pth')))
Final Test MSE (Best Model): 0.0152
Finished. Status: Success
