Starting Run on GPU 3
Time: 2025-12-25 00:36:58

[Run Start] Subject S007 | Mode ['SDA'] | Params: L3.0_LS0.5_LR0.0001_E256_D128_Dr0.3

[Fold 1 - SDA] Train: ['S007_T006', 'S007_T009'], Test: S007_T005, Norm: fixed
/home/sangukchoi/.conda/envs/torch_gpu/lib/python3.10/site-packages/torch/nn/modules/rnn.py:123: UserWarning: dropout option adds dropout after all but last recurrent layer, so non-zero dropout expects num_layers greater than 1, but got dropout=0.3 and num_layers=1
  warnings.warn(
  Ep 1: Train 0.5038 | Val 0.6204 | Test 0.0539
Validation loss decreased (0.620375 --> 0.620375).  Saving model ...
  Ep 2: Train 0.4007 | Val 0.5853 | Test 0.0416
Validation loss decreased (0.585288 --> 0.585288).  Saving model ...
  Ep 3: Train 0.3612 | Val 0.5351 | Test 0.0253
Validation loss decreased (0.535091 --> 0.535091).  Saving model ...
  Ep 4: Train 0.3397 | Val 0.4311 | Test 0.0218
Validation loss decreased (0.431091 --> 0.431091).  Saving model ...
  Ep 5: Train 0.3273 | Val 0.4224 | Test 0.0144
Validation loss decreased (0.422438 --> 0.422438).  Saving model ...
  Ep 6: Train 0.3073 | Val 0.3895 | Test 0.0161
Validation loss decreased (0.389477 --> 0.389477).  Saving model ...
  Ep 7: Train 0.3012 | Val 0.3943 | Test 0.0176
EarlyStopping counter: 1 out of 5
  Ep 8: Train 0.2883 | Val 0.3968 | Test 0.0193
EarlyStopping counter: 2 out of 5
  Ep 9: Train 0.2897 | Val 0.3536 | Test 0.0141
Validation loss decreased (0.353565 --> 0.353565).  Saving model ...
  Ep 10: Train 0.2844 | Val 0.3992 | Test 0.0197
EarlyStopping counter: 1 out of 5
  Ep 11: Train 0.2748 | Val 0.3665 | Test 0.0172
EarlyStopping counter: 2 out of 5
  Ep 12: Train 0.2751 | Val 0.3679 | Test 0.0217
EarlyStopping counter: 3 out of 5
  Ep 13: Train 0.2663 | Val 0.3674 | Test 0.0125
EarlyStopping counter: 4 out of 5
  Ep 14: Train 0.2561 | Val -0.1374 | Test 0.0185
Validation loss decreased (-0.137409 --> -0.137409).  Saving model ...
  Ep 15: Train -261146994699.4918 | Val 3.6949 | Test 0.5034
EarlyStopping counter: 1 out of 5
  Ep 16: Train 1.0669 | Val 3.6982 | Test 0.4976
EarlyStopping counter: 2 out of 5
  Ep 17: Train 1.0711 | Val 3.6980 | Test 0.5008
EarlyStopping counter: 3 out of 5
  Ep 18: Train 1.0589 | Val 3.6911 | Test 0.4844
EarlyStopping counter: 4 out of 5
  Ep 19: Train 1.0735 | Val 3.6999 | Test 0.4996
EarlyStopping counter: 5 out of 5
Early stopping triggered!
/home/sangukchoi/Stroke_SDA/sda_training.py:615: FutureWarning: You are using `torch.load` with `weights_only=False` (the current default value), which uses the default pickle module implicitly. It is possible to construct malicious pickle data which will execute arbitrary code during unpickling (See https://github.com/pytorch/pytorch/blob/main/SECURITY.md#untrusted-models for more details). In a future release, the default value for `weights_only` will be flipped to `True`. This limits the functions that could be executed during unpickling. Arbitrary objects will no longer be allowed to be loaded via this mode unless they are explicitly allowlisted by the user via `torch.serialization.add_safe_globals`. We recommend you start setting `weights_only=True` for any use case where you don't have full control of the loaded file. Please open an issue on GitHub for any issues related to this experimental feature.
  model.load_state_dict(torch.load(os.path.join(out_dir, 'best_model.pth')))
Final Test MSE (Best Model): 0.0185
Finished. Status: Success
