Starting Run on GPU 2
Time: 2025-12-24 22:14:33

[Run Start] Subject S007 | Mode ['SDA'] | Params: L1.5_LS0.7_LR0.0001_E64_D32_Dr0.3

[Fold 1 - SDA] Train: ['S007_T006', 'S007_T009'], Test: S007_T005, Norm: fixed
/home/sangukchoi/.conda/envs/torch_gpu/lib/python3.10/site-packages/torch/nn/modules/rnn.py:123: UserWarning: dropout option adds dropout after all but last recurrent layer, so non-zero dropout expects num_layers greater than 1, but got dropout=0.3 and num_layers=1
  warnings.warn(
  Ep 1: Train 0.5255 | Val 0.2269 | Test 0.0317
Validation loss decreased (0.226912 --> 0.226912).  Saving model ...
  Ep 2: Train 0.2395 | Val 0.1888 | Test 0.0265
Validation loss decreased (0.188797 --> 0.188797).  Saving model ...
  Ep 3: Train 0.1966 | Val 0.1744 | Test 0.0197
Validation loss decreased (0.174406 --> 0.174406).  Saving model ...
  Ep 4: Train 0.1807 | Val 0.1578 | Test 0.0165
Validation loss decreased (0.157807 --> 0.157807).  Saving model ...
  Ep 5: Train 0.1713 | Val 0.1592 | Test 0.0129
EarlyStopping counter: 1 out of 5
  Ep 6: Train 0.1677 | Val 0.1429 | Test 0.0124
Validation loss decreased (0.142865 --> 0.142865).  Saving model ...
  Ep 7: Train 0.1639 | Val 0.1406 | Test 0.0112
Validation loss decreased (0.140648 --> 0.140648).  Saving model ...
  Ep 8: Train 0.1647 | Val 0.1378 | Test 0.0117
Validation loss decreased (0.137847 --> 0.137847).  Saving model ...
  Ep 9: Train 0.1624 | Val 0.1411 | Test 0.0097
EarlyStopping counter: 1 out of 5
  Ep 10: Train 0.1578 | Val 0.1306 | Test 0.0108
Validation loss decreased (0.130575 --> 0.130575).  Saving model ...
  Ep 11: Train 0.1586 | Val 0.1309 | Test 0.0102
EarlyStopping counter: 1 out of 5
  Ep 12: Train 0.1541 | Val 0.1389 | Test 0.0101
EarlyStopping counter: 2 out of 5
  Ep 13: Train 0.1516 | Val 0.1254 | Test 0.0100
Validation loss decreased (0.125380 --> 0.125380).  Saving model ...
  Ep 14: Train 0.1535 | Val 0.1358 | Test 0.0095
EarlyStopping counter: 1 out of 5
  Ep 15: Train 0.1494 | Val 0.1205 | Test 0.0091
Validation loss decreased (0.120509 --> 0.120509).  Saving model ...
  Ep 16: Train 0.1510 | Val 0.1284 | Test 0.0101
EarlyStopping counter: 1 out of 5
  Ep 17: Train 0.1516 | Val 0.1292 | Test 0.0089
EarlyStopping counter: 2 out of 5
  Ep 18: Train 0.1463 | Val 0.1221 | Test 0.0085
EarlyStopping counter: 3 out of 5
  Ep 19: Train 0.1465 | Val 0.1234 | Test 0.0109
EarlyStopping counter: 4 out of 5
  Ep 20: Train 0.1439 | Val 0.1218 | Test 0.0089
EarlyStopping counter: 5 out of 5
Early stopping triggered!
/home/sangukchoi/Stroke_SDA/sda_training.py:615: FutureWarning: You are using `torch.load` with `weights_only=False` (the current default value), which uses the default pickle module implicitly. It is possible to construct malicious pickle data which will execute arbitrary code during unpickling (See https://github.com/pytorch/pytorch/blob/main/SECURITY.md#untrusted-models for more details). In a future release, the default value for `weights_only` will be flipped to `True`. This limits the functions that could be executed during unpickling. Arbitrary objects will no longer be allowed to be loaded via this mode unless they are explicitly allowlisted by the user via `torch.serialization.add_safe_globals`. We recommend you start setting `weights_only=True` for any use case where you don't have full control of the loaded file. Please open an issue on GitHub for any issues related to this experimental feature.
  model.load_state_dict(torch.load(os.path.join(out_dir, 'best_model.pth')))
Final Test MSE (Best Model): 0.0091
Finished. Status: Success
