Starting Run on GPU 0
Time: 2025-12-25 00:13:51

[Run Start] Subject S007 | Mode ['SDA'] | Params: L3.0_LS0.3_LR0.0001_E64_D64_Dr0.3

[Fold 1 - SDA] Train: ['S007_T006', 'S007_T009'], Test: S007_T005, Norm: fixed
/home/sangukchoi/.conda/envs/torch_gpu/lib/python3.10/site-packages/torch/nn/modules/rnn.py:123: UserWarning: dropout option adds dropout after all but last recurrent layer, so non-zero dropout expects num_layers greater than 1, but got dropout=0.3 and num_layers=1
  warnings.warn(
  Ep 1: Train 0.6508 | Val 0.5444 | Test 0.1155
Validation loss decreased (0.544351 --> 0.544351).  Saving model ...
  Ep 2: Train 0.4766 | Val 0.5064 | Test 0.0752
Validation loss decreased (0.506425 --> 0.506425).  Saving model ...
  Ep 3: Train 0.4272 | Val 0.4457 | Test 0.0583
Validation loss decreased (0.445738 --> 0.445738).  Saving model ...
  Ep 4: Train 0.3972 | Val 0.4404 | Test 0.0494
Validation loss decreased (0.440430 --> 0.440430).  Saving model ...
  Ep 5: Train 0.3763 | Val 0.4572 | Test 0.0414
EarlyStopping counter: 1 out of 5
  Ep 6: Train 0.3692 | Val 0.4629 | Test 0.0359
EarlyStopping counter: 2 out of 5
  Ep 7: Train 0.3519 | Val 0.4370 | Test 0.0321
Validation loss decreased (0.437012 --> 0.437012).  Saving model ...
  Ep 8: Train 0.3492 | Val 0.4288 | Test 0.0260
Validation loss decreased (0.428834 --> 0.428834).  Saving model ...
  Ep 9: Train 0.3350 | Val 0.4037 | Test 0.0230
Validation loss decreased (0.403681 --> 0.403681).  Saving model ...
  Ep 10: Train 0.3315 | Val 0.3920 | Test 0.0276
Validation loss decreased (0.392046 --> 0.392046).  Saving model ...
  Ep 11: Train 0.3225 | Val 0.3588 | Test 0.0219
Validation loss decreased (0.358830 --> 0.358830).  Saving model ...
  Ep 12: Train 0.3125 | Val 0.3389 | Test 0.0208
Validation loss decreased (0.338890 --> 0.338890).  Saving model ...
  Ep 13: Train 0.3062 | Val 0.3519 | Test 0.0215
EarlyStopping counter: 1 out of 5
  Ep 14: Train 0.3021 | Val 0.3178 | Test 0.0182
Validation loss decreased (0.317801 --> 0.317801).  Saving model ...
  Ep 15: Train 0.2953 | Val 0.3482 | Test 0.0192
EarlyStopping counter: 1 out of 5
  Ep 16: Train 0.2884 | Val 0.3641 | Test 0.0223
EarlyStopping counter: 2 out of 5
  Ep 17: Train 0.2792 | Val 0.3398 | Test 0.0182
EarlyStopping counter: 3 out of 5
  Ep 18: Train 0.2777 | Val 0.3174 | Test 0.0186
EarlyStopping counter: 4 out of 5
  Ep 19: Train 0.2766 | Val 0.3099 | Test 0.0224
Validation loss decreased (0.309914 --> 0.309914).  Saving model ...
  Ep 20: Train 0.2813 | Val 0.3693 | Test 0.0205
EarlyStopping counter: 1 out of 5
  Ep 21: Train 0.2692 | Val 0.2971 | Test 0.0200
Validation loss decreased (0.297112 --> 0.297112).  Saving model ...
  Ep 22: Train 0.2786 | Val 0.3250 | Test 0.0238
EarlyStopping counter: 1 out of 5
  Ep 23: Train 0.2689 | Val 0.2694 | Test 0.0195
Validation loss decreased (0.269385 --> 0.269385).  Saving model ...
  Ep 24: Train 0.2649 | Val 0.2428 | Test 0.0208
Validation loss decreased (0.242781 --> 0.242781).  Saving model ...
  Ep 25: Train 0.2574 | Val 0.2652 | Test 0.0183
EarlyStopping counter: 1 out of 5
  Ep 26: Train 0.2581 | Val 0.2979 | Test 0.0232
EarlyStopping counter: 2 out of 5
  Ep 27: Train 0.2449 | Val 0.4899 | Test 0.0237
EarlyStopping counter: 3 out of 5
  Ep 28: Train 0.2490 | Val 0.4459 | Test 0.0251
EarlyStopping counter: 4 out of 5
  Ep 29: Train 0.3438 | Val -2.0350 | Test 0.0964
Validation loss decreased (-2.035019 --> -2.035019).  Saving model ...
  Ep 30: Train -2.8698 | Val 6.0622 | Test 0.1562
EarlyStopping counter: 1 out of 5
  Ep 31: Train 2.3589 | Val -11.3022 | Test 0.1292
Validation loss decreased (-11.302208 --> -11.302208).  Saving model ...
  Ep 32: Train 4.5398 | Val -1.9940 | Test 0.0808
EarlyStopping counter: 1 out of 5
  Ep 33: Train -0.2654 | Val 5.1981 | Test 0.0881
EarlyStopping counter: 2 out of 5
  Ep 34: Train 0.6548 | Val 16.6958 | Test 0.0750
EarlyStopping counter: 3 out of 5
  Ep 35: Train 0.2412 | Val -78.6029 | Test 0.0690
Validation loss decreased (-78.602852 --> -78.602852).  Saving model ...
  Ep 36: Train 1.1569 | Val -3.2506 | Test 0.0535
EarlyStopping counter: 1 out of 5
  Ep 37: Train 0.2996 | Val 3.8406 | Test 0.0524
EarlyStopping counter: 2 out of 5
  Ep 38: Train 0.1518 | Val 2.7902 | Test 0.0334
EarlyStopping counter: 3 out of 5
  Ep 39: Train 0.1257 | Val 0.9999 | Test 0.0295
EarlyStopping counter: 4 out of 5
  Ep 40: Train 547.4239 | Val -28823.0785 | Test 0.1367
Validation loss decreased (-28823.078465 --> -28823.078465).  Saving model ...
  Ep 41: Train 40.5126 | Val 47.7672 | Test 0.1004
EarlyStopping counter: 1 out of 5
  Ep 42: Train -7.3559 | Val -64.7383 | Test 0.0924
EarlyStopping counter: 2 out of 5
  Ep 43: Train 2.2485 | Val 1.2298 | Test 0.0840
EarlyStopping counter: 3 out of 5
  Ep 44: Train 4.8265 | Val -17.2758 | Test 0.0649
EarlyStopping counter: 4 out of 5
  Ep 45: Train 1.4706 | Val 22.2521 | Test 0.0524
EarlyStopping counter: 5 out of 5
Early stopping triggered!
/home/sangukchoi/Stroke_SDA/sda_training.py:615: FutureWarning: You are using `torch.load` with `weights_only=False` (the current default value), which uses the default pickle module implicitly. It is possible to construct malicious pickle data which will execute arbitrary code during unpickling (See https://github.com/pytorch/pytorch/blob/main/SECURITY.md#untrusted-models for more details). In a future release, the default value for `weights_only` will be flipped to `True`. This limits the functions that could be executed during unpickling. Arbitrary objects will no longer be allowed to be loaded via this mode unless they are explicitly allowlisted by the user via `torch.serialization.add_safe_globals`. We recommend you start setting `weights_only=True` for any use case where you don't have full control of the loaded file. Please open an issue on GitHub for any issues related to this experimental feature.
  model.load_state_dict(torch.load(os.path.join(out_dir, 'best_model.pth')))
Final Test MSE (Best Model): 0.1367
Finished. Status: Success
