Starting Run on GPU 3
Time: 2025-12-25 00:55:13

[Run Start] Subject S007 | Mode ['SDA'] | Params: L3.0_LS1.0_LR0.0001_E128_D32_Dr0.3

[Fold 1 - SDA] Train: ['S007_T006', 'S007_T009'], Test: S007_T005, Norm: fixed
/home/sangukchoi/.conda/envs/torch_gpu/lib/python3.10/site-packages/torch/nn/modules/rnn.py:123: UserWarning: dropout option adds dropout after all but last recurrent layer, so non-zero dropout expects num_layers greater than 1, but got dropout=0.3 and num_layers=1
  warnings.warn(
  Ep 1: Train 0.6816 | Val 0.5839 | Test 0.0491
Validation loss decreased (0.583936 --> 0.583936).  Saving model ...
  Ep 2: Train 0.4451 | Val 0.4705 | Test 0.0355
Validation loss decreased (0.470496 --> 0.470496).  Saving model ...
  Ep 3: Train 0.3920 | Val 0.4106 | Test 0.0278
Validation loss decreased (0.410580 --> 0.410580).  Saving model ...
  Ep 4: Train 0.3661 | Val 0.4366 | Test 0.0164
EarlyStopping counter: 1 out of 5
  Ep 5: Train 0.3477 | Val 0.3962 | Test 0.0158
Validation loss decreased (0.396207 --> 0.396207).  Saving model ...
  Ep 6: Train 0.3356 | Val 0.4192 | Test 0.0150
EarlyStopping counter: 1 out of 5
  Ep 7: Train 0.3262 | Val 0.3871 | Test 0.0205
Validation loss decreased (0.387115 --> 0.387115).  Saving model ...
  Ep 8: Train 0.3153 | Val 0.4400 | Test 0.0162
EarlyStopping counter: 1 out of 5
  Ep 9: Train 0.3142 | Val 0.3240 | Test 0.0126
Validation loss decreased (0.324001 --> 0.324001).  Saving model ...
  Ep 10: Train 0.3095 | Val 0.3695 | Test 0.0164
EarlyStopping counter: 1 out of 5
  Ep 11: Train 0.2969 | Val 0.3444 | Test 0.0151
EarlyStopping counter: 2 out of 5
  Ep 12: Train 0.2998 | Val 0.3822 | Test 0.0161
EarlyStopping counter: 3 out of 5
  Ep 13: Train 0.2863 | Val 0.3697 | Test 0.0169
EarlyStopping counter: 4 out of 5
  Ep 14: Train 0.2841 | Val 0.3804 | Test 0.0153
EarlyStopping counter: 5 out of 5
Early stopping triggered!
/home/sangukchoi/Stroke_SDA/sda_training.py:615: FutureWarning: You are using `torch.load` with `weights_only=False` (the current default value), which uses the default pickle module implicitly. It is possible to construct malicious pickle data which will execute arbitrary code during unpickling (See https://github.com/pytorch/pytorch/blob/main/SECURITY.md#untrusted-models for more details). In a future release, the default value for `weights_only` will be flipped to `True`. This limits the functions that could be executed during unpickling. Arbitrary objects will no longer be allowed to be loaded via this mode unless they are explicitly allowlisted by the user via `torch.serialization.add_safe_globals`. We recommend you start setting `weights_only=True` for any use case where you don't have full control of the loaded file. Please open an issue on GitHub for any issues related to this experimental feature.
  model.load_state_dict(torch.load(os.path.join(out_dir, 'best_model.pth')))
Final Test MSE (Best Model): 0.0126
Finished. Status: Success
