Starting Run on GPU 2
Time: 2025-12-25 00:06:06

[Run Start] Subject S007 | Mode ['SDA'] | Params: L3.0_LS0.3_LR0.0001_E64_D32_Dr0.3

[Fold 1 - SDA] Train: ['S007_T006', 'S007_T009'], Test: S007_T005, Norm: fixed
/home/sangukchoi/.conda/envs/torch_gpu/lib/python3.10/site-packages/torch/nn/modules/rnn.py:123: UserWarning: dropout option adds dropout after all but last recurrent layer, so non-zero dropout expects num_layers greater than 1, but got dropout=0.3 and num_layers=1
  warnings.warn(
  Ep 1: Train 0.6752 | Val 0.5802 | Test 0.1107
Validation loss decreased (0.580206 --> 0.580206).  Saving model ...
  Ep 2: Train 0.4513 | Val 0.5248 | Test 0.0721
Validation loss decreased (0.524850 --> 0.524850).  Saving model ...
  Ep 3: Train 0.3961 | Val 0.4973 | Test 0.0628
Validation loss decreased (0.497253 --> 0.497253).  Saving model ...
  Ep 4: Train 0.3816 | Val 0.4745 | Test 0.0552
Validation loss decreased (0.474482 --> 0.474482).  Saving model ...
  Ep 5: Train 0.3666 | Val 0.4753 | Test 0.0488
EarlyStopping counter: 1 out of 5
  Ep 6: Train 0.3467 | Val 0.4457 | Test 0.0469
Validation loss decreased (0.445673 --> 0.445673).  Saving model ...
  Ep 7: Train 0.3391 | Val 0.4293 | Test 0.0392
Validation loss decreased (0.429258 --> 0.429258).  Saving model ...
  Ep 8: Train 0.3333 | Val 0.4242 | Test 0.0418
Validation loss decreased (0.424202 --> 0.424202).  Saving model ...
  Ep 9: Train 0.3195 | Val 0.4190 | Test 0.0342
Validation loss decreased (0.418952 --> 0.418952).  Saving model ...
  Ep 10: Train 0.3186 | Val 0.4082 | Test 0.0298
Validation loss decreased (0.408205 --> 0.408205).  Saving model ...
  Ep 11: Train 0.3028 | Val 0.4137 | Test 0.0301
EarlyStopping counter: 1 out of 5
  Ep 12: Train 0.3007 | Val 0.3975 | Test 0.0260
Validation loss decreased (0.397541 --> 0.397541).  Saving model ...
  Ep 13: Train 0.3008 | Val 0.3980 | Test 0.0209
EarlyStopping counter: 1 out of 5
  Ep 14: Train 0.2915 | Val 0.3764 | Test 0.0244
Validation loss decreased (0.376438 --> 0.376438).  Saving model ...
  Ep 15: Train 0.2890 | Val 0.3987 | Test 0.0243
EarlyStopping counter: 1 out of 5
  Ep 16: Train 0.2832 | Val 0.3648 | Test 0.0236
Validation loss decreased (0.364825 --> 0.364825).  Saving model ...
  Ep 17: Train 0.2818 | Val 0.3571 | Test 0.0168
Validation loss decreased (0.357127 --> 0.357127).  Saving model ...
  Ep 18: Train 0.2715 | Val 0.3419 | Test 0.0215
Validation loss decreased (0.341889 --> 0.341889).  Saving model ...
  Ep 19: Train 0.2759 | Val 0.3417 | Test 0.0194
EarlyStopping counter: 1 out of 5
  Ep 20: Train 0.2760 | Val 0.3243 | Test 0.0233
Validation loss decreased (0.324323 --> 0.324323).  Saving model ...
  Ep 21: Train 0.2730 | Val 0.3207 | Test 0.0212
Validation loss decreased (0.320688 --> 0.320688).  Saving model ...
  Ep 22: Train 0.2652 | Val 0.3307 | Test 0.0197
EarlyStopping counter: 1 out of 5
  Ep 23: Train 0.2675 | Val 0.3130 | Test 0.0185
Validation loss decreased (0.312990 --> 0.312990).  Saving model ...
  Ep 24: Train 0.2683 | Val 0.3726 | Test 0.0183
EarlyStopping counter: 1 out of 5
  Ep 25: Train 0.2606 | Val 0.3184 | Test 0.0165
EarlyStopping counter: 2 out of 5
  Ep 26: Train 0.2690 | Val 0.3188 | Test 0.0196
EarlyStopping counter: 3 out of 5
  Ep 27: Train 0.2551 | Val 0.2922 | Test 0.0198
Validation loss decreased (0.292179 --> 0.292179).  Saving model ...
  Ep 28: Train 0.2593 | Val 0.3061 | Test 0.0187
EarlyStopping counter: 1 out of 5
  Ep 29: Train 0.2656 | Val 0.3280 | Test 0.0179
EarlyStopping counter: 2 out of 5
  Ep 30: Train 0.2627 | Val 0.3329 | Test 0.0170
EarlyStopping counter: 3 out of 5
  Ep 31: Train 0.2642 | Val 0.3195 | Test 0.0160
EarlyStopping counter: 4 out of 5
  Ep 32: Train 0.2603 | Val 0.3191 | Test 0.0153
EarlyStopping counter: 5 out of 5
Early stopping triggered!
/home/sangukchoi/Stroke_SDA/sda_training.py:615: FutureWarning: You are using `torch.load` with `weights_only=False` (the current default value), which uses the default pickle module implicitly. It is possible to construct malicious pickle data which will execute arbitrary code during unpickling (See https://github.com/pytorch/pytorch/blob/main/SECURITY.md#untrusted-models for more details). In a future release, the default value for `weights_only` will be flipped to `True`. This limits the functions that could be executed during unpickling. Arbitrary objects will no longer be allowed to be loaded via this mode unless they are explicitly allowlisted by the user via `torch.serialization.add_safe_globals`. We recommend you start setting `weights_only=True` for any use case where you don't have full control of the loaded file. Please open an issue on GitHub for any issues related to this experimental feature.
  model.load_state_dict(torch.load(os.path.join(out_dir, 'best_model.pth')))
Final Test MSE (Best Model): 0.0198
Finished. Status: Success
