Starting Run on GPU 1
Time: 2025-12-24 22:11:24

[Run Start] Subject S007 | Mode ['SDA'] | Params: L1.0_LS1.0_LR0.0001_E256_D64_Dr0.3

[Fold 1 - SDA] Train: ['S007_T006', 'S007_T009'], Test: S007_T005, Norm: fixed
/home/sangukchoi/.conda/envs/torch_gpu/lib/python3.10/site-packages/torch/nn/modules/rnn.py:123: UserWarning: dropout option adds dropout after all but last recurrent layer, so non-zero dropout expects num_layers greater than 1, but got dropout=0.3 and num_layers=1
  warnings.warn(
  Ep 1: Train 0.2671 | Val 0.1931 | Test 0.0150
Validation loss decreased (0.193058 --> 0.193058).  Saving model ...
  Ep 2: Train 0.1510 | Val 0.1288 | Test 0.0098
Validation loss decreased (0.128752 --> 0.128752).  Saving model ...
  Ep 3: Train 0.1350 | Val 0.1274 | Test 0.0136
Validation loss decreased (0.127423 --> 0.127423).  Saving model ...
  Ep 4: Train 0.1255 | Val 0.1152 | Test 0.0093
Validation loss decreased (0.115197 --> 0.115197).  Saving model ...
  Ep 5: Train 0.1224 | Val 0.1090 | Test 0.0089
Validation loss decreased (0.109028 --> 0.109028).  Saving model ...
  Ep 6: Train 0.1217 | Val 0.1019 | Test 0.0114
Validation loss decreased (0.101874 --> 0.101874).  Saving model ...
  Ep 7: Train 0.1187 | Val 0.0996 | Test 0.0089
Validation loss decreased (0.099564 --> 0.099564).  Saving model ...
  Ep 8: Train 0.1164 | Val 0.0946 | Test 0.0104
Validation loss decreased (0.094622 --> 0.094622).  Saving model ...
  Ep 9: Train 0.1158 | Val 0.1055 | Test 0.0060
EarlyStopping counter: 1 out of 5
  Ep 10: Train 0.1132 | Val 0.0906 | Test 0.0060
Validation loss decreased (0.090561 --> 0.090561).  Saving model ...
  Ep 11: Train 0.1128 | Val 0.0980 | Test 0.0060
EarlyStopping counter: 1 out of 5
  Ep 12: Train 0.1143 | Val 0.0918 | Test 0.0056
EarlyStopping counter: 2 out of 5
  Ep 13: Train 0.1137 | Val 0.0977 | Test 0.0061
EarlyStopping counter: 3 out of 5
  Ep 14: Train 0.1119 | Val 0.0958 | Test 0.0080
EarlyStopping counter: 4 out of 5
  Ep 15: Train 0.1119 | Val 0.0869 | Test 0.0099
Validation loss decreased (0.086883 --> 0.086883).  Saving model ...
  Ep 16: Train 0.1094 | Val 0.0900 | Test 0.0072
EarlyStopping counter: 1 out of 5
  Ep 17: Train 0.1058 | Val 0.0839 | Test 0.0067
Validation loss decreased (0.083880 --> 0.083880).  Saving model ...
  Ep 18: Train 0.1093 | Val 0.0950 | Test 0.0067
EarlyStopping counter: 1 out of 5
  Ep 19: Train 0.1071 | Val 0.0758 | Test 0.0086
Validation loss decreased (0.075788 --> 0.075788).  Saving model ...
  Ep 20: Train 0.1057 | Val 0.0725 | Test 0.0073
Validation loss decreased (0.072525 --> 0.072525).  Saving model ...
  Ep 21: Train 0.1062 | Val 0.0928 | Test 0.0092
EarlyStopping counter: 1 out of 5
  Ep 22: Train 0.1058 | Val 0.0749 | Test 0.0079
EarlyStopping counter: 2 out of 5
  Ep 23: Train 0.1055 | Val 0.0728 | Test 0.0120
EarlyStopping counter: 3 out of 5
  Ep 24: Train 0.1039 | Val 0.0739 | Test 0.0098
EarlyStopping counter: 4 out of 5
  Ep 25: Train 0.1030 | Val 0.0754 | Test 0.0104
EarlyStopping counter: 5 out of 5
Early stopping triggered!
/home/sangukchoi/Stroke_SDA/sda_training.py:615: FutureWarning: You are using `torch.load` with `weights_only=False` (the current default value), which uses the default pickle module implicitly. It is possible to construct malicious pickle data which will execute arbitrary code during unpickling (See https://github.com/pytorch/pytorch/blob/main/SECURITY.md#untrusted-models for more details). In a future release, the default value for `weights_only` will be flipped to `True`. This limits the functions that could be executed during unpickling. Arbitrary objects will no longer be allowed to be loaded via this mode unless they are explicitly allowlisted by the user via `torch.serialization.add_safe_globals`. We recommend you start setting `weights_only=True` for any use case where you don't have full control of the loaded file. Please open an issue on GitHub for any issues related to this experimental feature.
  model.load_state_dict(torch.load(os.path.join(out_dir, 'best_model.pth')))
Final Test MSE (Best Model): 0.0073
Finished. Status: Success
