Starting Run on GPU 3
Time: 2025-12-24 21:41:01

[Run Start] Subject S007 | Mode ['SDA'] | Params: L0.5_LS1.0_LR0.0001_E256_D32_Dr0.3

[Fold 1 - SDA] Train: ['S007_T006', 'S007_T009'], Test: S007_T005, Norm: fixed
/home/sangukchoi/.conda/envs/torch_gpu/lib/python3.10/site-packages/torch/nn/modules/rnn.py:123: UserWarning: dropout option adds dropout after all but last recurrent layer, so non-zero dropout expects num_layers greater than 1, but got dropout=0.3 and num_layers=1
  warnings.warn(
  Ep 1: Train 0.1981 | Val 0.1132 | Test 0.0150
Validation loss decreased (0.113214 --> 0.113214).  Saving model ...
  Ep 2: Train 0.1029 | Val 0.0779 | Test 0.0095
Validation loss decreased (0.077938 --> 0.077938).  Saving model ...
  Ep 3: Train 0.0879 | Val 0.0695 | Test 0.0087
Validation loss decreased (0.069518 --> 0.069518).  Saving model ...
  Ep 4: Train 0.0829 | Val 0.0568 | Test 0.0057
Validation loss decreased (0.056767 --> 0.056767).  Saving model ...
  Ep 5: Train 0.0802 | Val 0.0646 | Test 0.0077
EarlyStopping counter: 1 out of 5
  Ep 6: Train 0.0779 | Val 0.0607 | Test 0.0065
EarlyStopping counter: 2 out of 5
  Ep 7: Train 0.0769 | Val 0.0551 | Test 0.0066
Validation loss decreased (0.055084 --> 0.055084).  Saving model ...
  Ep 8: Train 0.0761 | Val 0.0588 | Test 0.0069
EarlyStopping counter: 1 out of 5
  Ep 9: Train 0.0743 | Val 0.0551 | Test 0.0048
EarlyStopping counter: 2 out of 5
  Ep 10: Train 0.0731 | Val 0.0622 | Test 0.0061
EarlyStopping counter: 3 out of 5
  Ep 11: Train 0.0727 | Val 0.0557 | Test 0.0046
EarlyStopping counter: 4 out of 5
  Ep 12: Train 0.0704 | Val 0.0463 | Test 0.0047
Validation loss decreased (0.046267 --> 0.046267).  Saving model ...
  Ep 13: Train 0.0706 | Val 0.0517 | Test 0.0049
EarlyStopping counter: 1 out of 5
  Ep 14: Train 0.0695 | Val 0.0509 | Test 0.0052
EarlyStopping counter: 2 out of 5
  Ep 15: Train 0.0697 | Val 0.0519 | Test 0.0053
EarlyStopping counter: 3 out of 5
  Ep 16: Train 0.0700 | Val 0.0526 | Test 0.0051
EarlyStopping counter: 4 out of 5
  Ep 17: Train 0.0663 | Val 0.0461 | Test 0.0047
EarlyStopping counter: 5 out of 5
Early stopping triggered!
/home/sangukchoi/Stroke_SDA/sda_training.py:615: FutureWarning: You are using `torch.load` with `weights_only=False` (the current default value), which uses the default pickle module implicitly. It is possible to construct malicious pickle data which will execute arbitrary code during unpickling (See https://github.com/pytorch/pytorch/blob/main/SECURITY.md#untrusted-models for more details). In a future release, the default value for `weights_only` will be flipped to `True`. This limits the functions that could be executed during unpickling. Arbitrary objects will no longer be allowed to be loaded via this mode unless they are explicitly allowlisted by the user via `torch.serialization.add_safe_globals`. We recommend you start setting `weights_only=True` for any use case where you don't have full control of the loaded file. Please open an issue on GitHub for any issues related to this experimental feature.
  model.load_state_dict(torch.load(os.path.join(out_dir, 'best_model.pth')))
Final Test MSE (Best Model): 0.0047
Finished. Status: Success
