Starting Run on GPU 2
Time: 2025-12-25 00:16:55

[Run Start] Subject S007 | Mode ['SDA'] | Params: L3.0_LS0.3_LR0.0001_E128_D64_Dr0.3

[Fold 1 - SDA] Train: ['S007_T006', 'S007_T009'], Test: S007_T005, Norm: fixed
/home/sangukchoi/.conda/envs/torch_gpu/lib/python3.10/site-packages/torch/nn/modules/rnn.py:123: UserWarning: dropout option adds dropout after all but last recurrent layer, so non-zero dropout expects num_layers greater than 1, but got dropout=0.3 and num_layers=1
  warnings.warn(
  Ep 1: Train 0.5404 | Val 0.6164 | Test 0.0825
Validation loss decreased (0.616356 --> 0.616356).  Saving model ...
  Ep 2: Train 0.3956 | Val 0.5539 | Test 0.0675
Validation loss decreased (0.553911 --> 0.553911).  Saving model ...
  Ep 3: Train 0.3737 | Val 0.5584 | Test 0.0545
EarlyStopping counter: 1 out of 5
  Ep 4: Train 0.3560 | Val 0.5744 | Test 0.0463
EarlyStopping counter: 2 out of 5
  Ep 5: Train 0.3400 | Val 0.5054 | Test 0.0429
Validation loss decreased (0.505399 --> 0.505399).  Saving model ...
  Ep 6: Train 0.3262 | Val 0.5389 | Test 0.0284
EarlyStopping counter: 1 out of 5
  Ep 7: Train 0.3122 | Val 0.4898 | Test 0.0305
Validation loss decreased (0.489819 --> 0.489819).  Saving model ...
  Ep 8: Train 0.3075 | Val 0.5293 | Test 0.0386
EarlyStopping counter: 1 out of 5
  Ep 9: Train 0.2980 | Val 0.4462 | Test 0.0270
Validation loss decreased (0.446195 --> 0.446195).  Saving model ...
  Ep 10: Train 0.2967 | Val 0.4181 | Test 0.0235
Validation loss decreased (0.418081 --> 0.418081).  Saving model ...
  Ep 11: Train 0.2924 | Val 0.4765 | Test 0.0269
EarlyStopping counter: 1 out of 5
  Ep 12: Train 0.2833 | Val 0.3742 | Test 0.0258
Validation loss decreased (0.374184 --> 0.374184).  Saving model ...
  Ep 13: Train 0.2837 | Val 0.4293 | Test 0.0209
EarlyStopping counter: 1 out of 5
  Ep 14: Train 0.2821 | Val 0.4148 | Test 0.0162
EarlyStopping counter: 2 out of 5
  Ep 15: Train 0.2752 | Val 0.4265 | Test 0.0248
EarlyStopping counter: 3 out of 5
  Ep 16: Train 0.2774 | Val 0.4558 | Test 0.0228
EarlyStopping counter: 4 out of 5
  Ep 17: Train 0.2671 | Val 0.3834 | Test 0.0185
EarlyStopping counter: 5 out of 5
Early stopping triggered!
/home/sangukchoi/Stroke_SDA/sda_training.py:615: FutureWarning: You are using `torch.load` with `weights_only=False` (the current default value), which uses the default pickle module implicitly. It is possible to construct malicious pickle data which will execute arbitrary code during unpickling (See https://github.com/pytorch/pytorch/blob/main/SECURITY.md#untrusted-models for more details). In a future release, the default value for `weights_only` will be flipped to `True`. This limits the functions that could be executed during unpickling. Arbitrary objects will no longer be allowed to be loaded via this mode unless they are explicitly allowlisted by the user via `torch.serialization.add_safe_globals`. We recommend you start setting `weights_only=True` for any use case where you don't have full control of the loaded file. Please open an issue on GitHub for any issues related to this experimental feature.
  model.load_state_dict(torch.load(os.path.join(out_dir, 'best_model.pth')))
Final Test MSE (Best Model): 0.0258
Finished. Status: Success
