Starting Run on GPU 1
Time: 2025-12-25 00:33:37

[Run Start] Subject S007 | Mode ['SDA'] | Params: L3.0_LS0.5_LR0.0001_E256_D32_Dr0.3

[Fold 1 - SDA] Train: ['S007_T006', 'S007_T009'], Test: S007_T005, Norm: fixed
/home/sangukchoi/.conda/envs/torch_gpu/lib/python3.10/site-packages/torch/nn/modules/rnn.py:123: UserWarning: dropout option adds dropout after all but last recurrent layer, so non-zero dropout expects num_layers greater than 1, but got dropout=0.3 and num_layers=1
  warnings.warn(
  Ep 1: Train 0.5095 | Val 0.6911 | Test 0.0619
Validation loss decreased (0.691112 --> 0.691112).  Saving model ...
  Ep 2: Train 0.3926 | Val 0.6097 | Test 0.0364
Validation loss decreased (0.609700 --> 0.609700).  Saving model ...
  Ep 3: Train 0.3498 | Val 0.5676 | Test 0.0284
Validation loss decreased (0.567647 --> 0.567647).  Saving model ...
  Ep 4: Train 0.3272 | Val 0.4787 | Test 0.0229
Validation loss decreased (0.478663 --> 0.478663).  Saving model ...
  Ep 5: Train 0.3084 | Val 0.4624 | Test 0.0192
Validation loss decreased (0.462395 --> 0.462395).  Saving model ...
  Ep 6: Train 0.2992 | Val 0.5000 | Test 0.0241
EarlyStopping counter: 1 out of 5
  Ep 7: Train 0.2931 | Val 0.5042 | Test 0.0142
EarlyStopping counter: 2 out of 5
  Ep 8: Train 0.2890 | Val 0.4553 | Test 0.0140
Validation loss decreased (0.455320 --> 0.455320).  Saving model ...
  Ep 9: Train 0.2801 | Val 0.4204 | Test 0.0193
Validation loss decreased (0.420448 --> 0.420448).  Saving model ...
  Ep 10: Train 0.2833 | Val 0.4563 | Test 0.0216
EarlyStopping counter: 1 out of 5
  Ep 11: Train 0.2740 | Val 0.4887 | Test 0.0107
EarlyStopping counter: 2 out of 5
  Ep 12: Train 0.2708 | Val 0.4003 | Test 0.0107
Validation loss decreased (0.400263 --> 0.400263).  Saving model ...
  Ep 13: Train 0.2770 | Val 0.4447 | Test 0.0135
EarlyStopping counter: 1 out of 5
  Ep 14: Train 0.2722 | Val 0.4580 | Test 0.0141
EarlyStopping counter: 2 out of 5
  Ep 15: Train 0.2710 | Val 0.3948 | Test 0.0128
Validation loss decreased (0.394814 --> 0.394814).  Saving model ...
  Ep 16: Train 0.2644 | Val 0.4878 | Test 0.0171
EarlyStopping counter: 1 out of 5
  Ep 17: Train 0.2651 | Val 0.3956 | Test 0.0112
EarlyStopping counter: 2 out of 5
  Ep 18: Train 0.2642 | Val 0.3900 | Test 0.0137
Validation loss decreased (0.390032 --> 0.390032).  Saving model ...
  Ep 19: Train 0.2592 | Val 0.4538 | Test 0.0114
EarlyStopping counter: 1 out of 5
  Ep 20: Train 0.2706 | Val 0.4376 | Test 0.0132
EarlyStopping counter: 2 out of 5
  Ep 21: Train 0.2601 | Val 0.4179 | Test 0.0118
EarlyStopping counter: 3 out of 5
  Ep 22: Train 0.2646 | Val 0.4031 | Test 0.0123
EarlyStopping counter: 4 out of 5
  Ep 23: Train 0.2542 | Val 0.4222 | Test 0.0137
EarlyStopping counter: 5 out of 5
Early stopping triggered!
/home/sangukchoi/Stroke_SDA/sda_training.py:615: FutureWarning: You are using `torch.load` with `weights_only=False` (the current default value), which uses the default pickle module implicitly. It is possible to construct malicious pickle data which will execute arbitrary code during unpickling (See https://github.com/pytorch/pytorch/blob/main/SECURITY.md#untrusted-models for more details). In a future release, the default value for `weights_only` will be flipped to `True`. This limits the functions that could be executed during unpickling. Arbitrary objects will no longer be allowed to be loaded via this mode unless they are explicitly allowlisted by the user via `torch.serialization.add_safe_globals`. We recommend you start setting `weights_only=True` for any use case where you don't have full control of the loaded file. Please open an issue on GitHub for any issues related to this experimental feature.
  model.load_state_dict(torch.load(os.path.join(out_dir, 'best_model.pth')))
Final Test MSE (Best Model): 0.0137
Finished. Status: Success
