Starting Run on GPU 3
Time: 2025-12-25 00:05:46

[Run Start] Subject S007 | Mode ['SDA'] | Params: L2.5_LS1.0_LR0.0001_E256_D128_Dr0.3

[Fold 1 - SDA] Train: ['S007_T006', 'S007_T009'], Test: S007_T005, Norm: fixed
/home/sangukchoi/.conda/envs/torch_gpu/lib/python3.10/site-packages/torch/nn/modules/rnn.py:123: UserWarning: dropout option adds dropout after all but last recurrent layer, so non-zero dropout expects num_layers greater than 1, but got dropout=0.3 and num_layers=1
  warnings.warn(
  Ep 1: Train 0.4897 | Val 0.3947 | Test 0.0230
Validation loss decreased (0.394747 --> 0.394747).  Saving model ...
  Ep 2: Train 0.3449 | Val 0.4044 | Test 0.0223
EarlyStopping counter: 1 out of 5
  Ep 3: Train 0.2881 | Val 0.3108 | Test 0.0180
Validation loss decreased (0.310768 --> 0.310768).  Saving model ...
  Ep 4: Train 0.2759 | Val 0.3004 | Test 0.0118
Validation loss decreased (0.300401 --> 0.300401).  Saving model ...
  Ep 5: Train 0.2651 | Val 0.2680 | Test 0.0148
Validation loss decreased (0.268036 --> 0.268036).  Saving model ...
  Ep 6: Train 0.2626 | Val 0.2507 | Test 0.0142
Validation loss decreased (0.250740 --> 0.250740).  Saving model ...
  Ep 7: Train 0.2523 | Val 0.2453 | Test 0.0126
Validation loss decreased (0.245344 --> 0.245344).  Saving model ...
  Ep 8: Train 0.2417 | Val 0.2574 | Test 0.0136
EarlyStopping counter: 1 out of 5
  Ep 9: Train 0.2452 | Val 0.2475 | Test 0.0115
EarlyStopping counter: 2 out of 5
  Ep 10: Train 0.2433 | Val 0.2539 | Test 0.0100
EarlyStopping counter: 3 out of 5
  Ep 11: Train 0.2308 | Val 0.2314 | Test 0.0140
Validation loss decreased (0.231369 --> 0.231369).  Saving model ...
  Ep 12: Train 0.2341 | Val 0.2135 | Test 0.0139
Validation loss decreased (0.213535 --> 0.213535).  Saving model ...
  Ep 13: Train 0.2369 | Val 0.2041 | Test 0.0116
Validation loss decreased (0.204119 --> 0.204119).  Saving model ...
  Ep 14: Train 0.2344 | Val 0.2255 | Test 0.0140
EarlyStopping counter: 1 out of 5
  Ep 15: Train 0.2344 | Val 0.2302 | Test 0.0197
EarlyStopping counter: 2 out of 5
  Ep 16: Train 0.2328 | Val 0.1848 | Test 0.0106
Validation loss decreased (0.184754 --> 0.184754).  Saving model ...
  Ep 17: Train 0.2281 | Val 0.1975 | Test 0.0128
EarlyStopping counter: 1 out of 5
  Ep 18: Train 0.2264 | Val 0.2069 | Test 0.0085
EarlyStopping counter: 2 out of 5
  Ep 19: Train 0.2268 | Val 0.1738 | Test 0.0135
Validation loss decreased (0.173818 --> 0.173818).  Saving model ...
  Ep 20: Train 0.2285 | Val 0.1966 | Test 0.0104
EarlyStopping counter: 1 out of 5
  Ep 21: Train 0.2223 | Val 0.2049 | Test 0.0111
EarlyStopping counter: 2 out of 5
  Ep 22: Train 0.2226 | Val 0.2339 | Test 0.0123
EarlyStopping counter: 3 out of 5
  Ep 23: Train 0.2244 | Val 0.1903 | Test 0.0115
EarlyStopping counter: 4 out of 5
  Ep 24: Train 0.2226 | Val 0.1589 | Test 0.0105
Validation loss decreased (0.158912 --> 0.158912).  Saving model ...
  Ep 25: Train 0.2220 | Val 0.2027 | Test 0.0102
EarlyStopping counter: 1 out of 5
  Ep 26: Train 0.2196 | Val 0.2106 | Test 0.0101
EarlyStopping counter: 2 out of 5
  Ep 27: Train 0.2240 | Val 0.1450 | Test 0.0116
Validation loss decreased (0.144995 --> 0.144995).  Saving model ...
  Ep 28: Train 0.2211 | Val 0.2075 | Test 0.0163
EarlyStopping counter: 1 out of 5
  Ep 29: Train 0.2144 | Val 0.1587 | Test 0.0089
EarlyStopping counter: 2 out of 5
  Ep 30: Train 0.2144 | Val 0.1827 | Test 0.0118
EarlyStopping counter: 3 out of 5
  Ep 31: Train 0.2125 | Val 0.1737 | Test 0.0098
EarlyStopping counter: 4 out of 5
  Ep 32: Train 0.2140 | Val 0.1362 | Test 0.0104
Validation loss decreased (0.136222 --> 0.136222).  Saving model ...
  Ep 33: Train 0.2161 | Val 0.2031 | Test 0.0112
EarlyStopping counter: 1 out of 5
  Ep 34: Train 0.2179 | Val 0.1895 | Test 0.0102
EarlyStopping counter: 2 out of 5
  Ep 35: Train 0.2165 | Val 0.2379 | Test 0.0103
EarlyStopping counter: 3 out of 5
  Ep 36: Train 0.2188 | Val 0.1554 | Test 0.0117
EarlyStopping counter: 4 out of 5
  Ep 37: Train 0.2095 | Val 0.1053 | Test 0.0128
Validation loss decreased (0.105254 --> 0.105254).  Saving model ...
  Ep 38: Train 0.2079 | Val 0.1851 | Test 0.0109
EarlyStopping counter: 1 out of 5
  Ep 39: Train 0.2114 | Val 0.1494 | Test 0.0124
EarlyStopping counter: 2 out of 5
  Ep 40: Train 0.2125 | Val 0.2189 | Test 0.0105
EarlyStopping counter: 3 out of 5
  Ep 41: Train 0.2099 | Val 0.1302 | Test 0.0116
EarlyStopping counter: 4 out of 5
  Ep 42: Train 0.2046 | Val 0.1828 | Test 0.0122
EarlyStopping counter: 5 out of 5
Early stopping triggered!
/home/sangukchoi/Stroke_SDA/sda_training.py:615: FutureWarning: You are using `torch.load` with `weights_only=False` (the current default value), which uses the default pickle module implicitly. It is possible to construct malicious pickle data which will execute arbitrary code during unpickling (See https://github.com/pytorch/pytorch/blob/main/SECURITY.md#untrusted-models for more details). In a future release, the default value for `weights_only` will be flipped to `True`. This limits the functions that could be executed during unpickling. Arbitrary objects will no longer be allowed to be loaded via this mode unless they are explicitly allowlisted by the user via `torch.serialization.add_safe_globals`. We recommend you start setting `weights_only=True` for any use case where you don't have full control of the loaded file. Please open an issue on GitHub for any issues related to this experimental feature.
  model.load_state_dict(torch.load(os.path.join(out_dir, 'best_model.pth')))
Final Test MSE (Best Model): 0.0128
Finished. Status: Success
