Starting Run on GPU 3
Time: 2025-12-24 21:35:52

[Run Start] Subject S007 | Mode ['SDA'] | Params: L0.5_LS1.0_LR0.0001_E64_D128_Dr0.3

[Fold 1 - SDA] Train: ['S007_T006', 'S007_T009'], Test: S007_T005, Norm: fixed
/home/sangukchoi/.conda/envs/torch_gpu/lib/python3.10/site-packages/torch/nn/modules/rnn.py:123: UserWarning: dropout option adds dropout after all but last recurrent layer, so non-zero dropout expects num_layers greater than 1, but got dropout=0.3 and num_layers=1
  warnings.warn(
  Ep 1: Train 0.3196 | Val 0.1323 | Test 0.0228
Validation loss decreased (0.132319 --> 0.132319).  Saving model ...
  Ep 2: Train 0.1222 | Val 0.0799 | Test 0.0161
Validation loss decreased (0.079918 --> 0.079918).  Saving model ...
  Ep 3: Train 0.0971 | Val 0.0702 | Test 0.0094
Validation loss decreased (0.070229 --> 0.070229).  Saving model ...
  Ep 4: Train 0.0920 | Val 0.0669 | Test 0.0087
Validation loss decreased (0.066939 --> 0.066939).  Saving model ...
  Ep 5: Train 0.0900 | Val 0.0673 | Test 0.0081
EarlyStopping counter: 1 out of 5
  Ep 6: Train 0.0881 | Val 0.0631 | Test 0.0077
Validation loss decreased (0.063128 --> 0.063128).  Saving model ...
  Ep 7: Train 0.0855 | Val 0.0622 | Test 0.0065
Validation loss decreased (0.062200 --> 0.062200).  Saving model ...
  Ep 8: Train 0.0845 | Val 0.0563 | Test 0.0070
Validation loss decreased (0.056296 --> 0.056296).  Saving model ...
  Ep 9: Train 0.0829 | Val 0.0586 | Test 0.0077
EarlyStopping counter: 1 out of 5
  Ep 10: Train 0.0832 | Val 0.0548 | Test 0.0062
Validation loss decreased (0.054766 --> 0.054766).  Saving model ...
  Ep 11: Train 0.0800 | Val 0.0571 | Test 0.0078
EarlyStopping counter: 1 out of 5
  Ep 12: Train 0.0803 | Val 0.0540 | Test 0.0068
Validation loss decreased (0.054019 --> 0.054019).  Saving model ...
  Ep 13: Train 0.0789 | Val 0.0518 | Test 0.0073
Validation loss decreased (0.051750 --> 0.051750).  Saving model ...
  Ep 14: Train 0.0782 | Val 0.0540 | Test 0.0073
EarlyStopping counter: 1 out of 5
  Ep 15: Train 0.0774 | Val 0.0532 | Test 0.0062
EarlyStopping counter: 2 out of 5
  Ep 16: Train 0.0770 | Val 0.0529 | Test 0.0078
EarlyStopping counter: 3 out of 5
  Ep 17: Train 0.0762 | Val 0.0542 | Test 0.0080
EarlyStopping counter: 4 out of 5
  Ep 18: Train 0.0750 | Val 0.0540 | Test 0.0066
EarlyStopping counter: 5 out of 5
Early stopping triggered!
/home/sangukchoi/Stroke_SDA/sda_training.py:615: FutureWarning: You are using `torch.load` with `weights_only=False` (the current default value), which uses the default pickle module implicitly. It is possible to construct malicious pickle data which will execute arbitrary code during unpickling (See https://github.com/pytorch/pytorch/blob/main/SECURITY.md#untrusted-models for more details). In a future release, the default value for `weights_only` will be flipped to `True`. This limits the functions that could be executed during unpickling. Arbitrary objects will no longer be allowed to be loaded via this mode unless they are explicitly allowlisted by the user via `torch.serialization.add_safe_globals`. We recommend you start setting `weights_only=True` for any use case where you don't have full control of the loaded file. Please open an issue on GitHub for any issues related to this experimental feature.
  model.load_state_dict(torch.load(os.path.join(out_dir, 'best_model.pth')))
Final Test MSE (Best Model): 0.0073
Finished. Status: Success
