Starting Run on GPU 0
Time: 2025-12-25 00:53:48

[Run Start] Subject S007 | Mode ['SDA'] | Params: L3.0_LS1.0_LR0.0001_E64_D64_Dr0.3

[Fold 1 - SDA] Train: ['S007_T006', 'S007_T009'], Test: S007_T005, Norm: fixed
/home/sangukchoi/.conda/envs/torch_gpu/lib/python3.10/site-packages/torch/nn/modules/rnn.py:123: UserWarning: dropout option adds dropout after all but last recurrent layer, so non-zero dropout expects num_layers greater than 1, but got dropout=0.3 and num_layers=1
  warnings.warn(
  Ep 1: Train 0.8138 | Val 0.8456 | Test 0.0879
Validation loss decreased (0.845621 --> 0.845621).  Saving model ...
  Ep 2: Train 0.5456 | Val 0.7693 | Test 0.0571
Validation loss decreased (0.769326 --> 0.769326).  Saving model ...
  Ep 3: Train 0.4697 | Val 0.6355 | Test 0.0558
Validation loss decreased (0.635489 --> 0.635489).  Saving model ...
  Ep 4: Train 0.4215 | Val 0.5859 | Test 0.0480
Validation loss decreased (0.585895 --> 0.585895).  Saving model ...
  Ep 5: Train 0.3934 | Val 0.5733 | Test 0.0449
Validation loss decreased (0.573284 --> 0.573284).  Saving model ...
  Ep 6: Train 0.3770 | Val 0.5012 | Test 0.0424
Validation loss decreased (0.501208 --> 0.501208).  Saving model ...
  Ep 7: Train 0.3628 | Val 0.5899 | Test 0.0335
EarlyStopping counter: 1 out of 5
  Ep 8: Train 0.3605 | Val 0.5555 | Test 0.0374
EarlyStopping counter: 2 out of 5
  Ep 9: Train 0.3553 | Val 0.5327 | Test 0.0319
EarlyStopping counter: 3 out of 5
  Ep 10: Train 0.3502 | Val 0.5045 | Test 0.0311
EarlyStopping counter: 4 out of 5
  Ep 11: Train 0.3462 | Val 0.4805 | Test 0.0287
Validation loss decreased (0.480491 --> 0.480491).  Saving model ...
  Ep 12: Train 0.3439 | Val 0.4264 | Test 0.0277
Validation loss decreased (0.426424 --> 0.426424).  Saving model ...
  Ep 13: Train 0.3382 | Val 0.5079 | Test 0.0266
EarlyStopping counter: 1 out of 5
  Ep 14: Train 0.3354 | Val 0.4524 | Test 0.0242
EarlyStopping counter: 2 out of 5
  Ep 15: Train 0.3302 | Val 0.4520 | Test 0.0213
EarlyStopping counter: 3 out of 5
  Ep 16: Train 0.3292 | Val 0.4282 | Test 0.0225
EarlyStopping counter: 4 out of 5
  Ep 17: Train 0.3247 | Val 0.4847 | Test 0.0220
EarlyStopping counter: 5 out of 5
Early stopping triggered!
/home/sangukchoi/Stroke_SDA/sda_training.py:615: FutureWarning: You are using `torch.load` with `weights_only=False` (the current default value), which uses the default pickle module implicitly. It is possible to construct malicious pickle data which will execute arbitrary code during unpickling (See https://github.com/pytorch/pytorch/blob/main/SECURITY.md#untrusted-models for more details). In a future release, the default value for `weights_only` will be flipped to `True`. This limits the functions that could be executed during unpickling. Arbitrary objects will no longer be allowed to be loaded via this mode unless they are explicitly allowlisted by the user via `torch.serialization.add_safe_globals`. We recommend you start setting `weights_only=True` for any use case where you don't have full control of the loaded file. Please open an issue on GitHub for any issues related to this experimental feature.
  model.load_state_dict(torch.load(os.path.join(out_dir, 'best_model.pth')))
Final Test MSE (Best Model): 0.0277
Finished. Status: Success
