Starting Run on GPU 1
Time: 2025-12-25 00:18:01

[Run Start] Subject S007 | Mode ['SDA'] | Params: L3.0_LS0.3_LR0.0001_E128_D128_Dr0.3

[Fold 1 - SDA] Train: ['S007_T006', 'S007_T009'], Test: S007_T005, Norm: fixed
/home/sangukchoi/.conda/envs/torch_gpu/lib/python3.10/site-packages/torch/nn/modules/rnn.py:123: UserWarning: dropout option adds dropout after all but last recurrent layer, so non-zero dropout expects num_layers greater than 1, but got dropout=0.3 and num_layers=1
  warnings.warn(
  Ep 1: Train 0.5487 | Val 0.5267 | Test 0.0734
Validation loss decreased (0.526740 --> 0.526740).  Saving model ...
  Ep 2: Train 0.4062 | Val 0.5237 | Test 0.0624
Validation loss decreased (0.523696 --> 0.523696).  Saving model ...
  Ep 3: Train 0.3760 | Val 0.5300 | Test 0.0505
EarlyStopping counter: 1 out of 5
  Ep 4: Train 0.3625 | Val 0.5288 | Test 0.0370
EarlyStopping counter: 2 out of 5
  Ep 5: Train 0.3419 | Val 0.5207 | Test 0.0282
Validation loss decreased (0.520660 --> 0.520660).  Saving model ...
  Ep 6: Train 0.3358 | Val 0.4719 | Test 0.0335
Validation loss decreased (0.471945 --> 0.471945).  Saving model ...
  Ep 7: Train 0.3192 | Val 0.4270 | Test 0.0191
Validation loss decreased (0.427018 --> 0.427018).  Saving model ...
  Ep 8: Train 0.3152 | Val 0.4289 | Test 0.0175
EarlyStopping counter: 1 out of 5
  Ep 9: Train 0.3080 | Val 0.4705 | Test 0.0197
EarlyStopping counter: 2 out of 5
  Ep 10: Train 0.3099 | Val 0.3794 | Test 0.0151
Validation loss decreased (0.379368 --> 0.379368).  Saving model ...
  Ep 11: Train 0.2991 | Val 0.4363 | Test 0.0213
EarlyStopping counter: 1 out of 5
  Ep 12: Train 0.2999 | Val 0.4193 | Test 0.0186
EarlyStopping counter: 2 out of 5
  Ep 13: Train 0.2971 | Val 0.4278 | Test 0.0145
EarlyStopping counter: 3 out of 5
  Ep 14: Train 0.2869 | Val 0.3974 | Test 0.0135
EarlyStopping counter: 4 out of 5
  Ep 15: Train 0.2852 | Val 0.3998 | Test 0.0191
EarlyStopping counter: 5 out of 5
Early stopping triggered!
/home/sangukchoi/Stroke_SDA/sda_training.py:615: FutureWarning: You are using `torch.load` with `weights_only=False` (the current default value), which uses the default pickle module implicitly. It is possible to construct malicious pickle data which will execute arbitrary code during unpickling (See https://github.com/pytorch/pytorch/blob/main/SECURITY.md#untrusted-models for more details). In a future release, the default value for `weights_only` will be flipped to `True`. This limits the functions that could be executed during unpickling. Arbitrary objects will no longer be allowed to be loaded via this mode unless they are explicitly allowlisted by the user via `torch.serialization.add_safe_globals`. We recommend you start setting `weights_only=True` for any use case where you don't have full control of the loaded file. Please open an issue on GitHub for any issues related to this experimental feature.
  model.load_state_dict(torch.load(os.path.join(out_dir, 'best_model.pth')))
Final Test MSE (Best Model): 0.0151
Finished. Status: Success
