Starting Run on GPU 0
Time: 2025-12-24 22:02:56

[Run Start] Subject S007 | Mode ['SDA'] | Params: L1.0_LS1.0_LR0.0001_E64_D32_Dr0.3

[Fold 1 - SDA] Train: ['S007_T006', 'S007_T009'], Test: S007_T005, Norm: fixed
/home/sangukchoi/.conda/envs/torch_gpu/lib/python3.10/site-packages/torch/nn/modules/rnn.py:123: UserWarning: dropout option adds dropout after all but last recurrent layer, so non-zero dropout expects num_layers greater than 1, but got dropout=0.3 and num_layers=1
  warnings.warn(
  Ep 1: Train 0.4650 | Val 0.2731 | Test 0.0429
Validation loss decreased (0.273146 --> 0.273146).  Saving model ...
  Ep 2: Train 0.2136 | Val 0.2136 | Test 0.0416
Validation loss decreased (0.213564 --> 0.213564).  Saving model ...
  Ep 3: Train 0.1848 | Val 0.2130 | Test 0.0477
Validation loss decreased (0.212988 --> 0.212988).  Saving model ...
  Ep 4: Train 0.1725 | Val 0.1974 | Test 0.0423
Validation loss decreased (0.197365 --> 0.197365).  Saving model ...
  Ep 5: Train 0.1625 | Val 0.1997 | Test 0.0440
EarlyStopping counter: 1 out of 5
  Ep 6: Train 0.1539 | Val 0.1860 | Test 0.0381
Validation loss decreased (0.185977 --> 0.185977).  Saving model ...
  Ep 7: Train 0.1464 | Val 0.1867 | Test 0.0314
EarlyStopping counter: 1 out of 5
  Ep 8: Train 0.1421 | Val 0.1751 | Test 0.0305
Validation loss decreased (0.175146 --> 0.175146).  Saving model ...
  Ep 9: Train 0.1383 | Val 0.1783 | Test 0.0268
EarlyStopping counter: 1 out of 5
  Ep 10: Train 0.1370 | Val 0.1879 | Test 0.0296
EarlyStopping counter: 2 out of 5
  Ep 11: Train 0.1327 | Val 0.1823 | Test 0.0242
EarlyStopping counter: 3 out of 5
  Ep 12: Train 0.1315 | Val 0.1788 | Test 0.0233
EarlyStopping counter: 4 out of 5
  Ep 13: Train 0.1323 | Val 0.1711 | Test 0.0226
Validation loss decreased (0.171131 --> 0.171131).  Saving model ...
  Ep 14: Train 0.1297 | Val 0.1717 | Test 0.0206
EarlyStopping counter: 1 out of 5
  Ep 15: Train 0.1277 | Val 0.1719 | Test 0.0231
EarlyStopping counter: 2 out of 5
  Ep 16: Train 0.1268 | Val 0.1729 | Test 0.0205
EarlyStopping counter: 3 out of 5
  Ep 17: Train 0.1254 | Val 0.1686 | Test 0.0170
Validation loss decreased (0.168607 --> 0.168607).  Saving model ...
  Ep 18: Train 0.1237 | Val 0.1688 | Test 0.0187
EarlyStopping counter: 1 out of 5
  Ep 19: Train 0.1254 | Val 0.1535 | Test 0.0178
Validation loss decreased (0.153460 --> 0.153460).  Saving model ...
  Ep 20: Train 0.1222 | Val 0.1778 | Test 0.0181
EarlyStopping counter: 1 out of 5
  Ep 21: Train 0.1213 | Val 0.1647 | Test 0.0168
EarlyStopping counter: 2 out of 5
  Ep 22: Train 0.1188 | Val 0.1706 | Test 0.0141
EarlyStopping counter: 3 out of 5
  Ep 23: Train 0.1197 | Val 0.1701 | Test 0.0141
EarlyStopping counter: 4 out of 5
  Ep 24: Train 0.1168 | Val 0.1930 | Test 0.0141
EarlyStopping counter: 5 out of 5
Early stopping triggered!
/home/sangukchoi/Stroke_SDA/sda_training.py:615: FutureWarning: You are using `torch.load` with `weights_only=False` (the current default value), which uses the default pickle module implicitly. It is possible to construct malicious pickle data which will execute arbitrary code during unpickling (See https://github.com/pytorch/pytorch/blob/main/SECURITY.md#untrusted-models for more details). In a future release, the default value for `weights_only` will be flipped to `True`. This limits the functions that could be executed during unpickling. Arbitrary objects will no longer be allowed to be loaded via this mode unless they are explicitly allowlisted by the user via `torch.serialization.add_safe_globals`. We recommend you start setting `weights_only=True` for any use case where you don't have full control of the loaded file. Please open an issue on GitHub for any issues related to this experimental feature.
  model.load_state_dict(torch.load(os.path.join(out_dir, 'best_model.pth')))
Final Test MSE (Best Model): 0.0178
Finished. Status: Success
