Starting Run on GPU 3
Time: 2025-12-24 21:26:54

[Run Start] Subject S007 | Mode ['SDA'] | Params: L0.5_LS0.7_LR0.0001_E256_D32_Dr0.3

[Fold 1 - SDA] Train: ['S007_T006', 'S007_T009'], Test: S007_T005, Norm: fixed
/home/sangukchoi/.conda/envs/torch_gpu/lib/python3.10/site-packages/torch/nn/modules/rnn.py:123: UserWarning: dropout option adds dropout after all but last recurrent layer, so non-zero dropout expects num_layers greater than 1, but got dropout=0.3 and num_layers=1
  warnings.warn(
  Ep 1: Train 0.1691 | Val 0.0963 | Test 0.0208
Validation loss decreased (0.096274 --> 0.096274).  Saving model ...
  Ep 2: Train 0.0843 | Val 0.0706 | Test 0.0087
Validation loss decreased (0.070595 --> 0.070595).  Saving model ...
  Ep 3: Train 0.0750 | Val 0.0645 | Test 0.0076
Validation loss decreased (0.064523 --> 0.064523).  Saving model ...
  Ep 4: Train 0.0723 | Val 0.0579 | Test 0.0065
Validation loss decreased (0.057874 --> 0.057874).  Saving model ...
  Ep 5: Train 0.0703 | Val 0.0566 | Test 0.0064
Validation loss decreased (0.056583 --> 0.056583).  Saving model ...
  Ep 6: Train 0.0680 | Val 0.0615 | Test 0.0064
EarlyStopping counter: 1 out of 5
  Ep 7: Train 0.0674 | Val 0.0544 | Test 0.0064
Validation loss decreased (0.054355 --> 0.054355).  Saving model ...
  Ep 8: Train 0.0664 | Val 0.0521 | Test 0.0058
Validation loss decreased (0.052075 --> 0.052075).  Saving model ...
  Ep 9: Train 0.0648 | Val 0.0478 | Test 0.0054
Validation loss decreased (0.047780 --> 0.047780).  Saving model ...
  Ep 10: Train 0.0652 | Val 0.0501 | Test 0.0049
EarlyStopping counter: 1 out of 5
  Ep 11: Train 0.0634 | Val 0.0520 | Test 0.0052
EarlyStopping counter: 2 out of 5
  Ep 12: Train 0.0634 | Val 0.0500 | Test 0.0056
EarlyStopping counter: 3 out of 5
  Ep 13: Train 0.0623 | Val 0.0466 | Test 0.0066
Validation loss decreased (0.046572 --> 0.046572).  Saving model ...
  Ep 14: Train 0.0624 | Val 0.0539 | Test 0.0062
EarlyStopping counter: 1 out of 5
  Ep 15: Train 0.0613 | Val 0.0489 | Test 0.0078
EarlyStopping counter: 2 out of 5
  Ep 16: Train 0.0603 | Val 0.0482 | Test 0.0050
EarlyStopping counter: 3 out of 5
  Ep 17: Train 0.0600 | Val 0.0438 | Test 0.0046
Validation loss decreased (0.043754 --> 0.043754).  Saving model ...
  Ep 18: Train 0.0595 | Val 0.0410 | Test 0.0049
Validation loss decreased (0.041024 --> 0.041024).  Saving model ...
  Ep 19: Train 0.0598 | Val 0.0436 | Test 0.0048
EarlyStopping counter: 1 out of 5
  Ep 20: Train 0.0583 | Val 0.0485 | Test 0.0055
EarlyStopping counter: 2 out of 5
  Ep 21: Train 0.0585 | Val 0.0372 | Test 0.0059
Validation loss decreased (0.037211 --> 0.037211).  Saving model ...
  Ep 22: Train 0.0577 | Val 0.0459 | Test 0.0069
EarlyStopping counter: 1 out of 5
  Ep 23: Train 0.0570 | Val 0.0453 | Test 0.0064
EarlyStopping counter: 2 out of 5
  Ep 24: Train 0.0569 | Val 0.0402 | Test 0.0065
EarlyStopping counter: 3 out of 5
  Ep 25: Train 0.0565 | Val 0.0419 | Test 0.0048
EarlyStopping counter: 4 out of 5
  Ep 26: Train 0.0565 | Val 0.0399 | Test 0.0064
EarlyStopping counter: 5 out of 5
Early stopping triggered!
/home/sangukchoi/Stroke_SDA/sda_training.py:615: FutureWarning: You are using `torch.load` with `weights_only=False` (the current default value), which uses the default pickle module implicitly. It is possible to construct malicious pickle data which will execute arbitrary code during unpickling (See https://github.com/pytorch/pytorch/blob/main/SECURITY.md#untrusted-models for more details). In a future release, the default value for `weights_only` will be flipped to `True`. This limits the functions that could be executed during unpickling. Arbitrary objects will no longer be allowed to be loaded via this mode unless they are explicitly allowlisted by the user via `torch.serialization.add_safe_globals`. We recommend you start setting `weights_only=True` for any use case where you don't have full control of the loaded file. Please open an issue on GitHub for any issues related to this experimental feature.
  model.load_state_dict(torch.load(os.path.join(out_dir, 'best_model.pth')))
Final Test MSE (Best Model): 0.0059
Finished. Status: Success
