Starting Run on GPU 1
Time: 2025-12-25 00:00:26

[Run Start] Subject S007 | Mode ['SDA'] | Params: L2.5_LS1.0_LR0.0001_E128_D64_Dr0.3

[Fold 1 - SDA] Train: ['S007_T006', 'S007_T009'], Test: S007_T005, Norm: fixed
/home/sangukchoi/.conda/envs/torch_gpu/lib/python3.10/site-packages/torch/nn/modules/rnn.py:123: UserWarning: dropout option adds dropout after all but last recurrent layer, so non-zero dropout expects num_layers greater than 1, but got dropout=0.3 and num_layers=1
  warnings.warn(
  Ep 1: Train 0.5849 | Val 0.6771 | Test 0.0519
Validation loss decreased (0.677144 --> 0.677144).  Saving model ...
  Ep 2: Train 0.3833 | Val 0.4552 | Test 0.0522
Validation loss decreased (0.455187 --> 0.455187).  Saving model ...
  Ep 3: Train 0.3392 | Val 0.3823 | Test 0.0561
Validation loss decreased (0.382257 --> 0.382257).  Saving model ...
  Ep 4: Train 0.3079 | Val 0.3911 | Test 0.0261
EarlyStopping counter: 1 out of 5
  Ep 5: Train 0.2950 | Val 0.4133 | Test 0.0175
EarlyStopping counter: 2 out of 5
  Ep 6: Train 0.2856 | Val 0.3730 | Test 0.0223
Validation loss decreased (0.372954 --> 0.372954).  Saving model ...
  Ep 7: Train 0.2824 | Val 0.3469 | Test 0.0258
Validation loss decreased (0.346949 --> 0.346949).  Saving model ...
  Ep 8: Train 0.2692 | Val 0.4012 | Test 0.0236
EarlyStopping counter: 1 out of 5
  Ep 9: Train 0.2669 | Val 0.3608 | Test 0.0253
EarlyStopping counter: 2 out of 5
  Ep 10: Train 0.2587 | Val 0.3568 | Test 0.0179
EarlyStopping counter: 3 out of 5
  Ep 11: Train 0.2540 | Val 0.3803 | Test 0.0182
EarlyStopping counter: 4 out of 5
  Ep 12: Train 0.2494 | Val 0.3414 | Test 0.0147
Validation loss decreased (0.341403 --> 0.341403).  Saving model ...
  Ep 13: Train 0.2514 | Val 0.3869 | Test 0.0191
EarlyStopping counter: 1 out of 5
  Ep 14: Train 0.2476 | Val 0.4311 | Test 0.0157
EarlyStopping counter: 2 out of 5
  Ep 15: Train 0.2436 | Val 0.3909 | Test 0.0147
EarlyStopping counter: 3 out of 5
  Ep 16: Train 0.2458 | Val 0.3537 | Test 0.0246
EarlyStopping counter: 4 out of 5
  Ep 17: Train 0.2453 | Val 0.4035 | Test 0.0160
EarlyStopping counter: 5 out of 5
Early stopping triggered!
/home/sangukchoi/Stroke_SDA/sda_training.py:615: FutureWarning: You are using `torch.load` with `weights_only=False` (the current default value), which uses the default pickle module implicitly. It is possible to construct malicious pickle data which will execute arbitrary code during unpickling (See https://github.com/pytorch/pytorch/blob/main/SECURITY.md#untrusted-models for more details). In a future release, the default value for `weights_only` will be flipped to `True`. This limits the functions that could be executed during unpickling. Arbitrary objects will no longer be allowed to be loaded via this mode unless they are explicitly allowlisted by the user via `torch.serialization.add_safe_globals`. We recommend you start setting `weights_only=True` for any use case where you don't have full control of the loaded file. Please open an issue on GitHub for any issues related to this experimental feature.
  model.load_state_dict(torch.load(os.path.join(out_dir, 'best_model.pth')))
Final Test MSE (Best Model): 0.0147
Finished. Status: Success
