Starting Run on GPU 2
Time: 2025-12-24 22:58:27

[Run Start] Subject S007 | Mode ['SDA'] | Params: L2.0_LS0.7_LR0.0001_E256_D32_Dr0.3

[Fold 1 - SDA] Train: ['S007_T006', 'S007_T009'], Test: S007_T005, Norm: fixed
/home/sangukchoi/.conda/envs/torch_gpu/lib/python3.10/site-packages/torch/nn/modules/rnn.py:123: UserWarning: dropout option adds dropout after all but last recurrent layer, so non-zero dropout expects num_layers greater than 1, but got dropout=0.3 and num_layers=1
  warnings.warn(
  Ep 1: Train 0.3770 | Val 0.3024 | Test 0.0214
Validation loss decreased (0.302417 --> 0.302417).  Saving model ...
  Ep 2: Train 0.2685 | Val 0.3400 | Test 0.0173
EarlyStopping counter: 1 out of 5
  Ep 3: Train 0.2284 | Val 0.2707 | Test 0.0128
Validation loss decreased (0.270675 --> 0.270675).  Saving model ...
  Ep 4: Train 0.2153 | Val 0.2589 | Test 0.0164
Validation loss decreased (0.258942 --> 0.258942).  Saving model ...
  Ep 5: Train 0.2057 | Val 0.2536 | Test 0.0122
Validation loss decreased (0.253571 --> 0.253571).  Saving model ...
  Ep 6: Train 0.2024 | Val 0.2123 | Test 0.0122
Validation loss decreased (0.212312 --> 0.212312).  Saving model ...
  Ep 7: Train 0.1979 | Val 0.2218 | Test 0.0092
EarlyStopping counter: 1 out of 5
  Ep 8: Train 0.1993 | Val 0.2076 | Test 0.0092
Validation loss decreased (0.207562 --> 0.207562).  Saving model ...
  Ep 9: Train 0.1908 | Val 0.2028 | Test 0.0096
Validation loss decreased (0.202782 --> 0.202782).  Saving model ...
  Ep 10: Train 0.1812 | Val 0.1843 | Test 0.0102
Validation loss decreased (0.184259 --> 0.184259).  Saving model ...
  Ep 11: Train 0.1859 | Val 0.1799 | Test 0.0091
Validation loss decreased (0.179950 --> 0.179950).  Saving model ...
  Ep 12: Train 0.1881 | Val 0.1795 | Test 0.0114
EarlyStopping counter: 1 out of 5
  Ep 13: Train 0.1869 | Val 0.1774 | Test 0.0101
Validation loss decreased (0.177410 --> 0.177410).  Saving model ...
  Ep 14: Train 0.1836 | Val 0.1774 | Test 0.0106
EarlyStopping counter: 1 out of 5
  Ep 15: Train 0.1818 | Val 0.1865 | Test 0.0105
EarlyStopping counter: 2 out of 5
  Ep 16: Train 0.1784 | Val 0.1554 | Test 0.0071
Validation loss decreased (0.155387 --> 0.155387).  Saving model ...
  Ep 17: Train 0.1785 | Val 0.1658 | Test 0.0064
EarlyStopping counter: 1 out of 5
  Ep 18: Train 0.1759 | Val 0.1697 | Test 0.0083
EarlyStopping counter: 2 out of 5
  Ep 19: Train 0.1768 | Val 0.1806 | Test 0.0068
EarlyStopping counter: 3 out of 5
  Ep 20: Train 0.1769 | Val 0.1589 | Test 0.0070
EarlyStopping counter: 4 out of 5
  Ep 21: Train 0.1825 | Val 0.1802 | Test 0.0103
EarlyStopping counter: 5 out of 5
Early stopping triggered!
/home/sangukchoi/Stroke_SDA/sda_training.py:615: FutureWarning: You are using `torch.load` with `weights_only=False` (the current default value), which uses the default pickle module implicitly. It is possible to construct malicious pickle data which will execute arbitrary code during unpickling (See https://github.com/pytorch/pytorch/blob/main/SECURITY.md#untrusted-models for more details). In a future release, the default value for `weights_only` will be flipped to `True`. This limits the functions that could be executed during unpickling. Arbitrary objects will no longer be allowed to be loaded via this mode unless they are explicitly allowlisted by the user via `torch.serialization.add_safe_globals`. We recommend you start setting `weights_only=True` for any use case where you don't have full control of the loaded file. Please open an issue on GitHub for any issues related to this experimental feature.
  model.load_state_dict(torch.load(os.path.join(out_dir, 'best_model.pth')))
Final Test MSE (Best Model): 0.0071
Finished. Status: Success
