Starting Run on GPU 0
Time: 2025-12-24 21:32:20

[Run Start] Subject S007 | Mode ['SDA'] | Params: L0.5_LS1.0_LR0.0001_E64_D32_Dr0.3

[Fold 1 - SDA] Train: ['S007_T006', 'S007_T009'], Test: S007_T005, Norm: fixed
/home/sangukchoi/.conda/envs/torch_gpu/lib/python3.10/site-packages/torch/nn/modules/rnn.py:123: UserWarning: dropout option adds dropout after all but last recurrent layer, so non-zero dropout expects num_layers greater than 1, but got dropout=0.3 and num_layers=1
  warnings.warn(
  Ep 1: Train 0.3337 | Val 0.1038 | Test 0.0219
Validation loss decreased (0.103782 --> 0.103782).  Saving model ...
  Ep 2: Train 0.1079 | Val 0.0725 | Test 0.0111
Validation loss decreased (0.072457 --> 0.072457).  Saving model ...
  Ep 3: Train 0.0944 | Val 0.0666 | Test 0.0075
Validation loss decreased (0.066616 --> 0.066616).  Saving model ...
  Ep 4: Train 0.0894 | Val 0.0621 | Test 0.0069
Validation loss decreased (0.062086 --> 0.062086).  Saving model ...
  Ep 5: Train 0.0876 | Val 0.0622 | Test 0.0060
EarlyStopping counter: 1 out of 5
  Ep 6: Train 0.0864 | Val 0.0598 | Test 0.0058
Validation loss decreased (0.059773 --> 0.059773).  Saving model ...
  Ep 7: Train 0.0848 | Val 0.0612 | Test 0.0058
EarlyStopping counter: 1 out of 5
  Ep 8: Train 0.0815 | Val 0.0589 | Test 0.0051
Validation loss decreased (0.058859 --> 0.058859).  Saving model ...
  Ep 9: Train 0.0824 | Val 0.0570 | Test 0.0054
Validation loss decreased (0.057003 --> 0.057003).  Saving model ...
  Ep 10: Train 0.0814 | Val 0.0570 | Test 0.0052
EarlyStopping counter: 1 out of 5
  Ep 11: Train 0.0801 | Val 0.0546 | Test 0.0054
Validation loss decreased (0.054615 --> 0.054615).  Saving model ...
  Ep 12: Train 0.0798 | Val 0.0572 | Test 0.0058
EarlyStopping counter: 1 out of 5
  Ep 13: Train 0.0783 | Val 0.0524 | Test 0.0048
Validation loss decreased (0.052438 --> 0.052438).  Saving model ...
  Ep 14: Train 0.0772 | Val 0.0526 | Test 0.0049
EarlyStopping counter: 1 out of 5
  Ep 15: Train 0.0773 | Val 0.0571 | Test 0.0058
EarlyStopping counter: 2 out of 5
  Ep 16: Train 0.0780 | Val 0.0544 | Test 0.0067
EarlyStopping counter: 3 out of 5
  Ep 17: Train 0.0758 | Val 0.0538 | Test 0.0050
EarlyStopping counter: 4 out of 5
  Ep 18: Train 0.0768 | Val 0.0530 | Test 0.0055
EarlyStopping counter: 5 out of 5
Early stopping triggered!
/home/sangukchoi/Stroke_SDA/sda_training.py:615: FutureWarning: You are using `torch.load` with `weights_only=False` (the current default value), which uses the default pickle module implicitly. It is possible to construct malicious pickle data which will execute arbitrary code during unpickling (See https://github.com/pytorch/pytorch/blob/main/SECURITY.md#untrusted-models for more details). In a future release, the default value for `weights_only` will be flipped to `True`. This limits the functions that could be executed during unpickling. Arbitrary objects will no longer be allowed to be loaded via this mode unless they are explicitly allowlisted by the user via `torch.serialization.add_safe_globals`. We recommend you start setting `weights_only=True` for any use case where you don't have full control of the loaded file. Please open an issue on GitHub for any issues related to this experimental feature.
  model.load_state_dict(torch.load(os.path.join(out_dir, 'best_model.pth')))
Final Test MSE (Best Model): 0.0048
Finished. Status: Success
