Starting Run on GPU 0
Time: 2025-12-24 21:37:15

[Run Start] Subject S007 | Mode ['SDA'] | Params: L0.5_LS1.0_LR0.0001_E128_D32_Dr0.3

[Fold 1 - SDA] Train: ['S007_T006', 'S007_T009'], Test: S007_T005, Norm: fixed
/home/sangukchoi/.conda/envs/torch_gpu/lib/python3.10/site-packages/torch/nn/modules/rnn.py:123: UserWarning: dropout option adds dropout after all but last recurrent layer, so non-zero dropout expects num_layers greater than 1, but got dropout=0.3 and num_layers=1
  warnings.warn(
  Ep 1: Train 0.2605 | Val 0.1133 | Test 0.0167
Validation loss decreased (0.113300 --> 0.113300).  Saving model ...
  Ep 2: Train 0.1078 | Val 0.0763 | Test 0.0108
Validation loss decreased (0.076258 --> 0.076258).  Saving model ...
  Ep 3: Train 0.0912 | Val 0.0687 | Test 0.0086
Validation loss decreased (0.068650 --> 0.068650).  Saving model ...
  Ep 4: Train 0.0872 | Val 0.0600 | Test 0.0068
Validation loss decreased (0.059955 --> 0.059955).  Saving model ...
  Ep 5: Train 0.0824 | Val 0.0610 | Test 0.0074
EarlyStopping counter: 1 out of 5
  Ep 6: Train 0.0796 | Val 0.0619 | Test 0.0058
EarlyStopping counter: 2 out of 5
  Ep 7: Train 0.0788 | Val 0.0653 | Test 0.0070
EarlyStopping counter: 3 out of 5
  Ep 8: Train 0.0788 | Val 0.0578 | Test 0.0069
Validation loss decreased (0.057778 --> 0.057778).  Saving model ...
  Ep 9: Train 0.0759 | Val 0.0529 | Test 0.0066
Validation loss decreased (0.052852 --> 0.052852).  Saving model ...
  Ep 10: Train 0.0768 | Val 0.0555 | Test 0.0056
EarlyStopping counter: 1 out of 5
  Ep 11: Train 0.0747 | Val 0.0548 | Test 0.0065
EarlyStopping counter: 2 out of 5
  Ep 12: Train 0.0748 | Val 0.0562 | Test 0.0057
EarlyStopping counter: 3 out of 5
  Ep 13: Train 0.0743 | Val 0.0501 | Test 0.0053
Validation loss decreased (0.050077 --> 0.050077).  Saving model ...
  Ep 14: Train 0.0724 | Val 0.0502 | Test 0.0050
EarlyStopping counter: 1 out of 5
  Ep 15: Train 0.0724 | Val 0.0501 | Test 0.0061
EarlyStopping counter: 2 out of 5
  Ep 16: Train 0.0720 | Val 0.0483 | Test 0.0063
Validation loss decreased (0.048266 --> 0.048266).  Saving model ...
  Ep 17: Train 0.0702 | Val 0.0540 | Test 0.0058
EarlyStopping counter: 1 out of 5
  Ep 18: Train 0.0716 | Val 0.0517 | Test 0.0066
EarlyStopping counter: 2 out of 5
  Ep 19: Train 0.0699 | Val 0.0526 | Test 0.0058
EarlyStopping counter: 3 out of 5
  Ep 20: Train 0.0685 | Val 0.0502 | Test 0.0058
EarlyStopping counter: 4 out of 5
  Ep 21: Train 0.0703 | Val 0.0482 | Test 0.0063
EarlyStopping counter: 5 out of 5
Early stopping triggered!
/home/sangukchoi/Stroke_SDA/sda_training.py:615: FutureWarning: You are using `torch.load` with `weights_only=False` (the current default value), which uses the default pickle module implicitly. It is possible to construct malicious pickle data which will execute arbitrary code during unpickling (See https://github.com/pytorch/pytorch/blob/main/SECURITY.md#untrusted-models for more details). In a future release, the default value for `weights_only` will be flipped to `True`. This limits the functions that could be executed during unpickling. Arbitrary objects will no longer be allowed to be loaded via this mode unless they are explicitly allowlisted by the user via `torch.serialization.add_safe_globals`. We recommend you start setting `weights_only=True` for any use case where you don't have full control of the loaded file. Please open an issue on GitHub for any issues related to this experimental feature.
  model.load_state_dict(torch.load(os.path.join(out_dir, 'best_model.pth')))
Final Test MSE (Best Model): 0.0063
Finished. Status: Success
