Starting Run on GPU 2
Time: 2025-12-25 00:42:27

[Run Start] Subject S007 | Mode ['SDA'] | Params: L3.0_LS0.7_LR0.0001_E128_D32_Dr0.3

[Fold 1 - SDA] Train: ['S007_T006', 'S007_T009'], Test: S007_T005, Norm: fixed
/home/sangukchoi/.conda/envs/torch_gpu/lib/python3.10/site-packages/torch/nn/modules/rnn.py:123: UserWarning: dropout option adds dropout after all but last recurrent layer, so non-zero dropout expects num_layers greater than 1, but got dropout=0.3 and num_layers=1
  warnings.warn(
  Ep 1: Train 0.6228 | Val 0.4841 | Test 0.0392
Validation loss decreased (0.484102 --> 0.484102).  Saving model ...
  Ep 2: Train 0.4114 | Val 0.3397 | Test 0.0260
Validation loss decreased (0.339732 --> 0.339732).  Saving model ...
  Ep 3: Train 0.3480 | Val 0.2884 | Test 0.0179
Validation loss decreased (0.288351 --> 0.288351).  Saving model ...
  Ep 4: Train 0.3146 | Val 0.2790 | Test 0.0129
Validation loss decreased (0.278951 --> 0.278951).  Saving model ...
  Ep 5: Train 0.3094 | Val 0.2747 | Test 0.0118
Validation loss decreased (0.274745 --> 0.274745).  Saving model ...
  Ep 6: Train 0.2960 | Val 0.2801 | Test 0.0138
EarlyStopping counter: 1 out of 5
  Ep 7: Train 0.2817 | Val 0.3291 | Test 0.0169
EarlyStopping counter: 2 out of 5
  Ep 8: Train 0.2853 | Val 0.2805 | Test 0.0176
EarlyStopping counter: 3 out of 5
  Ep 9: Train 0.2780 | Val 0.2807 | Test 0.0141
EarlyStopping counter: 4 out of 5
  Ep 10: Train 0.2747 | Val 0.2699 | Test 0.0141
Validation loss decreased (0.269855 --> 0.269855).  Saving model ...
  Ep 11: Train 0.2820 | Val 0.2681 | Test 0.0161
Validation loss decreased (0.268148 --> 0.268148).  Saving model ...
  Ep 12: Train 0.2655 | Val 0.2640 | Test 0.0130
Validation loss decreased (0.264024 --> 0.264024).  Saving model ...
  Ep 13: Train 0.2702 | Val 0.2445 | Test 0.0115
Validation loss decreased (0.244493 --> 0.244493).  Saving model ...
  Ep 14: Train 0.2744 | Val 0.2702 | Test 0.0141
EarlyStopping counter: 1 out of 5
  Ep 15: Train 0.2589 | Val 0.2411 | Test 0.0114
Validation loss decreased (0.241062 --> 0.241062).  Saving model ...
  Ep 16: Train 0.2655 | Val 0.2705 | Test 0.0131
EarlyStopping counter: 1 out of 5
  Ep 17: Train 0.2668 | Val 0.2381 | Test 0.0151
Validation loss decreased (0.238112 --> 0.238112).  Saving model ...
  Ep 18: Train 0.2570 | Val 0.2183 | Test 0.0150
Validation loss decreased (0.218309 --> 0.218309).  Saving model ...
  Ep 19: Train 0.2603 | Val 0.2323 | Test 0.0124
EarlyStopping counter: 1 out of 5
  Ep 20: Train 0.2605 | Val 0.2492 | Test 0.0094
EarlyStopping counter: 2 out of 5
  Ep 21: Train 0.2632 | Val 0.2605 | Test 0.0123
EarlyStopping counter: 3 out of 5
  Ep 22: Train 0.2572 | Val 0.2391 | Test 0.0127
EarlyStopping counter: 4 out of 5
  Ep 23: Train 0.2599 | Val 0.2248 | Test 0.0170
EarlyStopping counter: 5 out of 5
Early stopping triggered!
/home/sangukchoi/Stroke_SDA/sda_training.py:615: FutureWarning: You are using `torch.load` with `weights_only=False` (the current default value), which uses the default pickle module implicitly. It is possible to construct malicious pickle data which will execute arbitrary code during unpickling (See https://github.com/pytorch/pytorch/blob/main/SECURITY.md#untrusted-models for more details). In a future release, the default value for `weights_only` will be flipped to `True`. This limits the functions that could be executed during unpickling. Arbitrary objects will no longer be allowed to be loaded via this mode unless they are explicitly allowlisted by the user via `torch.serialization.add_safe_globals`. We recommend you start setting `weights_only=True` for any use case where you don't have full control of the loaded file. Please open an issue on GitHub for any issues related to this experimental feature.
  model.load_state_dict(torch.load(os.path.join(out_dir, 'best_model.pth')))
Final Test MSE (Best Model): 0.0150
Finished. Status: Success
