Starting Run on GPU 0
Time: 2025-12-24 21:25:49

[Run Start] Subject S007 | Mode ['SDA'] | Params: L0.5_LS0.7_LR0.0001_E128_D128_Dr0.3

[Fold 1 - SDA] Train: ['S007_T006', 'S007_T009'], Test: S007_T005, Norm: fixed
/home/sangukchoi/.conda/envs/torch_gpu/lib/python3.10/site-packages/torch/nn/modules/rnn.py:123: UserWarning: dropout option adds dropout after all but last recurrent layer, so non-zero dropout expects num_layers greater than 1, but got dropout=0.3 and num_layers=1
  warnings.warn(
  Ep 1: Train 0.1982 | Val 0.0917 | Test 0.0182
Validation loss decreased (0.091669 --> 0.091669).  Saving model ...
  Ep 2: Train 0.0921 | Val 0.0740 | Test 0.0123
Validation loss decreased (0.074041 --> 0.074041).  Saving model ...
  Ep 3: Train 0.0822 | Val 0.0712 | Test 0.0128
Validation loss decreased (0.071157 --> 0.071157).  Saving model ...
  Ep 4: Train 0.0767 | Val 0.0608 | Test 0.0076
Validation loss decreased (0.060785 --> 0.060785).  Saving model ...
  Ep 5: Train 0.0738 | Val 0.0548 | Test 0.0076
Validation loss decreased (0.054814 --> 0.054814).  Saving model ...
  Ep 6: Train 0.0721 | Val 0.0550 | Test 0.0070
EarlyStopping counter: 1 out of 5
  Ep 7: Train 0.0712 | Val 0.0537 | Test 0.0063
Validation loss decreased (0.053669 --> 0.053669).  Saving model ...
  Ep 8: Train 0.0702 | Val 0.0525 | Test 0.0062
Validation loss decreased (0.052515 --> 0.052515).  Saving model ...
  Ep 9: Train 0.0705 | Val 0.0501 | Test 0.0068
Validation loss decreased (0.050053 --> 0.050053).  Saving model ...
  Ep 10: Train 0.0684 | Val 0.0509 | Test 0.0057
EarlyStopping counter: 1 out of 5
  Ep 11: Train 0.0681 | Val 0.0485 | Test 0.0060
Validation loss decreased (0.048542 --> 0.048542).  Saving model ...
  Ep 12: Train 0.0675 | Val 0.0491 | Test 0.0064
EarlyStopping counter: 1 out of 5
  Ep 13: Train 0.0675 | Val 0.0476 | Test 0.0061
Validation loss decreased (0.047553 --> 0.047553).  Saving model ...
  Ep 14: Train 0.0664 | Val 0.0484 | Test 0.0051
EarlyStopping counter: 1 out of 5
  Ep 15: Train 0.0659 | Val 0.0473 | Test 0.0054
EarlyStopping counter: 2 out of 5
  Ep 16: Train 0.0652 | Val 0.0500 | Test 0.0060
EarlyStopping counter: 3 out of 5
  Ep 17: Train 0.0642 | Val 0.0468 | Test 0.0051
Validation loss decreased (0.046764 --> 0.046764).  Saving model ...
  Ep 18: Train 0.0641 | Val 0.0446 | Test 0.0049
Validation loss decreased (0.044568 --> 0.044568).  Saving model ...
  Ep 19: Train 0.0634 | Val 0.0499 | Test 0.0060
EarlyStopping counter: 1 out of 5
  Ep 20: Train 0.0644 | Val 0.0453 | Test 0.0043
EarlyStopping counter: 2 out of 5
  Ep 21: Train 0.0647 | Val 0.0443 | Test 0.0047
EarlyStopping counter: 3 out of 5
  Ep 22: Train 0.0619 | Val 0.0464 | Test 0.0051
EarlyStopping counter: 4 out of 5
  Ep 23: Train 0.0627 | Val 0.0450 | Test 0.0056
EarlyStopping counter: 5 out of 5
Early stopping triggered!
/home/sangukchoi/Stroke_SDA/sda_training.py:615: FutureWarning: You are using `torch.load` with `weights_only=False` (the current default value), which uses the default pickle module implicitly. It is possible to construct malicious pickle data which will execute arbitrary code during unpickling (See https://github.com/pytorch/pytorch/blob/main/SECURITY.md#untrusted-models for more details). In a future release, the default value for `weights_only` will be flipped to `True`. This limits the functions that could be executed during unpickling. Arbitrary objects will no longer be allowed to be loaded via this mode unless they are explicitly allowlisted by the user via `torch.serialization.add_safe_globals`. We recommend you start setting `weights_only=True` for any use case where you don't have full control of the loaded file. Please open an issue on GitHub for any issues related to this experimental feature.
  model.load_state_dict(torch.load(os.path.join(out_dir, 'best_model.pth')))
Final Test MSE (Best Model): 0.0049
Finished. Status: Success
