Starting Run on GPU 2
Time: 2025-12-24 21:34:14

[Run Start] Subject S007 | Mode ['SDA'] | Params: L0.5_LS1.0_LR0.0001_E64_D64_Dr0.3

[Fold 1 - SDA] Train: ['S007_T006', 'S007_T009'], Test: S007_T005, Norm: fixed
/home/sangukchoi/.conda/envs/torch_gpu/lib/python3.10/site-packages/torch/nn/modules/rnn.py:123: UserWarning: dropout option adds dropout after all but last recurrent layer, so non-zero dropout expects num_layers greater than 1, but got dropout=0.3 and num_layers=1
  warnings.warn(
  Ep 1: Train 0.3475 | Val 0.1805 | Test 0.0228
Validation loss decreased (0.180466 --> 0.180466).  Saving model ...
  Ep 2: Train 0.1383 | Val 0.1052 | Test 0.0150
Validation loss decreased (0.105171 --> 0.105171).  Saving model ...
  Ep 3: Train 0.1085 | Val 0.0794 | Test 0.0121
Validation loss decreased (0.079405 --> 0.079405).  Saving model ...
  Ep 4: Train 0.0985 | Val 0.0738 | Test 0.0105
Validation loss decreased (0.073825 --> 0.073825).  Saving model ...
  Ep 5: Train 0.0938 | Val 0.0724 | Test 0.0108
Validation loss decreased (0.072392 --> 0.072392).  Saving model ...
  Ep 6: Train 0.0913 | Val 0.0715 | Test 0.0117
Validation loss decreased (0.071508 --> 0.071508).  Saving model ...
  Ep 7: Train 0.0893 | Val 0.0709 | Test 0.0104
Validation loss decreased (0.070892 --> 0.070892).  Saving model ...
  Ep 8: Train 0.0869 | Val 0.0689 | Test 0.0109
Validation loss decreased (0.068860 --> 0.068860).  Saving model ...
  Ep 9: Train 0.0857 | Val 0.0678 | Test 0.0111
Validation loss decreased (0.067834 --> 0.067834).  Saving model ...
  Ep 10: Train 0.0846 | Val 0.0638 | Test 0.0105
Validation loss decreased (0.063772 --> 0.063772).  Saving model ...
  Ep 11: Train 0.0836 | Val 0.0612 | Test 0.0094
Validation loss decreased (0.061166 --> 0.061166).  Saving model ...
  Ep 12: Train 0.0835 | Val 0.0626 | Test 0.0094
EarlyStopping counter: 1 out of 5
  Ep 13: Train 0.0824 | Val 0.0627 | Test 0.0089
EarlyStopping counter: 2 out of 5
  Ep 14: Train 0.0819 | Val 0.0594 | Test 0.0090
Validation loss decreased (0.059373 --> 0.059373).  Saving model ...
  Ep 15: Train 0.0797 | Val 0.0589 | Test 0.0089
Validation loss decreased (0.058865 --> 0.058865).  Saving model ...
  Ep 16: Train 0.0800 | Val 0.0605 | Test 0.0093
EarlyStopping counter: 1 out of 5
  Ep 17: Train 0.0798 | Val 0.0553 | Test 0.0086
Validation loss decreased (0.055262 --> 0.055262).  Saving model ...
  Ep 18: Train 0.0790 | Val 0.0585 | Test 0.0104
EarlyStopping counter: 1 out of 5
  Ep 19: Train 0.0786 | Val 0.0566 | Test 0.0087
EarlyStopping counter: 2 out of 5
  Ep 20: Train 0.0783 | Val 0.0569 | Test 0.0100
EarlyStopping counter: 3 out of 5
  Ep 21: Train 0.0762 | Val 0.0570 | Test 0.0087
EarlyStopping counter: 4 out of 5
  Ep 22: Train 0.0764 | Val 0.0561 | Test 0.0090
EarlyStopping counter: 5 out of 5
Early stopping triggered!
/home/sangukchoi/Stroke_SDA/sda_training.py:615: FutureWarning: You are using `torch.load` with `weights_only=False` (the current default value), which uses the default pickle module implicitly. It is possible to construct malicious pickle data which will execute arbitrary code during unpickling (See https://github.com/pytorch/pytorch/blob/main/SECURITY.md#untrusted-models for more details). In a future release, the default value for `weights_only` will be flipped to `True`. This limits the functions that could be executed during unpickling. Arbitrary objects will no longer be allowed to be loaded via this mode unless they are explicitly allowlisted by the user via `torch.serialization.add_safe_globals`. We recommend you start setting `weights_only=True` for any use case where you don't have full control of the loaded file. Please open an issue on GitHub for any issues related to this experimental feature.
  model.load_state_dict(torch.load(os.path.join(out_dir, 'best_model.pth')))
Final Test MSE (Best Model): 0.0086
Finished. Status: Success
