Starting Run on GPU 1
Time: 2025-12-24 23:25:53

[Run Start] Subject S007 | Mode ['SDA'] | Params: L2.5_LS0.3_LR0.0001_E128_D32_Dr0.3

[Fold 1 - SDA] Train: ['S007_T006', 'S007_T009'], Test: S007_T005, Norm: fixed
/home/sangukchoi/.conda/envs/torch_gpu/lib/python3.10/site-packages/torch/nn/modules/rnn.py:123: UserWarning: dropout option adds dropout after all but last recurrent layer, so non-zero dropout expects num_layers greater than 1, but got dropout=0.3 and num_layers=1
  warnings.warn(
  Ep 1: Train 0.4810 | Val 0.4497 | Test 0.0602
Validation loss decreased (0.449727 --> 0.449727).  Saving model ...
  Ep 2: Train 0.3353 | Val 0.4083 | Test 0.0481
Validation loss decreased (0.408305 --> 0.408305).  Saving model ...
  Ep 3: Train 0.3024 | Val 0.3583 | Test 0.0320
Validation loss decreased (0.358252 --> 0.358252).  Saving model ...
  Ep 4: Train 0.2769 | Val 0.3409 | Test 0.0175
Validation loss decreased (0.340931 --> 0.340931).  Saving model ...
  Ep 5: Train 0.2651 | Val 0.3569 | Test 0.0136
EarlyStopping counter: 1 out of 5
  Ep 6: Train 0.2503 | Val 0.3181 | Test 0.0175
Validation loss decreased (0.318054 --> 0.318054).  Saving model ...
  Ep 7: Train 0.2478 | Val 0.3386 | Test 0.0168
EarlyStopping counter: 1 out of 5
  Ep 8: Train 0.2407 | Val 0.3107 | Test 0.0184
Validation loss decreased (0.310711 --> 0.310711).  Saving model ...
  Ep 9: Train 0.2385 | Val 0.3174 | Test 0.0176
EarlyStopping counter: 1 out of 5
  Ep 10: Train 0.2357 | Val 0.2800 | Test 0.0174
Validation loss decreased (0.280010 --> 0.280010).  Saving model ...
  Ep 11: Train 0.2336 | Val 0.3145 | Test 0.0145
EarlyStopping counter: 1 out of 5
  Ep 12: Train 0.2361 | Val 0.3151 | Test 0.0197
EarlyStopping counter: 2 out of 5
  Ep 13: Train 0.2371 | Val 0.2810 | Test 0.0144
EarlyStopping counter: 3 out of 5
  Ep 14: Train 0.2261 | Val 0.2719 | Test 0.0142
Validation loss decreased (0.271949 --> 0.271949).  Saving model ...
  Ep 15: Train 0.2311 | Val 0.2852 | Test 0.0161
EarlyStopping counter: 1 out of 5
  Ep 16: Train 0.2210 | Val 0.2440 | Test 0.0176
Validation loss decreased (0.244034 --> 0.244034).  Saving model ...
  Ep 17: Train 0.2236 | Val 0.2647 | Test 0.0134
EarlyStopping counter: 1 out of 5
  Ep 18: Train 0.2252 | Val 0.2845 | Test 0.0160
EarlyStopping counter: 2 out of 5
  Ep 19: Train 0.2179 | Val 0.2810 | Test 0.0146
EarlyStopping counter: 3 out of 5
  Ep 20: Train 0.2221 | Val 0.2623 | Test 0.0145
EarlyStopping counter: 4 out of 5
  Ep 21: Train 0.2214 | Val 0.2851 | Test 0.0108
EarlyStopping counter: 5 out of 5
Early stopping triggered!
/home/sangukchoi/Stroke_SDA/sda_training.py:615: FutureWarning: You are using `torch.load` with `weights_only=False` (the current default value), which uses the default pickle module implicitly. It is possible to construct malicious pickle data which will execute arbitrary code during unpickling (See https://github.com/pytorch/pytorch/blob/main/SECURITY.md#untrusted-models for more details). In a future release, the default value for `weights_only` will be flipped to `True`. This limits the functions that could be executed during unpickling. Arbitrary objects will no longer be allowed to be loaded via this mode unless they are explicitly allowlisted by the user via `torch.serialization.add_safe_globals`. We recommend you start setting `weights_only=True` for any use case where you don't have full control of the loaded file. Please open an issue on GitHub for any issues related to this experimental feature.
  model.load_state_dict(torch.load(os.path.join(out_dir, 'best_model.pth')))
Final Test MSE (Best Model): 0.0176
Finished. Status: Success
