Starting Run on GPU 1
Time: 2025-12-24 23:56:06

[Run Start] Subject S007 | Mode ['SDA'] | Params: L2.5_LS1.0_LR0.0001_E64_D64_Dr0.3

[Fold 1 - SDA] Train: ['S007_T006', 'S007_T009'], Test: S007_T005, Norm: fixed
/home/sangukchoi/.conda/envs/torch_gpu/lib/python3.10/site-packages/torch/nn/modules/rnn.py:123: UserWarning: dropout option adds dropout after all but last recurrent layer, so non-zero dropout expects num_layers greater than 1, but got dropout=0.3 and num_layers=1
  warnings.warn(
  Ep 1: Train 0.7275 | Val 0.5258 | Test 0.0489
Validation loss decreased (0.525839 --> 0.525839).  Saving model ...
  Ep 2: Train 0.4274 | Val 0.3924 | Test 0.0337
Validation loss decreased (0.392448 --> 0.392448).  Saving model ...
  Ep 3: Train 0.3717 | Val 0.3547 | Test 0.0247
Validation loss decreased (0.354723 --> 0.354723).  Saving model ...
  Ep 4: Train 0.3506 | Val 0.3018 | Test 0.0220
Validation loss decreased (0.301802 --> 0.301802).  Saving model ...
  Ep 5: Train 0.3320 | Val 0.2754 | Test 0.0207
Validation loss decreased (0.275396 --> 0.275396).  Saving model ...
  Ep 6: Train 0.3204 | Val 0.2701 | Test 0.0209
Validation loss decreased (0.270141 --> 0.270141).  Saving model ...
  Ep 7: Train 0.2978 | Val 0.2505 | Test 0.0159
Validation loss decreased (0.250532 --> 0.250532).  Saving model ...
  Ep 8: Train 0.2917 | Val 0.2336 | Test 0.0156
Validation loss decreased (0.233630 --> 0.233630).  Saving model ...
  Ep 9: Train 0.2794 | Val 0.2410 | Test 0.0148
EarlyStopping counter: 1 out of 5
  Ep 10: Train 0.2772 | Val 0.2402 | Test 0.0138
EarlyStopping counter: 2 out of 5
  Ep 11: Train 0.2758 | Val 0.2108 | Test 0.0151
Validation loss decreased (0.210815 --> 0.210815).  Saving model ...
  Ep 12: Train 0.2666 | Val 0.2203 | Test 0.0133
EarlyStopping counter: 1 out of 5
  Ep 13: Train 0.2601 | Val 0.2129 | Test 0.0121
EarlyStopping counter: 2 out of 5
  Ep 14: Train 0.2515 | Val 0.2194 | Test 0.0123
EarlyStopping counter: 3 out of 5
  Ep 15: Train 0.2553 | Val 0.2325 | Test 0.0134
EarlyStopping counter: 4 out of 5
  Ep 16: Train 0.2509 | Val 0.2160 | Test 0.0149
EarlyStopping counter: 5 out of 5
Early stopping triggered!
/home/sangukchoi/Stroke_SDA/sda_training.py:615: FutureWarning: You are using `torch.load` with `weights_only=False` (the current default value), which uses the default pickle module implicitly. It is possible to construct malicious pickle data which will execute arbitrary code during unpickling (See https://github.com/pytorch/pytorch/blob/main/SECURITY.md#untrusted-models for more details). In a future release, the default value for `weights_only` will be flipped to `True`. This limits the functions that could be executed during unpickling. Arbitrary objects will no longer be allowed to be loaded via this mode unless they are explicitly allowlisted by the user via `torch.serialization.add_safe_globals`. We recommend you start setting `weights_only=True` for any use case where you don't have full control of the loaded file. Please open an issue on GitHub for any issues related to this experimental feature.
  model.load_state_dict(torch.load(os.path.join(out_dir, 'best_model.pth')))
Final Test MSE (Best Model): 0.0151
Finished. Status: Success
