Starting Run on GPU 0
Time: 2025-12-24 22:50:29

[Run Start] Subject S007 | Mode ['SDA'] | Params: L2.0_LS0.7_LR0.0001_E64_D32_Dr0.3

[Fold 1 - SDA] Train: ['S007_T006', 'S007_T009'], Test: S007_T005, Norm: fixed
/home/sangukchoi/.conda/envs/torch_gpu/lib/python3.10/site-packages/torch/nn/modules/rnn.py:123: UserWarning: dropout option adds dropout after all but last recurrent layer, so non-zero dropout expects num_layers greater than 1, but got dropout=0.3 and num_layers=1
  warnings.warn(
  Ep 1: Train 0.5884 | Val 0.4881 | Test 0.0396
Validation loss decreased (0.488146 --> 0.488146).  Saving model ...
  Ep 2: Train 0.3264 | Val 0.4368 | Test 0.0217
Validation loss decreased (0.436843 --> 0.436843).  Saving model ...
  Ep 3: Train 0.2820 | Val 0.4472 | Test 0.0220
EarlyStopping counter: 1 out of 5
  Ep 4: Train 0.2567 | Val 0.4858 | Test 0.0169
EarlyStopping counter: 2 out of 5
  Ep 5: Train 0.2412 | Val 0.3968 | Test 0.0121
Validation loss decreased (0.396822 --> 0.396822).  Saving model ...
  Ep 6: Train 0.2354 | Val 0.3850 | Test 0.0150
Validation loss decreased (0.385018 --> 0.385018).  Saving model ...
  Ep 7: Train 0.2288 | Val 0.3753 | Test 0.0165
Validation loss decreased (0.375327 --> 0.375327).  Saving model ...
  Ep 8: Train 0.2236 | Val 0.3534 | Test 0.0175
Validation loss decreased (0.353422 --> 0.353422).  Saving model ...
  Ep 9: Train 0.2209 | Val 0.3382 | Test 0.0130
Validation loss decreased (0.338203 --> 0.338203).  Saving model ...
  Ep 10: Train 0.2188 | Val 0.3278 | Test 0.0114
Validation loss decreased (0.327758 --> 0.327758).  Saving model ...
  Ep 11: Train 0.2145 | Val 0.2977 | Test 0.0121
Validation loss decreased (0.297680 --> 0.297680).  Saving model ...
  Ep 12: Train 0.2096 | Val 0.3056 | Test 0.0121
EarlyStopping counter: 1 out of 5
  Ep 13: Train 0.2043 | Val 0.2788 | Test 0.0133
Validation loss decreased (0.278793 --> 0.278793).  Saving model ...
  Ep 14: Train 0.2019 | Val 0.2935 | Test 0.0118
EarlyStopping counter: 1 out of 5
  Ep 15: Train 0.1981 | Val 0.2941 | Test 0.0128
EarlyStopping counter: 2 out of 5
  Ep 16: Train 0.1979 | Val 0.2316 | Test 0.0105
Validation loss decreased (0.231563 --> 0.231563).  Saving model ...
  Ep 17: Train 0.1976 | Val 0.2865 | Test 0.0133
EarlyStopping counter: 1 out of 5
  Ep 18: Train 0.1938 | Val 0.2522 | Test 0.0124
EarlyStopping counter: 2 out of 5
  Ep 19: Train 0.1929 | Val 0.2369 | Test 0.0133
EarlyStopping counter: 3 out of 5
  Ep 20: Train 0.1910 | Val 0.2449 | Test 0.0118
EarlyStopping counter: 4 out of 5
  Ep 21: Train 0.1871 | Val 0.2410 | Test 0.0114
EarlyStopping counter: 5 out of 5
Early stopping triggered!
/home/sangukchoi/Stroke_SDA/sda_training.py:615: FutureWarning: You are using `torch.load` with `weights_only=False` (the current default value), which uses the default pickle module implicitly. It is possible to construct malicious pickle data which will execute arbitrary code during unpickling (See https://github.com/pytorch/pytorch/blob/main/SECURITY.md#untrusted-models for more details). In a future release, the default value for `weights_only` will be flipped to `True`. This limits the functions that could be executed during unpickling. Arbitrary objects will no longer be allowed to be loaded via this mode unless they are explicitly allowlisted by the user via `torch.serialization.add_safe_globals`. We recommend you start setting `weights_only=True` for any use case where you don't have full control of the loaded file. Please open an issue on GitHub for any issues related to this experimental feature.
  model.load_state_dict(torch.load(os.path.join(out_dir, 'best_model.pth')))
Final Test MSE (Best Model): 0.0105
Finished. Status: Success
