Starting Run on GPU 3
Time: 2025-12-24 23:10:57

[Run Start] Subject S007 | Mode ['SDA'] | Params: L2.0_LS1.0_LR0.0001_E128_D32_Dr0.3

[Fold 1 - SDA] Train: ['S007_T006', 'S007_T009'], Test: S007_T005, Norm: fixed
/home/sangukchoi/.conda/envs/torch_gpu/lib/python3.10/site-packages/torch/nn/modules/rnn.py:123: UserWarning: dropout option adds dropout after all but last recurrent layer, so non-zero dropout expects num_layers greater than 1, but got dropout=0.3 and num_layers=1
  warnings.warn(
  Ep 1: Train 0.5302 | Val 0.3858 | Test 0.0297
Validation loss decreased (0.385770 --> 0.385770).  Saving model ...
  Ep 2: Train 0.3142 | Val 0.2815 | Test 0.0234
Validation loss decreased (0.281540 --> 0.281540).  Saving model ...
  Ep 3: Train 0.2833 | Val 0.2514 | Test 0.0165
Validation loss decreased (0.251373 --> 0.251373).  Saving model ...
  Ep 4: Train 0.2616 | Val 0.2372 | Test 0.0161
Validation loss decreased (0.237217 --> 0.237217).  Saving model ...
  Ep 5: Train 0.2477 | Val 0.2225 | Test 0.0191
Validation loss decreased (0.222521 --> 0.222521).  Saving model ...
  Ep 6: Train 0.2424 | Val 0.2134 | Test 0.0153
Validation loss decreased (0.213397 --> 0.213397).  Saving model ...
  Ep 7: Train 0.2348 | Val 0.2097 | Test 0.0138
Validation loss decreased (0.209715 --> 0.209715).  Saving model ...
  Ep 8: Train 0.2306 | Val 0.2203 | Test 0.0111
EarlyStopping counter: 1 out of 5
  Ep 9: Train 0.2241 | Val 0.2047 | Test 0.0154
Validation loss decreased (0.204722 --> 0.204722).  Saving model ...
  Ep 10: Train 0.2244 | Val 0.1997 | Test 0.0130
Validation loss decreased (0.199741 --> 0.199741).  Saving model ...
  Ep 11: Train 0.2154 | Val 0.2067 | Test 0.0133
EarlyStopping counter: 1 out of 5
  Ep 12: Train 0.2129 | Val 0.1888 | Test 0.0132
Validation loss decreased (0.188803 --> 0.188803).  Saving model ...
  Ep 13: Train 0.2127 | Val 0.2112 | Test 0.0158
EarlyStopping counter: 1 out of 5
  Ep 14: Train 0.2065 | Val 0.1825 | Test 0.0143
Validation loss decreased (0.182521 --> 0.182521).  Saving model ...
  Ep 15: Train 0.2065 | Val 0.1868 | Test 0.0119
EarlyStopping counter: 1 out of 5
  Ep 16: Train 0.2003 | Val 0.1919 | Test 0.0118
EarlyStopping counter: 2 out of 5
  Ep 17: Train 0.1978 | Val 0.1769 | Test 0.0099
Validation loss decreased (0.176948 --> 0.176948).  Saving model ...
  Ep 18: Train 0.1992 | Val 0.1724 | Test 0.0119
Validation loss decreased (0.172365 --> 0.172365).  Saving model ...
  Ep 19: Train 0.1998 | Val 0.1801 | Test 0.0116
EarlyStopping counter: 1 out of 5
  Ep 20: Train 0.2009 | Val 0.1564 | Test 0.0129
Validation loss decreased (0.156379 --> 0.156379).  Saving model ...
  Ep 21: Train 0.1931 | Val 0.1744 | Test 0.0113
EarlyStopping counter: 1 out of 5
  Ep 22: Train 0.1918 | Val 0.1889 | Test 0.0088
EarlyStopping counter: 2 out of 5
  Ep 23: Train 0.1950 | Val 0.1705 | Test 0.0103
EarlyStopping counter: 3 out of 5
  Ep 24: Train 0.1937 | Val 0.1670 | Test 0.0087
EarlyStopping counter: 4 out of 5
  Ep 25: Train 0.1911 | Val 0.1611 | Test 0.0099
EarlyStopping counter: 5 out of 5
Early stopping triggered!
/home/sangukchoi/Stroke_SDA/sda_training.py:615: FutureWarning: You are using `torch.load` with `weights_only=False` (the current default value), which uses the default pickle module implicitly. It is possible to construct malicious pickle data which will execute arbitrary code during unpickling (See https://github.com/pytorch/pytorch/blob/main/SECURITY.md#untrusted-models for more details). In a future release, the default value for `weights_only` will be flipped to `True`. This limits the functions that could be executed during unpickling. Arbitrary objects will no longer be allowed to be loaded via this mode unless they are explicitly allowlisted by the user via `torch.serialization.add_safe_globals`. We recommend you start setting `weights_only=True` for any use case where you don't have full control of the loaded file. Please open an issue on GitHub for any issues related to this experimental feature.
  model.load_state_dict(torch.load(os.path.join(out_dir, 'best_model.pth')))
Final Test MSE (Best Model): 0.0129
Finished. Status: Success
