Starting Run on GPU 2
Time: 2025-12-25 00:37:45

[Run Start] Subject S007 | Mode ['SDA'] | Params: L3.0_LS0.7_LR0.0001_E64_D32_Dr0.3

[Fold 1 - SDA] Train: ['S007_T006', 'S007_T009'], Test: S007_T005, Norm: fixed
/home/sangukchoi/.conda/envs/torch_gpu/lib/python3.10/site-packages/torch/nn/modules/rnn.py:123: UserWarning: dropout option adds dropout after all but last recurrent layer, so non-zero dropout expects num_layers greater than 1, but got dropout=0.3 and num_layers=1
  warnings.warn(
  Ep 1: Train 0.8607 | Val 0.7930 | Test 0.1110
Validation loss decreased (0.792992 --> 0.792992).  Saving model ...
  Ep 2: Train 0.5296 | Val 0.5028 | Test 0.0560
Validation loss decreased (0.502818 --> 0.502818).  Saving model ...
  Ep 3: Train 0.4484 | Val 0.4456 | Test 0.0430
Validation loss decreased (0.445584 --> 0.445584).  Saving model ...
  Ep 4: Train 0.3929 | Val 0.3554 | Test 0.0270
Validation loss decreased (0.355394 --> 0.355394).  Saving model ...
  Ep 5: Train 0.3525 | Val 0.3082 | Test 0.0234
Validation loss decreased (0.308250 --> 0.308250).  Saving model ...
  Ep 6: Train 0.3311 | Val 0.2954 | Test 0.0231
Validation loss decreased (0.295374 --> 0.295374).  Saving model ...
  Ep 7: Train 0.3258 | Val 0.2699 | Test 0.0200
Validation loss decreased (0.269916 --> 0.269916).  Saving model ...
  Ep 8: Train 0.3105 | Val 0.2783 | Test 0.0157
EarlyStopping counter: 1 out of 5
  Ep 9: Train 0.3146 | Val 0.2674 | Test 0.0181
Validation loss decreased (0.267364 --> 0.267364).  Saving model ...
  Ep 10: Train 0.3097 | Val 0.2727 | Test 0.0178
EarlyStopping counter: 1 out of 5
  Ep 11: Train 0.3045 | Val 0.2664 | Test 0.0137
Validation loss decreased (0.266432 --> 0.266432).  Saving model ...
  Ep 12: Train 0.2957 | Val 0.2377 | Test 0.0129
Validation loss decreased (0.237656 --> 0.237656).  Saving model ...
  Ep 13: Train 0.2958 | Val 0.2710 | Test 0.0160
EarlyStopping counter: 1 out of 5
  Ep 14: Train 0.2850 | Val 0.2430 | Test 0.0124
EarlyStopping counter: 2 out of 5
  Ep 15: Train 0.2858 | Val 0.2863 | Test 0.0123
EarlyStopping counter: 3 out of 5
  Ep 16: Train 0.2838 | Val 0.2655 | Test 0.0156
EarlyStopping counter: 4 out of 5
  Ep 17: Train 0.2789 | Val 0.2494 | Test 0.0127
EarlyStopping counter: 5 out of 5
Early stopping triggered!
/home/sangukchoi/Stroke_SDA/sda_training.py:615: FutureWarning: You are using `torch.load` with `weights_only=False` (the current default value), which uses the default pickle module implicitly. It is possible to construct malicious pickle data which will execute arbitrary code during unpickling (See https://github.com/pytorch/pytorch/blob/main/SECURITY.md#untrusted-models for more details). In a future release, the default value for `weights_only` will be flipped to `True`. This limits the functions that could be executed during unpickling. Arbitrary objects will no longer be allowed to be loaded via this mode unless they are explicitly allowlisted by the user via `torch.serialization.add_safe_globals`. We recommend you start setting `weights_only=True` for any use case where you don't have full control of the loaded file. Please open an issue on GitHub for any issues related to this experimental feature.
  model.load_state_dict(torch.load(os.path.join(out_dir, 'best_model.pth')))
Final Test MSE (Best Model): 0.0129
Finished. Status: Success
