Starting Run on GPU 2
Time: 2025-12-25 00:01:50

[Run Start] Subject S007 | Mode ['SDA'] | Params: L2.5_LS1.0_LR0.0001_E128_D128_Dr0.3

[Fold 1 - SDA] Train: ['S007_T006', 'S007_T009'], Test: S007_T005, Norm: fixed
/home/sangukchoi/.conda/envs/torch_gpu/lib/python3.10/site-packages/torch/nn/modules/rnn.py:123: UserWarning: dropout option adds dropout after all but last recurrent layer, so non-zero dropout expects num_layers greater than 1, but got dropout=0.3 and num_layers=1
  warnings.warn(
  Ep 1: Train 0.5685 | Val 0.5636 | Test 0.0298
Validation loss decreased (0.563565 --> 0.563565).  Saving model ...
  Ep 2: Train 0.3919 | Val 0.4457 | Test 0.0260
Validation loss decreased (0.445678 --> 0.445678).  Saving model ...
  Ep 3: Train 0.3503 | Val 0.3942 | Test 0.0300
Validation loss decreased (0.394186 --> 0.394186).  Saving model ...
  Ep 4: Train 0.3294 | Val 0.3477 | Test 0.0208
Validation loss decreased (0.347723 --> 0.347723).  Saving model ...
  Ep 5: Train 0.3131 | Val 0.3281 | Test 0.0267
Validation loss decreased (0.328110 --> 0.328110).  Saving model ...
  Ep 6: Train 0.3043 | Val 0.3226 | Test 0.0242
Validation loss decreased (0.322593 --> 0.322593).  Saving model ...
  Ep 7: Train 0.2975 | Val 0.3397 | Test 0.0219
EarlyStopping counter: 1 out of 5
  Ep 8: Train 0.2915 | Val 0.3142 | Test 0.0194
Validation loss decreased (0.314222 --> 0.314222).  Saving model ...
  Ep 9: Train 0.2857 | Val 0.3192 | Test 0.0163
EarlyStopping counter: 1 out of 5
  Ep 10: Train 0.2816 | Val 0.3224 | Test 0.0203
EarlyStopping counter: 2 out of 5
  Ep 11: Train 0.2792 | Val 0.2850 | Test 0.0188
Validation loss decreased (0.285019 --> 0.285019).  Saving model ...
  Ep 12: Train 0.2695 | Val 0.3199 | Test 0.0171
EarlyStopping counter: 1 out of 5
  Ep 13: Train 0.2678 | Val 0.3147 | Test 0.0214
EarlyStopping counter: 2 out of 5
  Ep 14: Train 0.2630 | Val 0.3065 | Test 0.0175
EarlyStopping counter: 3 out of 5
  Ep 15: Train 0.2671 | Val 0.2950 | Test 0.0197
EarlyStopping counter: 4 out of 5
  Ep 16: Train 0.2603 | Val 0.3301 | Test 0.0249
EarlyStopping counter: 5 out of 5
Early stopping triggered!
/home/sangukchoi/Stroke_SDA/sda_training.py:615: FutureWarning: You are using `torch.load` with `weights_only=False` (the current default value), which uses the default pickle module implicitly. It is possible to construct malicious pickle data which will execute arbitrary code during unpickling (See https://github.com/pytorch/pytorch/blob/main/SECURITY.md#untrusted-models for more details). In a future release, the default value for `weights_only` will be flipped to `True`. This limits the functions that could be executed during unpickling. Arbitrary objects will no longer be allowed to be loaded via this mode unless they are explicitly allowlisted by the user via `torch.serialization.add_safe_globals`. We recommend you start setting `weights_only=True` for any use case where you don't have full control of the loaded file. Please open an issue on GitHub for any issues related to this experimental feature.
  model.load_state_dict(torch.load(os.path.join(out_dir, 'best_model.pth')))
Final Test MSE (Best Model): 0.0188
Finished. Status: Success
