Starting Run on GPU 2
Time: 2025-12-24 23:42:44

[Run Start] Subject S007 | Mode ['SDA'] | Params: L2.5_LS0.5_LR0.0001_E256_D32_Dr0.3

[Fold 1 - SDA] Train: ['S007_T006', 'S007_T009'], Test: S007_T005, Norm: fixed
/home/sangukchoi/.conda/envs/torch_gpu/lib/python3.10/site-packages/torch/nn/modules/rnn.py:123: UserWarning: dropout option adds dropout after all but last recurrent layer, so non-zero dropout expects num_layers greater than 1, but got dropout=0.3 and num_layers=1
  warnings.warn(
  Ep 1: Train 0.4362 | Val 0.4225 | Test 0.0407
Validation loss decreased (0.422452 --> 0.422452).  Saving model ...
  Ep 2: Train 0.3299 | Val 0.3872 | Test 0.0397
Validation loss decreased (0.387208 --> 0.387208).  Saving model ...
  Ep 3: Train 0.2911 | Val 0.3739 | Test 0.0145
Validation loss decreased (0.373875 --> 0.373875).  Saving model ...
  Ep 4: Train 0.2756 | Val 0.3602 | Test 0.0156
Validation loss decreased (0.360201 --> 0.360201).  Saving model ...
  Ep 5: Train 0.2572 | Val 0.3967 | Test 0.0190
EarlyStopping counter: 1 out of 5
  Ep 6: Train 0.2429 | Val 0.3534 | Test 0.0163
Validation loss decreased (0.353404 --> 0.353404).  Saving model ...
  Ep 7: Train 0.2451 | Val 0.3569 | Test 0.0123
EarlyStopping counter: 1 out of 5
  Ep 8: Train 0.2355 | Val 0.2984 | Test 0.0132
Validation loss decreased (0.298377 --> 0.298377).  Saving model ...
  Ep 9: Train 0.2383 | Val 0.3203 | Test 0.0093
EarlyStopping counter: 1 out of 5
  Ep 10: Train 0.2353 | Val 0.2737 | Test 0.0150
Validation loss decreased (0.273702 --> 0.273702).  Saving model ...
  Ep 11: Train 0.2297 | Val 0.3294 | Test 0.0124
EarlyStopping counter: 1 out of 5
  Ep 12: Train 0.2312 | Val 0.3614 | Test 0.0158
EarlyStopping counter: 2 out of 5
  Ep 13: Train 0.2275 | Val 0.3320 | Test 0.0103
EarlyStopping counter: 3 out of 5
  Ep 14: Train 0.2237 | Val 0.3234 | Test 0.0157
EarlyStopping counter: 4 out of 5
  Ep 15: Train 0.2221 | Val 0.3311 | Test 0.0186
EarlyStopping counter: 5 out of 5
Early stopping triggered!
/home/sangukchoi/Stroke_SDA/sda_training.py:615: FutureWarning: You are using `torch.load` with `weights_only=False` (the current default value), which uses the default pickle module implicitly. It is possible to construct malicious pickle data which will execute arbitrary code during unpickling (See https://github.com/pytorch/pytorch/blob/main/SECURITY.md#untrusted-models for more details). In a future release, the default value for `weights_only` will be flipped to `True`. This limits the functions that could be executed during unpickling. Arbitrary objects will no longer be allowed to be loaded via this mode unless they are explicitly allowlisted by the user via `torch.serialization.add_safe_globals`. We recommend you start setting `weights_only=True` for any use case where you don't have full control of the loaded file. Please open an issue on GitHub for any issues related to this experimental feature.
  model.load_state_dict(torch.load(os.path.join(out_dir, 'best_model.pth')))
Final Test MSE (Best Model): 0.0150
Finished. Status: Success
