Starting Run on GPU 2
Time: 2025-12-24 21:45:26

[Run Start] Subject S007 | Mode ['SDA'] | Params: L0.5_LS1.0_LR0.0001_E256_D128_Dr0.3

[Fold 1 - SDA] Train: ['S007_T006', 'S007_T009'], Test: S007_T005, Norm: fixed
/home/sangukchoi/.conda/envs/torch_gpu/lib/python3.10/site-packages/torch/nn/modules/rnn.py:123: UserWarning: dropout option adds dropout after all but last recurrent layer, so non-zero dropout expects num_layers greater than 1, but got dropout=0.3 and num_layers=1
  warnings.warn(
  Ep 1: Train 0.2002 | Val 0.0936 | Test 0.0151
Validation loss decreased (0.093593 --> 0.093593).  Saving model ...
  Ep 2: Train 0.0994 | Val 0.0707 | Test 0.0127
Validation loss decreased (0.070660 --> 0.070660).  Saving model ...
  Ep 3: Train 0.0877 | Val 0.0644 | Test 0.0062
Validation loss decreased (0.064395 --> 0.064395).  Saving model ...
  Ep 4: Train 0.0832 | Val 0.0578 | Test 0.0077
Validation loss decreased (0.057767 --> 0.057767).  Saving model ...
  Ep 5: Train 0.0806 | Val 0.0523 | Test 0.0053
Validation loss decreased (0.052258 --> 0.052258).  Saving model ...
  Ep 6: Train 0.0786 | Val 0.0651 | Test 0.0069
EarlyStopping counter: 1 out of 5
  Ep 7: Train 0.0778 | Val 0.0541 | Test 0.0080
EarlyStopping counter: 2 out of 5
  Ep 8: Train 0.0763 | Val 0.0518 | Test 0.0057
EarlyStopping counter: 3 out of 5
  Ep 9: Train 0.0752 | Val 0.0489 | Test 0.0051
Validation loss decreased (0.048890 --> 0.048890).  Saving model ...
  Ep 10: Train 0.0739 | Val 0.0537 | Test 0.0073
EarlyStopping counter: 1 out of 5
  Ep 11: Train 0.0726 | Val 0.0517 | Test 0.0048
EarlyStopping counter: 2 out of 5
  Ep 12: Train 0.0728 | Val 0.0495 | Test 0.0064
EarlyStopping counter: 3 out of 5
  Ep 13: Train 0.0714 | Val 0.0498 | Test 0.0062
EarlyStopping counter: 4 out of 5
  Ep 14: Train 0.0718 | Val 0.0483 | Test 0.0054
Validation loss decreased (0.048331 --> 0.048331).  Saving model ...
  Ep 15: Train 0.0694 | Val 0.0471 | Test 0.0057
Validation loss decreased (0.047117 --> 0.047117).  Saving model ...
  Ep 16: Train 0.0668 | Val 0.0426 | Test 0.0059
Validation loss decreased (0.042608 --> 0.042608).  Saving model ...
  Ep 17: Train 0.0680 | Val 0.0465 | Test 0.0081
EarlyStopping counter: 1 out of 5
  Ep 18: Train 0.0672 | Val 0.0466 | Test 0.0069
EarlyStopping counter: 2 out of 5
  Ep 19: Train 0.0676 | Val 0.0479 | Test 0.0092
EarlyStopping counter: 3 out of 5
  Ep 20: Train 0.0661 | Val 0.0432 | Test 0.0097
EarlyStopping counter: 4 out of 5
  Ep 21: Train 0.0659 | Val 0.0481 | Test 0.0080
EarlyStopping counter: 5 out of 5
Early stopping triggered!
/home/sangukchoi/Stroke_SDA/sda_training.py:615: FutureWarning: You are using `torch.load` with `weights_only=False` (the current default value), which uses the default pickle module implicitly. It is possible to construct malicious pickle data which will execute arbitrary code during unpickling (See https://github.com/pytorch/pytorch/blob/main/SECURITY.md#untrusted-models for more details). In a future release, the default value for `weights_only` will be flipped to `True`. This limits the functions that could be executed during unpickling. Arbitrary objects will no longer be allowed to be loaded via this mode unless they are explicitly allowlisted by the user via `torch.serialization.add_safe_globals`. We recommend you start setting `weights_only=True` for any use case where you don't have full control of the loaded file. Please open an issue on GitHub for any issues related to this experimental feature.
  model.load_state_dict(torch.load(os.path.join(out_dir, 'best_model.pth')))
Final Test MSE (Best Model): 0.0059
Finished. Status: Success
