Starting Run on GPU 2
Time: 2025-12-24 23:48:07

[Run Start] Subject S007 | Mode ['SDA'] | Params: L2.5_LS0.7_LR0.0001_E128_D32_Dr0.3

[Fold 1 - SDA] Train: ['S007_T006', 'S007_T009'], Test: S007_T005, Norm: fixed
/home/sangukchoi/.conda/envs/torch_gpu/lib/python3.10/site-packages/torch/nn/modules/rnn.py:123: UserWarning: dropout option adds dropout after all but last recurrent layer, so non-zero dropout expects num_layers greater than 1, but got dropout=0.3 and num_layers=1
  warnings.warn(
  Ep 1: Train 0.5511 | Val 0.3652 | Test 0.0306
Validation loss decreased (0.365178 --> 0.365178).  Saving model ...
  Ep 2: Train 0.3125 | Val 0.2854 | Test 0.0193
Validation loss decreased (0.285359 --> 0.285359).  Saving model ...
  Ep 3: Train 0.2750 | Val 0.2606 | Test 0.0149
Validation loss decreased (0.260629 --> 0.260629).  Saving model ...
  Ep 4: Train 0.2604 | Val 0.2775 | Test 0.0141
EarlyStopping counter: 1 out of 5
  Ep 5: Train 0.2513 | Val 0.2363 | Test 0.0121
Validation loss decreased (0.236328 --> 0.236328).  Saving model ...
  Ep 6: Train 0.2486 | Val 0.2559 | Test 0.0118
EarlyStopping counter: 1 out of 5
  Ep 7: Train 0.2390 | Val 0.2294 | Test 0.0129
Validation loss decreased (0.229444 --> 0.229444).  Saving model ...
  Ep 8: Train 0.2395 | Val 0.2136 | Test 0.0136
Validation loss decreased (0.213567 --> 0.213567).  Saving model ...
  Ep 9: Train 0.2350 | Val 0.2152 | Test 0.0137
EarlyStopping counter: 1 out of 5
  Ep 10: Train 0.2381 | Val 0.2188 | Test 0.0114
EarlyStopping counter: 2 out of 5
  Ep 11: Train 0.2329 | Val 0.2204 | Test 0.0120
EarlyStopping counter: 3 out of 5
  Ep 12: Train 0.2265 | Val 0.2246 | Test 0.0109
EarlyStopping counter: 4 out of 5
  Ep 13: Train 0.2287 | Val 0.2150 | Test 0.0109
EarlyStopping counter: 5 out of 5
Early stopping triggered!
/home/sangukchoi/Stroke_SDA/sda_training.py:615: FutureWarning: You are using `torch.load` with `weights_only=False` (the current default value), which uses the default pickle module implicitly. It is possible to construct malicious pickle data which will execute arbitrary code during unpickling (See https://github.com/pytorch/pytorch/blob/main/SECURITY.md#untrusted-models for more details). In a future release, the default value for `weights_only` will be flipped to `True`. This limits the functions that could be executed during unpickling. Arbitrary objects will no longer be allowed to be loaded via this mode unless they are explicitly allowlisted by the user via `torch.serialization.add_safe_globals`. We recommend you start setting `weights_only=True` for any use case where you don't have full control of the loaded file. Please open an issue on GitHub for any issues related to this experimental feature.
  model.load_state_dict(torch.load(os.path.join(out_dir, 'best_model.pth')))
Final Test MSE (Best Model): 0.0136
Finished. Status: Success
