Starting Run on GPU 1
Time: 2025-12-25 00:22:04

[Run Start] Subject S007 | Mode ['SDA'] | Params: L3.0_LS0.3_LR0.0001_E256_D128_Dr0.3

[Fold 1 - SDA] Train: ['S007_T006', 'S007_T009'], Test: S007_T005, Norm: fixed
/home/sangukchoi/.conda/envs/torch_gpu/lib/python3.10/site-packages/torch/nn/modules/rnn.py:123: UserWarning: dropout option adds dropout after all but last recurrent layer, so non-zero dropout expects num_layers greater than 1, but got dropout=0.3 and num_layers=1
  warnings.warn(
  Ep 1: Train 0.4699 | Val 0.5537 | Test 0.0838
Validation loss decreased (0.553683 --> 0.553683).  Saving model ...
  Ep 2: Train 0.3817 | Val 0.5100 | Test 0.0486
Validation loss decreased (0.510009 --> 0.510009).  Saving model ...
  Ep 3: Train 0.3601 | Val 0.4683 | Test 0.0385
Validation loss decreased (0.468306 --> 0.468306).  Saving model ...
  Ep 4: Train 0.3459 | Val 0.5017 | Test 0.0346
EarlyStopping counter: 1 out of 5
  Ep 5: Train 0.3185 | Val 0.4017 | Test 0.0297
Validation loss decreased (0.401709 --> 0.401709).  Saving model ...
  Ep 6: Train 0.3163 | Val 0.4346 | Test 0.0340
EarlyStopping counter: 1 out of 5
  Ep 7: Train 0.2938 | Val 0.3831 | Test 0.0353
Validation loss decreased (0.383093 --> 0.383093).  Saving model ...
  Ep 8: Train 0.2926 | Val 0.4373 | Test 0.0226
EarlyStopping counter: 1 out of 5
  Ep 9: Train 0.2735 | Val 0.3699 | Test 0.0180
Validation loss decreased (0.369860 --> 0.369860).  Saving model ...
  Ep 10: Train 0.2805 | Val 0.3592 | Test 0.0192
Validation loss decreased (0.359239 --> 0.359239).  Saving model ...
  Ep 11: Train 0.2679 | Val 0.4038 | Test 0.0199
EarlyStopping counter: 1 out of 5
  Ep 12: Train 0.2692 | Val 0.3321 | Test 0.0267
Validation loss decreased (0.332139 --> 0.332139).  Saving model ...
  Ep 13: Train 0.2597 | Val 0.3552 | Test 0.0204
EarlyStopping counter: 1 out of 5
  Ep 14: Train 0.2571 | Val 0.4122 | Test 0.0205
EarlyStopping counter: 2 out of 5
  Ep 15: Train 0.2570 | Val 0.3220 | Test 0.0202
Validation loss decreased (0.322016 --> 0.322016).  Saving model ...
  Ep 16: Train 0.2498 | Val 0.4848 | Test 0.0165
EarlyStopping counter: 1 out of 5
  Ep 17: Train 0.2407 | Val 0.3069 | Test 0.0205
Validation loss decreased (0.306854 --> 0.306854).  Saving model ...
  Ep 18: Train 0.2514 | Val 0.2407 | Test 0.0225
Validation loss decreased (0.240733 --> 0.240733).  Saving model ...
  Ep 19: Train 4.1433 | Val 0.7201 | Test 0.2794
EarlyStopping counter: 1 out of 5
  Ep 20: Train 0.5892 | Val 0.5538 | Test 0.2647
EarlyStopping counter: 2 out of 5
  Ep 21: Train 0.5781 | Val 0.7538 | Test 0.2517
EarlyStopping counter: 3 out of 5
  Ep 22: Train 0.5545 | Val 0.6525 | Test 0.2349
EarlyStopping counter: 4 out of 5
  Ep 23: Train 0.4862 | Val 4.8828 | Test 0.2232
EarlyStopping counter: 5 out of 5
Early stopping triggered!
/home/sangukchoi/Stroke_SDA/sda_training.py:615: FutureWarning: You are using `torch.load` with `weights_only=False` (the current default value), which uses the default pickle module implicitly. It is possible to construct malicious pickle data which will execute arbitrary code during unpickling (See https://github.com/pytorch/pytorch/blob/main/SECURITY.md#untrusted-models for more details). In a future release, the default value for `weights_only` will be flipped to `True`. This limits the functions that could be executed during unpickling. Arbitrary objects will no longer be allowed to be loaded via this mode unless they are explicitly allowlisted by the user via `torch.serialization.add_safe_globals`. We recommend you start setting `weights_only=True` for any use case where you don't have full control of the loaded file. Please open an issue on GitHub for any issues related to this experimental feature.
  model.load_state_dict(torch.load(os.path.join(out_dir, 'best_model.pth')))
Final Test MSE (Best Model): 0.0225
Finished. Status: Success
