Starting Run on GPU 0
Time: 2025-12-24 22:43:32

[Run Start] Subject S007 | Mode ['SDA'] | Params: L1.5_LS1.0_LR0.0001_E256_D64_Dr0.3

[Fold 1 - SDA] Train: ['S007_T006', 'S007_T009'], Test: S007_T005, Norm: fixed
/home/sangukchoi/.conda/envs/torch_gpu/lib/python3.10/site-packages/torch/nn/modules/rnn.py:123: UserWarning: dropout option adds dropout after all but last recurrent layer, so non-zero dropout expects num_layers greater than 1, but got dropout=0.3 and num_layers=1
  warnings.warn(
  Ep 1: Train 0.3415 | Val 0.2322 | Test 0.0158
Validation loss decreased (0.232209 --> 0.232209).  Saving model ...
  Ep 2: Train 0.2071 | Val 0.1826 | Test 0.0109
Validation loss decreased (0.182580 --> 0.182580).  Saving model ...
  Ep 3: Train 0.1838 | Val 0.1573 | Test 0.0102
Validation loss decreased (0.157332 --> 0.157332).  Saving model ...
  Ep 4: Train 0.1752 | Val 0.1588 | Test 0.0090
EarlyStopping counter: 1 out of 5
  Ep 5: Train 0.1661 | Val 0.1360 | Test 0.0097
Validation loss decreased (0.136035 --> 0.136035).  Saving model ...
  Ep 6: Train 0.1638 | Val 0.1468 | Test 0.0116
EarlyStopping counter: 1 out of 5
  Ep 7: Train 0.1609 | Val 0.1281 | Test 0.0091
Validation loss decreased (0.128128 --> 0.128128).  Saving model ...
  Ep 8: Train 0.1592 | Val 0.1249 | Test 0.0104
Validation loss decreased (0.124887 --> 0.124887).  Saving model ...
  Ep 9: Train 0.1547 | Val 0.1314 | Test 0.0095
EarlyStopping counter: 1 out of 5
  Ep 10: Train 0.1580 | Val 0.1328 | Test 0.0093
EarlyStopping counter: 2 out of 5
  Ep 11: Train 0.1491 | Val 0.1252 | Test 0.0074
EarlyStopping counter: 3 out of 5
  Ep 12: Train 0.1491 | Val 0.1228 | Test 0.0078
Validation loss decreased (0.122751 --> 0.122751).  Saving model ...
  Ep 13: Train 0.1484 | Val 0.1299 | Test 0.0083
EarlyStopping counter: 1 out of 5
  Ep 14: Train 0.1566 | Val 0.1304 | Test 0.0093
EarlyStopping counter: 2 out of 5
  Ep 15: Train 0.1522 | Val 0.0956 | Test 0.0101
Validation loss decreased (0.095632 --> 0.095632).  Saving model ...
  Ep 16: Train 0.1483 | Val 0.1097 | Test 0.0070
EarlyStopping counter: 1 out of 5
  Ep 17: Train 0.1452 | Val 0.1143 | Test 0.0086
EarlyStopping counter: 2 out of 5
  Ep 18: Train 0.1442 | Val 0.1144 | Test 0.0094
EarlyStopping counter: 3 out of 5
  Ep 19: Train 0.1435 | Val 0.1023 | Test 0.0089
EarlyStopping counter: 4 out of 5
  Ep 20: Train 0.1448 | Val 0.0979 | Test 0.0101
EarlyStopping counter: 5 out of 5
Early stopping triggered!
/home/sangukchoi/Stroke_SDA/sda_training.py:615: FutureWarning: You are using `torch.load` with `weights_only=False` (the current default value), which uses the default pickle module implicitly. It is possible to construct malicious pickle data which will execute arbitrary code during unpickling (See https://github.com/pytorch/pytorch/blob/main/SECURITY.md#untrusted-models for more details). In a future release, the default value for `weights_only` will be flipped to `True`. This limits the functions that could be executed during unpickling. Arbitrary objects will no longer be allowed to be loaded via this mode unless they are explicitly allowlisted by the user via `torch.serialization.add_safe_globals`. We recommend you start setting `weights_only=True` for any use case where you don't have full control of the loaded file. Please open an issue on GitHub for any issues related to this experimental feature.
  model.load_state_dict(torch.load(os.path.join(out_dir, 'best_model.pth')))
Final Test MSE (Best Model): 0.0101
Finished. Status: Success
