Starting Run on GPU 3
Time: 2025-12-24 21:22:46

[Run Start] Subject S007 | Mode ['SDA'] | Params: L0.5_LS0.7_LR0.0001_E128_D32_Dr0.3

[Fold 1 - SDA] Train: ['S007_T006', 'S007_T009'], Test: S007_T005, Norm: fixed
/home/sangukchoi/.conda/envs/torch_gpu/lib/python3.10/site-packages/torch/nn/modules/rnn.py:123: UserWarning: dropout option adds dropout after all but last recurrent layer, so non-zero dropout expects num_layers greater than 1, but got dropout=0.3 and num_layers=1
  warnings.warn(
  Ep 1: Train 0.2140 | Val 0.0948 | Test 0.0150
Validation loss decreased (0.094764 --> 0.094764).  Saving model ...
  Ep 2: Train 0.0919 | Val 0.0751 | Test 0.0105
Validation loss decreased (0.075080 --> 0.075080).  Saving model ...
  Ep 3: Train 0.0796 | Val 0.0682 | Test 0.0073
Validation loss decreased (0.068166 --> 0.068166).  Saving model ...
  Ep 4: Train 0.0755 | Val 0.0628 | Test 0.0096
Validation loss decreased (0.062763 --> 0.062763).  Saving model ...
  Ep 5: Train 0.0719 | Val 0.0609 | Test 0.0082
Validation loss decreased (0.060861 --> 0.060861).  Saving model ...
  Ep 6: Train 0.0698 | Val 0.0565 | Test 0.0053
Validation loss decreased (0.056510 --> 0.056510).  Saving model ...
  Ep 7: Train 0.0695 | Val 0.0577 | Test 0.0054
EarlyStopping counter: 1 out of 5
  Ep 8: Train 0.0682 | Val 0.0512 | Test 0.0058
Validation loss decreased (0.051170 --> 0.051170).  Saving model ...
  Ep 9: Train 0.0660 | Val 0.0605 | Test 0.0061
EarlyStopping counter: 1 out of 5
  Ep 10: Train 0.0659 | Val 0.0502 | Test 0.0050
Validation loss decreased (0.050216 --> 0.050216).  Saving model ...
  Ep 11: Train 0.0661 | Val 0.0492 | Test 0.0055
Validation loss decreased (0.049242 --> 0.049242).  Saving model ...
  Ep 12: Train 0.0645 | Val 0.0548 | Test 0.0063
EarlyStopping counter: 1 out of 5
  Ep 13: Train 0.0645 | Val 0.0491 | Test 0.0046
EarlyStopping counter: 2 out of 5
  Ep 14: Train 0.0644 | Val 0.0489 | Test 0.0047
EarlyStopping counter: 3 out of 5
  Ep 15: Train 0.0635 | Val 0.0532 | Test 0.0060
EarlyStopping counter: 4 out of 5
  Ep 16: Train 0.0631 | Val 0.0490 | Test 0.0056
EarlyStopping counter: 5 out of 5
Early stopping triggered!
/home/sangukchoi/Stroke_SDA/sda_training.py:615: FutureWarning: You are using `torch.load` with `weights_only=False` (the current default value), which uses the default pickle module implicitly. It is possible to construct malicious pickle data which will execute arbitrary code during unpickling (See https://github.com/pytorch/pytorch/blob/main/SECURITY.md#untrusted-models for more details). In a future release, the default value for `weights_only` will be flipped to `True`. This limits the functions that could be executed during unpickling. Arbitrary objects will no longer be allowed to be loaded via this mode unless they are explicitly allowlisted by the user via `torch.serialization.add_safe_globals`. We recommend you start setting `weights_only=True` for any use case where you don't have full control of the loaded file. Please open an issue on GitHub for any issues related to this experimental feature.
  model.load_state_dict(torch.load(os.path.join(out_dir, 'best_model.pth')))
Final Test MSE (Best Model): 0.0055
Finished. Status: Success
