Starting Run on GPU 2
Time: 2025-12-24 23:28:43

[Run Start] Subject S007 | Mode ['SDA'] | Params: L2.5_LS0.3_LR0.0001_E128_D128_Dr0.3

[Fold 1 - SDA] Train: ['S007_T006', 'S007_T009'], Test: S007_T005, Norm: fixed
/home/sangukchoi/.conda/envs/torch_gpu/lib/python3.10/site-packages/torch/nn/modules/rnn.py:123: UserWarning: dropout option adds dropout after all but last recurrent layer, so non-zero dropout expects num_layers greater than 1, but got dropout=0.3 and num_layers=1
  warnings.warn(
  Ep 1: Train 0.4602 | Val 0.5276 | Test 0.0766
Validation loss decreased (0.527596 --> 0.527596).  Saving model ...
  Ep 2: Train 0.3459 | Val 0.5082 | Test 0.0501
Validation loss decreased (0.508214 --> 0.508214).  Saving model ...
  Ep 3: Train 0.3190 | Val 0.4755 | Test 0.0413
Validation loss decreased (0.475462 --> 0.475462).  Saving model ...
  Ep 4: Train 0.3052 | Val 0.4315 | Test 0.0332
Validation loss decreased (0.431536 --> 0.431536).  Saving model ...
  Ep 5: Train 0.2889 | Val 0.3942 | Test 0.0241
Validation loss decreased (0.394181 --> 0.394181).  Saving model ...
  Ep 6: Train 0.2787 | Val 0.4181 | Test 0.0210
EarlyStopping counter: 1 out of 5
  Ep 7: Train 0.2744 | Val 0.3517 | Test 0.0159
Validation loss decreased (0.351677 --> 0.351677).  Saving model ...
  Ep 8: Train 0.2645 | Val 0.3519 | Test 0.0172
EarlyStopping counter: 1 out of 5
  Ep 9: Train 0.2562 | Val 0.3325 | Test 0.0171
Validation loss decreased (0.332544 --> 0.332544).  Saving model ...
  Ep 10: Train 0.2484 | Val 0.3677 | Test 0.0153
EarlyStopping counter: 1 out of 5
  Ep 11: Train 0.2419 | Val 0.3557 | Test 0.0162
EarlyStopping counter: 2 out of 5
  Ep 12: Train 0.2411 | Val 0.3512 | Test 0.0178
EarlyStopping counter: 3 out of 5
  Ep 13: Train 0.2394 | Val 0.3580 | Test 0.0177
EarlyStopping counter: 4 out of 5
  Ep 14: Train 0.2331 | Val 0.3305 | Test 0.0153
Validation loss decreased (0.330502 --> 0.330502).  Saving model ...
  Ep 15: Train 0.2237 | Val 0.3153 | Test 0.0149
Validation loss decreased (0.315328 --> 0.315328).  Saving model ...
  Ep 16: Train 0.2368 | Val 0.3328 | Test 0.0161
EarlyStopping counter: 1 out of 5
  Ep 17: Train 0.2293 | Val 0.3026 | Test 0.0149
Validation loss decreased (0.302600 --> 0.302600).  Saving model ...
  Ep 18: Train 0.2357 | Val 0.2927 | Test 0.0176
Validation loss decreased (0.292719 --> 0.292719).  Saving model ...
  Ep 19: Train 0.2162 | Val 0.3273 | Test 0.0139
EarlyStopping counter: 1 out of 5
  Ep 20: Train 0.2170 | Val 0.2986 | Test 0.0141
EarlyStopping counter: 2 out of 5
  Ep 21: Train 0.2182 | Val 0.3782 | Test 0.0137
EarlyStopping counter: 3 out of 5
  Ep 22: Train 0.2206 | Val 0.3080 | Test 0.0187
EarlyStopping counter: 4 out of 5
  Ep 23: Train 0.2171 | Val 0.3080 | Test 0.0124
EarlyStopping counter: 5 out of 5
Early stopping triggered!
/home/sangukchoi/Stroke_SDA/sda_training.py:615: FutureWarning: You are using `torch.load` with `weights_only=False` (the current default value), which uses the default pickle module implicitly. It is possible to construct malicious pickle data which will execute arbitrary code during unpickling (See https://github.com/pytorch/pytorch/blob/main/SECURITY.md#untrusted-models for more details). In a future release, the default value for `weights_only` will be flipped to `True`. This limits the functions that could be executed during unpickling. Arbitrary objects will no longer be allowed to be loaded via this mode unless they are explicitly allowlisted by the user via `torch.serialization.add_safe_globals`. We recommend you start setting `weights_only=True` for any use case where you don't have full control of the loaded file. Please open an issue on GitHub for any issues related to this experimental feature.
  model.load_state_dict(torch.load(os.path.join(out_dir, 'best_model.pth')))
Final Test MSE (Best Model): 0.0176
Finished. Status: Success
