Starting Run on GPU 3
Time: 2025-12-24 23:57:35

[Run Start] Subject S007 | Mode ['SDA'] | Params: L2.5_LS1.0_LR0.0001_E64_D128_Dr0.3

[Fold 1 - SDA] Train: ['S007_T006', 'S007_T009'], Test: S007_T005, Norm: fixed
/home/sangukchoi/.conda/envs/torch_gpu/lib/python3.10/site-packages/torch/nn/modules/rnn.py:123: UserWarning: dropout option adds dropout after all but last recurrent layer, so non-zero dropout expects num_layers greater than 1, but got dropout=0.3 and num_layers=1
  warnings.warn(
  Ep 1: Train 0.7222 | Val 0.5825 | Test 0.0630
Validation loss decreased (0.582536 --> 0.582536).  Saving model ...
  Ep 2: Train 0.4681 | Val 0.4731 | Test 0.0449
Validation loss decreased (0.473131 --> 0.473131).  Saving model ...
  Ep 3: Train 0.4063 | Val 0.4049 | Test 0.0328
Validation loss decreased (0.404892 --> 0.404892).  Saving model ...
  Ep 4: Train 0.3777 | Val 0.3856 | Test 0.0351
Validation loss decreased (0.385590 --> 0.385590).  Saving model ...
  Ep 5: Train 0.3594 | Val 0.3526 | Test 0.0316
Validation loss decreased (0.352646 --> 0.352646).  Saving model ...
  Ep 6: Train 0.3417 | Val 0.3288 | Test 0.0329
Validation loss decreased (0.328793 --> 0.328793).  Saving model ...
  Ep 7: Train 0.3258 | Val 0.3094 | Test 0.0243
Validation loss decreased (0.309358 --> 0.309358).  Saving model ...
  Ep 8: Train 0.3164 | Val 0.3072 | Test 0.0267
Validation loss decreased (0.307227 --> 0.307227).  Saving model ...
  Ep 9: Train 0.3143 | Val 0.2996 | Test 0.0227
Validation loss decreased (0.299604 --> 0.299604).  Saving model ...
  Ep 10: Train 0.3074 | Val 0.2781 | Test 0.0228
Validation loss decreased (0.278066 --> 0.278066).  Saving model ...
  Ep 11: Train 0.3028 | Val 0.2742 | Test 0.0175
Validation loss decreased (0.274153 --> 0.274153).  Saving model ...
  Ep 12: Train 0.3002 | Val 0.2774 | Test 0.0185
EarlyStopping counter: 1 out of 5
  Ep 13: Train 0.2966 | Val 0.2869 | Test 0.0167
EarlyStopping counter: 2 out of 5
  Ep 14: Train 0.2887 | Val 0.2665 | Test 0.0163
Validation loss decreased (0.266512 --> 0.266512).  Saving model ...
  Ep 15: Train 0.2852 | Val 0.2665 | Test 0.0144
EarlyStopping counter: 1 out of 5
  Ep 16: Train 0.2840 | Val 0.2824 | Test 0.0164
EarlyStopping counter: 2 out of 5
  Ep 17: Train 0.2774 | Val 0.2624 | Test 0.0155
Validation loss decreased (0.262367 --> 0.262367).  Saving model ...
  Ep 18: Train 0.2732 | Val 0.2759 | Test 0.0157
EarlyStopping counter: 1 out of 5
  Ep 19: Train 0.2686 | Val 0.2583 | Test 0.0148
Validation loss decreased (0.258275 --> 0.258275).  Saving model ...
  Ep 20: Train 0.2672 | Val 0.2603 | Test 0.0169
EarlyStopping counter: 1 out of 5
  Ep 21: Train 0.2677 | Val 0.2508 | Test 0.0170
Validation loss decreased (0.250757 --> 0.250757).  Saving model ...
  Ep 22: Train 0.2675 | Val 0.2727 | Test 0.0138
EarlyStopping counter: 1 out of 5
  Ep 23: Train 0.2599 | Val 0.2694 | Test 0.0147
EarlyStopping counter: 2 out of 5
  Ep 24: Train 0.2635 | Val 0.2631 | Test 0.0169
EarlyStopping counter: 3 out of 5
  Ep 25: Train 0.2598 | Val 0.2581 | Test 0.0148
EarlyStopping counter: 4 out of 5
  Ep 26: Train 0.2542 | Val 0.2231 | Test 0.0159
Validation loss decreased (0.223100 --> 0.223100).  Saving model ...
  Ep 27: Train 0.2582 | Val 0.2542 | Test 0.0159
EarlyStopping counter: 1 out of 5
  Ep 28: Train 0.2494 | Val 0.2651 | Test 0.0156
EarlyStopping counter: 2 out of 5
  Ep 29: Train 0.2520 | Val 0.2724 | Test 0.0141
EarlyStopping counter: 3 out of 5
  Ep 30: Train 0.2555 | Val 0.2909 | Test 0.0160
EarlyStopping counter: 4 out of 5
  Ep 31: Train 0.2493 | Val 0.2591 | Test 0.0163
EarlyStopping counter: 5 out of 5
Early stopping triggered!
/home/sangukchoi/Stroke_SDA/sda_training.py:615: FutureWarning: You are using `torch.load` with `weights_only=False` (the current default value), which uses the default pickle module implicitly. It is possible to construct malicious pickle data which will execute arbitrary code during unpickling (See https://github.com/pytorch/pytorch/blob/main/SECURITY.md#untrusted-models for more details). In a future release, the default value for `weights_only` will be flipped to `True`. This limits the functions that could be executed during unpickling. Arbitrary objects will no longer be allowed to be loaded via this mode unless they are explicitly allowlisted by the user via `torch.serialization.add_safe_globals`. We recommend you start setting `weights_only=True` for any use case where you don't have full control of the loaded file. Please open an issue on GitHub for any issues related to this experimental feature.
  model.load_state_dict(torch.load(os.path.join(out_dir, 'best_model.pth')))
Final Test MSE (Best Model): 0.0159
Finished. Status: Success
