Starting Run on GPU 1
Time: 2025-12-24 21:29:52

[Run Start] Subject S007 | Mode ['SDA'] | Params: L0.5_LS0.7_LR0.0001_E256_D128_Dr0.3

[Fold 1 - SDA] Train: ['S007_T006', 'S007_T009'], Test: S007_T005, Norm: fixed
/home/sangukchoi/.conda/envs/torch_gpu/lib/python3.10/site-packages/torch/nn/modules/rnn.py:123: UserWarning: dropout option adds dropout after all but last recurrent layer, so non-zero dropout expects num_layers greater than 1, but got dropout=0.3 and num_layers=1
  warnings.warn(
  Ep 1: Train 0.1663 | Val 0.1143 | Test 0.0161
Validation loss decreased (0.114258 --> 0.114258).  Saving model ...
  Ep 2: Train 0.0895 | Val 0.0762 | Test 0.0086
Validation loss decreased (0.076226 --> 0.076226).  Saving model ...
  Ep 3: Train 0.0794 | Val 0.0571 | Test 0.0089
Validation loss decreased (0.057085 --> 0.057085).  Saving model ...
  Ep 4: Train 0.0746 | Val 0.0621 | Test 0.0081
EarlyStopping counter: 1 out of 5
  Ep 5: Train 0.0716 | Val 0.0606 | Test 0.0078
EarlyStopping counter: 2 out of 5
  Ep 6: Train 0.0713 | Val 0.0548 | Test 0.0078
Validation loss decreased (0.054846 --> 0.054846).  Saving model ...
  Ep 7: Train 0.0693 | Val 0.0621 | Test 0.0090
EarlyStopping counter: 1 out of 5
  Ep 8: Train 0.0683 | Val 0.0537 | Test 0.0059
Validation loss decreased (0.053725 --> 0.053725).  Saving model ...
  Ep 9: Train 0.0677 | Val 0.0477 | Test 0.0053
Validation loss decreased (0.047667 --> 0.047667).  Saving model ...
  Ep 10: Train 0.0665 | Val 0.0522 | Test 0.0061
EarlyStopping counter: 1 out of 5
  Ep 11: Train 0.0651 | Val 0.0516 | Test 0.0063
EarlyStopping counter: 2 out of 5
  Ep 12: Train 0.0630 | Val 0.0478 | Test 0.0058
EarlyStopping counter: 3 out of 5
  Ep 13: Train 0.0638 | Val 0.0480 | Test 0.0052
EarlyStopping counter: 4 out of 5
  Ep 14: Train 0.0622 | Val 0.0463 | Test 0.0042
Validation loss decreased (0.046265 --> 0.046265).  Saving model ...
  Ep 15: Train 0.0625 | Val 0.0510 | Test 0.0052
EarlyStopping counter: 1 out of 5
  Ep 16: Train 0.0605 | Val 0.0601 | Test 0.0061
EarlyStopping counter: 2 out of 5
  Ep 17: Train 0.0607 | Val 0.0517 | Test 0.0054
EarlyStopping counter: 3 out of 5
  Ep 18: Train 0.0596 | Val 0.0461 | Test 0.0048
EarlyStopping counter: 4 out of 5
  Ep 19: Train 0.0607 | Val 0.0434 | Test 0.0054
Validation loss decreased (0.043362 --> 0.043362).  Saving model ...
  Ep 20: Train 0.0604 | Val 0.0476 | Test 0.0044
EarlyStopping counter: 1 out of 5
  Ep 21: Train 0.0594 | Val 0.0519 | Test 0.0059
EarlyStopping counter: 2 out of 5
  Ep 22: Train 0.0574 | Val 0.0493 | Test 0.0055
EarlyStopping counter: 3 out of 5
  Ep 23: Train 0.0592 | Val 0.0530 | Test 0.0045
EarlyStopping counter: 4 out of 5
  Ep 24: Train 0.0592 | Val 0.0542 | Test 0.0067
EarlyStopping counter: 5 out of 5
Early stopping triggered!
/home/sangukchoi/Stroke_SDA/sda_training.py:615: FutureWarning: You are using `torch.load` with `weights_only=False` (the current default value), which uses the default pickle module implicitly. It is possible to construct malicious pickle data which will execute arbitrary code during unpickling (See https://github.com/pytorch/pytorch/blob/main/SECURITY.md#untrusted-models for more details). In a future release, the default value for `weights_only` will be flipped to `True`. This limits the functions that could be executed during unpickling. Arbitrary objects will no longer be allowed to be loaded via this mode unless they are explicitly allowlisted by the user via `torch.serialization.add_safe_globals`. We recommend you start setting `weights_only=True` for any use case where you don't have full control of the loaded file. Please open an issue on GitHub for any issues related to this experimental feature.
  model.load_state_dict(torch.load(os.path.join(out_dir, 'best_model.pth')))
Final Test MSE (Best Model): 0.0054
Finished. Status: Success
