Starting Run on GPU 0
Time: 2025-12-25 00:32:28

[Run Start] Subject S007 | Mode ['SDA'] | Params: L3.0_LS0.5_LR0.0001_E128_D128_Dr0.3

[Fold 1 - SDA] Train: ['S007_T006', 'S007_T009'], Test: S007_T005, Norm: fixed
/home/sangukchoi/.conda/envs/torch_gpu/lib/python3.10/site-packages/torch/nn/modules/rnn.py:123: UserWarning: dropout option adds dropout after all but last recurrent layer, so non-zero dropout expects num_layers greater than 1, but got dropout=0.3 and num_layers=1
  warnings.warn(
  Ep 1: Train 0.5760 | Val 0.5954 | Test 0.0651
Validation loss decreased (0.595409 --> 0.595409).  Saving model ...
  Ep 2: Train 0.4268 | Val 0.5482 | Test 0.0391
Validation loss decreased (0.548169 --> 0.548169).  Saving model ...
  Ep 3: Train 0.3785 | Val 0.5355 | Test 0.0262
Validation loss decreased (0.535502 --> 0.535502).  Saving model ...
  Ep 4: Train 0.3428 | Val 0.4611 | Test 0.0198
Validation loss decreased (0.461068 --> 0.461068).  Saving model ...
  Ep 5: Train 0.3312 | Val 0.3956 | Test 0.0207
Validation loss decreased (0.395590 --> 0.395590).  Saving model ...
  Ep 6: Train 0.3238 | Val 0.4449 | Test 0.0196
EarlyStopping counter: 1 out of 5
  Ep 7: Train 0.3159 | Val 0.3914 | Test 0.0214
Validation loss decreased (0.391406 --> 0.391406).  Saving model ...
  Ep 8: Train 0.3084 | Val 0.4029 | Test 0.0194
EarlyStopping counter: 1 out of 5
  Ep 9: Train 0.3025 | Val 0.3482 | Test 0.0216
Validation loss decreased (0.348191 --> 0.348191).  Saving model ...
  Ep 10: Train 0.2979 | Val 0.4010 | Test 0.0190
EarlyStopping counter: 1 out of 5
  Ep 11: Train 0.2903 | Val 0.4058 | Test 0.0217
EarlyStopping counter: 2 out of 5
  Ep 12: Train 0.2883 | Val 0.3901 | Test 0.0120
EarlyStopping counter: 3 out of 5
  Ep 13: Train 0.2864 | Val 0.3835 | Test 0.0142
EarlyStopping counter: 4 out of 5
  Ep 14: Train 0.2864 | Val 0.4279 | Test 0.0168
EarlyStopping counter: 5 out of 5
Early stopping triggered!
/home/sangukchoi/Stroke_SDA/sda_training.py:615: FutureWarning: You are using `torch.load` with `weights_only=False` (the current default value), which uses the default pickle module implicitly. It is possible to construct malicious pickle data which will execute arbitrary code during unpickling (See https://github.com/pytorch/pytorch/blob/main/SECURITY.md#untrusted-models for more details). In a future release, the default value for `weights_only` will be flipped to `True`. This limits the functions that could be executed during unpickling. Arbitrary objects will no longer be allowed to be loaded via this mode unless they are explicitly allowlisted by the user via `torch.serialization.add_safe_globals`. We recommend you start setting `weights_only=True` for any use case where you don't have full control of the loaded file. Please open an issue on GitHub for any issues related to this experimental feature.
  model.load_state_dict(torch.load(os.path.join(out_dir, 'best_model.pth')))
Final Test MSE (Best Model): 0.0216
Finished. Status: Success
