Starting Run on GPU 3
Time: 2025-12-24 23:28:15

[Run Start] Subject S007 | Mode ['SDA'] | Params: L2.5_LS0.3_LR0.0001_E128_D64_Dr0.3

[Fold 1 - SDA] Train: ['S007_T006', 'S007_T009'], Test: S007_T005, Norm: fixed
/home/sangukchoi/.conda/envs/torch_gpu/lib/python3.10/site-packages/torch/nn/modules/rnn.py:123: UserWarning: dropout option adds dropout after all but last recurrent layer, so non-zero dropout expects num_layers greater than 1, but got dropout=0.3 and num_layers=1
  warnings.warn(
  Ep 1: Train 0.4576 | Val 0.5037 | Test 0.0551
Validation loss decreased (0.503726 --> 0.503726).  Saving model ...
  Ep 2: Train 0.3234 | Val 0.4869 | Test 0.0532
Validation loss decreased (0.486898 --> 0.486898).  Saving model ...
  Ep 3: Train 0.3016 | Val 0.4502 | Test 0.0304
Validation loss decreased (0.450212 --> 0.450212).  Saving model ...
  Ep 4: Train 0.2841 | Val 0.4521 | Test 0.0260
EarlyStopping counter: 1 out of 5
  Ep 5: Train 0.2751 | Val 0.4002 | Test 0.0213
Validation loss decreased (0.400225 --> 0.400225).  Saving model ...
  Ep 6: Train 0.2644 | Val 0.3844 | Test 0.0215
Validation loss decreased (0.384437 --> 0.384437).  Saving model ...
  Ep 7: Train 0.2519 | Val 0.3550 | Test 0.0214
Validation loss decreased (0.355007 --> 0.355007).  Saving model ...
  Ep 8: Train 0.2500 | Val 0.3496 | Test 0.0204
Validation loss decreased (0.349596 --> 0.349596).  Saving model ...
  Ep 9: Train 0.2464 | Val 0.3602 | Test 0.0157
EarlyStopping counter: 1 out of 5
  Ep 10: Train 0.2429 | Val 0.3170 | Test 0.0192
Validation loss decreased (0.316991 --> 0.316991).  Saving model ...
  Ep 11: Train 0.2361 | Val 0.3283 | Test 0.0156
EarlyStopping counter: 1 out of 5
  Ep 12: Train 0.2304 | Val 0.3143 | Test 0.0187
Validation loss decreased (0.314329 --> 0.314329).  Saving model ...
  Ep 13: Train 0.2314 | Val 0.3931 | Test 0.0125
EarlyStopping counter: 1 out of 5
  Ep 14: Train 0.2328 | Val 0.3249 | Test 0.0173
EarlyStopping counter: 2 out of 5
  Ep 15: Train 0.2253 | Val 0.3020 | Test 0.0211
Validation loss decreased (0.301968 --> 0.301968).  Saving model ...
  Ep 16: Train 0.2277 | Val 0.2923 | Test 0.0144
Validation loss decreased (0.292328 --> 0.292328).  Saving model ...
  Ep 17: Train 0.2285 | Val 0.3343 | Test 0.0104
EarlyStopping counter: 1 out of 5
  Ep 18: Train 0.2267 | Val 0.3102 | Test 0.0126
EarlyStopping counter: 2 out of 5
  Ep 19: Train 0.2189 | Val 0.3170 | Test 0.0165
EarlyStopping counter: 3 out of 5
  Ep 20: Train 0.2250 | Val 0.2928 | Test 0.0134
EarlyStopping counter: 4 out of 5
  Ep 21: Train 0.2235 | Val 0.3421 | Test 0.0128
EarlyStopping counter: 5 out of 5
Early stopping triggered!
/home/sangukchoi/Stroke_SDA/sda_training.py:615: FutureWarning: You are using `torch.load` with `weights_only=False` (the current default value), which uses the default pickle module implicitly. It is possible to construct malicious pickle data which will execute arbitrary code during unpickling (See https://github.com/pytorch/pytorch/blob/main/SECURITY.md#untrusted-models for more details). In a future release, the default value for `weights_only` will be flipped to `True`. This limits the functions that could be executed during unpickling. Arbitrary objects will no longer be allowed to be loaded via this mode unless they are explicitly allowlisted by the user via `torch.serialization.add_safe_globals`. We recommend you start setting `weights_only=True` for any use case where you don't have full control of the loaded file. Please open an issue on GitHub for any issues related to this experimental feature.
  model.load_state_dict(torch.load(os.path.join(out_dir, 'best_model.pth')))
Final Test MSE (Best Model): 0.0144
Finished. Status: Success
