Starting Run on GPU 3
Time: 2025-12-24 22:27:54

[Run Start] Subject S007 | Mode ['SDA'] | Params: L1.5_LS0.7_LR0.0001_E256_D64_Dr0.3

[Fold 1 - SDA] Train: ['S007_T006', 'S007_T009'], Test: S007_T005, Norm: fixed
/home/sangukchoi/.conda/envs/torch_gpu/lib/python3.10/site-packages/torch/nn/modules/rnn.py:123: UserWarning: dropout option adds dropout after all but last recurrent layer, so non-zero dropout expects num_layers greater than 1, but got dropout=0.3 and num_layers=1
  warnings.warn(
  Ep 1: Train 0.3070 | Val 0.2216 | Test 0.0138
Validation loss decreased (0.221646 --> 0.221646).  Saving model ...
  Ep 2: Train 0.1921 | Val 0.2116 | Test 0.0131
Validation loss decreased (0.211634 --> 0.211634).  Saving model ...
  Ep 3: Train 0.1770 | Val 0.1663 | Test 0.0111
Validation loss decreased (0.166252 --> 0.166252).  Saving model ...
  Ep 4: Train 0.1673 | Val 0.1584 | Test 0.0102
Validation loss decreased (0.158447 --> 0.158447).  Saving model ...
  Ep 5: Train 0.1591 | Val 0.1508 | Test 0.0105
Validation loss decreased (0.150798 --> 0.150798).  Saving model ...
  Ep 6: Train 0.1595 | Val 0.1403 | Test 0.0079
Validation loss decreased (0.140326 --> 0.140326).  Saving model ...
  Ep 7: Train 0.1557 | Val 0.1418 | Test 0.0097
EarlyStopping counter: 1 out of 5
  Ep 8: Train 0.1516 | Val 0.1338 | Test 0.0085
Validation loss decreased (0.133776 --> 0.133776).  Saving model ...
  Ep 9: Train 0.1492 | Val 0.1263 | Test 0.0097
Validation loss decreased (0.126254 --> 0.126254).  Saving model ...
  Ep 10: Train 0.1475 | Val 0.1265 | Test 0.0116
EarlyStopping counter: 1 out of 5
  Ep 11: Train 0.1429 | Val 0.1229 | Test 0.0064
Validation loss decreased (0.122904 --> 0.122904).  Saving model ...
  Ep 12: Train 0.1442 | Val 0.1227 | Test 0.0084
EarlyStopping counter: 1 out of 5
  Ep 13: Train 0.1422 | Val 0.1247 | Test 0.0102
EarlyStopping counter: 2 out of 5
  Ep 14: Train 0.1427 | Val 0.1139 | Test 0.0087
Validation loss decreased (0.113881 --> 0.113881).  Saving model ...
  Ep 15: Train 0.1395 | Val 0.1083 | Test 0.0095
Validation loss decreased (0.108275 --> 0.108275).  Saving model ...
  Ep 16: Train 0.1408 | Val 0.1379 | Test 0.0080
EarlyStopping counter: 1 out of 5
  Ep 17: Train 0.1387 | Val 0.1156 | Test 0.0096
EarlyStopping counter: 2 out of 5
  Ep 18: Train 0.1391 | Val 0.1181 | Test 0.0111
EarlyStopping counter: 3 out of 5
  Ep 19: Train 0.1416 | Val 0.1095 | Test 0.0084
EarlyStopping counter: 4 out of 5
  Ep 20: Train 0.1391 | Val 0.1067 | Test 0.0080
Validation loss decreased (0.106675 --> 0.106675).  Saving model ...
  Ep 21: Train 0.1364 | Val 0.1151 | Test 0.0085
EarlyStopping counter: 1 out of 5
  Ep 22: Train 0.1364 | Val 0.1058 | Test 0.0086
Validation loss decreased (0.105839 --> 0.105839).  Saving model ...
  Ep 23: Train 0.1318 | Val 0.0955 | Test 0.0079
Validation loss decreased (0.095541 --> 0.095541).  Saving model ...
  Ep 24: Train 0.1377 | Val 0.1149 | Test 0.0104
EarlyStopping counter: 1 out of 5
  Ep 25: Train 0.1355 | Val 0.1207 | Test 0.0101
EarlyStopping counter: 2 out of 5
  Ep 26: Train 0.1373 | Val 0.0975 | Test 0.0074
EarlyStopping counter: 3 out of 5
  Ep 27: Train 0.1358 | Val 0.0878 | Test 0.0065
Validation loss decreased (0.087759 --> 0.087759).  Saving model ...
  Ep 28: Train 0.1363 | Val 0.1219 | Test 0.0084
EarlyStopping counter: 1 out of 5
  Ep 29: Train 0.1338 | Val 0.1205 | Test 0.0094
EarlyStopping counter: 2 out of 5
  Ep 30: Train 0.1308 | Val 0.1021 | Test 0.0104
EarlyStopping counter: 3 out of 5
  Ep 31: Train 0.1303 | Val 0.1043 | Test 0.0082
EarlyStopping counter: 4 out of 5
  Ep 32: Train 0.1304 | Val 0.1223 | Test 0.0096
EarlyStopping counter: 5 out of 5
Early stopping triggered!
/home/sangukchoi/Stroke_SDA/sda_training.py:615: FutureWarning: You are using `torch.load` with `weights_only=False` (the current default value), which uses the default pickle module implicitly. It is possible to construct malicious pickle data which will execute arbitrary code during unpickling (See https://github.com/pytorch/pytorch/blob/main/SECURITY.md#untrusted-models for more details). In a future release, the default value for `weights_only` will be flipped to `True`. This limits the functions that could be executed during unpickling. Arbitrary objects will no longer be allowed to be loaded via this mode unless they are explicitly allowlisted by the user via `torch.serialization.add_safe_globals`. We recommend you start setting `weights_only=True` for any use case where you don't have full control of the loaded file. Please open an issue on GitHub for any issues related to this experimental feature.
  model.load_state_dict(torch.load(os.path.join(out_dir, 'best_model.pth')))
Final Test MSE (Best Model): 0.0065
Finished. Status: Success
