Starting Run on GPU 3
Time: 2025-12-24 22:55:01

[Run Start] Subject S007 | Mode ['SDA'] | Params: L2.0_LS0.7_LR0.0001_E128_D64_Dr0.3

[Fold 1 - SDA] Train: ['S007_T006', 'S007_T009'], Test: S007_T005, Norm: fixed
/home/sangukchoi/.conda/envs/torch_gpu/lib/python3.10/site-packages/torch/nn/modules/rnn.py:123: UserWarning: dropout option adds dropout after all but last recurrent layer, so non-zero dropout expects num_layers greater than 1, but got dropout=0.3 and num_layers=1
  warnings.warn(
  Ep 1: Train 0.4542 | Val 0.4306 | Test 0.0380
Validation loss decreased (0.430561 --> 0.430561).  Saving model ...
  Ep 2: Train 0.2968 | Val 0.3606 | Test 0.0347
Validation loss decreased (0.360558 --> 0.360558).  Saving model ...
  Ep 3: Train 0.2627 | Val 0.3846 | Test 0.0303
EarlyStopping counter: 1 out of 5
  Ep 4: Train 0.2483 | Val 0.3125 | Test 0.0176
Validation loss decreased (0.312516 --> 0.312516).  Saving model ...
  Ep 5: Train 0.2392 | Val 0.3405 | Test 0.0180
EarlyStopping counter: 1 out of 5
  Ep 6: Train 0.2333 | Val 0.3663 | Test 0.0147
EarlyStopping counter: 2 out of 5
  Ep 7: Train 0.2270 | Val 0.3080 | Test 0.0170
Validation loss decreased (0.308040 --> 0.308040).  Saving model ...
  Ep 8: Train 0.2275 | Val 0.3599 | Test 0.0205
EarlyStopping counter: 1 out of 5
  Ep 9: Train 0.2224 | Val 0.3102 | Test 0.0155
EarlyStopping counter: 2 out of 5
  Ep 10: Train 0.2190 | Val 0.2644 | Test 0.0175
Validation loss decreased (0.264384 --> 0.264384).  Saving model ...
  Ep 11: Train 0.2131 | Val 0.3075 | Test 0.0194
EarlyStopping counter: 1 out of 5
  Ep 12: Train 0.2104 | Val 0.2541 | Test 0.0167
Validation loss decreased (0.254065 --> 0.254065).  Saving model ...
  Ep 13: Train 0.2094 | Val 0.2696 | Test 0.0171
EarlyStopping counter: 1 out of 5
  Ep 14: Train 0.2019 | Val 0.3065 | Test 0.0169
EarlyStopping counter: 2 out of 5
  Ep 15: Train 0.2010 | Val 0.2695 | Test 0.0159
EarlyStopping counter: 3 out of 5
  Ep 16: Train 0.1969 | Val 0.2921 | Test 0.0123
EarlyStopping counter: 4 out of 5
  Ep 17: Train 0.1999 | Val 0.3270 | Test 0.0159
EarlyStopping counter: 5 out of 5
Early stopping triggered!
/home/sangukchoi/Stroke_SDA/sda_training.py:615: FutureWarning: You are using `torch.load` with `weights_only=False` (the current default value), which uses the default pickle module implicitly. It is possible to construct malicious pickle data which will execute arbitrary code during unpickling (See https://github.com/pytorch/pytorch/blob/main/SECURITY.md#untrusted-models for more details). In a future release, the default value for `weights_only` will be flipped to `True`. This limits the functions that could be executed during unpickling. Arbitrary objects will no longer be allowed to be loaded via this mode unless they are explicitly allowlisted by the user via `torch.serialization.add_safe_globals`. We recommend you start setting `weights_only=True` for any use case where you don't have full control of the loaded file. Please open an issue on GitHub for any issues related to this experimental feature.
  model.load_state_dict(torch.load(os.path.join(out_dir, 'best_model.pth')))
Final Test MSE (Best Model): 0.0167
Finished. Status: Success
