Starting Run on GPU 0
Time: 2025-12-25 00:36:12

[Run Start] Subject S007 | Mode ['SDA'] | Params: L3.0_LS0.5_LR0.0001_E256_D64_Dr0.3

[Fold 1 - SDA] Train: ['S007_T006', 'S007_T009'], Test: S007_T005, Norm: fixed
/home/sangukchoi/.conda/envs/torch_gpu/lib/python3.10/site-packages/torch/nn/modules/rnn.py:123: UserWarning: dropout option adds dropout after all but last recurrent layer, so non-zero dropout expects num_layers greater than 1, but got dropout=0.3 and num_layers=1
  warnings.warn(
  Ep 1: Train 0.5212 | Val 0.6067 | Test 0.0698
Validation loss decreased (0.606686 --> 0.606686).  Saving model ...
  Ep 2: Train 0.3911 | Val 0.5282 | Test 0.0457
Validation loss decreased (0.528174 --> 0.528174).  Saving model ...
  Ep 3: Train 0.3523 | Val 0.4867 | Test 0.0322
Validation loss decreased (0.486676 --> 0.486676).  Saving model ...
  Ep 4: Train 0.3284 | Val 0.5218 | Test 0.0270
EarlyStopping counter: 1 out of 5
  Ep 5: Train 0.3129 | Val 0.4802 | Test 0.0279
Validation loss decreased (0.480157 --> 0.480157).  Saving model ...
  Ep 6: Train 0.3039 | Val 0.5093 | Test 0.0228
EarlyStopping counter: 1 out of 5
  Ep 7: Train 0.2910 | Val 0.5047 | Test 0.0186
EarlyStopping counter: 2 out of 5
  Ep 8: Train 0.2895 | Val 0.4312 | Test 0.0197
Validation loss decreased (0.431229 --> 0.431229).  Saving model ...
  Ep 9: Train 0.2906 | Val 0.4385 | Test 0.0318
EarlyStopping counter: 1 out of 5
  Ep 10: Train 0.2745 | Val 0.3871 | Test 0.0258
Validation loss decreased (0.387100 --> 0.387100).  Saving model ...
  Ep 11: Train 0.2836 | Val 0.3913 | Test 0.0111
EarlyStopping counter: 1 out of 5
  Ep 12: Train 0.2755 | Val 0.3870 | Test 0.0172
EarlyStopping counter: 2 out of 5
  Ep 13: Train 0.2750 | Val 0.4217 | Test 0.0138
EarlyStopping counter: 3 out of 5
  Ep 14: Train 0.2704 | Val 0.4313 | Test 0.0129
EarlyStopping counter: 4 out of 5
  Ep 15: Train 0.2670 | Val 0.4545 | Test 0.0122
EarlyStopping counter: 5 out of 5
Early stopping triggered!
/home/sangukchoi/Stroke_SDA/sda_training.py:615: FutureWarning: You are using `torch.load` with `weights_only=False` (the current default value), which uses the default pickle module implicitly. It is possible to construct malicious pickle data which will execute arbitrary code during unpickling (See https://github.com/pytorch/pytorch/blob/main/SECURITY.md#untrusted-models for more details). In a future release, the default value for `weights_only` will be flipped to `True`. This limits the functions that could be executed during unpickling. Arbitrary objects will no longer be allowed to be loaded via this mode unless they are explicitly allowlisted by the user via `torch.serialization.add_safe_globals`. We recommend you start setting `weights_only=True` for any use case where you don't have full control of the loaded file. Please open an issue on GitHub for any issues related to this experimental feature.
  model.load_state_dict(torch.load(os.path.join(out_dir, 'best_model.pth')))
Final Test MSE (Best Model): 0.0258
Finished. Status: Success
