Starting Run on GPU 1
Time: 2025-12-25 00:58:33

[Run Start] Subject S007 | Mode ['SDA'] | Params: L3.0_LS1.0_LR0.0001_E128_D128_Dr0.3

[Fold 1 - SDA] Train: ['S007_T006', 'S007_T009'], Test: S007_T005, Norm: fixed
/home/sangukchoi/.conda/envs/torch_gpu/lib/python3.10/site-packages/torch/nn/modules/rnn.py:123: UserWarning: dropout option adds dropout after all but last recurrent layer, so non-zero dropout expects num_layers greater than 1, but got dropout=0.3 and num_layers=1
  warnings.warn(
  Ep 1: Train 0.6544 | Val 0.6538 | Test 0.0428
Validation loss decreased (0.653770 --> 0.653770).  Saving model ...
  Ep 2: Train 0.4483 | Val 0.5343 | Test 0.0375
Validation loss decreased (0.534299 --> 0.534299).  Saving model ...
  Ep 3: Train 0.4112 | Val 0.4484 | Test 0.0308
Validation loss decreased (0.448438 --> 0.448438).  Saving model ...
  Ep 4: Train 0.3907 | Val 0.4343 | Test 0.0263
Validation loss decreased (0.434301 --> 0.434301).  Saving model ...
  Ep 5: Train 0.3741 | Val 0.4229 | Test 0.0244
Validation loss decreased (0.422875 --> 0.422875).  Saving model ...
  Ep 6: Train 0.3634 | Val 0.4240 | Test 0.0231
EarlyStopping counter: 1 out of 5
  Ep 7: Train 0.3607 | Val 0.4474 | Test 0.0214
EarlyStopping counter: 2 out of 5
  Ep 8: Train 0.3488 | Val 0.4283 | Test 0.0168
EarlyStopping counter: 3 out of 5
  Ep 9: Train 0.3366 | Val 0.4450 | Test 0.0170
EarlyStopping counter: 4 out of 5
  Ep 10: Train 0.3342 | Val 0.3781 | Test 0.0226
Validation loss decreased (0.378114 --> 0.378114).  Saving model ...
  Ep 11: Train 0.3211 | Val 0.4201 | Test 0.0146
EarlyStopping counter: 1 out of 5
  Ep 12: Train 0.3098 | Val 0.3576 | Test 0.0139
Validation loss decreased (0.357551 --> 0.357551).  Saving model ...
  Ep 13: Train 0.3049 | Val 0.3593 | Test 0.0139
EarlyStopping counter: 1 out of 5
  Ep 14: Train 0.3046 | Val 0.2983 | Test 0.0134
Validation loss decreased (0.298343 --> 0.298343).  Saving model ...
  Ep 15: Train 0.3040 | Val 0.3233 | Test 0.0146
EarlyStopping counter: 1 out of 5
  Ep 16: Train 0.2946 | Val 0.3696 | Test 0.0180
EarlyStopping counter: 2 out of 5
  Ep 17: Train 0.2823 | Val 0.3190 | Test 0.0161
EarlyStopping counter: 3 out of 5
  Ep 18: Train 0.2905 | Val 0.3926 | Test 0.0164
EarlyStopping counter: 4 out of 5
  Ep 19: Train 0.2860 | Val 0.3255 | Test 0.0153
EarlyStopping counter: 5 out of 5
Early stopping triggered!
/home/sangukchoi/Stroke_SDA/sda_training.py:615: FutureWarning: You are using `torch.load` with `weights_only=False` (the current default value), which uses the default pickle module implicitly. It is possible to construct malicious pickle data which will execute arbitrary code during unpickling (See https://github.com/pytorch/pytorch/blob/main/SECURITY.md#untrusted-models for more details). In a future release, the default value for `weights_only` will be flipped to `True`. This limits the functions that could be executed during unpickling. Arbitrary objects will no longer be allowed to be loaded via this mode unless they are explicitly allowlisted by the user via `torch.serialization.add_safe_globals`. We recommend you start setting `weights_only=True` for any use case where you don't have full control of the loaded file. Please open an issue on GitHub for any issues related to this experimental feature.
  model.load_state_dict(torch.load(os.path.join(out_dir, 'best_model.pth')))
Final Test MSE (Best Model): 0.0134
Finished. Status: Success
