Starting Run on GPU 0
Time: 2025-12-24 21:43:28

[Run Start] Subject S007 | Mode ['SDA'] | Params: L0.5_LS1.0_LR0.0001_E256_D64_Dr0.3

[Fold 1 - SDA] Train: ['S007_T006', 'S007_T009'], Test: S007_T005, Norm: fixed
/home/sangukchoi/.conda/envs/torch_gpu/lib/python3.10/site-packages/torch/nn/modules/rnn.py:123: UserWarning: dropout option adds dropout after all but last recurrent layer, so non-zero dropout expects num_layers greater than 1, but got dropout=0.3 and num_layers=1
  warnings.warn(
  Ep 1: Train 0.1978 | Val 0.0876 | Test 0.0132
Validation loss decreased (0.087558 --> 0.087558).  Saving model ...
  Ep 2: Train 0.0956 | Val 0.0794 | Test 0.0108
Validation loss decreased (0.079399 --> 0.079399).  Saving model ...
  Ep 3: Train 0.0866 | Val 0.0643 | Test 0.0076
Validation loss decreased (0.064299 --> 0.064299).  Saving model ...
  Ep 4: Train 0.0827 | Val 0.0566 | Test 0.0064
Validation loss decreased (0.056558 --> 0.056558).  Saving model ...
  Ep 5: Train 0.0805 | Val 0.0632 | Test 0.0079
EarlyStopping counter: 1 out of 5
  Ep 6: Train 0.0786 | Val 0.0529 | Test 0.0067
Validation loss decreased (0.052948 --> 0.052948).  Saving model ...
  Ep 7: Train 0.0770 | Val 0.0561 | Test 0.0056
EarlyStopping counter: 1 out of 5
  Ep 8: Train 0.0755 | Val 0.0524 | Test 0.0072
Validation loss decreased (0.052440 --> 0.052440).  Saving model ...
  Ep 9: Train 0.0758 | Val 0.0478 | Test 0.0073
Validation loss decreased (0.047793 --> 0.047793).  Saving model ...
  Ep 10: Train 0.0725 | Val 0.0545 | Test 0.0067
EarlyStopping counter: 1 out of 5
  Ep 11: Train 0.0727 | Val 0.0523 | Test 0.0060
EarlyStopping counter: 2 out of 5
  Ep 12: Train 0.0703 | Val 0.0495 | Test 0.0051
EarlyStopping counter: 3 out of 5
  Ep 13: Train 0.0688 | Val 0.0532 | Test 0.0069
EarlyStopping counter: 4 out of 5
  Ep 14: Train 0.0695 | Val 0.0518 | Test 0.0057
EarlyStopping counter: 5 out of 5
Early stopping triggered!
/home/sangukchoi/Stroke_SDA/sda_training.py:615: FutureWarning: You are using `torch.load` with `weights_only=False` (the current default value), which uses the default pickle module implicitly. It is possible to construct malicious pickle data which will execute arbitrary code during unpickling (See https://github.com/pytorch/pytorch/blob/main/SECURITY.md#untrusted-models for more details). In a future release, the default value for `weights_only` will be flipped to `True`. This limits the functions that could be executed during unpickling. Arbitrary objects will no longer be allowed to be loaded via this mode unless they are explicitly allowlisted by the user via `torch.serialization.add_safe_globals`. We recommend you start setting `weights_only=True` for any use case where you don't have full control of the loaded file. Please open an issue on GitHub for any issues related to this experimental feature.
  model.load_state_dict(torch.load(os.path.join(out_dir, 'best_model.pth')))
Final Test MSE (Best Model): 0.0073
Finished. Status: Success
