Starting Run on GPU 0
Time: 2025-12-25 00:03:22

[Run Start] Subject S007 | Mode ['SDA'] | Params: L2.5_LS1.0_LR0.0001_E256_D32_Dr0.3

[Fold 1 - SDA] Train: ['S007_T006', 'S007_T009'], Test: S007_T005, Norm: fixed
/home/sangukchoi/.conda/envs/torch_gpu/lib/python3.10/site-packages/torch/nn/modules/rnn.py:123: UserWarning: dropout option adds dropout after all but last recurrent layer, so non-zero dropout expects num_layers greater than 1, but got dropout=0.3 and num_layers=1
  warnings.warn(
  Ep 1: Train 0.4836 | Val 0.3963 | Test 0.0161
Validation loss decreased (0.396280 --> 0.396280).  Saving model ...
  Ep 2: Train 0.3410 | Val 0.3296 | Test 0.0161
Validation loss decreased (0.329551 --> 0.329551).  Saving model ...
  Ep 3: Train 0.2894 | Val 0.3207 | Test 0.0256
Validation loss decreased (0.320655 --> 0.320655).  Saving model ...
  Ep 4: Train 0.2725 | Val 0.2819 | Test 0.0121
Validation loss decreased (0.281934 --> 0.281934).  Saving model ...
  Ep 5: Train 0.2578 | Val 0.2663 | Test 0.0112
Validation loss decreased (0.266333 --> 0.266333).  Saving model ...
  Ep 6: Train 0.2487 | Val 0.2801 | Test 0.0151
EarlyStopping counter: 1 out of 5
  Ep 7: Train 0.2544 | Val 0.2113 | Test 0.0118
Validation loss decreased (0.211255 --> 0.211255).  Saving model ...
  Ep 8: Train 0.2459 | Val 0.2263 | Test 0.0097
EarlyStopping counter: 1 out of 5
  Ep 9: Train 0.2373 | Val 0.2068 | Test 0.0082
Validation loss decreased (0.206774 --> 0.206774).  Saving model ...
  Ep 10: Train 0.2287 | Val 0.2158 | Test 0.0078
EarlyStopping counter: 1 out of 5
  Ep 11: Train 0.2320 | Val 0.1946 | Test 0.0095
Validation loss decreased (0.194592 --> 0.194592).  Saving model ...
  Ep 12: Train 0.2347 | Val 0.2065 | Test 0.0111
EarlyStopping counter: 1 out of 5
  Ep 13: Train 0.2343 | Val 0.2164 | Test 0.0075
EarlyStopping counter: 2 out of 5
  Ep 14: Train 0.2296 | Val 0.1898 | Test 0.0080
Validation loss decreased (0.189787 --> 0.189787).  Saving model ...
  Ep 15: Train 0.2320 | Val 0.1850 | Test 0.0096
Validation loss decreased (0.184959 --> 0.184959).  Saving model ...
  Ep 16: Train 0.2270 | Val 0.2034 | Test 0.0069
EarlyStopping counter: 1 out of 5
  Ep 17: Train 0.2291 | Val 0.1979 | Test 0.0083
EarlyStopping counter: 2 out of 5
  Ep 18: Train 0.2267 | Val 0.1816 | Test 0.0076
Validation loss decreased (0.181572 --> 0.181572).  Saving model ...
  Ep 19: Train 0.2261 | Val 0.2440 | Test 0.0123
EarlyStopping counter: 1 out of 5
  Ep 20: Train 0.2241 | Val 0.1843 | Test 0.0081
EarlyStopping counter: 2 out of 5
  Ep 21: Train 0.2237 | Val 0.1972 | Test 0.0095
EarlyStopping counter: 3 out of 5
  Ep 22: Train 0.2239 | Val 0.2000 | Test 0.0106
EarlyStopping counter: 4 out of 5
  Ep 23: Train 0.2273 | Val 0.1637 | Test 0.0102
Validation loss decreased (0.163654 --> 0.163654).  Saving model ...
  Ep 24: Train 0.2300 | Val 0.1891 | Test 0.0106
EarlyStopping counter: 1 out of 5
  Ep 25: Train 0.2286 | Val 0.1873 | Test 0.0136
EarlyStopping counter: 2 out of 5
  Ep 26: Train 0.2254 | Val 0.1722 | Test 0.0111
EarlyStopping counter: 3 out of 5
  Ep 27: Train 0.2189 | Val 0.1389 | Test 0.0100
Validation loss decreased (0.138904 --> 0.138904).  Saving model ...
  Ep 28: Train 0.2157 | Val 0.1698 | Test 0.0122
EarlyStopping counter: 1 out of 5
  Ep 29: Train 0.2256 | Val 0.1608 | Test 0.0122
EarlyStopping counter: 2 out of 5
  Ep 30: Train 0.2171 | Val 0.1595 | Test 0.0062
EarlyStopping counter: 3 out of 5
  Ep 31: Train 0.2218 | Val 0.1628 | Test 0.0089
EarlyStopping counter: 4 out of 5
  Ep 32: Train 0.2171 | Val 0.2031 | Test 0.0087
EarlyStopping counter: 5 out of 5
Early stopping triggered!
/home/sangukchoi/Stroke_SDA/sda_training.py:615: FutureWarning: You are using `torch.load` with `weights_only=False` (the current default value), which uses the default pickle module implicitly. It is possible to construct malicious pickle data which will execute arbitrary code during unpickling (See https://github.com/pytorch/pytorch/blob/main/SECURITY.md#untrusted-models for more details). In a future release, the default value for `weights_only` will be flipped to `True`. This limits the functions that could be executed during unpickling. Arbitrary objects will no longer be allowed to be loaded via this mode unless they are explicitly allowlisted by the user via `torch.serialization.add_safe_globals`. We recommend you start setting `weights_only=True` for any use case where you don't have full control of the loaded file. Please open an issue on GitHub for any issues related to this experimental feature.
  model.load_state_dict(torch.load(os.path.join(out_dir, 'best_model.pth')))
Final Test MSE (Best Model): 0.0100
Finished. Status: Success
