Starting Run on GPU 1
Time: 2025-12-24 23:47:33

[Run Start] Subject S007 | Mode ['SDA'] | Params: L2.5_LS0.7_LR0.0001_E64_D128_Dr0.3

[Fold 1 - SDA] Train: ['S007_T006', 'S007_T009'], Test: S007_T005, Norm: fixed
/home/sangukchoi/.conda/envs/torch_gpu/lib/python3.10/site-packages/torch/nn/modules/rnn.py:123: UserWarning: dropout option adds dropout after all but last recurrent layer, so non-zero dropout expects num_layers greater than 1, but got dropout=0.3 and num_layers=1
  warnings.warn(
  Ep 1: Train 0.6222 | Val 0.5690 | Test 0.0655
Validation loss decreased (0.569021 --> 0.569021).  Saving model ...
  Ep 2: Train 0.4222 | Val 0.5277 | Test 0.0389
Validation loss decreased (0.527693 --> 0.527693).  Saving model ...
  Ep 3: Train 0.3860 | Val 0.4578 | Test 0.0344
Validation loss decreased (0.457833 --> 0.457833).  Saving model ...
  Ep 4: Train 0.3674 | Val 0.4530 | Test 0.0304
Validation loss decreased (0.453002 --> 0.453002).  Saving model ...
  Ep 5: Train 0.3518 | Val 0.4239 | Test 0.0349
Validation loss decreased (0.423929 --> 0.423929).  Saving model ...
  Ep 6: Train 0.3399 | Val 0.4113 | Test 0.0305
Validation loss decreased (0.411306 --> 0.411306).  Saving model ...
  Ep 7: Train 0.3291 | Val 0.3877 | Test 0.0339
Validation loss decreased (0.387733 --> 0.387733).  Saving model ...
  Ep 8: Train 0.3192 | Val 0.3859 | Test 0.0334
Validation loss decreased (0.385861 --> 0.385861).  Saving model ...
  Ep 9: Train 0.3151 | Val 0.3646 | Test 0.0290
Validation loss decreased (0.364627 --> 0.364627).  Saving model ...
  Ep 10: Train 0.3088 | Val 0.3500 | Test 0.0287
Validation loss decreased (0.350045 --> 0.350045).  Saving model ...
  Ep 11: Train 0.3015 | Val 0.3355 | Test 0.0297
Validation loss decreased (0.335542 --> 0.335542).  Saving model ...
  Ep 12: Train 0.3000 | Val 0.3364 | Test 0.0289
EarlyStopping counter: 1 out of 5
  Ep 13: Train 0.2931 | Val 0.3246 | Test 0.0309
Validation loss decreased (0.324570 --> 0.324570).  Saving model ...
  Ep 14: Train 0.2956 | Val 0.3368 | Test 0.0237
EarlyStopping counter: 1 out of 5
  Ep 15: Train 0.2873 | Val 0.3604 | Test 0.0266
EarlyStopping counter: 2 out of 5
  Ep 16: Train 0.2898 | Val 0.3389 | Test 0.0198
EarlyStopping counter: 3 out of 5
  Ep 17: Train 0.2857 | Val 0.3437 | Test 0.0193
EarlyStopping counter: 4 out of 5
  Ep 18: Train 0.2836 | Val 0.3034 | Test 0.0194
Validation loss decreased (0.303432 --> 0.303432).  Saving model ...
  Ep 19: Train 0.2764 | Val 0.2936 | Test 0.0220
Validation loss decreased (0.293581 --> 0.293581).  Saving model ...
  Ep 20: Train 0.2783 | Val 0.3285 | Test 0.0233
EarlyStopping counter: 1 out of 5
  Ep 21: Train 0.2720 | Val 0.3079 | Test 0.0223
EarlyStopping counter: 2 out of 5
  Ep 22: Train 0.2689 | Val 0.2984 | Test 0.0208
EarlyStopping counter: 3 out of 5
  Ep 23: Train 0.2627 | Val 0.2893 | Test 0.0193
Validation loss decreased (0.289331 --> 0.289331).  Saving model ...
  Ep 24: Train 0.2552 | Val 0.2738 | Test 0.0219
Validation loss decreased (0.273801 --> 0.273801).  Saving model ...
  Ep 25: Train 0.2527 | Val 0.2832 | Test 0.0180
EarlyStopping counter: 1 out of 5
  Ep 26: Train 0.2498 | Val 0.2494 | Test 0.0206
Validation loss decreased (0.249428 --> 0.249428).  Saving model ...
  Ep 27: Train 0.2498 | Val 0.2828 | Test 0.0177
EarlyStopping counter: 1 out of 5
  Ep 28: Train 0.2491 | Val 0.2761 | Test 0.0162
EarlyStopping counter: 2 out of 5
  Ep 29: Train 0.2408 | Val 0.2817 | Test 0.0198
EarlyStopping counter: 3 out of 5
  Ep 30: Train 0.2373 | Val 0.2576 | Test 0.0180
EarlyStopping counter: 4 out of 5
  Ep 31: Train 0.2410 | Val 0.2830 | Test 0.0145
EarlyStopping counter: 5 out of 5
Early stopping triggered!
/home/sangukchoi/Stroke_SDA/sda_training.py:615: FutureWarning: You are using `torch.load` with `weights_only=False` (the current default value), which uses the default pickle module implicitly. It is possible to construct malicious pickle data which will execute arbitrary code during unpickling (See https://github.com/pytorch/pytorch/blob/main/SECURITY.md#untrusted-models for more details). In a future release, the default value for `weights_only` will be flipped to `True`. This limits the functions that could be executed during unpickling. Arbitrary objects will no longer be allowed to be loaded via this mode unless they are explicitly allowlisted by the user via `torch.serialization.add_safe_globals`. We recommend you start setting `weights_only=True` for any use case where you don't have full control of the loaded file. Please open an issue on GitHub for any issues related to this experimental feature.
  model.load_state_dict(torch.load(os.path.join(out_dir, 'best_model.pth')))
Final Test MSE (Best Model): 0.0206
Finished. Status: Success
