Starting Run on GPU 0
Time: 2025-12-24 22:13:58

[Run Start] Subject S007 | Mode ['SDA'] | Params: L1.0_LS1.0_LR0.0001_E256_D128_Dr0.3

[Fold 1 - SDA] Train: ['S007_T006', 'S007_T009'], Test: S007_T005, Norm: fixed
/home/sangukchoi/.conda/envs/torch_gpu/lib/python3.10/site-packages/torch/nn/modules/rnn.py:123: UserWarning: dropout option adds dropout after all but last recurrent layer, so non-zero dropout expects num_layers greater than 1, but got dropout=0.3 and num_layers=1
  warnings.warn(
  Ep 1: Train 0.2651 | Val 0.1648 | Test 0.0128
Validation loss decreased (0.164793 --> 0.164793).  Saving model ...
  Ep 2: Train 0.1538 | Val 0.1319 | Test 0.0164
Validation loss decreased (0.131948 --> 0.131948).  Saving model ...
  Ep 3: Train 0.1394 | Val 0.1017 | Test 0.0088
Validation loss decreased (0.101705 --> 0.101705).  Saving model ...
  Ep 4: Train 0.1301 | Val 0.1008 | Test 0.0071
Validation loss decreased (0.100837 --> 0.100837).  Saving model ...
  Ep 5: Train 0.1273 | Val 0.0949 | Test 0.0069
Validation loss decreased (0.094941 --> 0.094941).  Saving model ...
  Ep 6: Train 0.1248 | Val 0.0957 | Test 0.0070
EarlyStopping counter: 1 out of 5
  Ep 7: Train 0.1218 | Val 0.0857 | Test 0.0067
Validation loss decreased (0.085670 --> 0.085670).  Saving model ...
  Ep 8: Train 0.1171 | Val 0.0885 | Test 0.0068
EarlyStopping counter: 1 out of 5
  Ep 9: Train 0.1172 | Val 0.0828 | Test 0.0057
Validation loss decreased (0.082773 --> 0.082773).  Saving model ...
  Ep 10: Train 0.1151 | Val 0.0789 | Test 0.0057
Validation loss decreased (0.078893 --> 0.078893).  Saving model ...
  Ep 11: Train 0.1144 | Val 0.0871 | Test 0.0054
EarlyStopping counter: 1 out of 5
  Ep 12: Train 0.1127 | Val 0.0855 | Test 0.0091
EarlyStopping counter: 2 out of 5
  Ep 13: Train 0.1122 | Val 0.0763 | Test 0.0065
Validation loss decreased (0.076314 --> 0.076314).  Saving model ...
  Ep 14: Train 0.1101 | Val 0.0806 | Test 0.0053
EarlyStopping counter: 1 out of 5
  Ep 15: Train 0.1106 | Val 0.0883 | Test 0.0069
EarlyStopping counter: 2 out of 5
  Ep 16: Train 0.1097 | Val 0.0781 | Test 0.0045
EarlyStopping counter: 3 out of 5
  Ep 17: Train 0.1112 | Val 0.0869 | Test 0.0069
EarlyStopping counter: 4 out of 5
  Ep 18: Train 0.1071 | Val 0.0828 | Test 0.0053
EarlyStopping counter: 5 out of 5
Early stopping triggered!
/home/sangukchoi/Stroke_SDA/sda_training.py:615: FutureWarning: You are using `torch.load` with `weights_only=False` (the current default value), which uses the default pickle module implicitly. It is possible to construct malicious pickle data which will execute arbitrary code during unpickling (See https://github.com/pytorch/pytorch/blob/main/SECURITY.md#untrusted-models for more details). In a future release, the default value for `weights_only` will be flipped to `True`. This limits the functions that could be executed during unpickling. Arbitrary objects will no longer be allowed to be loaded via this mode unless they are explicitly allowlisted by the user via `torch.serialization.add_safe_globals`. We recommend you start setting `weights_only=True` for any use case where you don't have full control of the loaded file. Please open an issue on GitHub for any issues related to this experimental feature.
  model.load_state_dict(torch.load(os.path.join(out_dir, 'best_model.pth')))
Final Test MSE (Best Model): 0.0065
Finished. Status: Success
