Starting Run on GPU 2
Time: 2025-12-25 00:48:29

[Run Start] Subject S007 | Mode ['SDA'] | Params: L3.0_LS0.7_LR0.0001_E256_D64_Dr0.3

[Fold 1 - SDA] Train: ['S007_T006', 'S007_T009'], Test: S007_T005, Norm: fixed
/home/sangukchoi/.conda/envs/torch_gpu/lib/python3.10/site-packages/torch/nn/modules/rnn.py:123: UserWarning: dropout option adds dropout after all but last recurrent layer, so non-zero dropout expects num_layers greater than 1, but got dropout=0.3 and num_layers=1
  warnings.warn(
  Ep 1: Train 0.5442 | Val 0.5721 | Test 0.0533
Validation loss decreased (0.572109 --> 0.572109).  Saving model ...
  Ep 2: Train 0.4005 | Val 0.5271 | Test 0.0424
Validation loss decreased (0.527075 --> 0.527075).  Saving model ...
  Ep 3: Train 0.3507 | Val 0.3623 | Test 0.0255
Validation loss decreased (0.362264 --> 0.362264).  Saving model ...
  Ep 4: Train 0.3293 | Val 0.3443 | Test 0.0167
Validation loss decreased (0.344328 --> 0.344328).  Saving model ...
  Ep 5: Train 0.3253 | Val 0.3467 | Test 0.0117
EarlyStopping counter: 1 out of 5
  Ep 6: Train 0.3078 | Val 0.3408 | Test 0.0115
Validation loss decreased (0.340777 --> 0.340777).  Saving model ...
  Ep 7: Train 0.3003 | Val 0.4282 | Test 0.0149
EarlyStopping counter: 1 out of 5
  Ep 8: Train 0.2867 | Val 0.4060 | Test 0.0195
EarlyStopping counter: 2 out of 5
  Ep 9: Train 0.2881 | Val 0.3901 | Test 0.0156
EarlyStopping counter: 3 out of 5
  Ep 10: Train 0.2862 | Val 0.4276 | Test 0.0150
EarlyStopping counter: 4 out of 5
  Ep 11: Train 0.2830 | Val 0.4060 | Test 0.0206
EarlyStopping counter: 5 out of 5
Early stopping triggered!
/home/sangukchoi/Stroke_SDA/sda_training.py:615: FutureWarning: You are using `torch.load` with `weights_only=False` (the current default value), which uses the default pickle module implicitly. It is possible to construct malicious pickle data which will execute arbitrary code during unpickling (See https://github.com/pytorch/pytorch/blob/main/SECURITY.md#untrusted-models for more details). In a future release, the default value for `weights_only` will be flipped to `True`. This limits the functions that could be executed during unpickling. Arbitrary objects will no longer be allowed to be loaded via this mode unless they are explicitly allowlisted by the user via `torch.serialization.add_safe_globals`. We recommend you start setting `weights_only=True` for any use case where you don't have full control of the loaded file. Please open an issue on GitHub for any issues related to this experimental feature.
  model.load_state_dict(torch.load(os.path.join(out_dir, 'best_model.pth')))
Final Test MSE (Best Model): 0.0115
Finished. Status: Success
