Starting Run on GPU 0
Time: 2025-12-24 21:48:25

[Run Start] Subject S007 | Mode ['SDA'] | Params: L1.0_LS0.7_LR0.0001_E64_D128_Dr0.3

[Fold 1 - SDA] Train: ['S007_T006', 'S007_T009'], Test: S007_T005, Norm: fixed
/home/sangukchoi/.conda/envs/torch_gpu/lib/python3.10/site-packages/torch/nn/modules/rnn.py:123: UserWarning: dropout option adds dropout after all but last recurrent layer, so non-zero dropout expects num_layers greater than 1, but got dropout=0.3 and num_layers=1
  warnings.warn(
  Ep 1: Train 0.3602 | Val 0.2015 | Test 0.0345
Validation loss decreased (0.201521 --> 0.201521).  Saving model ...
  Ep 2: Train 0.1856 | Val 0.1562 | Test 0.0212
Validation loss decreased (0.156212 --> 0.156212).  Saving model ...
  Ep 3: Train 0.1654 | Val 0.1488 | Test 0.0173
Validation loss decreased (0.148769 --> 0.148769).  Saving model ...
  Ep 4: Train 0.1558 | Val 0.1377 | Test 0.0132
Validation loss decreased (0.137688 --> 0.137688).  Saving model ...
  Ep 5: Train 0.1546 | Val 0.1449 | Test 0.0130
EarlyStopping counter: 1 out of 5
  Ep 6: Train 0.1498 | Val 0.1391 | Test 0.0121
EarlyStopping counter: 2 out of 5
  Ep 7: Train 0.1435 | Val 0.1287 | Test 0.0118
Validation loss decreased (0.128673 --> 0.128673).  Saving model ...
  Ep 8: Train 0.1363 | Val 0.1192 | Test 0.0112
Validation loss decreased (0.119222 --> 0.119222).  Saving model ...
  Ep 9: Train 0.1323 | Val 0.1110 | Test 0.0088
Validation loss decreased (0.110987 --> 0.110987).  Saving model ...
  Ep 10: Train 0.1257 | Val 0.1028 | Test 0.0073
Validation loss decreased (0.102834 --> 0.102834).  Saving model ...
  Ep 11: Train 0.1234 | Val 0.0991 | Test 0.0074
Validation loss decreased (0.099075 --> 0.099075).  Saving model ...
  Ep 12: Train 0.1226 | Val 0.1001 | Test 0.0075
EarlyStopping counter: 1 out of 5
  Ep 13: Train 0.1201 | Val 0.0970 | Test 0.0095
Validation loss decreased (0.096997 --> 0.096997).  Saving model ...
  Ep 14: Train 0.1195 | Val 0.0924 | Test 0.0080
Validation loss decreased (0.092438 --> 0.092438).  Saving model ...
  Ep 15: Train 0.1157 | Val 0.0967 | Test 0.0086
EarlyStopping counter: 1 out of 5
  Ep 16: Train 0.1143 | Val 0.0899 | Test 0.0073
Validation loss decreased (0.089914 --> 0.089914).  Saving model ...
  Ep 17: Train 0.1138 | Val 0.0860 | Test 0.0073
Validation loss decreased (0.085961 --> 0.085961).  Saving model ...
  Ep 18: Train 0.1123 | Val 0.0862 | Test 0.0071
EarlyStopping counter: 1 out of 5
  Ep 19: Train 0.1103 | Val 0.0898 | Test 0.0084
EarlyStopping counter: 2 out of 5
  Ep 20: Train 0.1086 | Val 0.0806 | Test 0.0070
Validation loss decreased (0.080605 --> 0.080605).  Saving model ...
  Ep 21: Train 0.1101 | Val 0.0927 | Test 0.0087
EarlyStopping counter: 1 out of 5
  Ep 22: Train 0.1091 | Val 0.0953 | Test 0.0085
EarlyStopping counter: 2 out of 5
  Ep 23: Train 0.1067 | Val 0.0893 | Test 0.0076
EarlyStopping counter: 3 out of 5
  Ep 24: Train 0.1060 | Val 0.0875 | Test 0.0077
EarlyStopping counter: 4 out of 5
  Ep 25: Train 0.1068 | Val 0.0847 | Test 0.0070
EarlyStopping counter: 5 out of 5
Early stopping triggered!
/home/sangukchoi/Stroke_SDA/sda_training.py:615: FutureWarning: You are using `torch.load` with `weights_only=False` (the current default value), which uses the default pickle module implicitly. It is possible to construct malicious pickle data which will execute arbitrary code during unpickling (See https://github.com/pytorch/pytorch/blob/main/SECURITY.md#untrusted-models for more details). In a future release, the default value for `weights_only` will be flipped to `True`. This limits the functions that could be executed during unpickling. Arbitrary objects will no longer be allowed to be loaded via this mode unless they are explicitly allowlisted by the user via `torch.serialization.add_safe_globals`. We recommend you start setting `weights_only=True` for any use case where you don't have full control of the loaded file. Please open an issue on GitHub for any issues related to this experimental feature.
  model.load_state_dict(torch.load(os.path.join(out_dir, 'best_model.pth')))
Final Test MSE (Best Model): 0.0070
Finished. Status: Success
