Starting Run on GPU 2
Time: 2025-12-24 21:40:20

[Run Start] Subject S007 | Mode ['SDA'] | Params: L0.5_LS1.0_LR0.0001_E128_D128_Dr0.3

[Fold 1 - SDA] Train: ['S007_T006', 'S007_T009'], Test: S007_T005, Norm: fixed
/home/sangukchoi/.conda/envs/torch_gpu/lib/python3.10/site-packages/torch/nn/modules/rnn.py:123: UserWarning: dropout option adds dropout after all but last recurrent layer, so non-zero dropout expects num_layers greater than 1, but got dropout=0.3 and num_layers=1
  warnings.warn(
  Ep 1: Train 0.2485 | Val 0.1037 | Test 0.0230
Validation loss decreased (0.103703 --> 0.103703).  Saving model ...
  Ep 2: Train 0.1047 | Val 0.0767 | Test 0.0119
Validation loss decreased (0.076656 --> 0.076656).  Saving model ...
  Ep 3: Train 0.0924 | Val 0.0653 | Test 0.0104
Validation loss decreased (0.065332 --> 0.065332).  Saving model ...
  Ep 4: Train 0.0871 | Val 0.0622 | Test 0.0061
Validation loss decreased (0.062154 --> 0.062154).  Saving model ...
  Ep 5: Train 0.0846 | Val 0.0599 | Test 0.0068
Validation loss decreased (0.059871 --> 0.059871).  Saving model ...
  Ep 6: Train 0.0826 | Val 0.0553 | Test 0.0052
Validation loss decreased (0.055259 --> 0.055259).  Saving model ...
  Ep 7: Train 0.0808 | Val 0.0578 | Test 0.0065
EarlyStopping counter: 1 out of 5
  Ep 8: Train 0.0808 | Val 0.0516 | Test 0.0047
Validation loss decreased (0.051636 --> 0.051636).  Saving model ...
  Ep 9: Train 0.0787 | Val 0.0524 | Test 0.0055
EarlyStopping counter: 1 out of 5
  Ep 10: Train 0.0787 | Val 0.0506 | Test 0.0047
Validation loss decreased (0.050578 --> 0.050578).  Saving model ...
  Ep 11: Train 0.0769 | Val 0.0529 | Test 0.0052
EarlyStopping counter: 1 out of 5
  Ep 12: Train 0.0769 | Val 0.0494 | Test 0.0056
Validation loss decreased (0.049353 --> 0.049353).  Saving model ...
  Ep 13: Train 0.0755 | Val 0.0509 | Test 0.0041
EarlyStopping counter: 1 out of 5
  Ep 14: Train 0.0749 | Val 0.0454 | Test 0.0045
Validation loss decreased (0.045379 --> 0.045379).  Saving model ...
  Ep 15: Train 0.0739 | Val 0.0502 | Test 0.0044
EarlyStopping counter: 1 out of 5
  Ep 16: Train 0.0744 | Val 0.0506 | Test 0.0052
EarlyStopping counter: 2 out of 5
  Ep 17: Train 0.0733 | Val 0.0457 | Test 0.0041
EarlyStopping counter: 3 out of 5
  Ep 18: Train 0.0729 | Val 0.0563 | Test 0.0059
EarlyStopping counter: 4 out of 5
  Ep 19: Train 0.0722 | Val 0.0473 | Test 0.0044
EarlyStopping counter: 5 out of 5
Early stopping triggered!
/home/sangukchoi/Stroke_SDA/sda_training.py:615: FutureWarning: You are using `torch.load` with `weights_only=False` (the current default value), which uses the default pickle module implicitly. It is possible to construct malicious pickle data which will execute arbitrary code during unpickling (See https://github.com/pytorch/pytorch/blob/main/SECURITY.md#untrusted-models for more details). In a future release, the default value for `weights_only` will be flipped to `True`. This limits the functions that could be executed during unpickling. Arbitrary objects will no longer be allowed to be loaded via this mode unless they are explicitly allowlisted by the user via `torch.serialization.add_safe_globals`. We recommend you start setting `weights_only=True` for any use case where you don't have full control of the loaded file. Please open an issue on GitHub for any issues related to this experimental feature.
  model.load_state_dict(torch.load(os.path.join(out_dir, 'best_model.pth')))
Final Test MSE (Best Model): 0.0045
Finished. Status: Success
