Starting Run on GPU 2
Time: 2025-12-24 22:05:31

[Run Start] Subject S007 | Mode ['SDA'] | Params: L1.0_LS1.0_LR0.0001_E64_D128_Dr0.3

[Fold 1 - SDA] Train: ['S007_T006', 'S007_T009'], Test: S007_T005, Norm: fixed
/home/sangukchoi/.conda/envs/torch_gpu/lib/python3.10/site-packages/torch/nn/modules/rnn.py:123: UserWarning: dropout option adds dropout after all but last recurrent layer, so non-zero dropout expects num_layers greater than 1, but got dropout=0.3 and num_layers=1
  warnings.warn(
  Ep 1: Train 0.4294 | Val 0.1782 | Test 0.0270
Validation loss decreased (0.178204 --> 0.178204).  Saving model ...
  Ep 2: Train 0.1743 | Val 0.1338 | Test 0.0174
Validation loss decreased (0.133766 --> 0.133766).  Saving model ...
  Ep 3: Train 0.1444 | Val 0.1205 | Test 0.0127
Validation loss decreased (0.120548 --> 0.120548).  Saving model ...
  Ep 4: Train 0.1401 | Val 0.1159 | Test 0.0127
Validation loss decreased (0.115921 --> 0.115921).  Saving model ...
  Ep 5: Train 0.1360 | Val 0.1080 | Test 0.0111
Validation loss decreased (0.107993 --> 0.107993).  Saving model ...
  Ep 6: Train 0.1348 | Val 0.1000 | Test 0.0094
Validation loss decreased (0.100003 --> 0.100003).  Saving model ...
  Ep 7: Train 0.1332 | Val 0.1095 | Test 0.0105
EarlyStopping counter: 1 out of 5
  Ep 8: Train 0.1328 | Val 0.1058 | Test 0.0114
EarlyStopping counter: 2 out of 5
  Ep 9: Train 0.1335 | Val 0.0957 | Test 0.0109
Validation loss decreased (0.095652 --> 0.095652).  Saving model ...
  Ep 10: Train 0.1286 | Val 0.0942 | Test 0.0083
Validation loss decreased (0.094187 --> 0.094187).  Saving model ...
  Ep 11: Train 0.1279 | Val 0.0965 | Test 0.0091
EarlyStopping counter: 1 out of 5
  Ep 12: Train 0.1261 | Val 0.0903 | Test 0.0095
Validation loss decreased (0.090344 --> 0.090344).  Saving model ...
  Ep 13: Train 0.1243 | Val 0.0882 | Test 0.0088
Validation loss decreased (0.088176 --> 0.088176).  Saving model ...
  Ep 14: Train 0.1244 | Val 0.0904 | Test 0.0101
EarlyStopping counter: 1 out of 5
  Ep 15: Train 0.1215 | Val 0.0967 | Test 0.0107
EarlyStopping counter: 2 out of 5
  Ep 16: Train 0.1219 | Val 0.0911 | Test 0.0104
EarlyStopping counter: 3 out of 5
  Ep 17: Train 0.1183 | Val 0.0911 | Test 0.0088
EarlyStopping counter: 4 out of 5
  Ep 18: Train 0.1184 | Val 0.0839 | Test 0.0089
Validation loss decreased (0.083912 --> 0.083912).  Saving model ...
  Ep 19: Train 0.1160 | Val 0.0815 | Test 0.0073
Validation loss decreased (0.081497 --> 0.081497).  Saving model ...
  Ep 20: Train 0.1169 | Val 0.0803 | Test 0.0078
Validation loss decreased (0.080253 --> 0.080253).  Saving model ...
  Ep 21: Train 0.1145 | Val 0.0863 | Test 0.0083
EarlyStopping counter: 1 out of 5
  Ep 22: Train 0.1135 | Val 0.0838 | Test 0.0086
EarlyStopping counter: 2 out of 5
  Ep 23: Train 0.1139 | Val 0.0827 | Test 0.0084
EarlyStopping counter: 3 out of 5
  Ep 24: Train 0.1140 | Val 0.0773 | Test 0.0078
Validation loss decreased (0.077333 --> 0.077333).  Saving model ...
  Ep 25: Train 0.1125 | Val 0.0790 | Test 0.0102
EarlyStopping counter: 1 out of 5
  Ep 26: Train 0.1131 | Val 0.0792 | Test 0.0077
EarlyStopping counter: 2 out of 5
  Ep 27: Train 0.1123 | Val 0.0742 | Test 0.0074
Validation loss decreased (0.074233 --> 0.074233).  Saving model ...
  Ep 28: Train 0.1151 | Val 0.0783 | Test 0.0084
EarlyStopping counter: 1 out of 5
  Ep 29: Train 0.1113 | Val 0.0779 | Test 0.0070
EarlyStopping counter: 2 out of 5
  Ep 30: Train 0.1106 | Val 0.0825 | Test 0.0079
EarlyStopping counter: 3 out of 5
  Ep 31: Train 0.1133 | Val 0.0780 | Test 0.0066
EarlyStopping counter: 4 out of 5
  Ep 32: Train 0.1098 | Val 0.0780 | Test 0.0086
EarlyStopping counter: 5 out of 5
Early stopping triggered!
/home/sangukchoi/Stroke_SDA/sda_training.py:615: FutureWarning: You are using `torch.load` with `weights_only=False` (the current default value), which uses the default pickle module implicitly. It is possible to construct malicious pickle data which will execute arbitrary code during unpickling (See https://github.com/pytorch/pytorch/blob/main/SECURITY.md#untrusted-models for more details). In a future release, the default value for `weights_only` will be flipped to `True`. This limits the functions that could be executed during unpickling. Arbitrary objects will no longer be allowed to be loaded via this mode unless they are explicitly allowlisted by the user via `torch.serialization.add_safe_globals`. We recommend you start setting `weights_only=True` for any use case where you don't have full control of the loaded file. Please open an issue on GitHub for any issues related to this experimental feature.
  model.load_state_dict(torch.load(os.path.join(out_dir, 'best_model.pth')))
Final Test MSE (Best Model): 0.0074
Finished. Status: Success
