Starting Run on GPU 3
Time: 2025-12-24 23:17:48

[Run Start] Subject S007 | Mode ['SDA'] | Params: L2.0_LS1.0_LR0.0001_E256_D64_Dr0.3

[Fold 1 - SDA] Train: ['S007_T006', 'S007_T009'], Test: S007_T005, Norm: fixed
/home/sangukchoi/.conda/envs/torch_gpu/lib/python3.10/site-packages/torch/nn/modules/rnn.py:123: UserWarning: dropout option adds dropout after all but last recurrent layer, so non-zero dropout expects num_layers greater than 1, but got dropout=0.3 and num_layers=1
  warnings.warn(
  Ep 1: Train 0.4128 | Val 0.3361 | Test 0.0239
Validation loss decreased (0.336103 --> 0.336103).  Saving model ...
  Ep 2: Train 0.2843 | Val 0.2785 | Test 0.0117
Validation loss decreased (0.278517 --> 0.278517).  Saving model ...
  Ep 3: Train 0.2403 | Val 0.2246 | Test 0.0099
Validation loss decreased (0.224560 --> 0.224560).  Saving model ...
  Ep 4: Train 0.2314 | Val 0.2724 | Test 0.0154
EarlyStopping counter: 1 out of 5
  Ep 5: Train 0.2256 | Val 0.1909 | Test 0.0125
Validation loss decreased (0.190885 --> 0.190885).  Saving model ...
  Ep 6: Train 0.2121 | Val 0.1980 | Test 0.0124
EarlyStopping counter: 1 out of 5
  Ep 7: Train 0.2116 | Val 0.1712 | Test 0.0102
Validation loss decreased (0.171246 --> 0.171246).  Saving model ...
  Ep 8: Train 0.1992 | Val 0.1990 | Test 0.0113
EarlyStopping counter: 1 out of 5
  Ep 9: Train 0.1979 | Val 0.1794 | Test 0.0126
EarlyStopping counter: 2 out of 5
  Ep 10: Train 0.2028 | Val 0.1952 | Test 0.0091
EarlyStopping counter: 3 out of 5
  Ep 11: Train 0.1951 | Val 0.1732 | Test 0.0117
EarlyStopping counter: 4 out of 5
  Ep 12: Train 0.1916 | Val 0.1794 | Test 0.0090
EarlyStopping counter: 5 out of 5
Early stopping triggered!
/home/sangukchoi/Stroke_SDA/sda_training.py:615: FutureWarning: You are using `torch.load` with `weights_only=False` (the current default value), which uses the default pickle module implicitly. It is possible to construct malicious pickle data which will execute arbitrary code during unpickling (See https://github.com/pytorch/pytorch/blob/main/SECURITY.md#untrusted-models for more details). In a future release, the default value for `weights_only` will be flipped to `True`. This limits the functions that could be executed during unpickling. Arbitrary objects will no longer be allowed to be loaded via this mode unless they are explicitly allowlisted by the user via `torch.serialization.add_safe_globals`. We recommend you start setting `weights_only=True` for any use case where you don't have full control of the loaded file. Please open an issue on GitHub for any issues related to this experimental feature.
  model.load_state_dict(torch.load(os.path.join(out_dir, 'best_model.pth')))
Final Test MSE (Best Model): 0.0102
Finished. Status: Success
