Starting Run on GPU 3
Time: 2025-12-24 22:19:41

[Run Start] Subject S007 | Mode ['SDA'] | Params: L1.5_LS0.7_LR0.0001_E64_D128_Dr0.3

[Fold 1 - SDA] Train: ['S007_T006', 'S007_T009'], Test: S007_T005, Norm: fixed
/home/sangukchoi/.conda/envs/torch_gpu/lib/python3.10/site-packages/torch/nn/modules/rnn.py:123: UserWarning: dropout option adds dropout after all but last recurrent layer, so non-zero dropout expects num_layers greater than 1, but got dropout=0.3 and num_layers=1
  warnings.warn(
  Ep 1: Train 0.4314 | Val 0.3294 | Test 0.0377
Validation loss decreased (0.329360 --> 0.329360).  Saving model ...
  Ep 2: Train 0.2533 | Val 0.2515 | Test 0.0237
Validation loss decreased (0.251494 --> 0.251494).  Saving model ...
  Ep 3: Train 0.2367 | Val 0.2403 | Test 0.0214
Validation loss decreased (0.240279 --> 0.240279).  Saving model ...
  Ep 4: Train 0.2250 | Val 0.2382 | Test 0.0192
Validation loss decreased (0.238245 --> 0.238245).  Saving model ...
  Ep 5: Train 0.2137 | Val 0.2281 | Test 0.0176
Validation loss decreased (0.228101 --> 0.228101).  Saving model ...
  Ep 6: Train 0.2090 | Val 0.2270 | Test 0.0163
Validation loss decreased (0.227013 --> 0.227013).  Saving model ...
  Ep 7: Train 0.1999 | Val 0.2227 | Test 0.0177
Validation loss decreased (0.222654 --> 0.222654).  Saving model ...
  Ep 8: Train 0.1987 | Val 0.2140 | Test 0.0132
Validation loss decreased (0.214050 --> 0.214050).  Saving model ...
  Ep 9: Train 0.1909 | Val 0.2138 | Test 0.0142
EarlyStopping counter: 1 out of 5
  Ep 10: Train 0.1894 | Val 0.1857 | Test 0.0124
Validation loss decreased (0.185747 --> 0.185747).  Saving model ...
  Ep 11: Train 0.1853 | Val 0.1995 | Test 0.0125
EarlyStopping counter: 1 out of 5
  Ep 12: Train 0.1854 | Val 0.1781 | Test 0.0130
Validation loss decreased (0.178076 --> 0.178076).  Saving model ...
  Ep 13: Train 0.1808 | Val 0.1817 | Test 0.0100
EarlyStopping counter: 1 out of 5
  Ep 14: Train 0.1786 | Val 0.1810 | Test 0.0155
EarlyStopping counter: 2 out of 5
  Ep 15: Train 0.1776 | Val 0.1811 | Test 0.0118
EarlyStopping counter: 3 out of 5
  Ep 16: Train 0.1729 | Val 0.1883 | Test 0.0106
EarlyStopping counter: 4 out of 5
  Ep 17: Train 0.1712 | Val 0.1726 | Test 0.0107
Validation loss decreased (0.172634 --> 0.172634).  Saving model ...
  Ep 18: Train 0.1697 | Val 0.1653 | Test 0.0106
Validation loss decreased (0.165258 --> 0.165258).  Saving model ...
  Ep 19: Train 0.1711 | Val 0.1742 | Test 0.0137
EarlyStopping counter: 1 out of 5
  Ep 20: Train 0.1663 | Val 0.1691 | Test 0.0152
EarlyStopping counter: 2 out of 5
  Ep 21: Train 0.1676 | Val 0.1700 | Test 0.0124
EarlyStopping counter: 3 out of 5
  Ep 22: Train 0.1648 | Val 0.1666 | Test 0.0102
EarlyStopping counter: 4 out of 5
  Ep 23: Train 0.1627 | Val 0.1618 | Test 0.0148
Validation loss decreased (0.161799 --> 0.161799).  Saving model ...
  Ep 24: Train 0.1596 | Val 0.1480 | Test 0.0140
Validation loss decreased (0.148010 --> 0.148010).  Saving model ...
  Ep 25: Train 0.1632 | Val 0.1626 | Test 0.0120
EarlyStopping counter: 1 out of 5
  Ep 26: Train 0.1580 | Val 0.1617 | Test 0.0138
EarlyStopping counter: 2 out of 5
  Ep 27: Train 0.1581 | Val 0.1446 | Test 0.0113
Validation loss decreased (0.144607 --> 0.144607).  Saving model ...
  Ep 28: Train 0.1557 | Val 0.1648 | Test 0.0126
EarlyStopping counter: 1 out of 5
  Ep 29: Train 0.1551 | Val 0.1580 | Test 0.0142
EarlyStopping counter: 2 out of 5
  Ep 30: Train 0.1549 | Val 0.1563 | Test 0.0130
EarlyStopping counter: 3 out of 5
  Ep 31: Train 0.1530 | Val 0.1498 | Test 0.0132
EarlyStopping counter: 4 out of 5
  Ep 32: Train 0.1492 | Val 0.1563 | Test 0.0107
EarlyStopping counter: 5 out of 5
Early stopping triggered!
/home/sangukchoi/Stroke_SDA/sda_training.py:615: FutureWarning: You are using `torch.load` with `weights_only=False` (the current default value), which uses the default pickle module implicitly. It is possible to construct malicious pickle data which will execute arbitrary code during unpickling (See https://github.com/pytorch/pytorch/blob/main/SECURITY.md#untrusted-models for more details). In a future release, the default value for `weights_only` will be flipped to `True`. This limits the functions that could be executed during unpickling. Arbitrary objects will no longer be allowed to be loaded via this mode unless they are explicitly allowlisted by the user via `torch.serialization.add_safe_globals`. We recommend you start setting `weights_only=True` for any use case where you don't have full control of the loaded file. Please open an issue on GitHub for any issues related to this experimental feature.
  model.load_state_dict(torch.load(os.path.join(out_dir, 'best_model.pth')))
Final Test MSE (Best Model): 0.0113
Finished. Status: Success
