Starting Run on GPU 1
Time: 2025-12-24 23:43:07

[Run Start] Subject S007 | Mode ['SDA'] | Params: L2.5_LS0.5_LR0.0001_E256_D64_Dr0.3

[Fold 1 - SDA] Train: ['S007_T006', 'S007_T009'], Test: S007_T005, Norm: fixed
/home/sangukchoi/.conda/envs/torch_gpu/lib/python3.10/site-packages/torch/nn/modules/rnn.py:123: UserWarning: dropout option adds dropout after all but last recurrent layer, so non-zero dropout expects num_layers greater than 1, but got dropout=0.3 and num_layers=1
  warnings.warn(
  Ep 1: Train 0.4280 | Val 0.4896 | Test 0.0422
Validation loss decreased (0.489612 --> 0.489612).  Saving model ...
  Ep 2: Train 0.3353 | Val 0.4241 | Test 0.0339
Validation loss decreased (0.424112 --> 0.424112).  Saving model ...
  Ep 3: Train 0.3022 | Val 0.3734 | Test 0.0214
Validation loss decreased (0.373420 --> 0.373420).  Saving model ...
  Ep 4: Train 0.2789 | Val 0.3479 | Test 0.0213
Validation loss decreased (0.347892 --> 0.347892).  Saving model ...
  Ep 5: Train 0.2673 | Val 0.3005 | Test 0.0241
Validation loss decreased (0.300531 --> 0.300531).  Saving model ...
  Ep 6: Train 0.2546 | Val 0.2934 | Test 0.0170
Validation loss decreased (0.293407 --> 0.293407).  Saving model ...
  Ep 7: Train 0.2451 | Val 0.3212 | Test 0.0149
EarlyStopping counter: 1 out of 5
  Ep 8: Train 0.2492 | Val 0.2850 | Test 0.0156
Validation loss decreased (0.285049 --> 0.285049).  Saving model ...
  Ep 9: Train 0.2359 | Val 0.3143 | Test 0.0206
EarlyStopping counter: 1 out of 5
  Ep 10: Train 0.2406 | Val 0.2944 | Test 0.0174
EarlyStopping counter: 2 out of 5
  Ep 11: Train 0.2351 | Val 0.3084 | Test 0.0109
EarlyStopping counter: 3 out of 5
  Ep 12: Train 0.2335 | Val 0.3740 | Test 0.0124
EarlyStopping counter: 4 out of 5
  Ep 13: Train 0.2287 | Val 0.3583 | Test 0.0154
EarlyStopping counter: 5 out of 5
Early stopping triggered!
/home/sangukchoi/Stroke_SDA/sda_training.py:615: FutureWarning: You are using `torch.load` with `weights_only=False` (the current default value), which uses the default pickle module implicitly. It is possible to construct malicious pickle data which will execute arbitrary code during unpickling (See https://github.com/pytorch/pytorch/blob/main/SECURITY.md#untrusted-models for more details). In a future release, the default value for `weights_only` will be flipped to `True`. This limits the functions that could be executed during unpickling. Arbitrary objects will no longer be allowed to be loaded via this mode unless they are explicitly allowlisted by the user via `torch.serialization.add_safe_globals`. We recommend you start setting `weights_only=True` for any use case where you don't have full control of the loaded file. Please open an issue on GitHub for any issues related to this experimental feature.
  model.load_state_dict(torch.load(os.path.join(out_dir, 'best_model.pth')))
Final Test MSE (Best Model): 0.0156
Finished. Status: Success
