Starting Run on GPU 0
Time: 2025-12-24 23:31:10

[Run Start] Subject S007 | Mode ['SDA'] | Params: L2.5_LS0.3_LR0.0001_E256_D32_Dr0.3

[Fold 1 - SDA] Train: ['S007_T006', 'S007_T009'], Test: S007_T005, Norm: fixed
/home/sangukchoi/.conda/envs/torch_gpu/lib/python3.10/site-packages/torch/nn/modules/rnn.py:123: UserWarning: dropout option adds dropout after all but last recurrent layer, so non-zero dropout expects num_layers greater than 1, but got dropout=0.3 and num_layers=1
  warnings.warn(
  Ep 1: Train 0.4004 | Val 0.4417 | Test 0.0596
Validation loss decreased (0.441656 --> 0.441656).  Saving model ...
  Ep 2: Train 0.2899 | Val 0.4068 | Test 0.0283
Validation loss decreased (0.406844 --> 0.406844).  Saving model ...
  Ep 3: Train 0.2730 | Val 0.4323 | Test 0.0265
EarlyStopping counter: 1 out of 5
  Ep 4: Train 0.2618 | Val 0.4075 | Test 0.0478
EarlyStopping counter: 2 out of 5
  Ep 5: Train 0.2512 | Val 0.3779 | Test 0.0194
Validation loss decreased (0.377908 --> 0.377908).  Saving model ...
  Ep 6: Train 0.2400 | Val 0.4176 | Test 0.0235
EarlyStopping counter: 1 out of 5
  Ep 7: Train 0.2368 | Val 0.3961 | Test 0.0298
EarlyStopping counter: 2 out of 5
  Ep 8: Train 0.2393 | Val 0.4444 | Test 0.0198
EarlyStopping counter: 3 out of 5
  Ep 9: Train 0.2336 | Val 0.4059 | Test 0.0220
EarlyStopping counter: 4 out of 5
  Ep 10: Train 0.2282 | Val 0.4141 | Test 0.0213
EarlyStopping counter: 5 out of 5
Early stopping triggered!
/home/sangukchoi/Stroke_SDA/sda_training.py:615: FutureWarning: You are using `torch.load` with `weights_only=False` (the current default value), which uses the default pickle module implicitly. It is possible to construct malicious pickle data which will execute arbitrary code during unpickling (See https://github.com/pytorch/pytorch/blob/main/SECURITY.md#untrusted-models for more details). In a future release, the default value for `weights_only` will be flipped to `True`. This limits the functions that could be executed during unpickling. Arbitrary objects will no longer be allowed to be loaded via this mode unless they are explicitly allowlisted by the user via `torch.serialization.add_safe_globals`. We recommend you start setting `weights_only=True` for any use case where you don't have full control of the loaded file. Please open an issue on GitHub for any issues related to this experimental feature.
  model.load_state_dict(torch.load(os.path.join(out_dir, 'best_model.pth')))
Final Test MSE (Best Model): 0.0194
Finished. Status: Success
