Starting Run on GPU 0
Time: 2025-12-24 23:34:29

[Run Start] Subject S007 | Mode ['SDA'] | Params: L2.5_LS0.5_LR0.0001_E64_D32_Dr0.3

[Fold 1 - SDA] Train: ['S007_T006', 'S007_T009'], Test: S007_T005, Norm: fixed
/home/sangukchoi/.conda/envs/torch_gpu/lib/python3.10/site-packages/torch/nn/modules/rnn.py:123: UserWarning: dropout option adds dropout after all but last recurrent layer, so non-zero dropout expects num_layers greater than 1, but got dropout=0.3 and num_layers=1
  warnings.warn(
  Ep 1: Train 0.6489 | Val 0.5838 | Test 0.0928
Validation loss decreased (0.583754 --> 0.583754).  Saving model ...
  Ep 2: Train 0.4083 | Val 0.5991 | Test 0.0768
EarlyStopping counter: 1 out of 5
  Ep 3: Train 0.3657 | Val 0.5748 | Test 0.0689
Validation loss decreased (0.574835 --> 0.574835).  Saving model ...
  Ep 4: Train 0.3466 | Val 0.5435 | Test 0.0622
Validation loss decreased (0.543512 --> 0.543512).  Saving model ...
  Ep 5: Train 0.3355 | Val 0.5146 | Test 0.0537
Validation loss decreased (0.514558 --> 0.514558).  Saving model ...
  Ep 6: Train 0.3175 | Val 0.4723 | Test 0.0532
Validation loss decreased (0.472316 --> 0.472316).  Saving model ...
  Ep 7: Train 0.3042 | Val 0.4757 | Test 0.0458
EarlyStopping counter: 1 out of 5
  Ep 8: Train 0.2994 | Val 0.4417 | Test 0.0443
Validation loss decreased (0.441679 --> 0.441679).  Saving model ...
  Ep 9: Train 0.2848 | Val 0.4692 | Test 0.0371
EarlyStopping counter: 1 out of 5
  Ep 10: Train 0.2805 | Val 0.4443 | Test 0.0305
EarlyStopping counter: 2 out of 5
  Ep 11: Train 0.2692 | Val 0.4001 | Test 0.0335
Validation loss decreased (0.400140 --> 0.400140).  Saving model ...
  Ep 12: Train 0.2652 | Val 0.3982 | Test 0.0262
Validation loss decreased (0.398242 --> 0.398242).  Saving model ...
  Ep 13: Train 0.2638 | Val 0.3556 | Test 0.0245
Validation loss decreased (0.355644 --> 0.355644).  Saving model ...
  Ep 14: Train 0.2605 | Val 0.3743 | Test 0.0234
EarlyStopping counter: 1 out of 5
  Ep 15: Train 0.2522 | Val 0.3863 | Test 0.0243
EarlyStopping counter: 2 out of 5
  Ep 16: Train 0.2485 | Val 0.4271 | Test 0.0204
EarlyStopping counter: 3 out of 5
  Ep 17: Train 0.2431 | Val 0.4216 | Test 0.0222
EarlyStopping counter: 4 out of 5
  Ep 18: Train 0.2433 | Val 0.3765 | Test 0.0198
EarlyStopping counter: 5 out of 5
Early stopping triggered!
/home/sangukchoi/Stroke_SDA/sda_training.py:615: FutureWarning: You are using `torch.load` with `weights_only=False` (the current default value), which uses the default pickle module implicitly. It is possible to construct malicious pickle data which will execute arbitrary code during unpickling (See https://github.com/pytorch/pytorch/blob/main/SECURITY.md#untrusted-models for more details). In a future release, the default value for `weights_only` will be flipped to `True`. This limits the functions that could be executed during unpickling. Arbitrary objects will no longer be allowed to be loaded via this mode unless they are explicitly allowlisted by the user via `torch.serialization.add_safe_globals`. We recommend you start setting `weights_only=True` for any use case where you don't have full control of the loaded file. Please open an issue on GitHub for any issues related to this experimental feature.
  model.load_state_dict(torch.load(os.path.join(out_dir, 'best_model.pth')))
Final Test MSE (Best Model): 0.0245
Finished. Status: Success
