Starting Run on GPU 3
Time: 2025-12-24 22:43:31

[Run Start] Subject S007 | Mode ['SDA'] | Params: L1.5_LS1.0_LR0.0001_E256_D32_Dr0.3

[Fold 1 - SDA] Train: ['S007_T006', 'S007_T009'], Test: S007_T005, Norm: fixed
/home/sangukchoi/.conda/envs/torch_gpu/lib/python3.10/site-packages/torch/nn/modules/rnn.py:123: UserWarning: dropout option adds dropout after all but last recurrent layer, so non-zero dropout expects num_layers greater than 1, but got dropout=0.3 and num_layers=1
  warnings.warn(
  Ep 1: Train 0.3421 | Val 0.2813 | Test 0.0148
Validation loss decreased (0.281283 --> 0.281283).  Saving model ...
  Ep 2: Train 0.2009 | Val 0.2065 | Test 0.0113
Validation loss decreased (0.206505 --> 0.206505).  Saving model ...
  Ep 3: Train 0.1825 | Val 0.1805 | Test 0.0106
Validation loss decreased (0.180529 --> 0.180529).  Saving model ...
  Ep 4: Train 0.1730 | Val 0.1877 | Test 0.0125
EarlyStopping counter: 1 out of 5
  Ep 5: Train 0.1668 | Val 0.1531 | Test 0.0091
Validation loss decreased (0.153063 --> 0.153063).  Saving model ...
  Ep 6: Train 0.1611 | Val 0.1577 | Test 0.0091
EarlyStopping counter: 1 out of 5
  Ep 7: Train 0.1561 | Val 0.1367 | Test 0.0078
Validation loss decreased (0.136728 --> 0.136728).  Saving model ...
  Ep 8: Train 0.1601 | Val 0.1403 | Test 0.0079
EarlyStopping counter: 1 out of 5
  Ep 9: Train 0.1558 | Val 0.1445 | Test 0.0137
EarlyStopping counter: 2 out of 5
  Ep 10: Train 0.1571 | Val 0.1273 | Test 0.0108
Validation loss decreased (0.127346 --> 0.127346).  Saving model ...
  Ep 11: Train 0.1511 | Val 0.1433 | Test 0.0123
EarlyStopping counter: 1 out of 5
  Ep 12: Train 0.1508 | Val 0.1234 | Test 0.0094
Validation loss decreased (0.123423 --> 0.123423).  Saving model ...
  Ep 13: Train 0.1529 | Val 0.1300 | Test 0.0080
EarlyStopping counter: 1 out of 5
  Ep 14: Train 0.1494 | Val 0.1209 | Test 0.0086
Validation loss decreased (0.120914 --> 0.120914).  Saving model ...
  Ep 15: Train 0.1488 | Val 0.1146 | Test 0.0073
Validation loss decreased (0.114640 --> 0.114640).  Saving model ...
  Ep 16: Train 0.1533 | Val 0.1186 | Test 0.0076
EarlyStopping counter: 1 out of 5
  Ep 17: Train 0.1501 | Val 0.1149 | Test 0.0083
EarlyStopping counter: 2 out of 5
  Ep 18: Train 0.1504 | Val 0.1221 | Test 0.0076
EarlyStopping counter: 3 out of 5
  Ep 19: Train 0.1466 | Val 0.1271 | Test 0.0071
EarlyStopping counter: 4 out of 5
  Ep 20: Train 0.1470 | Val 0.1188 | Test 0.0086
EarlyStopping counter: 5 out of 5
Early stopping triggered!
/home/sangukchoi/Stroke_SDA/sda_training.py:615: FutureWarning: You are using `torch.load` with `weights_only=False` (the current default value), which uses the default pickle module implicitly. It is possible to construct malicious pickle data which will execute arbitrary code during unpickling (See https://github.com/pytorch/pytorch/blob/main/SECURITY.md#untrusted-models for more details). In a future release, the default value for `weights_only` will be flipped to `True`. This limits the functions that could be executed during unpickling. Arbitrary objects will no longer be allowed to be loaded via this mode unless they are explicitly allowlisted by the user via `torch.serialization.add_safe_globals`. We recommend you start setting `weights_only=True` for any use case where you don't have full control of the loaded file. Please open an issue on GitHub for any issues related to this experimental feature.
  model.load_state_dict(torch.load(os.path.join(out_dir, 'best_model.pth')))
Final Test MSE (Best Model): 0.0073
Finished. Status: Success
