Starting Run on GPU 0
Time: 2025-12-24 23:03:24

[Run Start] Subject S007 | Mode ['SDA'] | Params: L2.0_LS1.0_LR0.0001_E64_D32_Dr0.3

[Fold 1 - SDA] Train: ['S007_T006', 'S007_T009'], Test: S007_T005, Norm: fixed
/home/sangukchoi/.conda/envs/torch_gpu/lib/python3.10/site-packages/torch/nn/modules/rnn.py:123: UserWarning: dropout option adds dropout after all but last recurrent layer, so non-zero dropout expects num_layers greater than 1, but got dropout=0.3 and num_layers=1
  warnings.warn(
  Ep 1: Train 0.6244 | Val 0.3647 | Test 0.0388
Validation loss decreased (0.364698 --> 0.364698).  Saving model ...
  Ep 2: Train 0.3389 | Val 0.2682 | Test 0.0287
Validation loss decreased (0.268169 --> 0.268169).  Saving model ...
  Ep 3: Train 0.2852 | Val 0.2589 | Test 0.0180
Validation loss decreased (0.258940 --> 0.258940).  Saving model ...
  Ep 4: Train 0.2648 | Val 0.2568 | Test 0.0188
Validation loss decreased (0.256824 --> 0.256824).  Saving model ...
  Ep 5: Train 0.2523 | Val 0.2265 | Test 0.0128
Validation loss decreased (0.226500 --> 0.226500).  Saving model ...
  Ep 6: Train 0.2463 | Val 0.2341 | Test 0.0151
EarlyStopping counter: 1 out of 5
  Ep 7: Train 0.2404 | Val 0.2067 | Test 0.0140
Validation loss decreased (0.206691 --> 0.206691).  Saving model ...
  Ep 8: Train 0.2333 | Val 0.2150 | Test 0.0190
EarlyStopping counter: 1 out of 5
  Ep 9: Train 0.2322 | Val 0.1997 | Test 0.0131
Validation loss decreased (0.199677 --> 0.199677).  Saving model ...
  Ep 10: Train 0.2273 | Val 0.1964 | Test 0.0114
Validation loss decreased (0.196415 --> 0.196415).  Saving model ...
  Ep 11: Train 0.2266 | Val 0.1976 | Test 0.0124
EarlyStopping counter: 1 out of 5
  Ep 12: Train 0.2274 | Val 0.1883 | Test 0.0130
Validation loss decreased (0.188349 --> 0.188349).  Saving model ...
  Ep 13: Train 0.2237 | Val 0.1895 | Test 0.0111
EarlyStopping counter: 1 out of 5
  Ep 14: Train 0.2175 | Val 0.1727 | Test 0.0113
Validation loss decreased (0.172674 --> 0.172674).  Saving model ...
  Ep 15: Train 0.2179 | Val 0.1870 | Test 0.0122
EarlyStopping counter: 1 out of 5
  Ep 16: Train 0.2188 | Val 0.1907 | Test 0.0123
EarlyStopping counter: 2 out of 5
  Ep 17: Train 0.2143 | Val 0.1634 | Test 0.0125
Validation loss decreased (0.163354 --> 0.163354).  Saving model ...
  Ep 18: Train 0.2101 | Val 0.1675 | Test 0.0103
EarlyStopping counter: 1 out of 5
  Ep 19: Train 0.2097 | Val 0.1665 | Test 0.0129
EarlyStopping counter: 2 out of 5
  Ep 20: Train 0.2111 | Val 0.1603 | Test 0.0103
Validation loss decreased (0.160340 --> 0.160340).  Saving model ...
  Ep 21: Train 0.2064 | Val 0.1579 | Test 0.0099
Validation loss decreased (0.157921 --> 0.157921).  Saving model ...
  Ep 22: Train 0.2054 | Val 0.1734 | Test 0.0137
EarlyStopping counter: 1 out of 5
  Ep 23: Train 0.2007 | Val 0.1801 | Test 0.0123
EarlyStopping counter: 2 out of 5
  Ep 24: Train 0.2033 | Val 0.1593 | Test 0.0116
EarlyStopping counter: 3 out of 5
  Ep 25: Train 0.2030 | Val 0.1533 | Test 0.0102
Validation loss decreased (0.153288 --> 0.153288).  Saving model ...
  Ep 26: Train 0.2066 | Val 0.1913 | Test 0.0110
EarlyStopping counter: 1 out of 5
  Ep 27: Train 0.2035 | Val 0.1621 | Test 0.0102
EarlyStopping counter: 2 out of 5
  Ep 28: Train 0.2007 | Val 0.1682 | Test 0.0149
EarlyStopping counter: 3 out of 5
  Ep 29: Train 0.1962 | Val 0.1650 | Test 0.0099
EarlyStopping counter: 4 out of 5
  Ep 30: Train 0.1993 | Val 0.1611 | Test 0.0099
EarlyStopping counter: 5 out of 5
Early stopping triggered!
/home/sangukchoi/Stroke_SDA/sda_training.py:615: FutureWarning: You are using `torch.load` with `weights_only=False` (the current default value), which uses the default pickle module implicitly. It is possible to construct malicious pickle data which will execute arbitrary code during unpickling (See https://github.com/pytorch/pytorch/blob/main/SECURITY.md#untrusted-models for more details). In a future release, the default value for `weights_only` will be flipped to `True`. This limits the functions that could be executed during unpickling. Arbitrary objects will no longer be allowed to be loaded via this mode unless they are explicitly allowlisted by the user via `torch.serialization.add_safe_globals`. We recommend you start setting `weights_only=True` for any use case where you don't have full control of the loaded file. Please open an issue on GitHub for any issues related to this experimental feature.
  model.load_state_dict(torch.load(os.path.join(out_dir, 'best_model.pth')))
Final Test MSE (Best Model): 0.0102
Finished. Status: Success
