Starting Run on GPU 1
Time: 2025-12-25 00:05:16

[Run Start] Subject S007 | Mode ['SDA'] | Params: L2.5_LS1.0_LR0.0001_E256_D64_Dr0.3

[Fold 1 - SDA] Train: ['S007_T006', 'S007_T009'], Test: S007_T005, Norm: fixed
/home/sangukchoi/.conda/envs/torch_gpu/lib/python3.10/site-packages/torch/nn/modules/rnn.py:123: UserWarning: dropout option adds dropout after all but last recurrent layer, so non-zero dropout expects num_layers greater than 1, but got dropout=0.3 and num_layers=1
  warnings.warn(
  Ep 1: Train 0.4871 | Val 0.3896 | Test 0.0318
Validation loss decreased (0.389557 --> 0.389557).  Saving model ...
  Ep 2: Train 0.2980 | Val 0.3139 | Test 0.0157
Validation loss decreased (0.313940 --> 0.313940).  Saving model ...
  Ep 3: Train 0.2728 | Val 0.3007 | Test 0.0160
Validation loss decreased (0.300691 --> 0.300691).  Saving model ...
  Ep 4: Train 0.2558 | Val 0.2949 | Test 0.0171
Validation loss decreased (0.294872 --> 0.294872).  Saving model ...
  Ep 5: Train 0.2535 | Val 0.2707 | Test 0.0120
Validation loss decreased (0.270655 --> 0.270655).  Saving model ...
  Ep 6: Train 0.2555 | Val 0.2662 | Test 0.0103
Validation loss decreased (0.266155 --> 0.266155).  Saving model ...
  Ep 7: Train 0.2469 | Val 0.2372 | Test 0.0125
Validation loss decreased (0.237167 --> 0.237167).  Saving model ...
  Ep 8: Train 0.2386 | Val 0.2289 | Test 0.0089
Validation loss decreased (0.228913 --> 0.228913).  Saving model ...
  Ep 9: Train 0.2394 | Val 0.2172 | Test 0.0072
Validation loss decreased (0.217218 --> 0.217218).  Saving model ...
  Ep 10: Train 0.2370 | Val 0.2331 | Test 0.0126
EarlyStopping counter: 1 out of 5
  Ep 11: Train 0.2363 | Val 0.2263 | Test 0.0101
EarlyStopping counter: 2 out of 5
  Ep 12: Train 0.2339 | Val 0.1921 | Test 0.0120
Validation loss decreased (0.192088 --> 0.192088).  Saving model ...
  Ep 13: Train 0.2271 | Val 0.1933 | Test 0.0154
EarlyStopping counter: 1 out of 5
  Ep 14: Train 0.2292 | Val 0.1874 | Test 0.0072
Validation loss decreased (0.187434 --> 0.187434).  Saving model ...
  Ep 15: Train 0.2252 | Val 0.1798 | Test 0.0087
Validation loss decreased (0.179830 --> 0.179830).  Saving model ...
  Ep 16: Train 0.2303 | Val 0.2047 | Test 0.0129
EarlyStopping counter: 1 out of 5
  Ep 17: Train 0.2177 | Val 0.1920 | Test 0.0092
EarlyStopping counter: 2 out of 5
  Ep 18: Train 0.2296 | Val 0.1760 | Test 0.0127
Validation loss decreased (0.175975 --> 0.175975).  Saving model ...
  Ep 19: Train 0.2232 | Val 0.1674 | Test 0.0084
Validation loss decreased (0.167362 --> 0.167362).  Saving model ...
  Ep 20: Train 0.2273 | Val 0.1840 | Test 0.0105
EarlyStopping counter: 1 out of 5
  Ep 21: Train 0.2251 | Val 0.1812 | Test 0.0062
EarlyStopping counter: 2 out of 5
  Ep 22: Train 0.2244 | Val 0.2135 | Test 0.0151
EarlyStopping counter: 3 out of 5
  Ep 23: Train 0.2176 | Val 0.1851 | Test 0.0099
EarlyStopping counter: 4 out of 5
  Ep 24: Train 0.2191 | Val 0.1546 | Test 0.0132
Validation loss decreased (0.154568 --> 0.154568).  Saving model ...
  Ep 25: Train 0.2210 | Val 0.2262 | Test 0.0140
EarlyStopping counter: 1 out of 5
  Ep 26: Train 0.2181 | Val 0.1566 | Test 0.0091
EarlyStopping counter: 2 out of 5
  Ep 27: Train 0.2199 | Val 0.1948 | Test 0.0122
EarlyStopping counter: 3 out of 5
  Ep 28: Train 0.2186 | Val 0.1731 | Test 0.0115
EarlyStopping counter: 4 out of 5
  Ep 29: Train 0.2162 | Val 0.1873 | Test 0.0101
EarlyStopping counter: 5 out of 5
Early stopping triggered!
/home/sangukchoi/Stroke_SDA/sda_training.py:615: FutureWarning: You are using `torch.load` with `weights_only=False` (the current default value), which uses the default pickle module implicitly. It is possible to construct malicious pickle data which will execute arbitrary code during unpickling (See https://github.com/pytorch/pytorch/blob/main/SECURITY.md#untrusted-models for more details). In a future release, the default value for `weights_only` will be flipped to `True`. This limits the functions that could be executed during unpickling. Arbitrary objects will no longer be allowed to be loaded via this mode unless they are explicitly allowlisted by the user via `torch.serialization.add_safe_globals`. We recommend you start setting `weights_only=True` for any use case where you don't have full control of the loaded file. Please open an issue on GitHub for any issues related to this experimental feature.
  model.load_state_dict(torch.load(os.path.join(out_dir, 'best_model.pth')))
Final Test MSE (Best Model): 0.0132
Finished. Status: Success
