Starting Run on GPU 1
Time: 2025-12-25 00:30:07

[Run Start] Subject S007 | Mode ['SDA'] | Params: L3.0_LS0.5_LR0.0001_E128_D32_Dr0.3

[Fold 1 - SDA] Train: ['S007_T006', 'S007_T009'], Test: S007_T005, Norm: fixed
/home/sangukchoi/.conda/envs/torch_gpu/lib/python3.10/site-packages/torch/nn/modules/rnn.py:123: UserWarning: dropout option adds dropout after all but last recurrent layer, so non-zero dropout expects num_layers greater than 1, but got dropout=0.3 and num_layers=1
  warnings.warn(
  Ep 1: Train 0.5875 | Val 0.6742 | Test 0.0684
Validation loss decreased (0.674243 --> 0.674243).  Saving model ...
  Ep 2: Train 0.4289 | Val 0.6543 | Test 0.0614
Validation loss decreased (0.654317 --> 0.654317).  Saving model ...
  Ep 3: Train 0.3982 | Val 0.6460 | Test 0.0660
Validation loss decreased (0.645954 --> 0.645954).  Saving model ...
  Ep 4: Train 0.3683 | Val 0.5259 | Test 0.0480
Validation loss decreased (0.525938 --> 0.525938).  Saving model ...
  Ep 5: Train 0.3337 | Val 0.4807 | Test 0.0351
Validation loss decreased (0.480716 --> 0.480716).  Saving model ...
  Ep 6: Train 0.3263 | Val 0.5171 | Test 0.0293
EarlyStopping counter: 1 out of 5
  Ep 7: Train 0.3139 | Val 0.4652 | Test 0.0259
Validation loss decreased (0.465187 --> 0.465187).  Saving model ...
  Ep 8: Train 0.3052 | Val 0.3821 | Test 0.0185
Validation loss decreased (0.382053 --> 0.382053).  Saving model ...
  Ep 9: Train 0.3022 | Val 0.3940 | Test 0.0238
EarlyStopping counter: 1 out of 5
  Ep 10: Train 0.2978 | Val 0.3894 | Test 0.0225
EarlyStopping counter: 2 out of 5
  Ep 11: Train 0.3019 | Val 0.4274 | Test 0.0184
EarlyStopping counter: 3 out of 5
  Ep 12: Train 0.2871 | Val 0.4051 | Test 0.0139
EarlyStopping counter: 4 out of 5
  Ep 13: Train 0.2869 | Val 0.3837 | Test 0.0156
EarlyStopping counter: 5 out of 5
Early stopping triggered!
/home/sangukchoi/Stroke_SDA/sda_training.py:615: FutureWarning: You are using `torch.load` with `weights_only=False` (the current default value), which uses the default pickle module implicitly. It is possible to construct malicious pickle data which will execute arbitrary code during unpickling (See https://github.com/pytorch/pytorch/blob/main/SECURITY.md#untrusted-models for more details). In a future release, the default value for `weights_only` will be flipped to `True`. This limits the functions that could be executed during unpickling. Arbitrary objects will no longer be allowed to be loaded via this mode unless they are explicitly allowlisted by the user via `torch.serialization.add_safe_globals`. We recommend you start setting `weights_only=True` for any use case where you don't have full control of the loaded file. Please open an issue on GitHub for any issues related to this experimental feature.
  model.load_state_dict(torch.load(os.path.join(out_dir, 'best_model.pth')))
Final Test MSE (Best Model): 0.0185
Finished. Status: Success
