Starting Run on GPU 2
Time: 2025-12-24 23:39:12

[Run Start] Subject S007 | Mode ['SDA'] | Params: L2.5_LS0.5_LR0.0001_E128_D32_Dr0.3

[Fold 1 - SDA] Train: ['S007_T006', 'S007_T009'], Test: S007_T005, Norm: fixed
/home/sangukchoi/.conda/envs/torch_gpu/lib/python3.10/site-packages/torch/nn/modules/rnn.py:123: UserWarning: dropout option adds dropout after all but last recurrent layer, so non-zero dropout expects num_layers greater than 1, but got dropout=0.3 and num_layers=1
  warnings.warn(
  Ep 1: Train 0.5178 | Val 0.5504 | Test 0.0588
Validation loss decreased (0.550353 --> 0.550353).  Saving model ...
  Ep 2: Train 0.3563 | Val 0.4917 | Test 0.0422
Validation loss decreased (0.491683 --> 0.491683).  Saving model ...
  Ep 3: Train 0.3098 | Val 0.4843 | Test 0.0352
Validation loss decreased (0.484311 --> 0.484311).  Saving model ...
  Ep 4: Train 0.2844 | Val 0.4281 | Test 0.0292
Validation loss decreased (0.428121 --> 0.428121).  Saving model ...
  Ep 5: Train 0.2724 | Val 0.3827 | Test 0.0226
Validation loss decreased (0.382721 --> 0.382721).  Saving model ...
  Ep 6: Train 0.2622 | Val 0.3628 | Test 0.0175
Validation loss decreased (0.362810 --> 0.362810).  Saving model ...
  Ep 7: Train 0.2612 | Val 0.3653 | Test 0.0187
EarlyStopping counter: 1 out of 5
  Ep 8: Train 0.2603 | Val 0.3265 | Test 0.0144
Validation loss decreased (0.326520 --> 0.326520).  Saving model ...
  Ep 9: Train 0.2536 | Val 0.3935 | Test 0.0209
EarlyStopping counter: 1 out of 5
  Ep 10: Train 0.2479 | Val 0.3318 | Test 0.0172
EarlyStopping counter: 2 out of 5
  Ep 11: Train 0.2467 | Val 0.3299 | Test 0.0135
EarlyStopping counter: 3 out of 5
  Ep 12: Train 0.2371 | Val 0.3492 | Test 0.0135
EarlyStopping counter: 4 out of 5
  Ep 13: Train 0.2386 | Val 0.3383 | Test 0.0139
EarlyStopping counter: 5 out of 5
Early stopping triggered!
/home/sangukchoi/Stroke_SDA/sda_training.py:615: FutureWarning: You are using `torch.load` with `weights_only=False` (the current default value), which uses the default pickle module implicitly. It is possible to construct malicious pickle data which will execute arbitrary code during unpickling (See https://github.com/pytorch/pytorch/blob/main/SECURITY.md#untrusted-models for more details). In a future release, the default value for `weights_only` will be flipped to `True`. This limits the functions that could be executed during unpickling. Arbitrary objects will no longer be allowed to be loaded via this mode unless they are explicitly allowlisted by the user via `torch.serialization.add_safe_globals`. We recommend you start setting `weights_only=True` for any use case where you don't have full control of the loaded file. Please open an issue on GitHub for any issues related to this experimental feature.
  model.load_state_dict(torch.load(os.path.join(out_dir, 'best_model.pth')))
Final Test MSE (Best Model): 0.0144
Finished. Status: Success
