Starting Run on GPU 1
Time: 2025-12-25 00:53:51

[Run Start] Subject S007 | Mode ['SDA'] | Params: L3.0_LS1.0_LR0.0001_E64_D128_Dr0.3

[Fold 1 - SDA] Train: ['S007_T006', 'S007_T009'], Test: S007_T005, Norm: fixed
/home/sangukchoi/.conda/envs/torch_gpu/lib/python3.10/site-packages/torch/nn/modules/rnn.py:123: UserWarning: dropout option adds dropout after all but last recurrent layer, so non-zero dropout expects num_layers greater than 1, but got dropout=0.3 and num_layers=1
  warnings.warn(
  Ep 1: Train 0.7917 | Val 0.6661 | Test 0.0548
Validation loss decreased (0.666112 --> 0.666112).  Saving model ...
  Ep 2: Train 0.5102 | Val 0.5231 | Test 0.0323
Validation loss decreased (0.523058 --> 0.523058).  Saving model ...
  Ep 3: Train 0.4509 | Val 0.4886 | Test 0.0252
Validation loss decreased (0.488585 --> 0.488585).  Saving model ...
  Ep 4: Train 0.4227 | Val 0.4554 | Test 0.0219
Validation loss decreased (0.455372 --> 0.455372).  Saving model ...
  Ep 5: Train 0.4046 | Val 0.4581 | Test 0.0173
EarlyStopping counter: 1 out of 5
  Ep 6: Train 0.3784 | Val 0.3988 | Test 0.0145
Validation loss decreased (0.398845 --> 0.398845).  Saving model ...
  Ep 7: Train 0.3538 | Val 0.3390 | Test 0.0126
Validation loss decreased (0.339002 --> 0.339002).  Saving model ...
  Ep 8: Train 0.3343 | Val 0.3426 | Test 0.0171
EarlyStopping counter: 1 out of 5
  Ep 9: Train 0.3224 | Val 0.3040 | Test 0.0110
Validation loss decreased (0.303982 --> 0.303982).  Saving model ...
  Ep 10: Train 0.3249 | Val 0.2712 | Test 0.0112
Validation loss decreased (0.271225 --> 0.271225).  Saving model ...
  Ep 11: Train 0.3181 | Val 0.2861 | Test 0.0103
EarlyStopping counter: 1 out of 5
  Ep 12: Train 0.3017 | Val 0.2756 | Test 0.0115
EarlyStopping counter: 2 out of 5
  Ep 13: Train 0.3012 | Val 0.2604 | Test 0.0117
Validation loss decreased (0.260400 --> 0.260400).  Saving model ...
  Ep 14: Train 0.2913 | Val 0.2819 | Test 0.0112
EarlyStopping counter: 1 out of 5
  Ep 15: Train 0.2886 | Val 0.2788 | Test 0.0120
EarlyStopping counter: 2 out of 5
  Ep 16: Train 0.2772 | Val 0.2704 | Test 0.0114
EarlyStopping counter: 3 out of 5
  Ep 17: Train 0.2891 | Val 0.2797 | Test 0.0137
EarlyStopping counter: 4 out of 5
  Ep 18: Train 0.2833 | Val 0.2780 | Test 0.0116
EarlyStopping counter: 5 out of 5
Early stopping triggered!
/home/sangukchoi/Stroke_SDA/sda_training.py:615: FutureWarning: You are using `torch.load` with `weights_only=False` (the current default value), which uses the default pickle module implicitly. It is possible to construct malicious pickle data which will execute arbitrary code during unpickling (See https://github.com/pytorch/pytorch/blob/main/SECURITY.md#untrusted-models for more details). In a future release, the default value for `weights_only` will be flipped to `True`. This limits the functions that could be executed during unpickling. Arbitrary objects will no longer be allowed to be loaded via this mode unless they are explicitly allowlisted by the user via `torch.serialization.add_safe_globals`. We recommend you start setting `weights_only=True` for any use case where you don't have full control of the loaded file. Please open an issue on GitHub for any issues related to this experimental feature.
  model.load_state_dict(torch.load(os.path.join(out_dir, 'best_model.pth')))
Final Test MSE (Best Model): 0.0117
Finished. Status: Success
