Starting Run on GPU 0
Time: 2025-12-25 01:01:18

[Run Start] Subject S007 | Mode ['SDA'] | Params: L3.0_LS1.0_LR0.0001_E256_D64_Dr0.3

[Fold 1 - SDA] Train: ['S007_T006', 'S007_T009'], Test: S007_T005, Norm: fixed
/home/sangukchoi/.conda/envs/torch_gpu/lib/python3.10/site-packages/torch/nn/modules/rnn.py:123: UserWarning: dropout option adds dropout after all but last recurrent layer, so non-zero dropout expects num_layers greater than 1, but got dropout=0.3 and num_layers=1
  warnings.warn(
  Ep 1: Train 0.5743 | Val 0.5942 | Test 0.0424
Validation loss decreased (0.594197 --> 0.594197).  Saving model ...
  Ep 2: Train 0.4291 | Val 0.3997 | Test 0.0368
Validation loss decreased (0.399668 --> 0.399668).  Saving model ...
  Ep 3: Train 0.3810 | Val 0.3346 | Test 0.0311
Validation loss decreased (0.334581 --> 0.334581).  Saving model ...
  Ep 4: Train 0.3592 | Val 0.3223 | Test 0.0207
Validation loss decreased (0.322317 --> 0.322317).  Saving model ...
  Ep 5: Train 0.3359 | Val 0.3066 | Test 0.0190
Validation loss decreased (0.306601 --> 0.306601).  Saving model ...
  Ep 6: Train 0.3284 | Val 0.2995 | Test 0.0144
Validation loss decreased (0.299452 --> 0.299452).  Saving model ...
  Ep 7: Train 0.3227 | Val 0.3456 | Test 0.0199
EarlyStopping counter: 1 out of 5
  Ep 8: Train 0.3093 | Val 0.3655 | Test 0.0210
EarlyStopping counter: 2 out of 5
  Ep 9: Train 0.3036 | Val 0.3211 | Test 0.0176
EarlyStopping counter: 3 out of 5
  Ep 10: Train 0.3012 | Val 0.3918 | Test 0.0210
EarlyStopping counter: 4 out of 5
  Ep 11: Train 0.2860 | Val 0.4232 | Test 0.0167
EarlyStopping counter: 5 out of 5
Early stopping triggered!
/home/sangukchoi/Stroke_SDA/sda_training.py:615: FutureWarning: You are using `torch.load` with `weights_only=False` (the current default value), which uses the default pickle module implicitly. It is possible to construct malicious pickle data which will execute arbitrary code during unpickling (See https://github.com/pytorch/pytorch/blob/main/SECURITY.md#untrusted-models for more details). In a future release, the default value for `weights_only` will be flipped to `True`. This limits the functions that could be executed during unpickling. Arbitrary objects will no longer be allowed to be loaded via this mode unless they are explicitly allowlisted by the user via `torch.serialization.add_safe_globals`. We recommend you start setting `weights_only=True` for any use case where you don't have full control of the loaded file. Please open an issue on GitHub for any issues related to this experimental feature.
  model.load_state_dict(torch.load(os.path.join(out_dir, 'best_model.pth')))
Final Test MSE (Best Model): 0.0144
Finished. Status: Success
