Starting Run on GPU 2
Time: 2025-12-24 23:51:55

[Run Start] Subject S007 | Mode ['SDA'] | Params: L2.5_LS0.7_LR0.0001_E256_D32_Dr0.3

[Fold 1 - SDA] Train: ['S007_T006', 'S007_T009'], Test: S007_T005, Norm: fixed
/home/sangukchoi/.conda/envs/torch_gpu/lib/python3.10/site-packages/torch/nn/modules/rnn.py:123: UserWarning: dropout option adds dropout after all but last recurrent layer, so non-zero dropout expects num_layers greater than 1, but got dropout=0.3 and num_layers=1
  warnings.warn(
  Ep 1: Train 0.4673 | Val 0.5055 | Test 0.0505
Validation loss decreased (0.505456 --> 0.505456).  Saving model ...
  Ep 2: Train 0.3359 | Val 0.5088 | Test 0.0281
EarlyStopping counter: 1 out of 5
  Ep 3: Train 0.2949 | Val 0.3985 | Test 0.0215
Validation loss decreased (0.398514 --> 0.398514).  Saving model ...
  Ep 4: Train 0.2835 | Val 0.3317 | Test 0.0231
Validation loss decreased (0.331715 --> 0.331715).  Saving model ...
  Ep 5: Train 0.2673 | Val 0.3759 | Test 0.0187
EarlyStopping counter: 1 out of 5
  Ep 6: Train 0.2543 | Val 0.3853 | Test 0.0176
EarlyStopping counter: 2 out of 5
  Ep 7: Train 0.2499 | Val 0.3546 | Test 0.0174
EarlyStopping counter: 3 out of 5
  Ep 8: Train 0.2435 | Val 0.3500 | Test 0.0180
EarlyStopping counter: 4 out of 5
  Ep 9: Train 0.2416 | Val 0.3717 | Test 0.0126
EarlyStopping counter: 5 out of 5
Early stopping triggered!
/home/sangukchoi/Stroke_SDA/sda_training.py:615: FutureWarning: You are using `torch.load` with `weights_only=False` (the current default value), which uses the default pickle module implicitly. It is possible to construct malicious pickle data which will execute arbitrary code during unpickling (See https://github.com/pytorch/pytorch/blob/main/SECURITY.md#untrusted-models for more details). In a future release, the default value for `weights_only` will be flipped to `True`. This limits the functions that could be executed during unpickling. Arbitrary objects will no longer be allowed to be loaded via this mode unless they are explicitly allowlisted by the user via `torch.serialization.add_safe_globals`. We recommend you start setting `weights_only=True` for any use case where you don't have full control of the loaded file. Please open an issue on GitHub for any issues related to this experimental feature.
  model.load_state_dict(torch.load(os.path.join(out_dir, 'best_model.pth')))
Final Test MSE (Best Model): 0.0231
Finished. Status: Success
