Starting Run on GPU 2
Time: 2025-12-24 22:27:56

[Run Start] Subject S007 | Mode ['SDA'] | Params: L1.5_LS0.7_LR0.0001_E256_D128_Dr0.3

[Fold 1 - SDA] Train: ['S007_T006', 'S007_T009'], Test: S007_T005, Norm: fixed
/home/sangukchoi/.conda/envs/torch_gpu/lib/python3.10/site-packages/torch/nn/modules/rnn.py:123: UserWarning: dropout option adds dropout after all but last recurrent layer, so non-zero dropout expects num_layers greater than 1, but got dropout=0.3 and num_layers=1
  warnings.warn(
  Ep 1: Train 0.3034 | Val 0.2578 | Test 0.0146
Validation loss decreased (0.257817 --> 0.257817).  Saving model ...
  Ep 2: Train 0.1930 | Val 0.2127 | Test 0.0134
Validation loss decreased (0.212652 --> 0.212652).  Saving model ...
  Ep 3: Train 0.1776 | Val 0.1692 | Test 0.0193
Validation loss decreased (0.169179 --> 0.169179).  Saving model ...
  Ep 4: Train 0.1700 | Val 0.2026 | Test 0.0146
EarlyStopping counter: 1 out of 5
  Ep 5: Train 0.1675 | Val 0.1781 | Test 0.0113
EarlyStopping counter: 2 out of 5
  Ep 6: Train 0.1674 | Val 0.1440 | Test 0.0111
Validation loss decreased (0.144034 --> 0.144034).  Saving model ...
  Ep 7: Train 0.1606 | Val 0.1522 | Test 0.0103
EarlyStopping counter: 1 out of 5
  Ep 8: Train 0.1558 | Val 0.1464 | Test 0.0134
EarlyStopping counter: 2 out of 5
  Ep 9: Train 0.1525 | Val 0.1448 | Test 0.0110
EarlyStopping counter: 3 out of 5
  Ep 10: Train 0.1484 | Val 0.1357 | Test 0.0124
Validation loss decreased (0.135713 --> 0.135713).  Saving model ...
  Ep 11: Train 0.1461 | Val 0.1119 | Test 0.0080
Validation loss decreased (0.111921 --> 0.111921).  Saving model ...
  Ep 12: Train 0.1506 | Val 0.1202 | Test 0.0121
EarlyStopping counter: 1 out of 5
  Ep 13: Train 0.1439 | Val 0.1104 | Test 0.0075
Validation loss decreased (0.110435 --> 0.110435).  Saving model ...
  Ep 14: Train 0.1462 | Val 0.1183 | Test 0.0099
EarlyStopping counter: 1 out of 5
  Ep 15: Train 0.1422 | Val 0.1157 | Test 0.0076
EarlyStopping counter: 2 out of 5
  Ep 16: Train 0.1454 | Val 0.1005 | Test 0.0094
Validation loss decreased (0.100533 --> 0.100533).  Saving model ...
  Ep 17: Train 0.1387 | Val 0.0983 | Test 0.0098
Validation loss decreased (0.098276 --> 0.098276).  Saving model ...
  Ep 18: Train 0.1392 | Val 0.1025 | Test 0.0070
EarlyStopping counter: 1 out of 5
  Ep 19: Train 0.1390 | Val 0.1176 | Test 0.0104
EarlyStopping counter: 2 out of 5
  Ep 20: Train 0.1352 | Val 0.0571 | Test 0.0088
Validation loss decreased (0.057113 --> 0.057113).  Saving model ...
  Ep 21: Train 0.1415 | Val 0.1385 | Test 0.0083
EarlyStopping counter: 1 out of 5
  Ep 22: Train 0.1356 | Val 0.0849 | Test 0.0083
EarlyStopping counter: 2 out of 5
  Ep 23: Train 0.1325 | Val 0.1149 | Test 0.0102
EarlyStopping counter: 3 out of 5
  Ep 24: Train 0.1313 | Val 0.0829 | Test 0.0103
EarlyStopping counter: 4 out of 5
  Ep 25: Train 0.1311 | Val 0.0909 | Test 0.0112
EarlyStopping counter: 5 out of 5
Early stopping triggered!
/home/sangukchoi/Stroke_SDA/sda_training.py:615: FutureWarning: You are using `torch.load` with `weights_only=False` (the current default value), which uses the default pickle module implicitly. It is possible to construct malicious pickle data which will execute arbitrary code during unpickling (See https://github.com/pytorch/pytorch/blob/main/SECURITY.md#untrusted-models for more details). In a future release, the default value for `weights_only` will be flipped to `True`. This limits the functions that could be executed during unpickling. Arbitrary objects will no longer be allowed to be loaded via this mode unless they are explicitly allowlisted by the user via `torch.serialization.add_safe_globals`. We recommend you start setting `weights_only=True` for any use case where you don't have full control of the loaded file. Please open an issue on GitHub for any issues related to this experimental feature.
  model.load_state_dict(torch.load(os.path.join(out_dir, 'best_model.pth')))
Final Test MSE (Best Model): 0.0088
Finished. Status: Success
