Starting Run on GPU 3
Time: 2025-12-25 00:52:02

[Run Start] Subject S007 | Mode ['SDA'] | Params: L3.0_LS1.0_LR0.0001_E64_D32_Dr0.3

[Fold 1 - SDA] Train: ['S007_T006', 'S007_T009'], Test: S007_T005, Norm: fixed
/home/sangukchoi/.conda/envs/torch_gpu/lib/python3.10/site-packages/torch/nn/modules/rnn.py:123: UserWarning: dropout option adds dropout after all but last recurrent layer, so non-zero dropout expects num_layers greater than 1, but got dropout=0.3 and num_layers=1
  warnings.warn(
  Ep 1: Train 1.0230 | Val 0.6604 | Test 0.1215
Validation loss decreased (0.660383 --> 0.660383).  Saving model ...
  Ep 2: Train 0.4746 | Val 0.3813 | Test 0.0283
Validation loss decreased (0.381334 --> 0.381334).  Saving model ...
  Ep 3: Train 0.3637 | Val 0.3401 | Test 0.0218
Validation loss decreased (0.340143 --> 0.340143).  Saving model ...
  Ep 4: Train 0.3366 | Val 0.3557 | Test 0.0214
EarlyStopping counter: 1 out of 5
  Ep 5: Train 0.3337 | Val 0.3510 | Test 0.0196
EarlyStopping counter: 2 out of 5
  Ep 6: Train 0.3323 | Val 0.3008 | Test 0.0169
Validation loss decreased (0.300808 --> 0.300808).  Saving model ...
  Ep 7: Train 0.3172 | Val 0.3186 | Test 0.0170
EarlyStopping counter: 1 out of 5
  Ep 8: Train 0.3238 | Val 0.3032 | Test 0.0183
EarlyStopping counter: 2 out of 5
  Ep 9: Train 0.3257 | Val 0.3039 | Test 0.0160
EarlyStopping counter: 3 out of 5
  Ep 10: Train 0.3178 | Val 0.3085 | Test 0.0200
EarlyStopping counter: 4 out of 5
  Ep 11: Train 0.3159 | Val 0.3113 | Test 0.0159
EarlyStopping counter: 5 out of 5
Early stopping triggered!
/home/sangukchoi/Stroke_SDA/sda_training.py:615: FutureWarning: You are using `torch.load` with `weights_only=False` (the current default value), which uses the default pickle module implicitly. It is possible to construct malicious pickle data which will execute arbitrary code during unpickling (See https://github.com/pytorch/pytorch/blob/main/SECURITY.md#untrusted-models for more details). In a future release, the default value for `weights_only` will be flipped to `True`. This limits the functions that could be executed during unpickling. Arbitrary objects will no longer be allowed to be loaded via this mode unless they are explicitly allowlisted by the user via `torch.serialization.add_safe_globals`. We recommend you start setting `weights_only=True` for any use case where you don't have full control of the loaded file. Please open an issue on GitHub for any issues related to this experimental feature.
  model.load_state_dict(torch.load(os.path.join(out_dir, 'best_model.pth')))
Final Test MSE (Best Model): 0.0169
Finished. Status: Success
