Starting Run on GPU 1
Time: 2025-12-24 23:17:33

[Run Start] Subject S007 | Mode ['SDA'] | Params: L2.0_LS1.0_LR0.0001_E256_D32_Dr0.3

[Fold 1 - SDA] Train: ['S007_T006', 'S007_T009'], Test: S007_T005, Norm: fixed
/home/sangukchoi/.conda/envs/torch_gpu/lib/python3.10/site-packages/torch/nn/modules/rnn.py:123: UserWarning: dropout option adds dropout after all but last recurrent layer, so non-zero dropout expects num_layers greater than 1, but got dropout=0.3 and num_layers=1
  warnings.warn(
  Ep 1: Train 0.4134 | Val 0.3306 | Test 0.0182
Validation loss decreased (0.330621 --> 0.330621).  Saving model ...
  Ep 2: Train 0.2537 | Val 0.2775 | Test 0.0117
Validation loss decreased (0.277484 --> 0.277484).  Saving model ...
  Ep 3: Train 0.2269 | Val 0.2168 | Test 0.0115
Validation loss decreased (0.216847 --> 0.216847).  Saving model ...
  Ep 4: Train 0.2223 | Val 0.2416 | Test 0.0149
EarlyStopping counter: 1 out of 5
  Ep 5: Train 0.2071 | Val 0.2076 | Test 0.0113
Validation loss decreased (0.207579 --> 0.207579).  Saving model ...
  Ep 6: Train 0.2109 | Val 0.2036 | Test 0.0086
Validation loss decreased (0.203588 --> 0.203588).  Saving model ...
  Ep 7: Train 0.2054 | Val 0.2069 | Test 0.0082
EarlyStopping counter: 1 out of 5
  Ep 8: Train 0.2016 | Val 0.1764 | Test 0.0080
Validation loss decreased (0.176402 --> 0.176402).  Saving model ...
  Ep 9: Train 0.1944 | Val 0.1768 | Test 0.0073
EarlyStopping counter: 1 out of 5
  Ep 10: Train 0.1915 | Val 0.1800 | Test 0.0087
EarlyStopping counter: 2 out of 5
  Ep 11: Train 0.1903 | Val 0.1923 | Test 0.0086
EarlyStopping counter: 3 out of 5
  Ep 12: Train 0.1905 | Val 0.1837 | Test 0.0069
EarlyStopping counter: 4 out of 5
  Ep 13: Train 0.1932 | Val 0.2093 | Test 0.0098
EarlyStopping counter: 5 out of 5
Early stopping triggered!
/home/sangukchoi/Stroke_SDA/sda_training.py:615: FutureWarning: You are using `torch.load` with `weights_only=False` (the current default value), which uses the default pickle module implicitly. It is possible to construct malicious pickle data which will execute arbitrary code during unpickling (See https://github.com/pytorch/pytorch/blob/main/SECURITY.md#untrusted-models for more details). In a future release, the default value for `weights_only` will be flipped to `True`. This limits the functions that could be executed during unpickling. Arbitrary objects will no longer be allowed to be loaded via this mode unless they are explicitly allowlisted by the user via `torch.serialization.add_safe_globals`. We recommend you start setting `weights_only=True` for any use case where you don't have full control of the loaded file. Please open an issue on GitHub for any issues related to this experimental feature.
  model.load_state_dict(torch.load(os.path.join(out_dir, 'best_model.pth')))
Final Test MSE (Best Model): 0.0080
Finished. Status: Success
