Starting Run on GPU 3
Time: 2025-12-24 22:03:38

[Run Start] Subject S007 | Mode ['SDA'] | Params: L1.0_LS1.0_LR0.0001_E64_D64_Dr0.3

[Fold 1 - SDA] Train: ['S007_T006', 'S007_T009'], Test: S007_T005, Norm: fixed
/home/sangukchoi/.conda/envs/torch_gpu/lib/python3.10/site-packages/torch/nn/modules/rnn.py:123: UserWarning: dropout option adds dropout after all but last recurrent layer, so non-zero dropout expects num_layers greater than 1, but got dropout=0.3 and num_layers=1
  warnings.warn(
  Ep 1: Train 0.4388 | Val 0.2677 | Test 0.0399
Validation loss decreased (0.267704 --> 0.267704).  Saving model ...
  Ep 2: Train 0.2120 | Val 0.1866 | Test 0.0296
Validation loss decreased (0.186632 --> 0.186632).  Saving model ...
  Ep 3: Train 0.1792 | Val 0.1644 | Test 0.0193
Validation loss decreased (0.164434 --> 0.164434).  Saving model ...
  Ep 4: Train 0.1664 | Val 0.1429 | Test 0.0165
Validation loss decreased (0.142901 --> 0.142901).  Saving model ...
  Ep 5: Train 0.1604 | Val 0.1441 | Test 0.0170
EarlyStopping counter: 1 out of 5
  Ep 6: Train 0.1557 | Val 0.1489 | Test 0.0189
EarlyStopping counter: 2 out of 5
  Ep 7: Train 0.1530 | Val 0.1402 | Test 0.0167
Validation loss decreased (0.140202 --> 0.140202).  Saving model ...
  Ep 8: Train 0.1508 | Val 0.1446 | Test 0.0183
EarlyStopping counter: 1 out of 5
  Ep 9: Train 0.1470 | Val 0.1416 | Test 0.0179
EarlyStopping counter: 2 out of 5
  Ep 10: Train 0.1462 | Val 0.1397 | Test 0.0174
EarlyStopping counter: 3 out of 5
  Ep 11: Train 0.1428 | Val 0.1422 | Test 0.0168
EarlyStopping counter: 4 out of 5
  Ep 12: Train 0.1417 | Val 0.1401 | Test 0.0182
EarlyStopping counter: 5 out of 5
Early stopping triggered!
/home/sangukchoi/Stroke_SDA/sda_training.py:615: FutureWarning: You are using `torch.load` with `weights_only=False` (the current default value), which uses the default pickle module implicitly. It is possible to construct malicious pickle data which will execute arbitrary code during unpickling (See https://github.com/pytorch/pytorch/blob/main/SECURITY.md#untrusted-models for more details). In a future release, the default value for `weights_only` will be flipped to `True`. This limits the functions that could be executed during unpickling. Arbitrary objects will no longer be allowed to be loaded via this mode unless they are explicitly allowlisted by the user via `torch.serialization.add_safe_globals`. We recommend you start setting `weights_only=True` for any use case where you don't have full control of the loaded file. Please open an issue on GitHub for any issues related to this experimental feature.
  model.load_state_dict(torch.load(os.path.join(out_dir, 'best_model.pth')))
Final Test MSE (Best Model): 0.0167
Finished. Status: Success
