Starting Run on GPU 2
Time: 2025-12-24 23:09:17

[Run Start] Subject S007 | Mode ['SDA'] | Params: L2.0_LS1.0_LR0.0001_E64_D128_Dr0.3

[Fold 1 - SDA] Train: ['S007_T006', 'S007_T009'], Test: S007_T005, Norm: fixed
/home/sangukchoi/.conda/envs/torch_gpu/lib/python3.10/site-packages/torch/nn/modules/rnn.py:123: UserWarning: dropout option adds dropout after all but last recurrent layer, so non-zero dropout expects num_layers greater than 1, but got dropout=0.3 and num_layers=1
  warnings.warn(
  Ep 1: Train 0.6140 | Val 0.4724 | Test 0.0544
Validation loss decreased (0.472399 --> 0.472399).  Saving model ...
  Ep 2: Train 0.3721 | Val 0.4012 | Test 0.0298
Validation loss decreased (0.401209 --> 0.401209).  Saving model ...
  Ep 3: Train 0.3307 | Val 0.3573 | Test 0.0264
Validation loss decreased (0.357349 --> 0.357349).  Saving model ...
  Ep 4: Train 0.3142 | Val 0.3610 | Test 0.0213
EarlyStopping counter: 1 out of 5
  Ep 5: Train 0.3003 | Val 0.3413 | Test 0.0213
Validation loss decreased (0.341334 --> 0.341334).  Saving model ...
  Ep 6: Train 0.2863 | Val 0.3225 | Test 0.0197
Validation loss decreased (0.322513 --> 0.322513).  Saving model ...
  Ep 7: Train 0.2807 | Val 0.3031 | Test 0.0193
Validation loss decreased (0.303144 --> 0.303144).  Saving model ...
  Ep 8: Train 0.2699 | Val 0.2977 | Test 0.0202
Validation loss decreased (0.297702 --> 0.297702).  Saving model ...
  Ep 9: Train 0.2661 | Val 0.2866 | Test 0.0196
Validation loss decreased (0.286615 --> 0.286615).  Saving model ...
  Ep 10: Train 0.2615 | Val 0.2865 | Test 0.0208
EarlyStopping counter: 1 out of 5
  Ep 11: Train 0.2532 | Val 0.2729 | Test 0.0217
Validation loss decreased (0.272899 --> 0.272899).  Saving model ...
  Ep 12: Train 0.2478 | Val 0.2724 | Test 0.0220
Validation loss decreased (0.272356 --> 0.272356).  Saving model ...
  Ep 13: Train 0.2462 | Val 0.2639 | Test 0.0216
Validation loss decreased (0.263925 --> 0.263925).  Saving model ...
  Ep 14: Train 0.2404 | Val 0.2505 | Test 0.0204
Validation loss decreased (0.250507 --> 0.250507).  Saving model ...
  Ep 15: Train 0.2405 | Val 0.2485 | Test 0.0226
Validation loss decreased (0.248528 --> 0.248528).  Saving model ...
  Ep 16: Train 0.2366 | Val 0.2467 | Test 0.0226
Validation loss decreased (0.246712 --> 0.246712).  Saving model ...
  Ep 17: Train 0.2335 | Val 0.2553 | Test 0.0224
EarlyStopping counter: 1 out of 5
  Ep 18: Train 0.2317 | Val 0.2361 | Test 0.0240
Validation loss decreased (0.236052 --> 0.236052).  Saving model ...
  Ep 19: Train 0.2331 | Val 0.2477 | Test 0.0209
EarlyStopping counter: 1 out of 5
  Ep 20: Train 0.2273 | Val 0.2342 | Test 0.0244
Validation loss decreased (0.234239 --> 0.234239).  Saving model ...
  Ep 21: Train 0.2267 | Val 0.2449 | Test 0.0260
EarlyStopping counter: 1 out of 5
  Ep 22: Train 0.2246 | Val 0.2474 | Test 0.0266
EarlyStopping counter: 2 out of 5
  Ep 23: Train 0.2187 | Val 0.2268 | Test 0.0196
Validation loss decreased (0.226811 --> 0.226811).  Saving model ...
  Ep 24: Train 0.2173 | Val 0.2327 | Test 0.0216
EarlyStopping counter: 1 out of 5
  Ep 25: Train 0.2209 | Val 0.2252 | Test 0.0241
Validation loss decreased (0.225179 --> 0.225179).  Saving model ...
  Ep 26: Train 0.2148 | Val 0.2493 | Test 0.0201
EarlyStopping counter: 1 out of 5
  Ep 27: Train 0.2107 | Val 0.2216 | Test 0.0182
Validation loss decreased (0.221572 --> 0.221572).  Saving model ...
  Ep 28: Train 0.2157 | Val 0.2214 | Test 0.0210
EarlyStopping counter: 1 out of 5
  Ep 29: Train 0.2089 | Val 0.2271 | Test 0.0172
EarlyStopping counter: 2 out of 5
  Ep 30: Train 0.2117 | Val 0.2124 | Test 0.0194
Validation loss decreased (0.212442 --> 0.212442).  Saving model ...
  Ep 31: Train 0.2145 | Val 0.2191 | Test 0.0183
EarlyStopping counter: 1 out of 5
  Ep 32: Train 0.2089 | Val 0.2473 | Test 0.0191
EarlyStopping counter: 2 out of 5
  Ep 33: Train 0.2101 | Val 0.2386 | Test 0.0174
EarlyStopping counter: 3 out of 5
  Ep 34: Train 0.2052 | Val 0.2343 | Test 0.0150
EarlyStopping counter: 4 out of 5
  Ep 35: Train 0.2068 | Val 0.2284 | Test 0.0126
EarlyStopping counter: 5 out of 5
Early stopping triggered!
/home/sangukchoi/Stroke_SDA/sda_training.py:615: FutureWarning: You are using `torch.load` with `weights_only=False` (the current default value), which uses the default pickle module implicitly. It is possible to construct malicious pickle data which will execute arbitrary code during unpickling (See https://github.com/pytorch/pytorch/blob/main/SECURITY.md#untrusted-models for more details). In a future release, the default value for `weights_only` will be flipped to `True`. This limits the functions that could be executed during unpickling. Arbitrary objects will no longer be allowed to be loaded via this mode unless they are explicitly allowlisted by the user via `torch.serialization.add_safe_globals`. We recommend you start setting `weights_only=True` for any use case where you don't have full control of the loaded file. Please open an issue on GitHub for any issues related to this experimental feature.
  model.load_state_dict(torch.load(os.path.join(out_dir, 'best_model.pth')))
Final Test MSE (Best Model): 0.0194
Finished. Status: Success
