Starting Run on GPU 3
Time: 2025-12-25 00:31:52

[Run Start] Subject S007 | Mode ['SDA'] | Params: L3.0_LS0.5_LR0.0001_E128_D64_Dr0.3

[Fold 1 - SDA] Train: ['S007_T006', 'S007_T009'], Test: S007_T005, Norm: fixed
/home/sangukchoi/.conda/envs/torch_gpu/lib/python3.10/site-packages/torch/nn/modules/rnn.py:123: UserWarning: dropout option adds dropout after all but last recurrent layer, so non-zero dropout expects num_layers greater than 1, but got dropout=0.3 and num_layers=1
  warnings.warn(
  Ep 1: Train 0.5933 | Val 0.6048 | Test 0.0856
Validation loss decreased (0.604800 --> 0.604800).  Saving model ...
  Ep 2: Train 0.4236 | Val 0.5477 | Test 0.0622
Validation loss decreased (0.547661 --> 0.547661).  Saving model ...
  Ep 3: Train 0.3862 | Val 0.5316 | Test 0.0536
Validation loss decreased (0.531584 --> 0.531584).  Saving model ...
  Ep 4: Train 0.3539 | Val 0.5154 | Test 0.0398
Validation loss decreased (0.515351 --> 0.515351).  Saving model ...
  Ep 5: Train 0.3354 | Val 0.4316 | Test 0.0314
Validation loss decreased (0.431629 --> 0.431629).  Saving model ...
  Ep 6: Train 0.3121 | Val 0.4146 | Test 0.0323
Validation loss decreased (0.414632 --> 0.414632).  Saving model ...
  Ep 7: Train 0.3061 | Val 0.3858 | Test 0.0288
Validation loss decreased (0.385793 --> 0.385793).  Saving model ...
  Ep 8: Train 0.3006 | Val 0.4027 | Test 0.0229
EarlyStopping counter: 1 out of 5
  Ep 9: Train 0.3038 | Val 0.4362 | Test 0.0249
EarlyStopping counter: 2 out of 5
  Ep 10: Train 0.2851 | Val 0.3539 | Test 0.0199
Validation loss decreased (0.353909 --> 0.353909).  Saving model ...
  Ep 11: Train 0.2870 | Val 0.3440 | Test 0.0205
Validation loss decreased (0.343989 --> 0.343989).  Saving model ...
  Ep 12: Train 0.2846 | Val 0.3429 | Test 0.0219
Validation loss decreased (0.342921 --> 0.342921).  Saving model ...
  Ep 13: Train 0.2734 | Val 0.3383 | Test 0.0235
Validation loss decreased (0.338268 --> 0.338268).  Saving model ...
  Ep 14: Train 0.2810 | Val 0.3802 | Test 0.0172
EarlyStopping counter: 1 out of 5
  Ep 15: Train 0.2745 | Val 0.3653 | Test 0.0181
EarlyStopping counter: 2 out of 5
  Ep 16: Train 0.2709 | Val 0.3540 | Test 0.0167
EarlyStopping counter: 3 out of 5
  Ep 17: Train 0.2737 | Val 0.3507 | Test 0.0225
EarlyStopping counter: 4 out of 5
  Ep 18: Train 0.2663 | Val 0.4676 | Test 0.0156
EarlyStopping counter: 5 out of 5
Early stopping triggered!
/home/sangukchoi/Stroke_SDA/sda_training.py:615: FutureWarning: You are using `torch.load` with `weights_only=False` (the current default value), which uses the default pickle module implicitly. It is possible to construct malicious pickle data which will execute arbitrary code during unpickling (See https://github.com/pytorch/pytorch/blob/main/SECURITY.md#untrusted-models for more details). In a future release, the default value for `weights_only` will be flipped to `True`. This limits the functions that could be executed during unpickling. Arbitrary objects will no longer be allowed to be loaded via this mode unless they are explicitly allowlisted by the user via `torch.serialization.add_safe_globals`. We recommend you start setting `weights_only=True` for any use case where you don't have full control of the loaded file. Please open an issue on GitHub for any issues related to this experimental feature.
  model.load_state_dict(torch.load(os.path.join(out_dir, 'best_model.pth')))
Final Test MSE (Best Model): 0.0235
Finished. Status: Success
