Starting Run on GPU 0
Time: 2025-12-25 00:41:20

[Run Start] Subject S007 | Mode ['SDA'] | Params: L3.0_LS0.7_LR0.0001_E64_D128_Dr0.3

[Fold 1 - SDA] Train: ['S007_T006', 'S007_T009'], Test: S007_T005, Norm: fixed
/home/sangukchoi/.conda/envs/torch_gpu/lib/python3.10/site-packages/torch/nn/modules/rnn.py:123: UserWarning: dropout option adds dropout after all but last recurrent layer, so non-zero dropout expects num_layers greater than 1, but got dropout=0.3 and num_layers=1
  warnings.warn(
  Ep 1: Train 0.7119 | Val 0.6744 | Test 0.0594
Validation loss decreased (0.674434 --> 0.674434).  Saving model ...
  Ep 2: Train 0.4857 | Val 0.6228 | Test 0.0435
Validation loss decreased (0.622828 --> 0.622828).  Saving model ...
  Ep 3: Train 0.4358 | Val 0.5536 | Test 0.0359
Validation loss decreased (0.553627 --> 0.553627).  Saving model ...
  Ep 4: Train 0.4108 | Val 0.4829 | Test 0.0347
Validation loss decreased (0.482856 --> 0.482856).  Saving model ...
  Ep 5: Train 0.3954 | Val 0.4509 | Test 0.0315
Validation loss decreased (0.450891 --> 0.450891).  Saving model ...
  Ep 6: Train 0.3829 | Val 0.4363 | Test 0.0290
Validation loss decreased (0.436319 --> 0.436319).  Saving model ...
  Ep 7: Train 0.3733 | Val 0.3939 | Test 0.0277
Validation loss decreased (0.393857 --> 0.393857).  Saving model ...
  Ep 8: Train 0.3752 | Val 0.4133 | Test 0.0279
EarlyStopping counter: 1 out of 5
  Ep 9: Train 0.3644 | Val 0.4014 | Test 0.0246
EarlyStopping counter: 2 out of 5
  Ep 10: Train 0.3619 | Val 0.3771 | Test 0.0236
Validation loss decreased (0.377093 --> 0.377093).  Saving model ...
  Ep 11: Train 0.3541 | Val 0.3840 | Test 0.0194
EarlyStopping counter: 1 out of 5
  Ep 12: Train 0.3515 | Val 0.3430 | Test 0.0191
Validation loss decreased (0.342951 --> 0.342951).  Saving model ...
  Ep 13: Train 0.3477 | Val 0.3735 | Test 0.0261
EarlyStopping counter: 1 out of 5
  Ep 14: Train 0.3439 | Val 0.3544 | Test 0.0221
EarlyStopping counter: 2 out of 5
  Ep 15: Train 0.3434 | Val 0.3539 | Test 0.0220
EarlyStopping counter: 3 out of 5
  Ep 16: Train 0.3369 | Val 0.3285 | Test 0.0215
Validation loss decreased (0.328490 --> 0.328490).  Saving model ...
  Ep 17: Train 0.3378 | Val 0.3251 | Test 0.0200
Validation loss decreased (0.325127 --> 0.325127).  Saving model ...
  Ep 18: Train 0.3315 | Val 0.3193 | Test 0.0207
Validation loss decreased (0.319264 --> 0.319264).  Saving model ...
  Ep 19: Train 0.3295 | Val 0.3047 | Test 0.0209
Validation loss decreased (0.304711 --> 0.304711).  Saving model ...
  Ep 20: Train 0.3304 | Val 0.3217 | Test 0.0197
EarlyStopping counter: 1 out of 5
  Ep 21: Train 0.3265 | Val 0.3296 | Test 0.0241
EarlyStopping counter: 2 out of 5
  Ep 22: Train 0.3258 | Val 0.3164 | Test 0.0246
EarlyStopping counter: 3 out of 5
  Ep 23: Train 0.3172 | Val 0.2916 | Test 0.0220
Validation loss decreased (0.291628 --> 0.291628).  Saving model ...
  Ep 24: Train 0.3194 | Val 0.3110 | Test 0.0205
EarlyStopping counter: 1 out of 5
  Ep 25: Train 0.3162 | Val 0.3053 | Test 0.0222
EarlyStopping counter: 2 out of 5
  Ep 26: Train 0.3202 | Val 0.3004 | Test 0.0203
EarlyStopping counter: 3 out of 5
  Ep 27: Train 0.3126 | Val 0.2694 | Test 0.0220
Validation loss decreased (0.269431 --> 0.269431).  Saving model ...
  Ep 28: Train 0.3133 | Val 0.3095 | Test 0.0181
EarlyStopping counter: 1 out of 5
  Ep 29: Train 0.3071 | Val 0.3277 | Test 0.0222
EarlyStopping counter: 2 out of 5
  Ep 30: Train 0.3125 | Val 0.2957 | Test 0.0175
EarlyStopping counter: 3 out of 5
  Ep 31: Train 0.3054 | Val 0.2434 | Test 0.0160
Validation loss decreased (0.243377 --> 0.243377).  Saving model ...
  Ep 32: Train 0.3030 | Val 0.2984 | Test 0.0176
EarlyStopping counter: 1 out of 5
  Ep 33: Train 0.3007 | Val 0.3366 | Test 0.0221
EarlyStopping counter: 2 out of 5
  Ep 34: Train 0.2999 | Val 0.3464 | Test 0.0178
EarlyStopping counter: 3 out of 5
  Ep 35: Train 0.2981 | Val 0.2091 | Test 0.0173
Validation loss decreased (0.209138 --> 0.209138).  Saving model ...
  Ep 36: Train 0.2943 | Val 0.4291 | Test 0.0214
EarlyStopping counter: 1 out of 5
  Ep 37: Train 0.2906 | Val 0.2636 | Test 0.0262
EarlyStopping counter: 2 out of 5
  Ep 38: Train 0.2815 | Val 0.1775 | Test 0.0195
Validation loss decreased (0.177506 --> 0.177506).  Saving model ...
  Ep 39: Train 0.2873 | Val 0.1113 | Test 0.0242
Validation loss decreased (0.111283 --> 0.111283).  Saving model ...
  Ep 40: Train 0.2992 | Val 0.1351 | Test 0.0172
EarlyStopping counter: 1 out of 5
  Ep 41: Train 0.2958 | Val 0.4362 | Test 0.0236
EarlyStopping counter: 2 out of 5
  Ep 42: Train 0.3000 | Val -0.1450 | Test 0.0307
Validation loss decreased (-0.144953 --> -0.144953).  Saving model ...
  Ep 43: Train 0.3011 | Val -0.0139 | Test 0.0208
EarlyStopping counter: 1 out of 5
  Ep 44: Train 0.3830 | Val 0.0635 | Test 0.0261
EarlyStopping counter: 2 out of 5
  Ep 45: Train 0.3296 | Val -0.0236 | Test 0.0168
EarlyStopping counter: 3 out of 5
  Ep 46: Train 0.3324 | Val 0.0019 | Test 0.0444
EarlyStopping counter: 4 out of 5
  Ep 47: Train 0.4494 | Val 0.3158 | Test 0.0170
EarlyStopping counter: 5 out of 5
Early stopping triggered!
/home/sangukchoi/Stroke_SDA/sda_training.py:615: FutureWarning: You are using `torch.load` with `weights_only=False` (the current default value), which uses the default pickle module implicitly. It is possible to construct malicious pickle data which will execute arbitrary code during unpickling (See https://github.com/pytorch/pytorch/blob/main/SECURITY.md#untrusted-models for more details). In a future release, the default value for `weights_only` will be flipped to `True`. This limits the functions that could be executed during unpickling. Arbitrary objects will no longer be allowed to be loaded via this mode unless they are explicitly allowlisted by the user via `torch.serialization.add_safe_globals`. We recommend you start setting `weights_only=True` for any use case where you don't have full control of the loaded file. Please open an issue on GitHub for any issues related to this experimental feature.
  model.load_state_dict(torch.load(os.path.join(out_dir, 'best_model.pth')))
Final Test MSE (Best Model): 0.0307
Finished. Status: Success
