Starting Run on GPU 1
Time: 2025-12-25 00:41:15

[Run Start] Subject S007 | Mode ['SDA'] | Params: L3.0_LS0.7_LR0.0001_E64_D64_Dr0.3

[Fold 1 - SDA] Train: ['S007_T006', 'S007_T009'], Test: S007_T005, Norm: fixed
/home/sangukchoi/.conda/envs/torch_gpu/lib/python3.10/site-packages/torch/nn/modules/rnn.py:123: UserWarning: dropout option adds dropout after all but last recurrent layer, so non-zero dropout expects num_layers greater than 1, but got dropout=0.3 and num_layers=1
  warnings.warn(
  Ep 1: Train 0.7391 | Val 0.7158 | Test 0.0868
Validation loss decreased (0.715847 --> 0.715847).  Saving model ...
  Ep 2: Train 0.4846 | Val 0.7002 | Test 0.0677
Validation loss decreased (0.700237 --> 0.700237).  Saving model ...
  Ep 3: Train 0.4382 | Val 0.6550 | Test 0.0613
Validation loss decreased (0.654953 --> 0.654953).  Saving model ...
  Ep 4: Train 0.4091 | Val 0.6143 | Test 0.0611
Validation loss decreased (0.614306 --> 0.614306).  Saving model ...
  Ep 5: Train 0.3869 | Val 0.5678 | Test 0.0478
Validation loss decreased (0.567803 --> 0.567803).  Saving model ...
  Ep 6: Train 0.3686 | Val 0.5220 | Test 0.0451
Validation loss decreased (0.522035 --> 0.522035).  Saving model ...
  Ep 7: Train 0.3620 | Val 0.5202 | Test 0.0404
Validation loss decreased (0.520191 --> 0.520191).  Saving model ...
  Ep 8: Train 0.3528 | Val 0.5617 | Test 0.0294
EarlyStopping counter: 1 out of 5
  Ep 9: Train 0.3416 | Val 0.5841 | Test 0.0296
EarlyStopping counter: 2 out of 5
  Ep 10: Train 0.3346 | Val 0.5169 | Test 0.0258
Validation loss decreased (0.516860 --> 0.516860).  Saving model ...
  Ep 11: Train 0.3248 | Val 0.5438 | Test 0.0278
EarlyStopping counter: 1 out of 5
  Ep 12: Train 0.3279 | Val 0.5025 | Test 0.0265
Validation loss decreased (0.502476 --> 0.502476).  Saving model ...
  Ep 13: Train 0.3195 | Val 0.4256 | Test 0.0243
Validation loss decreased (0.425588 --> 0.425588).  Saving model ...
  Ep 14: Train 0.3186 | Val 0.4870 | Test 0.0195
EarlyStopping counter: 1 out of 5
  Ep 15: Train 0.3081 | Val 0.4191 | Test 0.0216
Validation loss decreased (0.419054 --> 0.419054).  Saving model ...
  Ep 16: Train 0.3070 | Val 0.5102 | Test 0.0237
EarlyStopping counter: 1 out of 5
  Ep 17: Train 0.2993 | Val 0.4605 | Test 0.0240
EarlyStopping counter: 2 out of 5
  Ep 18: Train 0.3038 | Val 0.5107 | Test 0.0161
EarlyStopping counter: 3 out of 5
  Ep 19: Train 0.2992 | Val 0.4233 | Test 0.0214
EarlyStopping counter: 4 out of 5
  Ep 20: Train 0.2975 | Val 0.4914 | Test 0.0203
EarlyStopping counter: 5 out of 5
Early stopping triggered!
/home/sangukchoi/Stroke_SDA/sda_training.py:615: FutureWarning: You are using `torch.load` with `weights_only=False` (the current default value), which uses the default pickle module implicitly. It is possible to construct malicious pickle data which will execute arbitrary code during unpickling (See https://github.com/pytorch/pytorch/blob/main/SECURITY.md#untrusted-models for more details). In a future release, the default value for `weights_only` will be flipped to `True`. This limits the functions that could be executed during unpickling. Arbitrary objects will no longer be allowed to be loaded via this mode unless they are explicitly allowlisted by the user via `torch.serialization.add_safe_globals`. We recommend you start setting `weights_only=True` for any use case where you don't have full control of the loaded file. Please open an issue on GitHub for any issues related to this experimental feature.
  model.load_state_dict(torch.load(os.path.join(out_dir, 'best_model.pth')))
Final Test MSE (Best Model): 0.0216
Finished. Status: Success
