Starting Run on GPU 3
Time: 2025-12-24 23:21:52

[Run Start] Subject S007 | Mode ['SDA'] | Params: L2.5_LS0.3_LR0.0001_E64_D128_Dr0.3

[Fold 1 - SDA] Train: ['S007_T006', 'S007_T009'], Test: S007_T005, Norm: fixed
/home/sangukchoi/.conda/envs/torch_gpu/lib/python3.10/site-packages/torch/nn/modules/rnn.py:123: UserWarning: dropout option adds dropout after all but last recurrent layer, so non-zero dropout expects num_layers greater than 1, but got dropout=0.3 and num_layers=1
  warnings.warn(
  Ep 1: Train 0.5250 | Val 0.4399 | Test 0.0730
Validation loss decreased (0.439871 --> 0.439871).  Saving model ...
  Ep 2: Train 0.3743 | Val 0.3628 | Test 0.0481
Validation loss decreased (0.362768 --> 0.362768).  Saving model ...
  Ep 3: Train 0.3344 | Val 0.3295 | Test 0.0291
Validation loss decreased (0.329520 --> 0.329520).  Saving model ...
  Ep 4: Train 0.3026 | Val 0.3058 | Test 0.0234
Validation loss decreased (0.305754 --> 0.305754).  Saving model ...
  Ep 5: Train 0.2825 | Val 0.2880 | Test 0.0217
Validation loss decreased (0.287963 --> 0.287963).  Saving model ...
  Ep 6: Train 0.2784 | Val 0.2926 | Test 0.0192
EarlyStopping counter: 1 out of 5
  Ep 7: Train 0.2700 | Val 0.3069 | Test 0.0239
EarlyStopping counter: 2 out of 5
  Ep 8: Train 0.2637 | Val 0.2722 | Test 0.0170
Validation loss decreased (0.272218 --> 0.272218).  Saving model ...
  Ep 9: Train 0.2648 | Val 0.2890 | Test 0.0158
EarlyStopping counter: 1 out of 5
  Ep 10: Train 0.2580 | Val 0.2501 | Test 0.0141
Validation loss decreased (0.250100 --> 0.250100).  Saving model ...
  Ep 11: Train 0.2559 | Val 0.2351 | Test 0.0139
Validation loss decreased (0.235059 --> 0.235059).  Saving model ...
  Ep 12: Train 0.2496 | Val 0.2552 | Test 0.0134
EarlyStopping counter: 1 out of 5
  Ep 13: Train 0.2452 | Val 0.2435 | Test 0.0118
EarlyStopping counter: 2 out of 5
  Ep 14: Train 0.2412 | Val 0.2400 | Test 0.0137
EarlyStopping counter: 3 out of 5
  Ep 15: Train 0.2433 | Val 0.2259 | Test 0.0100
Validation loss decreased (0.225870 --> 0.225870).  Saving model ...
  Ep 16: Train 0.2349 | Val 0.2209 | Test 0.0100
Validation loss decreased (0.220861 --> 0.220861).  Saving model ...
  Ep 17: Train 0.2339 | Val 0.2297 | Test 0.0107
EarlyStopping counter: 1 out of 5
  Ep 18: Train 0.2312 | Val 0.2058 | Test 0.0099
Validation loss decreased (0.205838 --> 0.205838).  Saving model ...
  Ep 19: Train 0.2229 | Val 0.2327 | Test 0.0106
EarlyStopping counter: 1 out of 5
  Ep 20: Train 0.2256 | Val 0.2150 | Test 0.0097
EarlyStopping counter: 2 out of 5
  Ep 21: Train 0.2259 | Val 0.2073 | Test 0.0090
EarlyStopping counter: 3 out of 5
  Ep 22: Train 0.2231 | Val 0.2064 | Test 0.0105
EarlyStopping counter: 4 out of 5
  Ep 23: Train 0.2183 | Val 0.2109 | Test 0.0107
EarlyStopping counter: 5 out of 5
Early stopping triggered!
/home/sangukchoi/Stroke_SDA/sda_training.py:615: FutureWarning: You are using `torch.load` with `weights_only=False` (the current default value), which uses the default pickle module implicitly. It is possible to construct malicious pickle data which will execute arbitrary code during unpickling (See https://github.com/pytorch/pytorch/blob/main/SECURITY.md#untrusted-models for more details). In a future release, the default value for `weights_only` will be flipped to `True`. This limits the functions that could be executed during unpickling. Arbitrary objects will no longer be allowed to be loaded via this mode unless they are explicitly allowlisted by the user via `torch.serialization.add_safe_globals`. We recommend you start setting `weights_only=True` for any use case where you don't have full control of the loaded file. Please open an issue on GitHub for any issues related to this experimental feature.
  model.load_state_dict(torch.load(os.path.join(out_dir, 'best_model.pth')))
Final Test MSE (Best Model): 0.0099
Finished. Status: Success
