Starting Run on GPU 3
Time: 2025-12-24 22:16:40

[Run Start] Subject S007 | Mode ['SDA'] | Params: L1.5_LS0.7_LR0.0001_E64_D64_Dr0.3

[Fold 1 - SDA] Train: ['S007_T006', 'S007_T009'], Test: S007_T005, Norm: fixed
/home/sangukchoi/.conda/envs/torch_gpu/lib/python3.10/site-packages/torch/nn/modules/rnn.py:123: UserWarning: dropout option adds dropout after all but last recurrent layer, so non-zero dropout expects num_layers greater than 1, but got dropout=0.3 and num_layers=1
  warnings.warn(
  Ep 1: Train 0.4518 | Val 0.3871 | Test 0.0476
Validation loss decreased (0.387067 --> 0.387067).  Saving model ...
  Ep 2: Train 0.2702 | Val 0.3865 | Test 0.0399
Validation loss decreased (0.386545 --> 0.386545).  Saving model ...
  Ep 3: Train 0.2375 | Val 0.2970 | Test 0.0297
Validation loss decreased (0.297045 --> 0.297045).  Saving model ...
  Ep 4: Train 0.2091 | Val 0.2833 | Test 0.0343
Validation loss decreased (0.283303 --> 0.283303).  Saving model ...
  Ep 5: Train 0.1985 | Val 0.3069 | Test 0.0354
EarlyStopping counter: 1 out of 5
  Ep 6: Train 0.1883 | Val 0.2368 | Test 0.0297
Validation loss decreased (0.236752 --> 0.236752).  Saving model ...
  Ep 7: Train 0.1871 | Val 0.2516 | Test 0.0245
EarlyStopping counter: 1 out of 5
  Ep 8: Train 0.1858 | Val 0.2528 | Test 0.0250
EarlyStopping counter: 2 out of 5
  Ep 9: Train 0.1805 | Val 0.2491 | Test 0.0231
EarlyStopping counter: 3 out of 5
  Ep 10: Train 0.1778 | Val 0.2390 | Test 0.0222
EarlyStopping counter: 4 out of 5
  Ep 11: Train 0.1726 | Val 0.2461 | Test 0.0191
EarlyStopping counter: 5 out of 5
Early stopping triggered!
/home/sangukchoi/Stroke_SDA/sda_training.py:615: FutureWarning: You are using `torch.load` with `weights_only=False` (the current default value), which uses the default pickle module implicitly. It is possible to construct malicious pickle data which will execute arbitrary code during unpickling (See https://github.com/pytorch/pytorch/blob/main/SECURITY.md#untrusted-models for more details). In a future release, the default value for `weights_only` will be flipped to `True`. This limits the functions that could be executed during unpickling. Arbitrary objects will no longer be allowed to be loaded via this mode unless they are explicitly allowlisted by the user via `torch.serialization.add_safe_globals`. We recommend you start setting `weights_only=True` for any use case where you don't have full control of the loaded file. Please open an issue on GitHub for any issues related to this experimental feature.
  model.load_state_dict(torch.load(os.path.join(out_dir, 'best_model.pth')))
Final Test MSE (Best Model): 0.0297
Finished. Status: Success
