Starting Run on GPU 1
Time: 2025-12-24 21:24:18

[Run Start] Subject S007 | Mode ['SDA'] | Params: L0.5_LS0.7_LR0.0001_E128_D64_Dr0.3

[Fold 1 - SDA] Train: ['S007_T006', 'S007_T009'], Test: S007_T005, Norm: fixed
/home/sangukchoi/.conda/envs/torch_gpu/lib/python3.10/site-packages/torch/nn/modules/rnn.py:123: UserWarning: dropout option adds dropout after all but last recurrent layer, so non-zero dropout expects num_layers greater than 1, but got dropout=0.3 and num_layers=1
  warnings.warn(
  Ep 1: Train 0.2084 | Val 0.0999 | Test 0.0133
Validation loss decreased (0.099872 --> 0.099872).  Saving model ...
  Ep 2: Train 0.0909 | Val 0.0710 | Test 0.0106
Validation loss decreased (0.070988 --> 0.070988).  Saving model ...
  Ep 3: Train 0.0819 | Val 0.0675 | Test 0.0095
Validation loss decreased (0.067485 --> 0.067485).  Saving model ...
  Ep 4: Train 0.0759 | Val 0.0580 | Test 0.0080
Validation loss decreased (0.057969 --> 0.057969).  Saving model ...
  Ep 5: Train 0.0729 | Val 0.0585 | Test 0.0073
EarlyStopping counter: 1 out of 5
  Ep 6: Train 0.0723 | Val 0.0565 | Test 0.0064
Validation loss decreased (0.056483 --> 0.056483).  Saving model ...
  Ep 7: Train 0.0708 | Val 0.0520 | Test 0.0053
Validation loss decreased (0.051975 --> 0.051975).  Saving model ...
  Ep 8: Train 0.0697 | Val 0.0525 | Test 0.0060
EarlyStopping counter: 1 out of 5
  Ep 9: Train 0.0697 | Val 0.0488 | Test 0.0062
Validation loss decreased (0.048837 --> 0.048837).  Saving model ...
  Ep 10: Train 0.0694 | Val 0.0492 | Test 0.0058
EarlyStopping counter: 1 out of 5
  Ep 11: Train 0.0683 | Val 0.0489 | Test 0.0048
EarlyStopping counter: 2 out of 5
  Ep 12: Train 0.0671 | Val 0.0488 | Test 0.0052
EarlyStopping counter: 3 out of 5
  Ep 13: Train 0.0667 | Val 0.0501 | Test 0.0056
EarlyStopping counter: 4 out of 5
  Ep 14: Train 0.0652 | Val 0.0474 | Test 0.0045
Validation loss decreased (0.047356 --> 0.047356).  Saving model ...
  Ep 15: Train 0.0652 | Val 0.0436 | Test 0.0046
Validation loss decreased (0.043558 --> 0.043558).  Saving model ...
  Ep 16: Train 0.0650 | Val 0.0445 | Test 0.0064
EarlyStopping counter: 1 out of 5
  Ep 17: Train 0.0635 | Val 0.0457 | Test 0.0060
EarlyStopping counter: 2 out of 5
  Ep 18: Train 0.0620 | Val 0.0432 | Test 0.0054
EarlyStopping counter: 3 out of 5
  Ep 19: Train 0.0633 | Val 0.0473 | Test 0.0056
EarlyStopping counter: 4 out of 5
  Ep 20: Train 0.0625 | Val 0.0449 | Test 0.0052
EarlyStopping counter: 5 out of 5
Early stopping triggered!
/home/sangukchoi/Stroke_SDA/sda_training.py:615: FutureWarning: You are using `torch.load` with `weights_only=False` (the current default value), which uses the default pickle module implicitly. It is possible to construct malicious pickle data which will execute arbitrary code during unpickling (See https://github.com/pytorch/pytorch/blob/main/SECURITY.md#untrusted-models for more details). In a future release, the default value for `weights_only` will be flipped to `True`. This limits the functions that could be executed during unpickling. Arbitrary objects will no longer be allowed to be loaded via this mode unless they are explicitly allowlisted by the user via `torch.serialization.add_safe_globals`. We recommend you start setting `weights_only=True` for any use case where you don't have full control of the loaded file. Please open an issue on GitHub for any issues related to this experimental feature.
  model.load_state_dict(torch.load(os.path.join(out_dir, 'best_model.pth')))
Final Test MSE (Best Model): 0.0046
Finished. Status: Success
