Starting Run on GPU 2
Time: 2025-12-24 22:50:53

[Run Start] Subject S007 | Mode ['SDA'] | Params: L2.0_LS0.7_LR0.0001_E64_D128_Dr0.3

[Fold 1 - SDA] Train: ['S007_T006', 'S007_T009'], Test: S007_T005, Norm: fixed
/home/sangukchoi/.conda/envs/torch_gpu/lib/python3.10/site-packages/torch/nn/modules/rnn.py:123: UserWarning: dropout option adds dropout after all but last recurrent layer, so non-zero dropout expects num_layers greater than 1, but got dropout=0.3 and num_layers=1
  warnings.warn(
  Ep 1: Train 0.5649 | Val 0.4448 | Test 0.0483
Validation loss decreased (0.444758 --> 0.444758).  Saving model ...
  Ep 2: Train 0.3449 | Val 0.3420 | Test 0.0371
Validation loss decreased (0.342043 --> 0.342043).  Saving model ...
  Ep 3: Train 0.3027 | Val 0.3084 | Test 0.0265
Validation loss decreased (0.308435 --> 0.308435).  Saving model ...
  Ep 4: Train 0.2833 | Val 0.2883 | Test 0.0235
Validation loss decreased (0.288271 --> 0.288271).  Saving model ...
  Ep 5: Train 0.2755 | Val 0.2628 | Test 0.0184
Validation loss decreased (0.262768 --> 0.262768).  Saving model ...
  Ep 6: Train 0.2644 | Val 0.2632 | Test 0.0151
EarlyStopping counter: 1 out of 5
  Ep 7: Train 0.2603 | Val 0.2477 | Test 0.0153
Validation loss decreased (0.247661 --> 0.247661).  Saving model ...
  Ep 8: Train 0.2538 | Val 0.2388 | Test 0.0124
Validation loss decreased (0.238783 --> 0.238783).  Saving model ...
  Ep 9: Train 0.2488 | Val 0.2210 | Test 0.0136
Validation loss decreased (0.221042 --> 0.221042).  Saving model ...
  Ep 10: Train 0.2446 | Val 0.2191 | Test 0.0127
Validation loss decreased (0.219139 --> 0.219139).  Saving model ...
  Ep 11: Train 0.2431 | Val 0.2052 | Test 0.0151
Validation loss decreased (0.205184 --> 0.205184).  Saving model ...
  Ep 12: Train 0.2421 | Val 0.2069 | Test 0.0112
EarlyStopping counter: 1 out of 5
  Ep 13: Train 0.2353 | Val 0.2017 | Test 0.0121
Validation loss decreased (0.201745 --> 0.201745).  Saving model ...
  Ep 14: Train 0.2380 | Val 0.1868 | Test 0.0172
Validation loss decreased (0.186790 --> 0.186790).  Saving model ...
  Ep 15: Train 0.2345 | Val 0.1811 | Test 0.0128
Validation loss decreased (0.181128 --> 0.181128).  Saving model ...
  Ep 16: Train 0.2306 | Val 0.1945 | Test 0.0147
EarlyStopping counter: 1 out of 5
  Ep 17: Train 0.2316 | Val 0.1732 | Test 0.0110
Validation loss decreased (0.173238 --> 0.173238).  Saving model ...
  Ep 18: Train 0.2309 | Val 0.1907 | Test 0.0128
EarlyStopping counter: 1 out of 5
  Ep 19: Train 0.2251 | Val 0.1965 | Test 0.0144
EarlyStopping counter: 2 out of 5
  Ep 20: Train 0.2250 | Val 0.1952 | Test 0.0152
EarlyStopping counter: 3 out of 5
  Ep 21: Train 0.2221 | Val 0.1741 | Test 0.0156
EarlyStopping counter: 4 out of 5
  Ep 22: Train 0.2241 | Val 0.1714 | Test 0.0124
Validation loss decreased (0.171385 --> 0.171385).  Saving model ...
  Ep 23: Train 0.2155 | Val 0.1853 | Test 0.0140
EarlyStopping counter: 1 out of 5
  Ep 24: Train 0.2155 | Val 0.1705 | Test 0.0182
Validation loss decreased (0.170466 --> 0.170466).  Saving model ...
  Ep 25: Train 0.2129 | Val 0.1840 | Test 0.0129
EarlyStopping counter: 1 out of 5
  Ep 26: Train 0.2076 | Val 0.1733 | Test 0.0130
EarlyStopping counter: 2 out of 5
  Ep 27: Train 0.2095 | Val 0.1704 | Test 0.0142
EarlyStopping counter: 3 out of 5
  Ep 28: Train 0.2076 | Val 0.1717 | Test 0.0137
EarlyStopping counter: 4 out of 5
  Ep 29: Train 0.2072 | Val 0.1795 | Test 0.0133
EarlyStopping counter: 5 out of 5
Early stopping triggered!
/home/sangukchoi/Stroke_SDA/sda_training.py:615: FutureWarning: You are using `torch.load` with `weights_only=False` (the current default value), which uses the default pickle module implicitly. It is possible to construct malicious pickle data which will execute arbitrary code during unpickling (See https://github.com/pytorch/pytorch/blob/main/SECURITY.md#untrusted-models for more details). In a future release, the default value for `weights_only` will be flipped to `True`. This limits the functions that could be executed during unpickling. Arbitrary objects will no longer be allowed to be loaded via this mode unless they are explicitly allowlisted by the user via `torch.serialization.add_safe_globals`. We recommend you start setting `weights_only=True` for any use case where you don't have full control of the loaded file. Please open an issue on GitHub for any issues related to this experimental feature.
  model.load_state_dict(torch.load(os.path.join(out_dir, 'best_model.pth')))
Final Test MSE (Best Model): 0.0182
Finished. Status: Success
