Starting Run on GPU 0
Time: 2025-12-24 21:55:24

[Run Start] Subject S007 | Mode ['SDA'] | Params: L1.0_LS0.7_LR0.0001_E128_D128_Dr0.3

[Fold 1 - SDA] Train: ['S007_T006', 'S007_T009'], Test: S007_T005, Norm: fixed
/home/sangukchoi/.conda/envs/torch_gpu/lib/python3.10/site-packages/torch/nn/modules/rnn.py:123: UserWarning: dropout option adds dropout after all but last recurrent layer, so non-zero dropout expects num_layers greater than 1, but got dropout=0.3 and num_layers=1
  warnings.warn(
  Ep 1: Train 0.2908 | Val 0.2041 | Test 0.0189
Validation loss decreased (0.204148 --> 0.204148).  Saving model ...
  Ep 2: Train 0.1685 | Val 0.1577 | Test 0.0121
Validation loss decreased (0.157653 --> 0.157653).  Saving model ...
  Ep 3: Train 0.1479 | Val 0.1317 | Test 0.0118
Validation loss decreased (0.131681 --> 0.131681).  Saving model ...
  Ep 4: Train 0.1327 | Val 0.1246 | Test 0.0088
Validation loss decreased (0.124646 --> 0.124646).  Saving model ...
  Ep 5: Train 0.1269 | Val 0.1103 | Test 0.0065
Validation loss decreased (0.110320 --> 0.110320).  Saving model ...
  Ep 6: Train 0.1220 | Val 0.1034 | Test 0.0075
Validation loss decreased (0.103370 --> 0.103370).  Saving model ...
  Ep 7: Train 0.1208 | Val 0.1053 | Test 0.0071
EarlyStopping counter: 1 out of 5
  Ep 8: Train 0.1177 | Val 0.1139 | Test 0.0080
EarlyStopping counter: 2 out of 5
  Ep 9: Train 0.1144 | Val 0.0980 | Test 0.0068
Validation loss decreased (0.098015 --> 0.098015).  Saving model ...
  Ep 10: Train 0.1139 | Val 0.1053 | Test 0.0069
EarlyStopping counter: 1 out of 5
  Ep 11: Train 0.1114 | Val 0.0925 | Test 0.0069
Validation loss decreased (0.092453 --> 0.092453).  Saving model ...
  Ep 12: Train 0.1107 | Val 0.0868 | Test 0.0069
Validation loss decreased (0.086764 --> 0.086764).  Saving model ...
  Ep 13: Train 0.1100 | Val 0.0888 | Test 0.0068
EarlyStopping counter: 1 out of 5
  Ep 14: Train 0.1071 | Val 0.0885 | Test 0.0062
EarlyStopping counter: 2 out of 5
  Ep 15: Train 0.1063 | Val 0.0831 | Test 0.0050
Validation loss decreased (0.083135 --> 0.083135).  Saving model ...
  Ep 16: Train 0.1074 | Val 0.0960 | Test 0.0057
EarlyStopping counter: 1 out of 5
  Ep 17: Train 0.1073 | Val 0.0840 | Test 0.0059
EarlyStopping counter: 2 out of 5
  Ep 18: Train 0.1054 | Val 0.0881 | Test 0.0083
EarlyStopping counter: 3 out of 5
  Ep 19: Train 0.1051 | Val 0.0820 | Test 0.0061
Validation loss decreased (0.082037 --> 0.082037).  Saving model ...
  Ep 20: Train 0.1024 | Val 0.0826 | Test 0.0046
EarlyStopping counter: 1 out of 5
  Ep 21: Train 0.1039 | Val 0.0734 | Test 0.0049
Validation loss decreased (0.073421 --> 0.073421).  Saving model ...
  Ep 22: Train 0.1042 | Val 0.0812 | Test 0.0051
EarlyStopping counter: 1 out of 5
  Ep 23: Train 0.1013 | Val 0.0928 | Test 0.0077
EarlyStopping counter: 2 out of 5
  Ep 24: Train 0.1017 | Val 0.0792 | Test 0.0062
EarlyStopping counter: 3 out of 5
  Ep 25: Train 0.1016 | Val 0.0865 | Test 0.0075
EarlyStopping counter: 4 out of 5
  Ep 26: Train 0.1044 | Val 0.1024 | Test 0.0091
EarlyStopping counter: 5 out of 5
Early stopping triggered!
/home/sangukchoi/Stroke_SDA/sda_training.py:615: FutureWarning: You are using `torch.load` with `weights_only=False` (the current default value), which uses the default pickle module implicitly. It is possible to construct malicious pickle data which will execute arbitrary code during unpickling (See https://github.com/pytorch/pytorch/blob/main/SECURITY.md#untrusted-models for more details). In a future release, the default value for `weights_only` will be flipped to `True`. This limits the functions that could be executed during unpickling. Arbitrary objects will no longer be allowed to be loaded via this mode unless they are explicitly allowlisted by the user via `torch.serialization.add_safe_globals`. We recommend you start setting `weights_only=True` for any use case where you don't have full control of the loaded file. Please open an issue on GitHub for any issues related to this experimental feature.
  model.load_state_dict(torch.load(os.path.join(out_dir, 'best_model.pth')))
Final Test MSE (Best Model): 0.0049
Finished. Status: Success
