Starting Run on GPU 0
Time: 2025-12-24 23:39:21

[Run Start] Subject S007 | Mode ['SDA'] | Params: L2.5_LS0.5_LR0.0001_E128_D64_Dr0.3

[Fold 1 - SDA] Train: ['S007_T006', 'S007_T009'], Test: S007_T005, Norm: fixed
/home/sangukchoi/.conda/envs/torch_gpu/lib/python3.10/site-packages/torch/nn/modules/rnn.py:123: UserWarning: dropout option adds dropout after all but last recurrent layer, so non-zero dropout expects num_layers greater than 1, but got dropout=0.3 and num_layers=1
  warnings.warn(
  Ep 1: Train 0.5062 | Val 0.4891 | Test 0.0511
Validation loss decreased (0.489148 --> 0.489148).  Saving model ...
  Ep 2: Train 0.3448 | Val 0.4349 | Test 0.0432
Validation loss decreased (0.434912 --> 0.434912).  Saving model ...
  Ep 3: Train 0.3059 | Val 0.4268 | Test 0.0261
Validation loss decreased (0.426790 --> 0.426790).  Saving model ...
  Ep 4: Train 0.2895 | Val 0.3695 | Test 0.0223
Validation loss decreased (0.369465 --> 0.369465).  Saving model ...
  Ep 5: Train 0.2704 | Val 0.3327 | Test 0.0188
Validation loss decreased (0.332686 --> 0.332686).  Saving model ...
  Ep 6: Train 0.2686 | Val 0.3193 | Test 0.0146
Validation loss decreased (0.319321 --> 0.319321).  Saving model ...
  Ep 7: Train 0.2619 | Val 0.3129 | Test 0.0158
Validation loss decreased (0.312862 --> 0.312862).  Saving model ...
  Ep 8: Train 0.2532 | Val 0.3157 | Test 0.0173
EarlyStopping counter: 1 out of 5
  Ep 9: Train 0.2479 | Val 0.2914 | Test 0.0193
Validation loss decreased (0.291409 --> 0.291409).  Saving model ...
  Ep 10: Train 0.2427 | Val 0.3284 | Test 0.0205
EarlyStopping counter: 1 out of 5
  Ep 11: Train 0.2451 | Val 0.2830 | Test 0.0187
Validation loss decreased (0.282983 --> 0.282983).  Saving model ...
  Ep 12: Train 0.2355 | Val 0.3351 | Test 0.0214
EarlyStopping counter: 1 out of 5
  Ep 13: Train 0.2399 | Val 0.3364 | Test 0.0203
EarlyStopping counter: 2 out of 5
  Ep 14: Train 0.2285 | Val 0.3132 | Test 0.0162
EarlyStopping counter: 3 out of 5
  Ep 15: Train 0.2259 | Val 0.3470 | Test 0.0223
EarlyStopping counter: 4 out of 5
  Ep 16: Train 0.2308 | Val 0.3404 | Test 0.0162
EarlyStopping counter: 5 out of 5
Early stopping triggered!
/home/sangukchoi/Stroke_SDA/sda_training.py:615: FutureWarning: You are using `torch.load` with `weights_only=False` (the current default value), which uses the default pickle module implicitly. It is possible to construct malicious pickle data which will execute arbitrary code during unpickling (See https://github.com/pytorch/pytorch/blob/main/SECURITY.md#untrusted-models for more details). In a future release, the default value for `weights_only` will be flipped to `True`. This limits the functions that could be executed during unpickling. Arbitrary objects will no longer be allowed to be loaded via this mode unless they are explicitly allowlisted by the user via `torch.serialization.add_safe_globals`. We recommend you start setting `weights_only=True` for any use case where you don't have full control of the loaded file. Please open an issue on GitHub for any issues related to this experimental feature.
  model.load_state_dict(torch.load(os.path.join(out_dir, 'best_model.pth')))
Final Test MSE (Best Model): 0.0187
Finished. Status: Success
