Starting Run on GPU 0
Time: 2025-12-25 00:58:07

[Run Start] Subject S007 | Mode ['SDA'] | Params: L3.0_LS1.0_LR0.0001_E128_D64_Dr0.3

[Fold 1 - SDA] Train: ['S007_T006', 'S007_T009'], Test: S007_T005, Norm: fixed
/home/sangukchoi/.conda/envs/torch_gpu/lib/python3.10/site-packages/torch/nn/modules/rnn.py:123: UserWarning: dropout option adds dropout after all but last recurrent layer, so non-zero dropout expects num_layers greater than 1, but got dropout=0.3 and num_layers=1
  warnings.warn(
  Ep 1: Train 0.6627 | Val 0.5902 | Test 0.0374
Validation loss decreased (0.590183 --> 0.590183).  Saving model ...
  Ep 2: Train 0.4400 | Val 0.4808 | Test 0.0293
Validation loss decreased (0.480796 --> 0.480796).  Saving model ...
  Ep 3: Train 0.4004 | Val 0.4262 | Test 0.0242
Validation loss decreased (0.426218 --> 0.426218).  Saving model ...
  Ep 4: Train 0.3557 | Val 0.3926 | Test 0.0198
Validation loss decreased (0.392591 --> 0.392591).  Saving model ...
  Ep 5: Train 0.3313 | Val 0.3853 | Test 0.0179
Validation loss decreased (0.385280 --> 0.385280).  Saving model ...
  Ep 6: Train 0.3181 | Val 0.3519 | Test 0.0131
Validation loss decreased (0.351873 --> 0.351873).  Saving model ...
  Ep 7: Train 0.3175 | Val 0.3163 | Test 0.0122
Validation loss decreased (0.316305 --> 0.316305).  Saving model ...
  Ep 8: Train 0.3116 | Val 0.3401 | Test 0.0115
EarlyStopping counter: 1 out of 5
  Ep 9: Train 0.3000 | Val 0.3219 | Test 0.0119
EarlyStopping counter: 2 out of 5
  Ep 10: Train 0.2894 | Val 0.3164 | Test 0.0134
EarlyStopping counter: 3 out of 5
  Ep 11: Train 0.2853 | Val 0.3652 | Test 0.0133
EarlyStopping counter: 4 out of 5
  Ep 12: Train 0.2874 | Val 0.4213 | Test 0.0150
EarlyStopping counter: 5 out of 5
Early stopping triggered!
/home/sangukchoi/Stroke_SDA/sda_training.py:615: FutureWarning: You are using `torch.load` with `weights_only=False` (the current default value), which uses the default pickle module implicitly. It is possible to construct malicious pickle data which will execute arbitrary code during unpickling (See https://github.com/pytorch/pytorch/blob/main/SECURITY.md#untrusted-models for more details). In a future release, the default value for `weights_only` will be flipped to `True`. This limits the functions that could be executed during unpickling. Arbitrary objects will no longer be allowed to be loaded via this mode unless they are explicitly allowlisted by the user via `torch.serialization.add_safe_globals`. We recommend you start setting `weights_only=True` for any use case where you don't have full control of the loaded file. Please open an issue on GitHub for any issues related to this experimental feature.
  model.load_state_dict(torch.load(os.path.join(out_dir, 'best_model.pth')))
Final Test MSE (Best Model): 0.0122
Finished. Status: Success
