Starting Run on GPU 1
Time: 2025-12-25 00:15:04

[Run Start] Subject S007 | Mode ['SDA'] | Params: L3.0_LS0.3_LR0.0001_E128_D32_Dr0.3

[Fold 1 - SDA] Train: ['S007_T006', 'S007_T009'], Test: S007_T005, Norm: fixed
/home/sangukchoi/.conda/envs/torch_gpu/lib/python3.10/site-packages/torch/nn/modules/rnn.py:123: UserWarning: dropout option adds dropout after all but last recurrent layer, so non-zero dropout expects num_layers greater than 1, but got dropout=0.3 and num_layers=1
  warnings.warn(
  Ep 1: Train 0.5733 | Val 0.5931 | Test 0.0804
Validation loss decreased (0.593055 --> 0.593055).  Saving model ...
  Ep 2: Train 0.3852 | Val 0.5576 | Test 0.0464
Validation loss decreased (0.557648 --> 0.557648).  Saving model ...
  Ep 3: Train 0.3454 | Val 0.5565 | Test 0.0417
Validation loss decreased (0.556508 --> 0.556508).  Saving model ...
  Ep 4: Train 0.3208 | Val 0.5512 | Test 0.0363
Validation loss decreased (0.551196 --> 0.551196).  Saving model ...
  Ep 5: Train 0.3155 | Val 0.5052 | Test 0.0351
Validation loss decreased (0.505237 --> 0.505237).  Saving model ...
  Ep 6: Train 0.3008 | Val 0.5721 | Test 0.0287
EarlyStopping counter: 1 out of 5
  Ep 7: Train 0.3012 | Val 0.5733 | Test 0.0335
EarlyStopping counter: 2 out of 5
  Ep 8: Train 0.2918 | Val 0.5927 | Test 0.0240
EarlyStopping counter: 3 out of 5
  Ep 9: Train 0.2838 | Val 0.5345 | Test 0.0341
EarlyStopping counter: 4 out of 5
  Ep 10: Train 0.2802 | Val 0.5867 | Test 0.0225
EarlyStopping counter: 5 out of 5
Early stopping triggered!
/home/sangukchoi/Stroke_SDA/sda_training.py:615: FutureWarning: You are using `torch.load` with `weights_only=False` (the current default value), which uses the default pickle module implicitly. It is possible to construct malicious pickle data which will execute arbitrary code during unpickling (See https://github.com/pytorch/pytorch/blob/main/SECURITY.md#untrusted-models for more details). In a future release, the default value for `weights_only` will be flipped to `True`. This limits the functions that could be executed during unpickling. Arbitrary objects will no longer be allowed to be loaded via this mode unless they are explicitly allowlisted by the user via `torch.serialization.add_safe_globals`. We recommend you start setting `weights_only=True` for any use case where you don't have full control of the loaded file. Please open an issue on GitHub for any issues related to this experimental feature.
  model.load_state_dict(torch.load(os.path.join(out_dir, 'best_model.pth')))
Final Test MSE (Best Model): 0.0351
Finished. Status: Success
