Starting Run on GPU 3
Time: 2025-12-24 23:45:19

[Run Start] Subject S007 | Mode ['SDA'] | Params: L2.5_LS0.7_LR0.0001_E64_D32_Dr0.3

[Fold 1 - SDA] Train: ['S007_T006', 'S007_T009'], Test: S007_T005, Norm: fixed
/home/sangukchoi/.conda/envs/torch_gpu/lib/python3.10/site-packages/torch/nn/modules/rnn.py:123: UserWarning: dropout option adds dropout after all but last recurrent layer, so non-zero dropout expects num_layers greater than 1, but got dropout=0.3 and num_layers=1
  warnings.warn(
  Ep 1: Train 0.6537 | Val 0.4225 | Test 0.0557
Validation loss decreased (0.422483 --> 0.422483).  Saving model ...
  Ep 2: Train 0.3848 | Val 0.3420 | Test 0.0258
Validation loss decreased (0.341966 --> 0.341966).  Saving model ...
  Ep 3: Train 0.3278 | Val 0.3073 | Test 0.0177
Validation loss decreased (0.307291 --> 0.307291).  Saving model ...
  Ep 4: Train 0.2929 | Val 0.2776 | Test 0.0198
Validation loss decreased (0.277611 --> 0.277611).  Saving model ...
  Ep 5: Train 0.2821 | Val 0.2544 | Test 0.0169
Validation loss decreased (0.254426 --> 0.254426).  Saving model ...
  Ep 6: Train 0.2738 | Val 0.2423 | Test 0.0135
Validation loss decreased (0.242259 --> 0.242259).  Saving model ...
  Ep 7: Train 0.2684 | Val 0.2392 | Test 0.0119
Validation loss decreased (0.239168 --> 0.239168).  Saving model ...
  Ep 8: Train 0.2630 | Val 0.2459 | Test 0.0126
EarlyStopping counter: 1 out of 5
  Ep 9: Train 0.2588 | Val 0.2420 | Test 0.0132
EarlyStopping counter: 2 out of 5
  Ep 10: Train 0.2558 | Val 0.2401 | Test 0.0120
EarlyStopping counter: 3 out of 5
  Ep 11: Train 0.2497 | Val 0.2353 | Test 0.0118
Validation loss decreased (0.235307 --> 0.235307).  Saving model ...
  Ep 12: Train 0.2537 | Val 0.2367 | Test 0.0134
EarlyStopping counter: 1 out of 5
  Ep 13: Train 0.2462 | Val 0.2372 | Test 0.0118
EarlyStopping counter: 2 out of 5
  Ep 14: Train 0.2427 | Val 0.2500 | Test 0.0108
EarlyStopping counter: 3 out of 5
  Ep 15: Train 0.2370 | Val 0.2532 | Test 0.0123
EarlyStopping counter: 4 out of 5
  Ep 16: Train 0.2368 | Val 0.2413 | Test 0.0130
EarlyStopping counter: 5 out of 5
Early stopping triggered!
/home/sangukchoi/Stroke_SDA/sda_training.py:615: FutureWarning: You are using `torch.load` with `weights_only=False` (the current default value), which uses the default pickle module implicitly. It is possible to construct malicious pickle data which will execute arbitrary code during unpickling (See https://github.com/pytorch/pytorch/blob/main/SECURITY.md#untrusted-models for more details). In a future release, the default value for `weights_only` will be flipped to `True`. This limits the functions that could be executed during unpickling. Arbitrary objects will no longer be allowed to be loaded via this mode unless they are explicitly allowlisted by the user via `torch.serialization.add_safe_globals`. We recommend you start setting `weights_only=True` for any use case where you don't have full control of the loaded file. Please open an issue on GitHub for any issues related to this experimental feature.
  model.load_state_dict(torch.load(os.path.join(out_dir, 'best_model.pth')))
Final Test MSE (Best Model): 0.0118
Finished. Status: Success
