Starting Run on GPU 0
Time: 2025-12-24 22:56:41

[Run Start] Subject S007 | Mode ['SDA'] | Params: L2.0_LS0.7_LR0.0001_E128_D128_Dr0.3

[Fold 1 - SDA] Train: ['S007_T006', 'S007_T009'], Test: S007_T005, Norm: fixed
/home/sangukchoi/.conda/envs/torch_gpu/lib/python3.10/site-packages/torch/nn/modules/rnn.py:123: UserWarning: dropout option adds dropout after all but last recurrent layer, so non-zero dropout expects num_layers greater than 1, but got dropout=0.3 and num_layers=1
  warnings.warn(
  Ep 1: Train 0.4552 | Val 0.3962 | Test 0.0183
Validation loss decreased (0.396195 --> 0.396195).  Saving model ...
  Ep 2: Train 0.2924 | Val 0.2916 | Test 0.0207
Validation loss decreased (0.291642 --> 0.291642).  Saving model ...
  Ep 3: Train 0.2567 | Val 0.2686 | Test 0.0183
Validation loss decreased (0.268553 --> 0.268553).  Saving model ...
  Ep 4: Train 0.2354 | Val 0.2229 | Test 0.0097
Validation loss decreased (0.222923 --> 0.222923).  Saving model ...
  Ep 5: Train 0.2219 | Val 0.2189 | Test 0.0125
Validation loss decreased (0.218875 --> 0.218875).  Saving model ...
  Ep 6: Train 0.2130 | Val 0.2106 | Test 0.0137
Validation loss decreased (0.210629 --> 0.210629).  Saving model ...
  Ep 7: Train 0.2143 | Val 0.1945 | Test 0.0126
Validation loss decreased (0.194540 --> 0.194540).  Saving model ...
  Ep 8: Train 0.2088 | Val 0.2161 | Test 0.0116
EarlyStopping counter: 1 out of 5
  Ep 9: Train 0.2033 | Val 0.1761 | Test 0.0122
Validation loss decreased (0.176120 --> 0.176120).  Saving model ...
  Ep 10: Train 0.2042 | Val 0.1831 | Test 0.0138
EarlyStopping counter: 1 out of 5
  Ep 11: Train 0.1998 | Val 0.1820 | Test 0.0093
EarlyStopping counter: 2 out of 5
  Ep 12: Train 0.1937 | Val 0.1883 | Test 0.0117
EarlyStopping counter: 3 out of 5
  Ep 13: Train 0.1947 | Val 0.1869 | Test 0.0097
EarlyStopping counter: 4 out of 5
  Ep 14: Train 0.1921 | Val 0.1695 | Test 0.0091
Validation loss decreased (0.169543 --> 0.169543).  Saving model ...
  Ep 15: Train 0.1906 | Val 0.1767 | Test 0.0071
EarlyStopping counter: 1 out of 5
  Ep 16: Train 0.1904 | Val 0.1965 | Test 0.0103
EarlyStopping counter: 2 out of 5
  Ep 17: Train 0.1854 | Val 0.1856 | Test 0.0115
EarlyStopping counter: 3 out of 5
  Ep 18: Train 0.1864 | Val 0.1688 | Test 0.0085
Validation loss decreased (0.168826 --> 0.168826).  Saving model ...
  Ep 19: Train 0.1838 | Val 0.1422 | Test 0.0091
Validation loss decreased (0.142154 --> 0.142154).  Saving model ...
  Ep 20: Train 0.1817 | Val 0.1951 | Test 0.0102
EarlyStopping counter: 1 out of 5
  Ep 21: Train 0.1758 | Val 0.1491 | Test 0.0087
EarlyStopping counter: 2 out of 5
  Ep 22: Train 0.1810 | Val 0.1575 | Test 0.0080
EarlyStopping counter: 3 out of 5
  Ep 23: Train 0.1771 | Val 0.2014 | Test 0.0103
EarlyStopping counter: 4 out of 5
  Ep 24: Train 0.1809 | Val 0.1659 | Test 0.0101
EarlyStopping counter: 5 out of 5
Early stopping triggered!
/home/sangukchoi/Stroke_SDA/sda_training.py:615: FutureWarning: You are using `torch.load` with `weights_only=False` (the current default value), which uses the default pickle module implicitly. It is possible to construct malicious pickle data which will execute arbitrary code during unpickling (See https://github.com/pytorch/pytorch/blob/main/SECURITY.md#untrusted-models for more details). In a future release, the default value for `weights_only` will be flipped to `True`. This limits the functions that could be executed during unpickling. Arbitrary objects will no longer be allowed to be loaded via this mode unless they are explicitly allowlisted by the user via `torch.serialization.add_safe_globals`. We recommend you start setting `weights_only=True` for any use case where you don't have full control of the loaded file. Please open an issue on GitHub for any issues related to this experimental feature.
  model.load_state_dict(torch.load(os.path.join(out_dir, 'best_model.pth')))
Final Test MSE (Best Model): 0.0091
Finished. Status: Success
