Starting Run on GPU 1
Time: 2025-12-24 21:37:42

[Run Start] Subject S007 | Mode ['SDA'] | Params: L0.5_LS1.0_LR0.0001_E128_D64_Dr0.3

[Fold 1 - SDA] Train: ['S007_T006', 'S007_T009'], Test: S007_T005, Norm: fixed
/home/sangukchoi/.conda/envs/torch_gpu/lib/python3.10/site-packages/torch/nn/modules/rnn.py:123: UserWarning: dropout option adds dropout after all but last recurrent layer, so non-zero dropout expects num_layers greater than 1, but got dropout=0.3 and num_layers=1
  warnings.warn(
  Ep 1: Train 0.2474 | Val 0.0956 | Test 0.0188
Validation loss decreased (0.095577 --> 0.095577).  Saving model ...
  Ep 2: Train 0.0980 | Val 0.0816 | Test 0.0127
Validation loss decreased (0.081560 --> 0.081560).  Saving model ...
  Ep 3: Train 0.0905 | Val 0.0768 | Test 0.0116
Validation loss decreased (0.076843 --> 0.076843).  Saving model ...
  Ep 4: Train 0.0861 | Val 0.0635 | Test 0.0078
Validation loss decreased (0.063477 --> 0.063477).  Saving model ...
  Ep 5: Train 0.0852 | Val 0.0616 | Test 0.0075
Validation loss decreased (0.061600 --> 0.061600).  Saving model ...
  Ep 6: Train 0.0821 | Val 0.0636 | Test 0.0060
EarlyStopping counter: 1 out of 5
  Ep 7: Train 0.0806 | Val 0.0603 | Test 0.0061
Validation loss decreased (0.060321 --> 0.060321).  Saving model ...
  Ep 8: Train 0.0798 | Val 0.0616 | Test 0.0068
EarlyStopping counter: 1 out of 5
  Ep 9: Train 0.0782 | Val 0.0590 | Test 0.0062
Validation loss decreased (0.058998 --> 0.058998).  Saving model ...
  Ep 10: Train 0.0768 | Val 0.0599 | Test 0.0062
EarlyStopping counter: 1 out of 5
  Ep 11: Train 0.0772 | Val 0.0591 | Test 0.0047
EarlyStopping counter: 2 out of 5
  Ep 12: Train 0.0757 | Val 0.0528 | Test 0.0048
Validation loss decreased (0.052822 --> 0.052822).  Saving model ...
  Ep 13: Train 0.0753 | Val 0.0514 | Test 0.0046
Validation loss decreased (0.051353 --> 0.051353).  Saving model ...
  Ep 14: Train 0.0748 | Val 0.0586 | Test 0.0070
EarlyStopping counter: 1 out of 5
  Ep 15: Train 0.0740 | Val 0.0546 | Test 0.0052
EarlyStopping counter: 2 out of 5
  Ep 16: Train 0.0724 | Val 0.0600 | Test 0.0046
EarlyStopping counter: 3 out of 5
  Ep 17: Train 0.0731 | Val 0.0544 | Test 0.0051
EarlyStopping counter: 4 out of 5
  Ep 18: Train 0.0722 | Val 0.0494 | Test 0.0042
Validation loss decreased (0.049431 --> 0.049431).  Saving model ...
  Ep 19: Train 0.0725 | Val 0.0505 | Test 0.0045
EarlyStopping counter: 1 out of 5
  Ep 20: Train 0.0705 | Val 0.0505 | Test 0.0044
EarlyStopping counter: 2 out of 5
  Ep 21: Train 0.0704 | Val 0.0529 | Test 0.0041
EarlyStopping counter: 3 out of 5
  Ep 22: Train 0.0693 | Val 0.0467 | Test 0.0040
Validation loss decreased (0.046749 --> 0.046749).  Saving model ...
  Ep 23: Train 0.0686 | Val 0.0480 | Test 0.0046
EarlyStopping counter: 1 out of 5
  Ep 24: Train 0.0705 | Val 0.0486 | Test 0.0055
EarlyStopping counter: 2 out of 5
  Ep 25: Train 0.0681 | Val 0.0505 | Test 0.0050
EarlyStopping counter: 3 out of 5
  Ep 26: Train 0.0675 | Val 0.0498 | Test 0.0062
EarlyStopping counter: 4 out of 5
  Ep 27: Train 0.0685 | Val 0.0580 | Test 0.0043
EarlyStopping counter: 5 out of 5
Early stopping triggered!
/home/sangukchoi/Stroke_SDA/sda_training.py:615: FutureWarning: You are using `torch.load` with `weights_only=False` (the current default value), which uses the default pickle module implicitly. It is possible to construct malicious pickle data which will execute arbitrary code during unpickling (See https://github.com/pytorch/pytorch/blob/main/SECURITY.md#untrusted-models for more details). In a future release, the default value for `weights_only` will be flipped to `True`. This limits the functions that could be executed during unpickling. Arbitrary objects will no longer be allowed to be loaded via this mode unless they are explicitly allowlisted by the user via `torch.serialization.add_safe_globals`. We recommend you start setting `weights_only=True` for any use case where you don't have full control of the loaded file. Please open an issue on GitHub for any issues related to this experimental feature.
  model.load_state_dict(torch.load(os.path.join(out_dir, 'best_model.pth')))
Final Test MSE (Best Model): 0.0040
Finished. Status: Success
