Starting Run on GPU 0
Time: 2025-12-24 23:59:48

[Run Start] Subject S007 | Mode ['SDA'] | Params: L2.5_LS1.0_LR0.0001_E128_D32_Dr0.3

[Fold 1 - SDA] Train: ['S007_T006', 'S007_T009'], Test: S007_T005, Norm: fixed
/home/sangukchoi/.conda/envs/torch_gpu/lib/python3.10/site-packages/torch/nn/modules/rnn.py:123: UserWarning: dropout option adds dropout after all but last recurrent layer, so non-zero dropout expects num_layers greater than 1, but got dropout=0.3 and num_layers=1
  warnings.warn(
  Ep 1: Train 0.5930 | Val 0.3355 | Test 0.0333
Validation loss decreased (0.335538 --> 0.335538).  Saving model ...
  Ep 2: Train 0.2997 | Val 0.2600 | Test 0.0157
Validation loss decreased (0.260033 --> 0.260033).  Saving model ...
  Ep 3: Train 0.2772 | Val 0.2308 | Test 0.0153
Validation loss decreased (0.230832 --> 0.230832).  Saving model ...
  Ep 4: Train 0.2678 | Val 0.2498 | Test 0.0129
EarlyStopping counter: 1 out of 5
  Ep 5: Train 0.2637 | Val 0.2706 | Test 0.0143
EarlyStopping counter: 2 out of 5
  Ep 6: Train 0.2620 | Val 0.2658 | Test 0.0120
EarlyStopping counter: 3 out of 5
  Ep 7: Train 0.2554 | Val 0.2306 | Test 0.0157
EarlyStopping counter: 4 out of 5
  Ep 8: Train 0.2603 | Val 0.2082 | Test 0.0113
Validation loss decreased (0.208212 --> 0.208212).  Saving model ...
  Ep 9: Train 0.2436 | Val 0.2172 | Test 0.0113
EarlyStopping counter: 1 out of 5
  Ep 10: Train 0.2430 | Val 0.2321 | Test 0.0119
EarlyStopping counter: 2 out of 5
  Ep 11: Train 0.2410 | Val 0.2222 | Test 0.0115
EarlyStopping counter: 3 out of 5
  Ep 12: Train 0.2402 | Val 0.2366 | Test 0.0129
EarlyStopping counter: 4 out of 5
  Ep 13: Train 0.2390 | Val 0.2250 | Test 0.0089
EarlyStopping counter: 5 out of 5
Early stopping triggered!
/home/sangukchoi/Stroke_SDA/sda_training.py:615: FutureWarning: You are using `torch.load` with `weights_only=False` (the current default value), which uses the default pickle module implicitly. It is possible to construct malicious pickle data which will execute arbitrary code during unpickling (See https://github.com/pytorch/pytorch/blob/main/SECURITY.md#untrusted-models for more details). In a future release, the default value for `weights_only` will be flipped to `True`. This limits the functions that could be executed during unpickling. Arbitrary objects will no longer be allowed to be loaded via this mode unless they are explicitly allowlisted by the user via `torch.serialization.add_safe_globals`. We recommend you start setting `weights_only=True` for any use case where you don't have full control of the loaded file. Please open an issue on GitHub for any issues related to this experimental feature.
  model.load_state_dict(torch.load(os.path.join(out_dir, 'best_model.pth')))
Final Test MSE (Best Model): 0.0113
Finished. Status: Success
