Starting Run on GPU 3
Time: 2025-12-24 22:07:00

[Run Start] Subject S007 | Mode ['SDA'] | Params: L1.0_LS1.0_LR0.0001_E128_D32_Dr0.3

[Fold 1 - SDA] Train: ['S007_T006', 'S007_T009'], Test: S007_T005, Norm: fixed
/home/sangukchoi/.conda/envs/torch_gpu/lib/python3.10/site-packages/torch/nn/modules/rnn.py:123: UserWarning: dropout option adds dropout after all but last recurrent layer, so non-zero dropout expects num_layers greater than 1, but got dropout=0.3 and num_layers=1
  warnings.warn(
  Ep 1: Train 0.3478 | Val 0.2172 | Test 0.0203
Validation loss decreased (0.217160 --> 0.217160).  Saving model ...
  Ep 2: Train 0.1846 | Val 0.1566 | Test 0.0148
Validation loss decreased (0.156603 --> 0.156603).  Saving model ...
  Ep 3: Train 0.1569 | Val 0.1357 | Test 0.0135
Validation loss decreased (0.135683 --> 0.135683).  Saving model ...
  Ep 4: Train 0.1454 | Val 0.1256 | Test 0.0120
Validation loss decreased (0.125646 --> 0.125646).  Saving model ...
  Ep 5: Train 0.1393 | Val 0.1299 | Test 0.0147
EarlyStopping counter: 1 out of 5
  Ep 6: Train 0.1364 | Val 0.1085 | Test 0.0099
Validation loss decreased (0.108489 --> 0.108489).  Saving model ...
  Ep 7: Train 0.1347 | Val 0.1058 | Test 0.0093
Validation loss decreased (0.105766 --> 0.105766).  Saving model ...
  Ep 8: Train 0.1338 | Val 0.0971 | Test 0.0084
Validation loss decreased (0.097117 --> 0.097117).  Saving model ...
  Ep 9: Train 0.1299 | Val 0.0991 | Test 0.0100
EarlyStopping counter: 1 out of 5
  Ep 10: Train 0.1283 | Val 0.0924 | Test 0.0099
Validation loss decreased (0.092431 --> 0.092431).  Saving model ...
  Ep 11: Train 0.1261 | Val 0.0886 | Test 0.0077
Validation loss decreased (0.088646 --> 0.088646).  Saving model ...
  Ep 12: Train 0.1227 | Val 0.0903 | Test 0.0074
EarlyStopping counter: 1 out of 5
  Ep 13: Train 0.1207 | Val 0.0884 | Test 0.0077
EarlyStopping counter: 2 out of 5
  Ep 14: Train 0.1223 | Val 0.0895 | Test 0.0072
EarlyStopping counter: 3 out of 5
  Ep 15: Train 0.1195 | Val 0.0911 | Test 0.0091
EarlyStopping counter: 4 out of 5
  Ep 16: Train 0.1195 | Val 0.0883 | Test 0.0074
EarlyStopping counter: 5 out of 5
Early stopping triggered!
/home/sangukchoi/Stroke_SDA/sda_training.py:615: FutureWarning: You are using `torch.load` with `weights_only=False` (the current default value), which uses the default pickle module implicitly. It is possible to construct malicious pickle data which will execute arbitrary code during unpickling (See https://github.com/pytorch/pytorch/blob/main/SECURITY.md#untrusted-models for more details). In a future release, the default value for `weights_only` will be flipped to `True`. This limits the functions that could be executed during unpickling. Arbitrary objects will no longer be allowed to be loaded via this mode unless they are explicitly allowlisted by the user via `torch.serialization.add_safe_globals`. We recommend you start setting `weights_only=True` for any use case where you don't have full control of the loaded file. Please open an issue on GitHub for any issues related to this experimental feature.
  model.load_state_dict(torch.load(os.path.join(out_dir, 'best_model.pth')))
Final Test MSE (Best Model): 0.0077
Finished. Status: Success
