Starting Run on GPU 0
Time: 2025-12-24 23:51:39

[Run Start] Subject S007 | Mode ['SDA'] | Params: L2.5_LS0.7_LR0.0001_E128_D128_Dr0.3

[Fold 1 - SDA] Train: ['S007_T006', 'S007_T009'], Test: S007_T005, Norm: fixed
/home/sangukchoi/.conda/envs/torch_gpu/lib/python3.10/site-packages/torch/nn/modules/rnn.py:123: UserWarning: dropout option adds dropout after all but last recurrent layer, so non-zero dropout expects num_layers greater than 1, but got dropout=0.3 and num_layers=1
  warnings.warn(
  Ep 1: Train 0.5214 | Val 0.5551 | Test 0.0485
Validation loss decreased (0.555096 --> 0.555096).  Saving model ...
  Ep 2: Train 0.3783 | Val 0.4647 | Test 0.0481
Validation loss decreased (0.464719 --> 0.464719).  Saving model ...
  Ep 3: Train 0.3357 | Val 0.4556 | Test 0.0415
Validation loss decreased (0.455615 --> 0.455615).  Saving model ...
  Ep 4: Train 0.3116 | Val 0.3669 | Test 0.0189
Validation loss decreased (0.366851 --> 0.366851).  Saving model ...
  Ep 5: Train 0.2944 | Val 0.3455 | Test 0.0138
Validation loss decreased (0.345473 --> 0.345473).  Saving model ...
  Ep 6: Train 0.2855 | Val 0.3428 | Test 0.0142
Validation loss decreased (0.342832 --> 0.342832).  Saving model ...
  Ep 7: Train 0.2774 | Val 0.3397 | Test 0.0127
Validation loss decreased (0.339745 --> 0.339745).  Saving model ...
  Ep 8: Train 0.2720 | Val 0.3468 | Test 0.0157
EarlyStopping counter: 1 out of 5
  Ep 9: Train 0.2624 | Val 0.3751 | Test 0.0168
EarlyStopping counter: 2 out of 5
  Ep 10: Train 0.2574 | Val 0.3057 | Test 0.0146
Validation loss decreased (0.305676 --> 0.305676).  Saving model ...
  Ep 11: Train 0.2559 | Val 0.3270 | Test 0.0196
EarlyStopping counter: 1 out of 5
  Ep 12: Train 0.2512 | Val 0.3271 | Test 0.0151
EarlyStopping counter: 2 out of 5
  Ep 13: Train 0.2430 | Val 0.3185 | Test 0.0126
EarlyStopping counter: 3 out of 5
  Ep 14: Train 0.2511 | Val 0.3630 | Test 0.0146
EarlyStopping counter: 4 out of 5
  Ep 15: Train 0.2369 | Val 0.3179 | Test 0.0147
EarlyStopping counter: 5 out of 5
Early stopping triggered!
/home/sangukchoi/Stroke_SDA/sda_training.py:615: FutureWarning: You are using `torch.load` with `weights_only=False` (the current default value), which uses the default pickle module implicitly. It is possible to construct malicious pickle data which will execute arbitrary code during unpickling (See https://github.com/pytorch/pytorch/blob/main/SECURITY.md#untrusted-models for more details). In a future release, the default value for `weights_only` will be flipped to `True`. This limits the functions that could be executed during unpickling. Arbitrary objects will no longer be allowed to be loaded via this mode unless they are explicitly allowlisted by the user via `torch.serialization.add_safe_globals`. We recommend you start setting `weights_only=True` for any use case where you don't have full control of the loaded file. Please open an issue on GitHub for any issues related to this experimental feature.
  model.load_state_dict(torch.load(os.path.join(out_dir, 'best_model.pth')))
Final Test MSE (Best Model): 0.0146
Finished. Status: Success
