Starting Run on GPU 0
Time: 2025-12-24 23:46:25

[Run Start] Subject S007 | Mode ['SDA'] | Params: L2.5_LS0.7_LR0.0001_E64_D64_Dr0.3

[Fold 1 - SDA] Train: ['S007_T006', 'S007_T009'], Test: S007_T005, Norm: fixed
/home/sangukchoi/.conda/envs/torch_gpu/lib/python3.10/site-packages/torch/nn/modules/rnn.py:123: UserWarning: dropout option adds dropout after all but last recurrent layer, so non-zero dropout expects num_layers greater than 1, but got dropout=0.3 and num_layers=1
  warnings.warn(
  Ep 1: Train 0.6421 | Val 0.6309 | Test 0.0774
Validation loss decreased (0.630943 --> 0.630943).  Saving model ...
  Ep 2: Train 0.4325 | Val 0.5285 | Test 0.0529
Validation loss decreased (0.528515 --> 0.528515).  Saving model ...
  Ep 3: Train 0.3938 | Val 0.4878 | Test 0.0444
Validation loss decreased (0.487781 --> 0.487781).  Saving model ...
  Ep 4: Train 0.3584 | Val 0.4570 | Test 0.0436
Validation loss decreased (0.457004 --> 0.457004).  Saving model ...
  Ep 5: Train 0.3320 | Val 0.4392 | Test 0.0343
Validation loss decreased (0.439186 --> 0.439186).  Saving model ...
  Ep 6: Train 0.3082 | Val 0.4011 | Test 0.0266
Validation loss decreased (0.401119 --> 0.401119).  Saving model ...
  Ep 7: Train 0.2926 | Val 0.3735 | Test 0.0268
Validation loss decreased (0.373482 --> 0.373482).  Saving model ...
  Ep 8: Train 0.2819 | Val 0.3504 | Test 0.0207
Validation loss decreased (0.350389 --> 0.350389).  Saving model ...
  Ep 9: Train 0.2807 | Val 0.3352 | Test 0.0169
Validation loss decreased (0.335219 --> 0.335219).  Saving model ...
  Ep 10: Train 0.2760 | Val 0.3394 | Test 0.0172
EarlyStopping counter: 1 out of 5
  Ep 11: Train 0.2667 | Val 0.3768 | Test 0.0160
EarlyStopping counter: 2 out of 5
  Ep 12: Train 0.2646 | Val 0.3606 | Test 0.0171
EarlyStopping counter: 3 out of 5
  Ep 13: Train 0.2567 | Val 0.3418 | Test 0.0146
EarlyStopping counter: 4 out of 5
  Ep 14: Train 0.2547 | Val 0.3114 | Test 0.0144
Validation loss decreased (0.311407 --> 0.311407).  Saving model ...
  Ep 15: Train 0.2565 | Val 0.3725 | Test 0.0146
EarlyStopping counter: 1 out of 5
  Ep 16: Train 0.2515 | Val 0.3533 | Test 0.0166
EarlyStopping counter: 2 out of 5
  Ep 17: Train 0.2512 | Val 0.4278 | Test 0.0159
EarlyStopping counter: 3 out of 5
  Ep 18: Train 0.2446 | Val 0.3452 | Test 0.0157
EarlyStopping counter: 4 out of 5
  Ep 19: Train 0.2423 | Val 0.3944 | Test 0.0115
EarlyStopping counter: 5 out of 5
Early stopping triggered!
/home/sangukchoi/Stroke_SDA/sda_training.py:615: FutureWarning: You are using `torch.load` with `weights_only=False` (the current default value), which uses the default pickle module implicitly. It is possible to construct malicious pickle data which will execute arbitrary code during unpickling (See https://github.com/pytorch/pytorch/blob/main/SECURITY.md#untrusted-models for more details). In a future release, the default value for `weights_only` will be flipped to `True`. This limits the functions that could be executed during unpickling. Arbitrary objects will no longer be allowed to be loaded via this mode unless they are explicitly allowlisted by the user via `torch.serialization.add_safe_globals`. We recommend you start setting `weights_only=True` for any use case where you don't have full control of the loaded file. Please open an issue on GitHub for any issues related to this experimental feature.
  model.load_state_dict(torch.load(os.path.join(out_dir, 'best_model.pth')))
Final Test MSE (Best Model): 0.0144
Finished. Status: Success
