Starting Run on GPU 1
Time: 2025-12-24 22:48:02

[Run Start] Subject S007 | Mode ['SDA'] | Params: L1.5_LS1.0_LR0.0001_E256_D128_Dr0.3

[Fold 1 - SDA] Train: ['S007_T006', 'S007_T009'], Test: S007_T005, Norm: fixed
/home/sangukchoi/.conda/envs/torch_gpu/lib/python3.10/site-packages/torch/nn/modules/rnn.py:123: UserWarning: dropout option adds dropout after all but last recurrent layer, so non-zero dropout expects num_layers greater than 1, but got dropout=0.3 and num_layers=1
  warnings.warn(
  Ep 1: Train 0.3374 | Val 0.2813 | Test 0.0151
Validation loss decreased (0.281262 --> 0.281262).  Saving model ...
  Ep 2: Train 0.2029 | Val 0.1925 | Test 0.0148
Validation loss decreased (0.192473 --> 0.192473).  Saving model ...
  Ep 3: Train 0.1856 | Val 0.1907 | Test 0.0110
Validation loss decreased (0.190668 --> 0.190668).  Saving model ...
  Ep 4: Train 0.1777 | Val 0.1447 | Test 0.0107
Validation loss decreased (0.144693 --> 0.144693).  Saving model ...
  Ep 5: Train 0.1736 | Val 0.1408 | Test 0.0091
Validation loss decreased (0.140816 --> 0.140816).  Saving model ...
  Ep 6: Train 0.1675 | Val 0.1338 | Test 0.0103
Validation loss decreased (0.133791 --> 0.133791).  Saving model ...
  Ep 7: Train 0.1674 | Val 0.1248 | Test 0.0092
Validation loss decreased (0.124776 --> 0.124776).  Saving model ...
  Ep 8: Train 0.1609 | Val 0.1366 | Test 0.0119
EarlyStopping counter: 1 out of 5
  Ep 9: Train 0.1599 | Val 0.1276 | Test 0.0099
EarlyStopping counter: 2 out of 5
  Ep 10: Train 0.1590 | Val 0.1358 | Test 0.0106
EarlyStopping counter: 3 out of 5
  Ep 11: Train 0.1566 | Val 0.1130 | Test 0.0090
Validation loss decreased (0.113035 --> 0.113035).  Saving model ...
  Ep 12: Train 0.1598 | Val 0.1129 | Test 0.0084
EarlyStopping counter: 1 out of 5
  Ep 13: Train 0.1534 | Val 0.1358 | Test 0.0080
EarlyStopping counter: 2 out of 5
  Ep 14: Train 0.1528 | Val 0.1177 | Test 0.0109
EarlyStopping counter: 3 out of 5
  Ep 15: Train 0.1506 | Val 0.1337 | Test 0.0094
EarlyStopping counter: 4 out of 5
  Ep 16: Train 0.1476 | Val 0.1069 | Test 0.0080
Validation loss decreased (0.106947 --> 0.106947).  Saving model ...
  Ep 17: Train 0.1490 | Val 0.1085 | Test 0.0096
EarlyStopping counter: 1 out of 5
  Ep 18: Train 0.1484 | Val 0.1182 | Test 0.0076
EarlyStopping counter: 2 out of 5
  Ep 19: Train 0.1492 | Val 0.1284 | Test 0.0120
EarlyStopping counter: 3 out of 5
  Ep 20: Train 0.1498 | Val 0.1088 | Test 0.0093
EarlyStopping counter: 4 out of 5
  Ep 21: Train 0.1451 | Val 0.1241 | Test 0.0107
EarlyStopping counter: 5 out of 5
Early stopping triggered!
/home/sangukchoi/Stroke_SDA/sda_training.py:615: FutureWarning: You are using `torch.load` with `weights_only=False` (the current default value), which uses the default pickle module implicitly. It is possible to construct malicious pickle data which will execute arbitrary code during unpickling (See https://github.com/pytorch/pytorch/blob/main/SECURITY.md#untrusted-models for more details). In a future release, the default value for `weights_only` will be flipped to `True`. This limits the functions that could be executed during unpickling. Arbitrary objects will no longer be allowed to be loaded via this mode unless they are explicitly allowlisted by the user via `torch.serialization.add_safe_globals`. We recommend you start setting `weights_only=True` for any use case where you don't have full control of the loaded file. Please open an issue on GitHub for any issues related to this experimental feature.
  model.load_state_dict(torch.load(os.path.join(out_dir, 'best_model.pth')))
Final Test MSE (Best Model): 0.0080
Finished. Status: Success
