Starting Run on GPU 2
Time: 2025-12-24 21:19:06

[Run Start] Subject S007 | Mode ['SDA'] | Params: L0.5_LS0.7_LR0.0001_E64_D32_Dr0.3

[Fold 1 - SDA] Train: ['S007_T006', 'S007_T009'], Test: S007_T005, Norm: fixed
/home/sangukchoi/.conda/envs/torch_gpu/lib/python3.10/site-packages/torch/nn/modules/rnn.py:123: UserWarning: dropout option adds dropout after all but last recurrent layer, so non-zero dropout expects num_layers greater than 1, but got dropout=0.3 and num_layers=1
  warnings.warn(
  Ep 1: Train 0.3022 | Val 0.1639 | Test 0.0209
Validation loss decreased (0.163906 --> 0.163906).  Saving model ...
  Ep 2: Train 0.1139 | Val 0.1005 | Test 0.0140
Validation loss decreased (0.100520 --> 0.100520).  Saving model ...
  Ep 3: Train 0.0905 | Val 0.0851 | Test 0.0111
Validation loss decreased (0.085142 --> 0.085142).  Saving model ...
  Ep 4: Train 0.0821 | Val 0.0757 | Test 0.0096
Validation loss decreased (0.075727 --> 0.075727).  Saving model ...
  Ep 5: Train 0.0782 | Val 0.0659 | Test 0.0092
Validation loss decreased (0.065929 --> 0.065929).  Saving model ...
  Ep 6: Train 0.0748 | Val 0.0641 | Test 0.0085
Validation loss decreased (0.064102 --> 0.064102).  Saving model ...
  Ep 7: Train 0.0725 | Val 0.0616 | Test 0.0100
Validation loss decreased (0.061618 --> 0.061618).  Saving model ...
  Ep 8: Train 0.0714 | Val 0.0551 | Test 0.0071
Validation loss decreased (0.055081 --> 0.055081).  Saving model ...
  Ep 9: Train 0.0697 | Val 0.0617 | Test 0.0084
EarlyStopping counter: 1 out of 5
  Ep 10: Train 0.0694 | Val 0.0577 | Test 0.0074
EarlyStopping counter: 2 out of 5
  Ep 11: Train 0.0690 | Val 0.0506 | Test 0.0071
Validation loss decreased (0.050625 --> 0.050625).  Saving model ...
  Ep 12: Train 0.0690 | Val 0.0504 | Test 0.0066
EarlyStopping counter: 1 out of 5
  Ep 13: Train 0.0681 | Val 0.0546 | Test 0.0068
EarlyStopping counter: 2 out of 5
  Ep 14: Train 0.0681 | Val 0.0537 | Test 0.0063
EarlyStopping counter: 3 out of 5
  Ep 15: Train 0.0670 | Val 0.0485 | Test 0.0062
Validation loss decreased (0.048462 --> 0.048462).  Saving model ...
  Ep 16: Train 0.0661 | Val 0.0522 | Test 0.0065
EarlyStopping counter: 1 out of 5
  Ep 17: Train 0.0670 | Val 0.0516 | Test 0.0057
EarlyStopping counter: 2 out of 5
  Ep 18: Train 0.0649 | Val 0.0513 | Test 0.0061
EarlyStopping counter: 3 out of 5
  Ep 19: Train 0.0654 | Val 0.0496 | Test 0.0065
EarlyStopping counter: 4 out of 5
  Ep 20: Train 0.0652 | Val 0.0471 | Test 0.0058
Validation loss decreased (0.047084 --> 0.047084).  Saving model ...
  Ep 21: Train 0.0639 | Val 0.0500 | Test 0.0059
EarlyStopping counter: 1 out of 5
  Ep 22: Train 0.0659 | Val 0.0475 | Test 0.0062
EarlyStopping counter: 2 out of 5
  Ep 23: Train 0.0638 | Val 0.0520 | Test 0.0067
EarlyStopping counter: 3 out of 5
  Ep 24: Train 0.0637 | Val 0.0461 | Test 0.0052
Validation loss decreased (0.046115 --> 0.046115).  Saving model ...
  Ep 25: Train 0.0627 | Val 0.0503 | Test 0.0062
EarlyStopping counter: 1 out of 5
  Ep 26: Train 0.0623 | Val 0.0502 | Test 0.0069
EarlyStopping counter: 2 out of 5
  Ep 27: Train 0.0622 | Val 0.0479 | Test 0.0065
EarlyStopping counter: 3 out of 5
  Ep 28: Train 0.0628 | Val 0.0471 | Test 0.0054
EarlyStopping counter: 4 out of 5
  Ep 29: Train 0.0632 | Val 0.0464 | Test 0.0053
EarlyStopping counter: 5 out of 5
Early stopping triggered!
/home/sangukchoi/Stroke_SDA/sda_training.py:615: FutureWarning: You are using `torch.load` with `weights_only=False` (the current default value), which uses the default pickle module implicitly. It is possible to construct malicious pickle data which will execute arbitrary code during unpickling (See https://github.com/pytorch/pytorch/blob/main/SECURITY.md#untrusted-models for more details). In a future release, the default value for `weights_only` will be flipped to `True`. This limits the functions that could be executed during unpickling. Arbitrary objects will no longer be allowed to be loaded via this mode unless they are explicitly allowlisted by the user via `torch.serialization.add_safe_globals`. We recommend you start setting `weights_only=True` for any use case where you don't have full control of the loaded file. Please open an issue on GitHub for any issues related to this experimental feature.
  model.load_state_dict(torch.load(os.path.join(out_dir, 'best_model.pth')))
Final Test MSE (Best Model): 0.0052
Finished. Status: Success
