Starting Run on GPU 0
Time: 2025-12-24 22:19:52

[Run Start] Subject S007 | Mode ['SDA'] | Params: L1.5_LS0.7_LR0.0001_E128_D64_Dr0.3

[Fold 1 - SDA] Train: ['S007_T006', 'S007_T009'], Test: S007_T005, Norm: fixed
/home/sangukchoi/.conda/envs/torch_gpu/lib/python3.10/site-packages/torch/nn/modules/rnn.py:123: UserWarning: dropout option adds dropout after all but last recurrent layer, so non-zero dropout expects num_layers greater than 1, but got dropout=0.3 and num_layers=1
  warnings.warn(
  Ep 1: Train 0.3542 | Val 0.2517 | Test 0.0332
Validation loss decreased (0.251749 --> 0.251749).  Saving model ...
  Ep 2: Train 0.2340 | Val 0.2159 | Test 0.0213
Validation loss decreased (0.215900 --> 0.215900).  Saving model ...
  Ep 3: Train 0.2025 | Val 0.2033 | Test 0.0166
Validation loss decreased (0.203326 --> 0.203326).  Saving model ...
  Ep 4: Train 0.1821 | Val 0.1737 | Test 0.0120
Validation loss decreased (0.173701 --> 0.173701).  Saving model ...
  Ep 5: Train 0.1721 | Val 0.1651 | Test 0.0168
Validation loss decreased (0.165088 --> 0.165088).  Saving model ...
  Ep 6: Train 0.1640 | Val 0.1500 | Test 0.0102
Validation loss decreased (0.149959 --> 0.149959).  Saving model ...
  Ep 7: Train 0.1643 | Val 0.1503 | Test 0.0098
EarlyStopping counter: 1 out of 5
  Ep 8: Train 0.1608 | Val 0.1373 | Test 0.0095
Validation loss decreased (0.137320 --> 0.137320).  Saving model ...
  Ep 9: Train 0.1581 | Val 0.1363 | Test 0.0101
Validation loss decreased (0.136259 --> 0.136259).  Saving model ...
  Ep 10: Train 0.1566 | Val 0.1312 | Test 0.0081
Validation loss decreased (0.131195 --> 0.131195).  Saving model ...
  Ep 11: Train 0.1512 | Val 0.1370 | Test 0.0089
EarlyStopping counter: 1 out of 5
  Ep 12: Train 0.1463 | Val 0.1345 | Test 0.0070
EarlyStopping counter: 2 out of 5
  Ep 13: Train 0.1478 | Val 0.1416 | Test 0.0107
EarlyStopping counter: 3 out of 5
  Ep 14: Train 0.1483 | Val 0.1346 | Test 0.0074
EarlyStopping counter: 4 out of 5
  Ep 15: Train 0.1463 | Val 0.1291 | Test 0.0090
Validation loss decreased (0.129090 --> 0.129090).  Saving model ...
  Ep 16: Train 0.1434 | Val 0.1340 | Test 0.0065
EarlyStopping counter: 1 out of 5
  Ep 17: Train 0.1448 | Val 0.1422 | Test 0.0089
EarlyStopping counter: 2 out of 5
  Ep 18: Train 0.1451 | Val 0.1262 | Test 0.0071
Validation loss decreased (0.126248 --> 0.126248).  Saving model ...
  Ep 19: Train 0.1448 | Val 0.1204 | Test 0.0076
Validation loss decreased (0.120351 --> 0.120351).  Saving model ...
  Ep 20: Train 0.1452 | Val 0.1392 | Test 0.0082
EarlyStopping counter: 1 out of 5
  Ep 21: Train 0.1386 | Val 0.1361 | Test 0.0086
EarlyStopping counter: 2 out of 5
  Ep 22: Train 0.1403 | Val 0.1230 | Test 0.0067
EarlyStopping counter: 3 out of 5
  Ep 23: Train 0.1406 | Val 0.1247 | Test 0.0064
EarlyStopping counter: 4 out of 5
  Ep 24: Train 0.1351 | Val 0.1220 | Test 0.0059
EarlyStopping counter: 5 out of 5
Early stopping triggered!
/home/sangukchoi/Stroke_SDA/sda_training.py:615: FutureWarning: You are using `torch.load` with `weights_only=False` (the current default value), which uses the default pickle module implicitly. It is possible to construct malicious pickle data which will execute arbitrary code during unpickling (See https://github.com/pytorch/pytorch/blob/main/SECURITY.md#untrusted-models for more details). In a future release, the default value for `weights_only` will be flipped to `True`. This limits the functions that could be executed during unpickling. Arbitrary objects will no longer be allowed to be loaded via this mode unless they are explicitly allowlisted by the user via `torch.serialization.add_safe_globals`. We recommend you start setting `weights_only=True` for any use case where you don't have full control of the loaded file. Please open an issue on GitHub for any issues related to this experimental feature.
  model.load_state_dict(torch.load(os.path.join(out_dir, 'best_model.pth')))
Final Test MSE (Best Model): 0.0076
Finished. Status: Success
