Starting Run on GPU 3
Time: 2025-12-24 21:57:50

[Run Start] Subject S007 | Mode ['SDA'] | Params: L1.0_LS0.7_LR0.0001_E256_D32_Dr0.3

[Fold 1 - SDA] Train: ['S007_T006', 'S007_T009'], Test: S007_T005, Norm: fixed
/home/sangukchoi/.conda/envs/torch_gpu/lib/python3.10/site-packages/torch/nn/modules/rnn.py:123: UserWarning: dropout option adds dropout after all but last recurrent layer, so non-zero dropout expects num_layers greater than 1, but got dropout=0.3 and num_layers=1
  warnings.warn(
  Ep 1: Train 0.2467 | Val 0.1685 | Test 0.0166
Validation loss decreased (0.168527 --> 0.168527).  Saving model ...
  Ep 2: Train 0.1367 | Val 0.1171 | Test 0.0085
Validation loss decreased (0.117114 --> 0.117114).  Saving model ...
  Ep 3: Train 0.1230 | Val 0.1220 | Test 0.0103
EarlyStopping counter: 1 out of 5
  Ep 4: Train 0.1184 | Val 0.1175 | Test 0.0104
EarlyStopping counter: 2 out of 5
  Ep 5: Train 0.1140 | Val 0.0961 | Test 0.0085
Validation loss decreased (0.096126 --> 0.096126).  Saving model ...
  Ep 6: Train 0.1119 | Val 0.0956 | Test 0.0073
Validation loss decreased (0.095616 --> 0.095616).  Saving model ...
  Ep 7: Train 0.1064 | Val 0.0913 | Test 0.0073
Validation loss decreased (0.091350 --> 0.091350).  Saving model ...
  Ep 8: Train 0.1068 | Val 0.0942 | Test 0.0063
EarlyStopping counter: 1 out of 5
  Ep 9: Train 0.1048 | Val 0.0914 | Test 0.0060
EarlyStopping counter: 2 out of 5
  Ep 10: Train 0.1061 | Val 0.0825 | Test 0.0061
Validation loss decreased (0.082506 --> 0.082506).  Saving model ...
  Ep 11: Train 0.1044 | Val 0.0810 | Test 0.0074
Validation loss decreased (0.081040 --> 0.081040).  Saving model ...
  Ep 12: Train 0.1020 | Val 0.0758 | Test 0.0047
Validation loss decreased (0.075755 --> 0.075755).  Saving model ...
  Ep 13: Train 0.1019 | Val 0.0955 | Test 0.0052
EarlyStopping counter: 1 out of 5
  Ep 14: Train 0.1006 | Val 0.0792 | Test 0.0076
EarlyStopping counter: 2 out of 5
  Ep 15: Train 0.0996 | Val 0.0822 | Test 0.0053
EarlyStopping counter: 3 out of 5
  Ep 16: Train 0.0992 | Val 0.0825 | Test 0.0051
EarlyStopping counter: 4 out of 5
  Ep 17: Train 0.0986 | Val 0.0780 | Test 0.0048
EarlyStopping counter: 5 out of 5
Early stopping triggered!
/home/sangukchoi/Stroke_SDA/sda_training.py:615: FutureWarning: You are using `torch.load` with `weights_only=False` (the current default value), which uses the default pickle module implicitly. It is possible to construct malicious pickle data which will execute arbitrary code during unpickling (See https://github.com/pytorch/pytorch/blob/main/SECURITY.md#untrusted-models for more details). In a future release, the default value for `weights_only` will be flipped to `True`. This limits the functions that could be executed during unpickling. Arbitrary objects will no longer be allowed to be loaded via this mode unless they are explicitly allowlisted by the user via `torch.serialization.add_safe_globals`. We recommend you start setting `weights_only=True` for any use case where you don't have full control of the loaded file. Please open an issue on GitHub for any issues related to this experimental feature.
  model.load_state_dict(torch.load(os.path.join(out_dir, 'best_model.pth')))
Final Test MSE (Best Model): 0.0047
Finished. Status: Success
