Starting Run on GPU 3
Time: 2025-12-25 00:43:56

[Run Start] Subject S007 | Mode ['SDA'] | Params: L3.0_LS0.7_LR0.0001_E128_D64_Dr0.3

[Fold 1 - SDA] Train: ['S007_T006', 'S007_T009'], Test: S007_T005, Norm: fixed
/home/sangukchoi/.conda/envs/torch_gpu/lib/python3.10/site-packages/torch/nn/modules/rnn.py:123: UserWarning: dropout option adds dropout after all but last recurrent layer, so non-zero dropout expects num_layers greater than 1, but got dropout=0.3 and num_layers=1
  warnings.warn(
  Ep 1: Train 0.6324 | Val 0.7664 | Test 0.0726
Validation loss decreased (0.766434 --> 0.766434).  Saving model ...
  Ep 2: Train 0.4459 | Val 0.7187 | Test 0.0568
Validation loss decreased (0.718664 --> 0.718664).  Saving model ...
  Ep 3: Train 0.3813 | Val 0.5222 | Test 0.0444
Validation loss decreased (0.522176 --> 0.522176).  Saving model ...
  Ep 4: Train 0.3524 | Val 0.5564 | Test 0.0317
EarlyStopping counter: 1 out of 5
  Ep 5: Train 0.3400 | Val 0.4331 | Test 0.0301
Validation loss decreased (0.433145 --> 0.433145).  Saving model ...
  Ep 6: Train 0.3248 | Val 0.4479 | Test 0.0316
EarlyStopping counter: 1 out of 5
  Ep 7: Train 0.3212 | Val 0.4604 | Test 0.0211
EarlyStopping counter: 2 out of 5
  Ep 8: Train 0.3146 | Val 0.4280 | Test 0.0238
Validation loss decreased (0.428048 --> 0.428048).  Saving model ...
  Ep 9: Train 0.3125 | Val 0.3917 | Test 0.0252
Validation loss decreased (0.391743 --> 0.391743).  Saving model ...
  Ep 10: Train 0.2962 | Val 0.3817 | Test 0.0197
Validation loss decreased (0.381732 --> 0.381732).  Saving model ...
  Ep 11: Train 0.2945 | Val 0.4059 | Test 0.0213
EarlyStopping counter: 1 out of 5
  Ep 12: Train 0.2937 | Val 0.4299 | Test 0.0257
EarlyStopping counter: 2 out of 5
  Ep 13: Train 0.2898 | Val 0.4578 | Test 0.0216
EarlyStopping counter: 3 out of 5
  Ep 14: Train 0.2932 | Val 0.4148 | Test 0.0170
EarlyStopping counter: 4 out of 5
  Ep 15: Train 0.2784 | Val 0.4170 | Test 0.0179
EarlyStopping counter: 5 out of 5
Early stopping triggered!
/home/sangukchoi/Stroke_SDA/sda_training.py:615: FutureWarning: You are using `torch.load` with `weights_only=False` (the current default value), which uses the default pickle module implicitly. It is possible to construct malicious pickle data which will execute arbitrary code during unpickling (See https://github.com/pytorch/pytorch/blob/main/SECURITY.md#untrusted-models for more details). In a future release, the default value for `weights_only` will be flipped to `True`. This limits the functions that could be executed during unpickling. Arbitrary objects will no longer be allowed to be loaded via this mode unless they are explicitly allowlisted by the user via `torch.serialization.add_safe_globals`. We recommend you start setting `weights_only=True` for any use case where you don't have full control of the loaded file. Please open an issue on GitHub for any issues related to this experimental feature.
  model.load_state_dict(torch.load(os.path.join(out_dir, 'best_model.pth')))
Final Test MSE (Best Model): 0.0197
Finished. Status: Success
