Starting Run on GPU 1
Time: 2025-12-24 22:07:57

[Run Start] Subject S007 | Mode ['SDA'] | Params: L1.0_LS1.0_LR0.0001_E128_D64_Dr0.3

[Fold 1 - SDA] Train: ['S007_T006', 'S007_T009'], Test: S007_T005, Norm: fixed
/home/sangukchoi/.conda/envs/torch_gpu/lib/python3.10/site-packages/torch/nn/modules/rnn.py:123: UserWarning: dropout option adds dropout after all but last recurrent layer, so non-zero dropout expects num_layers greater than 1, but got dropout=0.3 and num_layers=1
  warnings.warn(
  Ep 1: Train 0.3294 | Val 0.1859 | Test 0.0203
Validation loss decreased (0.185884 --> 0.185884).  Saving model ...
  Ep 2: Train 0.1802 | Val 0.1515 | Test 0.0184
Validation loss decreased (0.151459 --> 0.151459).  Saving model ...
  Ep 3: Train 0.1539 | Val 0.1264 | Test 0.0113
Validation loss decreased (0.126421 --> 0.126421).  Saving model ...
  Ep 4: Train 0.1383 | Val 0.1111 | Test 0.0094
Validation loss decreased (0.111053 --> 0.111053).  Saving model ...
  Ep 5: Train 0.1340 | Val 0.1064 | Test 0.0095
Validation loss decreased (0.106415 --> 0.106415).  Saving model ...
  Ep 6: Train 0.1290 | Val 0.1008 | Test 0.0074
Validation loss decreased (0.100768 --> 0.100768).  Saving model ...
  Ep 7: Train 0.1285 | Val 0.0935 | Test 0.0093
Validation loss decreased (0.093464 --> 0.093464).  Saving model ...
  Ep 8: Train 0.1234 | Val 0.0894 | Test 0.0057
Validation loss decreased (0.089381 --> 0.089381).  Saving model ...
  Ep 9: Train 0.1220 | Val 0.0957 | Test 0.0082
EarlyStopping counter: 1 out of 5
  Ep 10: Train 0.1215 | Val 0.0927 | Test 0.0078
EarlyStopping counter: 2 out of 5
  Ep 11: Train 0.1199 | Val 0.0927 | Test 0.0063
EarlyStopping counter: 3 out of 5
  Ep 12: Train 0.1152 | Val 0.0908 | Test 0.0071
EarlyStopping counter: 4 out of 5
  Ep 13: Train 0.1133 | Val 0.0928 | Test 0.0070
EarlyStopping counter: 5 out of 5
Early stopping triggered!
/home/sangukchoi/Stroke_SDA/sda_training.py:615: FutureWarning: You are using `torch.load` with `weights_only=False` (the current default value), which uses the default pickle module implicitly. It is possible to construct malicious pickle data which will execute arbitrary code during unpickling (See https://github.com/pytorch/pytorch/blob/main/SECURITY.md#untrusted-models for more details). In a future release, the default value for `weights_only` will be flipped to `True`. This limits the functions that could be executed during unpickling. Arbitrary objects will no longer be allowed to be loaded via this mode unless they are explicitly allowlisted by the user via `torch.serialization.add_safe_globals`. We recommend you start setting `weights_only=True` for any use case where you don't have full control of the loaded file. Please open an issue on GitHub for any issues related to this experimental feature.
  model.load_state_dict(torch.load(os.path.join(out_dir, 'best_model.pth')))
Final Test MSE (Best Model): 0.0057
Finished. Status: Success
