Starting Run on GPU 0
Time: 2025-12-24 22:27:03

[Run Start] Subject S007 | Mode ['SDA'] | Params: L1.5_LS0.7_LR0.0001_E256_D32_Dr0.3

[Fold 1 - SDA] Train: ['S007_T006', 'S007_T009'], Test: S007_T005, Norm: fixed
/home/sangukchoi/.conda/envs/torch_gpu/lib/python3.10/site-packages/torch/nn/modules/rnn.py:123: UserWarning: dropout option adds dropout after all but last recurrent layer, so non-zero dropout expects num_layers greater than 1, but got dropout=0.3 and num_layers=1
  warnings.warn(
  Ep 1: Train 0.3142 | Val 0.2518 | Test 0.0266
Validation loss decreased (0.251804 --> 0.251804).  Saving model ...
  Ep 2: Train 0.1984 | Val 0.2044 | Test 0.0122
Validation loss decreased (0.204412 --> 0.204412).  Saving model ...
  Ep 3: Train 0.1709 | Val 0.1673 | Test 0.0081
Validation loss decreased (0.167305 --> 0.167305).  Saving model ...
  Ep 4: Train 0.1636 | Val 0.1645 | Test 0.0130
Validation loss decreased (0.164505 --> 0.164505).  Saving model ...
  Ep 5: Train 0.1570 | Val 0.1491 | Test 0.0107
Validation loss decreased (0.149116 --> 0.149116).  Saving model ...
  Ep 6: Train 0.1548 | Val 0.1461 | Test 0.0112
Validation loss decreased (0.146130 --> 0.146130).  Saving model ...
  Ep 7: Train 0.1511 | Val 0.1475 | Test 0.0111
EarlyStopping counter: 1 out of 5
  Ep 8: Train 0.1504 | Val 0.1335 | Test 0.0065
Validation loss decreased (0.133526 --> 0.133526).  Saving model ...
  Ep 9: Train 0.1496 | Val 0.1203 | Test 0.0064
Validation loss decreased (0.120262 --> 0.120262).  Saving model ...
  Ep 10: Train 0.1451 | Val 0.1544 | Test 0.0106
EarlyStopping counter: 1 out of 5
  Ep 11: Train 0.1470 | Val 0.1446 | Test 0.0081
EarlyStopping counter: 2 out of 5
  Ep 12: Train 0.1467 | Val 0.1310 | Test 0.0088
EarlyStopping counter: 3 out of 5
  Ep 13: Train 0.1425 | Val 0.1146 | Test 0.0075
Validation loss decreased (0.114563 --> 0.114563).  Saving model ...
  Ep 14: Train 0.1413 | Val 0.1164 | Test 0.0071
EarlyStopping counter: 1 out of 5
  Ep 15: Train 0.1404 | Val 0.1545 | Test 0.0101
EarlyStopping counter: 2 out of 5
  Ep 16: Train 0.1416 | Val 0.1136 | Test 0.0080
Validation loss decreased (0.113600 --> 0.113600).  Saving model ...
  Ep 17: Train 0.1418 | Val 0.1190 | Test 0.0082
EarlyStopping counter: 1 out of 5
  Ep 18: Train 0.1357 | Val 0.1128 | Test 0.0067
Validation loss decreased (0.112817 --> 0.112817).  Saving model ...
  Ep 19: Train 0.1397 | Val 0.1270 | Test 0.0067
EarlyStopping counter: 1 out of 5
  Ep 20: Train 0.1397 | Val 0.1131 | Test 0.0084
EarlyStopping counter: 2 out of 5
  Ep 21: Train 0.1399 | Val 0.1181 | Test 0.0102
EarlyStopping counter: 3 out of 5
  Ep 22: Train 0.1359 | Val 0.1066 | Test 0.0078
Validation loss decreased (0.106622 --> 0.106622).  Saving model ...
  Ep 23: Train 0.1354 | Val 0.1196 | Test 0.0088
EarlyStopping counter: 1 out of 5
  Ep 24: Train 0.1358 | Val 0.1039 | Test 0.0075
Validation loss decreased (0.103942 --> 0.103942).  Saving model ...
  Ep 25: Train 0.1372 | Val 0.0984 | Test 0.0089
Validation loss decreased (0.098403 --> 0.098403).  Saving model ...
  Ep 26: Train 0.1403 | Val 0.1073 | Test 0.0070
EarlyStopping counter: 1 out of 5
  Ep 27: Train 0.1342 | Val 0.1068 | Test 0.0056
EarlyStopping counter: 2 out of 5
  Ep 28: Train 0.1390 | Val 0.1126 | Test 0.0127
EarlyStopping counter: 3 out of 5
  Ep 29: Train 0.1336 | Val 0.1103 | Test 0.0073
EarlyStopping counter: 4 out of 5
  Ep 30: Train 0.1322 | Val 0.0971 | Test 0.0055
Validation loss decreased (0.097050 --> 0.097050).  Saving model ...
  Ep 31: Train 0.1355 | Val 0.0974 | Test 0.0096
EarlyStopping counter: 1 out of 5
  Ep 32: Train 0.1350 | Val 0.1041 | Test 0.0121
EarlyStopping counter: 2 out of 5
  Ep 33: Train 0.1332 | Val 0.1015 | Test 0.0071
EarlyStopping counter: 3 out of 5
  Ep 34: Train 0.1330 | Val 0.1020 | Test 0.0065
EarlyStopping counter: 4 out of 5
  Ep 35: Train 0.1369 | Val 0.1037 | Test 0.0091
EarlyStopping counter: 5 out of 5
Early stopping triggered!
/home/sangukchoi/Stroke_SDA/sda_training.py:615: FutureWarning: You are using `torch.load` with `weights_only=False` (the current default value), which uses the default pickle module implicitly. It is possible to construct malicious pickle data which will execute arbitrary code during unpickling (See https://github.com/pytorch/pytorch/blob/main/SECURITY.md#untrusted-models for more details). In a future release, the default value for `weights_only` will be flipped to `True`. This limits the functions that could be executed during unpickling. Arbitrary objects will no longer be allowed to be loaded via this mode unless they are explicitly allowlisted by the user via `torch.serialization.add_safe_globals`. We recommend you start setting `weights_only=True` for any use case where you don't have full control of the loaded file. Please open an issue on GitHub for any issues related to this experimental feature.
  model.load_state_dict(torch.load(os.path.join(out_dir, 'best_model.pth')))
Final Test MSE (Best Model): 0.0055
Finished. Status: Success
