Starting Run on GPU 1
Time: 2025-12-25 00:46:48

[Run Start] Subject S007 | Mode ['SDA'] | Params: L3.0_LS0.7_LR0.0001_E128_D128_Dr0.3

[Fold 1 - SDA] Train: ['S007_T006', 'S007_T009'], Test: S007_T005, Norm: fixed
/home/sangukchoi/.conda/envs/torch_gpu/lib/python3.10/site-packages/torch/nn/modules/rnn.py:123: UserWarning: dropout option adds dropout after all but last recurrent layer, so non-zero dropout expects num_layers greater than 1, but got dropout=0.3 and num_layers=1
  warnings.warn(
  Ep 1: Train 0.6006 | Val 0.6384 | Test 0.0580
Validation loss decreased (0.638440 --> 0.638440).  Saving model ...
  Ep 2: Train 0.4364 | Val 0.5555 | Test 0.0552
Validation loss decreased (0.555455 --> 0.555455).  Saving model ...
  Ep 3: Train 0.3858 | Val 0.4904 | Test 0.0401
Validation loss decreased (0.490419 --> 0.490419).  Saving model ...
  Ep 4: Train 0.3569 | Val 0.4417 | Test 0.0237
Validation loss decreased (0.441688 --> 0.441688).  Saving model ...
  Ep 5: Train 0.3494 | Val 0.3917 | Test 0.0225
Validation loss decreased (0.391735 --> 0.391735).  Saving model ...
  Ep 6: Train 0.3403 | Val 0.4529 | Test 0.0175
EarlyStopping counter: 1 out of 5
  Ep 7: Train 0.3280 | Val 0.3932 | Test 0.0216
EarlyStopping counter: 2 out of 5
  Ep 8: Train 0.3151 | Val 0.4048 | Test 0.0162
EarlyStopping counter: 3 out of 5
  Ep 9: Train 0.3176 | Val 0.4051 | Test 0.0225
EarlyStopping counter: 4 out of 5
  Ep 10: Train 0.3037 | Val 0.3745 | Test 0.0175
Validation loss decreased (0.374458 --> 0.374458).  Saving model ...
  Ep 11: Train 0.2988 | Val 0.4726 | Test 0.0202
EarlyStopping counter: 1 out of 5
  Ep 12: Train 0.2979 | Val 0.3652 | Test 0.0159
Validation loss decreased (0.365211 --> 0.365211).  Saving model ...
  Ep 13: Train 0.2939 | Val 0.3869 | Test 0.0188
EarlyStopping counter: 1 out of 5
  Ep 14: Train 0.2863 | Val 0.4187 | Test 0.0163
EarlyStopping counter: 2 out of 5
  Ep 15: Train 0.2758 | Val 0.3521 | Test 0.0165
Validation loss decreased (0.352115 --> 0.352115).  Saving model ...
  Ep 16: Train 0.2895 | Val 0.3917 | Test 0.0129
EarlyStopping counter: 1 out of 5
  Ep 17: Train 0.2790 | Val 0.3918 | Test 0.0132
EarlyStopping counter: 2 out of 5
  Ep 18: Train 0.2812 | Val 0.3860 | Test 0.0122
EarlyStopping counter: 3 out of 5
  Ep 19: Train 0.2695 | Val 0.3495 | Test 0.0144
Validation loss decreased (0.349549 --> 0.349549).  Saving model ...
  Ep 20: Train 0.2777 | Val 0.3797 | Test 0.0164
EarlyStopping counter: 1 out of 5
  Ep 21: Train 0.2777 | Val 0.3804 | Test 0.0128
EarlyStopping counter: 2 out of 5
  Ep 22: Train 0.2753 | Val 0.3874 | Test 0.0141
EarlyStopping counter: 3 out of 5
  Ep 23: Train 0.2788 | Val 0.3655 | Test 0.0135
EarlyStopping counter: 4 out of 5
  Ep 24: Train 0.2672 | Val 0.4020 | Test 0.0150
EarlyStopping counter: 5 out of 5
Early stopping triggered!
/home/sangukchoi/Stroke_SDA/sda_training.py:615: FutureWarning: You are using `torch.load` with `weights_only=False` (the current default value), which uses the default pickle module implicitly. It is possible to construct malicious pickle data which will execute arbitrary code during unpickling (See https://github.com/pytorch/pytorch/blob/main/SECURITY.md#untrusted-models for more details). In a future release, the default value for `weights_only` will be flipped to `True`. This limits the functions that could be executed during unpickling. Arbitrary objects will no longer be allowed to be loaded via this mode unless they are explicitly allowlisted by the user via `torch.serialization.add_safe_globals`. We recommend you start setting `weights_only=True` for any use case where you don't have full control of the loaded file. Please open an issue on GitHub for any issues related to this experimental feature.
  model.load_state_dict(torch.load(os.path.join(out_dir, 'best_model.pth')))
Final Test MSE (Best Model): 0.0144
Finished. Status: Success
