Starting Run on GPU 2
Time: 2025-12-24 23:35:07

[Run Start] Subject S007 | Mode ['SDA'] | Params: L2.5_LS0.5_LR0.0001_E64_D64_Dr0.3

[Fold 1 - SDA] Train: ['S007_T006', 'S007_T009'], Test: S007_T005, Norm: fixed
/home/sangukchoi/.conda/envs/torch_gpu/lib/python3.10/site-packages/torch/nn/modules/rnn.py:123: UserWarning: dropout option adds dropout after all but last recurrent layer, so non-zero dropout expects num_layers greater than 1, but got dropout=0.3 and num_layers=1
  warnings.warn(
  Ep 1: Train 0.6270 | Val 0.5365 | Test 0.0807
Validation loss decreased (0.536549 --> 0.536549).  Saving model ...
  Ep 2: Train 0.3970 | Val 0.5167 | Test 0.0656
Validation loss decreased (0.516738 --> 0.516738).  Saving model ...
  Ep 3: Train 0.3613 | Val 0.4943 | Test 0.0602
Validation loss decreased (0.494343 --> 0.494343).  Saving model ...
  Ep 4: Train 0.3426 | Val 0.4781 | Test 0.0529
Validation loss decreased (0.478076 --> 0.478076).  Saving model ...
  Ep 5: Train 0.3237 | Val 0.4287 | Test 0.0419
Validation loss decreased (0.428688 --> 0.428688).  Saving model ...
  Ep 6: Train 0.3036 | Val 0.4092 | Test 0.0308
Validation loss decreased (0.409167 --> 0.409167).  Saving model ...
  Ep 7: Train 0.2885 | Val 0.3974 | Test 0.0255
Validation loss decreased (0.397422 --> 0.397422).  Saving model ...
  Ep 8: Train 0.2811 | Val 0.3515 | Test 0.0253
Validation loss decreased (0.351547 --> 0.351547).  Saving model ...
  Ep 9: Train 0.2736 | Val 0.3580 | Test 0.0238
EarlyStopping counter: 1 out of 5
  Ep 10: Train 0.2757 | Val 0.3645 | Test 0.0253
EarlyStopping counter: 2 out of 5
  Ep 11: Train 0.2654 | Val 0.3346 | Test 0.0247
Validation loss decreased (0.334621 --> 0.334621).  Saving model ...
  Ep 12: Train 0.2573 | Val 0.3774 | Test 0.0219
EarlyStopping counter: 1 out of 5
  Ep 13: Train 0.2525 | Val 0.3419 | Test 0.0267
EarlyStopping counter: 2 out of 5
  Ep 14: Train 0.2449 | Val 0.3547 | Test 0.0212
EarlyStopping counter: 3 out of 5
  Ep 15: Train 0.2437 | Val 0.3463 | Test 0.0192
EarlyStopping counter: 4 out of 5
  Ep 16: Train 0.2421 | Val 0.3702 | Test 0.0181
EarlyStopping counter: 5 out of 5
Early stopping triggered!
/home/sangukchoi/Stroke_SDA/sda_training.py:615: FutureWarning: You are using `torch.load` with `weights_only=False` (the current default value), which uses the default pickle module implicitly. It is possible to construct malicious pickle data which will execute arbitrary code during unpickling (See https://github.com/pytorch/pytorch/blob/main/SECURITY.md#untrusted-models for more details). In a future release, the default value for `weights_only` will be flipped to `True`. This limits the functions that could be executed during unpickling. Arbitrary objects will no longer be allowed to be loaded via this mode unless they are explicitly allowlisted by the user via `torch.serialization.add_safe_globals`. We recommend you start setting `weights_only=True` for any use case where you don't have full control of the loaded file. Please open an issue on GitHub for any issues related to this experimental feature.
  model.load_state_dict(torch.load(os.path.join(out_dir, 'best_model.pth')))
Final Test MSE (Best Model): 0.0247
Finished. Status: Success
