Starting Run on GPU 1
Time: 2025-12-24 23:21:33

[Run Start] Subject S007 | Mode ['SDA'] | Params: L2.5_LS0.3_LR0.0001_E64_D64_Dr0.3

[Fold 1 - SDA] Train: ['S007_T006', 'S007_T009'], Test: S007_T005, Norm: fixed
/home/sangukchoi/.conda/envs/torch_gpu/lib/python3.10/site-packages/torch/nn/modules/rnn.py:123: UserWarning: dropout option adds dropout after all but last recurrent layer, so non-zero dropout expects num_layers greater than 1, but got dropout=0.3 and num_layers=1
  warnings.warn(
  Ep 1: Train 0.5492 | Val 0.4066 | Test 0.0814
Validation loss decreased (0.406607 --> 0.406607).  Saving model ...
  Ep 2: Train 0.3696 | Val 0.3549 | Test 0.0544
Validation loss decreased (0.354899 --> 0.354899).  Saving model ...
  Ep 3: Train 0.3155 | Val 0.3080 | Test 0.0349
Validation loss decreased (0.308037 --> 0.308037).  Saving model ...
  Ep 4: Train 0.2791 | Val 0.2726 | Test 0.0274
Validation loss decreased (0.272597 --> 0.272597).  Saving model ...
  Ep 5: Train 0.2687 | Val 0.2655 | Test 0.0205
Validation loss decreased (0.265506 --> 0.265506).  Saving model ...
  Ep 6: Train 0.2605 | Val 0.2530 | Test 0.0169
Validation loss decreased (0.252995 --> 0.252995).  Saving model ...
  Ep 7: Train 0.2593 | Val 0.2431 | Test 0.0166
Validation loss decreased (0.243055 --> 0.243055).  Saving model ...
  Ep 8: Train 0.2496 | Val 0.2316 | Test 0.0146
Validation loss decreased (0.231581 --> 0.231581).  Saving model ...
  Ep 9: Train 0.2449 | Val 0.2207 | Test 0.0127
Validation loss decreased (0.220713 --> 0.220713).  Saving model ...
  Ep 10: Train 0.2379 | Val 0.2278 | Test 0.0136
EarlyStopping counter: 1 out of 5
  Ep 11: Train 0.2352 | Val 0.2089 | Test 0.0137
Validation loss decreased (0.208905 --> 0.208905).  Saving model ...
  Ep 12: Train 0.2350 | Val 0.2093 | Test 0.0129
EarlyStopping counter: 1 out of 5
  Ep 13: Train 0.2286 | Val 0.1999 | Test 0.0144
Validation loss decreased (0.199864 --> 0.199864).  Saving model ...
  Ep 14: Train 0.2263 | Val 0.2237 | Test 0.0126
EarlyStopping counter: 1 out of 5
  Ep 15: Train 0.2224 | Val 0.2271 | Test 0.0130
EarlyStopping counter: 2 out of 5
  Ep 16: Train 0.2162 | Val 0.2252 | Test 0.0149
EarlyStopping counter: 3 out of 5
  Ep 17: Train 0.2175 | Val 0.2215 | Test 0.0107
EarlyStopping counter: 4 out of 5
  Ep 18: Train 0.2178 | Val 0.2183 | Test 0.0137
EarlyStopping counter: 5 out of 5
Early stopping triggered!
/home/sangukchoi/Stroke_SDA/sda_training.py:615: FutureWarning: You are using `torch.load` with `weights_only=False` (the current default value), which uses the default pickle module implicitly. It is possible to construct malicious pickle data which will execute arbitrary code during unpickling (See https://github.com/pytorch/pytorch/blob/main/SECURITY.md#untrusted-models for more details). In a future release, the default value for `weights_only` will be flipped to `True`. This limits the functions that could be executed during unpickling. Arbitrary objects will no longer be allowed to be loaded via this mode unless they are explicitly allowlisted by the user via `torch.serialization.add_safe_globals`. We recommend you start setting `weights_only=True` for any use case where you don't have full control of the loaded file. Please open an issue on GitHub for any issues related to this experimental feature.
  model.load_state_dict(torch.load(os.path.join(out_dir, 'best_model.pth')))
Final Test MSE (Best Model): 0.0144
Finished. Status: Success
