Starting Run on GPU 3
Time: 2025-12-24 23:52:51

[Run Start] Subject S007 | Mode ['SDA'] | Params: L2.5_LS0.7_LR0.0001_E256_D64_Dr0.3

[Fold 1 - SDA] Train: ['S007_T006', 'S007_T009'], Test: S007_T005, Norm: fixed
/home/sangukchoi/.conda/envs/torch_gpu/lib/python3.10/site-packages/torch/nn/modules/rnn.py:123: UserWarning: dropout option adds dropout after all but last recurrent layer, so non-zero dropout expects num_layers greater than 1, but got dropout=0.3 and num_layers=1
  warnings.warn(
  Ep 1: Train 0.4559 | Val 0.4179 | Test 0.0312
Validation loss decreased (0.417875 --> 0.417875).  Saving model ...
  Ep 2: Train 0.3420 | Val 0.3313 | Test 0.0287
Validation loss decreased (0.331302 --> 0.331302).  Saving model ...
  Ep 3: Train 0.3121 | Val 0.2820 | Test 0.0222
Validation loss decreased (0.281982 --> 0.281982).  Saving model ...
  Ep 4: Train 0.3000 | Val 0.2820 | Test 0.0176
EarlyStopping counter: 1 out of 5
  Ep 5: Train 0.2892 | Val 0.2729 | Test 0.0211
Validation loss decreased (0.272943 --> 0.272943).  Saving model ...
  Ep 6: Train 0.2808 | Val 0.2538 | Test 0.0144
Validation loss decreased (0.253757 --> 0.253757).  Saving model ...
  Ep 7: Train 0.2722 | Val 0.2459 | Test 0.0121
Validation loss decreased (0.245927 --> 0.245927).  Saving model ...
  Ep 8: Train 0.2610 | Val 0.2628 | Test 0.0170
EarlyStopping counter: 1 out of 5
  Ep 9: Train 0.2521 | Val 0.2407 | Test 0.0155
Validation loss decreased (0.240712 --> 0.240712).  Saving model ...
  Ep 10: Train 0.2481 | Val 0.2974 | Test 0.0196
EarlyStopping counter: 1 out of 5
  Ep 11: Train 0.2441 | Val 0.2652 | Test 0.0188
EarlyStopping counter: 2 out of 5
  Ep 12: Train 0.2386 | Val 0.2603 | Test 0.0198
EarlyStopping counter: 3 out of 5
  Ep 13: Train 0.2401 | Val 0.2629 | Test 0.0173
EarlyStopping counter: 4 out of 5
  Ep 14: Train 0.2372 | Val 0.2822 | Test 0.0173
EarlyStopping counter: 5 out of 5
Early stopping triggered!
/home/sangukchoi/Stroke_SDA/sda_training.py:615: FutureWarning: You are using `torch.load` with `weights_only=False` (the current default value), which uses the default pickle module implicitly. It is possible to construct malicious pickle data which will execute arbitrary code during unpickling (See https://github.com/pytorch/pytorch/blob/main/SECURITY.md#untrusted-models for more details). In a future release, the default value for `weights_only` will be flipped to `True`. This limits the functions that could be executed during unpickling. Arbitrary objects will no longer be allowed to be loaded via this mode unless they are explicitly allowlisted by the user via `torch.serialization.add_safe_globals`. We recommend you start setting `weights_only=True` for any use case where you don't have full control of the loaded file. Please open an issue on GitHub for any issues related to this experimental feature.
  model.load_state_dict(torch.load(os.path.join(out_dir, 'best_model.pth')))
Final Test MSE (Best Model): 0.0155
Finished. Status: Success
