Starting Run on GPU 0
Time: 2025-12-24 23:55:52

[Run Start] Subject S007 | Mode ['SDA'] | Params: L2.5_LS1.0_LR0.0001_E64_D32_Dr0.3

[Fold 1 - SDA] Train: ['S007_T006', 'S007_T009'], Test: S007_T005, Norm: fixed
/home/sangukchoi/.conda/envs/torch_gpu/lib/python3.10/site-packages/torch/nn/modules/rnn.py:123: UserWarning: dropout option adds dropout after all but last recurrent layer, so non-zero dropout expects num_layers greater than 1, but got dropout=0.3 and num_layers=1
  warnings.warn(
  Ep 1: Train 0.7720 | Val 0.6284 | Test 0.0519
Validation loss decreased (0.628386 --> 0.628386).  Saving model ...
  Ep 2: Train 0.4288 | Val 0.5231 | Test 0.0359
Validation loss decreased (0.523119 --> 0.523119).  Saving model ...
  Ep 3: Train 0.3808 | Val 0.4971 | Test 0.0321
Validation loss decreased (0.497085 --> 0.497085).  Saving model ...
  Ep 4: Train 0.3644 | Val 0.5138 | Test 0.0399
EarlyStopping counter: 1 out of 5
  Ep 5: Train 0.3423 | Val 0.4701 | Test 0.0351
Validation loss decreased (0.470146 --> 0.470146).  Saving model ...
  Ep 6: Train 0.3190 | Val 0.4678 | Test 0.0328
Validation loss decreased (0.467812 --> 0.467812).  Saving model ...
  Ep 7: Train 0.3067 | Val 0.4576 | Test 0.0264
Validation loss decreased (0.457613 --> 0.457613).  Saving model ...
  Ep 8: Train 0.3042 | Val 0.4441 | Test 0.0251
Validation loss decreased (0.444081 --> 0.444081).  Saving model ...
  Ep 9: Train 0.2909 | Val 0.3920 | Test 0.0217
Validation loss decreased (0.391951 --> 0.391951).  Saving model ...
  Ep 10: Train 0.2885 | Val 0.4047 | Test 0.0214
EarlyStopping counter: 1 out of 5
  Ep 11: Train 0.2900 | Val 0.3600 | Test 0.0181
Validation loss decreased (0.360034 --> 0.360034).  Saving model ...
  Ep 12: Train 0.2839 | Val 0.3703 | Test 0.0155
EarlyStopping counter: 1 out of 5
  Ep 13: Train 0.2788 | Val 0.3863 | Test 0.0180
EarlyStopping counter: 2 out of 5
  Ep 14: Train 0.2740 | Val 0.3626 | Test 0.0180
EarlyStopping counter: 3 out of 5
  Ep 15: Train 0.2727 | Val 0.3731 | Test 0.0165
EarlyStopping counter: 4 out of 5
  Ep 16: Train 0.2650 | Val 0.3712 | Test 0.0163
EarlyStopping counter: 5 out of 5
Early stopping triggered!
/home/sangukchoi/Stroke_SDA/sda_training.py:615: FutureWarning: You are using `torch.load` with `weights_only=False` (the current default value), which uses the default pickle module implicitly. It is possible to construct malicious pickle data which will execute arbitrary code during unpickling (See https://github.com/pytorch/pytorch/blob/main/SECURITY.md#untrusted-models for more details). In a future release, the default value for `weights_only` will be flipped to `True`. This limits the functions that could be executed during unpickling. Arbitrary objects will no longer be allowed to be loaded via this mode unless they are explicitly allowlisted by the user via `torch.serialization.add_safe_globals`. We recommend you start setting `weights_only=True` for any use case where you don't have full control of the loaded file. Please open an issue on GitHub for any issues related to this experimental feature.
  model.load_state_dict(torch.load(os.path.join(out_dir, 'best_model.pth')))
Final Test MSE (Best Model): 0.0181
Finished. Status: Success
