Starting Run on GPU 0
Time: 2025-12-24 22:38:30

[Run Start] Subject S007 | Mode ['SDA'] | Params: L1.5_LS1.0_LR0.0001_E128_D32_Dr0.3

[Fold 1 - SDA] Train: ['S007_T006', 'S007_T009'], Test: S007_T005, Norm: fixed
/home/sangukchoi/.conda/envs/torch_gpu/lib/python3.10/site-packages/torch/nn/modules/rnn.py:123: UserWarning: dropout option adds dropout after all but last recurrent layer, so non-zero dropout expects num_layers greater than 1, but got dropout=0.3 and num_layers=1
  warnings.warn(
  Ep 1: Train 0.4291 | Val 0.2472 | Test 0.0226
Validation loss decreased (0.247156 --> 0.247156).  Saving model ...
  Ep 2: Train 0.2272 | Val 0.1711 | Test 0.0103
Validation loss decreased (0.171132 --> 0.171132).  Saving model ...
  Ep 3: Train 0.1881 | Val 0.1734 | Test 0.0103
EarlyStopping counter: 1 out of 5
  Ep 4: Train 0.1794 | Val 0.1414 | Test 0.0090
Validation loss decreased (0.141445 --> 0.141445).  Saving model ...
  Ep 5: Train 0.1700 | Val 0.1433 | Test 0.0093
EarlyStopping counter: 1 out of 5
  Ep 6: Train 0.1720 | Val 0.1555 | Test 0.0099
EarlyStopping counter: 2 out of 5
  Ep 7: Train 0.1685 | Val 0.1339 | Test 0.0066
Validation loss decreased (0.133874 --> 0.133874).  Saving model ...
  Ep 8: Train 0.1647 | Val 0.1202 | Test 0.0081
Validation loss decreased (0.120154 --> 0.120154).  Saving model ...
  Ep 9: Train 0.1617 | Val 0.1321 | Test 0.0077
EarlyStopping counter: 1 out of 5
  Ep 10: Train 0.1648 | Val 0.1360 | Test 0.0088
EarlyStopping counter: 2 out of 5
  Ep 11: Train 0.1622 | Val 0.1223 | Test 0.0068
EarlyStopping counter: 3 out of 5
  Ep 12: Train 0.1603 | Val 0.1212 | Test 0.0094
EarlyStopping counter: 4 out of 5
  Ep 13: Train 0.1562 | Val 0.1175 | Test 0.0068
Validation loss decreased (0.117523 --> 0.117523).  Saving model ...
  Ep 14: Train 0.1543 | Val 0.1353 | Test 0.0104
EarlyStopping counter: 1 out of 5
  Ep 15: Train 0.1516 | Val 0.1299 | Test 0.0097
EarlyStopping counter: 2 out of 5
  Ep 16: Train 0.1519 | Val 0.1179 | Test 0.0090
EarlyStopping counter: 3 out of 5
  Ep 17: Train 0.1557 | Val 0.1229 | Test 0.0080
EarlyStopping counter: 4 out of 5
  Ep 18: Train 0.1480 | Val 0.1278 | Test 0.0095
EarlyStopping counter: 5 out of 5
Early stopping triggered!
/home/sangukchoi/Stroke_SDA/sda_training.py:615: FutureWarning: You are using `torch.load` with `weights_only=False` (the current default value), which uses the default pickle module implicitly. It is possible to construct malicious pickle data which will execute arbitrary code during unpickling (See https://github.com/pytorch/pytorch/blob/main/SECURITY.md#untrusted-models for more details). In a future release, the default value for `weights_only` will be flipped to `True`. This limits the functions that could be executed during unpickling. Arbitrary objects will no longer be allowed to be loaded via this mode unless they are explicitly allowlisted by the user via `torch.serialization.add_safe_globals`. We recommend you start setting `weights_only=True` for any use case where you don't have full control of the loaded file. Please open an issue on GitHub for any issues related to this experimental feature.
  model.load_state_dict(torch.load(os.path.join(out_dir, 'best_model.pth')))
Final Test MSE (Best Model): 0.0068
Finished. Status: Success
