Starting Run on GPU 3
Time: 2025-12-24 22:11:22

[Run Start] Subject S007 | Mode ['SDA'] | Params: L1.0_LS1.0_LR0.0001_E256_D32_Dr0.3

[Fold 1 - SDA] Train: ['S007_T006', 'S007_T009'], Test: S007_T005, Norm: fixed
/home/sangukchoi/.conda/envs/torch_gpu/lib/python3.10/site-packages/torch/nn/modules/rnn.py:123: UserWarning: dropout option adds dropout after all but last recurrent layer, so non-zero dropout expects num_layers greater than 1, but got dropout=0.3 and num_layers=1
  warnings.warn(
  Ep 1: Train 0.2702 | Val 0.1767 | Test 0.0153
Validation loss decreased (0.176734 --> 0.176734).  Saving model ...
  Ep 2: Train 0.1491 | Val 0.1228 | Test 0.0097
Validation loss decreased (0.122764 --> 0.122764).  Saving model ...
  Ep 3: Train 0.1342 | Val 0.1252 | Test 0.0094
EarlyStopping counter: 1 out of 5
  Ep 4: Train 0.1307 | Val 0.1138 | Test 0.0081
Validation loss decreased (0.113814 --> 0.113814).  Saving model ...
  Ep 5: Train 0.1255 | Val 0.0884 | Test 0.0083
Validation loss decreased (0.088411 --> 0.088411).  Saving model ...
  Ep 6: Train 0.1213 | Val 0.0938 | Test 0.0066
EarlyStopping counter: 1 out of 5
  Ep 7: Train 0.1202 | Val 0.0926 | Test 0.0088
EarlyStopping counter: 2 out of 5
  Ep 8: Train 0.1207 | Val 0.0861 | Test 0.0064
Validation loss decreased (0.086113 --> 0.086113).  Saving model ...
  Ep 9: Train 0.1150 | Val 0.0861 | Test 0.0089
EarlyStopping counter: 1 out of 5
  Ep 10: Train 0.1126 | Val 0.0738 | Test 0.0076
Validation loss decreased (0.073839 --> 0.073839).  Saving model ...
  Ep 11: Train 0.1111 | Val 0.0864 | Test 0.0070
EarlyStopping counter: 1 out of 5
  Ep 12: Train 0.1124 | Val 0.0826 | Test 0.0080
EarlyStopping counter: 2 out of 5
  Ep 13: Train 0.1127 | Val 0.0940 | Test 0.0074
EarlyStopping counter: 3 out of 5
  Ep 14: Train 0.1094 | Val 0.0744 | Test 0.0090
EarlyStopping counter: 4 out of 5
  Ep 15: Train 0.1093 | Val 0.0793 | Test 0.0082
EarlyStopping counter: 5 out of 5
Early stopping triggered!
/home/sangukchoi/Stroke_SDA/sda_training.py:615: FutureWarning: You are using `torch.load` with `weights_only=False` (the current default value), which uses the default pickle module implicitly. It is possible to construct malicious pickle data which will execute arbitrary code during unpickling (See https://github.com/pytorch/pytorch/blob/main/SECURITY.md#untrusted-models for more details). In a future release, the default value for `weights_only` will be flipped to `True`. This limits the functions that could be executed during unpickling. Arbitrary objects will no longer be allowed to be loaded via this mode unless they are explicitly allowlisted by the user via `torch.serialization.add_safe_globals`. We recommend you start setting `weights_only=True` for any use case where you don't have full control of the loaded file. Please open an issue on GitHub for any issues related to this experimental feature.
  model.load_state_dict(torch.load(os.path.join(out_dir, 'best_model.pth')))
Final Test MSE (Best Model): 0.0076
Finished. Status: Success
