Starting Run on GPU 3
Time: 2025-12-24 21:46:43

[Run Start] Subject S007 | Mode ['SDA'] | Params: L1.0_LS0.7_LR0.0001_E64_D64_Dr0.3

[Fold 1 - SDA] Train: ['S007_T006', 'S007_T009'], Test: S007_T005, Norm: fixed
/home/sangukchoi/.conda/envs/torch_gpu/lib/python3.10/site-packages/torch/nn/modules/rnn.py:123: UserWarning: dropout option adds dropout after all but last recurrent layer, so non-zero dropout expects num_layers greater than 1, but got dropout=0.3 and num_layers=1
  warnings.warn(
  Ep 1: Train 0.3650 | Val 0.2400 | Test 0.0320
Validation loss decreased (0.239952 --> 0.239952).  Saving model ...
  Ep 2: Train 0.1913 | Val 0.1909 | Test 0.0169
Validation loss decreased (0.190889 --> 0.190889).  Saving model ...
  Ep 3: Train 0.1732 | Val 0.1735 | Test 0.0142
Validation loss decreased (0.173457 --> 0.173457).  Saving model ...
  Ep 4: Train 0.1628 | Val 0.1539 | Test 0.0129
Validation loss decreased (0.153942 --> 0.153942).  Saving model ...
  Ep 5: Train 0.1565 | Val 0.1476 | Test 0.0119
Validation loss decreased (0.147589 --> 0.147589).  Saving model ...
  Ep 6: Train 0.1497 | Val 0.1448 | Test 0.0113
Validation loss decreased (0.144845 --> 0.144845).  Saving model ...
  Ep 7: Train 0.1457 | Val 0.1363 | Test 0.0126
Validation loss decreased (0.136297 --> 0.136297).  Saving model ...
  Ep 8: Train 0.1417 | Val 0.1401 | Test 0.0123
EarlyStopping counter: 1 out of 5
  Ep 9: Train 0.1383 | Val 0.1326 | Test 0.0105
Validation loss decreased (0.132557 --> 0.132557).  Saving model ...
  Ep 10: Train 0.1363 | Val 0.1423 | Test 0.0108
EarlyStopping counter: 1 out of 5
  Ep 11: Train 0.1343 | Val 0.1345 | Test 0.0105
EarlyStopping counter: 2 out of 5
  Ep 12: Train 0.1360 | Val 0.1426 | Test 0.0121
EarlyStopping counter: 3 out of 5
  Ep 13: Train 0.1314 | Val 0.1402 | Test 0.0114
EarlyStopping counter: 4 out of 5
  Ep 14: Train 0.1307 | Val 0.1328 | Test 0.0124
EarlyStopping counter: 5 out of 5
Early stopping triggered!
/home/sangukchoi/Stroke_SDA/sda_training.py:615: FutureWarning: You are using `torch.load` with `weights_only=False` (the current default value), which uses the default pickle module implicitly. It is possible to construct malicious pickle data which will execute arbitrary code during unpickling (See https://github.com/pytorch/pytorch/blob/main/SECURITY.md#untrusted-models for more details). In a future release, the default value for `weights_only` will be flipped to `True`. This limits the functions that could be executed during unpickling. Arbitrary objects will no longer be allowed to be loaded via this mode unless they are explicitly allowlisted by the user via `torch.serialization.add_safe_globals`. We recommend you start setting `weights_only=True` for any use case where you don't have full control of the loaded file. Please open an issue on GitHub for any issues related to this experimental feature.
  model.load_state_dict(torch.load(os.path.join(out_dir, 'best_model.pth')))
Final Test MSE (Best Model): 0.0105
Finished. Status: Success
