Starting Run on GPU 2
Time: 2025-12-24 21:27:03

[Run Start] Subject S007 | Mode ['SDA'] | Params: L0.5_LS0.7_LR0.0001_E256_D64_Dr0.3

[Fold 1 - SDA] Train: ['S007_T006', 'S007_T009'], Test: S007_T005, Norm: fixed
/home/sangukchoi/.conda/envs/torch_gpu/lib/python3.10/site-packages/torch/nn/modules/rnn.py:123: UserWarning: dropout option adds dropout after all but last recurrent layer, so non-zero dropout expects num_layers greater than 1, but got dropout=0.3 and num_layers=1
  warnings.warn(
  Ep 1: Train 0.1686 | Val 0.0946 | Test 0.0134
Validation loss decreased (0.094552 --> 0.094552).  Saving model ...
  Ep 2: Train 0.0903 | Val 0.0678 | Test 0.0068
Validation loss decreased (0.067831 --> 0.067831).  Saving model ...
  Ep 3: Train 0.0787 | Val 0.0595 | Test 0.0071
Validation loss decreased (0.059548 --> 0.059548).  Saving model ...
  Ep 4: Train 0.0740 | Val 0.0604 | Test 0.0060
EarlyStopping counter: 1 out of 5
  Ep 5: Train 0.0715 | Val 0.0515 | Test 0.0072
Validation loss decreased (0.051512 --> 0.051512).  Saving model ...
  Ep 6: Train 0.0689 | Val 0.0519 | Test 0.0054
EarlyStopping counter: 1 out of 5
  Ep 7: Train 0.0668 | Val 0.0510 | Test 0.0058
Validation loss decreased (0.050955 --> 0.050955).  Saving model ...
  Ep 8: Train 0.0676 | Val 0.0507 | Test 0.0052
EarlyStopping counter: 1 out of 5
  Ep 9: Train 0.0666 | Val 0.0462 | Test 0.0057
Validation loss decreased (0.046216 --> 0.046216).  Saving model ...
  Ep 10: Train 0.0665 | Val 0.0482 | Test 0.0059
EarlyStopping counter: 1 out of 5
  Ep 11: Train 0.0651 | Val 0.0471 | Test 0.0072
EarlyStopping counter: 2 out of 5
  Ep 12: Train 0.0626 | Val 0.0494 | Test 0.0054
EarlyStopping counter: 3 out of 5
  Ep 13: Train 0.0637 | Val 0.0473 | Test 0.0049
EarlyStopping counter: 4 out of 5
  Ep 14: Train 0.0619 | Val 0.0440 | Test 0.0064
Validation loss decreased (0.044020 --> 0.044020).  Saving model ...
  Ep 15: Train 0.0618 | Val 0.0438 | Test 0.0062
EarlyStopping counter: 1 out of 5
  Ep 16: Train 0.0613 | Val 0.0392 | Test 0.0065
Validation loss decreased (0.039155 --> 0.039155).  Saving model ...
  Ep 17: Train 0.0607 | Val 0.0474 | Test 0.0078
EarlyStopping counter: 1 out of 5
  Ep 18: Train 0.0601 | Val 0.0463 | Test 0.0050
EarlyStopping counter: 2 out of 5
  Ep 19: Train 0.0586 | Val 0.0438 | Test 0.0048
EarlyStopping counter: 3 out of 5
  Ep 20: Train 0.0600 | Val 0.0581 | Test 0.0062
EarlyStopping counter: 4 out of 5
  Ep 21: Train 0.0597 | Val 0.0431 | Test 0.0057
EarlyStopping counter: 5 out of 5
Early stopping triggered!
/home/sangukchoi/Stroke_SDA/sda_training.py:615: FutureWarning: You are using `torch.load` with `weights_only=False` (the current default value), which uses the default pickle module implicitly. It is possible to construct malicious pickle data which will execute arbitrary code during unpickling (See https://github.com/pytorch/pytorch/blob/main/SECURITY.md#untrusted-models for more details). In a future release, the default value for `weights_only` will be flipped to `True`. This limits the functions that could be executed during unpickling. Arbitrary objects will no longer be allowed to be loaded via this mode unless they are explicitly allowlisted by the user via `torch.serialization.add_safe_globals`. We recommend you start setting `weights_only=True` for any use case where you don't have full control of the loaded file. Please open an issue on GitHub for any issues related to this experimental feature.
  model.load_state_dict(torch.load(os.path.join(out_dir, 'best_model.pth')))
Final Test MSE (Best Model): 0.0065
Finished. Status: Success
