Starting Run on GPU 3
Time: 2025-12-24 23:49:49

[Run Start] Subject S007 | Mode ['SDA'] | Params: L2.5_LS0.7_LR0.0001_E128_D64_Dr0.3

[Fold 1 - SDA] Train: ['S007_T006', 'S007_T009'], Test: S007_T005, Norm: fixed
/home/sangukchoi/.conda/envs/torch_gpu/lib/python3.10/site-packages/torch/nn/modules/rnn.py:123: UserWarning: dropout option adds dropout after all but last recurrent layer, so non-zero dropout expects num_layers greater than 1, but got dropout=0.3 and num_layers=1
  warnings.warn(
  Ep 1: Train 0.5323 | Val 0.4602 | Test 0.0276
Validation loss decreased (0.460235 --> 0.460235).  Saving model ...
  Ep 2: Train 0.3202 | Val 0.3517 | Test 0.0164
Validation loss decreased (0.351712 --> 0.351712).  Saving model ...
  Ep 3: Train 0.2774 | Val 0.3576 | Test 0.0149
EarlyStopping counter: 1 out of 5
  Ep 4: Train 0.2699 | Val 0.3173 | Test 0.0128
Validation loss decreased (0.317339 --> 0.317339).  Saving model ...
  Ep 5: Train 0.2574 | Val 0.2927 | Test 0.0112
Validation loss decreased (0.292666 --> 0.292666).  Saving model ...
  Ep 6: Train 0.2591 | Val 0.2807 | Test 0.0120
Validation loss decreased (0.280746 --> 0.280746).  Saving model ...
  Ep 7: Train 0.2526 | Val 0.2453 | Test 0.0085
Validation loss decreased (0.245316 --> 0.245316).  Saving model ...
  Ep 8: Train 0.2448 | Val 0.2739 | Test 0.0156
EarlyStopping counter: 1 out of 5
  Ep 9: Train 0.2358 | Val 0.2879 | Test 0.0138
EarlyStopping counter: 2 out of 5
  Ep 10: Train 0.2330 | Val 0.2710 | Test 0.0081
EarlyStopping counter: 3 out of 5
  Ep 11: Train 0.2327 | Val 0.3028 | Test 0.0149
EarlyStopping counter: 4 out of 5
  Ep 12: Train 0.2275 | Val 0.2482 | Test 0.0150
EarlyStopping counter: 5 out of 5
Early stopping triggered!
/home/sangukchoi/Stroke_SDA/sda_training.py:615: FutureWarning: You are using `torch.load` with `weights_only=False` (the current default value), which uses the default pickle module implicitly. It is possible to construct malicious pickle data which will execute arbitrary code during unpickling (See https://github.com/pytorch/pytorch/blob/main/SECURITY.md#untrusted-models for more details). In a future release, the default value for `weights_only` will be flipped to `True`. This limits the functions that could be executed during unpickling. Arbitrary objects will no longer be allowed to be loaded via this mode unless they are explicitly allowlisted by the user via `torch.serialization.add_safe_globals`. We recommend you start setting `weights_only=True` for any use case where you don't have full control of the loaded file. Please open an issue on GitHub for any issues related to this experimental feature.
  model.load_state_dict(torch.load(os.path.join(out_dir, 'best_model.pth')))
Final Test MSE (Best Model): 0.0085
Finished. Status: Success
