Starting Run on GPU 2
Time: 2025-12-25 00:28:23

[Run Start] Subject S007 | Mode ['SDA'] | Params: L3.0_LS0.5_LR0.0001_E64_D128_Dr0.3

[Fold 1 - SDA] Train: ['S007_T006', 'S007_T009'], Test: S007_T005, Norm: fixed
/home/sangukchoi/.conda/envs/torch_gpu/lib/python3.10/site-packages/torch/nn/modules/rnn.py:123: UserWarning: dropout option adds dropout after all but last recurrent layer, so non-zero dropout expects num_layers greater than 1, but got dropout=0.3 and num_layers=1
  warnings.warn(
  Ep 1: Train 0.6662 | Val 0.6419 | Test 0.0833
Validation loss decreased (0.641911 --> 0.641911).  Saving model ...
  Ep 2: Train 0.4763 | Val 0.5531 | Test 0.0588
Validation loss decreased (0.553103 --> 0.553103).  Saving model ...
  Ep 3: Train 0.4407 | Val 0.5071 | Test 0.0534
Validation loss decreased (0.507093 --> 0.507093).  Saving model ...
  Ep 4: Train 0.4197 | Val 0.4947 | Test 0.0545
Validation loss decreased (0.494654 --> 0.494654).  Saving model ...
  Ep 5: Train 0.4010 | Val 0.4613 | Test 0.0439
Validation loss decreased (0.461310 --> 0.461310).  Saving model ...
  Ep 6: Train 0.3910 | Val 0.4482 | Test 0.0455
Validation loss decreased (0.448213 --> 0.448213).  Saving model ...
  Ep 7: Train 0.3798 | Val 0.4319 | Test 0.0435
Validation loss decreased (0.431866 --> 0.431866).  Saving model ...
  Ep 8: Train 0.3722 | Val 0.4042 | Test 0.0410
Validation loss decreased (0.404215 --> 0.404215).  Saving model ...
  Ep 9: Train 0.3670 | Val 0.3889 | Test 0.0427
Validation loss decreased (0.388905 --> 0.388905).  Saving model ...
  Ep 10: Train 0.3581 | Val 0.3992 | Test 0.0356
EarlyStopping counter: 1 out of 5
  Ep 11: Train 0.3531 | Val 0.3585 | Test 0.0341
Validation loss decreased (0.358513 --> 0.358513).  Saving model ...
  Ep 12: Train 0.3495 | Val 0.4162 | Test 0.0381
EarlyStopping counter: 1 out of 5
  Ep 13: Train 0.3449 | Val 0.3540 | Test 0.0310
Validation loss decreased (0.354012 --> 0.354012).  Saving model ...
  Ep 14: Train 0.3470 | Val 0.3680 | Test 0.0352
EarlyStopping counter: 1 out of 5
  Ep 15: Train 0.3403 | Val 0.3759 | Test 0.0257
EarlyStopping counter: 2 out of 5
  Ep 16: Train 0.3370 | Val 0.3488 | Test 0.0249
Validation loss decreased (0.348809 --> 0.348809).  Saving model ...
  Ep 17: Train 0.3266 | Val 0.3837 | Test 0.0259
EarlyStopping counter: 1 out of 5
  Ep 18: Train 0.3289 | Val 0.3510 | Test 0.0212
EarlyStopping counter: 2 out of 5
  Ep 19: Train 0.3220 | Val 0.3374 | Test 0.0204
Validation loss decreased (0.337397 --> 0.337397).  Saving model ...
  Ep 20: Train 0.3134 | Val 0.3587 | Test 0.0220
EarlyStopping counter: 1 out of 5
  Ep 21: Train 0.3191 | Val 0.3642 | Test 0.0218
EarlyStopping counter: 2 out of 5
  Ep 22: Train 0.3109 | Val 0.3663 | Test 0.0192
EarlyStopping counter: 3 out of 5
  Ep 23: Train 0.3055 | Val 0.3746 | Test 0.0167
EarlyStopping counter: 4 out of 5
  Ep 24: Train 0.2986 | Val 0.3317 | Test 0.0168
Validation loss decreased (0.331745 --> 0.331745).  Saving model ...
  Ep 25: Train 0.2982 | Val 0.2632 | Test 0.0199
Validation loss decreased (0.263187 --> 0.263187).  Saving model ...
  Ep 26: Train 0.2894 | Val 0.2822 | Test 0.0177
EarlyStopping counter: 1 out of 5
  Ep 27: Train 0.2900 | Val 0.2604 | Test 0.0181
Validation loss decreased (0.260416 --> 0.260416).  Saving model ...
  Ep 28: Train 0.2889 | Val 0.3880 | Test 0.0148
EarlyStopping counter: 1 out of 5
  Ep 29: Train 0.2688 | Val 0.3633 | Test 0.0165
EarlyStopping counter: 2 out of 5
  Ep 30: Train 0.2711 | Val 0.5739 | Test 0.0191
EarlyStopping counter: 3 out of 5
  Ep 31: Train 0.2696 | Val 0.2887 | Test 0.0164
EarlyStopping counter: 4 out of 5
  Ep 32: Train 0.2485 | Val 0.3384 | Test 0.0141
EarlyStopping counter: 5 out of 5
Early stopping triggered!
/home/sangukchoi/Stroke_SDA/sda_training.py:615: FutureWarning: You are using `torch.load` with `weights_only=False` (the current default value), which uses the default pickle module implicitly. It is possible to construct malicious pickle data which will execute arbitrary code during unpickling (See https://github.com/pytorch/pytorch/blob/main/SECURITY.md#untrusted-models for more details). In a future release, the default value for `weights_only` will be flipped to `True`. This limits the functions that could be executed during unpickling. Arbitrary objects will no longer be allowed to be loaded via this mode unless they are explicitly allowlisted by the user via `torch.serialization.add_safe_globals`. We recommend you start setting `weights_only=True` for any use case where you don't have full control of the loaded file. Please open an issue on GitHub for any issues related to this experimental feature.
  model.load_state_dict(torch.load(os.path.join(out_dir, 'best_model.pth')))
Final Test MSE (Best Model): 0.0181
Finished. Status: Success
