Starting Run on GPU 1
Time: 2025-12-24 22:19:47

[Run Start] Subject S007 | Mode ['SDA'] | Params: L1.5_LS0.7_LR0.0001_E128_D32_Dr0.3

[Fold 1 - SDA] Train: ['S007_T006', 'S007_T009'], Test: S007_T005, Norm: fixed
/home/sangukchoi/.conda/envs/torch_gpu/lib/python3.10/site-packages/torch/nn/modules/rnn.py:123: UserWarning: dropout option adds dropout after all but last recurrent layer, so non-zero dropout expects num_layers greater than 1, but got dropout=0.3 and num_layers=1
  warnings.warn(
  Ep 1: Train 0.3741 | Val 0.2448 | Test 0.0211
Validation loss decreased (0.244844 --> 0.244844).  Saving model ...
  Ep 2: Train 0.2096 | Val 0.2197 | Test 0.0126
Validation loss decreased (0.219728 --> 0.219728).  Saving model ...
  Ep 3: Train 0.1775 | Val 0.1849 | Test 0.0103
Validation loss decreased (0.184859 --> 0.184859).  Saving model ...
  Ep 4: Train 0.1691 | Val 0.1769 | Test 0.0118
Validation loss decreased (0.176913 --> 0.176913).  Saving model ...
  Ep 5: Train 0.1629 | Val 0.1748 | Test 0.0096
Validation loss decreased (0.174752 --> 0.174752).  Saving model ...
  Ep 6: Train 0.1629 | Val 0.1755 | Test 0.0112
EarlyStopping counter: 1 out of 5
  Ep 7: Train 0.1564 | Val 0.1411 | Test 0.0087
Validation loss decreased (0.141088 --> 0.141088).  Saving model ...
  Ep 8: Train 0.1568 | Val 0.1450 | Test 0.0078
EarlyStopping counter: 1 out of 5
  Ep 9: Train 0.1534 | Val 0.1379 | Test 0.0075
Validation loss decreased (0.137882 --> 0.137882).  Saving model ...
  Ep 10: Train 0.1496 | Val 0.1440 | Test 0.0088
EarlyStopping counter: 1 out of 5
  Ep 11: Train 0.1493 | Val 0.1397 | Test 0.0087
EarlyStopping counter: 2 out of 5
  Ep 12: Train 0.1471 | Val 0.1374 | Test 0.0079
EarlyStopping counter: 3 out of 5
  Ep 13: Train 0.1452 | Val 0.1357 | Test 0.0096
Validation loss decreased (0.135713 --> 0.135713).  Saving model ...
  Ep 14: Train 0.1472 | Val 0.1357 | Test 0.0101
EarlyStopping counter: 1 out of 5
  Ep 15: Train 0.1438 | Val 0.1241 | Test 0.0101
Validation loss decreased (0.124088 --> 0.124088).  Saving model ...
  Ep 16: Train 0.1455 | Val 0.1209 | Test 0.0054
Validation loss decreased (0.120854 --> 0.120854).  Saving model ...
  Ep 17: Train 0.1413 | Val 0.1199 | Test 0.0053
Validation loss decreased (0.119933 --> 0.119933).  Saving model ...
  Ep 18: Train 0.1400 | Val 0.1237 | Test 0.0073
EarlyStopping counter: 1 out of 5
  Ep 19: Train 0.1471 | Val 0.1150 | Test 0.0081
Validation loss decreased (0.114958 --> 0.114958).  Saving model ...
  Ep 20: Train 0.1402 | Val 0.1164 | Test 0.0068
EarlyStopping counter: 1 out of 5
  Ep 21: Train 0.1372 | Val 0.1245 | Test 0.0091
EarlyStopping counter: 2 out of 5
  Ep 22: Train 0.1405 | Val 0.1111 | Test 0.0047
Validation loss decreased (0.111145 --> 0.111145).  Saving model ...
  Ep 23: Train 0.1421 | Val 0.1232 | Test 0.0069
EarlyStopping counter: 1 out of 5
  Ep 24: Train 0.1380 | Val 0.1240 | Test 0.0080
EarlyStopping counter: 2 out of 5
  Ep 25: Train 0.1350 | Val 0.1131 | Test 0.0068
EarlyStopping counter: 3 out of 5
  Ep 26: Train 0.1355 | Val 0.1185 | Test 0.0069
EarlyStopping counter: 4 out of 5
  Ep 27: Train 0.1351 | Val 0.1045 | Test 0.0072
Validation loss decreased (0.104506 --> 0.104506).  Saving model ...
  Ep 28: Train 0.1361 | Val 0.1145 | Test 0.0083
EarlyStopping counter: 1 out of 5
  Ep 29: Train 0.1357 | Val 0.1027 | Test 0.0061
Validation loss decreased (0.102677 --> 0.102677).  Saving model ...
  Ep 30: Train 0.1346 | Val 0.0943 | Test 0.0041
Validation loss decreased (0.094282 --> 0.094282).  Saving model ...
  Ep 31: Train 0.1348 | Val 0.1128 | Test 0.0062
EarlyStopping counter: 1 out of 5
  Ep 32: Train 0.1336 | Val 0.1186 | Test 0.0070
EarlyStopping counter: 2 out of 5
  Ep 33: Train 0.1301 | Val 0.1121 | Test 0.0061
EarlyStopping counter: 3 out of 5
  Ep 34: Train 0.1351 | Val 0.0960 | Test 0.0063
EarlyStopping counter: 4 out of 5
  Ep 35: Train 0.1301 | Val 0.1069 | Test 0.0069
EarlyStopping counter: 5 out of 5
Early stopping triggered!
/home/sangukchoi/Stroke_SDA/sda_training.py:615: FutureWarning: You are using `torch.load` with `weights_only=False` (the current default value), which uses the default pickle module implicitly. It is possible to construct malicious pickle data which will execute arbitrary code during unpickling (See https://github.com/pytorch/pytorch/blob/main/SECURITY.md#untrusted-models for more details). In a future release, the default value for `weights_only` will be flipped to `True`. This limits the functions that could be executed during unpickling. Arbitrary objects will no longer be allowed to be loaded via this mode unless they are explicitly allowlisted by the user via `torch.serialization.add_safe_globals`. We recommend you start setting `weights_only=True` for any use case where you don't have full control of the loaded file. Please open an issue on GitHub for any issues related to this experimental feature.
  model.load_state_dict(torch.load(os.path.join(out_dir, 'best_model.pth')))
Final Test MSE (Best Model): 0.0041
Finished. Status: Success
