Starting Run on GPU 2
Time: 2025-12-25 00:51:56

[Run Start] Subject S007 | Mode ['SDA'] | Params: L3.0_LS0.7_LR0.0001_E256_D128_Dr0.3

[Fold 1 - SDA] Train: ['S007_T006', 'S007_T009'], Test: S007_T005, Norm: fixed
/home/sangukchoi/.conda/envs/torch_gpu/lib/python3.10/site-packages/torch/nn/modules/rnn.py:123: UserWarning: dropout option adds dropout after all but last recurrent layer, so non-zero dropout expects num_layers greater than 1, but got dropout=0.3 and num_layers=1
  warnings.warn(
  Ep 1: Train 0.5252 | Val 0.5906 | Test 0.0454
Validation loss decreased (0.590604 --> 0.590604).  Saving model ...
  Ep 2: Train 0.4003 | Val 0.4577 | Test 0.0369
Validation loss decreased (0.457708 --> 0.457708).  Saving model ...
  Ep 3: Train 0.3613 | Val 0.4831 | Test 0.0124
EarlyStopping counter: 1 out of 5
  Ep 4: Train 0.3405 | Val 0.4641 | Test 0.0169
EarlyStopping counter: 2 out of 5
  Ep 5: Train 0.3327 | Val 0.3736 | Test 0.0149
Validation loss decreased (0.373559 --> 0.373559).  Saving model ...
  Ep 6: Train 0.3126 | Val 0.4117 | Test 0.0139
EarlyStopping counter: 1 out of 5
  Ep 7: Train 0.3047 | Val 0.3965 | Test 0.0148
EarlyStopping counter: 2 out of 5
  Ep 8: Train 0.2918 | Val 0.3714 | Test 0.0181
Validation loss decreased (0.371378 --> 0.371378).  Saving model ...
  Ep 9: Train 0.2917 | Val 0.3777 | Test 0.0227
EarlyStopping counter: 1 out of 5
  Ep 10: Train 0.2855 | Val 0.3912 | Test 0.0175
EarlyStopping counter: 2 out of 5
  Ep 11: Train 0.2818 | Val 0.3657 | Test 0.0130
Validation loss decreased (0.365678 --> 0.365678).  Saving model ...
  Ep 12: Train 0.2838 | Val 0.3940 | Test 0.0139
EarlyStopping counter: 1 out of 5
  Ep 13: Train 0.2855 | Val 0.3837 | Test 0.0178
EarlyStopping counter: 2 out of 5
  Ep 14: Train 0.2731 | Val 0.3678 | Test 0.0161
EarlyStopping counter: 3 out of 5
  Ep 15: Train 0.2730 | Val 0.3308 | Test 0.0137
Validation loss decreased (0.330753 --> 0.330753).  Saving model ...
  Ep 16: Train 0.2707 | Val 0.3756 | Test 0.0137
EarlyStopping counter: 1 out of 5
  Ep 17: Train 0.2720 | Val 0.3351 | Test 0.0140
EarlyStopping counter: 2 out of 5
  Ep 18: Train 0.2687 | Val 0.3126 | Test 0.0113
Validation loss decreased (0.312561 --> 0.312561).  Saving model ...
  Ep 19: Train 0.2590 | Val 0.4127 | Test 0.0167
EarlyStopping counter: 1 out of 5
  Ep 20: Train 0.2612 | Val 0.3016 | Test 0.0136
Validation loss decreased (0.301619 --> 0.301619).  Saving model ...
  Ep 21: Train 0.2626 | Val 0.3222 | Test 0.0130
EarlyStopping counter: 1 out of 5
  Ep 22: Train 0.2549 | Val 0.3884 | Test 0.0139
EarlyStopping counter: 2 out of 5
  Ep 23: Train 0.2596 | Val 0.2748 | Test 0.0122
Validation loss decreased (0.274834 --> 0.274834).  Saving model ...
  Ep 24: Train 0.2564 | Val 0.3766 | Test 0.0156
EarlyStopping counter: 1 out of 5
  Ep 25: Train 0.2526 | Val 0.4522 | Test 0.0179
EarlyStopping counter: 2 out of 5
  Ep 26: Train 0.2631 | Val 0.3610 | Test 0.0169
EarlyStopping counter: 3 out of 5
  Ep 27: Train 0.2489 | Val 0.2753 | Test 0.0175
EarlyStopping counter: 4 out of 5
  Ep 28: Train 0.2489 | Val 0.4079 | Test 0.0150
EarlyStopping counter: 5 out of 5
Early stopping triggered!
/home/sangukchoi/Stroke_SDA/sda_training.py:615: FutureWarning: You are using `torch.load` with `weights_only=False` (the current default value), which uses the default pickle module implicitly. It is possible to construct malicious pickle data which will execute arbitrary code during unpickling (See https://github.com/pytorch/pytorch/blob/main/SECURITY.md#untrusted-models for more details). In a future release, the default value for `weights_only` will be flipped to `True`. This limits the functions that could be executed during unpickling. Arbitrary objects will no longer be allowed to be loaded via this mode unless they are explicitly allowlisted by the user via `torch.serialization.add_safe_globals`. We recommend you start setting `weights_only=True` for any use case where you don't have full control of the loaded file. Please open an issue on GitHub for any issues related to this experimental feature.
  model.load_state_dict(torch.load(os.path.join(out_dir, 'best_model.pth')))
Final Test MSE (Best Model): 0.0122
Finished. Status: Success
