Starting Run on GPU 3
Time: 2025-12-24 22:50:53

[Run Start] Subject S007 | Mode ['SDA'] | Params: L2.0_LS0.7_LR0.0001_E64_D64_Dr0.3

[Fold 1 - SDA] Train: ['S007_T006', 'S007_T009'], Test: S007_T005, Norm: fixed
/home/sangukchoi/.conda/envs/torch_gpu/lib/python3.10/site-packages/torch/nn/modules/rnn.py:123: UserWarning: dropout option adds dropout after all but last recurrent layer, so non-zero dropout expects num_layers greater than 1, but got dropout=0.3 and num_layers=1
  warnings.warn(
  Ep 1: Train 0.5861 | Val 0.4347 | Test 0.0552
Validation loss decreased (0.434724 --> 0.434724).  Saving model ...
  Ep 2: Train 0.3504 | Val 0.3207 | Test 0.0389
Validation loss decreased (0.320669 --> 0.320669).  Saving model ...
  Ep 3: Train 0.3040 | Val 0.2804 | Test 0.0385
Validation loss decreased (0.280379 --> 0.280379).  Saving model ...
  Ep 4: Train 0.2890 | Val 0.2765 | Test 0.0304
Validation loss decreased (0.276517 --> 0.276517).  Saving model ...
  Ep 5: Train 0.2737 | Val 0.2608 | Test 0.0277
Validation loss decreased (0.260826 --> 0.260826).  Saving model ...
  Ep 6: Train 0.2671 | Val 0.2732 | Test 0.0236
EarlyStopping counter: 1 out of 5
  Ep 7: Train 0.2582 | Val 0.2489 | Test 0.0211
Validation loss decreased (0.248883 --> 0.248883).  Saving model ...
  Ep 8: Train 0.2502 | Val 0.2263 | Test 0.0214
Validation loss decreased (0.226257 --> 0.226257).  Saving model ...
  Ep 9: Train 0.2435 | Val 0.2114 | Test 0.0190
Validation loss decreased (0.211380 --> 0.211380).  Saving model ...
  Ep 10: Train 0.2428 | Val 0.2211 | Test 0.0182
EarlyStopping counter: 1 out of 5
  Ep 11: Train 0.2383 | Val 0.2184 | Test 0.0232
EarlyStopping counter: 2 out of 5
  Ep 12: Train 0.2307 | Val 0.2135 | Test 0.0167
EarlyStopping counter: 3 out of 5
  Ep 13: Train 0.2311 | Val 0.2179 | Test 0.0203
EarlyStopping counter: 4 out of 5
  Ep 14: Train 0.2274 | Val 0.2115 | Test 0.0130
EarlyStopping counter: 5 out of 5
Early stopping triggered!
/home/sangukchoi/Stroke_SDA/sda_training.py:615: FutureWarning: You are using `torch.load` with `weights_only=False` (the current default value), which uses the default pickle module implicitly. It is possible to construct malicious pickle data which will execute arbitrary code during unpickling (See https://github.com/pytorch/pytorch/blob/main/SECURITY.md#untrusted-models for more details). In a future release, the default value for `weights_only` will be flipped to `True`. This limits the functions that could be executed during unpickling. Arbitrary objects will no longer be allowed to be loaded via this mode unless they are explicitly allowlisted by the user via `torch.serialization.add_safe_globals`. We recommend you start setting `weights_only=True` for any use case where you don't have full control of the loaded file. Please open an issue on GitHub for any issues related to this experimental feature.
  model.load_state_dict(torch.load(os.path.join(out_dir, 'best_model.pth')))
Final Test MSE (Best Model): 0.0190
Finished. Status: Success
