Starting Run on GPU 0
Time: 2025-12-24 23:18:16

[Run Start] Subject S007 | Mode ['SDA'] | Params: L2.0_LS1.0_LR0.0001_E256_D128_Dr0.3

[Fold 1 - SDA] Train: ['S007_T006', 'S007_T009'], Test: S007_T005, Norm: fixed
/home/sangukchoi/.conda/envs/torch_gpu/lib/python3.10/site-packages/torch/nn/modules/rnn.py:123: UserWarning: dropout option adds dropout after all but last recurrent layer, so non-zero dropout expects num_layers greater than 1, but got dropout=0.3 and num_layers=1
  warnings.warn(
  Ep 1: Train 0.4130 | Val 0.3688 | Test 0.0209
Validation loss decreased (0.368829 --> 0.368829).  Saving model ...
  Ep 2: Train 0.2578 | Val 0.3022 | Test 0.0175
Validation loss decreased (0.302150 --> 0.302150).  Saving model ...
  Ep 3: Train 0.2350 | Val 0.2450 | Test 0.0149
Validation loss decreased (0.245047 --> 0.245047).  Saving model ...
  Ep 4: Train 0.2309 | Val 0.2382 | Test 0.0107
Validation loss decreased (0.238168 --> 0.238168).  Saving model ...
  Ep 5: Train 0.2233 | Val 0.2625 | Test 0.0159
EarlyStopping counter: 1 out of 5
  Ep 6: Train 0.2206 | Val 0.1915 | Test 0.0136
Validation loss decreased (0.191503 --> 0.191503).  Saving model ...
  Ep 7: Train 0.2143 | Val 0.1933 | Test 0.0114
EarlyStopping counter: 1 out of 5
  Ep 8: Train 0.2114 | Val 0.1796 | Test 0.0094
Validation loss decreased (0.179622 --> 0.179622).  Saving model ...
  Ep 9: Train 0.2086 | Val 0.1805 | Test 0.0100
EarlyStopping counter: 1 out of 5
  Ep 10: Train 0.1998 | Val 0.1893 | Test 0.0132
EarlyStopping counter: 2 out of 5
  Ep 11: Train 0.1962 | Val 0.1993 | Test 0.0116
EarlyStopping counter: 3 out of 5
  Ep 12: Train 0.1941 | Val 0.1881 | Test 0.0132
EarlyStopping counter: 4 out of 5
  Ep 13: Train 0.1962 | Val 0.1735 | Test 0.0142
Validation loss decreased (0.173463 --> 0.173463).  Saving model ...
  Ep 14: Train 0.1915 | Val 0.1750 | Test 0.0110
EarlyStopping counter: 1 out of 5
  Ep 15: Train 0.1880 | Val 0.1988 | Test 0.0154
EarlyStopping counter: 2 out of 5
  Ep 16: Train 0.1857 | Val 0.1473 | Test 0.0076
Validation loss decreased (0.147294 --> 0.147294).  Saving model ...
  Ep 17: Train 0.1924 | Val 0.1760 | Test 0.0127
EarlyStopping counter: 1 out of 5
  Ep 18: Train 0.1889 | Val 0.1617 | Test 0.0097
EarlyStopping counter: 2 out of 5
  Ep 19: Train 0.1870 | Val 0.1465 | Test 0.0086
Validation loss decreased (0.146535 --> 0.146535).  Saving model ...
  Ep 20: Train 0.1872 | Val 0.1744 | Test 0.0097
EarlyStopping counter: 1 out of 5
  Ep 21: Train 0.1869 | Val 0.1573 | Test 0.0093
EarlyStopping counter: 2 out of 5
  Ep 22: Train 0.1824 | Val 0.1646 | Test 0.0088
EarlyStopping counter: 3 out of 5
  Ep 23: Train 0.1863 | Val 0.1635 | Test 0.0119
EarlyStopping counter: 4 out of 5
  Ep 24: Train 0.1842 | Val 0.1312 | Test 0.0081
Validation loss decreased (0.131229 --> 0.131229).  Saving model ...
  Ep 25: Train 0.1787 | Val 0.1528 | Test 0.0103
EarlyStopping counter: 1 out of 5
  Ep 26: Train 0.1775 | Val 0.1321 | Test 0.0120
EarlyStopping counter: 2 out of 5
  Ep 27: Train 0.1814 | Val 0.2091 | Test 0.0098
EarlyStopping counter: 3 out of 5
  Ep 28: Train 0.1843 | Val 0.1341 | Test 0.0137
EarlyStopping counter: 4 out of 5
  Ep 29: Train 0.1726 | Val 0.1038 | Test 0.0097
Validation loss decreased (0.103780 --> 0.103780).  Saving model ...
  Ep 30: Train 0.1708 | Val 0.1742 | Test 0.0106
EarlyStopping counter: 1 out of 5
  Ep 31: Train 0.1745 | Val 0.1306 | Test 0.0096
EarlyStopping counter: 2 out of 5
  Ep 32: Train 0.1722 | Val 0.1539 | Test 0.0114
EarlyStopping counter: 3 out of 5
  Ep 33: Train 0.1769 | Val 0.0609 | Test 0.0125
Validation loss decreased (0.060903 --> 0.060903).  Saving model ...
  Ep 34: Train 0.1755 | Val 0.1570 | Test 0.0113
EarlyStopping counter: 1 out of 5
  Ep 35: Train 0.1660 | Val 0.0885 | Test 0.0092
EarlyStopping counter: 2 out of 5
  Ep 36: Train 0.1696 | Val 0.1687 | Test 0.0099
EarlyStopping counter: 3 out of 5
  Ep 37: Train 0.1701 | Val 0.1275 | Test 0.0091
EarlyStopping counter: 4 out of 5
  Ep 38: Train 0.1753 | Val 0.2025 | Test 0.0094
EarlyStopping counter: 5 out of 5
Early stopping triggered!
/home/sangukchoi/Stroke_SDA/sda_training.py:615: FutureWarning: You are using `torch.load` with `weights_only=False` (the current default value), which uses the default pickle module implicitly. It is possible to construct malicious pickle data which will execute arbitrary code during unpickling (See https://github.com/pytorch/pytorch/blob/main/SECURITY.md#untrusted-models for more details). In a future release, the default value for `weights_only` will be flipped to `True`. This limits the functions that could be executed during unpickling. Arbitrary objects will no longer be allowed to be loaded via this mode unless they are explicitly allowlisted by the user via `torch.serialization.add_safe_globals`. We recommend you start setting `weights_only=True` for any use case where you don't have full control of the loaded file. Please open an issue on GitHub for any issues related to this experimental feature.
  model.load_state_dict(torch.load(os.path.join(out_dir, 'best_model.pth')))
Final Test MSE (Best Model): 0.0125
Finished. Status: Success
