Starting Run on GPU 3
Time: 2025-12-24 22:38:36

[Run Start] Subject S007 | Mode ['SDA'] | Params: L1.5_LS1.0_LR0.0001_E128_D64_Dr0.3

[Fold 1 - SDA] Train: ['S007_T006', 'S007_T009'], Test: S007_T005, Norm: fixed
/home/sangukchoi/.conda/envs/torch_gpu/lib/python3.10/site-packages/torch/nn/modules/rnn.py:123: UserWarning: dropout option adds dropout after all but last recurrent layer, so non-zero dropout expects num_layers greater than 1, but got dropout=0.3 and num_layers=1
  warnings.warn(
  Ep 1: Train 0.4143 | Val 0.2508 | Test 0.0282
Validation loss decreased (0.250767 --> 0.250767).  Saving model ...
  Ep 2: Train 0.2482 | Val 0.2213 | Test 0.0254
Validation loss decreased (0.221297 --> 0.221297).  Saving model ...
  Ep 3: Train 0.2237 | Val 0.2118 | Test 0.0173
Validation loss decreased (0.211833 --> 0.211833).  Saving model ...
  Ep 4: Train 0.1952 | Val 0.1746 | Test 0.0127
Validation loss decreased (0.174554 --> 0.174554).  Saving model ...
  Ep 5: Train 0.1890 | Val 0.1578 | Test 0.0109
Validation loss decreased (0.157827 --> 0.157827).  Saving model ...
  Ep 6: Train 0.1796 | Val 0.1446 | Test 0.0103
Validation loss decreased (0.144650 --> 0.144650).  Saving model ...
  Ep 7: Train 0.1732 | Val 0.1373 | Test 0.0087
Validation loss decreased (0.137283 --> 0.137283).  Saving model ...
  Ep 8: Train 0.1694 | Val 0.1318 | Test 0.0071
Validation loss decreased (0.131844 --> 0.131844).  Saving model ...
  Ep 9: Train 0.1658 | Val 0.1345 | Test 0.0078
EarlyStopping counter: 1 out of 5
  Ep 10: Train 0.1636 | Val 0.1344 | Test 0.0087
EarlyStopping counter: 2 out of 5
  Ep 11: Train 0.1610 | Val 0.1218 | Test 0.0074
Validation loss decreased (0.121775 --> 0.121775).  Saving model ...
  Ep 12: Train 0.1627 | Val 0.1179 | Test 0.0060
Validation loss decreased (0.117940 --> 0.117940).  Saving model ...
  Ep 13: Train 0.1589 | Val 0.1356 | Test 0.0060
EarlyStopping counter: 1 out of 5
  Ep 14: Train 0.1584 | Val 0.1281 | Test 0.0071
EarlyStopping counter: 2 out of 5
  Ep 15: Train 0.1563 | Val 0.1456 | Test 0.0111
EarlyStopping counter: 3 out of 5
  Ep 16: Train 0.1551 | Val 0.1227 | Test 0.0068
EarlyStopping counter: 4 out of 5
  Ep 17: Train 0.1532 | Val 0.1315 | Test 0.0060
EarlyStopping counter: 5 out of 5
Early stopping triggered!
/home/sangukchoi/Stroke_SDA/sda_training.py:615: FutureWarning: You are using `torch.load` with `weights_only=False` (the current default value), which uses the default pickle module implicitly. It is possible to construct malicious pickle data which will execute arbitrary code during unpickling (See https://github.com/pytorch/pytorch/blob/main/SECURITY.md#untrusted-models for more details). In a future release, the default value for `weights_only` will be flipped to `True`. This limits the functions that could be executed during unpickling. Arbitrary objects will no longer be allowed to be loaded via this mode unless they are explicitly allowlisted by the user via `torch.serialization.add_safe_globals`. We recommend you start setting `weights_only=True` for any use case where you don't have full control of the loaded file. Please open an issue on GitHub for any issues related to this experimental feature.
  model.load_state_dict(torch.load(os.path.join(out_dir, 'best_model.pth')))
Final Test MSE (Best Model): 0.0060
Finished. Status: Success
