Starting Run on GPU 1
Time: 2025-12-24 22:37:10

[Run Start] Subject S007 | Mode ['SDA'] | Params: L1.5_LS1.0_LR0.0001_E64_D128_Dr0.3

[Fold 1 - SDA] Train: ['S007_T006', 'S007_T009'], Test: S007_T005, Norm: fixed
/home/sangukchoi/.conda/envs/torch_gpu/lib/python3.10/site-packages/torch/nn/modules/rnn.py:123: UserWarning: dropout option adds dropout after all but last recurrent layer, so non-zero dropout expects num_layers greater than 1, but got dropout=0.3 and num_layers=1
  warnings.warn(
  Ep 1: Train 0.5086 | Val 0.3555 | Test 0.0348
Validation loss decreased (0.355533 --> 0.355533).  Saving model ...
  Ep 2: Train 0.2819 | Val 0.2703 | Test 0.0281
Validation loss decreased (0.270280 --> 0.270280).  Saving model ...
  Ep 3: Train 0.2566 | Val 0.2490 | Test 0.0308
Validation loss decreased (0.248975 --> 0.248975).  Saving model ...
  Ep 4: Train 0.2381 | Val 0.2317 | Test 0.0255
Validation loss decreased (0.231668 --> 0.231668).  Saving model ...
  Ep 5: Train 0.2235 | Val 0.2200 | Test 0.0230
Validation loss decreased (0.219958 --> 0.219958).  Saving model ...
  Ep 6: Train 0.2147 | Val 0.1934 | Test 0.0191
Validation loss decreased (0.193399 --> 0.193399).  Saving model ...
  Ep 7: Train 0.2044 | Val 0.1781 | Test 0.0137
Validation loss decreased (0.178113 --> 0.178113).  Saving model ...
  Ep 8: Train 0.2003 | Val 0.1677 | Test 0.0153
Validation loss decreased (0.167686 --> 0.167686).  Saving model ...
  Ep 9: Train 0.1922 | Val 0.1515 | Test 0.0108
Validation loss decreased (0.151512 --> 0.151512).  Saving model ...
  Ep 10: Train 0.1886 | Val 0.1556 | Test 0.0097
EarlyStopping counter: 1 out of 5
  Ep 11: Train 0.1876 | Val 0.1610 | Test 0.0093
EarlyStopping counter: 2 out of 5
  Ep 12: Train 0.1835 | Val 0.1421 | Test 0.0119
Validation loss decreased (0.142116 --> 0.142116).  Saving model ...
  Ep 13: Train 0.1821 | Val 0.1456 | Test 0.0094
EarlyStopping counter: 1 out of 5
  Ep 14: Train 0.1793 | Val 0.1424 | Test 0.0101
EarlyStopping counter: 2 out of 5
  Ep 15: Train 0.1771 | Val 0.1364 | Test 0.0111
Validation loss decreased (0.136434 --> 0.136434).  Saving model ...
  Ep 16: Train 0.1741 | Val 0.1310 | Test 0.0094
Validation loss decreased (0.131038 --> 0.131038).  Saving model ...
  Ep 17: Train 0.1753 | Val 0.1338 | Test 0.0106
EarlyStopping counter: 1 out of 5
  Ep 18: Train 0.1702 | Val 0.1317 | Test 0.0089
EarlyStopping counter: 2 out of 5
  Ep 19: Train 0.1684 | Val 0.1297 | Test 0.0111
Validation loss decreased (0.129680 --> 0.129680).  Saving model ...
  Ep 20: Train 0.1668 | Val 0.1345 | Test 0.0118
EarlyStopping counter: 1 out of 5
  Ep 21: Train 0.1679 | Val 0.1225 | Test 0.0079
Validation loss decreased (0.122512 --> 0.122512).  Saving model ...
  Ep 22: Train 0.1659 | Val 0.1293 | Test 0.0094
EarlyStopping counter: 1 out of 5
  Ep 23: Train 0.1672 | Val 0.1270 | Test 0.0091
EarlyStopping counter: 2 out of 5
  Ep 24: Train 0.1622 | Val 0.1194 | Test 0.0106
Validation loss decreased (0.119351 --> 0.119351).  Saving model ...
  Ep 25: Train 0.1606 | Val 0.1158 | Test 0.0087
Validation loss decreased (0.115846 --> 0.115846).  Saving model ...
  Ep 26: Train 0.1609 | Val 0.1179 | Test 0.0095
EarlyStopping counter: 1 out of 5
  Ep 27: Train 0.1606 | Val 0.1071 | Test 0.0084
Validation loss decreased (0.107113 --> 0.107113).  Saving model ...
  Ep 28: Train 0.1597 | Val 0.1177 | Test 0.0109
EarlyStopping counter: 1 out of 5
  Ep 29: Train 0.1568 | Val 0.1232 | Test 0.0093
EarlyStopping counter: 2 out of 5
  Ep 30: Train 0.1545 | Val 0.1341 | Test 0.0088
EarlyStopping counter: 3 out of 5
  Ep 31: Train 0.1556 | Val 0.1167 | Test 0.0126
EarlyStopping counter: 4 out of 5
  Ep 32: Train 0.1571 | Val 0.1055 | Test 0.0087
Validation loss decreased (0.105479 --> 0.105479).  Saving model ...
  Ep 33: Train 0.1531 | Val 0.1029 | Test 0.0088
Validation loss decreased (0.102949 --> 0.102949).  Saving model ...
  Ep 34: Train 0.1528 | Val 0.1074 | Test 0.0093
EarlyStopping counter: 1 out of 5
  Ep 35: Train 0.1537 | Val 0.1072 | Test 0.0097
EarlyStopping counter: 2 out of 5
  Ep 36: Train 0.1535 | Val 0.1308 | Test 0.0090
EarlyStopping counter: 3 out of 5
  Ep 37: Train 0.1513 | Val 0.1130 | Test 0.0099
EarlyStopping counter: 4 out of 5
  Ep 38: Train 0.1514 | Val 0.1309 | Test 0.0073
EarlyStopping counter: 5 out of 5
Early stopping triggered!
/home/sangukchoi/Stroke_SDA/sda_training.py:615: FutureWarning: You are using `torch.load` with `weights_only=False` (the current default value), which uses the default pickle module implicitly. It is possible to construct malicious pickle data which will execute arbitrary code during unpickling (See https://github.com/pytorch/pytorch/blob/main/SECURITY.md#untrusted-models for more details). In a future release, the default value for `weights_only` will be flipped to `True`. This limits the functions that could be executed during unpickling. Arbitrary objects will no longer be allowed to be loaded via this mode unless they are explicitly allowlisted by the user via `torch.serialization.add_safe_globals`. We recommend you start setting `weights_only=True` for any use case where you don't have full control of the loaded file. Please open an issue on GitHub for any issues related to this experimental feature.
  model.load_state_dict(torch.load(os.path.join(out_dir, 'best_model.pth')))
Final Test MSE (Best Model): 0.0088
Finished. Status: Success
