Starting Run on GPU 2
Time: 2025-12-24 23:18:44

[Run Start] Subject S007 | Mode ['SDA'] | Params: L2.5_LS0.3_LR0.0001_E64_D32_Dr0.3

[Fold 1 - SDA] Train: ['S007_T006', 'S007_T009'], Test: S007_T005, Norm: fixed
/home/sangukchoi/.conda/envs/torch_gpu/lib/python3.10/site-packages/torch/nn/modules/rnn.py:123: UserWarning: dropout option adds dropout after all but last recurrent layer, so non-zero dropout expects num_layers greater than 1, but got dropout=0.3 and num_layers=1
  warnings.warn(
  Ep 1: Train 0.5752 | Val 0.4794 | Test 0.0911
Validation loss decreased (0.479422 --> 0.479422).  Saving model ...
  Ep 2: Train 0.3890 | Val 0.4340 | Test 0.0544
Validation loss decreased (0.433958 --> 0.433958).  Saving model ...
  Ep 3: Train 0.3503 | Val 0.4211 | Test 0.0475
Validation loss decreased (0.421083 --> 0.421083).  Saving model ...
  Ep 4: Train 0.3354 | Val 0.4199 | Test 0.0399
Validation loss decreased (0.419869 --> 0.419869).  Saving model ...
  Ep 5: Train 0.3204 | Val 0.4071 | Test 0.0296
Validation loss decreased (0.407137 --> 0.407137).  Saving model ...
  Ep 6: Train 0.3044 | Val 0.4000 | Test 0.0278
Validation loss decreased (0.399952 --> 0.399952).  Saving model ...
  Ep 7: Train 0.2973 | Val 0.3629 | Test 0.0224
Validation loss decreased (0.362856 --> 0.362856).  Saving model ...
  Ep 8: Train 0.2885 | Val 0.3531 | Test 0.0154
Validation loss decreased (0.353093 --> 0.353093).  Saving model ...
  Ep 9: Train 0.2794 | Val 0.3251 | Test 0.0170
Validation loss decreased (0.325072 --> 0.325072).  Saving model ...
  Ep 10: Train 0.2685 | Val 0.3210 | Test 0.0174
Validation loss decreased (0.321018 --> 0.321018).  Saving model ...
  Ep 11: Train 0.2641 | Val 0.3258 | Test 0.0124
EarlyStopping counter: 1 out of 5
  Ep 12: Train 0.2636 | Val 0.3014 | Test 0.0137
Validation loss decreased (0.301367 --> 0.301367).  Saving model ...
  Ep 13: Train 0.2509 | Val 0.3050 | Test 0.0122
EarlyStopping counter: 1 out of 5
  Ep 14: Train 0.2448 | Val 0.2833 | Test 0.0146
Validation loss decreased (0.283302 --> 0.283302).  Saving model ...
  Ep 15: Train 0.2412 | Val 0.2855 | Test 0.0132
EarlyStopping counter: 1 out of 5
  Ep 16: Train 0.2439 | Val 0.2945 | Test 0.0131
EarlyStopping counter: 2 out of 5
  Ep 17: Train 0.2398 | Val 0.2690 | Test 0.0181
Validation loss decreased (0.269019 --> 0.269019).  Saving model ...
  Ep 18: Train 0.2355 | Val 0.3015 | Test 0.0135
EarlyStopping counter: 1 out of 5
  Ep 19: Train 0.2352 | Val 0.2655 | Test 0.0122
Validation loss decreased (0.265465 --> 0.265465).  Saving model ...
  Ep 20: Train 0.2308 | Val 0.2558 | Test 0.0144
Validation loss decreased (0.255776 --> 0.255776).  Saving model ...
  Ep 21: Train 0.2299 | Val 0.2583 | Test 0.0159
EarlyStopping counter: 1 out of 5
  Ep 22: Train 0.2308 | Val 0.2639 | Test 0.0143
EarlyStopping counter: 2 out of 5
  Ep 23: Train 0.2269 | Val 0.2810 | Test 0.0126
EarlyStopping counter: 3 out of 5
  Ep 24: Train 0.2301 | Val 0.2645 | Test 0.0155
EarlyStopping counter: 4 out of 5
  Ep 25: Train 0.2213 | Val 0.2378 | Test 0.0125
Validation loss decreased (0.237801 --> 0.237801).  Saving model ...
  Ep 26: Train 0.2244 | Val 0.2564 | Test 0.0125
EarlyStopping counter: 1 out of 5
  Ep 27: Train 0.2200 | Val 0.2681 | Test 0.0139
EarlyStopping counter: 2 out of 5
  Ep 28: Train 0.2287 | Val 0.2533 | Test 0.0112
EarlyStopping counter: 3 out of 5
  Ep 29: Train 0.2250 | Val 0.2541 | Test 0.0129
EarlyStopping counter: 4 out of 5
  Ep 30: Train 0.2198 | Val 0.2219 | Test 0.0141
Validation loss decreased (0.221917 --> 0.221917).  Saving model ...
  Ep 31: Train 0.2269 | Val 0.2193 | Test 0.0158
Validation loss decreased (0.219311 --> 0.219311).  Saving model ...
  Ep 32: Train 0.2202 | Val 0.2697 | Test 0.0129
EarlyStopping counter: 1 out of 5
  Ep 33: Train 0.2178 | Val 0.2481 | Test 0.0136
EarlyStopping counter: 2 out of 5
  Ep 34: Train 0.2180 | Val 0.2490 | Test 0.0147
EarlyStopping counter: 3 out of 5
  Ep 35: Train 0.2229 | Val 0.2825 | Test 0.0144
EarlyStopping counter: 4 out of 5
  Ep 36: Train 0.2143 | Val 0.2725 | Test 0.0134
EarlyStopping counter: 5 out of 5
Early stopping triggered!
/home/sangukchoi/Stroke_SDA/sda_training.py:615: FutureWarning: You are using `torch.load` with `weights_only=False` (the current default value), which uses the default pickle module implicitly. It is possible to construct malicious pickle data which will execute arbitrary code during unpickling (See https://github.com/pytorch/pytorch/blob/main/SECURITY.md#untrusted-models for more details). In a future release, the default value for `weights_only` will be flipped to `True`. This limits the functions that could be executed during unpickling. Arbitrary objects will no longer be allowed to be loaded via this mode unless they are explicitly allowlisted by the user via `torch.serialization.add_safe_globals`. We recommend you start setting `weights_only=True` for any use case where you don't have full control of the loaded file. Please open an issue on GitHub for any issues related to this experimental feature.
  model.load_state_dict(torch.load(os.path.join(out_dir, 'best_model.pth')))
Final Test MSE (Best Model): 0.0158
Finished. Status: Success
