Starting Run on GPU 2
Time: 2025-12-24 21:59:42

[Run Start] Subject S007 | Mode ['SDA'] | Params: L1.0_LS0.7_LR0.0001_E256_D128_Dr0.3

[Fold 1 - SDA] Train: ['S007_T006', 'S007_T009'], Test: S007_T005, Norm: fixed
/home/sangukchoi/.conda/envs/torch_gpu/lib/python3.10/site-packages/torch/nn/modules/rnn.py:123: UserWarning: dropout option adds dropout after all but last recurrent layer, so non-zero dropout expects num_layers greater than 1, but got dropout=0.3 and num_layers=1
  warnings.warn(
  Ep 1: Train 0.2392 | Val 0.1796 | Test 0.0173
Validation loss decreased (0.179611 --> 0.179611).  Saving model ...
  Ep 2: Train 0.1400 | Val 0.1375 | Test 0.0151
Validation loss decreased (0.137512 --> 0.137512).  Saving model ...
  Ep 3: Train 0.1267 | Val 0.1148 | Test 0.0102
Validation loss decreased (0.114800 --> 0.114800).  Saving model ...
  Ep 4: Train 0.1196 | Val 0.1108 | Test 0.0121
Validation loss decreased (0.110805 --> 0.110805).  Saving model ...
  Ep 5: Train 0.1176 | Val 0.0932 | Test 0.0068
Validation loss decreased (0.093211 --> 0.093211).  Saving model ...
  Ep 6: Train 0.1142 | Val 0.1004 | Test 0.0094
EarlyStopping counter: 1 out of 5
  Ep 7: Train 0.1112 | Val 0.0914 | Test 0.0080
Validation loss decreased (0.091363 --> 0.091363).  Saving model ...
  Ep 8: Train 0.1099 | Val 0.0868 | Test 0.0074
Validation loss decreased (0.086801 --> 0.086801).  Saving model ...
  Ep 9: Train 0.1082 | Val 0.0860 | Test 0.0071
Validation loss decreased (0.086031 --> 0.086031).  Saving model ...
  Ep 10: Train 0.1048 | Val 0.0891 | Test 0.0075
EarlyStopping counter: 1 out of 5
  Ep 11: Train 0.1027 | Val 0.0796 | Test 0.0083
Validation loss decreased (0.079607 --> 0.079607).  Saving model ...
  Ep 12: Train 0.1047 | Val 0.0828 | Test 0.0071
EarlyStopping counter: 1 out of 5
  Ep 13: Train 0.1036 | Val 0.0832 | Test 0.0071
EarlyStopping counter: 2 out of 5
  Ep 14: Train 0.1061 | Val 0.0931 | Test 0.0082
EarlyStopping counter: 3 out of 5
  Ep 15: Train 0.1027 | Val 0.0794 | Test 0.0077
EarlyStopping counter: 4 out of 5
  Ep 16: Train 0.1046 | Val 0.0817 | Test 0.0095
EarlyStopping counter: 5 out of 5
Early stopping triggered!
/home/sangukchoi/Stroke_SDA/sda_training.py:615: FutureWarning: You are using `torch.load` with `weights_only=False` (the current default value), which uses the default pickle module implicitly. It is possible to construct malicious pickle data which will execute arbitrary code during unpickling (See https://github.com/pytorch/pytorch/blob/main/SECURITY.md#untrusted-models for more details). In a future release, the default value for `weights_only` will be flipped to `True`. This limits the functions that could be executed during unpickling. Arbitrary objects will no longer be allowed to be loaded via this mode unless they are explicitly allowlisted by the user via `torch.serialization.add_safe_globals`. We recommend you start setting `weights_only=True` for any use case where you don't have full control of the loaded file. Please open an issue on GitHub for any issues related to this experimental feature.
  model.load_state_dict(torch.load(os.path.join(out_dir, 'best_model.pth')))
Final Test MSE (Best Model): 0.0083
Finished. Status: Success
