Starting Run on GPU 0
Time: 2025-12-24 23:43:28

[Run Start] Subject S007 | Mode ['SDA'] | Params: L2.5_LS0.5_LR0.0001_E256_D128_Dr0.3

[Fold 1 - SDA] Train: ['S007_T006', 'S007_T009'], Test: S007_T005, Norm: fixed
/home/sangukchoi/.conda/envs/torch_gpu/lib/python3.10/site-packages/torch/nn/modules/rnn.py:123: UserWarning: dropout option adds dropout after all but last recurrent layer, so non-zero dropout expects num_layers greater than 1, but got dropout=0.3 and num_layers=1
  warnings.warn(
  Ep 1: Train 0.4350 | Val 0.5148 | Test 0.0575
Validation loss decreased (0.514813 --> 0.514813).  Saving model ...
  Ep 2: Train 0.3361 | Val 0.4109 | Test 0.0400
Validation loss decreased (0.410896 --> 0.410896).  Saving model ...
  Ep 3: Train 0.3041 | Val 0.4203 | Test 0.0237
EarlyStopping counter: 1 out of 5
  Ep 4: Train 0.2806 | Val 0.3665 | Test 0.0136
Validation loss decreased (0.366478 --> 0.366478).  Saving model ...
  Ep 5: Train 0.2734 | Val 0.3123 | Test 0.0132
Validation loss decreased (0.312337 --> 0.312337).  Saving model ...
  Ep 6: Train 0.2563 | Val 0.4015 | Test 0.0196
EarlyStopping counter: 1 out of 5
  Ep 7: Train 0.2563 | Val 0.3436 | Test 0.0155
EarlyStopping counter: 2 out of 5
  Ep 8: Train 0.2481 | Val 0.3830 | Test 0.0150
EarlyStopping counter: 3 out of 5
  Ep 9: Train 0.2433 | Val 0.3250 | Test 0.0152
EarlyStopping counter: 4 out of 5
  Ep 10: Train 0.2385 | Val 0.3199 | Test 0.0228
EarlyStopping counter: 5 out of 5
Early stopping triggered!
/home/sangukchoi/Stroke_SDA/sda_training.py:615: FutureWarning: You are using `torch.load` with `weights_only=False` (the current default value), which uses the default pickle module implicitly. It is possible to construct malicious pickle data which will execute arbitrary code during unpickling (See https://github.com/pytorch/pytorch/blob/main/SECURITY.md#untrusted-models for more details). In a future release, the default value for `weights_only` will be flipped to `True`. This limits the functions that could be executed during unpickling. Arbitrary objects will no longer be allowed to be loaded via this mode unless they are explicitly allowlisted by the user via `torch.serialization.add_safe_globals`. We recommend you start setting `weights_only=True` for any use case where you don't have full control of the loaded file. Please open an issue on GitHub for any issues related to this experimental feature.
  model.load_state_dict(torch.load(os.path.join(out_dir, 'best_model.pth')))
Final Test MSE (Best Model): 0.0132
Finished. Status: Success
