Starting Run on GPU 1
Time: 2025-12-24 22:59:13

[Run Start] Subject S007 | Mode ['SDA'] | Params: L2.0_LS0.7_LR0.0001_E256_D64_Dr0.3

[Fold 1 - SDA] Train: ['S007_T006', 'S007_T009'], Test: S007_T005, Norm: fixed
/home/sangukchoi/.conda/envs/torch_gpu/lib/python3.10/site-packages/torch/nn/modules/rnn.py:123: UserWarning: dropout option adds dropout after all but last recurrent layer, so non-zero dropout expects num_layers greater than 1, but got dropout=0.3 and num_layers=1
  warnings.warn(
  Ep 1: Train 0.3739 | Val 0.2975 | Test 0.0265
Validation loss decreased (0.297499 --> 0.297499).  Saving model ...
  Ep 2: Train 0.2652 | Val 0.2659 | Test 0.0201
Validation loss decreased (0.265920 --> 0.265920).  Saving model ...
  Ep 3: Train 0.2289 | Val 0.2417 | Test 0.0107
Validation loss decreased (0.241662 --> 0.241662).  Saving model ...
  Ep 4: Train 0.2109 | Val 0.2282 | Test 0.0161
Validation loss decreased (0.228151 --> 0.228151).  Saving model ...
  Ep 5: Train 0.2061 | Val 0.2481 | Test 0.0172
EarlyStopping counter: 1 out of 5
  Ep 6: Train 0.1947 | Val 0.2100 | Test 0.0107
Validation loss decreased (0.210008 --> 0.210008).  Saving model ...
  Ep 7: Train 0.1972 | Val 0.2315 | Test 0.0152
EarlyStopping counter: 1 out of 5
  Ep 8: Train 0.1893 | Val 0.1907 | Test 0.0115
Validation loss decreased (0.190741 --> 0.190741).  Saving model ...
  Ep 9: Train 0.1953 | Val 0.1890 | Test 0.0158
Validation loss decreased (0.189000 --> 0.189000).  Saving model ...
  Ep 10: Train 0.1858 | Val 0.1887 | Test 0.0092
EarlyStopping counter: 1 out of 5
  Ep 11: Train 0.1878 | Val 0.1833 | Test 0.0139
Validation loss decreased (0.183297 --> 0.183297).  Saving model ...
  Ep 12: Train 0.1855 | Val 0.2103 | Test 0.0132
EarlyStopping counter: 1 out of 5
  Ep 13: Train 0.1834 | Val 0.1694 | Test 0.0090
Validation loss decreased (0.169368 --> 0.169368).  Saving model ...
  Ep 14: Train 0.1790 | Val 0.1694 | Test 0.0093
EarlyStopping counter: 1 out of 5
  Ep 15: Train 0.1784 | Val 0.1547 | Test 0.0090
Validation loss decreased (0.154684 --> 0.154684).  Saving model ...
  Ep 16: Train 0.1727 | Val 0.1455 | Test 0.0100
Validation loss decreased (0.145484 --> 0.145484).  Saving model ...
  Ep 17: Train 0.1742 | Val 0.1433 | Test 0.0109
Validation loss decreased (0.143311 --> 0.143311).  Saving model ...
  Ep 18: Train 0.1779 | Val 0.1510 | Test 0.0113
EarlyStopping counter: 1 out of 5
  Ep 19: Train 0.1711 | Val 0.1419 | Test 0.0082
Validation loss decreased (0.141873 --> 0.141873).  Saving model ...
  Ep 20: Train 0.1730 | Val 0.1616 | Test 0.0142
EarlyStopping counter: 1 out of 5
  Ep 21: Train 0.1766 | Val 0.1458 | Test 0.0139
EarlyStopping counter: 2 out of 5
  Ep 22: Train 0.1720 | Val 0.1501 | Test 0.0114
EarlyStopping counter: 3 out of 5
  Ep 23: Train 0.1698 | Val 0.1902 | Test 0.0088
EarlyStopping counter: 4 out of 5
  Ep 24: Train 0.1740 | Val 0.1229 | Test 0.0087
Validation loss decreased (0.122901 --> 0.122901).  Saving model ...
  Ep 25: Train 0.1723 | Val 0.0924 | Test 0.0101
Validation loss decreased (0.092374 --> 0.092374).  Saving model ...
  Ep 26: Train 0.1698 | Val 0.1145 | Test 0.0095
EarlyStopping counter: 1 out of 5
  Ep 27: Train 0.1704 | Val 0.1556 | Test 0.0126
EarlyStopping counter: 2 out of 5
  Ep 28: Train 0.1660 | Val 0.0687 | Test 0.0126
Validation loss decreased (0.068731 --> 0.068731).  Saving model ...
  Ep 29: Train 0.1617 | Val 0.1521 | Test 0.0101
EarlyStopping counter: 1 out of 5
  Ep 30: Train 0.1612 | Val 0.1856 | Test 0.0114
EarlyStopping counter: 2 out of 5
  Ep 31: Train 0.1587 | Val 0.1492 | Test 0.0140
EarlyStopping counter: 3 out of 5
  Ep 32: Train 0.1702 | Val 0.0659 | Test 0.0098
Validation loss decreased (0.065892 --> 0.065892).  Saving model ...
  Ep 33: Train 0.1641 | Val 0.1489 | Test 0.0084
EarlyStopping counter: 1 out of 5
  Ep 34: Train 0.1556 | Val 0.3293 | Test 0.0124
EarlyStopping counter: 2 out of 5
  Ep 35: Train 0.1460 | Val 0.2622 | Test 0.0094
EarlyStopping counter: 3 out of 5
  Ep 36: Train 0.1510 | Val 0.3657 | Test 0.0135
EarlyStopping counter: 4 out of 5
  Ep 37: Train 0.1501 | Val 0.0827 | Test 0.0168
EarlyStopping counter: 5 out of 5
Early stopping triggered!
/home/sangukchoi/Stroke_SDA/sda_training.py:615: FutureWarning: You are using `torch.load` with `weights_only=False` (the current default value), which uses the default pickle module implicitly. It is possible to construct malicious pickle data which will execute arbitrary code during unpickling (See https://github.com/pytorch/pytorch/blob/main/SECURITY.md#untrusted-models for more details). In a future release, the default value for `weights_only` will be flipped to `True`. This limits the functions that could be executed during unpickling. Arbitrary objects will no longer be allowed to be loaded via this mode unless they are explicitly allowlisted by the user via `torch.serialization.add_safe_globals`. We recommend you start setting `weights_only=True` for any use case where you don't have full control of the loaded file. Please open an issue on GitHub for any issues related to this experimental feature.
  model.load_state_dict(torch.load(os.path.join(out_dir, 'best_model.pth')))
Final Test MSE (Best Model): 0.0098
Finished. Status: Success
