Starting Run on GPU 2
Time: 2025-12-24 22:41:01

[Run Start] Subject S007 | Mode ['SDA'] | Params: L1.5_LS1.0_LR0.0001_E128_D128_Dr0.3

[Fold 1 - SDA] Train: ['S007_T006', 'S007_T009'], Test: S007_T005, Norm: fixed
/home/sangukchoi/.conda/envs/torch_gpu/lib/python3.10/site-packages/torch/nn/modules/rnn.py:123: UserWarning: dropout option adds dropout after all but last recurrent layer, so non-zero dropout expects num_layers greater than 1, but got dropout=0.3 and num_layers=1
  warnings.warn(
  Ep 1: Train 0.4209 | Val 0.2890 | Test 0.0332
Validation loss decreased (0.289048 --> 0.289048).  Saving model ...
  Ep 2: Train 0.2530 | Val 0.2313 | Test 0.0126
Validation loss decreased (0.231293 --> 0.231293).  Saving model ...
  Ep 3: Train 0.2178 | Val 0.2240 | Test 0.0136
Validation loss decreased (0.223960 --> 0.223960).  Saving model ...
  Ep 4: Train 0.1916 | Val 0.1951 | Test 0.0174
Validation loss decreased (0.195122 --> 0.195122).  Saving model ...
  Ep 5: Train 0.1827 | Val 0.1745 | Test 0.0132
Validation loss decreased (0.174548 --> 0.174548).  Saving model ...
  Ep 6: Train 0.1800 | Val 0.1671 | Test 0.0101
Validation loss decreased (0.167075 --> 0.167075).  Saving model ...
  Ep 7: Train 0.1772 | Val 0.1661 | Test 0.0084
Validation loss decreased (0.166106 --> 0.166106).  Saving model ...
  Ep 8: Train 0.1742 | Val 0.1517 | Test 0.0086
Validation loss decreased (0.151663 --> 0.151663).  Saving model ...
  Ep 9: Train 0.1733 | Val 0.1640 | Test 0.0102
EarlyStopping counter: 1 out of 5
  Ep 10: Train 0.1708 | Val 0.1586 | Test 0.0121
EarlyStopping counter: 2 out of 5
  Ep 11: Train 0.1678 | Val 0.1371 | Test 0.0090
Validation loss decreased (0.137058 --> 0.137058).  Saving model ...
  Ep 12: Train 0.1690 | Val 0.1309 | Test 0.0078
Validation loss decreased (0.130868 --> 0.130868).  Saving model ...
  Ep 13: Train 0.1653 | Val 0.1400 | Test 0.0074
EarlyStopping counter: 1 out of 5
  Ep 14: Train 0.1610 | Val 0.1381 | Test 0.0076
EarlyStopping counter: 2 out of 5
  Ep 15: Train 0.1612 | Val 0.1354 | Test 0.0083
EarlyStopping counter: 3 out of 5
  Ep 16: Train 0.1568 | Val 0.1359 | Test 0.0088
EarlyStopping counter: 4 out of 5
  Ep 17: Train 0.1549 | Val 0.1238 | Test 0.0071
Validation loss decreased (0.123803 --> 0.123803).  Saving model ...
  Ep 18: Train 0.1545 | Val 0.1365 | Test 0.0083
EarlyStopping counter: 1 out of 5
  Ep 19: Train 0.1547 | Val 0.1385 | Test 0.0081
EarlyStopping counter: 2 out of 5
  Ep 20: Train 0.1544 | Val 0.1158 | Test 0.0078
Validation loss decreased (0.115839 --> 0.115839).  Saving model ...
  Ep 21: Train 0.1508 | Val 0.1309 | Test 0.0077
EarlyStopping counter: 1 out of 5
  Ep 22: Train 0.1573 | Val 0.1263 | Test 0.0088
EarlyStopping counter: 2 out of 5
  Ep 23: Train 0.1501 | Val 0.1261 | Test 0.0077
EarlyStopping counter: 3 out of 5
  Ep 24: Train 0.1526 | Val 0.1328 | Test 0.0097
EarlyStopping counter: 4 out of 5
  Ep 25: Train 0.1498 | Val 0.1110 | Test 0.0085
Validation loss decreased (0.110996 --> 0.110996).  Saving model ...
  Ep 26: Train 0.1499 | Val 0.1424 | Test 0.0104
EarlyStopping counter: 1 out of 5
  Ep 27: Train 0.1513 | Val 0.1255 | Test 0.0074
EarlyStopping counter: 2 out of 5
  Ep 28: Train 0.1501 | Val 0.1158 | Test 0.0090
EarlyStopping counter: 3 out of 5
  Ep 29: Train 0.1490 | Val 0.1226 | Test 0.0066
EarlyStopping counter: 4 out of 5
  Ep 30: Train 0.1446 | Val 0.1041 | Test 0.0082
Validation loss decreased (0.104056 --> 0.104056).  Saving model ...
  Ep 31: Train 0.1472 | Val 0.1131 | Test 0.0062
EarlyStopping counter: 1 out of 5
  Ep 32: Train 0.1485 | Val 0.1259 | Test 0.0088
EarlyStopping counter: 2 out of 5
  Ep 33: Train 0.1473 | Val 0.1152 | Test 0.0060
EarlyStopping counter: 3 out of 5
  Ep 34: Train 0.1422 | Val 0.1194 | Test 0.0080
EarlyStopping counter: 4 out of 5
  Ep 35: Train 0.1434 | Val 0.1216 | Test 0.0076
EarlyStopping counter: 5 out of 5
Early stopping triggered!
/home/sangukchoi/Stroke_SDA/sda_training.py:615: FutureWarning: You are using `torch.load` with `weights_only=False` (the current default value), which uses the default pickle module implicitly. It is possible to construct malicious pickle data which will execute arbitrary code during unpickling (See https://github.com/pytorch/pytorch/blob/main/SECURITY.md#untrusted-models for more details). In a future release, the default value for `weights_only` will be flipped to `True`. This limits the functions that could be executed during unpickling. Arbitrary objects will no longer be allowed to be loaded via this mode unless they are explicitly allowlisted by the user via `torch.serialization.add_safe_globals`. We recommend you start setting `weights_only=True` for any use case where you don't have full control of the loaded file. Please open an issue on GitHub for any issues related to this experimental feature.
  model.load_state_dict(torch.load(os.path.join(out_dir, 'best_model.pth')))
Final Test MSE (Best Model): 0.0082
Finished. Status: Success
