Starting Run on GPU 3
Time: 2025-12-24 23:33:15

[Run Start] Subject S007 | Mode ['SDA'] | Params: L2.5_LS0.3_LR0.0001_E256_D128_Dr0.3

[Fold 1 - SDA] Train: ['S007_T006', 'S007_T009'], Test: S007_T005, Norm: fixed
/home/sangukchoi/.conda/envs/torch_gpu/lib/python3.10/site-packages/torch/nn/modules/rnn.py:123: UserWarning: dropout option adds dropout after all but last recurrent layer, so non-zero dropout expects num_layers greater than 1, but got dropout=0.3 and num_layers=1
  warnings.warn(
  Ep 1: Train 0.4084 | Val 0.5450 | Test 0.0597
Validation loss decreased (0.545011 --> 0.545011).  Saving model ...
  Ep 2: Train 0.3136 | Val 0.4454 | Test 0.0421
Validation loss decreased (0.445436 --> 0.445436).  Saving model ...
  Ep 3: Train 0.2947 | Val 0.3841 | Test 0.0259
Validation loss decreased (0.384132 --> 0.384132).  Saving model ...
  Ep 4: Train 0.2759 | Val 0.3442 | Test 0.0239
Validation loss decreased (0.344178 --> 0.344178).  Saving model ...
  Ep 5: Train 0.2571 | Val 0.3951 | Test 0.0162
EarlyStopping counter: 1 out of 5
  Ep 6: Train 0.2558 | Val 0.3360 | Test 0.0179
Validation loss decreased (0.335979 --> 0.335979).  Saving model ...
  Ep 7: Train 0.2464 | Val 0.3153 | Test 0.0145
Validation loss decreased (0.315261 --> 0.315261).  Saving model ...
  Ep 8: Train 0.2365 | Val 0.3202 | Test 0.0160
EarlyStopping counter: 1 out of 5
  Ep 9: Train 0.2349 | Val 0.3579 | Test 0.0242
EarlyStopping counter: 2 out of 5
  Ep 10: Train 0.2349 | Val 0.3569 | Test 0.0177
EarlyStopping counter: 3 out of 5
  Ep 11: Train 0.2289 | Val 0.3330 | Test 0.0122
EarlyStopping counter: 4 out of 5
  Ep 12: Train 0.2254 | Val 0.2653 | Test 0.0191
Validation loss decreased (0.265315 --> 0.265315).  Saving model ...
  Ep 13: Train 0.2233 | Val 0.2970 | Test 0.0145
EarlyStopping counter: 1 out of 5
  Ep 14: Train 0.2181 | Val 0.2687 | Test 0.0118
EarlyStopping counter: 2 out of 5
  Ep 15: Train 0.2160 | Val 0.2546 | Test 0.0116
Validation loss decreased (0.254639 --> 0.254639).  Saving model ...
  Ep 16: Train 0.2167 | Val 0.3518 | Test 0.0184
EarlyStopping counter: 1 out of 5
  Ep 17: Train 0.2081 | Val 0.3256 | Test 0.0186
EarlyStopping counter: 2 out of 5
  Ep 18: Train 0.2109 | Val 0.2878 | Test 0.0152
EarlyStopping counter: 3 out of 5
  Ep 19: Train 0.2071 | Val 0.4003 | Test 0.0131
EarlyStopping counter: 4 out of 5
  Ep 20: Train 0.2012 | Val 0.2995 | Test 0.0118
EarlyStopping counter: 5 out of 5
Early stopping triggered!
/home/sangukchoi/Stroke_SDA/sda_training.py:615: FutureWarning: You are using `torch.load` with `weights_only=False` (the current default value), which uses the default pickle module implicitly. It is possible to construct malicious pickle data which will execute arbitrary code during unpickling (See https://github.com/pytorch/pytorch/blob/main/SECURITY.md#untrusted-models for more details). In a future release, the default value for `weights_only` will be flipped to `True`. This limits the functions that could be executed during unpickling. Arbitrary objects will no longer be allowed to be loaded via this mode unless they are explicitly allowlisted by the user via `torch.serialization.add_safe_globals`. We recommend you start setting `weights_only=True` for any use case where you don't have full control of the loaded file. Please open an issue on GitHub for any issues related to this experimental feature.
  model.load_state_dict(torch.load(os.path.join(out_dir, 'best_model.pth')))
Final Test MSE (Best Model): 0.0116
Finished. Status: Success
