Starting Run on GPU 3
Time: 2025-12-24 23:40:04

[Run Start] Subject S007 | Mode ['SDA'] | Params: L2.5_LS0.5_LR0.0001_E128_D128_Dr0.3

[Fold 1 - SDA] Train: ['S007_T006', 'S007_T009'], Test: S007_T005, Norm: fixed
/home/sangukchoi/.conda/envs/torch_gpu/lib/python3.10/site-packages/torch/nn/modules/rnn.py:123: UserWarning: dropout option adds dropout after all but last recurrent layer, so non-zero dropout expects num_layers greater than 1, but got dropout=0.3 and num_layers=1
  warnings.warn(
  Ep 1: Train 0.4725 | Val 0.5485 | Test 0.0532
Validation loss decreased (0.548466 --> 0.548466).  Saving model ...
  Ep 2: Train 0.3591 | Val 0.4579 | Test 0.0438
Validation loss decreased (0.457932 --> 0.457932).  Saving model ...
  Ep 3: Train 0.3244 | Val 0.4554 | Test 0.0426
Validation loss decreased (0.455374 --> 0.455374).  Saving model ...
  Ep 4: Train 0.3073 | Val 0.3756 | Test 0.0307
Validation loss decreased (0.375583 --> 0.375583).  Saving model ...
  Ep 5: Train 0.2889 | Val 0.3290 | Test 0.0210
Validation loss decreased (0.329040 --> 0.329040).  Saving model ...
  Ep 6: Train 0.2775 | Val 0.3557 | Test 0.0189
EarlyStopping counter: 1 out of 5
  Ep 7: Train 0.2744 | Val 0.3197 | Test 0.0213
Validation loss decreased (0.319721 --> 0.319721).  Saving model ...
  Ep 8: Train 0.2716 | Val 0.2979 | Test 0.0171
Validation loss decreased (0.297949 --> 0.297949).  Saving model ...
  Ep 9: Train 0.2563 | Val 0.2842 | Test 0.0137
Validation loss decreased (0.284195 --> 0.284195).  Saving model ...
  Ep 10: Train 0.2560 | Val 0.2860 | Test 0.0149
EarlyStopping counter: 1 out of 5
  Ep 11: Train 0.2520 | Val 0.3253 | Test 0.0175
EarlyStopping counter: 2 out of 5
  Ep 12: Train 0.2449 | Val 0.3011 | Test 0.0207
EarlyStopping counter: 3 out of 5
  Ep 13: Train 0.2396 | Val 0.3052 | Test 0.0130
EarlyStopping counter: 4 out of 5
  Ep 14: Train 0.2323 | Val 0.2796 | Test 0.0159
Validation loss decreased (0.279642 --> 0.279642).  Saving model ...
  Ep 15: Train 0.2377 | Val 0.3127 | Test 0.0131
EarlyStopping counter: 1 out of 5
  Ep 16: Train 0.2359 | Val 0.2853 | Test 0.0103
EarlyStopping counter: 2 out of 5
  Ep 17: Train 0.2315 | Val 0.3223 | Test 0.0124
EarlyStopping counter: 3 out of 5
  Ep 18: Train 0.2270 | Val 0.2930 | Test 0.0145
EarlyStopping counter: 4 out of 5
  Ep 19: Train 0.2248 | Val 0.2946 | Test 0.0121
EarlyStopping counter: 5 out of 5
Early stopping triggered!
/home/sangukchoi/Stroke_SDA/sda_training.py:615: FutureWarning: You are using `torch.load` with `weights_only=False` (the current default value), which uses the default pickle module implicitly. It is possible to construct malicious pickle data which will execute arbitrary code during unpickling (See https://github.com/pytorch/pytorch/blob/main/SECURITY.md#untrusted-models for more details). In a future release, the default value for `weights_only` will be flipped to `True`. This limits the functions that could be executed during unpickling. Arbitrary objects will no longer be allowed to be loaded via this mode unless they are explicitly allowlisted by the user via `torch.serialization.add_safe_globals`. We recommend you start setting `weights_only=True` for any use case where you don't have full control of the loaded file. Please open an issue on GitHub for any issues related to this experimental feature.
  model.load_state_dict(torch.load(os.path.join(out_dir, 'best_model.pth')))
Final Test MSE (Best Model): 0.0159
Finished. Status: Success
