Starting Run on GPU 3
Time: 2025-12-25 02:32:57

[Run Start] Subject S008 | Mode ['SDA'] | Params: L2.5_LS0.3_LR0.0001_E256_D32_Dr0.3

[Fold 1 - SDA] Train: ['S008_T004', 'S008_T006'], Test: S008_T001, Norm: fixed
/home/sangukchoi/.conda/envs/torch_gpu/lib/python3.10/site-packages/torch/nn/modules/rnn.py:123: UserWarning: dropout option adds dropout after all but last recurrent layer, so non-zero dropout expects num_layers greater than 1, but got dropout=0.3 and num_layers=1
  warnings.warn(
  Ep 1: Train 0.5199 | Val 0.3801 | Test 0.0442
Validation loss decreased (0.380137 --> 0.380137).  Saving model ...
  Ep 2: Train 0.3348 | Val 0.3133 | Test 0.0392
Validation loss decreased (0.313276 --> 0.313276).  Saving model ...
  Ep 3: Train 0.3038 | Val 0.2398 | Test 0.0398
Validation loss decreased (0.239770 --> 0.239770).  Saving model ...
  Ep 4: Train 0.2838 | Val 0.2888 | Test 0.0378
EarlyStopping counter: 1 out of 5
  Ep 5: Train 0.2741 | Val 0.2052 | Test 0.0410
Validation loss decreased (0.205175 --> 0.205175).  Saving model ...
  Ep 6: Train 0.2680 | Val 0.2165 | Test 0.0324
EarlyStopping counter: 1 out of 5
  Ep 7: Train 0.2661 | Val 0.2187 | Test 0.0406
EarlyStopping counter: 2 out of 5
  Ep 8: Train 0.2627 | Val 0.1953 | Test 0.0366
Validation loss decreased (0.195261 --> 0.195261).  Saving model ...
  Ep 9: Train 0.2512 | Val 0.1895 | Test 0.0450
Validation loss decreased (0.189544 --> 0.189544).  Saving model ...
  Ep 10: Train 0.2405 | Val 0.1875 | Test 0.0402
Validation loss decreased (0.187514 --> 0.187514).  Saving model ...
  Ep 11: Train 0.2490 | Val 0.1930 | Test 0.0431
EarlyStopping counter: 1 out of 5
  Ep 12: Train 0.2459 | Val 0.2009 | Test 0.0329
EarlyStopping counter: 2 out of 5
  Ep 13: Train 0.2463 | Val 0.2056 | Test 0.0415
EarlyStopping counter: 3 out of 5
  Ep 14: Train 0.2414 | Val 0.2265 | Test 0.0405
EarlyStopping counter: 4 out of 5
  Ep 15: Train 0.2361 | Val 0.2459 | Test 0.0261
EarlyStopping counter: 5 out of 5
Early stopping triggered!
/home/sangukchoi/Stroke_SDA/sda_training.py:615: FutureWarning: You are using `torch.load` with `weights_only=False` (the current default value), which uses the default pickle module implicitly. It is possible to construct malicious pickle data which will execute arbitrary code during unpickling (See https://github.com/pytorch/pytorch/blob/main/SECURITY.md#untrusted-models for more details). In a future release, the default value for `weights_only` will be flipped to `True`. This limits the functions that could be executed during unpickling. Arbitrary objects will no longer be allowed to be loaded via this mode unless they are explicitly allowlisted by the user via `torch.serialization.add_safe_globals`. We recommend you start setting `weights_only=True` for any use case where you don't have full control of the loaded file. Please open an issue on GitHub for any issues related to this experimental feature.
  model.load_state_dict(torch.load(os.path.join(out_dir, 'best_model.pth')))
Final Test MSE (Best Model): 0.0402
Finished. Status: Success
