Starting Run on GPU 3
Time: 2025-12-25 03:41:51

[Run Start] Subject S008 | Mode ['SDA'] | Params: L3.0_LS1.0_LR0.0001_E64_D128_Dr0.3

[Fold 1 - SDA] Train: ['S008_T004', 'S008_T006'], Test: S008_T001, Norm: fixed
/home/sangukchoi/.conda/envs/torch_gpu/lib/python3.10/site-packages/torch/nn/modules/rnn.py:123: UserWarning: dropout option adds dropout after all but last recurrent layer, so non-zero dropout expects num_layers greater than 1, but got dropout=0.3 and num_layers=1
  warnings.warn(
  Ep 1: Train 0.9642 | Val 0.7373 | Test 0.0486
Validation loss decreased (0.737348 --> 0.737348).  Saving model ...
  Ep 2: Train 0.5549 | Val 0.4412 | Test 0.0542
Validation loss decreased (0.441220 --> 0.441220).  Saving model ...
  Ep 3: Train 0.4739 | Val 0.3891 | Test 0.0389
Validation loss decreased (0.389100 --> 0.389100).  Saving model ...
  Ep 4: Train 0.4263 | Val 0.3834 | Test 0.0459
Validation loss decreased (0.383444 --> 0.383444).  Saving model ...
  Ep 5: Train 0.4016 | Val 0.3746 | Test 0.0441
Validation loss decreased (0.374565 --> 0.374565).  Saving model ...
  Ep 6: Train 0.3919 | Val 0.3617 | Test 0.0375
Validation loss decreased (0.361703 --> 0.361703).  Saving model ...
  Ep 7: Train 0.3770 | Val 0.3524 | Test 0.0460
Validation loss decreased (0.352388 --> 0.352388).  Saving model ...
  Ep 8: Train 0.3778 | Val 0.3523 | Test 0.0382
EarlyStopping counter: 1 out of 5
  Ep 9: Train 0.3769 | Val 0.3662 | Test 0.0441
EarlyStopping counter: 2 out of 5
  Ep 10: Train 0.3665 | Val 0.3487 | Test 0.0462
Validation loss decreased (0.348746 --> 0.348746).  Saving model ...
  Ep 11: Train 0.3663 | Val 0.3440 | Test 0.0394
Validation loss decreased (0.344048 --> 0.344048).  Saving model ...
  Ep 12: Train 0.3504 | Val 0.3644 | Test 0.0480
EarlyStopping counter: 1 out of 5
  Ep 13: Train 0.3555 | Val 0.3626 | Test 0.0393
EarlyStopping counter: 2 out of 5
  Ep 14: Train 0.3636 | Val 0.3368 | Test 0.0495
Validation loss decreased (0.336774 --> 0.336774).  Saving model ...
  Ep 15: Train 0.3480 | Val 0.3197 | Test 0.0505
Validation loss decreased (0.319661 --> 0.319661).  Saving model ...
  Ep 16: Train 0.3476 | Val 0.3457 | Test 0.0580
EarlyStopping counter: 1 out of 5
  Ep 17: Train 0.3467 | Val 0.3266 | Test 0.0385
EarlyStopping counter: 2 out of 5
  Ep 18: Train 0.3433 | Val 0.3360 | Test 0.0417
EarlyStopping counter: 3 out of 5
  Ep 19: Train 0.3363 | Val 0.3259 | Test 0.0536
EarlyStopping counter: 4 out of 5
  Ep 20: Train 0.3398 | Val 0.3382 | Test 0.0476
EarlyStopping counter: 5 out of 5
Early stopping triggered!
/home/sangukchoi/Stroke_SDA/sda_training.py:615: FutureWarning: You are using `torch.load` with `weights_only=False` (the current default value), which uses the default pickle module implicitly. It is possible to construct malicious pickle data which will execute arbitrary code during unpickling (See https://github.com/pytorch/pytorch/blob/main/SECURITY.md#untrusted-models for more details). In a future release, the default value for `weights_only` will be flipped to `True`. This limits the functions that could be executed during unpickling. Arbitrary objects will no longer be allowed to be loaded via this mode unless they are explicitly allowlisted by the user via `torch.serialization.add_safe_globals`. We recommend you start setting `weights_only=True` for any use case where you don't have full control of the loaded file. Please open an issue on GitHub for any issues related to this experimental feature.
  model.load_state_dict(torch.load(os.path.join(out_dir, 'best_model.pth')))
Final Test MSE (Best Model): 0.0505
Finished. Status: Success
