Starting Run on GPU 1
Time: 2025-12-25 02:56:16

[Run Start] Subject S008 | Mode ['SDA'] | Params: L2.5_LS1.0_LR0.0001_E64_D64_Dr0.3

[Fold 1 - SDA] Train: ['S008_T004', 'S008_T006'], Test: S008_T001, Norm: fixed
/home/sangukchoi/.conda/envs/torch_gpu/lib/python3.10/site-packages/torch/nn/modules/rnn.py:123: UserWarning: dropout option adds dropout after all but last recurrent layer, so non-zero dropout expects num_layers greater than 1, but got dropout=0.3 and num_layers=1
  warnings.warn(
  Ep 1: Train 0.8770 | Val 0.6988 | Test 0.0447
Validation loss decreased (0.698763 --> 0.698763).  Saving model ...
  Ep 2: Train 0.5004 | Val 0.3931 | Test 0.0469
Validation loss decreased (0.393056 --> 0.393056).  Saving model ...
  Ep 3: Train 0.4020 | Val 0.3523 | Test 0.0267
Validation loss decreased (0.352335 --> 0.352335).  Saving model ...
  Ep 4: Train 0.3563 | Val 0.3264 | Test 0.0406
Validation loss decreased (0.326446 --> 0.326446).  Saving model ...
  Ep 5: Train 0.3397 | Val 0.3014 | Test 0.0295
Validation loss decreased (0.301406 --> 0.301406).  Saving model ...
  Ep 6: Train 0.3315 | Val 0.2896 | Test 0.0365
Validation loss decreased (0.289569 --> 0.289569).  Saving model ...
  Ep 7: Train 0.3269 | Val 0.3036 | Test 0.0294
EarlyStopping counter: 1 out of 5
  Ep 8: Train 0.3251 | Val 0.3049 | Test 0.0280
EarlyStopping counter: 2 out of 5
  Ep 9: Train 0.3184 | Val 0.3115 | Test 0.0350
EarlyStopping counter: 3 out of 5
  Ep 10: Train 0.3180 | Val 0.3471 | Test 0.0378
EarlyStopping counter: 4 out of 5
  Ep 11: Train 0.3186 | Val 0.3066 | Test 0.0358
EarlyStopping counter: 5 out of 5
Early stopping triggered!
/home/sangukchoi/Stroke_SDA/sda_training.py:615: FutureWarning: You are using `torch.load` with `weights_only=False` (the current default value), which uses the default pickle module implicitly. It is possible to construct malicious pickle data which will execute arbitrary code during unpickling (See https://github.com/pytorch/pytorch/blob/main/SECURITY.md#untrusted-models for more details). In a future release, the default value for `weights_only` will be flipped to `True`. This limits the functions that could be executed during unpickling. Arbitrary objects will no longer be allowed to be loaded via this mode unless they are explicitly allowlisted by the user via `torch.serialization.add_safe_globals`. We recommend you start setting `weights_only=True` for any use case where you don't have full control of the loaded file. Please open an issue on GitHub for any issues related to this experimental feature.
  model.load_state_dict(torch.load(os.path.join(out_dir, 'best_model.pth')))
Final Test MSE (Best Model): 0.0365
Finished. Status: Success
