Starting Run on GPU 3
Time: 2025-12-25 03:03:37

[Run Start] Subject S008 | Mode ['SDA'] | Params: L3.0_LS0.3_LR0.0001_E64_D32_Dr0.3

[Fold 1 - SDA] Train: ['S008_T004', 'S008_T006'], Test: S008_T001, Norm: fixed
/home/sangukchoi/.conda/envs/torch_gpu/lib/python3.10/site-packages/torch/nn/modules/rnn.py:123: UserWarning: dropout option adds dropout after all but last recurrent layer, so non-zero dropout expects num_layers greater than 1, but got dropout=0.3 and num_layers=1
  warnings.warn(
  Ep 1: Train 0.8375 | Val 0.7535 | Test 0.0772
Validation loss decreased (0.753472 --> 0.753472).  Saving model ...
  Ep 2: Train 0.5143 | Val 0.6398 | Test 0.0562
Validation loss decreased (0.639809 --> 0.639809).  Saving model ...
  Ep 3: Train 0.4704 | Val 0.5311 | Test 0.0477
Validation loss decreased (0.531130 --> 0.531130).  Saving model ...
  Ep 4: Train 0.4364 | Val 0.4683 | Test 0.0477
Validation loss decreased (0.468336 --> 0.468336).  Saving model ...
  Ep 5: Train 0.4210 | Val 0.4479 | Test 0.0390
Validation loss decreased (0.447891 --> 0.447891).  Saving model ...
  Ep 6: Train 0.4058 | Val 0.4068 | Test 0.0370
Validation loss decreased (0.406839 --> 0.406839).  Saving model ...
  Ep 7: Train 0.3955 | Val 0.3818 | Test 0.0386
Validation loss decreased (0.381843 --> 0.381843).  Saving model ...
  Ep 8: Train 0.3856 | Val 0.3657 | Test 0.0330
Validation loss decreased (0.365705 --> 0.365705).  Saving model ...
  Ep 9: Train 0.3844 | Val 0.3818 | Test 0.0354
EarlyStopping counter: 1 out of 5
  Ep 10: Train 0.3700 | Val 0.3668 | Test 0.0317
EarlyStopping counter: 2 out of 5
  Ep 11: Train 0.3667 | Val 0.3247 | Test 0.0330
Validation loss decreased (0.324727 --> 0.324727).  Saving model ...
  Ep 12: Train 0.3530 | Val 0.3011 | Test 0.0295
Validation loss decreased (0.301086 --> 0.301086).  Saving model ...
  Ep 13: Train 0.3485 | Val 0.3210 | Test 0.0326
EarlyStopping counter: 1 out of 5
  Ep 14: Train 0.3451 | Val 0.3101 | Test 0.0286
EarlyStopping counter: 2 out of 5
  Ep 15: Train 0.3394 | Val 0.2922 | Test 0.0261
Validation loss decreased (0.292178 --> 0.292178).  Saving model ...
  Ep 16: Train 0.3418 | Val 0.2987 | Test 0.0342
EarlyStopping counter: 1 out of 5
  Ep 17: Train 0.3358 | Val 0.2853 | Test 0.0337
Validation loss decreased (0.285289 --> 0.285289).  Saving model ...
  Ep 18: Train 0.3298 | Val 0.2900 | Test 0.0291
EarlyStopping counter: 1 out of 5
  Ep 19: Train 0.3313 | Val 0.2912 | Test 0.0301
EarlyStopping counter: 2 out of 5
  Ep 20: Train 0.3295 | Val 0.2947 | Test 0.0283
EarlyStopping counter: 3 out of 5
  Ep 21: Train 0.3227 | Val 0.3040 | Test 0.0329
EarlyStopping counter: 4 out of 5
  Ep 22: Train 0.3138 | Val 0.2719 | Test 0.0346
Validation loss decreased (0.271867 --> 0.271867).  Saving model ...
  Ep 23: Train 0.3167 | Val 0.2935 | Test 0.0285
EarlyStopping counter: 1 out of 5
  Ep 24: Train 0.3083 | Val 0.2694 | Test 0.0298
Validation loss decreased (0.269365 --> 0.269365).  Saving model ...
  Ep 25: Train 0.3089 | Val 0.2920 | Test 0.0397
EarlyStopping counter: 1 out of 5
  Ep 26: Train 0.3049 | Val 0.2951 | Test 0.0370
EarlyStopping counter: 2 out of 5
  Ep 27: Train 0.3078 | Val 0.2900 | Test 0.0299
EarlyStopping counter: 3 out of 5
  Ep 28: Train 0.3006 | Val 0.2728 | Test 0.0319
EarlyStopping counter: 4 out of 5
  Ep 29: Train 0.3017 | Val 0.2899 | Test 0.0319
EarlyStopping counter: 5 out of 5
Early stopping triggered!
/home/sangukchoi/Stroke_SDA/sda_training.py:615: FutureWarning: You are using `torch.load` with `weights_only=False` (the current default value), which uses the default pickle module implicitly. It is possible to construct malicious pickle data which will execute arbitrary code during unpickling (See https://github.com/pytorch/pytorch/blob/main/SECURITY.md#untrusted-models for more details). In a future release, the default value for `weights_only` will be flipped to `True`. This limits the functions that could be executed during unpickling. Arbitrary objects will no longer be allowed to be loaded via this mode unless they are explicitly allowlisted by the user via `torch.serialization.add_safe_globals`. We recommend you start setting `weights_only=True` for any use case where you don't have full control of the loaded file. Please open an issue on GitHub for any issues related to this experimental feature.
  model.load_state_dict(torch.load(os.path.join(out_dir, 'best_model.pth')))
Final Test MSE (Best Model): 0.0298
Finished. Status: Success
