Starting Run on GPU 0
Time: 2025-12-25 02:21:29

[Run Start] Subject S008 | Mode ['SDA'] | Params: L2.0_LS1.0_LR0.0001_E128_D64_Dr0.3

[Fold 1 - SDA] Train: ['S008_T004', 'S008_T006'], Test: S008_T001, Norm: fixed
/home/sangukchoi/.conda/envs/torch_gpu/lib/python3.10/site-packages/torch/nn/modules/rnn.py:123: UserWarning: dropout option adds dropout after all but last recurrent layer, so non-zero dropout expects num_layers greater than 1, but got dropout=0.3 and num_layers=1
  warnings.warn(
  Ep 1: Train 0.5986 | Val 0.3937 | Test 0.0365
Validation loss decreased (0.393694 --> 0.393694).  Saving model ...
  Ep 2: Train 0.3345 | Val 0.2811 | Test 0.0404
Validation loss decreased (0.281112 --> 0.281112).  Saving model ...
  Ep 3: Train 0.2846 | Val 0.2596 | Test 0.0356
Validation loss decreased (0.259621 --> 0.259621).  Saving model ...
  Ep 4: Train 0.2751 | Val 0.2315 | Test 0.0326
Validation loss decreased (0.231540 --> 0.231540).  Saving model ...
  Ep 5: Train 0.2656 | Val 0.2402 | Test 0.0431
EarlyStopping counter: 1 out of 5
  Ep 6: Train 0.2640 | Val 0.2138 | Test 0.0422
Validation loss decreased (0.213840 --> 0.213840).  Saving model ...
  Ep 7: Train 0.2586 | Val 0.2307 | Test 0.0354
EarlyStopping counter: 1 out of 5
  Ep 8: Train 0.2534 | Val 0.2195 | Test 0.0431
EarlyStopping counter: 2 out of 5
  Ep 9: Train 0.2489 | Val 0.2504 | Test 0.0432
EarlyStopping counter: 3 out of 5
  Ep 10: Train 0.2477 | Val 0.2182 | Test 0.0458
EarlyStopping counter: 4 out of 5
  Ep 11: Train 0.2468 | Val 0.2499 | Test 0.0392
EarlyStopping counter: 5 out of 5
Early stopping triggered!
/home/sangukchoi/Stroke_SDA/sda_training.py:615: FutureWarning: You are using `torch.load` with `weights_only=False` (the current default value), which uses the default pickle module implicitly. It is possible to construct malicious pickle data which will execute arbitrary code during unpickling (See https://github.com/pytorch/pytorch/blob/main/SECURITY.md#untrusted-models for more details). In a future release, the default value for `weights_only` will be flipped to `True`. This limits the functions that could be executed during unpickling. Arbitrary objects will no longer be allowed to be loaded via this mode unless they are explicitly allowlisted by the user via `torch.serialization.add_safe_globals`. We recommend you start setting `weights_only=True` for any use case where you don't have full control of the loaded file. Please open an issue on GitHub for any issues related to this experimental feature.
  model.load_state_dict(torch.load(os.path.join(out_dir, 'best_model.pth')))
Final Test MSE (Best Model): 0.0422
Finished. Status: Success
