Starting Run on GPU 0
Time: 2025-12-25 01:33:08

[Run Start] Subject S008 | Mode ['SDA'] | Params: L1.0_LS0.7_LR0.0001_E256_D32_Dr0.3

[Fold 1 - SDA] Train: ['S008_T004', 'S008_T006'], Test: S008_T001, Norm: fixed
/home/sangukchoi/.conda/envs/torch_gpu/lib/python3.10/site-packages/torch/nn/modules/rnn.py:123: UserWarning: dropout option adds dropout after all but last recurrent layer, so non-zero dropout expects num_layers greater than 1, but got dropout=0.3 and num_layers=1
  warnings.warn(
  Ep 1: Train 0.2934 | Val 0.1707 | Test 0.0268
Validation loss decreased (0.170739 --> 0.170739).  Saving model ...
  Ep 2: Train 0.1610 | Val 0.1754 | Test 0.0433
EarlyStopping counter: 1 out of 5
  Ep 3: Train 0.1457 | Val 0.1371 | Test 0.0387
Validation loss decreased (0.137081 --> 0.137081).  Saving model ...
  Ep 4: Train 0.1385 | Val 0.1302 | Test 0.0241
Validation loss decreased (0.130212 --> 0.130212).  Saving model ...
  Ep 5: Train 0.1371 | Val 0.1370 | Test 0.0360
EarlyStopping counter: 1 out of 5
  Ep 6: Train 0.1328 | Val 0.1267 | Test 0.0399
Validation loss decreased (0.126710 --> 0.126710).  Saving model ...
  Ep 7: Train 0.1276 | Val 0.1206 | Test 0.0301
Validation loss decreased (0.120555 --> 0.120555).  Saving model ...
  Ep 8: Train 0.1266 | Val 0.1197 | Test 0.0259
Validation loss decreased (0.119739 --> 0.119739).  Saving model ...
  Ep 9: Train 0.1197 | Val 0.1184 | Test 0.0321
Validation loss decreased (0.118449 --> 0.118449).  Saving model ...
  Ep 10: Train 0.1209 | Val 0.1261 | Test 0.0257
EarlyStopping counter: 1 out of 5
  Ep 11: Train 0.1165 | Val 0.1132 | Test 0.0314
Validation loss decreased (0.113231 --> 0.113231).  Saving model ...
  Ep 12: Train 0.1168 | Val 0.1295 | Test 0.0194
EarlyStopping counter: 1 out of 5
  Ep 13: Train 0.1141 | Val 0.1193 | Test 0.0215
EarlyStopping counter: 2 out of 5
  Ep 14: Train 0.1132 | Val 0.1166 | Test 0.0227
EarlyStopping counter: 3 out of 5
  Ep 15: Train 0.1117 | Val 0.1204 | Test 0.0216
EarlyStopping counter: 4 out of 5
  Ep 16: Train 0.1122 | Val 0.1162 | Test 0.0201
EarlyStopping counter: 5 out of 5
Early stopping triggered!
/home/sangukchoi/Stroke_SDA/sda_training.py:615: FutureWarning: You are using `torch.load` with `weights_only=False` (the current default value), which uses the default pickle module implicitly. It is possible to construct malicious pickle data which will execute arbitrary code during unpickling (See https://github.com/pytorch/pytorch/blob/main/SECURITY.md#untrusted-models for more details). In a future release, the default value for `weights_only` will be flipped to `True`. This limits the functions that could be executed during unpickling. Arbitrary objects will no longer be allowed to be loaded via this mode unless they are explicitly allowlisted by the user via `torch.serialization.add_safe_globals`. We recommend you start setting `weights_only=True` for any use case where you don't have full control of the loaded file. Please open an issue on GitHub for any issues related to this experimental feature.
  model.load_state_dict(torch.load(os.path.join(out_dir, 'best_model.pth')))
Final Test MSE (Best Model): 0.0314
Finished. Status: Success
