Starting Run on GPU 2
Time: 2025-12-25 02:01:50

[Run Start] Subject S008 | Mode ['SDA'] | Params: L1.5_LS1.0_LR0.0001_E256_D32_Dr0.3

[Fold 1 - SDA] Train: ['S008_T004', 'S008_T006'], Test: S008_T001, Norm: fixed
/home/sangukchoi/.conda/envs/torch_gpu/lib/python3.10/site-packages/torch/nn/modules/rnn.py:123: UserWarning: dropout option adds dropout after all but last recurrent layer, so non-zero dropout expects num_layers greater than 1, but got dropout=0.3 and num_layers=1
  warnings.warn(
  Ep 1: Train 0.4232 | Val 0.2194 | Test 0.0410
Validation loss decreased (0.219354 --> 0.219354).  Saving model ...
  Ep 2: Train 0.2287 | Val 0.1926 | Test 0.0381
Validation loss decreased (0.192630 --> 0.192630).  Saving model ...
  Ep 3: Train 0.2119 | Val 0.2014 | Test 0.0199
EarlyStopping counter: 1 out of 5
  Ep 4: Train 0.2038 | Val 0.2220 | Test 0.0319
EarlyStopping counter: 2 out of 5
  Ep 5: Train 0.1966 | Val 0.2157 | Test 0.0305
EarlyStopping counter: 3 out of 5
  Ep 6: Train 0.1923 | Val 0.1963 | Test 0.0351
EarlyStopping counter: 4 out of 5
  Ep 7: Train 0.1874 | Val 0.1791 | Test 0.0341
Validation loss decreased (0.179095 --> 0.179095).  Saving model ...
  Ep 8: Train 0.1840 | Val 0.1774 | Test 0.0408
Validation loss decreased (0.177444 --> 0.177444).  Saving model ...
  Ep 9: Train 0.1830 | Val 0.1714 | Test 0.0326
Validation loss decreased (0.171379 --> 0.171379).  Saving model ...
  Ep 10: Train 0.1805 | Val 0.1892 | Test 0.0319
EarlyStopping counter: 1 out of 5
  Ep 11: Train 0.1747 | Val 0.1804 | Test 0.0354
EarlyStopping counter: 2 out of 5
  Ep 12: Train 0.1747 | Val 0.1720 | Test 0.0356
EarlyStopping counter: 3 out of 5
  Ep 13: Train 0.1716 | Val 0.1744 | Test 0.0264
EarlyStopping counter: 4 out of 5
  Ep 14: Train 0.1710 | Val 0.2009 | Test 0.0257
EarlyStopping counter: 5 out of 5
Early stopping triggered!
/home/sangukchoi/Stroke_SDA/sda_training.py:615: FutureWarning: You are using `torch.load` with `weights_only=False` (the current default value), which uses the default pickle module implicitly. It is possible to construct malicious pickle data which will execute arbitrary code during unpickling (See https://github.com/pytorch/pytorch/blob/main/SECURITY.md#untrusted-models for more details). In a future release, the default value for `weights_only` will be flipped to `True`. This limits the functions that could be executed during unpickling. Arbitrary objects will no longer be allowed to be loaded via this mode unless they are explicitly allowlisted by the user via `torch.serialization.add_safe_globals`. We recommend you start setting `weights_only=True` for any use case where you don't have full control of the loaded file. Please open an issue on GitHub for any issues related to this experimental feature.
  model.load_state_dict(torch.load(os.path.join(out_dir, 'best_model.pth')))
Final Test MSE (Best Model): 0.0326
Finished. Status: Success
