Starting Run on GPU 0
Time: 2025-12-25 01:53:39

[Run Start] Subject S008 | Mode ['SDA'] | Params: L1.5_LS0.7_LR0.0001_E256_D64_Dr0.3

[Fold 1 - SDA] Train: ['S008_T004', 'S008_T006'], Test: S008_T001, Norm: fixed
/home/sangukchoi/.conda/envs/torch_gpu/lib/python3.10/site-packages/torch/nn/modules/rnn.py:123: UserWarning: dropout option adds dropout after all but last recurrent layer, so non-zero dropout expects num_layers greater than 1, but got dropout=0.3 and num_layers=1
  warnings.warn(
  Ep 1: Train 0.3800 | Val 0.1997 | Test 0.0412
Validation loss decreased (0.199674 --> 0.199674).  Saving model ...
  Ep 2: Train 0.2170 | Val 0.2039 | Test 0.0328
EarlyStopping counter: 1 out of 5
  Ep 3: Train 0.1976 | Val 0.1856 | Test 0.0310
Validation loss decreased (0.185601 --> 0.185601).  Saving model ...
  Ep 4: Train 0.1916 | Val 0.1713 | Test 0.0277
Validation loss decreased (0.171267 --> 0.171267).  Saving model ...
  Ep 5: Train 0.1864 | Val 0.1686 | Test 0.0365
Validation loss decreased (0.168555 --> 0.168555).  Saving model ...
  Ep 6: Train 0.1845 | Val 0.1816 | Test 0.0361
EarlyStopping counter: 1 out of 5
  Ep 7: Train 0.1790 | Val 0.1787 | Test 0.0271
EarlyStopping counter: 2 out of 5
  Ep 8: Train 0.1752 | Val 0.1754 | Test 0.0304
EarlyStopping counter: 3 out of 5
  Ep 9: Train 0.1726 | Val 0.1791 | Test 0.0366
EarlyStopping counter: 4 out of 5
  Ep 10: Train 0.1668 | Val 0.1801 | Test 0.0285
EarlyStopping counter: 5 out of 5
Early stopping triggered!
/home/sangukchoi/Stroke_SDA/sda_training.py:615: FutureWarning: You are using `torch.load` with `weights_only=False` (the current default value), which uses the default pickle module implicitly. It is possible to construct malicious pickle data which will execute arbitrary code during unpickling (See https://github.com/pytorch/pytorch/blob/main/SECURITY.md#untrusted-models for more details). In a future release, the default value for `weights_only` will be flipped to `True`. This limits the functions that could be executed during unpickling. Arbitrary objects will no longer be allowed to be loaded via this mode unless they are explicitly allowlisted by the user via `torch.serialization.add_safe_globals`. We recommend you start setting `weights_only=True` for any use case where you don't have full control of the loaded file. Please open an issue on GitHub for any issues related to this experimental feature.
  model.load_state_dict(torch.load(os.path.join(out_dir, 'best_model.pth')))
Final Test MSE (Best Model): 0.0365
Finished. Status: Success
