Starting Run on GPU 1
Time: 2025-12-25 03:06:25

[Run Start] Subject S008 | Mode ['SDA'] | Params: L3.0_LS0.3_LR0.0001_E128_D32_Dr0.3

[Fold 1 - SDA] Train: ['S008_T004', 'S008_T006'], Test: S008_T001, Norm: fixed
/home/sangukchoi/.conda/envs/torch_gpu/lib/python3.10/site-packages/torch/nn/modules/rnn.py:123: UserWarning: dropout option adds dropout after all but last recurrent layer, so non-zero dropout expects num_layers greater than 1, but got dropout=0.3 and num_layers=1
  warnings.warn(
  Ep 1: Train 0.6900 | Val 0.6177 | Test 0.0605
Validation loss decreased (0.617654 --> 0.617654).  Saving model ...
  Ep 2: Train 0.4584 | Val 0.4359 | Test 0.0544
Validation loss decreased (0.435913 --> 0.435913).  Saving model ...
  Ep 3: Train 0.4123 | Val 0.3856 | Test 0.0510
Validation loss decreased (0.385620 --> 0.385620).  Saving model ...
  Ep 4: Train 0.3792 | Val 0.3757 | Test 0.0448
Validation loss decreased (0.375701 --> 0.375701).  Saving model ...
  Ep 5: Train 0.3678 | Val 0.3754 | Test 0.0361
EarlyStopping counter: 1 out of 5
  Ep 6: Train 0.3514 | Val 0.3216 | Test 0.0358
Validation loss decreased (0.321619 --> 0.321619).  Saving model ...
  Ep 7: Train 0.3418 | Val 0.2953 | Test 0.0437
Validation loss decreased (0.295346 --> 0.295346).  Saving model ...
  Ep 8: Train 0.3361 | Val 0.3264 | Test 0.0347
EarlyStopping counter: 1 out of 5
  Ep 9: Train 0.3300 | Val 0.2766 | Test 0.0388
Validation loss decreased (0.276610 --> 0.276610).  Saving model ...
  Ep 10: Train 0.3327 | Val 0.2751 | Test 0.0339
Validation loss decreased (0.275101 --> 0.275101).  Saving model ...
  Ep 11: Train 0.3188 | Val 0.2685 | Test 0.0371
Validation loss decreased (0.268521 --> 0.268521).  Saving model ...
  Ep 12: Train 0.3183 | Val 0.2531 | Test 0.0376
Validation loss decreased (0.253072 --> 0.253072).  Saving model ...
  Ep 13: Train 0.3125 | Val 0.2713 | Test 0.0394
EarlyStopping counter: 1 out of 5
  Ep 14: Train 0.3079 | Val 0.2648 | Test 0.0302
EarlyStopping counter: 2 out of 5
  Ep 15: Train 0.3068 | Val 0.2480 | Test 0.0482
Validation loss decreased (0.248019 --> 0.248019).  Saving model ...
  Ep 16: Train 0.3015 | Val 0.2217 | Test 0.0466
Validation loss decreased (0.221651 --> 0.221651).  Saving model ...
  Ep 17: Train 0.3008 | Val 0.2531 | Test 0.0436
EarlyStopping counter: 1 out of 5
  Ep 18: Train 0.2926 | Val 0.2495 | Test 0.0419
EarlyStopping counter: 2 out of 5
  Ep 19: Train 0.2927 | Val 0.2427 | Test 0.0445
EarlyStopping counter: 3 out of 5
  Ep 20: Train 0.2963 | Val 0.3029 | Test 0.0372
EarlyStopping counter: 4 out of 5
  Ep 21: Train 0.2888 | Val 0.2397 | Test 0.0373
EarlyStopping counter: 5 out of 5
Early stopping triggered!
/home/sangukchoi/Stroke_SDA/sda_training.py:615: FutureWarning: You are using `torch.load` with `weights_only=False` (the current default value), which uses the default pickle module implicitly. It is possible to construct malicious pickle data which will execute arbitrary code during unpickling (See https://github.com/pytorch/pytorch/blob/main/SECURITY.md#untrusted-models for more details). In a future release, the default value for `weights_only` will be flipped to `True`. This limits the functions that could be executed during unpickling. Arbitrary objects will no longer be allowed to be loaded via this mode unless they are explicitly allowlisted by the user via `torch.serialization.add_safe_globals`. We recommend you start setting `weights_only=True` for any use case where you don't have full control of the loaded file. Please open an issue on GitHub for any issues related to this experimental feature.
  model.load_state_dict(torch.load(os.path.join(out_dir, 'best_model.pth')))
Final Test MSE (Best Model): 0.0466
Finished. Status: Success
