Starting Run on GPU 1
Time: 2025-12-25 01:43:36

[Run Start] Subject S008 | Mode ['SDA'] | Params: L1.0_LS1.0_LR0.0001_E256_D32_Dr0.3

[Fold 1 - SDA] Train: ['S008_T004', 'S008_T006'], Test: S008_T001, Norm: fixed
/home/sangukchoi/.conda/envs/torch_gpu/lib/python3.10/site-packages/torch/nn/modules/rnn.py:123: UserWarning: dropout option adds dropout after all but last recurrent layer, so non-zero dropout expects num_layers greater than 1, but got dropout=0.3 and num_layers=1
  warnings.warn(
  Ep 1: Train 0.3260 | Val 0.1631 | Test 0.0475
Validation loss decreased (0.163090 --> 0.163090).  Saving model ...
  Ep 2: Train 0.1665 | Val 0.1411 | Test 0.0374
Validation loss decreased (0.141122 --> 0.141122).  Saving model ...
  Ep 3: Train 0.1553 | Val 0.1345 | Test 0.0326
Validation loss decreased (0.134472 --> 0.134472).  Saving model ...
  Ep 4: Train 0.1482 | Val 0.1580 | Test 0.0277
EarlyStopping counter: 1 out of 5
  Ep 5: Train 0.1419 | Val 0.1452 | Test 0.0373
EarlyStopping counter: 2 out of 5
  Ep 6: Train 0.1388 | Val 0.1223 | Test 0.0260
Validation loss decreased (0.122282 --> 0.122282).  Saving model ...
  Ep 7: Train 0.1338 | Val 0.1126 | Test 0.0354
Validation loss decreased (0.112614 --> 0.112614).  Saving model ...
  Ep 8: Train 0.1292 | Val 0.1251 | Test 0.0377
EarlyStopping counter: 1 out of 5
  Ep 9: Train 0.1314 | Val 0.1097 | Test 0.0303
Validation loss decreased (0.109655 --> 0.109655).  Saving model ...
  Ep 10: Train 0.1270 | Val 0.1167 | Test 0.0274
EarlyStopping counter: 1 out of 5
  Ep 11: Train 0.1254 | Val 0.1230 | Test 0.0263
EarlyStopping counter: 2 out of 5
  Ep 12: Train 0.1232 | Val 0.1288 | Test 0.0420
EarlyStopping counter: 3 out of 5
  Ep 13: Train 0.1236 | Val 0.1317 | Test 0.0202
EarlyStopping counter: 4 out of 5
  Ep 14: Train 0.1197 | Val 0.1246 | Test 0.0194
EarlyStopping counter: 5 out of 5
Early stopping triggered!
/home/sangukchoi/Stroke_SDA/sda_training.py:615: FutureWarning: You are using `torch.load` with `weights_only=False` (the current default value), which uses the default pickle module implicitly. It is possible to construct malicious pickle data which will execute arbitrary code during unpickling (See https://github.com/pytorch/pytorch/blob/main/SECURITY.md#untrusted-models for more details). In a future release, the default value for `weights_only` will be flipped to `True`. This limits the functions that could be executed during unpickling. Arbitrary objects will no longer be allowed to be loaded via this mode unless they are explicitly allowlisted by the user via `torch.serialization.add_safe_globals`. We recommend you start setting `weights_only=True` for any use case where you don't have full control of the loaded file. Please open an issue on GitHub for any issues related to this experimental feature.
  model.load_state_dict(torch.load(os.path.join(out_dir, 'best_model.pth')))
Final Test MSE (Best Model): 0.0303
Finished. Status: Success
