Starting Run on GPU 2
Time: 2025-12-25 03:45:27

[Run Start] Subject S008 | Mode ['SDA'] | Params: L3.0_LS1.0_LR0.0001_E128_D128_Dr0.3

[Fold 1 - SDA] Train: ['S008_T004', 'S008_T006'], Test: S008_T001, Norm: fixed
/home/sangukchoi/.conda/envs/torch_gpu/lib/python3.10/site-packages/torch/nn/modules/rnn.py:123: UserWarning: dropout option adds dropout after all but last recurrent layer, so non-zero dropout expects num_layers greater than 1, but got dropout=0.3 and num_layers=1
  warnings.warn(
  Ep 1: Train 0.7541 | Val 0.5221 | Test 0.0358
Validation loss decreased (0.522119 --> 0.522119).  Saving model ...
  Ep 2: Train 0.4772 | Val 0.4120 | Test 0.0523
Validation loss decreased (0.412022 --> 0.412022).  Saving model ...
  Ep 3: Train 0.4295 | Val 0.3924 | Test 0.0304
Validation loss decreased (0.392370 --> 0.392370).  Saving model ...
  Ep 4: Train 0.4145 | Val 0.4027 | Test 0.0521
EarlyStopping counter: 1 out of 5
  Ep 5: Train 0.4005 | Val 0.3787 | Test 0.0473
Validation loss decreased (0.378704 --> 0.378704).  Saving model ...
  Ep 6: Train 0.3905 | Val 0.3900 | Test 0.0411
EarlyStopping counter: 1 out of 5
  Ep 7: Train 0.3846 | Val 0.4373 | Test 0.0456
EarlyStopping counter: 2 out of 5
  Ep 8: Train 0.3826 | Val 0.3954 | Test 0.0283
EarlyStopping counter: 3 out of 5
  Ep 9: Train 0.3766 | Val 0.4612 | Test 0.0412
EarlyStopping counter: 4 out of 5
  Ep 10: Train 0.3653 | Val 0.4145 | Test 0.0540
EarlyStopping counter: 5 out of 5
Early stopping triggered!
/home/sangukchoi/Stroke_SDA/sda_training.py:615: FutureWarning: You are using `torch.load` with `weights_only=False` (the current default value), which uses the default pickle module implicitly. It is possible to construct malicious pickle data which will execute arbitrary code during unpickling (See https://github.com/pytorch/pytorch/blob/main/SECURITY.md#untrusted-models for more details). In a future release, the default value for `weights_only` will be flipped to `True`. This limits the functions that could be executed during unpickling. Arbitrary objects will no longer be allowed to be loaded via this mode unless they are explicitly allowlisted by the user via `torch.serialization.add_safe_globals`. We recommend you start setting `weights_only=True` for any use case where you don't have full control of the loaded file. Please open an issue on GitHub for any issues related to this experimental feature.
  model.load_state_dict(torch.load(os.path.join(out_dir, 'best_model.pth')))
Final Test MSE (Best Model): 0.0473
Finished. Status: Success
