Starting Run on GPU 1
Time: 2025-12-25 01:54:48

[Run Start] Subject S008 | Mode ['SDA'] | Params: L1.5_LS0.7_LR0.0001_E256_D128_Dr0.3

[Fold 1 - SDA] Train: ['S008_T004', 'S008_T006'], Test: S008_T001, Norm: fixed
/home/sangukchoi/.conda/envs/torch_gpu/lib/python3.10/site-packages/torch/nn/modules/rnn.py:123: UserWarning: dropout option adds dropout after all but last recurrent layer, so non-zero dropout expects num_layers greater than 1, but got dropout=0.3 and num_layers=1
  warnings.warn(
  Ep 1: Train 0.3695 | Val 0.2139 | Test 0.0496
Validation loss decreased (0.213907 --> 0.213907).  Saving model ...
  Ep 2: Train 0.2126 | Val 0.1728 | Test 0.0386
Validation loss decreased (0.172800 --> 0.172800).  Saving model ...
  Ep 3: Train 0.2019 | Val 0.1585 | Test 0.0342
Validation loss decreased (0.158539 --> 0.158539).  Saving model ...
  Ep 4: Train 0.1940 | Val 0.1545 | Test 0.0347
Validation loss decreased (0.154520 --> 0.154520).  Saving model ...
  Ep 5: Train 0.1921 | Val 0.1716 | Test 0.0329
EarlyStopping counter: 1 out of 5
  Ep 6: Train 0.1901 | Val 0.1733 | Test 0.0462
EarlyStopping counter: 2 out of 5
  Ep 7: Train 0.1884 | Val 0.2184 | Test 0.0436
EarlyStopping counter: 3 out of 5
  Ep 8: Train 0.1797 | Val 0.1591 | Test 0.0371
EarlyStopping counter: 4 out of 5
  Ep 9: Train 0.1793 | Val 0.1823 | Test 0.0310
EarlyStopping counter: 5 out of 5
Early stopping triggered!
/home/sangukchoi/Stroke_SDA/sda_training.py:615: FutureWarning: You are using `torch.load` with `weights_only=False` (the current default value), which uses the default pickle module implicitly. It is possible to construct malicious pickle data which will execute arbitrary code during unpickling (See https://github.com/pytorch/pytorch/blob/main/SECURITY.md#untrusted-models for more details). In a future release, the default value for `weights_only` will be flipped to `True`. This limits the functions that could be executed during unpickling. Arbitrary objects will no longer be allowed to be loaded via this mode unless they are explicitly allowlisted by the user via `torch.serialization.add_safe_globals`. We recommend you start setting `weights_only=True` for any use case where you don't have full control of the loaded file. Please open an issue on GitHub for any issues related to this experimental feature.
  model.load_state_dict(torch.load(os.path.join(out_dir, 'best_model.pth')))
Final Test MSE (Best Model): 0.0347
Finished. Status: Success
