Starting Run on GPU 0
Time: 2025-12-25 01:41:27

[Run Start] Subject S008 | Mode ['SDA'] | Params: L1.0_LS1.0_LR0.0001_E128_D128_Dr0.3

[Fold 1 - SDA] Train: ['S008_T004', 'S008_T006'], Test: S008_T001, Norm: fixed
/home/sangukchoi/.conda/envs/torch_gpu/lib/python3.10/site-packages/torch/nn/modules/rnn.py:123: UserWarning: dropout option adds dropout after all but last recurrent layer, so non-zero dropout expects num_layers greater than 1, but got dropout=0.3 and num_layers=1
  warnings.warn(
  Ep 1: Train 0.3980 | Val 0.1956 | Test 0.0307
Validation loss decreased (0.195622 --> 0.195622).  Saving model ...
  Ep 2: Train 0.1864 | Val 0.1679 | Test 0.0275
Validation loss decreased (0.167943 --> 0.167943).  Saving model ...
  Ep 3: Train 0.1679 | Val 0.1478 | Test 0.0352
Validation loss decreased (0.147847 --> 0.147847).  Saving model ...
  Ep 4: Train 0.1607 | Val 0.1477 | Test 0.0417
EarlyStopping counter: 1 out of 5
  Ep 5: Train 0.1561 | Val 0.1566 | Test 0.0362
EarlyStopping counter: 2 out of 5
  Ep 6: Train 0.1544 | Val 0.1434 | Test 0.0297
Validation loss decreased (0.143388 --> 0.143388).  Saving model ...
  Ep 7: Train 0.1535 | Val 0.1440 | Test 0.0381
EarlyStopping counter: 1 out of 5
  Ep 8: Train 0.1538 | Val 0.1500 | Test 0.0401
EarlyStopping counter: 2 out of 5
  Ep 9: Train 0.1508 | Val 0.1387 | Test 0.0316
Validation loss decreased (0.138658 --> 0.138658).  Saving model ...
  Ep 10: Train 0.1484 | Val 0.1419 | Test 0.0399
EarlyStopping counter: 1 out of 5
  Ep 11: Train 0.1471 | Val 0.1349 | Test 0.0426
Validation loss decreased (0.134875 --> 0.134875).  Saving model ...
  Ep 12: Train 0.1437 | Val 0.1346 | Test 0.0350
EarlyStopping counter: 1 out of 5
  Ep 13: Train 0.1424 | Val 0.1333 | Test 0.0285
Validation loss decreased (0.133322 --> 0.133322).  Saving model ...
  Ep 14: Train 0.1412 | Val 0.1379 | Test 0.0393
EarlyStopping counter: 1 out of 5
  Ep 15: Train 0.1377 | Val 0.1328 | Test 0.0329
Validation loss decreased (0.132818 --> 0.132818).  Saving model ...
  Ep 16: Train 0.1369 | Val 0.1408 | Test 0.0285
EarlyStopping counter: 1 out of 5
  Ep 17: Train 0.1369 | Val 0.1351 | Test 0.0357
EarlyStopping counter: 2 out of 5
  Ep 18: Train 0.1343 | Val 0.1541 | Test 0.0344
EarlyStopping counter: 3 out of 5
  Ep 19: Train 0.1337 | Val 0.1379 | Test 0.0292
EarlyStopping counter: 4 out of 5
  Ep 20: Train 0.1321 | Val 0.1474 | Test 0.0252
EarlyStopping counter: 5 out of 5
Early stopping triggered!
/home/sangukchoi/Stroke_SDA/sda_training.py:615: FutureWarning: You are using `torch.load` with `weights_only=False` (the current default value), which uses the default pickle module implicitly. It is possible to construct malicious pickle data which will execute arbitrary code during unpickling (See https://github.com/pytorch/pytorch/blob/main/SECURITY.md#untrusted-models for more details). In a future release, the default value for `weights_only` will be flipped to `True`. This limits the functions that could be executed during unpickling. Arbitrary objects will no longer be allowed to be loaded via this mode unless they are explicitly allowlisted by the user via `torch.serialization.add_safe_globals`. We recommend you start setting `weights_only=True` for any use case where you don't have full control of the loaded file. Please open an issue on GitHub for any issues related to this experimental feature.
  model.load_state_dict(torch.load(os.path.join(out_dir, 'best_model.pth')))
Final Test MSE (Best Model): 0.0329
Finished. Status: Success
