Starting Run on GPU 1
Time: 2025-12-25 03:16:40

[Run Start] Subject S008 | Mode ['SDA'] | Params: L3.0_LS0.5_LR0.0001_E64_D32_Dr0.3

[Fold 1 - SDA] Train: ['S008_T004', 'S008_T006'], Test: S008_T001, Norm: fixed
/home/sangukchoi/.conda/envs/torch_gpu/lib/python3.10/site-packages/torch/nn/modules/rnn.py:123: UserWarning: dropout option adds dropout after all but last recurrent layer, so non-zero dropout expects num_layers greater than 1, but got dropout=0.3 and num_layers=1
  warnings.warn(
  Ep 1: Train 0.8981 | Val 0.8597 | Test 0.0905
Validation loss decreased (0.859739 --> 0.859739).  Saving model ...
  Ep 2: Train 0.5548 | Val 0.6241 | Test 0.0537
Validation loss decreased (0.624111 --> 0.624111).  Saving model ...
  Ep 3: Train 0.4786 | Val 0.5110 | Test 0.0415
Validation loss decreased (0.510968 --> 0.510968).  Saving model ...
  Ep 4: Train 0.4332 | Val 0.4453 | Test 0.0381
Validation loss decreased (0.445316 --> 0.445316).  Saving model ...
  Ep 5: Train 0.4164 | Val 0.3940 | Test 0.0393
Validation loss decreased (0.393957 --> 0.393957).  Saving model ...
  Ep 6: Train 0.3918 | Val 0.3676 | Test 0.0363
Validation loss decreased (0.367583 --> 0.367583).  Saving model ...
  Ep 7: Train 0.3756 | Val 0.3627 | Test 0.0332
Validation loss decreased (0.362686 --> 0.362686).  Saving model ...
  Ep 8: Train 0.3660 | Val 0.3625 | Test 0.0372
EarlyStopping counter: 1 out of 5
  Ep 9: Train 0.3602 | Val 0.3312 | Test 0.0384
Validation loss decreased (0.331236 --> 0.331236).  Saving model ...
  Ep 10: Train 0.3486 | Val 0.3683 | Test 0.0388
EarlyStopping counter: 1 out of 5
  Ep 11: Train 0.3429 | Val 0.3399 | Test 0.0365
EarlyStopping counter: 2 out of 5
  Ep 12: Train 0.3326 | Val 0.3368 | Test 0.0340
EarlyStopping counter: 3 out of 5
  Ep 13: Train 0.3287 | Val 0.3137 | Test 0.0372
Validation loss decreased (0.313681 --> 0.313681).  Saving model ...
  Ep 14: Train 0.3189 | Val 0.3722 | Test 0.0360
EarlyStopping counter: 1 out of 5
  Ep 15: Train 0.3174 | Val 0.3602 | Test 0.0338
EarlyStopping counter: 2 out of 5
  Ep 16: Train 0.3097 | Val 0.3459 | Test 0.0389
EarlyStopping counter: 3 out of 5
  Ep 17: Train 0.3124 | Val 0.3332 | Test 0.0333
EarlyStopping counter: 4 out of 5
  Ep 18: Train 0.3080 | Val 0.3499 | Test 0.0377
EarlyStopping counter: 5 out of 5
Early stopping triggered!
/home/sangukchoi/Stroke_SDA/sda_training.py:615: FutureWarning: You are using `torch.load` with `weights_only=False` (the current default value), which uses the default pickle module implicitly. It is possible to construct malicious pickle data which will execute arbitrary code during unpickling (See https://github.com/pytorch/pytorch/blob/main/SECURITY.md#untrusted-models for more details). In a future release, the default value for `weights_only` will be flipped to `True`. This limits the functions that could be executed during unpickling. Arbitrary objects will no longer be allowed to be loaded via this mode unless they are explicitly allowlisted by the user via `torch.serialization.add_safe_globals`. We recommend you start setting `weights_only=True` for any use case where you don't have full control of the loaded file. Please open an issue on GitHub for any issues related to this experimental feature.
  model.load_state_dict(torch.load(os.path.join(out_dir, 'best_model.pth')))
Final Test MSE (Best Model): 0.0372
Finished. Status: Success
