Starting Run on GPU 2
Time: 2025-12-25 01:48:28

[Run Start] Subject S008 | Mode ['SDA'] | Params: L1.5_LS0.7_LR0.0001_E64_D128_Dr0.3

[Fold 1 - SDA] Train: ['S008_T004', 'S008_T006'], Test: S008_T001, Norm: fixed
/home/sangukchoi/.conda/envs/torch_gpu/lib/python3.10/site-packages/torch/nn/modules/rnn.py:123: UserWarning: dropout option adds dropout after all but last recurrent layer, so non-zero dropout expects num_layers greater than 1, but got dropout=0.3 and num_layers=1
  warnings.warn(
  Ep 1: Train 0.5430 | Val 0.4102 | Test 0.0415
Validation loss decreased (0.410157 --> 0.410157).  Saving model ...
  Ep 2: Train 0.3302 | Val 0.3140 | Test 0.0364
Validation loss decreased (0.313974 --> 0.313974).  Saving model ...
  Ep 3: Train 0.2615 | Val 0.2172 | Test 0.0392
Validation loss decreased (0.217237 --> 0.217237).  Saving model ...
  Ep 4: Train 0.2265 | Val 0.1803 | Test 0.0397
Validation loss decreased (0.180283 --> 0.180283).  Saving model ...
  Ep 5: Train 0.2163 | Val 0.1800 | Test 0.0318
EarlyStopping counter: 1 out of 5
  Ep 6: Train 0.2079 | Val 0.1743 | Test 0.0304
Validation loss decreased (0.174350 --> 0.174350).  Saving model ...
  Ep 7: Train 0.2067 | Val 0.1763 | Test 0.0301
EarlyStopping counter: 1 out of 5
  Ep 8: Train 0.1998 | Val 0.1764 | Test 0.0280
EarlyStopping counter: 2 out of 5
  Ep 9: Train 0.1974 | Val 0.1720 | Test 0.0288
Validation loss decreased (0.172039 --> 0.172039).  Saving model ...
  Ep 10: Train 0.1998 | Val 0.1811 | Test 0.0287
EarlyStopping counter: 1 out of 5
  Ep 11: Train 0.1931 | Val 0.1815 | Test 0.0340
EarlyStopping counter: 2 out of 5
  Ep 12: Train 0.1894 | Val 0.1902 | Test 0.0334
EarlyStopping counter: 3 out of 5
  Ep 13: Train 0.1921 | Val 0.1720 | Test 0.0313
EarlyStopping counter: 4 out of 5
  Ep 14: Train 0.1893 | Val 0.1804 | Test 0.0333
EarlyStopping counter: 5 out of 5
Early stopping triggered!
/home/sangukchoi/Stroke_SDA/sda_training.py:615: FutureWarning: You are using `torch.load` with `weights_only=False` (the current default value), which uses the default pickle module implicitly. It is possible to construct malicious pickle data which will execute arbitrary code during unpickling (See https://github.com/pytorch/pytorch/blob/main/SECURITY.md#untrusted-models for more details). In a future release, the default value for `weights_only` will be flipped to `True`. This limits the functions that could be executed during unpickling. Arbitrary objects will no longer be allowed to be loaded via this mode unless they are explicitly allowlisted by the user via `torch.serialization.add_safe_globals`. We recommend you start setting `weights_only=True` for any use case where you don't have full control of the loaded file. Please open an issue on GitHub for any issues related to this experimental feature.
  model.load_state_dict(torch.load(os.path.join(out_dir, 'best_model.pth')))
Final Test MSE (Best Model): 0.0288
Finished. Status: Success
