Starting Run on GPU 2
Time: 2025-12-25 03:29:52

[Run Start] Subject S008 | Mode ['SDA'] | Params: L3.0_LS0.7_LR0.0001_E64_D128_Dr0.3

[Fold 1 - SDA] Train: ['S008_T004', 'S008_T006'], Test: S008_T001, Norm: fixed
/home/sangukchoi/.conda/envs/torch_gpu/lib/python3.10/site-packages/torch/nn/modules/rnn.py:123: UserWarning: dropout option adds dropout after all but last recurrent layer, so non-zero dropout expects num_layers greater than 1, but got dropout=0.3 and num_layers=1
  warnings.warn(
  Ep 1: Train 0.8312 | Val 0.7230 | Test 0.0564
Validation loss decreased (0.722965 --> 0.722965).  Saving model ...
  Ep 2: Train 0.5510 | Val 0.5229 | Test 0.0534
Validation loss decreased (0.522879 --> 0.522879).  Saving model ...
  Ep 3: Train 0.4909 | Val 0.4973 | Test 0.0405
Validation loss decreased (0.497326 --> 0.497326).  Saving model ...
  Ep 4: Train 0.4506 | Val 0.4467 | Test 0.0453
Validation loss decreased (0.446722 --> 0.446722).  Saving model ...
  Ep 5: Train 0.4354 | Val 0.4514 | Test 0.0505
EarlyStopping counter: 1 out of 5
  Ep 6: Train 0.4118 | Val 0.4369 | Test 0.0456
Validation loss decreased (0.436878 --> 0.436878).  Saving model ...
  Ep 7: Train 0.4012 | Val 0.4387 | Test 0.0394
EarlyStopping counter: 1 out of 5
  Ep 8: Train 0.3855 | Val 0.3993 | Test 0.0315
Validation loss decreased (0.399319 --> 0.399319).  Saving model ...
  Ep 9: Train 0.3760 | Val 0.4118 | Test 0.0386
EarlyStopping counter: 1 out of 5
  Ep 10: Train 0.3671 | Val 0.3911 | Test 0.0380
Validation loss decreased (0.391082 --> 0.391082).  Saving model ...
  Ep 11: Train 0.3652 | Val 0.3839 | Test 0.0375
Validation loss decreased (0.383944 --> 0.383944).  Saving model ...
  Ep 12: Train 0.3608 | Val 0.3896 | Test 0.0478
EarlyStopping counter: 1 out of 5
  Ep 13: Train 0.3558 | Val 0.3446 | Test 0.0344
Validation loss decreased (0.344627 --> 0.344627).  Saving model ...
  Ep 14: Train 0.3531 | Val 0.3347 | Test 0.0412
Validation loss decreased (0.334672 --> 0.334672).  Saving model ...
  Ep 15: Train 0.3418 | Val 0.3328 | Test 0.0390
Validation loss decreased (0.332789 --> 0.332789).  Saving model ...
  Ep 16: Train 0.3413 | Val 0.3191 | Test 0.0473
Validation loss decreased (0.319143 --> 0.319143).  Saving model ...
  Ep 17: Train 0.3361 | Val 0.3036 | Test 0.0415
Validation loss decreased (0.303583 --> 0.303583).  Saving model ...
  Ep 18: Train 0.3299 | Val 0.3515 | Test 0.0420
EarlyStopping counter: 1 out of 5
  Ep 19: Train 0.3295 | Val 0.3242 | Test 0.0456
EarlyStopping counter: 2 out of 5
  Ep 20: Train 0.3308 | Val 0.3407 | Test 0.0353
EarlyStopping counter: 3 out of 5
  Ep 21: Train 0.3208 | Val 0.2863 | Test 0.0427
Validation loss decreased (0.286296 --> 0.286296).  Saving model ...
  Ep 22: Train 0.3207 | Val 0.3540 | Test 0.0427
EarlyStopping counter: 1 out of 5
  Ep 23: Train 0.3110 | Val 0.4442 | Test 0.0393
EarlyStopping counter: 2 out of 5
  Ep 24: Train 0.3078 | Val 0.3205 | Test 0.0426
EarlyStopping counter: 3 out of 5
  Ep 25: Train 0.3066 | Val 0.2830 | Test 0.0335
Validation loss decreased (0.283012 --> 0.283012).  Saving model ...
  Ep 26: Train 0.3077 | Val 0.3133 | Test 0.0316
EarlyStopping counter: 1 out of 5
  Ep 27: Train 0.3063 | Val 0.4041 | Test 0.0379
EarlyStopping counter: 2 out of 5
  Ep 28: Train 0.2901 | Val 0.3017 | Test 0.0420
EarlyStopping counter: 3 out of 5
  Ep 29: Train 0.2903 | Val 0.3732 | Test 0.0373
EarlyStopping counter: 4 out of 5
  Ep 30: Train 0.2849 | Val 0.2961 | Test 0.0428
EarlyStopping counter: 5 out of 5
Early stopping triggered!
/home/sangukchoi/Stroke_SDA/sda_training.py:615: FutureWarning: You are using `torch.load` with `weights_only=False` (the current default value), which uses the default pickle module implicitly. It is possible to construct malicious pickle data which will execute arbitrary code during unpickling (See https://github.com/pytorch/pytorch/blob/main/SECURITY.md#untrusted-models for more details). In a future release, the default value for `weights_only` will be flipped to `True`. This limits the functions that could be executed during unpickling. Arbitrary objects will no longer be allowed to be loaded via this mode unless they are explicitly allowlisted by the user via `torch.serialization.add_safe_globals`. We recommend you start setting `weights_only=True` for any use case where you don't have full control of the loaded file. Please open an issue on GitHub for any issues related to this experimental feature.
  model.load_state_dict(torch.load(os.path.join(out_dir, 'best_model.pth')))
Final Test MSE (Best Model): 0.0335
Finished. Status: Success
