Starting Run on GPU 0
Time: 2025-12-25 01:24:43

[Run Start] Subject S008 | Mode ['SDA'] | Params: L0.5_LS1.0_LR0.0001_E256_D64_Dr0.3

[Fold 1 - SDA] Train: ['S008_T004', 'S008_T006'], Test: S008_T001, Norm: fixed
/home/sangukchoi/.conda/envs/torch_gpu/lib/python3.10/site-packages/torch/nn/modules/rnn.py:123: UserWarning: dropout option adds dropout after all but last recurrent layer, so non-zero dropout expects num_layers greater than 1, but got dropout=0.3 and num_layers=1
  warnings.warn(
  Ep 1: Train 0.2298 | Val 0.1172 | Test 0.0306
Validation loss decreased (0.117186 --> 0.117186).  Saving model ...
  Ep 2: Train 0.1142 | Val 0.0985 | Test 0.0300
Validation loss decreased (0.098463 --> 0.098463).  Saving model ...
  Ep 3: Train 0.1042 | Val 0.0858 | Test 0.0511
Validation loss decreased (0.085784 --> 0.085784).  Saving model ...
  Ep 4: Train 0.0978 | Val 0.0833 | Test 0.0391
Validation loss decreased (0.083348 --> 0.083348).  Saving model ...
  Ep 5: Train 0.0926 | Val 0.0763 | Test 0.0273
Validation loss decreased (0.076270 --> 0.076270).  Saving model ...
  Ep 6: Train 0.0900 | Val 0.0732 | Test 0.0278
Validation loss decreased (0.073247 --> 0.073247).  Saving model ...
  Ep 7: Train 0.0860 | Val 0.0729 | Test 0.0271
EarlyStopping counter: 1 out of 5
  Ep 8: Train 0.0851 | Val 0.0742 | Test 0.0191
EarlyStopping counter: 2 out of 5
  Ep 9: Train 0.0826 | Val 0.0720 | Test 0.0273
Validation loss decreased (0.071960 --> 0.071960).  Saving model ...
  Ep 10: Train 0.0819 | Val 0.0756 | Test 0.0215
EarlyStopping counter: 1 out of 5
  Ep 11: Train 0.0794 | Val 0.0652 | Test 0.0257
Validation loss decreased (0.065159 --> 0.065159).  Saving model ...
  Ep 12: Train 0.0791 | Val 0.0737 | Test 0.0234
EarlyStopping counter: 1 out of 5
  Ep 13: Train 0.0775 | Val 0.0794 | Test 0.0210
EarlyStopping counter: 2 out of 5
  Ep 14: Train 0.0746 | Val 0.0764 | Test 0.0199
EarlyStopping counter: 3 out of 5
  Ep 15: Train 0.0740 | Val 0.0694 | Test 0.0207
EarlyStopping counter: 4 out of 5
  Ep 16: Train 0.0744 | Val 0.0742 | Test 0.0233
EarlyStopping counter: 5 out of 5
Early stopping triggered!
/home/sangukchoi/Stroke_SDA/sda_training.py:615: FutureWarning: You are using `torch.load` with `weights_only=False` (the current default value), which uses the default pickle module implicitly. It is possible to construct malicious pickle data which will execute arbitrary code during unpickling (See https://github.com/pytorch/pytorch/blob/main/SECURITY.md#untrusted-models for more details). In a future release, the default value for `weights_only` will be flipped to `True`. This limits the functions that could be executed during unpickling. Arbitrary objects will no longer be allowed to be loaded via this mode unless they are explicitly allowlisted by the user via `torch.serialization.add_safe_globals`. We recommend you start setting `weights_only=True` for any use case where you don't have full control of the loaded file. Please open an issue on GitHub for any issues related to this experimental feature.
  model.load_state_dict(torch.load(os.path.join(out_dir, 'best_model.pth')))
Final Test MSE (Best Model): 0.0257
Finished. Status: Success
