Starting Run on GPU 2
Time: 2025-12-25 02:14:36

[Run Start] Subject S008 | Mode ['SDA'] | Params: L2.0_LS1.0_LR0.0001_E64_D32_Dr0.3

[Fold 1 - SDA] Train: ['S008_T004', 'S008_T006'], Test: S008_T001, Norm: fixed
/home/sangukchoi/.conda/envs/torch_gpu/lib/python3.10/site-packages/torch/nn/modules/rnn.py:123: UserWarning: dropout option adds dropout after all but last recurrent layer, so non-zero dropout expects num_layers greater than 1, but got dropout=0.3 and num_layers=1
  warnings.warn(
  Ep 1: Train 0.8268 | Val 0.6267 | Test 0.0463
Validation loss decreased (0.626655 --> 0.626655).  Saving model ...
  Ep 2: Train 0.4268 | Val 0.3308 | Test 0.0484
Validation loss decreased (0.330779 --> 0.330779).  Saving model ...
  Ep 3: Train 0.3228 | Val 0.3026 | Test 0.0282
Validation loss decreased (0.302586 --> 0.302586).  Saving model ...
  Ep 4: Train 0.2977 | Val 0.2630 | Test 0.0460
Validation loss decreased (0.262953 --> 0.262953).  Saving model ...
  Ep 5: Train 0.2826 | Val 0.2471 | Test 0.0410
Validation loss decreased (0.247100 --> 0.247100).  Saving model ...
  Ep 6: Train 0.2747 | Val 0.2544 | Test 0.0413
EarlyStopping counter: 1 out of 5
  Ep 7: Train 0.2729 | Val 0.2349 | Test 0.0351
Validation loss decreased (0.234934 --> 0.234934).  Saving model ...
  Ep 8: Train 0.2629 | Val 0.2468 | Test 0.0369
EarlyStopping counter: 1 out of 5
  Ep 9: Train 0.2649 | Val 0.2418 | Test 0.0357
EarlyStopping counter: 2 out of 5
  Ep 10: Train 0.2655 | Val 0.2280 | Test 0.0413
Validation loss decreased (0.227964 --> 0.227964).  Saving model ...
  Ep 11: Train 0.2530 | Val 0.2476 | Test 0.0461
EarlyStopping counter: 1 out of 5
  Ep 12: Train 0.2534 | Val 0.2513 | Test 0.0327
EarlyStopping counter: 2 out of 5
  Ep 13: Train 0.2482 | Val 0.2358 | Test 0.0316
EarlyStopping counter: 3 out of 5
  Ep 14: Train 0.2521 | Val 0.2357 | Test 0.0429
EarlyStopping counter: 4 out of 5
  Ep 15: Train 0.2488 | Val 0.2373 | Test 0.0348
EarlyStopping counter: 5 out of 5
Early stopping triggered!
/home/sangukchoi/Stroke_SDA/sda_training.py:615: FutureWarning: You are using `torch.load` with `weights_only=False` (the current default value), which uses the default pickle module implicitly. It is possible to construct malicious pickle data which will execute arbitrary code during unpickling (See https://github.com/pytorch/pytorch/blob/main/SECURITY.md#untrusted-models for more details). In a future release, the default value for `weights_only` will be flipped to `True`. This limits the functions that could be executed during unpickling. Arbitrary objects will no longer be allowed to be loaded via this mode unless they are explicitly allowlisted by the user via `torch.serialization.add_safe_globals`. We recommend you start setting `weights_only=True` for any use case where you don't have full control of the loaded file. Please open an issue on GitHub for any issues related to this experimental feature.
  model.load_state_dict(torch.load(os.path.join(out_dir, 'best_model.pth')))
Final Test MSE (Best Model): 0.0413
Finished. Status: Success
