Starting Run on GPU 2
Time: 2025-12-25 01:31:57

[Run Start] Subject S008 | Mode ['SDA'] | Params: L1.0_LS0.7_LR0.0001_E128_D128_Dr0.3

[Fold 1 - SDA] Train: ['S008_T004', 'S008_T006'], Test: S008_T001, Norm: fixed
/home/sangukchoi/.conda/envs/torch_gpu/lib/python3.10/site-packages/torch/nn/modules/rnn.py:123: UserWarning: dropout option adds dropout after all but last recurrent layer, so non-zero dropout expects num_layers greater than 1, but got dropout=0.3 and num_layers=1
  warnings.warn(
  Ep 1: Train 0.3639 | Val 0.2225 | Test 0.0313
Validation loss decreased (0.222545 --> 0.222545).  Saving model ...
  Ep 2: Train 0.1783 | Val 0.1477 | Test 0.0378
Validation loss decreased (0.147712 --> 0.147712).  Saving model ...
  Ep 3: Train 0.1536 | Val 0.1353 | Test 0.0373
Validation loss decreased (0.135300 --> 0.135300).  Saving model ...
  Ep 4: Train 0.1458 | Val 0.1299 | Test 0.0306
Validation loss decreased (0.129896 --> 0.129896).  Saving model ...
  Ep 5: Train 0.1452 | Val 0.1314 | Test 0.0334
EarlyStopping counter: 1 out of 5
  Ep 6: Train 0.1419 | Val 0.1259 | Test 0.0310
Validation loss decreased (0.125948 --> 0.125948).  Saving model ...
  Ep 7: Train 0.1389 | Val 0.1287 | Test 0.0450
EarlyStopping counter: 1 out of 5
  Ep 8: Train 0.1345 | Val 0.1379 | Test 0.0403
EarlyStopping counter: 2 out of 5
  Ep 9: Train 0.1338 | Val 0.1184 | Test 0.0399
Validation loss decreased (0.118449 --> 0.118449).  Saving model ...
  Ep 10: Train 0.1320 | Val 0.1371 | Test 0.0457
EarlyStopping counter: 1 out of 5
  Ep 11: Train 0.1311 | Val 0.1298 | Test 0.0443
EarlyStopping counter: 2 out of 5
  Ep 12: Train 0.1299 | Val 0.1293 | Test 0.0380
EarlyStopping counter: 3 out of 5
  Ep 13: Train 0.1286 | Val 0.1267 | Test 0.0419
EarlyStopping counter: 4 out of 5
  Ep 14: Train 0.1260 | Val 0.1294 | Test 0.0386
EarlyStopping counter: 5 out of 5
Early stopping triggered!
/home/sangukchoi/Stroke_SDA/sda_training.py:615: FutureWarning: You are using `torch.load` with `weights_only=False` (the current default value), which uses the default pickle module implicitly. It is possible to construct malicious pickle data which will execute arbitrary code during unpickling (See https://github.com/pytorch/pytorch/blob/main/SECURITY.md#untrusted-models for more details). In a future release, the default value for `weights_only` will be flipped to `True`. This limits the functions that could be executed during unpickling. Arbitrary objects will no longer be allowed to be loaded via this mode unless they are explicitly allowlisted by the user via `torch.serialization.add_safe_globals`. We recommend you start setting `weights_only=True` for any use case where you don't have full control of the loaded file. Please open an issue on GitHub for any issues related to this experimental feature.
  model.load_state_dict(torch.load(os.path.join(out_dir, 'best_model.pth')))
Final Test MSE (Best Model): 0.0399
Finished. Status: Success
