Starting Run on GPU 1
Time: 2025-12-25 01:20:15

[Run Start] Subject S008 | Mode ['SDA'] | Params: L0.5_LS1.0_LR0.0001_E128_D64_Dr0.3

[Fold 1 - SDA] Train: ['S008_T004', 'S008_T006'], Test: S008_T001, Norm: fixed
/home/sangukchoi/.conda/envs/torch_gpu/lib/python3.10/site-packages/torch/nn/modules/rnn.py:123: UserWarning: dropout option adds dropout after all but last recurrent layer, so non-zero dropout expects num_layers greater than 1, but got dropout=0.3 and num_layers=1
  warnings.warn(
  Ep 1: Train 0.3003 | Val 0.1154 | Test 0.0374
Validation loss decreased (0.115387 --> 0.115387).  Saving model ...
  Ep 2: Train 0.1190 | Val 0.1011 | Test 0.0313
Validation loss decreased (0.101101 --> 0.101101).  Saving model ...
  Ep 3: Train 0.1085 | Val 0.0984 | Test 0.0402
Validation loss decreased (0.098410 --> 0.098410).  Saving model ...
  Ep 4: Train 0.1030 | Val 0.0937 | Test 0.0314
Validation loss decreased (0.093692 --> 0.093692).  Saving model ...
  Ep 5: Train 0.0989 | Val 0.0867 | Test 0.0311
Validation loss decreased (0.086700 --> 0.086700).  Saving model ...
  Ep 6: Train 0.0961 | Val 0.0886 | Test 0.0295
EarlyStopping counter: 1 out of 5
  Ep 7: Train 0.0929 | Val 0.0808 | Test 0.0297
Validation loss decreased (0.080828 --> 0.080828).  Saving model ...
  Ep 8: Train 0.0903 | Val 0.0771 | Test 0.0446
Validation loss decreased (0.077080 --> 0.077080).  Saving model ...
  Ep 9: Train 0.0900 | Val 0.0774 | Test 0.0391
EarlyStopping counter: 1 out of 5
  Ep 10: Train 0.0888 | Val 0.0744 | Test 0.0413
Validation loss decreased (0.074387 --> 0.074387).  Saving model ...
  Ep 11: Train 0.0892 | Val 0.0755 | Test 0.0394
EarlyStopping counter: 1 out of 5
  Ep 12: Train 0.0859 | Val 0.0740 | Test 0.0345
EarlyStopping counter: 2 out of 5
  Ep 13: Train 0.0849 | Val 0.0769 | Test 0.0408
EarlyStopping counter: 3 out of 5
  Ep 14: Train 0.0840 | Val 0.0742 | Test 0.0379
EarlyStopping counter: 4 out of 5
  Ep 15: Train 0.0827 | Val 0.0733 | Test 0.0312
Validation loss decreased (0.073266 --> 0.073266).  Saving model ...
  Ep 16: Train 0.0814 | Val 0.0754 | Test 0.0275
EarlyStopping counter: 1 out of 5
  Ep 17: Train 0.0803 | Val 0.0782 | Test 0.0319
EarlyStopping counter: 2 out of 5
  Ep 18: Train 0.0786 | Val 0.0759 | Test 0.0338
EarlyStopping counter: 3 out of 5
  Ep 19: Train 0.0789 | Val 0.0730 | Test 0.0395
EarlyStopping counter: 4 out of 5
  Ep 20: Train 0.0789 | Val 0.0739 | Test 0.0258
EarlyStopping counter: 5 out of 5
Early stopping triggered!
/home/sangukchoi/Stroke_SDA/sda_training.py:615: FutureWarning: You are using `torch.load` with `weights_only=False` (the current default value), which uses the default pickle module implicitly. It is possible to construct malicious pickle data which will execute arbitrary code during unpickling (See https://github.com/pytorch/pytorch/blob/main/SECURITY.md#untrusted-models for more details). In a future release, the default value for `weights_only` will be flipped to `True`. This limits the functions that could be executed during unpickling. Arbitrary objects will no longer be allowed to be loaded via this mode unless they are explicitly allowlisted by the user via `torch.serialization.add_safe_globals`. We recommend you start setting `weights_only=True` for any use case where you don't have full control of the loaded file. Please open an issue on GitHub for any issues related to this experimental feature.
  model.load_state_dict(torch.load(os.path.join(out_dir, 'best_model.pth')))
Final Test MSE (Best Model): 0.0312
Finished. Status: Success
