Starting Run on GPU 3
Time: 2025-12-25 03:29:40

[Run Start] Subject S008 | Mode ['SDA'] | Params: L3.0_LS0.7_LR0.0001_E64_D32_Dr0.3

[Fold 1 - SDA] Train: ['S008_T004', 'S008_T006'], Test: S008_T001, Norm: fixed
/home/sangukchoi/.conda/envs/torch_gpu/lib/python3.10/site-packages/torch/nn/modules/rnn.py:123: UserWarning: dropout option adds dropout after all but last recurrent layer, so non-zero dropout expects num_layers greater than 1, but got dropout=0.3 and num_layers=1
  warnings.warn(
  Ep 1: Train 1.0415 | Val 0.8192 | Test 0.0818
Validation loss decreased (0.819166 --> 0.819166).  Saving model ...
  Ep 2: Train 0.6408 | Val 0.6812 | Test 0.0579
Validation loss decreased (0.681189 --> 0.681189).  Saving model ...
  Ep 3: Train 0.5418 | Val 0.5405 | Test 0.0415
Validation loss decreased (0.540544 --> 0.540544).  Saving model ...
  Ep 4: Train 0.4657 | Val 0.4327 | Test 0.0397
Validation loss decreased (0.432701 --> 0.432701).  Saving model ...
  Ep 5: Train 0.4211 | Val 0.3945 | Test 0.0324
Validation loss decreased (0.394480 --> 0.394480).  Saving model ...
  Ep 6: Train 0.4003 | Val 0.3524 | Test 0.0298
Validation loss decreased (0.352407 --> 0.352407).  Saving model ...
  Ep 7: Train 0.3778 | Val 0.3361 | Test 0.0309
Validation loss decreased (0.336091 --> 0.336091).  Saving model ...
  Ep 8: Train 0.3700 | Val 0.3205 | Test 0.0371
Validation loss decreased (0.320535 --> 0.320535).  Saving model ...
  Ep 9: Train 0.3552 | Val 0.3049 | Test 0.0399
Validation loss decreased (0.304923 --> 0.304923).  Saving model ...
  Ep 10: Train 0.3480 | Val 0.3537 | Test 0.0333
EarlyStopping counter: 1 out of 5
  Ep 11: Train 0.3455 | Val 0.3307 | Test 0.0346
EarlyStopping counter: 2 out of 5
  Ep 12: Train 0.3421 | Val 0.3027 | Test 0.0300
Validation loss decreased (0.302653 --> 0.302653).  Saving model ...
  Ep 13: Train 0.3441 | Val 0.3299 | Test 0.0347
EarlyStopping counter: 1 out of 5
  Ep 14: Train 0.3408 | Val 0.3208 | Test 0.0269
EarlyStopping counter: 2 out of 5
  Ep 15: Train 0.3348 | Val 0.2702 | Test 0.0288
Validation loss decreased (0.270223 --> 0.270223).  Saving model ...
  Ep 16: Train 0.3345 | Val 0.3033 | Test 0.0332
EarlyStopping counter: 1 out of 5
  Ep 17: Train 0.3329 | Val 0.3190 | Test 0.0318
EarlyStopping counter: 2 out of 5
  Ep 18: Train 0.3253 | Val 0.3164 | Test 0.0297
EarlyStopping counter: 3 out of 5
  Ep 19: Train 0.3273 | Val 0.3451 | Test 0.0347
EarlyStopping counter: 4 out of 5
  Ep 20: Train 0.3222 | Val 0.3110 | Test 0.0301
EarlyStopping counter: 5 out of 5
Early stopping triggered!
/home/sangukchoi/Stroke_SDA/sda_training.py:615: FutureWarning: You are using `torch.load` with `weights_only=False` (the current default value), which uses the default pickle module implicitly. It is possible to construct malicious pickle data which will execute arbitrary code during unpickling (See https://github.com/pytorch/pytorch/blob/main/SECURITY.md#untrusted-models for more details). In a future release, the default value for `weights_only` will be flipped to `True`. This limits the functions that could be executed during unpickling. Arbitrary objects will no longer be allowed to be loaded via this mode unless they are explicitly allowlisted by the user via `torch.serialization.add_safe_globals`. We recommend you start setting `weights_only=True` for any use case where you don't have full control of the loaded file. Please open an issue on GitHub for any issues related to this experimental feature.
  model.load_state_dict(torch.load(os.path.join(out_dir, 'best_model.pth')))
Final Test MSE (Best Model): 0.0288
Finished. Status: Success
