Starting Run on GPU 2
Time: 2025-12-25 03:26:18

[Run Start] Subject S008 | Mode ['SDA'] | Params: L3.0_LS0.5_LR0.0001_E256_D64_Dr0.3

[Fold 1 - SDA] Train: ['S008_T004', 'S008_T006'], Test: S008_T001, Norm: fixed
/home/sangukchoi/.conda/envs/torch_gpu/lib/python3.10/site-packages/torch/nn/modules/rnn.py:123: UserWarning: dropout option adds dropout after all but last recurrent layer, so non-zero dropout expects num_layers greater than 1, but got dropout=0.3 and num_layers=1
  warnings.warn(
  Ep 1: Train 0.6285 | Val 0.4303 | Test 0.0456
Validation loss decreased (0.430307 --> 0.430307).  Saving model ...
  Ep 2: Train 0.4205 | Val 0.3563 | Test 0.0435
Validation loss decreased (0.356347 --> 0.356347).  Saving model ...
  Ep 3: Train 0.3688 | Val 0.3494 | Test 0.0329
Validation loss decreased (0.349385 --> 0.349385).  Saving model ...
  Ep 4: Train 0.3581 | Val 0.3698 | Test 0.0396
EarlyStopping counter: 1 out of 5
  Ep 5: Train 0.3371 | Val 0.2810 | Test 0.0402
Validation loss decreased (0.280973 --> 0.280973).  Saving model ...
  Ep 6: Train 0.3390 | Val 0.2968 | Test 0.0401
EarlyStopping counter: 1 out of 5
  Ep 7: Train 0.3303 | Val 0.2808 | Test 0.0347
EarlyStopping counter: 2 out of 5
  Ep 8: Train 0.3131 | Val 0.3298 | Test 0.0406
EarlyStopping counter: 3 out of 5
  Ep 9: Train 0.3144 | Val 0.3153 | Test 0.0394
EarlyStopping counter: 4 out of 5
  Ep 10: Train 0.3055 | Val 0.2930 | Test 0.0363
EarlyStopping counter: 5 out of 5
Early stopping triggered!
/home/sangukchoi/Stroke_SDA/sda_training.py:615: FutureWarning: You are using `torch.load` with `weights_only=False` (the current default value), which uses the default pickle module implicitly. It is possible to construct malicious pickle data which will execute arbitrary code during unpickling (See https://github.com/pytorch/pytorch/blob/main/SECURITY.md#untrusted-models for more details). In a future release, the default value for `weights_only` will be flipped to `True`. This limits the functions that could be executed during unpickling. Arbitrary objects will no longer be allowed to be loaded via this mode unless they are explicitly allowlisted by the user via `torch.serialization.add_safe_globals`. We recommend you start setting `weights_only=True` for any use case where you don't have full control of the loaded file. Please open an issue on GitHub for any issues related to this experimental feature.
  model.load_state_dict(torch.load(os.path.join(out_dir, 'best_model.pth')))
Final Test MSE (Best Model): 0.0402
Finished. Status: Success
