Starting Run on GPU 3
Time: 2025-12-25 03:11:36

[Run Start] Subject S008 | Mode ['SDA'] | Params: L3.0_LS0.3_LR0.0001_E128_D64_Dr0.3

[Fold 1 - SDA] Train: ['S008_T004', 'S008_T006'], Test: S008_T001, Norm: fixed
/home/sangukchoi/.conda/envs/torch_gpu/lib/python3.10/site-packages/torch/nn/modules/rnn.py:123: UserWarning: dropout option adds dropout after all but last recurrent layer, so non-zero dropout expects num_layers greater than 1, but got dropout=0.3 and num_layers=1
  warnings.warn(
  Ep 1: Train 0.7014 | Val 0.6271 | Test 0.0612
Validation loss decreased (0.627114 --> 0.627114).  Saving model ...
  Ep 2: Train 0.4731 | Val 0.4492 | Test 0.0428
Validation loss decreased (0.449208 --> 0.449208).  Saving model ...
  Ep 3: Train 0.4084 | Val 0.4484 | Test 0.0459
Validation loss decreased (0.448366 --> 0.448366).  Saving model ...
  Ep 4: Train 0.3790 | Val 0.3740 | Test 0.0433
Validation loss decreased (0.373990 --> 0.373990).  Saving model ...
  Ep 5: Train 0.3612 | Val 0.3693 | Test 0.0392
Validation loss decreased (0.369260 --> 0.369260).  Saving model ...
  Ep 6: Train 0.3468 | Val 0.3782 | Test 0.0345
EarlyStopping counter: 1 out of 5
  Ep 7: Train 0.3347 | Val 0.3092 | Test 0.0378
Validation loss decreased (0.309211 --> 0.309211).  Saving model ...
  Ep 8: Train 0.3293 | Val 0.3345 | Test 0.0246
EarlyStopping counter: 1 out of 5
  Ep 9: Train 0.3295 | Val 0.3543 | Test 0.0354
EarlyStopping counter: 2 out of 5
  Ep 10: Train 0.3198 | Val 0.3081 | Test 0.0287
Validation loss decreased (0.308112 --> 0.308112).  Saving model ...
  Ep 11: Train 0.3144 | Val 0.3332 | Test 0.0308
EarlyStopping counter: 1 out of 5
  Ep 12: Train 0.3068 | Val 0.3056 | Test 0.0332
Validation loss decreased (0.305577 --> 0.305577).  Saving model ...
  Ep 13: Train 0.3087 | Val 0.3311 | Test 0.0399
EarlyStopping counter: 1 out of 5
  Ep 14: Train 0.3009 | Val 0.3047 | Test 0.0399
Validation loss decreased (0.304654 --> 0.304654).  Saving model ...
  Ep 15: Train 0.2932 | Val 0.2898 | Test 0.0334
Validation loss decreased (0.289804 --> 0.289804).  Saving model ...
  Ep 16: Train 0.2819 | Val 0.2765 | Test 0.0375
Validation loss decreased (0.276506 --> 0.276506).  Saving model ...
  Ep 17: Train 0.2883 | Val 0.2715 | Test 0.0389
Validation loss decreased (0.271481 --> 0.271481).  Saving model ...
  Ep 18: Train 0.2841 | Val 0.2924 | Test 0.0458
EarlyStopping counter: 1 out of 5
  Ep 19: Train 0.2838 | Val 0.3592 | Test 0.0355
EarlyStopping counter: 2 out of 5
  Ep 20: Train 0.2804 | Val 0.3336 | Test 0.0409
EarlyStopping counter: 3 out of 5
  Ep 21: Train 0.2739 | Val 0.2915 | Test 0.0374
EarlyStopping counter: 4 out of 5
  Ep 22: Train 0.2754 | Val 0.4124 | Test 0.0346
EarlyStopping counter: 5 out of 5
Early stopping triggered!
/home/sangukchoi/Stroke_SDA/sda_training.py:615: FutureWarning: You are using `torch.load` with `weights_only=False` (the current default value), which uses the default pickle module implicitly. It is possible to construct malicious pickle data which will execute arbitrary code during unpickling (See https://github.com/pytorch/pytorch/blob/main/SECURITY.md#untrusted-models for more details). In a future release, the default value for `weights_only` will be flipped to `True`. This limits the functions that could be executed during unpickling. Arbitrary objects will no longer be allowed to be loaded via this mode unless they are explicitly allowlisted by the user via `torch.serialization.add_safe_globals`. We recommend you start setting `weights_only=True` for any use case where you don't have full control of the loaded file. Please open an issue on GitHub for any issues related to this experimental feature.
  model.load_state_dict(torch.load(os.path.join(out_dir, 'best_model.pth')))
Final Test MSE (Best Model): 0.0389
Finished. Status: Success
