Starting Run on GPU 0
Time: 2025-12-25 03:12:22

[Run Start] Subject S008 | Mode ['SDA'] | Params: L3.0_LS0.3_LR0.0001_E256_D32_Dr0.3

[Fold 1 - SDA] Train: ['S008_T004', 'S008_T006'], Test: S008_T001, Norm: fixed
/home/sangukchoi/.conda/envs/torch_gpu/lib/python3.10/site-packages/torch/nn/modules/rnn.py:123: UserWarning: dropout option adds dropout after all but last recurrent layer, so non-zero dropout expects num_layers greater than 1, but got dropout=0.3 and num_layers=1
  warnings.warn(
  Ep 1: Train 0.6445 | Val 0.5407 | Test 0.0591
Validation loss decreased (0.540696 --> 0.540696).  Saving model ...
  Ep 2: Train 0.4326 | Val 0.4235 | Test 0.0269
Validation loss decreased (0.423459 --> 0.423459).  Saving model ...
  Ep 3: Train 0.3650 | Val 0.3637 | Test 0.0332
Validation loss decreased (0.363690 --> 0.363690).  Saving model ...
  Ep 4: Train 0.3394 | Val 0.3855 | Test 0.0267
EarlyStopping counter: 1 out of 5
  Ep 5: Train 0.3197 | Val 0.2844 | Test 0.0289
Validation loss decreased (0.284387 --> 0.284387).  Saving model ...
  Ep 6: Train 0.3084 | Val 0.2954 | Test 0.0397
EarlyStopping counter: 1 out of 5
  Ep 7: Train 0.2975 | Val 0.3023 | Test 0.0380
EarlyStopping counter: 2 out of 5
  Ep 8: Train 0.2975 | Val 0.3446 | Test 0.0414
EarlyStopping counter: 3 out of 5
  Ep 9: Train 0.2894 | Val 0.3232 | Test 0.0330
EarlyStopping counter: 4 out of 5
  Ep 10: Train 0.2880 | Val 0.3286 | Test 0.0301
EarlyStopping counter: 5 out of 5
Early stopping triggered!
/home/sangukchoi/Stroke_SDA/sda_training.py:615: FutureWarning: You are using `torch.load` with `weights_only=False` (the current default value), which uses the default pickle module implicitly. It is possible to construct malicious pickle data which will execute arbitrary code during unpickling (See https://github.com/pytorch/pytorch/blob/main/SECURITY.md#untrusted-models for more details). In a future release, the default value for `weights_only` will be flipped to `True`. This limits the functions that could be executed during unpickling. Arbitrary objects will no longer be allowed to be loaded via this mode unless they are explicitly allowlisted by the user via `torch.serialization.add_safe_globals`. We recommend you start setting `weights_only=True` for any use case where you don't have full control of the loaded file. Please open an issue on GitHub for any issues related to this experimental feature.
  model.load_state_dict(torch.load(os.path.join(out_dir, 'best_model.pth')))
Final Test MSE (Best Model): 0.0289
Finished. Status: Success
