Starting Run on GPU 1
Time: 2025-12-25 02:44:09

[Run Start] Subject S008 | Mode ['SDA'] | Params: L2.5_LS0.5_LR0.0001_E256_D128_Dr0.3

[Fold 1 - SDA] Train: ['S008_T004', 'S008_T006'], Test: S008_T001, Norm: fixed
/home/sangukchoi/.conda/envs/torch_gpu/lib/python3.10/site-packages/torch/nn/modules/rnn.py:123: UserWarning: dropout option adds dropout after all but last recurrent layer, so non-zero dropout expects num_layers greater than 1, but got dropout=0.3 and num_layers=1
  warnings.warn(
  Ep 1: Train 0.5307 | Val 0.4517 | Test 0.0351
Validation loss decreased (0.451707 --> 0.451707).  Saving model ...
  Ep 2: Train 0.3508 | Val 0.3077 | Test 0.0385
Validation loss decreased (0.307704 --> 0.307704).  Saving model ...
  Ep 3: Train 0.3170 | Val 0.3118 | Test 0.0402
EarlyStopping counter: 1 out of 5
  Ep 4: Train 0.3005 | Val 0.2829 | Test 0.0421
Validation loss decreased (0.282880 --> 0.282880).  Saving model ...
  Ep 5: Train 0.2938 | Val 0.3578 | Test 0.0440
EarlyStopping counter: 1 out of 5
  Ep 6: Train 0.2902 | Val 0.2397 | Test 0.0431
Validation loss decreased (0.239708 --> 0.239708).  Saving model ...
  Ep 7: Train 0.2830 | Val 0.2353 | Test 0.0400
Validation loss decreased (0.235255 --> 0.235255).  Saving model ...
  Ep 8: Train 0.2828 | Val 0.3039 | Test 0.0471
EarlyStopping counter: 1 out of 5
  Ep 9: Train 0.2842 | Val 0.2006 | Test 0.0381
Validation loss decreased (0.200574 --> 0.200574).  Saving model ...
  Ep 10: Train 0.2725 | Val 0.2650 | Test 0.0317
EarlyStopping counter: 1 out of 5
  Ep 11: Train 0.2693 | Val 0.2484 | Test 0.0377
EarlyStopping counter: 2 out of 5
  Ep 12: Train 0.2625 | Val 0.2584 | Test 0.0349
EarlyStopping counter: 3 out of 5
  Ep 13: Train 0.2640 | Val 0.2628 | Test 0.0375
EarlyStopping counter: 4 out of 5
  Ep 14: Train 0.2552 | Val 0.2310 | Test 0.0461
EarlyStopping counter: 5 out of 5
Early stopping triggered!
/home/sangukchoi/Stroke_SDA/sda_training.py:615: FutureWarning: You are using `torch.load` with `weights_only=False` (the current default value), which uses the default pickle module implicitly. It is possible to construct malicious pickle data which will execute arbitrary code during unpickling (See https://github.com/pytorch/pytorch/blob/main/SECURITY.md#untrusted-models for more details). In a future release, the default value for `weights_only` will be flipped to `True`. This limits the functions that could be executed during unpickling. Arbitrary objects will no longer be allowed to be loaded via this mode unless they are explicitly allowlisted by the user via `torch.serialization.add_safe_globals`. We recommend you start setting `weights_only=True` for any use case where you don't have full control of the loaded file. Please open an issue on GitHub for any issues related to this experimental feature.
  model.load_state_dict(torch.load(os.path.join(out_dir, 'best_model.pth')))
Final Test MSE (Best Model): 0.0381
Finished. Status: Success
