Starting Run on GPU 3
Time: 2025-12-25 01:03:16

[Run Start] Subject S008 | Mode ['SDA'] | Params: L0.5_LS0.7_LR0.0001_E64_D32_Dr0.3

[Fold 1 - SDA] Train: ['S008_T004', 'S008_T006'], Test: S008_T001, Norm: fixed
/home/sangukchoi/.conda/envs/torch_gpu/lib/python3.10/site-packages/torch/nn/modules/rnn.py:123: UserWarning: dropout option adds dropout after all but last recurrent layer, so non-zero dropout expects num_layers greater than 1, but got dropout=0.3 and num_layers=1
  warnings.warn(
  Ep 1: Train 0.3541 | Val 0.1466 | Test 0.0408
Validation loss decreased (0.146608 --> 0.146608).  Saving model ...
  Ep 2: Train 0.1192 | Val 0.0868 | Test 0.0368
Validation loss decreased (0.086764 --> 0.086764).  Saving model ...
  Ep 3: Train 0.0931 | Val 0.0817 | Test 0.0332
Validation loss decreased (0.081712 --> 0.081712).  Saving model ...
  Ep 4: Train 0.0884 | Val 0.0799 | Test 0.0325
Validation loss decreased (0.079920 --> 0.079920).  Saving model ...
  Ep 5: Train 0.0855 | Val 0.0758 | Test 0.0347
Validation loss decreased (0.075766 --> 0.075766).  Saving model ...
  Ep 6: Train 0.0839 | Val 0.0771 | Test 0.0305
EarlyStopping counter: 1 out of 5
  Ep 7: Train 0.0838 | Val 0.0750 | Test 0.0311
Validation loss decreased (0.075032 --> 0.075032).  Saving model ...
  Ep 8: Train 0.0830 | Val 0.0781 | Test 0.0488
EarlyStopping counter: 1 out of 5
  Ep 9: Train 0.0818 | Val 0.0717 | Test 0.0321
Validation loss decreased (0.071721 --> 0.071721).  Saving model ...
  Ep 10: Train 0.0806 | Val 0.0723 | Test 0.0394
EarlyStopping counter: 1 out of 5
  Ep 11: Train 0.0804 | Val 0.0755 | Test 0.0380
EarlyStopping counter: 2 out of 5
  Ep 12: Train 0.0809 | Val 0.0720 | Test 0.0247
EarlyStopping counter: 3 out of 5
  Ep 13: Train 0.0783 | Val 0.0739 | Test 0.0253
EarlyStopping counter: 4 out of 5
  Ep 14: Train 0.0776 | Val 0.0696 | Test 0.0346
Validation loss decreased (0.069589 --> 0.069589).  Saving model ...
  Ep 15: Train 0.0764 | Val 0.0719 | Test 0.0287
EarlyStopping counter: 1 out of 5
  Ep 16: Train 0.0759 | Val 0.0699 | Test 0.0289
EarlyStopping counter: 2 out of 5
  Ep 17: Train 0.0750 | Val 0.0712 | Test 0.0187
EarlyStopping counter: 3 out of 5
  Ep 18: Train 0.0742 | Val 0.0650 | Test 0.0280
Validation loss decreased (0.065042 --> 0.065042).  Saving model ...
  Ep 19: Train 0.0750 | Val 0.0698 | Test 0.0312
EarlyStopping counter: 1 out of 5
  Ep 20: Train 0.0726 | Val 0.0656 | Test 0.0320
EarlyStopping counter: 2 out of 5
  Ep 21: Train 0.0737 | Val 0.0710 | Test 0.0338
EarlyStopping counter: 3 out of 5
  Ep 22: Train 0.0727 | Val 0.0663 | Test 0.0338
EarlyStopping counter: 4 out of 5
  Ep 23: Train 0.0705 | Val 0.0672 | Test 0.0345
EarlyStopping counter: 5 out of 5
Early stopping triggered!
/home/sangukchoi/Stroke_SDA/sda_training.py:615: FutureWarning: You are using `torch.load` with `weights_only=False` (the current default value), which uses the default pickle module implicitly. It is possible to construct malicious pickle data which will execute arbitrary code during unpickling (See https://github.com/pytorch/pytorch/blob/main/SECURITY.md#untrusted-models for more details). In a future release, the default value for `weights_only` will be flipped to `True`. This limits the functions that could be executed during unpickling. Arbitrary objects will no longer be allowed to be loaded via this mode unless they are explicitly allowlisted by the user via `torch.serialization.add_safe_globals`. We recommend you start setting `weights_only=True` for any use case where you don't have full control of the loaded file. Please open an issue on GitHub for any issues related to this experimental feature.
  model.load_state_dict(torch.load(os.path.join(out_dir, 'best_model.pth')))
Final Test MSE (Best Model): 0.0280
Finished. Status: Success
