Starting Run on GPU 3
Time: 2025-12-25 01:09:42

[Run Start] Subject S008 | Mode ['SDA'] | Params: L0.5_LS0.7_LR0.0001_E128_D32_Dr0.3

[Fold 1 - SDA] Train: ['S008_T004', 'S008_T006'], Test: S008_T001, Norm: fixed
/home/sangukchoi/.conda/envs/torch_gpu/lib/python3.10/site-packages/torch/nn/modules/rnn.py:123: UserWarning: dropout option adds dropout after all but last recurrent layer, so non-zero dropout expects num_layers greater than 1, but got dropout=0.3 and num_layers=1
  warnings.warn(
  Ep 1: Train 0.2662 | Val 0.1035 | Test 0.0385
Validation loss decreased (0.103457 --> 0.103457).  Saving model ...
  Ep 2: Train 0.1043 | Val 0.0865 | Test 0.0310
Validation loss decreased (0.086541 --> 0.086541).  Saving model ...
  Ep 3: Train 0.0966 | Val 0.0875 | Test 0.0378
EarlyStopping counter: 1 out of 5
  Ep 4: Train 0.0908 | Val 0.0825 | Test 0.0270
Validation loss decreased (0.082487 --> 0.082487).  Saving model ...
  Ep 5: Train 0.0863 | Val 0.0806 | Test 0.0376
Validation loss decreased (0.080613 --> 0.080613).  Saving model ...
  Ep 6: Train 0.0838 | Val 0.0780 | Test 0.0221
Validation loss decreased (0.078007 --> 0.078007).  Saving model ...
  Ep 7: Train 0.0813 | Val 0.0672 | Test 0.0281
Validation loss decreased (0.067240 --> 0.067240).  Saving model ...
  Ep 8: Train 0.0799 | Val 0.0700 | Test 0.0335
EarlyStopping counter: 1 out of 5
  Ep 9: Train 0.0789 | Val 0.0687 | Test 0.0320
EarlyStopping counter: 2 out of 5
  Ep 10: Train 0.0778 | Val 0.0670 | Test 0.0322
EarlyStopping counter: 3 out of 5
  Ep 11: Train 0.0758 | Val 0.0747 | Test 0.0233
EarlyStopping counter: 4 out of 5
  Ep 12: Train 0.0749 | Val 0.0662 | Test 0.0436
Validation loss decreased (0.066160 --> 0.066160).  Saving model ...
  Ep 13: Train 0.0736 | Val 0.0629 | Test 0.0339
Validation loss decreased (0.062927 --> 0.062927).  Saving model ...
  Ep 14: Train 0.0730 | Val 0.0765 | Test 0.0352
EarlyStopping counter: 1 out of 5
  Ep 15: Train 0.0717 | Val 0.0634 | Test 0.0315
EarlyStopping counter: 2 out of 5
  Ep 16: Train 0.0719 | Val 0.0666 | Test 0.0306
EarlyStopping counter: 3 out of 5
  Ep 17: Train 0.0700 | Val 0.0652 | Test 0.0393
EarlyStopping counter: 4 out of 5
  Ep 18: Train 0.0710 | Val 0.0658 | Test 0.0372
EarlyStopping counter: 5 out of 5
Early stopping triggered!
/home/sangukchoi/Stroke_SDA/sda_training.py:615: FutureWarning: You are using `torch.load` with `weights_only=False` (the current default value), which uses the default pickle module implicitly. It is possible to construct malicious pickle data which will execute arbitrary code during unpickling (See https://github.com/pytorch/pytorch/blob/main/SECURITY.md#untrusted-models for more details). In a future release, the default value for `weights_only` will be flipped to `True`. This limits the functions that could be executed during unpickling. Arbitrary objects will no longer be allowed to be loaded via this mode unless they are explicitly allowlisted by the user via `torch.serialization.add_safe_globals`. We recommend you start setting `weights_only=True` for any use case where you don't have full control of the loaded file. Please open an issue on GitHub for any issues related to this experimental feature.
  model.load_state_dict(torch.load(os.path.join(out_dir, 'best_model.pth')))
Final Test MSE (Best Model): 0.0339
Finished. Status: Success
