Starting Run on GPU 1
Time: 2025-12-25 02:48:54

[Run Start] Subject S008 | Mode ['SDA'] | Params: L2.5_LS0.7_LR0.0001_E128_D64_Dr0.3

[Fold 1 - SDA] Train: ['S008_T004', 'S008_T006'], Test: S008_T001, Norm: fixed
/home/sangukchoi/.conda/envs/torch_gpu/lib/python3.10/site-packages/torch/nn/modules/rnn.py:123: UserWarning: dropout option adds dropout after all but last recurrent layer, so non-zero dropout expects num_layers greater than 1, but got dropout=0.3 and num_layers=1
  warnings.warn(
  Ep 1: Train 0.6526 | Val 0.5681 | Test 0.0387
Validation loss decreased (0.568086 --> 0.568086).  Saving model ...
  Ep 2: Train 0.3991 | Val 0.3360 | Test 0.0363
Validation loss decreased (0.336019 --> 0.336019).  Saving model ...
  Ep 3: Train 0.3470 | Val 0.3265 | Test 0.0282
Validation loss decreased (0.326473 --> 0.326473).  Saving model ...
  Ep 4: Train 0.3325 | Val 0.3209 | Test 0.0241
Validation loss decreased (0.320897 --> 0.320897).  Saving model ...
  Ep 5: Train 0.3112 | Val 0.2846 | Test 0.0337
Validation loss decreased (0.284632 --> 0.284632).  Saving model ...
  Ep 6: Train 0.3105 | Val 0.2816 | Test 0.0308
Validation loss decreased (0.281582 --> 0.281582).  Saving model ...
  Ep 7: Train 0.2987 | Val 0.3226 | Test 0.0373
EarlyStopping counter: 1 out of 5
  Ep 8: Train 0.2900 | Val 0.2647 | Test 0.0345
Validation loss decreased (0.264703 --> 0.264703).  Saving model ...
  Ep 9: Train 0.2913 | Val 0.2786 | Test 0.0318
EarlyStopping counter: 1 out of 5
  Ep 10: Train 0.2919 | Val 0.3377 | Test 0.0329
EarlyStopping counter: 2 out of 5
  Ep 11: Train 0.2858 | Val 0.2872 | Test 0.0344
EarlyStopping counter: 3 out of 5
  Ep 12: Train 0.2829 | Val 0.2789 | Test 0.0393
EarlyStopping counter: 4 out of 5
  Ep 13: Train 0.2825 | Val 0.2691 | Test 0.0309
EarlyStopping counter: 5 out of 5
Early stopping triggered!
/home/sangukchoi/Stroke_SDA/sda_training.py:615: FutureWarning: You are using `torch.load` with `weights_only=False` (the current default value), which uses the default pickle module implicitly. It is possible to construct malicious pickle data which will execute arbitrary code during unpickling (See https://github.com/pytorch/pytorch/blob/main/SECURITY.md#untrusted-models for more details). In a future release, the default value for `weights_only` will be flipped to `True`. This limits the functions that could be executed during unpickling. Arbitrary objects will no longer be allowed to be loaded via this mode unless they are explicitly allowlisted by the user via `torch.serialization.add_safe_globals`. We recommend you start setting `weights_only=True` for any use case where you don't have full control of the loaded file. Please open an issue on GitHub for any issues related to this experimental feature.
  model.load_state_dict(torch.load(os.path.join(out_dir, 'best_model.pth')))
Final Test MSE (Best Model): 0.0345
Finished. Status: Success
