Starting Run on GPU 1
Time: 2025-12-25 02:23:40

[Run Start] Subject S008 | Mode ['SDA'] | Params: L2.0_LS1.0_LR0.0001_E256_D64_Dr0.3

[Fold 1 - SDA] Train: ['S008_T004', 'S008_T006'], Test: S008_T001, Norm: fixed
/home/sangukchoi/.conda/envs/torch_gpu/lib/python3.10/site-packages/torch/nn/modules/rnn.py:123: UserWarning: dropout option adds dropout after all but last recurrent layer, so non-zero dropout expects num_layers greater than 1, but got dropout=0.3 and num_layers=1
  warnings.warn(
  Ep 1: Train 0.5054 | Val 0.2767 | Test 0.0392
Validation loss decreased (0.276700 --> 0.276700).  Saving model ...
  Ep 2: Train 0.2870 | Val 0.2608 | Test 0.0319
Validation loss decreased (0.260780 --> 0.260780).  Saving model ...
  Ep 3: Train 0.2675 | Val 0.2510 | Test 0.0427
Validation loss decreased (0.251032 --> 0.251032).  Saving model ...
  Ep 4: Train 0.2531 | Val 0.3096 | Test 0.0326
EarlyStopping counter: 1 out of 5
  Ep 5: Train 0.2488 | Val 0.2228 | Test 0.0240
Validation loss decreased (0.222818 --> 0.222818).  Saving model ...
  Ep 6: Train 0.2417 | Val 0.2375 | Test 0.0308
EarlyStopping counter: 1 out of 5
  Ep 7: Train 0.2388 | Val 0.2588 | Test 0.0284
EarlyStopping counter: 2 out of 5
  Ep 8: Train 0.2343 | Val 0.2230 | Test 0.0308
EarlyStopping counter: 3 out of 5
  Ep 9: Train 0.2270 | Val 0.2286 | Test 0.0315
EarlyStopping counter: 4 out of 5
  Ep 10: Train 0.2273 | Val 0.2573 | Test 0.0411
EarlyStopping counter: 5 out of 5
Early stopping triggered!
/home/sangukchoi/Stroke_SDA/sda_training.py:615: FutureWarning: You are using `torch.load` with `weights_only=False` (the current default value), which uses the default pickle module implicitly. It is possible to construct malicious pickle data which will execute arbitrary code during unpickling (See https://github.com/pytorch/pytorch/blob/main/SECURITY.md#untrusted-models for more details). In a future release, the default value for `weights_only` will be flipped to `True`. This limits the functions that could be executed during unpickling. Arbitrary objects will no longer be allowed to be loaded via this mode unless they are explicitly allowlisted by the user via `torch.serialization.add_safe_globals`. We recommend you start setting `weights_only=True` for any use case where you don't have full control of the loaded file. Please open an issue on GitHub for any issues related to this experimental feature.
  model.load_state_dict(torch.load(os.path.join(out_dir, 'best_model.pth')))
Final Test MSE (Best Model): 0.0240
Finished. Status: Success
