Starting Run on GPU 0
Time: 2025-12-25 02:29:46

[Run Start] Subject S008 | Mode ['SDA'] | Params: L2.5_LS0.3_LR0.0001_E128_D64_Dr0.3

[Fold 1 - SDA] Train: ['S008_T004', 'S008_T006'], Test: S008_T001, Norm: fixed
/home/sangukchoi/.conda/envs/torch_gpu/lib/python3.10/site-packages/torch/nn/modules/rnn.py:123: UserWarning: dropout option adds dropout after all but last recurrent layer, so non-zero dropout expects num_layers greater than 1, but got dropout=0.3 and num_layers=1
  warnings.warn(
  Ep 1: Train 0.5599 | Val 0.5066 | Test 0.0489
Validation loss decreased (0.506636 --> 0.506636).  Saving model ...
  Ep 2: Train 0.3908 | Val 0.4153 | Test 0.0361
Validation loss decreased (0.415292 --> 0.415292).  Saving model ...
  Ep 3: Train 0.3411 | Val 0.3329 | Test 0.0359
Validation loss decreased (0.332872 --> 0.332872).  Saving model ...
  Ep 4: Train 0.3157 | Val 0.3064 | Test 0.0345
Validation loss decreased (0.306385 --> 0.306385).  Saving model ...
  Ep 5: Train 0.3007 | Val 0.3388 | Test 0.0294
EarlyStopping counter: 1 out of 5
  Ep 6: Train 0.2891 | Val 0.3318 | Test 0.0246
EarlyStopping counter: 2 out of 5
  Ep 7: Train 0.2824 | Val 0.2682 | Test 0.0342
Validation loss decreased (0.268163 --> 0.268163).  Saving model ...
  Ep 8: Train 0.2748 | Val 0.2632 | Test 0.0354
Validation loss decreased (0.263159 --> 0.263159).  Saving model ...
  Ep 9: Train 0.2653 | Val 0.2551 | Test 0.0328
Validation loss decreased (0.255126 --> 0.255126).  Saving model ...
  Ep 10: Train 0.2662 | Val 0.2834 | Test 0.0342
EarlyStopping counter: 1 out of 5
  Ep 11: Train 0.2619 | Val 0.2711 | Test 0.0283
EarlyStopping counter: 2 out of 5
  Ep 12: Train 0.2627 | Val 0.2751 | Test 0.0262
EarlyStopping counter: 3 out of 5
  Ep 13: Train 0.2530 | Val 0.2388 | Test 0.0365
Validation loss decreased (0.238821 --> 0.238821).  Saving model ...
  Ep 14: Train 0.2481 | Val 0.3018 | Test 0.0360
EarlyStopping counter: 1 out of 5
  Ep 15: Train 0.2392 | Val 0.3028 | Test 0.0327
EarlyStopping counter: 2 out of 5
  Ep 16: Train 0.2421 | Val 0.2743 | Test 0.0339
EarlyStopping counter: 3 out of 5
  Ep 17: Train 0.2344 | Val 0.2462 | Test 0.0355
EarlyStopping counter: 4 out of 5
  Ep 18: Train 0.2353 | Val 0.2702 | Test 0.0313
EarlyStopping counter: 5 out of 5
Early stopping triggered!
/home/sangukchoi/Stroke_SDA/sda_training.py:615: FutureWarning: You are using `torch.load` with `weights_only=False` (the current default value), which uses the default pickle module implicitly. It is possible to construct malicious pickle data which will execute arbitrary code during unpickling (See https://github.com/pytorch/pytorch/blob/main/SECURITY.md#untrusted-models for more details). In a future release, the default value for `weights_only` will be flipped to `True`. This limits the functions that could be executed during unpickling. Arbitrary objects will no longer be allowed to be loaded via this mode unless they are explicitly allowlisted by the user via `torch.serialization.add_safe_globals`. We recommend you start setting `weights_only=True` for any use case where you don't have full control of the loaded file. Please open an issue on GitHub for any issues related to this experimental feature.
  model.load_state_dict(torch.load(os.path.join(out_dir, 'best_model.pth')))
Final Test MSE (Best Model): 0.0365
Finished. Status: Success
