Starting Run on GPU 3
Time: 2025-12-25 01:48:28

[Run Start] Subject S008 | Mode ['SDA'] | Params: L1.5_LS0.7_LR0.0001_E64_D64_Dr0.3

[Fold 1 - SDA] Train: ['S008_T004', 'S008_T006'], Test: S008_T001, Norm: fixed
/home/sangukchoi/.conda/envs/torch_gpu/lib/python3.10/site-packages/torch/nn/modules/rnn.py:123: UserWarning: dropout option adds dropout after all but last recurrent layer, so non-zero dropout expects num_layers greater than 1, but got dropout=0.3 and num_layers=1
  warnings.warn(
  Ep 1: Train 0.6402 | Val 0.4209 | Test 0.0332
Validation loss decreased (0.420896 --> 0.420896).  Saving model ...
  Ep 2: Train 0.3194 | Val 0.2786 | Test 0.0627
Validation loss decreased (0.278637 --> 0.278637).  Saving model ...
  Ep 3: Train 0.2605 | Val 0.2194 | Test 0.0436
Validation loss decreased (0.219406 --> 0.219406).  Saving model ...
  Ep 4: Train 0.2334 | Val 0.2149 | Test 0.0524
Validation loss decreased (0.214948 --> 0.214948).  Saving model ...
  Ep 5: Train 0.2197 | Val 0.1970 | Test 0.0385
Validation loss decreased (0.197041 --> 0.197041).  Saving model ...
  Ep 6: Train 0.2122 | Val 0.1855 | Test 0.0394
Validation loss decreased (0.185482 --> 0.185482).  Saving model ...
  Ep 7: Train 0.2020 | Val 0.1937 | Test 0.0324
EarlyStopping counter: 1 out of 5
  Ep 8: Train 0.2024 | Val 0.2029 | Test 0.0388
EarlyStopping counter: 2 out of 5
  Ep 9: Train 0.1973 | Val 0.1853 | Test 0.0356
EarlyStopping counter: 3 out of 5
  Ep 10: Train 0.1920 | Val 0.1803 | Test 0.0383
Validation loss decreased (0.180278 --> 0.180278).  Saving model ...
  Ep 11: Train 0.1883 | Val 0.1830 | Test 0.0358
EarlyStopping counter: 1 out of 5
  Ep 12: Train 0.1874 | Val 0.1852 | Test 0.0336
EarlyStopping counter: 2 out of 5
  Ep 13: Train 0.1873 | Val 0.1912 | Test 0.0435
EarlyStopping counter: 3 out of 5
  Ep 14: Train 0.1828 | Val 0.1710 | Test 0.0336
Validation loss decreased (0.170999 --> 0.170999).  Saving model ...
  Ep 15: Train 0.1795 | Val 0.1674 | Test 0.0336
Validation loss decreased (0.167426 --> 0.167426).  Saving model ...
  Ep 16: Train 0.1779 | Val 0.1741 | Test 0.0385
EarlyStopping counter: 1 out of 5
  Ep 17: Train 0.1758 | Val 0.1652 | Test 0.0337
Validation loss decreased (0.165198 --> 0.165198).  Saving model ...
  Ep 18: Train 0.1777 | Val 0.1700 | Test 0.0295
EarlyStopping counter: 1 out of 5
  Ep 19: Train 0.1744 | Val 0.1645 | Test 0.0317
Validation loss decreased (0.164460 --> 0.164460).  Saving model ...
  Ep 20: Train 0.1726 | Val 0.1677 | Test 0.0331
EarlyStopping counter: 1 out of 5
  Ep 21: Train 0.1742 | Val 0.1774 | Test 0.0429
EarlyStopping counter: 2 out of 5
  Ep 22: Train 0.1709 | Val 0.1661 | Test 0.0312
EarlyStopping counter: 3 out of 5
  Ep 23: Train 0.1740 | Val 0.1665 | Test 0.0321
EarlyStopping counter: 4 out of 5
  Ep 24: Train 0.1693 | Val 0.1747 | Test 0.0296
EarlyStopping counter: 5 out of 5
Early stopping triggered!
/home/sangukchoi/Stroke_SDA/sda_training.py:615: FutureWarning: You are using `torch.load` with `weights_only=False` (the current default value), which uses the default pickle module implicitly. It is possible to construct malicious pickle data which will execute arbitrary code during unpickling (See https://github.com/pytorch/pytorch/blob/main/SECURITY.md#untrusted-models for more details). In a future release, the default value for `weights_only` will be flipped to `True`. This limits the functions that could be executed during unpickling. Arbitrary objects will no longer be allowed to be loaded via this mode unless they are explicitly allowlisted by the user via `torch.serialization.add_safe_globals`. We recommend you start setting `weights_only=True` for any use case where you don't have full control of the loaded file. Please open an issue on GitHub for any issues related to this experimental feature.
  model.load_state_dict(torch.load(os.path.join(out_dir, 'best_model.pth')))
Final Test MSE (Best Model): 0.0317
Finished. Status: Success
