Starting Run on GPU 2
Time: 2025-12-25 02:54:35

[Run Start] Subject S008 | Mode ['SDA'] | Params: L2.5_LS0.7_LR0.0001_E256_D128_Dr0.3

[Fold 1 - SDA] Train: ['S008_T004', 'S008_T006'], Test: S008_T001, Norm: fixed
/home/sangukchoi/.conda/envs/torch_gpu/lib/python3.10/site-packages/torch/nn/modules/rnn.py:123: UserWarning: dropout option adds dropout after all but last recurrent layer, so non-zero dropout expects num_layers greater than 1, but got dropout=0.3 and num_layers=1
  warnings.warn(
  Ep 1: Train 0.5610 | Val 0.4256 | Test 0.0438
Validation loss decreased (0.425597 --> 0.425597).  Saving model ...
  Ep 2: Train 0.3660 | Val 0.3211 | Test 0.0392
Validation loss decreased (0.321128 --> 0.321128).  Saving model ...
  Ep 3: Train 0.3198 | Val 0.3249 | Test 0.0294
EarlyStopping counter: 1 out of 5
  Ep 4: Train 0.3032 | Val 0.2677 | Test 0.0389
Validation loss decreased (0.267743 --> 0.267743).  Saving model ...
  Ep 5: Train 0.2921 | Val 0.2640 | Test 0.0397
Validation loss decreased (0.263992 --> 0.263992).  Saving model ...
  Ep 6: Train 0.2960 | Val 0.3178 | Test 0.0410
EarlyStopping counter: 1 out of 5
  Ep 7: Train 0.2896 | Val 0.2689 | Test 0.0315
EarlyStopping counter: 2 out of 5
  Ep 8: Train 0.2893 | Val 0.2841 | Test 0.0317
EarlyStopping counter: 3 out of 5
  Ep 9: Train 0.2834 | Val 0.2731 | Test 0.0375
EarlyStopping counter: 4 out of 5
  Ep 10: Train 0.2847 | Val 0.3008 | Test 0.0423
EarlyStopping counter: 5 out of 5
Early stopping triggered!
/home/sangukchoi/Stroke_SDA/sda_training.py:615: FutureWarning: You are using `torch.load` with `weights_only=False` (the current default value), which uses the default pickle module implicitly. It is possible to construct malicious pickle data which will execute arbitrary code during unpickling (See https://github.com/pytorch/pytorch/blob/main/SECURITY.md#untrusted-models for more details). In a future release, the default value for `weights_only` will be flipped to `True`. This limits the functions that could be executed during unpickling. Arbitrary objects will no longer be allowed to be loaded via this mode unless they are explicitly allowlisted by the user via `torch.serialization.add_safe_globals`. We recommend you start setting `weights_only=True` for any use case where you don't have full control of the loaded file. Please open an issue on GitHub for any issues related to this experimental feature.
  model.load_state_dict(torch.load(os.path.join(out_dir, 'best_model.pth')))
Final Test MSE (Best Model): 0.0397
Finished. Status: Success
