Starting Run on GPU 2
Time: 2025-12-25 01:23:31

[Run Start] Subject S008 | Mode ['SDA'] | Params: L0.5_LS1.0_LR0.0001_E128_D128_Dr0.3

[Fold 1 - SDA] Train: ['S008_T004', 'S008_T006'], Test: S008_T001, Norm: fixed
/home/sangukchoi/.conda/envs/torch_gpu/lib/python3.10/site-packages/torch/nn/modules/rnn.py:123: UserWarning: dropout option adds dropout after all but last recurrent layer, so non-zero dropout expects num_layers greater than 1, but got dropout=0.3 and num_layers=1
  warnings.warn(
  Ep 1: Train 0.2962 | Val 0.1197 | Test 0.0430
Validation loss decreased (0.119729 --> 0.119729).  Saving model ...
  Ep 2: Train 0.1197 | Val 0.0964 | Test 0.0345
Validation loss decreased (0.096446 --> 0.096446).  Saving model ...
  Ep 3: Train 0.1078 | Val 0.0881 | Test 0.0378
Validation loss decreased (0.088057 --> 0.088057).  Saving model ...
  Ep 4: Train 0.1034 | Val 0.0862 | Test 0.0272
Validation loss decreased (0.086199 --> 0.086199).  Saving model ...
  Ep 5: Train 0.0983 | Val 0.0816 | Test 0.0368
Validation loss decreased (0.081567 --> 0.081567).  Saving model ...
  Ep 6: Train 0.0961 | Val 0.0776 | Test 0.0335
Validation loss decreased (0.077560 --> 0.077560).  Saving model ...
  Ep 7: Train 0.0939 | Val 0.0726 | Test 0.0259
Validation loss decreased (0.072579 --> 0.072579).  Saving model ...
  Ep 8: Train 0.0929 | Val 0.0779 | Test 0.0273
EarlyStopping counter: 1 out of 5
  Ep 9: Train 0.0915 | Val 0.0748 | Test 0.0244
EarlyStopping counter: 2 out of 5
  Ep 10: Train 0.0886 | Val 0.0714 | Test 0.0274
Validation loss decreased (0.071393 --> 0.071393).  Saving model ...
  Ep 11: Train 0.0869 | Val 0.0789 | Test 0.0303
EarlyStopping counter: 1 out of 5
  Ep 12: Train 0.0866 | Val 0.0801 | Test 0.0276
EarlyStopping counter: 2 out of 5
  Ep 13: Train 0.0856 | Val 0.0778 | Test 0.0275
EarlyStopping counter: 3 out of 5
  Ep 14: Train 0.0833 | Val 0.0758 | Test 0.0255
EarlyStopping counter: 4 out of 5
  Ep 15: Train 0.0829 | Val 0.0778 | Test 0.0278
EarlyStopping counter: 5 out of 5
Early stopping triggered!
/home/sangukchoi/Stroke_SDA/sda_training.py:615: FutureWarning: You are using `torch.load` with `weights_only=False` (the current default value), which uses the default pickle module implicitly. It is possible to construct malicious pickle data which will execute arbitrary code during unpickling (See https://github.com/pytorch/pytorch/blob/main/SECURITY.md#untrusted-models for more details). In a future release, the default value for `weights_only` will be flipped to `True`. This limits the functions that could be executed during unpickling. Arbitrary objects will no longer be allowed to be loaded via this mode unless they are explicitly allowlisted by the user via `torch.serialization.add_safe_globals`. We recommend you start setting `weights_only=True` for any use case where you don't have full control of the loaded file. Please open an issue on GitHub for any issues related to this experimental feature.
  model.load_state_dict(torch.load(os.path.join(out_dir, 'best_model.pth')))
Final Test MSE (Best Model): 0.0274
Finished. Status: Success
