Starting Run on GPU 1
Time: 2025-12-25 01:57:50

[Run Start] Subject S008 | Mode ['SDA'] | Params: L1.5_LS1.0_LR0.0001_E128_D32_Dr0.3

[Fold 1 - SDA] Train: ['S008_T004', 'S008_T006'], Test: S008_T001, Norm: fixed
/home/sangukchoi/.conda/envs/torch_gpu/lib/python3.10/site-packages/torch/nn/modules/rnn.py:123: UserWarning: dropout option adds dropout after all but last recurrent layer, so non-zero dropout expects num_layers greater than 1, but got dropout=0.3 and num_layers=1
  warnings.warn(
  Ep 1: Train 0.5452 | Val 0.2688 | Test 0.0359
Validation loss decreased (0.268765 --> 0.268765).  Saving model ...
  Ep 2: Train 0.2465 | Val 0.2031 | Test 0.0400
Validation loss decreased (0.203057 --> 0.203057).  Saving model ...
  Ep 3: Train 0.2190 | Val 0.1900 | Test 0.0403
Validation loss decreased (0.190017 --> 0.190017).  Saving model ...
  Ep 4: Train 0.2095 | Val 0.2017 | Test 0.0351
EarlyStopping counter: 1 out of 5
  Ep 5: Train 0.2060 | Val 0.2025 | Test 0.0313
EarlyStopping counter: 2 out of 5
  Ep 6: Train 0.2011 | Val 0.2086 | Test 0.0347
EarlyStopping counter: 3 out of 5
  Ep 7: Train 0.1963 | Val 0.1887 | Test 0.0414
Validation loss decreased (0.188653 --> 0.188653).  Saving model ...
  Ep 8: Train 0.1963 | Val 0.1966 | Test 0.0367
EarlyStopping counter: 1 out of 5
  Ep 9: Train 0.1889 | Val 0.1926 | Test 0.0402
EarlyStopping counter: 2 out of 5
  Ep 10: Train 0.1885 | Val 0.1828 | Test 0.0407
Validation loss decreased (0.182753 --> 0.182753).  Saving model ...
  Ep 11: Train 0.1870 | Val 0.1747 | Test 0.0407
Validation loss decreased (0.174733 --> 0.174733).  Saving model ...
  Ep 12: Train 0.1812 | Val 0.1760 | Test 0.0385
EarlyStopping counter: 1 out of 5
  Ep 13: Train 0.1830 | Val 0.1857 | Test 0.0404
EarlyStopping counter: 2 out of 5
  Ep 14: Train 0.1775 | Val 0.1761 | Test 0.0409
EarlyStopping counter: 3 out of 5
  Ep 15: Train 0.1794 | Val 0.1833 | Test 0.0462
EarlyStopping counter: 4 out of 5
  Ep 16: Train 0.1773 | Val 0.1891 | Test 0.0316
EarlyStopping counter: 5 out of 5
Early stopping triggered!
/home/sangukchoi/Stroke_SDA/sda_training.py:615: FutureWarning: You are using `torch.load` with `weights_only=False` (the current default value), which uses the default pickle module implicitly. It is possible to construct malicious pickle data which will execute arbitrary code during unpickling (See https://github.com/pytorch/pytorch/blob/main/SECURITY.md#untrusted-models for more details). In a future release, the default value for `weights_only` will be flipped to `True`. This limits the functions that could be executed during unpickling. Arbitrary objects will no longer be allowed to be loaded via this mode unless they are explicitly allowlisted by the user via `torch.serialization.add_safe_globals`. We recommend you start setting `weights_only=True` for any use case where you don't have full control of the loaded file. Please open an issue on GitHub for any issues related to this experimental feature.
  model.load_state_dict(torch.load(os.path.join(out_dir, 'best_model.pth')))
Final Test MSE (Best Model): 0.0407
Finished. Status: Success
