Starting Run on GPU 0
Time: 2025-12-25 03:29:50

[Run Start] Subject S008 | Mode ['SDA'] | Params: L3.0_LS0.7_LR0.0001_E64_D64_Dr0.3

[Fold 1 - SDA] Train: ['S008_T004', 'S008_T006'], Test: S008_T001, Norm: fixed
/home/sangukchoi/.conda/envs/torch_gpu/lib/python3.10/site-packages/torch/nn/modules/rnn.py:123: UserWarning: dropout option adds dropout after all but last recurrent layer, so non-zero dropout expects num_layers greater than 1, but got dropout=0.3 and num_layers=1
  warnings.warn(
  Ep 1: Train 0.9166 | Val 0.8182 | Test 0.0627
Validation loss decreased (0.818172 --> 0.818172).  Saving model ...
  Ep 2: Train 0.5726 | Val 0.6182 | Test 0.0417
Validation loss decreased (0.618204 --> 0.618204).  Saving model ...
  Ep 3: Train 0.4921 | Val 0.4555 | Test 0.0332
Validation loss decreased (0.455542 --> 0.455542).  Saving model ...
  Ep 4: Train 0.4329 | Val 0.3935 | Test 0.0480
Validation loss decreased (0.393535 --> 0.393535).  Saving model ...
  Ep 5: Train 0.4037 | Val 0.3898 | Test 0.0379
Validation loss decreased (0.389780 --> 0.389780).  Saving model ...
  Ep 6: Train 0.3899 | Val 0.3348 | Test 0.0368
Validation loss decreased (0.334837 --> 0.334837).  Saving model ...
  Ep 7: Train 0.3768 | Val 0.3511 | Test 0.0315
EarlyStopping counter: 1 out of 5
  Ep 8: Train 0.3627 | Val 0.3243 | Test 0.0379
Validation loss decreased (0.324294 --> 0.324294).  Saving model ...
  Ep 9: Train 0.3613 | Val 0.3530 | Test 0.0407
EarlyStopping counter: 1 out of 5
  Ep 10: Train 0.3611 | Val 0.3433 | Test 0.0378
EarlyStopping counter: 2 out of 5
  Ep 11: Train 0.3553 | Val 0.3599 | Test 0.0397
EarlyStopping counter: 3 out of 5
  Ep 12: Train 0.3438 | Val 0.3690 | Test 0.0461
EarlyStopping counter: 4 out of 5
  Ep 13: Train 0.3475 | Val 0.3330 | Test 0.0380
EarlyStopping counter: 5 out of 5
Early stopping triggered!
/home/sangukchoi/Stroke_SDA/sda_training.py:615: FutureWarning: You are using `torch.load` with `weights_only=False` (the current default value), which uses the default pickle module implicitly. It is possible to construct malicious pickle data which will execute arbitrary code during unpickling (See https://github.com/pytorch/pytorch/blob/main/SECURITY.md#untrusted-models for more details). In a future release, the default value for `weights_only` will be flipped to `True`. This limits the functions that could be executed during unpickling. Arbitrary objects will no longer be allowed to be loaded via this mode unless they are explicitly allowlisted by the user via `torch.serialization.add_safe_globals`. We recommend you start setting `weights_only=True` for any use case where you don't have full control of the loaded file. Please open an issue on GitHub for any issues related to this experimental feature.
  model.load_state_dict(torch.load(os.path.join(out_dir, 'best_model.pth')))
Final Test MSE (Best Model): 0.0379
Finished. Status: Success
