Starting Run on GPU 2
Time: 2025-12-25 01:10:30

[Run Start] Subject S008 | Mode ['SDA'] | Params: L0.5_LS0.7_LR0.0001_E256_D32_Dr0.3

[Fold 1 - SDA] Train: ['S008_T004', 'S008_T006'], Test: S008_T001, Norm: fixed
/home/sangukchoi/.conda/envs/torch_gpu/lib/python3.10/site-packages/torch/nn/modules/rnn.py:123: UserWarning: dropout option adds dropout after all but last recurrent layer, so non-zero dropout expects num_layers greater than 1, but got dropout=0.3 and num_layers=1
  warnings.warn(
  Ep 1: Train 0.2001 | Val 0.0983 | Test 0.0258
Validation loss decreased (0.098268 --> 0.098268).  Saving model ...
  Ep 2: Train 0.1019 | Val 0.0885 | Test 0.0216
Validation loss decreased (0.088513 --> 0.088513).  Saving model ...
  Ep 3: Train 0.0917 | Val 0.0741 | Test 0.0339
Validation loss decreased (0.074063 --> 0.074063).  Saving model ...
  Ep 4: Train 0.0857 | Val 0.0748 | Test 0.0236
EarlyStopping counter: 1 out of 5
  Ep 5: Train 0.0825 | Val 0.0752 | Test 0.0277
EarlyStopping counter: 2 out of 5
  Ep 6: Train 0.0793 | Val 0.0683 | Test 0.0168
Validation loss decreased (0.068298 --> 0.068298).  Saving model ...
  Ep 7: Train 0.0778 | Val 0.0657 | Test 0.0287
Validation loss decreased (0.065675 --> 0.065675).  Saving model ...
  Ep 8: Train 0.0754 | Val 0.0731 | Test 0.0221
EarlyStopping counter: 1 out of 5
  Ep 9: Train 0.0730 | Val 0.0687 | Test 0.0377
EarlyStopping counter: 2 out of 5
  Ep 10: Train 0.0722 | Val 0.0662 | Test 0.0222
EarlyStopping counter: 3 out of 5
  Ep 11: Train 0.0699 | Val 0.0578 | Test 0.0234
Validation loss decreased (0.057755 --> 0.057755).  Saving model ...
  Ep 12: Train 0.0687 | Val 0.0661 | Test 0.0252
EarlyStopping counter: 1 out of 5
  Ep 13: Train 0.0692 | Val 0.0601 | Test 0.0225
EarlyStopping counter: 2 out of 5
  Ep 14: Train 0.0677 | Val 0.0673 | Test 0.0280
EarlyStopping counter: 3 out of 5
  Ep 15: Train 0.0667 | Val 0.0604 | Test 0.0245
EarlyStopping counter: 4 out of 5
  Ep 16: Train 0.0657 | Val 0.0665 | Test 0.0182
EarlyStopping counter: 5 out of 5
Early stopping triggered!
/home/sangukchoi/Stroke_SDA/sda_training.py:615: FutureWarning: You are using `torch.load` with `weights_only=False` (the current default value), which uses the default pickle module implicitly. It is possible to construct malicious pickle data which will execute arbitrary code during unpickling (See https://github.com/pytorch/pytorch/blob/main/SECURITY.md#untrusted-models for more details). In a future release, the default value for `weights_only` will be flipped to `True`. This limits the functions that could be executed during unpickling. Arbitrary objects will no longer be allowed to be loaded via this mode unless they are explicitly allowlisted by the user via `torch.serialization.add_safe_globals`. We recommend you start setting `weights_only=True` for any use case where you don't have full control of the loaded file. Please open an issue on GitHub for any issues related to this experimental feature.
  model.load_state_dict(torch.load(os.path.join(out_dir, 'best_model.pth')))
Final Test MSE (Best Model): 0.0234
Finished. Status: Success
