Starting Run on GPU 0
Time: 2025-12-25 03:04:38

[Run Start] Subject S008 | Mode ['SDA'] | Params: L3.0_LS0.3_LR0.0001_E64_D128_Dr0.3

[Fold 1 - SDA] Train: ['S008_T004', 'S008_T006'], Test: S008_T001, Norm: fixed
/home/sangukchoi/.conda/envs/torch_gpu/lib/python3.10/site-packages/torch/nn/modules/rnn.py:123: UserWarning: dropout option adds dropout after all but last recurrent layer, so non-zero dropout expects num_layers greater than 1, but got dropout=0.3 and num_layers=1
  warnings.warn(
  Ep 1: Train 0.7261 | Val 0.7777 | Test 0.0782
Validation loss decreased (0.777701 --> 0.777701).  Saving model ...
  Ep 2: Train 0.5019 | Val 0.6153 | Test 0.0599
Validation loss decreased (0.615321 --> 0.615321).  Saving model ...
  Ep 3: Train 0.4659 | Val 0.5039 | Test 0.0510
Validation loss decreased (0.503880 --> 0.503880).  Saving model ...
  Ep 4: Train 0.4392 | Val 0.4625 | Test 0.0455
Validation loss decreased (0.462537 --> 0.462537).  Saving model ...
  Ep 5: Train 0.4182 | Val 0.4242 | Test 0.0398
Validation loss decreased (0.424232 --> 0.424232).  Saving model ...
  Ep 6: Train 0.4023 | Val 0.4346 | Test 0.0392
EarlyStopping counter: 1 out of 5
  Ep 7: Train 0.3903 | Val 0.4091 | Test 0.0417
Validation loss decreased (0.409070 --> 0.409070).  Saving model ...
  Ep 8: Train 0.3798 | Val 0.4182 | Test 0.0414
EarlyStopping counter: 1 out of 5
  Ep 9: Train 0.3694 | Val 0.3853 | Test 0.0423
Validation loss decreased (0.385316 --> 0.385316).  Saving model ...
  Ep 10: Train 0.3624 | Val 0.3672 | Test 0.0431
Validation loss decreased (0.367198 --> 0.367198).  Saving model ...
  Ep 11: Train 0.3518 | Val 0.3667 | Test 0.0387
EarlyStopping counter: 1 out of 5
  Ep 12: Train 0.3461 | Val 0.3658 | Test 0.0337
Validation loss decreased (0.365806 --> 0.365806).  Saving model ...
  Ep 13: Train 0.3389 | Val 0.3472 | Test 0.0388
Validation loss decreased (0.347222 --> 0.347222).  Saving model ...
  Ep 14: Train 0.3279 | Val 0.3790 | Test 0.0337
EarlyStopping counter: 1 out of 5
  Ep 15: Train 0.3289 | Val 0.3433 | Test 0.0378
Validation loss decreased (0.343327 --> 0.343327).  Saving model ...
  Ep 16: Train 0.3194 | Val 0.2940 | Test 0.0331
Validation loss decreased (0.293950 --> 0.293950).  Saving model ...
  Ep 17: Train 0.3183 | Val 0.3001 | Test 0.0462
EarlyStopping counter: 1 out of 5
  Ep 18: Train 0.3022 | Val 0.3406 | Test 0.0367
EarlyStopping counter: 2 out of 5
  Ep 19: Train 0.3101 | Val 0.2995 | Test 0.0364
EarlyStopping counter: 3 out of 5
  Ep 20: Train 0.3087 | Val 0.3139 | Test 0.0391
EarlyStopping counter: 4 out of 5
  Ep 21: Train 0.2983 | Val 0.2775 | Test 0.0345
Validation loss decreased (0.277456 --> 0.277456).  Saving model ...
  Ep 22: Train 0.2987 | Val 0.3327 | Test 0.0387
EarlyStopping counter: 1 out of 5
  Ep 23: Train 0.2918 | Val 0.3027 | Test 0.0331
EarlyStopping counter: 2 out of 5
  Ep 24: Train 0.2862 | Val 0.2793 | Test 0.0380
EarlyStopping counter: 3 out of 5
  Ep 25: Train 0.2869 | Val 0.2273 | Test 0.0397
Validation loss decreased (0.227260 --> 0.227260).  Saving model ...
  Ep 26: Train 0.2791 | Val 0.3057 | Test 0.0273
EarlyStopping counter: 1 out of 5
  Ep 27: Train 0.2756 | Val 0.3384 | Test 0.0304
EarlyStopping counter: 2 out of 5
  Ep 28: Train 0.2746 | Val 0.3222 | Test 0.0290
EarlyStopping counter: 3 out of 5
  Ep 29: Train 0.2797 | Val 0.3314 | Test 0.0296
EarlyStopping counter: 4 out of 5
  Ep 30: Train 0.2701 | Val 0.2543 | Test 0.0385
EarlyStopping counter: 5 out of 5
Early stopping triggered!
/home/sangukchoi/Stroke_SDA/sda_training.py:615: FutureWarning: You are using `torch.load` with `weights_only=False` (the current default value), which uses the default pickle module implicitly. It is possible to construct malicious pickle data which will execute arbitrary code during unpickling (See https://github.com/pytorch/pytorch/blob/main/SECURITY.md#untrusted-models for more details). In a future release, the default value for `weights_only` will be flipped to `True`. This limits the functions that could be executed during unpickling. Arbitrary objects will no longer be allowed to be loaded via this mode unless they are explicitly allowlisted by the user via `torch.serialization.add_safe_globals`. We recommend you start setting `weights_only=True` for any use case where you don't have full control of the loaded file. Please open an issue on GitHub for any issues related to this experimental feature.
  model.load_state_dict(torch.load(os.path.join(out_dir, 'best_model.pth')))
Final Test MSE (Best Model): 0.0397
Finished. Status: Success
