Starting Run on GPU 1
Time: 2025-12-25 02:27:02

[Run Start] Subject S008 | Mode ['SDA'] | Params: L2.5_LS0.3_LR0.0001_E64_D128_Dr0.3

[Fold 1 - SDA] Train: ['S008_T004', 'S008_T006'], Test: S008_T001, Norm: fixed
/home/sangukchoi/.conda/envs/torch_gpu/lib/python3.10/site-packages/torch/nn/modules/rnn.py:123: UserWarning: dropout option adds dropout after all but last recurrent layer, so non-zero dropout expects num_layers greater than 1, but got dropout=0.3 and num_layers=1
  warnings.warn(
  Ep 1: Train 0.6431 | Val 0.6238 | Test 0.0575
Validation loss decreased (0.623793 --> 0.623793).  Saving model ...
  Ep 2: Train 0.4183 | Val 0.4805 | Test 0.0445
Validation loss decreased (0.480497 --> 0.480497).  Saving model ...
  Ep 3: Train 0.3680 | Val 0.3685 | Test 0.0428
Validation loss decreased (0.368498 --> 0.368498).  Saving model ...
  Ep 4: Train 0.3389 | Val 0.3267 | Test 0.0393
Validation loss decreased (0.326698 --> 0.326698).  Saving model ...
  Ep 5: Train 0.3242 | Val 0.3256 | Test 0.0326
Validation loss decreased (0.325587 --> 0.325587).  Saving model ...
  Ep 6: Train 0.3132 | Val 0.3154 | Test 0.0334
Validation loss decreased (0.315406 --> 0.315406).  Saving model ...
  Ep 7: Train 0.3079 | Val 0.2966 | Test 0.0334
Validation loss decreased (0.296630 --> 0.296630).  Saving model ...
  Ep 8: Train 0.3031 | Val 0.2985 | Test 0.0353
EarlyStopping counter: 1 out of 5
  Ep 9: Train 0.2955 | Val 0.2982 | Test 0.0374
EarlyStopping counter: 2 out of 5
  Ep 10: Train 0.2976 | Val 0.3148 | Test 0.0300
EarlyStopping counter: 3 out of 5
  Ep 11: Train 0.2989 | Val 0.3084 | Test 0.0357
EarlyStopping counter: 4 out of 5
  Ep 12: Train 0.2869 | Val 0.3190 | Test 0.0321
EarlyStopping counter: 5 out of 5
Early stopping triggered!
/home/sangukchoi/Stroke_SDA/sda_training.py:615: FutureWarning: You are using `torch.load` with `weights_only=False` (the current default value), which uses the default pickle module implicitly. It is possible to construct malicious pickle data which will execute arbitrary code during unpickling (See https://github.com/pytorch/pytorch/blob/main/SECURITY.md#untrusted-models for more details). In a future release, the default value for `weights_only` will be flipped to `True`. This limits the functions that could be executed during unpickling. Arbitrary objects will no longer be allowed to be loaded via this mode unless they are explicitly allowlisted by the user via `torch.serialization.add_safe_globals`. We recommend you start setting `weights_only=True` for any use case where you don't have full control of the loaded file. Please open an issue on GitHub for any issues related to this experimental feature.
  model.load_state_dict(torch.load(os.path.join(out_dir, 'best_model.pth')))
Final Test MSE (Best Model): 0.0334
Finished. Status: Success
