Starting Run on GPU 3
Time: 2025-12-25 02:09:09

[Run Start] Subject S008 | Mode ['SDA'] | Params: L2.0_LS0.7_LR0.0001_E128_D64_Dr0.3

[Fold 1 - SDA] Train: ['S008_T004', 'S008_T006'], Test: S008_T001, Norm: fixed
/home/sangukchoi/.conda/envs/torch_gpu/lib/python3.10/site-packages/torch/nn/modules/rnn.py:123: UserWarning: dropout option adds dropout after all but last recurrent layer, so non-zero dropout expects num_layers greater than 1, but got dropout=0.3 and num_layers=1
  warnings.warn(
  Ep 1: Train 0.5652 | Val 0.4193 | Test 0.0389
Validation loss decreased (0.419343 --> 0.419343).  Saving model ...
  Ep 2: Train 0.3281 | Val 0.2789 | Test 0.0316
Validation loss decreased (0.278909 --> 0.278909).  Saving model ...
  Ep 3: Train 0.2919 | Val 0.2797 | Test 0.0282
EarlyStopping counter: 1 out of 5
  Ep 4: Train 0.2824 | Val 0.2927 | Test 0.0436
EarlyStopping counter: 2 out of 5
  Ep 5: Train 0.2692 | Val 0.2607 | Test 0.0399
Validation loss decreased (0.260689 --> 0.260689).  Saving model ...
  Ep 6: Train 0.2580 | Val 0.2668 | Test 0.0359
EarlyStopping counter: 1 out of 5
  Ep 7: Train 0.2553 | Val 0.2704 | Test 0.0344
EarlyStopping counter: 2 out of 5
  Ep 8: Train 0.2499 | Val 0.2499 | Test 0.0331
Validation loss decreased (0.249871 --> 0.249871).  Saving model ...
  Ep 9: Train 0.2457 | Val 0.2508 | Test 0.0401
EarlyStopping counter: 1 out of 5
  Ep 10: Train 0.2482 | Val 0.2541 | Test 0.0484
EarlyStopping counter: 2 out of 5
  Ep 11: Train 0.2472 | Val 0.2378 | Test 0.0328
Validation loss decreased (0.237837 --> 0.237837).  Saving model ...
  Ep 12: Train 0.2433 | Val 0.2388 | Test 0.0447
EarlyStopping counter: 1 out of 5
  Ep 13: Train 0.2431 | Val 0.2540 | Test 0.0414
EarlyStopping counter: 2 out of 5
  Ep 14: Train 0.2393 | Val 0.2712 | Test 0.0275
EarlyStopping counter: 3 out of 5
  Ep 15: Train 0.2370 | Val 0.2429 | Test 0.0284
EarlyStopping counter: 4 out of 5
  Ep 16: Train 0.2344 | Val 0.2434 | Test 0.0407
EarlyStopping counter: 5 out of 5
Early stopping triggered!
/home/sangukchoi/Stroke_SDA/sda_training.py:615: FutureWarning: You are using `torch.load` with `weights_only=False` (the current default value), which uses the default pickle module implicitly. It is possible to construct malicious pickle data which will execute arbitrary code during unpickling (See https://github.com/pytorch/pytorch/blob/main/SECURITY.md#untrusted-models for more details). In a future release, the default value for `weights_only` will be flipped to `True`. This limits the functions that could be executed during unpickling. Arbitrary objects will no longer be allowed to be loaded via this mode unless they are explicitly allowlisted by the user via `torch.serialization.add_safe_globals`. We recommend you start setting `weights_only=True` for any use case where you don't have full control of the loaded file. Please open an issue on GitHub for any issues related to this experimental feature.
  model.load_state_dict(torch.load(os.path.join(out_dir, 'best_model.pth')))
Final Test MSE (Best Model): 0.0328
Finished. Status: Success
