Starting Run on GPU 1
Time: 2025-12-25 01:48:46

[Run Start] Subject S008 | Mode ['SDA'] | Params: L1.5_LS0.7_LR0.0001_E128_D32_Dr0.3

[Fold 1 - SDA] Train: ['S008_T004', 'S008_T006'], Test: S008_T001, Norm: fixed
/home/sangukchoi/.conda/envs/torch_gpu/lib/python3.10/site-packages/torch/nn/modules/rnn.py:123: UserWarning: dropout option adds dropout after all but last recurrent layer, so non-zero dropout expects num_layers greater than 1, but got dropout=0.3 and num_layers=1
  warnings.warn(
  Ep 1: Train 0.4893 | Val 0.2882 | Test 0.0297
Validation loss decreased (0.288151 --> 0.288151).  Saving model ...
  Ep 2: Train 0.2463 | Val 0.2324 | Test 0.0303
Validation loss decreased (0.232366 --> 0.232366).  Saving model ...
  Ep 3: Train 0.2103 | Val 0.1737 | Test 0.0281
Validation loss decreased (0.173676 --> 0.173676).  Saving model ...
  Ep 4: Train 0.1998 | Val 0.1971 | Test 0.0446
EarlyStopping counter: 1 out of 5
  Ep 5: Train 0.1968 | Val 0.1984 | Test 0.0237
EarlyStopping counter: 2 out of 5
  Ep 6: Train 0.1936 | Val 0.1787 | Test 0.0363
EarlyStopping counter: 3 out of 5
  Ep 7: Train 0.1907 | Val 0.1787 | Test 0.0452
EarlyStopping counter: 4 out of 5
  Ep 8: Train 0.1877 | Val 0.1913 | Test 0.0461
EarlyStopping counter: 5 out of 5
Early stopping triggered!
/home/sangukchoi/Stroke_SDA/sda_training.py:615: FutureWarning: You are using `torch.load` with `weights_only=False` (the current default value), which uses the default pickle module implicitly. It is possible to construct malicious pickle data which will execute arbitrary code during unpickling (See https://github.com/pytorch/pytorch/blob/main/SECURITY.md#untrusted-models for more details). In a future release, the default value for `weights_only` will be flipped to `True`. This limits the functions that could be executed during unpickling. Arbitrary objects will no longer be allowed to be loaded via this mode unless they are explicitly allowlisted by the user via `torch.serialization.add_safe_globals`. We recommend you start setting `weights_only=True` for any use case where you don't have full control of the loaded file. Please open an issue on GitHub for any issues related to this experimental feature.
  model.load_state_dict(torch.load(os.path.join(out_dir, 'best_model.pth')))
Final Test MSE (Best Model): 0.0281
Finished. Status: Success
