Starting Run on GPU 1
Time: 2025-12-25 03:12:27

[Run Start] Subject S008 | Mode ['SDA'] | Params: L3.0_LS0.3_LR0.0001_E256_D64_Dr0.3

[Fold 1 - SDA] Train: ['S008_T004', 'S008_T006'], Test: S008_T001, Norm: fixed
/home/sangukchoi/.conda/envs/torch_gpu/lib/python3.10/site-packages/torch/nn/modules/rnn.py:123: UserWarning: dropout option adds dropout after all but last recurrent layer, so non-zero dropout expects num_layers greater than 1, but got dropout=0.3 and num_layers=1
  warnings.warn(
  Ep 1: Train 0.5981 | Val 0.4839 | Test 0.0460
Validation loss decreased (0.483914 --> 0.483914).  Saving model ...
  Ep 2: Train 0.4110 | Val 0.4192 | Test 0.0413
Validation loss decreased (0.419234 --> 0.419234).  Saving model ...
  Ep 3: Train 0.3584 | Val 0.3691 | Test 0.0305
Validation loss decreased (0.369070 --> 0.369070).  Saving model ...
  Ep 4: Train 0.3379 | Val 0.3719 | Test 0.0296
EarlyStopping counter: 1 out of 5
  Ep 5: Train 0.3238 | Val 0.2863 | Test 0.0320
Validation loss decreased (0.286300 --> 0.286300).  Saving model ...
  Ep 6: Train 0.3254 | Val 0.3041 | Test 0.0289
EarlyStopping counter: 1 out of 5
  Ep 7: Train 0.3126 | Val 0.2565 | Test 0.0421
Validation loss decreased (0.256472 --> 0.256472).  Saving model ...
  Ep 8: Train 0.2894 | Val 0.3199 | Test 0.0396
EarlyStopping counter: 1 out of 5
  Ep 9: Train 0.3019 | Val 0.2798 | Test 0.0347
EarlyStopping counter: 2 out of 5
  Ep 10: Train 0.2953 | Val 0.3180 | Test 0.0392
EarlyStopping counter: 3 out of 5
  Ep 11: Train 0.2898 | Val 0.2983 | Test 0.0497
EarlyStopping counter: 4 out of 5
  Ep 12: Train 0.2850 | Val 0.3251 | Test 0.0414
EarlyStopping counter: 5 out of 5
Early stopping triggered!
/home/sangukchoi/Stroke_SDA/sda_training.py:615: FutureWarning: You are using `torch.load` with `weights_only=False` (the current default value), which uses the default pickle module implicitly. It is possible to construct malicious pickle data which will execute arbitrary code during unpickling (See https://github.com/pytorch/pytorch/blob/main/SECURITY.md#untrusted-models for more details). In a future release, the default value for `weights_only` will be flipped to `True`. This limits the functions that could be executed during unpickling. Arbitrary objects will no longer be allowed to be loaded via this mode unless they are explicitly allowlisted by the user via `torch.serialization.add_safe_globals`. We recommend you start setting `weights_only=True` for any use case where you don't have full control of the loaded file. Please open an issue on GitHub for any issues related to this experimental feature.
  model.load_state_dict(torch.load(os.path.join(out_dir, 'best_model.pth')))
Final Test MSE (Best Model): 0.0421
Finished. Status: Success
