Starting Run on GPU 2
Time: 2025-12-25 01:27:51

[Run Start] Subject S008 | Mode ['SDA'] | Params: L1.0_LS0.7_LR0.0001_E64_D64_Dr0.3

[Fold 1 - SDA] Train: ['S008_T004', 'S008_T006'], Test: S008_T001, Norm: fixed
/home/sangukchoi/.conda/envs/torch_gpu/lib/python3.10/site-packages/torch/nn/modules/rnn.py:123: UserWarning: dropout option adds dropout after all but last recurrent layer, so non-zero dropout expects num_layers greater than 1, but got dropout=0.3 and num_layers=1
  warnings.warn(
  Ep 1: Train 0.4658 | Val 0.2716 | Test 0.0343
Validation loss decreased (0.271647 --> 0.271647).  Saving model ...
  Ep 2: Train 0.2056 | Val 0.1551 | Test 0.0437
Validation loss decreased (0.155101 --> 0.155101).  Saving model ...
  Ep 3: Train 0.1696 | Val 0.1453 | Test 0.0476
Validation loss decreased (0.145349 --> 0.145349).  Saving model ...
  Ep 4: Train 0.1584 | Val 0.1418 | Test 0.0356
Validation loss decreased (0.141769 --> 0.141769).  Saving model ...
  Ep 5: Train 0.1511 | Val 0.1438 | Test 0.0313
EarlyStopping counter: 1 out of 5
  Ep 6: Train 0.1519 | Val 0.1477 | Test 0.0399
EarlyStopping counter: 2 out of 5
  Ep 7: Train 0.1472 | Val 0.1414 | Test 0.0398
EarlyStopping counter: 3 out of 5
  Ep 8: Train 0.1457 | Val 0.1482 | Test 0.0413
EarlyStopping counter: 4 out of 5
  Ep 9: Train 0.1443 | Val 0.1378 | Test 0.0391
Validation loss decreased (0.137757 --> 0.137757).  Saving model ...
  Ep 10: Train 0.1429 | Val 0.1446 | Test 0.0407
EarlyStopping counter: 1 out of 5
  Ep 11: Train 0.1414 | Val 0.1437 | Test 0.0343
EarlyStopping counter: 2 out of 5
  Ep 12: Train 0.1398 | Val 0.1471 | Test 0.0338
EarlyStopping counter: 3 out of 5
  Ep 13: Train 0.1398 | Val 0.1421 | Test 0.0332
EarlyStopping counter: 4 out of 5
  Ep 14: Train 0.1377 | Val 0.1461 | Test 0.0421
EarlyStopping counter: 5 out of 5
Early stopping triggered!
/home/sangukchoi/Stroke_SDA/sda_training.py:615: FutureWarning: You are using `torch.load` with `weights_only=False` (the current default value), which uses the default pickle module implicitly. It is possible to construct malicious pickle data which will execute arbitrary code during unpickling (See https://github.com/pytorch/pytorch/blob/main/SECURITY.md#untrusted-models for more details). In a future release, the default value for `weights_only` will be flipped to `True`. This limits the functions that could be executed during unpickling. Arbitrary objects will no longer be allowed to be loaded via this mode unless they are explicitly allowlisted by the user via `torch.serialization.add_safe_globals`. We recommend you start setting `weights_only=True` for any use case where you don't have full control of the loaded file. Please open an issue on GitHub for any issues related to this experimental feature.
  model.load_state_dict(torch.load(os.path.join(out_dir, 'best_model.pth')))
Final Test MSE (Best Model): 0.0391
Finished. Status: Success
