Starting Run on GPU 3
Time: 2025-12-25 02:47:20

[Run Start] Subject S008 | Mode ['SDA'] | Params: L2.5_LS0.7_LR0.0001_E64_D64_Dr0.3

[Fold 1 - SDA] Train: ['S008_T004', 'S008_T006'], Test: S008_T001, Norm: fixed
/home/sangukchoi/.conda/envs/torch_gpu/lib/python3.10/site-packages/torch/nn/modules/rnn.py:123: UserWarning: dropout option adds dropout after all but last recurrent layer, so non-zero dropout expects num_layers greater than 1, but got dropout=0.3 and num_layers=1
  warnings.warn(
  Ep 1: Train 0.8212 | Val 0.7088 | Test 0.0533
Validation loss decreased (0.708840 --> 0.708840).  Saving model ...
  Ep 2: Train 0.4777 | Val 0.4462 | Test 0.0501
Validation loss decreased (0.446178 --> 0.446178).  Saving model ...
  Ep 3: Train 0.4020 | Val 0.3714 | Test 0.0376
Validation loss decreased (0.371406 --> 0.371406).  Saving model ...
  Ep 4: Train 0.3706 | Val 0.3285 | Test 0.0370
Validation loss decreased (0.328507 --> 0.328507).  Saving model ...
  Ep 5: Train 0.3507 | Val 0.3322 | Test 0.0321
EarlyStopping counter: 1 out of 5
  Ep 6: Train 0.3418 | Val 0.3193 | Test 0.0313
Validation loss decreased (0.319275 --> 0.319275).  Saving model ...
  Ep 7: Train 0.3300 | Val 0.3231 | Test 0.0290
EarlyStopping counter: 1 out of 5
  Ep 8: Train 0.3291 | Val 0.3361 | Test 0.0327
EarlyStopping counter: 2 out of 5
  Ep 9: Train 0.3195 | Val 0.3188 | Test 0.0263
EarlyStopping counter: 3 out of 5
  Ep 10: Train 0.3162 | Val 0.3183 | Test 0.0291
Validation loss decreased (0.318302 --> 0.318302).  Saving model ...
  Ep 11: Train 0.3135 | Val 0.3203 | Test 0.0365
EarlyStopping counter: 1 out of 5
  Ep 12: Train 0.3073 | Val 0.3191 | Test 0.0411
EarlyStopping counter: 2 out of 5
  Ep 13: Train 0.3039 | Val 0.3091 | Test 0.0386
Validation loss decreased (0.309094 --> 0.309094).  Saving model ...
  Ep 14: Train 0.3033 | Val 0.2808 | Test 0.0293
Validation loss decreased (0.280790 --> 0.280790).  Saving model ...
  Ep 15: Train 0.2923 | Val 0.2959 | Test 0.0374
EarlyStopping counter: 1 out of 5
  Ep 16: Train 0.2938 | Val 0.2927 | Test 0.0368
EarlyStopping counter: 2 out of 5
  Ep 17: Train 0.2879 | Val 0.2806 | Test 0.0332
EarlyStopping counter: 3 out of 5
  Ep 18: Train 0.2895 | Val 0.2858 | Test 0.0325
EarlyStopping counter: 4 out of 5
  Ep 19: Train 0.2870 | Val 0.2884 | Test 0.0361
EarlyStopping counter: 5 out of 5
Early stopping triggered!
/home/sangukchoi/Stroke_SDA/sda_training.py:615: FutureWarning: You are using `torch.load` with `weights_only=False` (the current default value), which uses the default pickle module implicitly. It is possible to construct malicious pickle data which will execute arbitrary code during unpickling (See https://github.com/pytorch/pytorch/blob/main/SECURITY.md#untrusted-models for more details). In a future release, the default value for `weights_only` will be flipped to `True`. This limits the functions that could be executed during unpickling. Arbitrary objects will no longer be allowed to be loaded via this mode unless they are explicitly allowlisted by the user via `torch.serialization.add_safe_globals`. We recommend you start setting `weights_only=True` for any use case where you don't have full control of the loaded file. Please open an issue on GitHub for any issues related to this experimental feature.
  model.load_state_dict(torch.load(os.path.join(out_dir, 'best_model.pth')))
Final Test MSE (Best Model): 0.0293
Finished. Status: Success
