Starting Run on GPU 3
Time: 2025-12-25 03:25:08

[Run Start] Subject S008 | Mode ['SDA'] | Params: L3.0_LS0.5_LR0.0001_E256_D32_Dr0.3

[Fold 1 - SDA] Train: ['S008_T004', 'S008_T006'], Test: S008_T001, Norm: fixed
/home/sangukchoi/.conda/envs/torch_gpu/lib/python3.10/site-packages/torch/nn/modules/rnn.py:123: UserWarning: dropout option adds dropout after all but last recurrent layer, so non-zero dropout expects num_layers greater than 1, but got dropout=0.3 and num_layers=1
  warnings.warn(
  Ep 1: Train 0.6370 | Val 0.4397 | Test 0.0499
Validation loss decreased (0.439701 --> 0.439701).  Saving model ...
  Ep 2: Train 0.4074 | Val 0.3355 | Test 0.0447
Validation loss decreased (0.335481 --> 0.335481).  Saving model ...
  Ep 3: Train 0.3662 | Val 0.3703 | Test 0.0450
EarlyStopping counter: 1 out of 5
  Ep 4: Train 0.3521 | Val 0.3044 | Test 0.0455
Validation loss decreased (0.304420 --> 0.304420).  Saving model ...
  Ep 5: Train 0.3367 | Val 0.3072 | Test 0.0413
EarlyStopping counter: 1 out of 5
  Ep 6: Train 0.3293 | Val 0.2807 | Test 0.0395
Validation loss decreased (0.280721 --> 0.280721).  Saving model ...
  Ep 7: Train 0.3287 | Val 0.3489 | Test 0.0357
EarlyStopping counter: 1 out of 5
  Ep 8: Train 0.3129 | Val 0.2832 | Test 0.0343
EarlyStopping counter: 2 out of 5
  Ep 9: Train 0.3080 | Val 0.2545 | Test 0.0417
Validation loss decreased (0.254550 --> 0.254550).  Saving model ...
  Ep 10: Train 0.3079 | Val 0.3024 | Test 0.0412
EarlyStopping counter: 1 out of 5
  Ep 11: Train 0.3058 | Val 0.2564 | Test 0.0505
EarlyStopping counter: 2 out of 5
  Ep 12: Train 0.2963 | Val 0.2944 | Test 0.0457
EarlyStopping counter: 3 out of 5
  Ep 13: Train 0.2930 | Val 0.3400 | Test 0.0520
EarlyStopping counter: 4 out of 5
  Ep 14: Train 0.3005 | Val 0.3125 | Test 0.0403
EarlyStopping counter: 5 out of 5
Early stopping triggered!
/home/sangukchoi/Stroke_SDA/sda_training.py:615: FutureWarning: You are using `torch.load` with `weights_only=False` (the current default value), which uses the default pickle module implicitly. It is possible to construct malicious pickle data which will execute arbitrary code during unpickling (See https://github.com/pytorch/pytorch/blob/main/SECURITY.md#untrusted-models for more details). In a future release, the default value for `weights_only` will be flipped to `True`. This limits the functions that could be executed during unpickling. Arbitrary objects will no longer be allowed to be loaded via this mode unless they are explicitly allowlisted by the user via `torch.serialization.add_safe_globals`. We recommend you start setting `weights_only=True` for any use case where you don't have full control of the loaded file. Please open an issue on GitHub for any issues related to this experimental feature.
  model.load_state_dict(torch.load(os.path.join(out_dir, 'best_model.pth')))
Final Test MSE (Best Model): 0.0417
Finished. Status: Success
