Starting Run on GPU 3
Time: 2025-12-25 02:38:09

[Run Start] Subject S008 | Mode ['SDA'] | Params: L2.5_LS0.5_LR0.0001_E64_D128_Dr0.3

[Fold 1 - SDA] Train: ['S008_T004', 'S008_T006'], Test: S008_T001, Norm: fixed
/home/sangukchoi/.conda/envs/torch_gpu/lib/python3.10/site-packages/torch/nn/modules/rnn.py:123: UserWarning: dropout option adds dropout after all but last recurrent layer, so non-zero dropout expects num_layers greater than 1, but got dropout=0.3 and num_layers=1
  warnings.warn(
  Ep 1: Train 0.7146 | Val 0.6963 | Test 0.0599
Validation loss decreased (0.696268 --> 0.696268).  Saving model ...
  Ep 2: Train 0.4742 | Val 0.4635 | Test 0.0460
Validation loss decreased (0.463474 --> 0.463474).  Saving model ...
  Ep 3: Train 0.4043 | Val 0.3715 | Test 0.0420
Validation loss decreased (0.371538 --> 0.371538).  Saving model ...
  Ep 4: Train 0.3634 | Val 0.3309 | Test 0.0557
Validation loss decreased (0.330909 --> 0.330909).  Saving model ...
  Ep 5: Train 0.3393 | Val 0.3029 | Test 0.0468
Validation loss decreased (0.302851 --> 0.302851).  Saving model ...
  Ep 6: Train 0.3151 | Val 0.2943 | Test 0.0400
Validation loss decreased (0.294338 --> 0.294338).  Saving model ...
  Ep 7: Train 0.3048 | Val 0.2828 | Test 0.0413
Validation loss decreased (0.282773 --> 0.282773).  Saving model ...
  Ep 8: Train 0.2995 | Val 0.2833 | Test 0.0560
EarlyStopping counter: 1 out of 5
  Ep 9: Train 0.2941 | Val 0.2844 | Test 0.0440
EarlyStopping counter: 2 out of 5
  Ep 10: Train 0.2854 | Val 0.2875 | Test 0.0338
EarlyStopping counter: 3 out of 5
  Ep 11: Train 0.2858 | Val 0.2507 | Test 0.0387
Validation loss decreased (0.250686 --> 0.250686).  Saving model ...
  Ep 12: Train 0.2791 | Val 0.2582 | Test 0.0359
EarlyStopping counter: 1 out of 5
  Ep 13: Train 0.2773 | Val 0.2702 | Test 0.0384
EarlyStopping counter: 2 out of 5
  Ep 14: Train 0.2716 | Val 0.2689 | Test 0.0504
EarlyStopping counter: 3 out of 5
  Ep 15: Train 0.2710 | Val 0.2775 | Test 0.0425
EarlyStopping counter: 4 out of 5
  Ep 16: Train 0.2683 | Val 0.2591 | Test 0.0409
EarlyStopping counter: 5 out of 5
Early stopping triggered!
/home/sangukchoi/Stroke_SDA/sda_training.py:615: FutureWarning: You are using `torch.load` with `weights_only=False` (the current default value), which uses the default pickle module implicitly. It is possible to construct malicious pickle data which will execute arbitrary code during unpickling (See https://github.com/pytorch/pytorch/blob/main/SECURITY.md#untrusted-models for more details). In a future release, the default value for `weights_only` will be flipped to `True`. This limits the functions that could be executed during unpickling. Arbitrary objects will no longer be allowed to be loaded via this mode unless they are explicitly allowlisted by the user via `torch.serialization.add_safe_globals`. We recommend you start setting `weights_only=True` for any use case where you don't have full control of the loaded file. Please open an issue on GitHub for any issues related to this experimental feature.
  model.load_state_dict(torch.load(os.path.join(out_dir, 'best_model.pth')))
Final Test MSE (Best Model): 0.0387
Finished. Status: Success
