Starting Run on GPU 0
Time: 2025-12-25 01:47:01

[Run Start] Subject S008 | Mode ['SDA'] | Params: L1.5_LS0.7_LR0.0001_E64_D32_Dr0.3

[Fold 1 - SDA] Train: ['S008_T004', 'S008_T006'], Test: S008_T001, Norm: fixed
/home/sangukchoi/.conda/envs/torch_gpu/lib/python3.10/site-packages/torch/nn/modules/rnn.py:123: UserWarning: dropout option adds dropout after all but last recurrent layer, so non-zero dropout expects num_layers greater than 1, but got dropout=0.3 and num_layers=1
  warnings.warn(
  Ep 1: Train 0.6310 | Val 0.3492 | Test 0.0425
Validation loss decreased (0.349152 --> 0.349152).  Saving model ...
  Ep 2: Train 0.2874 | Val 0.2193 | Test 0.0376
Validation loss decreased (0.219254 --> 0.219254).  Saving model ...
  Ep 3: Train 0.2324 | Val 0.1953 | Test 0.0422
Validation loss decreased (0.195279 --> 0.195279).  Saving model ...
  Ep 4: Train 0.2126 | Val 0.1820 | Test 0.0378
Validation loss decreased (0.181984 --> 0.181984).  Saving model ...
  Ep 5: Train 0.2043 | Val 0.1924 | Test 0.0294
EarlyStopping counter: 1 out of 5
  Ep 6: Train 0.1984 | Val 0.1891 | Test 0.0303
EarlyStopping counter: 2 out of 5
  Ep 7: Train 0.1969 | Val 0.1838 | Test 0.0393
EarlyStopping counter: 3 out of 5
  Ep 8: Train 0.1945 | Val 0.1825 | Test 0.0360
EarlyStopping counter: 4 out of 5
  Ep 9: Train 0.1956 | Val 0.1908 | Test 0.0319
EarlyStopping counter: 5 out of 5
Early stopping triggered!
/home/sangukchoi/Stroke_SDA/sda_training.py:615: FutureWarning: You are using `torch.load` with `weights_only=False` (the current default value), which uses the default pickle module implicitly. It is possible to construct malicious pickle data which will execute arbitrary code during unpickling (See https://github.com/pytorch/pytorch/blob/main/SECURITY.md#untrusted-models for more details). In a future release, the default value for `weights_only` will be flipped to `True`. This limits the functions that could be executed during unpickling. Arbitrary objects will no longer be allowed to be loaded via this mode unless they are explicitly allowlisted by the user via `torch.serialization.add_safe_globals`. We recommend you start setting `weights_only=True` for any use case where you don't have full control of the loaded file. Please open an issue on GitHub for any issues related to this experimental feature.
  model.load_state_dict(torch.load(os.path.join(out_dir, 'best_model.pth')))
Final Test MSE (Best Model): 0.0378
Finished. Status: Success
