Starting Run on GPU 0
Time: 2025-12-25 01:49:43

[Run Start] Subject S008 | Mode ['SDA'] | Params: L1.5_LS0.7_LR0.0001_E128_D64_Dr0.3

[Fold 1 - SDA] Train: ['S008_T004', 'S008_T006'], Test: S008_T001, Norm: fixed
/home/sangukchoi/.conda/envs/torch_gpu/lib/python3.10/site-packages/torch/nn/modules/rnn.py:123: UserWarning: dropout option adds dropout after all but last recurrent layer, so non-zero dropout expects num_layers greater than 1, but got dropout=0.3 and num_layers=1
  warnings.warn(
  Ep 1: Train 0.4674 | Val 0.3076 | Test 0.0431
Validation loss decreased (0.307642 --> 0.307642).  Saving model ...
  Ep 2: Train 0.2427 | Val 0.1879 | Test 0.0407
Validation loss decreased (0.187877 --> 0.187877).  Saving model ...
  Ep 3: Train 0.2146 | Val 0.1978 | Test 0.0308
EarlyStopping counter: 1 out of 5
  Ep 4: Train 0.2014 | Val 0.1834 | Test 0.0395
Validation loss decreased (0.183408 --> 0.183408).  Saving model ...
  Ep 5: Train 0.1933 | Val 0.1699 | Test 0.0356
Validation loss decreased (0.169918 --> 0.169918).  Saving model ...
  Ep 6: Train 0.1911 | Val 0.1736 | Test 0.0313
EarlyStopping counter: 1 out of 5
  Ep 7: Train 0.1848 | Val 0.1765 | Test 0.0363
EarlyStopping counter: 2 out of 5
  Ep 8: Train 0.1836 | Val 0.1798 | Test 0.0331
EarlyStopping counter: 3 out of 5
  Ep 9: Train 0.1824 | Val 0.1730 | Test 0.0304
EarlyStopping counter: 4 out of 5
  Ep 10: Train 0.1814 | Val 0.1653 | Test 0.0319
Validation loss decreased (0.165274 --> 0.165274).  Saving model ...
  Ep 11: Train 0.1773 | Val 0.1802 | Test 0.0414
EarlyStopping counter: 1 out of 5
  Ep 12: Train 0.1757 | Val 0.1836 | Test 0.0338
EarlyStopping counter: 2 out of 5
  Ep 13: Train 0.1753 | Val 0.1731 | Test 0.0372
EarlyStopping counter: 3 out of 5
  Ep 14: Train 0.1710 | Val 0.1785 | Test 0.0441
EarlyStopping counter: 4 out of 5
  Ep 15: Train 0.1715 | Val 0.1763 | Test 0.0276
EarlyStopping counter: 5 out of 5
Early stopping triggered!
/home/sangukchoi/Stroke_SDA/sda_training.py:615: FutureWarning: You are using `torch.load` with `weights_only=False` (the current default value), which uses the default pickle module implicitly. It is possible to construct malicious pickle data which will execute arbitrary code during unpickling (See https://github.com/pytorch/pytorch/blob/main/SECURITY.md#untrusted-models for more details). In a future release, the default value for `weights_only` will be flipped to `True`. This limits the functions that could be executed during unpickling. Arbitrary objects will no longer be allowed to be loaded via this mode unless they are explicitly allowlisted by the user via `torch.serialization.add_safe_globals`. We recommend you start setting `weights_only=True` for any use case where you don't have full control of the loaded file. Please open an issue on GitHub for any issues related to this experimental feature.
  model.load_state_dict(torch.load(os.path.join(out_dir, 'best_model.pth')))
Final Test MSE (Best Model): 0.0319
Finished. Status: Success
