Starting Run on GPU 3
Time: 2025-12-25 01:27:15

[Run Start] Subject S008 | Mode ['SDA'] | Params: L1.0_LS0.7_LR0.0001_E64_D32_Dr0.3

[Fold 1 - SDA] Train: ['S008_T004', 'S008_T006'], Test: S008_T001, Norm: fixed
/home/sangukchoi/.conda/envs/torch_gpu/lib/python3.10/site-packages/torch/nn/modules/rnn.py:123: UserWarning: dropout option adds dropout after all but last recurrent layer, so non-zero dropout expects num_layers greater than 1, but got dropout=0.3 and num_layers=1
  warnings.warn(
  Ep 1: Train 0.5294 | Val 0.2605 | Test 0.0485
Validation loss decreased (0.260544 --> 0.260544).  Saving model ...
  Ep 2: Train 0.2067 | Val 0.1783 | Test 0.0276
Validation loss decreased (0.178324 --> 0.178324).  Saving model ...
  Ep 3: Train 0.1700 | Val 0.1498 | Test 0.0321
Validation loss decreased (0.149799 --> 0.149799).  Saving model ...
  Ep 4: Train 0.1546 | Val 0.1319 | Test 0.0357
Validation loss decreased (0.131926 --> 0.131926).  Saving model ...
  Ep 5: Train 0.1484 | Val 0.1340 | Test 0.0329
EarlyStopping counter: 1 out of 5
  Ep 6: Train 0.1450 | Val 0.1303 | Test 0.0346
Validation loss decreased (0.130315 --> 0.130315).  Saving model ...
  Ep 7: Train 0.1435 | Val 0.1192 | Test 0.0336
Validation loss decreased (0.119173 --> 0.119173).  Saving model ...
  Ep 8: Train 0.1401 | Val 0.1389 | Test 0.0249
EarlyStopping counter: 1 out of 5
  Ep 9: Train 0.1409 | Val 0.1265 | Test 0.0340
EarlyStopping counter: 2 out of 5
  Ep 10: Train 0.1356 | Val 0.1122 | Test 0.0351
Validation loss decreased (0.112210 --> 0.112210).  Saving model ...
  Ep 11: Train 0.1368 | Val 0.1232 | Test 0.0436
EarlyStopping counter: 1 out of 5
  Ep 12: Train 0.1315 | Val 0.1192 | Test 0.0310
EarlyStopping counter: 2 out of 5
  Ep 13: Train 0.1314 | Val 0.1265 | Test 0.0328
EarlyStopping counter: 3 out of 5
  Ep 14: Train 0.1311 | Val 0.1284 | Test 0.0370
EarlyStopping counter: 4 out of 5
  Ep 15: Train 0.1309 | Val 0.1232 | Test 0.0465
EarlyStopping counter: 5 out of 5
Early stopping triggered!
/home/sangukchoi/Stroke_SDA/sda_training.py:615: FutureWarning: You are using `torch.load` with `weights_only=False` (the current default value), which uses the default pickle module implicitly. It is possible to construct malicious pickle data which will execute arbitrary code during unpickling (See https://github.com/pytorch/pytorch/blob/main/SECURITY.md#untrusted-models for more details). In a future release, the default value for `weights_only` will be flipped to `True`. This limits the functions that could be executed during unpickling. Arbitrary objects will no longer be allowed to be loaded via this mode unless they are explicitly allowlisted by the user via `torch.serialization.add_safe_globals`. We recommend you start setting `weights_only=True` for any use case where you don't have full control of the loaded file. Please open an issue on GitHub for any issues related to this experimental feature.
  model.load_state_dict(torch.load(os.path.join(out_dir, 'best_model.pth')))
Final Test MSE (Best Model): 0.0351
Finished. Status: Success
