Starting Run on GPU 3
Time: 2025-12-25 01:44:03

[Run Start] Subject S008 | Mode ['SDA'] | Params: L1.0_LS1.0_LR0.0001_E256_D128_Dr0.3

[Fold 1 - SDA] Train: ['S008_T004', 'S008_T006'], Test: S008_T001, Norm: fixed
/home/sangukchoi/.conda/envs/torch_gpu/lib/python3.10/site-packages/torch/nn/modules/rnn.py:123: UserWarning: dropout option adds dropout after all but last recurrent layer, so non-zero dropout expects num_layers greater than 1, but got dropout=0.3 and num_layers=1
  warnings.warn(
  Ep 1: Train 0.3181 | Val 0.1873 | Test 0.0437
Validation loss decreased (0.187263 --> 0.187263).  Saving model ...
  Ep 2: Train 0.1777 | Val 0.1515 | Test 0.0271
Validation loss decreased (0.151498 --> 0.151498).  Saving model ...
  Ep 3: Train 0.1662 | Val 0.1676 | Test 0.0274
EarlyStopping counter: 1 out of 5
  Ep 4: Train 0.1599 | Val 0.1464 | Test 0.0351
Validation loss decreased (0.146353 --> 0.146353).  Saving model ...
  Ep 5: Train 0.1518 | Val 0.1421 | Test 0.0281
Validation loss decreased (0.142074 --> 0.142074).  Saving model ...
  Ep 6: Train 0.1468 | Val 0.1371 | Test 0.0267
Validation loss decreased (0.137120 --> 0.137120).  Saving model ...
  Ep 7: Train 0.1458 | Val 0.1357 | Test 0.0278
Validation loss decreased (0.135679 --> 0.135679).  Saving model ...
  Ep 8: Train 0.1390 | Val 0.1228 | Test 0.0283
Validation loss decreased (0.122751 --> 0.122751).  Saving model ...
  Ep 9: Train 0.1387 | Val 0.1268 | Test 0.0316
EarlyStopping counter: 1 out of 5
  Ep 10: Train 0.1333 | Val 0.1261 | Test 0.0287
EarlyStopping counter: 2 out of 5
  Ep 11: Train 0.1318 | Val 0.1280 | Test 0.0286
EarlyStopping counter: 3 out of 5
  Ep 12: Train 0.1270 | Val 0.1376 | Test 0.0257
EarlyStopping counter: 4 out of 5
  Ep 13: Train 0.1247 | Val 0.1277 | Test 0.0325
EarlyStopping counter: 5 out of 5
Early stopping triggered!
/home/sangukchoi/Stroke_SDA/sda_training.py:615: FutureWarning: You are using `torch.load` with `weights_only=False` (the current default value), which uses the default pickle module implicitly. It is possible to construct malicious pickle data which will execute arbitrary code during unpickling (See https://github.com/pytorch/pytorch/blob/main/SECURITY.md#untrusted-models for more details). In a future release, the default value for `weights_only` will be flipped to `True`. This limits the functions that could be executed during unpickling. Arbitrary objects will no longer be allowed to be loaded via this mode unless they are explicitly allowlisted by the user via `torch.serialization.add_safe_globals`. We recommend you start setting `weights_only=True` for any use case where you don't have full control of the loaded file. Please open an issue on GitHub for any issues related to this experimental feature.
  model.load_state_dict(torch.load(os.path.join(out_dir, 'best_model.pth')))
Final Test MSE (Best Model): 0.0283
Finished. Status: Success
