Starting Run on GPU 0
Time: 2025-12-25 03:39:13

[Run Start] Subject S008 | Mode ['SDA'] | Params: L3.0_LS0.7_LR0.0001_E256_D128_Dr0.3

[Fold 1 - SDA] Train: ['S008_T004', 'S008_T006'], Test: S008_T001, Norm: fixed
/home/sangukchoi/.conda/envs/torch_gpu/lib/python3.10/site-packages/torch/nn/modules/rnn.py:123: UserWarning: dropout option adds dropout after all but last recurrent layer, so non-zero dropout expects num_layers greater than 1, but got dropout=0.3 and num_layers=1
  warnings.warn(
  Ep 1: Train 0.6467 | Val 0.4083 | Test 0.0347
Validation loss decreased (0.408263 --> 0.408263).  Saving model ...
  Ep 2: Train 0.4206 | Val 0.3679 | Test 0.0304
Validation loss decreased (0.367928 --> 0.367928).  Saving model ...
  Ep 3: Train 0.3693 | Val 0.3305 | Test 0.0345
Validation loss decreased (0.330464 --> 0.330464).  Saving model ...
  Ep 4: Train 0.3549 | Val 0.3984 | Test 0.0341
EarlyStopping counter: 1 out of 5
  Ep 5: Train 0.3431 | Val 0.3395 | Test 0.0254
EarlyStopping counter: 2 out of 5
  Ep 6: Train 0.3455 | Val 0.3265 | Test 0.0347
Validation loss decreased (0.326462 --> 0.326462).  Saving model ...
  Ep 7: Train 0.3364 | Val 0.3681 | Test 0.0448
EarlyStopping counter: 1 out of 5
  Ep 8: Train 0.3251 | Val 0.2919 | Test 0.0372
Validation loss decreased (0.291892 --> 0.291892).  Saving model ...
  Ep 9: Train 0.3261 | Val 0.3318 | Test 0.0408
EarlyStopping counter: 1 out of 5
  Ep 10: Train 0.3144 | Val 0.3571 | Test 0.0441
EarlyStopping counter: 2 out of 5
  Ep 11: Train 0.3104 | Val 0.3164 | Test 0.0302
EarlyStopping counter: 3 out of 5
  Ep 12: Train 0.3050 | Val 0.3082 | Test 0.0379
EarlyStopping counter: 4 out of 5
  Ep 13: Train 0.3050 | Val 0.2893 | Test 0.0298
Validation loss decreased (0.289338 --> 0.289338).  Saving model ...
  Ep 14: Train 0.3035 | Val 0.2904 | Test 0.0398
EarlyStopping counter: 1 out of 5
  Ep 15: Train 0.2889 | Val 0.2889 | Test 0.0267
EarlyStopping counter: 2 out of 5
  Ep 16: Train 0.2885 | Val 0.2811 | Test 0.0303
Validation loss decreased (0.281135 --> 0.281135).  Saving model ...
  Ep 17: Train 0.2937 | Val 0.2806 | Test 0.0372
Validation loss decreased (0.280583 --> 0.280583).  Saving model ...
  Ep 18: Train 0.2934 | Val 0.2965 | Test 0.0348
EarlyStopping counter: 1 out of 5
  Ep 19: Train 0.2935 | Val 0.2835 | Test 0.0313
EarlyStopping counter: 2 out of 5
  Ep 20: Train 0.2852 | Val 0.2886 | Test 0.0294
EarlyStopping counter: 3 out of 5
  Ep 21: Train 0.2851 | Val 0.2496 | Test 0.0415
Validation loss decreased (0.249566 --> 0.249566).  Saving model ...
  Ep 22: Train 0.2830 | Val 0.2740 | Test 0.0452
EarlyStopping counter: 1 out of 5
  Ep 23: Train 0.2703 | Val 0.3284 | Test 0.0264
EarlyStopping counter: 2 out of 5
  Ep 24: Train 0.2740 | Val 0.2992 | Test 0.0482
EarlyStopping counter: 3 out of 5
  Ep 25: Train 0.2913 | Val 0.3009 | Test 0.0391
EarlyStopping counter: 4 out of 5
  Ep 26: Train 0.2706 | Val 0.2728 | Test 0.0296
EarlyStopping counter: 5 out of 5
Early stopping triggered!
/home/sangukchoi/Stroke_SDA/sda_training.py:615: FutureWarning: You are using `torch.load` with `weights_only=False` (the current default value), which uses the default pickle module implicitly. It is possible to construct malicious pickle data which will execute arbitrary code during unpickling (See https://github.com/pytorch/pytorch/blob/main/SECURITY.md#untrusted-models for more details). In a future release, the default value for `weights_only` will be flipped to `True`. This limits the functions that could be executed during unpickling. Arbitrary objects will no longer be allowed to be loaded via this mode unless they are explicitly allowlisted by the user via `torch.serialization.add_safe_globals`. We recommend you start setting `weights_only=True` for any use case where you don't have full control of the loaded file. Please open an issue on GitHub for any issues related to this experimental feature.
  model.load_state_dict(torch.load(os.path.join(out_dir, 'best_model.pth')))
Final Test MSE (Best Model): 0.0415
Finished. Status: Success
