Starting Run on GPU 1
Time: 2025-12-25 03:46:43

[Run Start] Subject S008 | Mode ['SDA'] | Params: L3.0_LS1.0_LR0.0001_E256_D32_Dr0.3

[Fold 1 - SDA] Train: ['S008_T004', 'S008_T006'], Test: S008_T001, Norm: fixed
/home/sangukchoi/.conda/envs/torch_gpu/lib/python3.10/site-packages/torch/nn/modules/rnn.py:123: UserWarning: dropout option adds dropout after all but last recurrent layer, so non-zero dropout expects num_layers greater than 1, but got dropout=0.3 and num_layers=1
  warnings.warn(
  Ep 1: Train 0.7084 | Val 0.3758 | Test 0.0360
Validation loss decreased (0.375758 --> 0.375758).  Saving model ...
  Ep 2: Train 0.4024 | Val 0.3316 | Test 0.0434
Validation loss decreased (0.331603 --> 0.331603).  Saving model ...
  Ep 3: Train 0.3702 | Val 0.3110 | Test 0.0452
Validation loss decreased (0.310954 --> 0.310954).  Saving model ...
  Ep 4: Train 0.3570 | Val 0.3574 | Test 0.0409
EarlyStopping counter: 1 out of 5
  Ep 5: Train 0.3573 | Val 0.3612 | Test 0.0444
EarlyStopping counter: 2 out of 5
  Ep 6: Train 0.3481 | Val 0.3119 | Test 0.0332
EarlyStopping counter: 3 out of 5
  Ep 7: Train 0.3342 | Val 0.2891 | Test 0.0349
Validation loss decreased (0.289112 --> 0.289112).  Saving model ...
  Ep 8: Train 0.3380 | Val 0.3626 | Test 0.0341
EarlyStopping counter: 1 out of 5
  Ep 9: Train 0.3356 | Val 0.3611 | Test 0.0458
EarlyStopping counter: 2 out of 5
  Ep 10: Train 0.3308 | Val 0.3901 | Test 0.0300
EarlyStopping counter: 3 out of 5
  Ep 11: Train 0.3163 | Val 0.3330 | Test 0.0383
EarlyStopping counter: 4 out of 5
  Ep 12: Train 0.3112 | Val 0.3093 | Test 0.0304
EarlyStopping counter: 5 out of 5
Early stopping triggered!
/home/sangukchoi/Stroke_SDA/sda_training.py:615: FutureWarning: You are using `torch.load` with `weights_only=False` (the current default value), which uses the default pickle module implicitly. It is possible to construct malicious pickle data which will execute arbitrary code during unpickling (See https://github.com/pytorch/pytorch/blob/main/SECURITY.md#untrusted-models for more details). In a future release, the default value for `weights_only` will be flipped to `True`. This limits the functions that could be executed during unpickling. Arbitrary objects will no longer be allowed to be loaded via this mode unless they are explicitly allowlisted by the user via `torch.serialization.add_safe_globals`. We recommend you start setting `weights_only=True` for any use case where you don't have full control of the loaded file. Please open an issue on GitHub for any issues related to this experimental feature.
  model.load_state_dict(torch.load(os.path.join(out_dir, 'best_model.pth')))
Final Test MSE (Best Model): 0.0349
Finished. Status: Success
