Starting Run on GPU 1
Time: 2025-12-25 01:09:43

[Run Start] Subject S008 | Mode ['SDA'] | Params: L0.5_LS0.7_LR0.0001_E128_D64_Dr0.3

[Fold 1 - SDA] Train: ['S008_T004', 'S008_T006'], Test: S008_T001, Norm: fixed
/home/sangukchoi/.conda/envs/torch_gpu/lib/python3.10/site-packages/torch/nn/modules/rnn.py:123: UserWarning: dropout option adds dropout after all but last recurrent layer, so non-zero dropout expects num_layers greater than 1, but got dropout=0.3 and num_layers=1
  warnings.warn(
  Ep 1: Train 0.2568 | Val 0.1021 | Test 0.0326
Validation loss decreased (0.102144 --> 0.102144).  Saving model ...
  Ep 2: Train 0.1050 | Val 0.0888 | Test 0.0248
Validation loss decreased (0.088773 --> 0.088773).  Saving model ...
  Ep 3: Train 0.0930 | Val 0.0827 | Test 0.0417
Validation loss decreased (0.082744 --> 0.082744).  Saving model ...
  Ep 4: Train 0.0902 | Val 0.0883 | Test 0.0480
EarlyStopping counter: 1 out of 5
  Ep 5: Train 0.0856 | Val 0.0786 | Test 0.0446
Validation loss decreased (0.078646 --> 0.078646).  Saving model ...
  Ep 6: Train 0.0832 | Val 0.0780 | Test 0.0505
Validation loss decreased (0.077953 --> 0.077953).  Saving model ...
  Ep 7: Train 0.0809 | Val 0.0756 | Test 0.0513
Validation loss decreased (0.075580 --> 0.075580).  Saving model ...
  Ep 8: Train 0.0787 | Val 0.0735 | Test 0.0478
Validation loss decreased (0.073516 --> 0.073516).  Saving model ...
  Ep 9: Train 0.0778 | Val 0.0720 | Test 0.0565
Validation loss decreased (0.071955 --> 0.071955).  Saving model ...
  Ep 10: Train 0.0770 | Val 0.0719 | Test 0.0487
EarlyStopping counter: 1 out of 5
  Ep 11: Train 0.0758 | Val 0.0817 | Test 0.0508
EarlyStopping counter: 2 out of 5
  Ep 12: Train 0.0751 | Val 0.0723 | Test 0.0430
EarlyStopping counter: 3 out of 5
  Ep 13: Train 0.0735 | Val 0.0744 | Test 0.0482
EarlyStopping counter: 4 out of 5
  Ep 14: Train 0.0729 | Val 0.0699 | Test 0.0348
Validation loss decreased (0.069854 --> 0.069854).  Saving model ...
  Ep 15: Train 0.0730 | Val 0.0692 | Test 0.0377
Validation loss decreased (0.069222 --> 0.069222).  Saving model ...
  Ep 16: Train 0.0722 | Val 0.0720 | Test 0.0431
EarlyStopping counter: 1 out of 5
  Ep 17: Train 0.0702 | Val 0.0784 | Test 0.0320
EarlyStopping counter: 2 out of 5
  Ep 18: Train 0.0696 | Val 0.0718 | Test 0.0329
EarlyStopping counter: 3 out of 5
  Ep 19: Train 0.0683 | Val 0.0743 | Test 0.0443
EarlyStopping counter: 4 out of 5
  Ep 20: Train 0.0703 | Val 0.0741 | Test 0.0339
EarlyStopping counter: 5 out of 5
Early stopping triggered!
/home/sangukchoi/Stroke_SDA/sda_training.py:615: FutureWarning: You are using `torch.load` with `weights_only=False` (the current default value), which uses the default pickle module implicitly. It is possible to construct malicious pickle data which will execute arbitrary code during unpickling (See https://github.com/pytorch/pytorch/blob/main/SECURITY.md#untrusted-models for more details). In a future release, the default value for `weights_only` will be flipped to `True`. This limits the functions that could be executed during unpickling. Arbitrary objects will no longer be allowed to be loaded via this mode unless they are explicitly allowlisted by the user via `torch.serialization.add_safe_globals`. We recommend you start setting `weights_only=True` for any use case where you don't have full control of the loaded file. Please open an issue on GitHub for any issues related to this experimental feature.
  model.load_state_dict(torch.load(os.path.join(out_dir, 'best_model.pth')))
Final Test MSE (Best Model): 0.0377
Finished. Status: Success
