Starting Run on GPU 0
Time: 2025-12-25 02:06:10

[Run Start] Subject S008 | Mode ['SDA'] | Params: L2.0_LS0.7_LR0.0001_E64_D64_Dr0.3

[Fold 1 - SDA] Train: ['S008_T004', 'S008_T006'], Test: S008_T001, Norm: fixed
/home/sangukchoi/.conda/envs/torch_gpu/lib/python3.10/site-packages/torch/nn/modules/rnn.py:123: UserWarning: dropout option adds dropout after all but last recurrent layer, so non-zero dropout expects num_layers greater than 1, but got dropout=0.3 and num_layers=1
  warnings.warn(
  Ep 1: Train 0.6943 | Val 0.4313 | Test 0.0416
Validation loss decreased (0.431253 --> 0.431253).  Saving model ...
  Ep 2: Train 0.3717 | Val 0.2949 | Test 0.0445
Validation loss decreased (0.294869 --> 0.294869).  Saving model ...
  Ep 3: Train 0.3131 | Val 0.2664 | Test 0.0357
Validation loss decreased (0.266358 --> 0.266358).  Saving model ...
  Ep 4: Train 0.2921 | Val 0.2383 | Test 0.0410
Validation loss decreased (0.238253 --> 0.238253).  Saving model ...
  Ep 5: Train 0.2776 | Val 0.2413 | Test 0.0396
EarlyStopping counter: 1 out of 5
  Ep 6: Train 0.2670 | Val 0.2284 | Test 0.0408
Validation loss decreased (0.228372 --> 0.228372).  Saving model ...
  Ep 7: Train 0.2570 | Val 0.2203 | Test 0.0396
Validation loss decreased (0.220302 --> 0.220302).  Saving model ...
  Ep 8: Train 0.2539 | Val 0.2359 | Test 0.0314
EarlyStopping counter: 1 out of 5
  Ep 9: Train 0.2502 | Val 0.2357 | Test 0.0392
EarlyStopping counter: 2 out of 5
  Ep 10: Train 0.2491 | Val 0.2215 | Test 0.0397
EarlyStopping counter: 3 out of 5
  Ep 11: Train 0.2454 | Val 0.2123 | Test 0.0401
Validation loss decreased (0.212302 --> 0.212302).  Saving model ...
  Ep 12: Train 0.2419 | Val 0.2066 | Test 0.0399
Validation loss decreased (0.206645 --> 0.206645).  Saving model ...
  Ep 13: Train 0.2417 | Val 0.2213 | Test 0.0418
EarlyStopping counter: 1 out of 5
  Ep 14: Train 0.2351 | Val 0.2248 | Test 0.0526
EarlyStopping counter: 2 out of 5
  Ep 15: Train 0.2376 | Val 0.1989 | Test 0.0447
Validation loss decreased (0.198928 --> 0.198928).  Saving model ...
  Ep 16: Train 0.2338 | Val 0.2192 | Test 0.0458
EarlyStopping counter: 1 out of 5
  Ep 17: Train 0.2303 | Val 0.1992 | Test 0.0350
EarlyStopping counter: 2 out of 5
  Ep 18: Train 0.2252 | Val 0.1970 | Test 0.0374
Validation loss decreased (0.197005 --> 0.197005).  Saving model ...
  Ep 19: Train 0.2281 | Val 0.2180 | Test 0.0439
EarlyStopping counter: 1 out of 5
  Ep 20: Train 0.2193 | Val 0.2231 | Test 0.0374
EarlyStopping counter: 2 out of 5
  Ep 21: Train 0.2243 | Val 0.2295 | Test 0.0379
EarlyStopping counter: 3 out of 5
  Ep 22: Train 0.2278 | Val 0.2070 | Test 0.0448
EarlyStopping counter: 4 out of 5
  Ep 23: Train 0.2221 | Val 0.2156 | Test 0.0385
EarlyStopping counter: 5 out of 5
Early stopping triggered!
/home/sangukchoi/Stroke_SDA/sda_training.py:615: FutureWarning: You are using `torch.load` with `weights_only=False` (the current default value), which uses the default pickle module implicitly. It is possible to construct malicious pickle data which will execute arbitrary code during unpickling (See https://github.com/pytorch/pytorch/blob/main/SECURITY.md#untrusted-models for more details). In a future release, the default value for `weights_only` will be flipped to `True`. This limits the functions that could be executed during unpickling. Arbitrary objects will no longer be allowed to be loaded via this mode unless they are explicitly allowlisted by the user via `torch.serialization.add_safe_globals`. We recommend you start setting `weights_only=True` for any use case where you don't have full control of the loaded file. Please open an issue on GitHub for any issues related to this experimental feature.
  model.load_state_dict(torch.load(os.path.join(out_dir, 'best_model.pth')))
Final Test MSE (Best Model): 0.0374
Finished. Status: Success
