Starting Run on GPU 0
Time: 2025-12-25 01:15:15

[Run Start] Subject S008 | Mode ['SDA'] | Params: L0.5_LS0.7_LR0.0001_E256_D128_Dr0.3

[Fold 1 - SDA] Train: ['S008_T004', 'S008_T006'], Test: S008_T001, Norm: fixed
/home/sangukchoi/.conda/envs/torch_gpu/lib/python3.10/site-packages/torch/nn/modules/rnn.py:123: UserWarning: dropout option adds dropout after all but last recurrent layer, so non-zero dropout expects num_layers greater than 1, but got dropout=0.3 and num_layers=1
  warnings.warn(
  Ep 1: Train 0.1917 | Val 0.1004 | Test 0.0247
Validation loss decreased (0.100363 --> 0.100363).  Saving model ...
  Ep 2: Train 0.1005 | Val 0.0879 | Test 0.0375
Validation loss decreased (0.087940 --> 0.087940).  Saving model ...
  Ep 3: Train 0.0937 | Val 0.0762 | Test 0.0349
Validation loss decreased (0.076171 --> 0.076171).  Saving model ...
  Ep 4: Train 0.0873 | Val 0.0804 | Test 0.0379
EarlyStopping counter: 1 out of 5
  Ep 5: Train 0.0842 | Val 0.0738 | Test 0.0242
Validation loss decreased (0.073828 --> 0.073828).  Saving model ...
  Ep 6: Train 0.0806 | Val 0.0714 | Test 0.0350
Validation loss decreased (0.071363 --> 0.071363).  Saving model ...
  Ep 7: Train 0.0773 | Val 0.0695 | Test 0.0342
Validation loss decreased (0.069542 --> 0.069542).  Saving model ...
  Ep 8: Train 0.0755 | Val 0.0703 | Test 0.0339
EarlyStopping counter: 1 out of 5
  Ep 9: Train 0.0741 | Val 0.0677 | Test 0.0276
Validation loss decreased (0.067735 --> 0.067735).  Saving model ...
  Ep 10: Train 0.0725 | Val 0.0688 | Test 0.0299
EarlyStopping counter: 1 out of 5
  Ep 11: Train 0.0712 | Val 0.0813 | Test 0.0314
EarlyStopping counter: 2 out of 5
  Ep 12: Train 0.0692 | Val 0.0742 | Test 0.0230
EarlyStopping counter: 3 out of 5
  Ep 13: Train 0.0691 | Val 0.0700 | Test 0.0264
EarlyStopping counter: 4 out of 5
  Ep 14: Train 0.0687 | Val 0.0714 | Test 0.0304
EarlyStopping counter: 5 out of 5
Early stopping triggered!
/home/sangukchoi/Stroke_SDA/sda_training.py:615: FutureWarning: You are using `torch.load` with `weights_only=False` (the current default value), which uses the default pickle module implicitly. It is possible to construct malicious pickle data which will execute arbitrary code during unpickling (See https://github.com/pytorch/pytorch/blob/main/SECURITY.md#untrusted-models for more details). In a future release, the default value for `weights_only` will be flipped to `True`. This limits the functions that could be executed during unpickling. Arbitrary objects will no longer be allowed to be loaded via this mode unless they are explicitly allowlisted by the user via `torch.serialization.add_safe_globals`. We recommend you start setting `weights_only=True` for any use case where you don't have full control of the loaded file. Please open an issue on GitHub for any issues related to this experimental feature.
  model.load_state_dict(torch.load(os.path.join(out_dir, 'best_model.pth')))
Final Test MSE (Best Model): 0.0276
Finished. Status: Success
