Starting Run on GPU 0
Time: 2025-12-25 01:56:59

[Run Start] Subject S008 | Mode ['SDA'] | Params: L1.5_LS1.0_LR0.0001_E64_D128_Dr0.3

[Fold 1 - SDA] Train: ['S008_T004', 'S008_T006'], Test: S008_T001, Norm: fixed
/home/sangukchoi/.conda/envs/torch_gpu/lib/python3.10/site-packages/torch/nn/modules/rnn.py:123: UserWarning: dropout option adds dropout after all but last recurrent layer, so non-zero dropout expects num_layers greater than 1, but got dropout=0.3 and num_layers=1
  warnings.warn(
  Ep 1: Train 0.5975 | Val 0.3318 | Test 0.0479
Validation loss decreased (0.331839 --> 0.331839).  Saving model ...
  Ep 2: Train 0.3101 | Val 0.2361 | Test 0.0506
Validation loss decreased (0.236095 --> 0.236095).  Saving model ...
  Ep 3: Train 0.2590 | Val 0.2209 | Test 0.0442
Validation loss decreased (0.220940 --> 0.220940).  Saving model ...
  Ep 4: Train 0.2423 | Val 0.2044 | Test 0.0405
Validation loss decreased (0.204412 --> 0.204412).  Saving model ...
  Ep 5: Train 0.2287 | Val 0.1977 | Test 0.0376
Validation loss decreased (0.197716 --> 0.197716).  Saving model ...
  Ep 6: Train 0.2245 | Val 0.1980 | Test 0.0365
EarlyStopping counter: 1 out of 5
  Ep 7: Train 0.2187 | Val 0.1930 | Test 0.0366
Validation loss decreased (0.192967 --> 0.192967).  Saving model ...
  Ep 8: Train 0.2164 | Val 0.1969 | Test 0.0411
EarlyStopping counter: 1 out of 5
  Ep 9: Train 0.2118 | Val 0.1854 | Test 0.0310
Validation loss decreased (0.185411 --> 0.185411).  Saving model ...
  Ep 10: Train 0.2086 | Val 0.2209 | Test 0.0395
EarlyStopping counter: 1 out of 5
  Ep 11: Train 0.2067 | Val 0.1963 | Test 0.0276
EarlyStopping counter: 2 out of 5
  Ep 12: Train 0.2076 | Val 0.1893 | Test 0.0362
EarlyStopping counter: 3 out of 5
  Ep 13: Train 0.2054 | Val 0.1882 | Test 0.0434
EarlyStopping counter: 4 out of 5
  Ep 14: Train 0.2013 | Val 0.1973 | Test 0.0376
EarlyStopping counter: 5 out of 5
Early stopping triggered!
/home/sangukchoi/Stroke_SDA/sda_training.py:615: FutureWarning: You are using `torch.load` with `weights_only=False` (the current default value), which uses the default pickle module implicitly. It is possible to construct malicious pickle data which will execute arbitrary code during unpickling (See https://github.com/pytorch/pytorch/blob/main/SECURITY.md#untrusted-models for more details). In a future release, the default value for `weights_only` will be flipped to `True`. This limits the functions that could be executed during unpickling. Arbitrary objects will no longer be allowed to be loaded via this mode unless they are explicitly allowlisted by the user via `torch.serialization.add_safe_globals`. We recommend you start setting `weights_only=True` for any use case where you don't have full control of the loaded file. Please open an issue on GitHub for any issues related to this experimental feature.
  model.load_state_dict(torch.load(os.path.join(out_dir, 'best_model.pth')))
Final Test MSE (Best Model): 0.0310
Finished. Status: Success
