Starting Run on GPU 2
Time: 2025-12-25 02:37:35

[Run Start] Subject S008 | Mode ['SDA'] | Params: L2.5_LS0.5_LR0.0001_E64_D64_Dr0.3

[Fold 1 - SDA] Train: ['S008_T004', 'S008_T006'], Test: S008_T001, Norm: fixed
/home/sangukchoi/.conda/envs/torch_gpu/lib/python3.10/site-packages/torch/nn/modules/rnn.py:123: UserWarning: dropout option adds dropout after all but last recurrent layer, so non-zero dropout expects num_layers greater than 1, but got dropout=0.3 and num_layers=1
  warnings.warn(
  Ep 1: Train 0.7936 | Val 0.7374 | Test 0.0691
Validation loss decreased (0.737381 --> 0.737381).  Saving model ...
  Ep 2: Train 0.4811 | Val 0.5515 | Test 0.0391
Validation loss decreased (0.551469 --> 0.551469).  Saving model ...
  Ep 3: Train 0.4242 | Val 0.4832 | Test 0.0355
Validation loss decreased (0.483166 --> 0.483166).  Saving model ...
  Ep 4: Train 0.3905 | Val 0.4225 | Test 0.0435
Validation loss decreased (0.422451 --> 0.422451).  Saving model ...
  Ep 5: Train 0.3612 | Val 0.4014 | Test 0.0340
Validation loss decreased (0.401435 --> 0.401435).  Saving model ...
  Ep 6: Train 0.3430 | Val 0.3393 | Test 0.0346
Validation loss decreased (0.339263 --> 0.339263).  Saving model ...
  Ep 7: Train 0.3326 | Val 0.3444 | Test 0.0389
EarlyStopping counter: 1 out of 5
  Ep 8: Train 0.3190 | Val 0.3435 | Test 0.0296
EarlyStopping counter: 2 out of 5
  Ep 9: Train 0.3095 | Val 0.3147 | Test 0.0313
Validation loss decreased (0.314743 --> 0.314743).  Saving model ...
  Ep 10: Train 0.3048 | Val 0.3028 | Test 0.0362
Validation loss decreased (0.302846 --> 0.302846).  Saving model ...
  Ep 11: Train 0.2996 | Val 0.3277 | Test 0.0244
EarlyStopping counter: 1 out of 5
  Ep 12: Train 0.2980 | Val 0.2918 | Test 0.0302
Validation loss decreased (0.291800 --> 0.291800).  Saving model ...
  Ep 13: Train 0.2937 | Val 0.2687 | Test 0.0349
Validation loss decreased (0.268708 --> 0.268708).  Saving model ...
  Ep 14: Train 0.2926 | Val 0.2953 | Test 0.0417
EarlyStopping counter: 1 out of 5
  Ep 15: Train 0.2929 | Val 0.2880 | Test 0.0348
EarlyStopping counter: 2 out of 5
  Ep 16: Train 0.2826 | Val 0.3114 | Test 0.0269
EarlyStopping counter: 3 out of 5
  Ep 17: Train 0.2842 | Val 0.2924 | Test 0.0343
EarlyStopping counter: 4 out of 5
  Ep 18: Train 0.2846 | Val 0.2797 | Test 0.0374
EarlyStopping counter: 5 out of 5
Early stopping triggered!
/home/sangukchoi/Stroke_SDA/sda_training.py:615: FutureWarning: You are using `torch.load` with `weights_only=False` (the current default value), which uses the default pickle module implicitly. It is possible to construct malicious pickle data which will execute arbitrary code during unpickling (See https://github.com/pytorch/pytorch/blob/main/SECURITY.md#untrusted-models for more details). In a future release, the default value for `weights_only` will be flipped to `True`. This limits the functions that could be executed during unpickling. Arbitrary objects will no longer be allowed to be loaded via this mode unless they are explicitly allowlisted by the user via `torch.serialization.add_safe_globals`. We recommend you start setting `weights_only=True` for any use case where you don't have full control of the loaded file. Please open an issue on GitHub for any issues related to this experimental feature.
  model.load_state_dict(torch.load(os.path.join(out_dir, 'best_model.pth')))
Final Test MSE (Best Model): 0.0349
Finished. Status: Success
