Starting Run on GPU 2
Time: 2025-12-25 03:37:00

[Run Start] Subject S008 | Mode ['SDA'] | Params: L3.0_LS0.7_LR0.0001_E256_D64_Dr0.3

[Fold 1 - SDA] Train: ['S008_T004', 'S008_T006'], Test: S008_T001, Norm: fixed
/home/sangukchoi/.conda/envs/torch_gpu/lib/python3.10/site-packages/torch/nn/modules/rnn.py:123: UserWarning: dropout option adds dropout after all but last recurrent layer, so non-zero dropout expects num_layers greater than 1, but got dropout=0.3 and num_layers=1
  warnings.warn(
  Ep 1: Train 0.6500 | Val 0.4632 | Test 0.0324
Validation loss decreased (0.463241 --> 0.463241).  Saving model ...
  Ep 2: Train 0.4227 | Val 0.4636 | Test 0.0734
EarlyStopping counter: 1 out of 5
  Ep 3: Train 0.3927 | Val 0.3405 | Test 0.0424
Validation loss decreased (0.340509 --> 0.340509).  Saving model ...
  Ep 4: Train 0.3704 | Val 0.3750 | Test 0.0423
EarlyStopping counter: 1 out of 5
  Ep 5: Train 0.3539 | Val 0.3070 | Test 0.0326
Validation loss decreased (0.307027 --> 0.307027).  Saving model ...
  Ep 6: Train 0.3562 | Val 0.3680 | Test 0.0330
EarlyStopping counter: 1 out of 5
  Ep 7: Train 0.3366 | Val 0.3243 | Test 0.0331
EarlyStopping counter: 2 out of 5
  Ep 8: Train 0.3373 | Val 0.3045 | Test 0.0390
Validation loss decreased (0.304463 --> 0.304463).  Saving model ...
  Ep 9: Train 0.3328 | Val 0.3544 | Test 0.0364
EarlyStopping counter: 1 out of 5
  Ep 10: Train 0.3255 | Val 0.3259 | Test 0.0366
EarlyStopping counter: 2 out of 5
  Ep 11: Train 0.3174 | Val 0.3134 | Test 0.0478
EarlyStopping counter: 3 out of 5
  Ep 12: Train 0.3168 | Val 0.3456 | Test 0.0427
EarlyStopping counter: 4 out of 5
  Ep 13: Train 0.3097 | Val 0.3013 | Test 0.0541
Validation loss decreased (0.301282 --> 0.301282).  Saving model ...
  Ep 14: Train 0.3086 | Val 0.3353 | Test 0.0408
EarlyStopping counter: 1 out of 5
  Ep 15: Train 0.2968 | Val 0.3097 | Test 0.0440
EarlyStopping counter: 2 out of 5
  Ep 16: Train 0.3042 | Val 0.3011 | Test 0.0443
EarlyStopping counter: 3 out of 5
  Ep 17: Train 0.3005 | Val 0.3046 | Test 0.0402
EarlyStopping counter: 4 out of 5
  Ep 18: Train 0.2930 | Val 0.3250 | Test 0.0397
EarlyStopping counter: 5 out of 5
Early stopping triggered!
/home/sangukchoi/Stroke_SDA/sda_training.py:615: FutureWarning: You are using `torch.load` with `weights_only=False` (the current default value), which uses the default pickle module implicitly. It is possible to construct malicious pickle data which will execute arbitrary code during unpickling (See https://github.com/pytorch/pytorch/blob/main/SECURITY.md#untrusted-models for more details). In a future release, the default value for `weights_only` will be flipped to `True`. This limits the functions that could be executed during unpickling. Arbitrary objects will no longer be allowed to be loaded via this mode unless they are explicitly allowlisted by the user via `torch.serialization.add_safe_globals`. We recommend you start setting `weights_only=True` for any use case where you don't have full control of the loaded file. Please open an issue on GitHub for any issues related to this experimental feature.
  model.load_state_dict(torch.load(os.path.join(out_dir, 'best_model.pth')))
Final Test MSE (Best Model): 0.0541
Finished. Status: Success
