Starting Run on GPU 1
Time: 2025-12-25 01:41:09

[Run Start] Subject S008 | Mode ['SDA'] | Params: L1.0_LS1.0_LR0.0001_E128_D64_Dr0.3

[Fold 1 - SDA] Train: ['S008_T004', 'S008_T006'], Test: S008_T001, Norm: fixed
/home/sangukchoi/.conda/envs/torch_gpu/lib/python3.10/site-packages/torch/nn/modules/rnn.py:123: UserWarning: dropout option adds dropout after all but last recurrent layer, so non-zero dropout expects num_layers greater than 1, but got dropout=0.3 and num_layers=1
  warnings.warn(
  Ep 1: Train 0.4279 | Val 0.1983 | Test 0.0545
Validation loss decreased (0.198345 --> 0.198345).  Saving model ...
  Ep 2: Train 0.1899 | Val 0.1698 | Test 0.0417
Validation loss decreased (0.169807 --> 0.169807).  Saving model ...
  Ep 3: Train 0.1642 | Val 0.1617 | Test 0.0384
Validation loss decreased (0.161655 --> 0.161655).  Saving model ...
  Ep 4: Train 0.1575 | Val 0.1312 | Test 0.0417
Validation loss decreased (0.131195 --> 0.131195).  Saving model ...
  Ep 5: Train 0.1557 | Val 0.1483 | Test 0.0397
EarlyStopping counter: 1 out of 5
  Ep 6: Train 0.1526 | Val 0.1437 | Test 0.0408
EarlyStopping counter: 2 out of 5
  Ep 7: Train 0.1502 | Val 0.1449 | Test 0.0382
EarlyStopping counter: 3 out of 5
  Ep 8: Train 0.1488 | Val 0.1384 | Test 0.0493
EarlyStopping counter: 4 out of 5
  Ep 9: Train 0.1470 | Val 0.1340 | Test 0.0550
EarlyStopping counter: 5 out of 5
Early stopping triggered!
/home/sangukchoi/Stroke_SDA/sda_training.py:615: FutureWarning: You are using `torch.load` with `weights_only=False` (the current default value), which uses the default pickle module implicitly. It is possible to construct malicious pickle data which will execute arbitrary code during unpickling (See https://github.com/pytorch/pytorch/blob/main/SECURITY.md#untrusted-models for more details). In a future release, the default value for `weights_only` will be flipped to `True`. This limits the functions that could be executed during unpickling. Arbitrary objects will no longer be allowed to be loaded via this mode unless they are explicitly allowlisted by the user via `torch.serialization.add_safe_globals`. We recommend you start setting `weights_only=True` for any use case where you don't have full control of the loaded file. Please open an issue on GitHub for any issues related to this experimental feature.
  model.load_state_dict(torch.load(os.path.join(out_dir, 'best_model.pth')))
Final Test MSE (Best Model): 0.0417
Finished. Status: Success
