Starting Run on GPU 2
Time: 2025-12-25 03:43:19

[Run Start] Subject S008 | Mode ['SDA'] | Params: L3.0_LS1.0_LR0.0001_E128_D32_Dr0.3

[Fold 1 - SDA] Train: ['S008_T004', 'S008_T006'], Test: S008_T001, Norm: fixed
/home/sangukchoi/.conda/envs/torch_gpu/lib/python3.10/site-packages/torch/nn/modules/rnn.py:123: UserWarning: dropout option adds dropout after all but last recurrent layer, so non-zero dropout expects num_layers greater than 1, but got dropout=0.3 and num_layers=1
  warnings.warn(
  Ep 1: Train 0.8185 | Val 0.5521 | Test 0.0369
Validation loss decreased (0.552105 --> 0.552105).  Saving model ...
  Ep 2: Train 0.4690 | Val 0.3849 | Test 0.0379
Validation loss decreased (0.384926 --> 0.384926).  Saving model ...
  Ep 3: Train 0.4091 | Val 0.3693 | Test 0.0368
Validation loss decreased (0.369317 --> 0.369317).  Saving model ...
  Ep 4: Train 0.3876 | Val 0.3081 | Test 0.0361
Validation loss decreased (0.308149 --> 0.308149).  Saving model ...
  Ep 5: Train 0.3698 | Val 0.3452 | Test 0.0372
EarlyStopping counter: 1 out of 5
  Ep 6: Train 0.3597 | Val 0.3214 | Test 0.0351
EarlyStopping counter: 2 out of 5
  Ep 7: Train 0.3533 | Val 0.3323 | Test 0.0380
EarlyStopping counter: 3 out of 5
  Ep 8: Train 0.3557 | Val 0.3500 | Test 0.0350
EarlyStopping counter: 4 out of 5
  Ep 9: Train 0.3475 | Val 0.3420 | Test 0.0456
EarlyStopping counter: 5 out of 5
Early stopping triggered!
/home/sangukchoi/Stroke_SDA/sda_training.py:615: FutureWarning: You are using `torch.load` with `weights_only=False` (the current default value), which uses the default pickle module implicitly. It is possible to construct malicious pickle data which will execute arbitrary code during unpickling (See https://github.com/pytorch/pytorch/blob/main/SECURITY.md#untrusted-models for more details). In a future release, the default value for `weights_only` will be flipped to `True`. This limits the functions that could be executed during unpickling. Arbitrary objects will no longer be allowed to be loaded via this mode unless they are explicitly allowlisted by the user via `torch.serialization.add_safe_globals`. We recommend you start setting `weights_only=True` for any use case where you don't have full control of the loaded file. Please open an issue on GitHub for any issues related to this experimental feature.
  model.load_state_dict(torch.load(os.path.join(out_dir, 'best_model.pth')))
Final Test MSE (Best Model): 0.0361
Finished. Status: Success
