Starting Run on GPU 1
Time: 2025-12-25 01:31:23

[Run Start] Subject S008 | Mode ['SDA'] | Params: L1.0_LS0.7_LR0.0001_E128_D32_Dr0.3

[Fold 1 - SDA] Train: ['S008_T004', 'S008_T006'], Test: S008_T001, Norm: fixed
/home/sangukchoi/.conda/envs/torch_gpu/lib/python3.10/site-packages/torch/nn/modules/rnn.py:123: UserWarning: dropout option adds dropout after all but last recurrent layer, so non-zero dropout expects num_layers greater than 1, but got dropout=0.3 and num_layers=1
  warnings.warn(
  Ep 1: Train 0.3815 | Val 0.2138 | Test 0.0344
Validation loss decreased (0.213782 --> 0.213782).  Saving model ...
  Ep 2: Train 0.1748 | Val 0.1423 | Test 0.0278
Validation loss decreased (0.142271 --> 0.142271).  Saving model ...
  Ep 3: Train 0.1572 | Val 0.1473 | Test 0.0300
EarlyStopping counter: 1 out of 5
  Ep 4: Train 0.1465 | Val 0.1395 | Test 0.0307
Validation loss decreased (0.139504 --> 0.139504).  Saving model ...
  Ep 5: Train 0.1396 | Val 0.1379 | Test 0.0228
Validation loss decreased (0.137909 --> 0.137909).  Saving model ...
  Ep 6: Train 0.1392 | Val 0.1325 | Test 0.0315
Validation loss decreased (0.132454 --> 0.132454).  Saving model ...
  Ep 7: Train 0.1336 | Val 0.1217 | Test 0.0338
Validation loss decreased (0.121715 --> 0.121715).  Saving model ...
  Ep 8: Train 0.1321 | Val 0.1287 | Test 0.0271
EarlyStopping counter: 1 out of 5
  Ep 9: Train 0.1298 | Val 0.1193 | Test 0.0332
Validation loss decreased (0.119347 --> 0.119347).  Saving model ...
  Ep 10: Train 0.1276 | Val 0.1260 | Test 0.0331
EarlyStopping counter: 1 out of 5
  Ep 11: Train 0.1274 | Val 0.1256 | Test 0.0324
EarlyStopping counter: 2 out of 5
  Ep 12: Train 0.1244 | Val 0.1222 | Test 0.0339
EarlyStopping counter: 3 out of 5
  Ep 13: Train 0.1223 | Val 0.1241 | Test 0.0369
EarlyStopping counter: 4 out of 5
  Ep 14: Train 0.1228 | Val 0.1228 | Test 0.0329
EarlyStopping counter: 5 out of 5
Early stopping triggered!
/home/sangukchoi/Stroke_SDA/sda_training.py:615: FutureWarning: You are using `torch.load` with `weights_only=False` (the current default value), which uses the default pickle module implicitly. It is possible to construct malicious pickle data which will execute arbitrary code during unpickling (See https://github.com/pytorch/pytorch/blob/main/SECURITY.md#untrusted-models for more details). In a future release, the default value for `weights_only` will be flipped to `True`. This limits the functions that could be executed during unpickling. Arbitrary objects will no longer be allowed to be loaded via this mode unless they are explicitly allowlisted by the user via `torch.serialization.add_safe_globals`. We recommend you start setting `weights_only=True` for any use case where you don't have full control of the loaded file. Please open an issue on GitHub for any issues related to this experimental feature.
  model.load_state_dict(torch.load(os.path.join(out_dir, 'best_model.pth')))
Final Test MSE (Best Model): 0.0332
Finished. Status: Success
