Starting Run on GPU 1
Time: 2025-12-25 03:36:21

[Run Start] Subject S008 | Mode ['SDA'] | Params: L3.0_LS0.7_LR0.0001_E256_D32_Dr0.3

[Fold 1 - SDA] Train: ['S008_T004', 'S008_T006'], Test: S008_T001, Norm: fixed
/home/sangukchoi/.conda/envs/torch_gpu/lib/python3.10/site-packages/torch/nn/modules/rnn.py:123: UserWarning: dropout option adds dropout after all but last recurrent layer, so non-zero dropout expects num_layers greater than 1, but got dropout=0.3 and num_layers=1
  warnings.warn(
  Ep 1: Train 0.6353 | Val 0.4534 | Test 0.0431
Validation loss decreased (0.453437 --> 0.453437).  Saving model ...
  Ep 2: Train 0.3910 | Val 0.3195 | Test 0.0350
Validation loss decreased (0.319498 --> 0.319498).  Saving model ...
  Ep 3: Train 0.3542 | Val 0.3158 | Test 0.0354
Validation loss decreased (0.315751 --> 0.315751).  Saving model ...
  Ep 4: Train 0.3463 | Val 0.3430 | Test 0.0483
EarlyStopping counter: 1 out of 5
  Ep 5: Train 0.3406 | Val 0.2907 | Test 0.0353
Validation loss decreased (0.290744 --> 0.290744).  Saving model ...
  Ep 6: Train 0.3338 | Val 0.3134 | Test 0.0407
EarlyStopping counter: 1 out of 5
  Ep 7: Train 0.3273 | Val 0.3185 | Test 0.0379
EarlyStopping counter: 2 out of 5
  Ep 8: Train 0.3154 | Val 0.2974 | Test 0.0349
EarlyStopping counter: 3 out of 5
  Ep 9: Train 0.3093 | Val 0.2617 | Test 0.0352
Validation loss decreased (0.261679 --> 0.261679).  Saving model ...
  Ep 10: Train 0.3033 | Val 0.2980 | Test 0.0425
EarlyStopping counter: 1 out of 5
  Ep 11: Train 0.3008 | Val 0.2835 | Test 0.0320
EarlyStopping counter: 2 out of 5
  Ep 12: Train 0.3023 | Val 0.2643 | Test 0.0299
EarlyStopping counter: 3 out of 5
  Ep 13: Train 0.2907 | Val 0.3496 | Test 0.0373
EarlyStopping counter: 4 out of 5
  Ep 14: Train 0.2995 | Val 0.3199 | Test 0.0410
EarlyStopping counter: 5 out of 5
Early stopping triggered!
/home/sangukchoi/Stroke_SDA/sda_training.py:615: FutureWarning: You are using `torch.load` with `weights_only=False` (the current default value), which uses the default pickle module implicitly. It is possible to construct malicious pickle data which will execute arbitrary code during unpickling (See https://github.com/pytorch/pytorch/blob/main/SECURITY.md#untrusted-models for more details). In a future release, the default value for `weights_only` will be flipped to `True`. This limits the functions that could be executed during unpickling. Arbitrary objects will no longer be allowed to be loaded via this mode unless they are explicitly allowlisted by the user via `torch.serialization.add_safe_globals`. We recommend you start setting `weights_only=True` for any use case where you don't have full control of the loaded file. Please open an issue on GitHub for any issues related to this experimental feature.
  model.load_state_dict(torch.load(os.path.join(out_dir, 'best_model.pth')))
Final Test MSE (Best Model): 0.0352
Finished. Status: Success
