Starting Run on GPU 1
Time: 2025-12-25 01:51:03

[Run Start] Subject S008 | Mode ['SDA'] | Params: L1.5_LS0.7_LR0.0001_E128_D128_Dr0.3

[Fold 1 - SDA] Train: ['S008_T004', 'S008_T006'], Test: S008_T001, Norm: fixed
/home/sangukchoi/.conda/envs/torch_gpu/lib/python3.10/site-packages/torch/nn/modules/rnn.py:123: UserWarning: dropout option adds dropout after all but last recurrent layer, so non-zero dropout expects num_layers greater than 1, but got dropout=0.3 and num_layers=1
  warnings.warn(
  Ep 1: Train 0.4356 | Val 0.2753 | Test 0.0355
Validation loss decreased (0.275321 --> 0.275321).  Saving model ...
  Ep 2: Train 0.2487 | Val 0.2073 | Test 0.0338
Validation loss decreased (0.207269 --> 0.207269).  Saving model ...
  Ep 3: Train 0.2189 | Val 0.1929 | Test 0.0456
Validation loss decreased (0.192938 --> 0.192938).  Saving model ...
  Ep 4: Train 0.2083 | Val 0.1811 | Test 0.0393
Validation loss decreased (0.181069 --> 0.181069).  Saving model ...
  Ep 5: Train 0.2039 | Val 0.2079 | Test 0.0399
EarlyStopping counter: 1 out of 5
  Ep 6: Train 0.2006 | Val 0.1868 | Test 0.0451
EarlyStopping counter: 2 out of 5
  Ep 7: Train 0.1939 | Val 0.1819 | Test 0.0332
EarlyStopping counter: 3 out of 5
  Ep 8: Train 0.1975 | Val 0.1866 | Test 0.0387
EarlyStopping counter: 4 out of 5
  Ep 9: Train 0.1923 | Val 0.1672 | Test 0.0387
Validation loss decreased (0.167189 --> 0.167189).  Saving model ...
  Ep 10: Train 0.1913 | Val 0.1778 | Test 0.0313
EarlyStopping counter: 1 out of 5
  Ep 11: Train 0.1884 | Val 0.1704 | Test 0.0385
EarlyStopping counter: 2 out of 5
  Ep 12: Train 0.1882 | Val 0.1777 | Test 0.0381
EarlyStopping counter: 3 out of 5
  Ep 13: Train 0.1842 | Val 0.1679 | Test 0.0358
EarlyStopping counter: 4 out of 5
  Ep 14: Train 0.1825 | Val 0.1727 | Test 0.0331
EarlyStopping counter: 5 out of 5
Early stopping triggered!
/home/sangukchoi/Stroke_SDA/sda_training.py:615: FutureWarning: You are using `torch.load` with `weights_only=False` (the current default value), which uses the default pickle module implicitly. It is possible to construct malicious pickle data which will execute arbitrary code during unpickling (See https://github.com/pytorch/pytorch/blob/main/SECURITY.md#untrusted-models for more details). In a future release, the default value for `weights_only` will be flipped to `True`. This limits the functions that could be executed during unpickling. Arbitrary objects will no longer be allowed to be loaded via this mode unless they are explicitly allowlisted by the user via `torch.serialization.add_safe_globals`. We recommend you start setting `weights_only=True` for any use case where you don't have full control of the loaded file. Please open an issue on GitHub for any issues related to this experimental feature.
  model.load_state_dict(torch.load(os.path.join(out_dir, 'best_model.pth')))
Final Test MSE (Best Model): 0.0387
Finished. Status: Success
