Starting Run on GPU 0
Time: 2025-12-25 03:33:26

[Run Start] Subject S008 | Mode ['SDA'] | Params: L3.0_LS0.7_LR0.0001_E128_D64_Dr0.3

[Fold 1 - SDA] Train: ['S008_T004', 'S008_T006'], Test: S008_T001, Norm: fixed
/home/sangukchoi/.conda/envs/torch_gpu/lib/python3.10/site-packages/torch/nn/modules/rnn.py:123: UserWarning: dropout option adds dropout after all but last recurrent layer, so non-zero dropout expects num_layers greater than 1, but got dropout=0.3 and num_layers=1
  warnings.warn(
  Ep 1: Train 0.7527 | Val 0.6956 | Test 0.0422
Validation loss decreased (0.695552 --> 0.695552).  Saving model ...
  Ep 2: Train 0.4813 | Val 0.4373 | Test 0.0362
Validation loss decreased (0.437317 --> 0.437317).  Saving model ...
  Ep 3: Train 0.4227 | Val 0.4395 | Test 0.0474
EarlyStopping counter: 1 out of 5
  Ep 4: Train 0.3941 | Val 0.3770 | Test 0.0268
Validation loss decreased (0.377039 --> 0.377039).  Saving model ...
  Ep 5: Train 0.3722 | Val 0.3620 | Test 0.0326
Validation loss decreased (0.362013 --> 0.362013).  Saving model ...
  Ep 6: Train 0.3700 | Val 0.3491 | Test 0.0401
Validation loss decreased (0.349056 --> 0.349056).  Saving model ...
  Ep 7: Train 0.3472 | Val 0.3680 | Test 0.0344
EarlyStopping counter: 1 out of 5
  Ep 8: Train 0.3470 | Val 0.3590 | Test 0.0399
EarlyStopping counter: 2 out of 5
  Ep 9: Train 0.3459 | Val 0.3504 | Test 0.0349
EarlyStopping counter: 3 out of 5
  Ep 10: Train 0.3437 | Val 0.3975 | Test 0.0318
EarlyStopping counter: 4 out of 5
  Ep 11: Train 0.3372 | Val 0.3337 | Test 0.0331
Validation loss decreased (0.333732 --> 0.333732).  Saving model ...
  Ep 12: Train 0.3396 | Val 0.3580 | Test 0.0324
EarlyStopping counter: 1 out of 5
  Ep 13: Train 0.3245 | Val 0.3639 | Test 0.0320
EarlyStopping counter: 2 out of 5
  Ep 14: Train 0.3323 | Val 0.3385 | Test 0.0329
EarlyStopping counter: 3 out of 5
  Ep 15: Train 0.3275 | Val 0.3551 | Test 0.0293
EarlyStopping counter: 4 out of 5
  Ep 16: Train 0.3276 | Val 0.3266 | Test 0.0465
Validation loss decreased (0.326638 --> 0.326638).  Saving model ...
  Ep 17: Train 0.3161 | Val 0.3729 | Test 0.0369
EarlyStopping counter: 1 out of 5
  Ep 18: Train 0.3237 | Val 0.3367 | Test 0.0320
EarlyStopping counter: 2 out of 5
  Ep 19: Train 0.3077 | Val 0.3360 | Test 0.0447
EarlyStopping counter: 3 out of 5
  Ep 20: Train 0.3067 | Val 0.3491 | Test 0.0384
EarlyStopping counter: 4 out of 5
  Ep 21: Train 0.3057 | Val 0.3278 | Test 0.0382
EarlyStopping counter: 5 out of 5
Early stopping triggered!
/home/sangukchoi/Stroke_SDA/sda_training.py:615: FutureWarning: You are using `torch.load` with `weights_only=False` (the current default value), which uses the default pickle module implicitly. It is possible to construct malicious pickle data which will execute arbitrary code during unpickling (See https://github.com/pytorch/pytorch/blob/main/SECURITY.md#untrusted-models for more details). In a future release, the default value for `weights_only` will be flipped to `True`. This limits the functions that could be executed during unpickling. Arbitrary objects will no longer be allowed to be loaded via this mode unless they are explicitly allowlisted by the user via `torch.serialization.add_safe_globals`. We recommend you start setting `weights_only=True` for any use case where you don't have full control of the loaded file. Please open an issue on GitHub for any issues related to this experimental feature.
  model.load_state_dict(torch.load(os.path.join(out_dir, 'best_model.pth')))
Final Test MSE (Best Model): 0.0465
Finished. Status: Success
