Starting Run on GPU 0
Time: 2025-12-25 03:15:50

[Run Start] Subject S008 | Mode ['SDA'] | Params: L3.0_LS0.3_LR0.0001_E256_D128_Dr0.3

[Fold 1 - SDA] Train: ['S008_T004', 'S008_T006'], Test: S008_T001, Norm: fixed
/home/sangukchoi/.conda/envs/torch_gpu/lib/python3.10/site-packages/torch/nn/modules/rnn.py:123: UserWarning: dropout option adds dropout after all but last recurrent layer, so non-zero dropout expects num_layers greater than 1, but got dropout=0.3 and num_layers=1
  warnings.warn(
  Ep 1: Train 0.5981 | Val 0.5147 | Test 0.0421
Validation loss decreased (0.514670 --> 0.514670).  Saving model ...
  Ep 2: Train 0.4354 | Val 0.3972 | Test 0.0282
Validation loss decreased (0.397232 --> 0.397232).  Saving model ...
  Ep 3: Train 0.3985 | Val 0.3354 | Test 0.0482
Validation loss decreased (0.335367 --> 0.335367).  Saving model ...
  Ep 4: Train 0.3687 | Val 0.3445 | Test 0.0342
EarlyStopping counter: 1 out of 5
  Ep 5: Train 0.3515 | Val 0.3095 | Test 0.0368
Validation loss decreased (0.309533 --> 0.309533).  Saving model ...
  Ep 6: Train 0.3432 | Val 0.3667 | Test 0.0401
EarlyStopping counter: 1 out of 5
  Ep 7: Train 0.3282 | Val 0.3087 | Test 0.0454
Validation loss decreased (0.308724 --> 0.308724).  Saving model ...
  Ep 8: Train 0.3257 | Val 0.2896 | Test 0.0364
Validation loss decreased (0.289629 --> 0.289629).  Saving model ...
  Ep 9: Train 0.3148 | Val 0.2535 | Test 0.0438
Validation loss decreased (0.253537 --> 0.253537).  Saving model ...
  Ep 10: Train 0.3002 | Val 0.2453 | Test 0.0374
Validation loss decreased (0.245279 --> 0.245279).  Saving model ...
  Ep 11: Train 0.2943 | Val 0.2525 | Test 0.0400
EarlyStopping counter: 1 out of 5
  Ep 12: Train 0.2974 | Val 0.2176 | Test 0.0420
Validation loss decreased (0.217620 --> 0.217620).  Saving model ...
  Ep 13: Train 0.2902 | Val 0.2704 | Test 0.0326
EarlyStopping counter: 1 out of 5
  Ep 14: Train 0.2841 | Val 0.2766 | Test 0.0356
EarlyStopping counter: 2 out of 5
  Ep 15: Train 0.2806 | Val 0.2837 | Test 0.0403
EarlyStopping counter: 3 out of 5
  Ep 16: Train 0.2757 | Val 0.2319 | Test 0.0348
EarlyStopping counter: 4 out of 5
  Ep 17: Train 0.2764 | Val 0.2700 | Test 0.0412
EarlyStopping counter: 5 out of 5
Early stopping triggered!
/home/sangukchoi/Stroke_SDA/sda_training.py:615: FutureWarning: You are using `torch.load` with `weights_only=False` (the current default value), which uses the default pickle module implicitly. It is possible to construct malicious pickle data which will execute arbitrary code during unpickling (See https://github.com/pytorch/pytorch/blob/main/SECURITY.md#untrusted-models for more details). In a future release, the default value for `weights_only` will be flipped to `True`. This limits the functions that could be executed during unpickling. Arbitrary objects will no longer be allowed to be loaded via this mode unless they are explicitly allowlisted by the user via `torch.serialization.add_safe_globals`. We recommend you start setting `weights_only=True` for any use case where you don't have full control of the loaded file. Please open an issue on GitHub for any issues related to this experimental feature.
  model.load_state_dict(torch.load(os.path.join(out_dir, 'best_model.pth')))
Final Test MSE (Best Model): 0.0420
Finished. Status: Success
