Starting Run on GPU 3
Time: 2025-12-25 03:39:18

[Run Start] Subject S008 | Mode ['SDA'] | Params: L3.0_LS1.0_LR0.0001_E64_D32_Dr0.3

[Fold 1 - SDA] Train: ['S008_T004', 'S008_T006'], Test: S008_T001, Norm: fixed
/home/sangukchoi/.conda/envs/torch_gpu/lib/python3.10/site-packages/torch/nn/modules/rnn.py:123: UserWarning: dropout option adds dropout after all but last recurrent layer, so non-zero dropout expects num_layers greater than 1, but got dropout=0.3 and num_layers=1
  warnings.warn(
  Ep 1: Train 0.9772 | Val 0.8861 | Test 0.0587
Validation loss decreased (0.886145 --> 0.886145).  Saving model ...
  Ep 2: Train 0.5801 | Val 0.4775 | Test 0.0408
Validation loss decreased (0.477527 --> 0.477527).  Saving model ...
  Ep 3: Train 0.4576 | Val 0.3659 | Test 0.0335
Validation loss decreased (0.365865 --> 0.365865).  Saving model ...
  Ep 4: Train 0.4114 | Val 0.3595 | Test 0.0331
Validation loss decreased (0.359506 --> 0.359506).  Saving model ...
  Ep 5: Train 0.4013 | Val 0.3422 | Test 0.0293
Validation loss decreased (0.342231 --> 0.342231).  Saving model ...
  Ep 6: Train 0.3940 | Val 0.3476 | Test 0.0383
EarlyStopping counter: 1 out of 5
  Ep 7: Train 0.3827 | Val 0.3689 | Test 0.0262
EarlyStopping counter: 2 out of 5
  Ep 8: Train 0.3767 | Val 0.3505 | Test 0.0268
EarlyStopping counter: 3 out of 5
  Ep 9: Train 0.3745 | Val 0.3605 | Test 0.0299
EarlyStopping counter: 4 out of 5
  Ep 10: Train 0.3711 | Val 0.3475 | Test 0.0285
EarlyStopping counter: 5 out of 5
Early stopping triggered!
/home/sangukchoi/Stroke_SDA/sda_training.py:615: FutureWarning: You are using `torch.load` with `weights_only=False` (the current default value), which uses the default pickle module implicitly. It is possible to construct malicious pickle data which will execute arbitrary code during unpickling (See https://github.com/pytorch/pytorch/blob/main/SECURITY.md#untrusted-models for more details). In a future release, the default value for `weights_only` will be flipped to `True`. This limits the functions that could be executed during unpickling. Arbitrary objects will no longer be allowed to be loaded via this mode unless they are explicitly allowlisted by the user via `torch.serialization.add_safe_globals`. We recommend you start setting `weights_only=True` for any use case where you don't have full control of the loaded file. Please open an issue on GitHub for any issues related to this experimental feature.
  model.load_state_dict(torch.load(os.path.join(out_dir, 'best_model.pth')))
Final Test MSE (Best Model): 0.0293
Finished. Status: Success
