Starting Run on GPU 3
Time: 2025-12-25 01:19:39

[Run Start] Subject S008 | Mode ['SDA'] | Params: L0.5_LS1.0_LR0.0001_E64_D128_Dr0.3

[Fold 1 - SDA] Train: ['S008_T004', 'S008_T006'], Test: S008_T001, Norm: fixed
/home/sangukchoi/.conda/envs/torch_gpu/lib/python3.10/site-packages/torch/nn/modules/rnn.py:123: UserWarning: dropout option adds dropout after all but last recurrent layer, so non-zero dropout expects num_layers greater than 1, but got dropout=0.3 and num_layers=1
  warnings.warn(
  Ep 1: Train 0.3602 | Val 0.1542 | Test 0.0555
Validation loss decreased (0.154207 --> 0.154207).  Saving model ...
  Ep 2: Train 0.1460 | Val 0.1011 | Test 0.0372
Validation loss decreased (0.101116 --> 0.101116).  Saving model ...
  Ep 3: Train 0.1156 | Val 0.0940 | Test 0.0357
Validation loss decreased (0.093985 --> 0.093985).  Saving model ...
  Ep 4: Train 0.1062 | Val 0.0864 | Test 0.0367
Validation loss decreased (0.086448 --> 0.086448).  Saving model ...
  Ep 5: Train 0.1016 | Val 0.0816 | Test 0.0295
Validation loss decreased (0.081647 --> 0.081647).  Saving model ...
  Ep 6: Train 0.0982 | Val 0.0832 | Test 0.0400
EarlyStopping counter: 1 out of 5
  Ep 7: Train 0.0967 | Val 0.0822 | Test 0.0436
EarlyStopping counter: 2 out of 5
  Ep 8: Train 0.0951 | Val 0.0768 | Test 0.0433
Validation loss decreased (0.076759 --> 0.076759).  Saving model ...
  Ep 9: Train 0.0949 | Val 0.0775 | Test 0.0456
EarlyStopping counter: 1 out of 5
  Ep 10: Train 0.0917 | Val 0.0749 | Test 0.0309
Validation loss decreased (0.074870 --> 0.074870).  Saving model ...
  Ep 11: Train 0.0924 | Val 0.0759 | Test 0.0497
EarlyStopping counter: 1 out of 5
  Ep 12: Train 0.0910 | Val 0.0753 | Test 0.0477
EarlyStopping counter: 2 out of 5
  Ep 13: Train 0.0920 | Val 0.0773 | Test 0.0320
EarlyStopping counter: 3 out of 5
  Ep 14: Train 0.0905 | Val 0.0772 | Test 0.0332
EarlyStopping counter: 4 out of 5
  Ep 15: Train 0.0905 | Val 0.0763 | Test 0.0412
EarlyStopping counter: 5 out of 5
Early stopping triggered!
/home/sangukchoi/Stroke_SDA/sda_training.py:615: FutureWarning: You are using `torch.load` with `weights_only=False` (the current default value), which uses the default pickle module implicitly. It is possible to construct malicious pickle data which will execute arbitrary code during unpickling (See https://github.com/pytorch/pytorch/blob/main/SECURITY.md#untrusted-models for more details). In a future release, the default value for `weights_only` will be flipped to `True`. This limits the functions that could be executed during unpickling. Arbitrary objects will no longer be allowed to be loaded via this mode unless they are explicitly allowlisted by the user via `torch.serialization.add_safe_globals`. We recommend you start setting `weights_only=True` for any use case where you don't have full control of the loaded file. Please open an issue on GitHub for any issues related to this experimental feature.
  model.load_state_dict(torch.load(os.path.join(out_dir, 'best_model.pth')))
Final Test MSE (Best Model): 0.0309
Finished. Status: Success
