Starting Run on GPU 3
Time: 2025-12-25 02:02:59

[Run Start] Subject S008 | Mode ['SDA'] | Params: L1.5_LS1.0_LR0.0001_E256_D128_Dr0.3

[Fold 1 - SDA] Train: ['S008_T004', 'S008_T006'], Test: S008_T001, Norm: fixed
/home/sangukchoi/.conda/envs/torch_gpu/lib/python3.10/site-packages/torch/nn/modules/rnn.py:123: UserWarning: dropout option adds dropout after all but last recurrent layer, so non-zero dropout expects num_layers greater than 1, but got dropout=0.3 and num_layers=1
  warnings.warn(
  Ep 1: Train 0.3981 | Val 0.2254 | Test 0.0437
Validation loss decreased (0.225379 --> 0.225379).  Saving model ...
  Ep 2: Train 0.2295 | Val 0.2015 | Test 0.0327
Validation loss decreased (0.201504 --> 0.201504).  Saving model ...
  Ep 3: Train 0.2112 | Val 0.2036 | Test 0.0417
EarlyStopping counter: 1 out of 5
  Ep 4: Train 0.2076 | Val 0.1729 | Test 0.0419
Validation loss decreased (0.172923 --> 0.172923).  Saving model ...
  Ep 5: Train 0.1997 | Val 0.1676 | Test 0.0325
Validation loss decreased (0.167615 --> 0.167615).  Saving model ...
  Ep 6: Train 0.1989 | Val 0.1759 | Test 0.0444
EarlyStopping counter: 1 out of 5
  Ep 7: Train 0.1928 | Val 0.1681 | Test 0.0348
EarlyStopping counter: 2 out of 5
  Ep 8: Train 0.1858 | Val 0.1567 | Test 0.0419
Validation loss decreased (0.156651 --> 0.156651).  Saving model ...
  Ep 9: Train 0.1827 | Val 0.1857 | Test 0.0429
EarlyStopping counter: 1 out of 5
  Ep 10: Train 0.1784 | Val 0.1673 | Test 0.0235
EarlyStopping counter: 2 out of 5
  Ep 11: Train 0.1753 | Val 0.1742 | Test 0.0355
EarlyStopping counter: 3 out of 5
  Ep 12: Train 0.1722 | Val 0.1607 | Test 0.0284
EarlyStopping counter: 4 out of 5
  Ep 13: Train 0.1707 | Val 0.1468 | Test 0.0413
Validation loss decreased (0.146831 --> 0.146831).  Saving model ...
  Ep 14: Train 0.1683 | Val 0.1570 | Test 0.0340
EarlyStopping counter: 1 out of 5
  Ep 15: Train 0.1664 | Val 0.1767 | Test 0.0283
EarlyStopping counter: 2 out of 5
  Ep 16: Train 0.1665 | Val 0.1687 | Test 0.0209
EarlyStopping counter: 3 out of 5
  Ep 17: Train 0.1633 | Val 0.1605 | Test 0.0263
EarlyStopping counter: 4 out of 5
  Ep 18: Train 0.1655 | Val 0.1782 | Test 0.0268
EarlyStopping counter: 5 out of 5
Early stopping triggered!
/home/sangukchoi/Stroke_SDA/sda_training.py:615: FutureWarning: You are using `torch.load` with `weights_only=False` (the current default value), which uses the default pickle module implicitly. It is possible to construct malicious pickle data which will execute arbitrary code during unpickling (See https://github.com/pytorch/pytorch/blob/main/SECURITY.md#untrusted-models for more details). In a future release, the default value for `weights_only` will be flipped to `True`. This limits the functions that could be executed during unpickling. Arbitrary objects will no longer be allowed to be loaded via this mode unless they are explicitly allowlisted by the user via `torch.serialization.add_safe_globals`. We recommend you start setting `weights_only=True` for any use case where you don't have full control of the loaded file. Please open an issue on GitHub for any issues related to this experimental feature.
  model.load_state_dict(torch.load(os.path.join(out_dir, 'best_model.pth')))
Final Test MSE (Best Model): 0.0413
Finished. Status: Success
