Starting Run on GPU 0
Time: 2025-12-25 02:55:50

[Run Start] Subject S008 | Mode ['SDA'] | Params: L2.5_LS1.0_LR0.0001_E64_D32_Dr0.3

[Fold 1 - SDA] Train: ['S008_T004', 'S008_T006'], Test: S008_T001, Norm: fixed
/home/sangukchoi/.conda/envs/torch_gpu/lib/python3.10/site-packages/torch/nn/modules/rnn.py:123: UserWarning: dropout option adds dropout after all but last recurrent layer, so non-zero dropout expects num_layers greater than 1, but got dropout=0.3 and num_layers=1
  warnings.warn(
  Ep 1: Train 0.8503 | Val 0.5957 | Test 0.0518
Validation loss decreased (0.595689 --> 0.595689).  Saving model ...
  Ep 2: Train 0.4650 | Val 0.4156 | Test 0.0445
Validation loss decreased (0.415590 --> 0.415590).  Saving model ...
  Ep 3: Train 0.3991 | Val 0.3408 | Test 0.0346
Validation loss decreased (0.340757 --> 0.340757).  Saving model ...
  Ep 4: Train 0.3635 | Val 0.3298 | Test 0.0389
Validation loss decreased (0.329800 --> 0.329800).  Saving model ...
  Ep 5: Train 0.3505 | Val 0.3084 | Test 0.0343
Validation loss decreased (0.308397 --> 0.308397).  Saving model ...
  Ep 6: Train 0.3399 | Val 0.3296 | Test 0.0259
EarlyStopping counter: 1 out of 5
  Ep 7: Train 0.3367 | Val 0.3333 | Test 0.0315
EarlyStopping counter: 2 out of 5
  Ep 8: Train 0.3327 | Val 0.3095 | Test 0.0330
EarlyStopping counter: 3 out of 5
  Ep 9: Train 0.3302 | Val 0.3089 | Test 0.0384
EarlyStopping counter: 4 out of 5
  Ep 10: Train 0.3302 | Val 0.3279 | Test 0.0351
EarlyStopping counter: 5 out of 5
Early stopping triggered!
/home/sangukchoi/Stroke_SDA/sda_training.py:615: FutureWarning: You are using `torch.load` with `weights_only=False` (the current default value), which uses the default pickle module implicitly. It is possible to construct malicious pickle data which will execute arbitrary code during unpickling (See https://github.com/pytorch/pytorch/blob/main/SECURITY.md#untrusted-models for more details). In a future release, the default value for `weights_only` will be flipped to `True`. This limits the functions that could be executed during unpickling. Arbitrary objects will no longer be allowed to be loaded via this mode unless they are explicitly allowlisted by the user via `torch.serialization.add_safe_globals`. We recommend you start setting `weights_only=True` for any use case where you don't have full control of the loaded file. Please open an issue on GitHub for any issues related to this experimental feature.
  model.load_state_dict(torch.load(os.path.join(out_dir, 'best_model.pth')))
Final Test MSE (Best Model): 0.0343
Finished. Status: Success
