Starting Run on GPU 3
Time: 2025-12-25 02:42:47

[Run Start] Subject S008 | Mode ['SDA'] | Params: L2.5_LS0.5_LR0.0001_E256_D32_Dr0.3

[Fold 1 - SDA] Train: ['S008_T004', 'S008_T006'], Test: S008_T001, Norm: fixed
/home/sangukchoi/.conda/envs/torch_gpu/lib/python3.10/site-packages/torch/nn/modules/rnn.py:123: UserWarning: dropout option adds dropout after all but last recurrent layer, so non-zero dropout expects num_layers greater than 1, but got dropout=0.3 and num_layers=1
  warnings.warn(
  Ep 1: Train 0.5387 | Val 0.3622 | Test 0.0582
Validation loss decreased (0.362231 --> 0.362231).  Saving model ...
  Ep 2: Train 0.3390 | Val 0.3219 | Test 0.0363
Validation loss decreased (0.321922 --> 0.321922).  Saving model ...
  Ep 3: Train 0.3066 | Val 0.3000 | Test 0.0360
Validation loss decreased (0.299973 --> 0.299973).  Saving model ...
  Ep 4: Train 0.2901 | Val 0.2880 | Test 0.0443
Validation loss decreased (0.287998 --> 0.287998).  Saving model ...
  Ep 5: Train 0.2914 | Val 0.2484 | Test 0.0469
Validation loss decreased (0.248413 --> 0.248413).  Saving model ...
  Ep 6: Train 0.2805 | Val 0.2339 | Test 0.0390
Validation loss decreased (0.233945 --> 0.233945).  Saving model ...
  Ep 7: Train 0.2775 | Val 0.2809 | Test 0.0398
EarlyStopping counter: 1 out of 5
  Ep 8: Train 0.2734 | Val 0.2275 | Test 0.0335
Validation loss decreased (0.227513 --> 0.227513).  Saving model ...
  Ep 9: Train 0.2754 | Val 0.2870 | Test 0.0363
EarlyStopping counter: 1 out of 5
  Ep 10: Train 0.2619 | Val 0.2381 | Test 0.0353
EarlyStopping counter: 2 out of 5
  Ep 11: Train 0.2635 | Val 0.2492 | Test 0.0398
EarlyStopping counter: 3 out of 5
  Ep 12: Train 0.2619 | Val 0.2785 | Test 0.0423
EarlyStopping counter: 4 out of 5
  Ep 13: Train 0.2504 | Val 0.2689 | Test 0.0406
EarlyStopping counter: 5 out of 5
Early stopping triggered!
/home/sangukchoi/Stroke_SDA/sda_training.py:615: FutureWarning: You are using `torch.load` with `weights_only=False` (the current default value), which uses the default pickle module implicitly. It is possible to construct malicious pickle data which will execute arbitrary code during unpickling (See https://github.com/pytorch/pytorch/blob/main/SECURITY.md#untrusted-models for more details). In a future release, the default value for `weights_only` will be flipped to `True`. This limits the functions that could be executed during unpickling. Arbitrary objects will no longer be allowed to be loaded via this mode unless they are explicitly allowlisted by the user via `torch.serialization.add_safe_globals`. We recommend you start setting `weights_only=True` for any use case where you don't have full control of the loaded file. Please open an issue on GitHub for any issues related to this experimental feature.
  model.load_state_dict(torch.load(os.path.join(out_dir, 'best_model.pth')))
Final Test MSE (Best Model): 0.0335
Finished. Status: Success
