Starting Run on GPU 3
Time: 2025-12-25 03:17:48

[Run Start] Subject S008 | Mode ['SDA'] | Params: L3.0_LS0.5_LR0.0001_E64_D128_Dr0.3

[Fold 1 - SDA] Train: ['S008_T004', 'S008_T006'], Test: S008_T001, Norm: fixed
/home/sangukchoi/.conda/envs/torch_gpu/lib/python3.10/site-packages/torch/nn/modules/rnn.py:123: UserWarning: dropout option adds dropout after all but last recurrent layer, so non-zero dropout expects num_layers greater than 1, but got dropout=0.3 and num_layers=1
  warnings.warn(
  Ep 1: Train 0.8202 | Val 0.6884 | Test 0.0617
Validation loss decreased (0.688406 --> 0.688406).  Saving model ...
  Ep 2: Train 0.5371 | Val 0.5469 | Test 0.0456
Validation loss decreased (0.546947 --> 0.546947).  Saving model ...
  Ep 3: Train 0.4634 | Val 0.4771 | Test 0.0357
Validation loss decreased (0.477053 --> 0.477053).  Saving model ...
  Ep 4: Train 0.4290 | Val 0.4491 | Test 0.0378
Validation loss decreased (0.449130 --> 0.449130).  Saving model ...
  Ep 5: Train 0.3994 | Val 0.4255 | Test 0.0393
Validation loss decreased (0.425538 --> 0.425538).  Saving model ...
  Ep 6: Train 0.3878 | Val 0.3688 | Test 0.0369
Validation loss decreased (0.368838 --> 0.368838).  Saving model ...
  Ep 7: Train 0.3788 | Val 0.3512 | Test 0.0405
Validation loss decreased (0.351154 --> 0.351154).  Saving model ...
  Ep 8: Train 0.3689 | Val 0.3269 | Test 0.0339
Validation loss decreased (0.326862 --> 0.326862).  Saving model ...
  Ep 9: Train 0.3574 | Val 0.3146 | Test 0.0406
Validation loss decreased (0.314577 --> 0.314577).  Saving model ...
  Ep 10: Train 0.3535 | Val 0.3591 | Test 0.0397
EarlyStopping counter: 1 out of 5
  Ep 11: Train 0.3427 | Val 0.2973 | Test 0.0373
Validation loss decreased (0.297325 --> 0.297325).  Saving model ...
  Ep 12: Train 0.3364 | Val 0.2897 | Test 0.0409
Validation loss decreased (0.289706 --> 0.289706).  Saving model ...
  Ep 13: Train 0.3334 | Val 0.3086 | Test 0.0374
EarlyStopping counter: 1 out of 5
  Ep 14: Train 0.3226 | Val 0.2816 | Test 0.0383
Validation loss decreased (0.281551 --> 0.281551).  Saving model ...
  Ep 15: Train 0.3178 | Val 0.3198 | Test 0.0460
EarlyStopping counter: 1 out of 5
  Ep 16: Train 0.3233 | Val 0.3090 | Test 0.0373
EarlyStopping counter: 2 out of 5
  Ep 17: Train 0.3067 | Val 0.3113 | Test 0.0401
EarlyStopping counter: 3 out of 5
  Ep 18: Train 0.3139 | Val 0.2710 | Test 0.0383
Validation loss decreased (0.271019 --> 0.271019).  Saving model ...
  Ep 19: Train 0.3108 | Val 0.3145 | Test 0.0430
EarlyStopping counter: 1 out of 5
  Ep 20: Train 0.3071 | Val 0.3209 | Test 0.0393
EarlyStopping counter: 2 out of 5
  Ep 21: Train 0.3020 | Val 0.3194 | Test 0.0367
EarlyStopping counter: 3 out of 5
  Ep 22: Train 0.2975 | Val 0.2672 | Test 0.0464
Validation loss decreased (0.267187 --> 0.267187).  Saving model ...
  Ep 23: Train 0.2863 | Val 0.3202 | Test 0.0295
EarlyStopping counter: 1 out of 5
  Ep 24: Train 0.2954 | Val 0.3096 | Test 0.0432
EarlyStopping counter: 2 out of 5
  Ep 25: Train 0.2902 | Val 0.3196 | Test 0.0327
EarlyStopping counter: 3 out of 5
  Ep 26: Train 0.2945 | Val 0.3096 | Test 0.0369
EarlyStopping counter: 4 out of 5
  Ep 27: Train 0.2891 | Val 0.2735 | Test 0.0351
EarlyStopping counter: 5 out of 5
Early stopping triggered!
/home/sangukchoi/Stroke_SDA/sda_training.py:615: FutureWarning: You are using `torch.load` with `weights_only=False` (the current default value), which uses the default pickle module implicitly. It is possible to construct malicious pickle data which will execute arbitrary code during unpickling (See https://github.com/pytorch/pytorch/blob/main/SECURITY.md#untrusted-models for more details). In a future release, the default value for `weights_only` will be flipped to `True`. This limits the functions that could be executed during unpickling. Arbitrary objects will no longer be allowed to be loaded via this mode unless they are explicitly allowlisted by the user via `torch.serialization.add_safe_globals`. We recommend you start setting `weights_only=True` for any use case where you don't have full control of the loaded file. Please open an issue on GitHub for any issues related to this experimental feature.
  model.load_state_dict(torch.load(os.path.join(out_dir, 'best_model.pth')))
Final Test MSE (Best Model): 0.0464
Finished. Status: Success
