Starting Run on GPU 3
Time: 2025-12-25 02:13:39

[Run Start] Subject S008 | Mode ['SDA'] | Params: L2.0_LS0.7_LR0.0001_E256_D128_Dr0.3

[Fold 1 - SDA] Train: ['S008_T004', 'S008_T006'], Test: S008_T001, Norm: fixed
/home/sangukchoi/.conda/envs/torch_gpu/lib/python3.10/site-packages/torch/nn/modules/rnn.py:123: UserWarning: dropout option adds dropout after all but last recurrent layer, so non-zero dropout expects num_layers greater than 1, but got dropout=0.3 and num_layers=1
  warnings.warn(
  Ep 1: Train 0.4667 | Val 0.2906 | Test 0.0419
Validation loss decreased (0.290569 --> 0.290569).  Saving model ...
  Ep 2: Train 0.2856 | Val 0.2491 | Test 0.0546
Validation loss decreased (0.249132 --> 0.249132).  Saving model ...
  Ep 3: Train 0.2633 | Val 0.2334 | Test 0.0430
Validation loss decreased (0.233385 --> 0.233385).  Saving model ...
  Ep 4: Train 0.2547 | Val 0.2715 | Test 0.0331
EarlyStopping counter: 1 out of 5
  Ep 5: Train 0.2513 | Val 0.2202 | Test 0.0338
Validation loss decreased (0.220212 --> 0.220212).  Saving model ...
  Ep 6: Train 0.2509 | Val 0.2323 | Test 0.0423
EarlyStopping counter: 1 out of 5
  Ep 7: Train 0.2456 | Val 0.2367 | Test 0.0438
EarlyStopping counter: 2 out of 5
  Ep 8: Train 0.2422 | Val 0.2162 | Test 0.0487
Validation loss decreased (0.216229 --> 0.216229).  Saving model ...
  Ep 9: Train 0.2428 | Val 0.2558 | Test 0.0453
EarlyStopping counter: 1 out of 5
  Ep 10: Train 0.2410 | Val 0.2125 | Test 0.0329
Validation loss decreased (0.212468 --> 0.212468).  Saving model ...
  Ep 11: Train 0.2366 | Val 0.2266 | Test 0.0468
EarlyStopping counter: 1 out of 5
  Ep 12: Train 0.2342 | Val 0.2064 | Test 0.0484
Validation loss decreased (0.206443 --> 0.206443).  Saving model ...
  Ep 13: Train 0.2295 | Val 0.2252 | Test 0.0339
EarlyStopping counter: 1 out of 5
  Ep 14: Train 0.2189 | Val 0.2010 | Test 0.0478
Validation loss decreased (0.201002 --> 0.201002).  Saving model ...
  Ep 15: Train 0.2245 | Val 0.1982 | Test 0.0326
Validation loss decreased (0.198238 --> 0.198238).  Saving model ...
  Ep 16: Train 0.2181 | Val 0.2305 | Test 0.0357
EarlyStopping counter: 1 out of 5
  Ep 17: Train 0.2108 | Val 0.2380 | Test 0.0445
EarlyStopping counter: 2 out of 5
  Ep 18: Train 0.2125 | Val 0.2744 | Test 0.0374
EarlyStopping counter: 3 out of 5
  Ep 19: Train 0.2040 | Val 0.1744 | Test 0.0323
Validation loss decreased (0.174401 --> 0.174401).  Saving model ...
  Ep 20: Train 0.1997 | Val 0.2568 | Test 0.0413
EarlyStopping counter: 1 out of 5
  Ep 21: Train 0.1997 | Val 0.2213 | Test 0.0396
EarlyStopping counter: 2 out of 5
  Ep 22: Train 0.1951 | Val 0.2437 | Test 0.0417
EarlyStopping counter: 3 out of 5
  Ep 23: Train 0.1908 | Val 0.1295 | Test 0.0403
Validation loss decreased (0.129516 --> 0.129516).  Saving model ...
  Ep 24: Train 0.8761 | Val 0.4494 | Test 0.2804
EarlyStopping counter: 1 out of 5
  Ep 25: Train 0.4288 | Val 0.3285 | Test 0.0863
EarlyStopping counter: 2 out of 5
  Ep 26: Train 0.2527 | Val 0.1792 | Test 0.0425
EarlyStopping counter: 3 out of 5
  Ep 27: Train 0.2130 | Val 0.1999 | Test 0.0390
EarlyStopping counter: 4 out of 5
  Ep 28: Train 0.1945 | Val 0.2593 | Test 0.0299
EarlyStopping counter: 5 out of 5
Early stopping triggered!
/home/sangukchoi/Stroke_SDA/sda_training.py:615: FutureWarning: You are using `torch.load` with `weights_only=False` (the current default value), which uses the default pickle module implicitly. It is possible to construct malicious pickle data which will execute arbitrary code during unpickling (See https://github.com/pytorch/pytorch/blob/main/SECURITY.md#untrusted-models for more details). In a future release, the default value for `weights_only` will be flipped to `True`. This limits the functions that could be executed during unpickling. Arbitrary objects will no longer be allowed to be loaded via this mode unless they are explicitly allowlisted by the user via `torch.serialization.add_safe_globals`. We recommend you start setting `weights_only=True` for any use case where you don't have full control of the loaded file. Please open an issue on GitHub for any issues related to this experimental feature.
  model.load_state_dict(torch.load(os.path.join(out_dir, 'best_model.pth')))
Final Test MSE (Best Model): 0.0403
Finished. Status: Success
