Starting Run on GPU 0
Time: 2025-12-25 01:30:04

[Run Start] Subject S008 | Mode ['SDA'] | Params: L1.0_LS0.7_LR0.0001_E64_D128_Dr0.3

[Fold 1 - SDA] Train: ['S008_T004', 'S008_T006'], Test: S008_T001, Norm: fixed
/home/sangukchoi/.conda/envs/torch_gpu/lib/python3.10/site-packages/torch/nn/modules/rnn.py:123: UserWarning: dropout option adds dropout after all but last recurrent layer, so non-zero dropout expects num_layers greater than 1, but got dropout=0.3 and num_layers=1
  warnings.warn(
  Ep 1: Train 0.4516 | Val 0.2535 | Test 0.0408
Validation loss decreased (0.253478 --> 0.253478).  Saving model ...
  Ep 2: Train 0.2152 | Val 0.1792 | Test 0.0391
Validation loss decreased (0.179195 --> 0.179195).  Saving model ...
  Ep 3: Train 0.1726 | Val 0.1371 | Test 0.0478
Validation loss decreased (0.137133 --> 0.137133).  Saving model ...
  Ep 4: Train 0.1598 | Val 0.1379 | Test 0.0373
EarlyStopping counter: 1 out of 5
  Ep 5: Train 0.1543 | Val 0.1413 | Test 0.0304
EarlyStopping counter: 2 out of 5
  Ep 6: Train 0.1507 | Val 0.1381 | Test 0.0320
EarlyStopping counter: 3 out of 5
  Ep 7: Train 0.1493 | Val 0.1316 | Test 0.0388
Validation loss decreased (0.131637 --> 0.131637).  Saving model ...
  Ep 8: Train 0.1461 | Val 0.1382 | Test 0.0424
EarlyStopping counter: 1 out of 5
  Ep 9: Train 0.1454 | Val 0.1395 | Test 0.0253
EarlyStopping counter: 2 out of 5
  Ep 10: Train 0.1428 | Val 0.1453 | Test 0.0362
EarlyStopping counter: 3 out of 5
  Ep 11: Train 0.1409 | Val 0.1407 | Test 0.0336
EarlyStopping counter: 4 out of 5
  Ep 12: Train 0.1405 | Val 0.1332 | Test 0.0308
EarlyStopping counter: 5 out of 5
Early stopping triggered!
/home/sangukchoi/Stroke_SDA/sda_training.py:615: FutureWarning: You are using `torch.load` with `weights_only=False` (the current default value), which uses the default pickle module implicitly. It is possible to construct malicious pickle data which will execute arbitrary code during unpickling (See https://github.com/pytorch/pytorch/blob/main/SECURITY.md#untrusted-models for more details). In a future release, the default value for `weights_only` will be flipped to `True`. This limits the functions that could be executed during unpickling. Arbitrary objects will no longer be allowed to be loaded via this mode unless they are explicitly allowlisted by the user via `torch.serialization.add_safe_globals`. We recommend you start setting `weights_only=True` for any use case where you don't have full control of the loaded file. Please open an issue on GitHub for any issues related to this experimental feature.
  model.load_state_dict(torch.load(os.path.join(out_dir, 'best_model.pth')))
Final Test MSE (Best Model): 0.0388
Finished. Status: Success
