Starting Run on GPU 0
Time: 2025-12-25 02:15:40

[Run Start] Subject S008 | Mode ['SDA'] | Params: L2.0_LS1.0_LR0.0001_E64_D64_Dr0.3

[Fold 1 - SDA] Train: ['S008_T004', 'S008_T006'], Test: S008_T001, Norm: fixed
/home/sangukchoi/.conda/envs/torch_gpu/lib/python3.10/site-packages/torch/nn/modules/rnn.py:123: UserWarning: dropout option adds dropout after all but last recurrent layer, so non-zero dropout expects num_layers greater than 1, but got dropout=0.3 and num_layers=1
  warnings.warn(
  Ep 1: Train 0.7371 | Val 0.4544 | Test 0.0450
Validation loss decreased (0.454412 --> 0.454412).  Saving model ...
  Ep 2: Train 0.3829 | Val 0.3380 | Test 0.0447
Validation loss decreased (0.337965 --> 0.337965).  Saving model ...
  Ep 3: Train 0.3363 | Val 0.2799 | Test 0.0528
Validation loss decreased (0.279909 --> 0.279909).  Saving model ...
  Ep 4: Train 0.3129 | Val 0.2681 | Test 0.0443
Validation loss decreased (0.268065 --> 0.268065).  Saving model ...
  Ep 5: Train 0.2949 | Val 0.2654 | Test 0.0436
Validation loss decreased (0.265366 --> 0.265366).  Saving model ...
  Ep 6: Train 0.2825 | Val 0.2766 | Test 0.0371
EarlyStopping counter: 1 out of 5
  Ep 7: Train 0.2851 | Val 0.2726 | Test 0.0430
EarlyStopping counter: 2 out of 5
  Ep 8: Train 0.2776 | Val 0.2694 | Test 0.0510
EarlyStopping counter: 3 out of 5
  Ep 9: Train 0.2742 | Val 0.2743 | Test 0.0364
EarlyStopping counter: 4 out of 5
  Ep 10: Train 0.2733 | Val 0.2611 | Test 0.0505
Validation loss decreased (0.261130 --> 0.261130).  Saving model ...
  Ep 11: Train 0.2647 | Val 0.2636 | Test 0.0391
EarlyStopping counter: 1 out of 5
  Ep 12: Train 0.2682 | Val 0.2683 | Test 0.0494
EarlyStopping counter: 2 out of 5
  Ep 13: Train 0.2635 | Val 0.2592 | Test 0.0406
Validation loss decreased (0.259221 --> 0.259221).  Saving model ...
  Ep 14: Train 0.2551 | Val 0.2833 | Test 0.0345
EarlyStopping counter: 1 out of 5
  Ep 15: Train 0.2590 | Val 0.2574 | Test 0.0389
Validation loss decreased (0.257418 --> 0.257418).  Saving model ...
  Ep 16: Train 0.2573 | Val 0.2579 | Test 0.0458
EarlyStopping counter: 1 out of 5
  Ep 17: Train 0.2569 | Val 0.2820 | Test 0.0419
EarlyStopping counter: 2 out of 5
  Ep 18: Train 0.2571 | Val 0.2619 | Test 0.0390
EarlyStopping counter: 3 out of 5
  Ep 19: Train 0.2539 | Val 0.2597 | Test 0.0327
EarlyStopping counter: 4 out of 5
  Ep 20: Train 0.2548 | Val 0.2597 | Test 0.0362
EarlyStopping counter: 5 out of 5
Early stopping triggered!
/home/sangukchoi/Stroke_SDA/sda_training.py:615: FutureWarning: You are using `torch.load` with `weights_only=False` (the current default value), which uses the default pickle module implicitly. It is possible to construct malicious pickle data which will execute arbitrary code during unpickling (See https://github.com/pytorch/pytorch/blob/main/SECURITY.md#untrusted-models for more details). In a future release, the default value for `weights_only` will be flipped to `True`. This limits the functions that could be executed during unpickling. Arbitrary objects will no longer be allowed to be loaded via this mode unless they are explicitly allowlisted by the user via `torch.serialization.add_safe_globals`. We recommend you start setting `weights_only=True` for any use case where you don't have full control of the loaded file. Please open an issue on GitHub for any issues related to this experimental feature.
  model.load_state_dict(torch.load(os.path.join(out_dir, 'best_model.pth')))
Final Test MSE (Best Model): 0.0389
Finished. Status: Success
