Starting Run on GPU 0
Time: 2025-12-25 03:20:50

[Run Start] Subject S008 | Mode ['SDA'] | Params: L3.0_LS0.5_LR0.0001_E128_D32_Dr0.3

[Fold 1 - SDA] Train: ['S008_T004', 'S008_T006'], Test: S008_T001, Norm: fixed
/home/sangukchoi/.conda/envs/torch_gpu/lib/python3.10/site-packages/torch/nn/modules/rnn.py:123: UserWarning: dropout option adds dropout after all but last recurrent layer, so non-zero dropout expects num_layers greater than 1, but got dropout=0.3 and num_layers=1
  warnings.warn(
  Ep 1: Train 0.7524 | Val 0.6583 | Test 0.0559
Validation loss decreased (0.658250 --> 0.658250).  Saving model ...
  Ep 2: Train 0.4814 | Val 0.4339 | Test 0.0519
Validation loss decreased (0.433928 --> 0.433928).  Saving model ...
  Ep 3: Train 0.3992 | Val 0.3654 | Test 0.0421
Validation loss decreased (0.365448 --> 0.365448).  Saving model ...
  Ep 4: Train 0.3693 | Val 0.4002 | Test 0.0428
EarlyStopping counter: 1 out of 5
  Ep 5: Train 0.3568 | Val 0.3348 | Test 0.0443
Validation loss decreased (0.334769 --> 0.334769).  Saving model ...
  Ep 6: Train 0.3352 | Val 0.3048 | Test 0.0374
Validation loss decreased (0.304777 --> 0.304777).  Saving model ...
  Ep 7: Train 0.3366 | Val 0.2852 | Test 0.0345
Validation loss decreased (0.285226 --> 0.285226).  Saving model ...
  Ep 8: Train 0.3369 | Val 0.3015 | Test 0.0403
EarlyStopping counter: 1 out of 5
  Ep 9: Train 0.3222 | Val 0.2969 | Test 0.0353
EarlyStopping counter: 2 out of 5
  Ep 10: Train 0.3198 | Val 0.2864 | Test 0.0356
EarlyStopping counter: 3 out of 5
  Ep 11: Train 0.3253 | Val 0.2641 | Test 0.0314
Validation loss decreased (0.264084 --> 0.264084).  Saving model ...
  Ep 12: Train 0.3152 | Val 0.3703 | Test 0.0469
EarlyStopping counter: 1 out of 5
  Ep 13: Train 0.3165 | Val 0.2985 | Test 0.0451
EarlyStopping counter: 2 out of 5
  Ep 14: Train 0.3062 | Val 0.2912 | Test 0.0396
EarlyStopping counter: 3 out of 5
  Ep 15: Train 0.3065 | Val 0.3019 | Test 0.0366
EarlyStopping counter: 4 out of 5
  Ep 16: Train 0.3067 | Val 0.2876 | Test 0.0416
EarlyStopping counter: 5 out of 5
Early stopping triggered!
/home/sangukchoi/Stroke_SDA/sda_training.py:615: FutureWarning: You are using `torch.load` with `weights_only=False` (the current default value), which uses the default pickle module implicitly. It is possible to construct malicious pickle data which will execute arbitrary code during unpickling (See https://github.com/pytorch/pytorch/blob/main/SECURITY.md#untrusted-models for more details). In a future release, the default value for `weights_only` will be flipped to `True`. This limits the functions that could be executed during unpickling. Arbitrary objects will no longer be allowed to be loaded via this mode unless they are explicitly allowlisted by the user via `torch.serialization.add_safe_globals`. We recommend you start setting `weights_only=True` for any use case where you don't have full control of the loaded file. Please open an issue on GitHub for any issues related to this experimental feature.
  model.load_state_dict(torch.load(os.path.join(out_dir, 'best_model.pth')))
Final Test MSE (Best Model): 0.0314
Finished. Status: Success
