Starting Run on GPU 2
Time: 2025-12-25 03:04:31

[Run Start] Subject S008 | Mode ['SDA'] | Params: L3.0_LS0.3_LR0.0001_E64_D64_Dr0.3

[Fold 1 - SDA] Train: ['S008_T004', 'S008_T006'], Test: S008_T001, Norm: fixed
/home/sangukchoi/.conda/envs/torch_gpu/lib/python3.10/site-packages/torch/nn/modules/rnn.py:123: UserWarning: dropout option adds dropout after all but last recurrent layer, so non-zero dropout expects num_layers greater than 1, but got dropout=0.3 and num_layers=1
  warnings.warn(
  Ep 1: Train 0.7036 | Val 0.7172 | Test 0.0767
Validation loss decreased (0.717210 --> 0.717210).  Saving model ...
  Ep 2: Train 0.4984 | Val 0.5019 | Test 0.0552
Validation loss decreased (0.501904 --> 0.501904).  Saving model ...
  Ep 3: Train 0.4422 | Val 0.4918 | Test 0.0490
Validation loss decreased (0.491829 --> 0.491829).  Saving model ...
  Ep 4: Train 0.4187 | Val 0.4160 | Test 0.0410
Validation loss decreased (0.415969 --> 0.415969).  Saving model ...
  Ep 5: Train 0.4022 | Val 0.3833 | Test 0.0448
Validation loss decreased (0.383337 --> 0.383337).  Saving model ...
  Ep 6: Train 0.3910 | Val 0.3807 | Test 0.0433
Validation loss decreased (0.380694 --> 0.380694).  Saving model ...
  Ep 7: Train 0.3786 | Val 0.3968 | Test 0.0406
EarlyStopping counter: 1 out of 5
  Ep 8: Train 0.3695 | Val 0.3587 | Test 0.0441
Validation loss decreased (0.358675 --> 0.358675).  Saving model ...
  Ep 9: Train 0.3625 | Val 0.3498 | Test 0.0430
Validation loss decreased (0.349835 --> 0.349835).  Saving model ...
  Ep 10: Train 0.3559 | Val 0.3389 | Test 0.0404
Validation loss decreased (0.338853 --> 0.338853).  Saving model ...
  Ep 11: Train 0.3488 | Val 0.3073 | Test 0.0420
Validation loss decreased (0.307275 --> 0.307275).  Saving model ...
  Ep 12: Train 0.3380 | Val 0.3247 | Test 0.0394
EarlyStopping counter: 1 out of 5
  Ep 13: Train 0.3360 | Val 0.3286 | Test 0.0335
EarlyStopping counter: 2 out of 5
  Ep 14: Train 0.3293 | Val 0.3387 | Test 0.0325
EarlyStopping counter: 3 out of 5
  Ep 15: Train 0.3253 | Val 0.3423 | Test 0.0393
EarlyStopping counter: 4 out of 5
  Ep 16: Train 0.3207 | Val 0.2685 | Test 0.0314
Validation loss decreased (0.268469 --> 0.268469).  Saving model ...
  Ep 17: Train 0.3165 | Val 0.2639 | Test 0.0348
Validation loss decreased (0.263927 --> 0.263927).  Saving model ...
  Ep 18: Train 0.3121 | Val 0.2463 | Test 0.0406
Validation loss decreased (0.246328 --> 0.246328).  Saving model ...
  Ep 19: Train 0.3109 | Val 0.2708 | Test 0.0316
EarlyStopping counter: 1 out of 5
  Ep 20: Train 0.3062 | Val 0.2718 | Test 0.0363
EarlyStopping counter: 2 out of 5
  Ep 21: Train 0.3036 | Val 0.3233 | Test 0.0335
EarlyStopping counter: 3 out of 5
  Ep 22: Train 0.3029 | Val 0.3384 | Test 0.0302
EarlyStopping counter: 4 out of 5
  Ep 23: Train 0.2941 | Val 0.2427 | Test 0.0414
Validation loss decreased (0.242691 --> 0.242691).  Saving model ...
  Ep 24: Train 0.2904 | Val 0.2547 | Test 0.0310
EarlyStopping counter: 1 out of 5
  Ep 25: Train 0.2865 | Val 0.3105 | Test 0.0350
EarlyStopping counter: 2 out of 5
  Ep 26: Train 0.2867 | Val 0.2696 | Test 0.0324
EarlyStopping counter: 3 out of 5
  Ep 27: Train 0.2803 | Val 0.2697 | Test 0.0415
EarlyStopping counter: 4 out of 5
  Ep 28: Train 0.2769 | Val 0.2584 | Test 0.0404
EarlyStopping counter: 5 out of 5
Early stopping triggered!
/home/sangukchoi/Stroke_SDA/sda_training.py:615: FutureWarning: You are using `torch.load` with `weights_only=False` (the current default value), which uses the default pickle module implicitly. It is possible to construct malicious pickle data which will execute arbitrary code during unpickling (See https://github.com/pytorch/pytorch/blob/main/SECURITY.md#untrusted-models for more details). In a future release, the default value for `weights_only` will be flipped to `True`. This limits the functions that could be executed during unpickling. Arbitrary objects will no longer be allowed to be loaded via this mode unless they are explicitly allowlisted by the user via `torch.serialization.add_safe_globals`. We recommend you start setting `weights_only=True` for any use case where you don't have full control of the loaded file. Please open an issue on GitHub for any issues related to this experimental feature.
  model.load_state_dict(torch.load(os.path.join(out_dir, 'best_model.pth')))
Final Test MSE (Best Model): 0.0414
Finished. Status: Success
