Starting Run on GPU 1
Time: 2025-12-25 01:35:08

[Run Start] Subject S008 | Mode ['SDA'] | Params: L1.0_LS0.7_LR0.0001_E256_D128_Dr0.3

[Fold 1 - SDA] Train: ['S008_T004', 'S008_T006'], Test: S008_T001, Norm: fixed
/home/sangukchoi/.conda/envs/torch_gpu/lib/python3.10/site-packages/torch/nn/modules/rnn.py:123: UserWarning: dropout option adds dropout after all but last recurrent layer, so non-zero dropout expects num_layers greater than 1, but got dropout=0.3 and num_layers=1
  warnings.warn(
  Ep 1: Train 0.2965 | Val 0.1941 | Test 0.0395
Validation loss decreased (0.194133 --> 0.194133).  Saving model ...
  Ep 2: Train 0.1605 | Val 0.1391 | Test 0.0378
Validation loss decreased (0.139129 --> 0.139129).  Saving model ...
  Ep 3: Train 0.1494 | Val 0.1487 | Test 0.0300
EarlyStopping counter: 1 out of 5
  Ep 4: Train 0.1439 | Val 0.1546 | Test 0.0291
EarlyStopping counter: 2 out of 5
  Ep 5: Train 0.1388 | Val 0.1365 | Test 0.0359
Validation loss decreased (0.136536 --> 0.136536).  Saving model ...
  Ep 6: Train 0.1347 | Val 0.1295 | Test 0.0293
Validation loss decreased (0.129518 --> 0.129518).  Saving model ...
  Ep 7: Train 0.1341 | Val 0.1421 | Test 0.0330
EarlyStopping counter: 1 out of 5
  Ep 8: Train 0.1282 | Val 0.1123 | Test 0.0330
Validation loss decreased (0.112334 --> 0.112334).  Saving model ...
  Ep 9: Train 0.1293 | Val 0.1099 | Test 0.0275
Validation loss decreased (0.109904 --> 0.109904).  Saving model ...
  Ep 10: Train 0.1257 | Val 0.1258 | Test 0.0273
EarlyStopping counter: 1 out of 5
  Ep 11: Train 0.1240 | Val 0.1134 | Test 0.0214
EarlyStopping counter: 2 out of 5
  Ep 12: Train 0.1192 | Val 0.1064 | Test 0.0321
Validation loss decreased (0.106389 --> 0.106389).  Saving model ...
  Ep 13: Train 0.1164 | Val 0.1006 | Test 0.0241
Validation loss decreased (0.100565 --> 0.100565).  Saving model ...
  Ep 14: Train 0.1163 | Val 0.1168 | Test 0.0364
EarlyStopping counter: 1 out of 5
  Ep 15: Train 0.1143 | Val 0.1270 | Test 0.0183
EarlyStopping counter: 2 out of 5
  Ep 16: Train 0.1148 | Val 0.1380 | Test 0.0399
EarlyStopping counter: 3 out of 5
  Ep 17: Train 0.1133 | Val 0.1152 | Test 0.0167
EarlyStopping counter: 4 out of 5
  Ep 18: Train 0.1165 | Val 0.1291 | Test 0.0248
EarlyStopping counter: 5 out of 5
Early stopping triggered!
/home/sangukchoi/Stroke_SDA/sda_training.py:615: FutureWarning: You are using `torch.load` with `weights_only=False` (the current default value), which uses the default pickle module implicitly. It is possible to construct malicious pickle data which will execute arbitrary code during unpickling (See https://github.com/pytorch/pytorch/blob/main/SECURITY.md#untrusted-models for more details). In a future release, the default value for `weights_only` will be flipped to `True`. This limits the functions that could be executed during unpickling. Arbitrary objects will no longer be allowed to be loaded via this mode unless they are explicitly allowlisted by the user via `torch.serialization.add_safe_globals`. We recommend you start setting `weights_only=True` for any use case where you don't have full control of the loaded file. Please open an issue on GitHub for any issues related to this experimental feature.
  model.load_state_dict(torch.load(os.path.join(out_dir, 'best_model.pth')))
Final Test MSE (Best Model): 0.0241
Finished. Status: Success
