Starting Run on GPU 2
Time: 2025-12-25 01:35:51

[Run Start] Subject S008 | Mode ['SDA'] | Params: L1.0_LS1.0_LR0.0001_E64_D32_Dr0.3

[Fold 1 - SDA] Train: ['S008_T004', 'S008_T006'], Test: S008_T001, Norm: fixed
/home/sangukchoi/.conda/envs/torch_gpu/lib/python3.10/site-packages/torch/nn/modules/rnn.py:123: UserWarning: dropout option adds dropout after all but last recurrent layer, so non-zero dropout expects num_layers greater than 1, but got dropout=0.3 and num_layers=1
  warnings.warn(
  Ep 1: Train 0.5440 | Val 0.2199 | Test 0.0482
Validation loss decreased (0.219883 --> 0.219883).  Saving model ...
  Ep 2: Train 0.2101 | Val 0.1619 | Test 0.0376
Validation loss decreased (0.161930 --> 0.161930).  Saving model ...
  Ep 3: Train 0.1745 | Val 0.1598 | Test 0.0278
Validation loss decreased (0.159752 --> 0.159752).  Saving model ...
  Ep 4: Train 0.1624 | Val 0.1447 | Test 0.0364
Validation loss decreased (0.144747 --> 0.144747).  Saving model ...
  Ep 5: Train 0.1578 | Val 0.1362 | Test 0.0459
Validation loss decreased (0.136183 --> 0.136183).  Saving model ...
  Ep 6: Train 0.1545 | Val 0.1284 | Test 0.0408
Validation loss decreased (0.128376 --> 0.128376).  Saving model ...
  Ep 7: Train 0.1502 | Val 0.1325 | Test 0.0457
EarlyStopping counter: 1 out of 5
  Ep 8: Train 0.1480 | Val 0.1326 | Test 0.0323
EarlyStopping counter: 2 out of 5
  Ep 9: Train 0.1493 | Val 0.1317 | Test 0.0365
EarlyStopping counter: 3 out of 5
  Ep 10: Train 0.1413 | Val 0.1352 | Test 0.0414
EarlyStopping counter: 4 out of 5
  Ep 11: Train 0.1443 | Val 0.1377 | Test 0.0382
EarlyStopping counter: 5 out of 5
Early stopping triggered!
/home/sangukchoi/Stroke_SDA/sda_training.py:615: FutureWarning: You are using `torch.load` with `weights_only=False` (the current default value), which uses the default pickle module implicitly. It is possible to construct malicious pickle data which will execute arbitrary code during unpickling (See https://github.com/pytorch/pytorch/blob/main/SECURITY.md#untrusted-models for more details). In a future release, the default value for `weights_only` will be flipped to `True`. This limits the functions that could be executed during unpickling. Arbitrary objects will no longer be allowed to be loaded via this mode unless they are explicitly allowlisted by the user via `torch.serialization.add_safe_globals`. We recommend you start setting `weights_only=True` for any use case where you don't have full control of the loaded file. Please open an issue on GitHub for any issues related to this experimental feature.
  model.load_state_dict(torch.load(os.path.join(out_dir, 'best_model.pth')))
Final Test MSE (Best Model): 0.0408
Finished. Status: Success
