Starting Run on GPU 2
Time: 2025-12-25 03:01:09

[Run Start] Subject S008 | Mode ['SDA'] | Params: L2.5_LS1.0_LR0.0001_E256_D32_Dr0.3

[Fold 1 - SDA] Train: ['S008_T004', 'S008_T006'], Test: S008_T001, Norm: fixed
/home/sangukchoi/.conda/envs/torch_gpu/lib/python3.10/site-packages/torch/nn/modules/rnn.py:123: UserWarning: dropout option adds dropout after all but last recurrent layer, so non-zero dropout expects num_layers greater than 1, but got dropout=0.3 and num_layers=1
  warnings.warn(
  Ep 1: Train 0.5985 | Val 0.3767 | Test 0.0395
Validation loss decreased (0.376709 --> 0.376709).  Saving model ...
  Ep 2: Train 0.3495 | Val 0.3172 | Test 0.0497
Validation loss decreased (0.317169 --> 0.317169).  Saving model ...
  Ep 3: Train 0.3231 | Val 0.2910 | Test 0.0296
Validation loss decreased (0.291018 --> 0.291018).  Saving model ...
  Ep 4: Train 0.3093 | Val 0.2803 | Test 0.0307
Validation loss decreased (0.280254 --> 0.280254).  Saving model ...
  Ep 5: Train 0.3009 | Val 0.2670 | Test 0.0417
Validation loss decreased (0.266982 --> 0.266982).  Saving model ...
  Ep 6: Train 0.2937 | Val 0.2826 | Test 0.0358
EarlyStopping counter: 1 out of 5
  Ep 7: Train 0.2911 | Val 0.2841 | Test 0.0612
EarlyStopping counter: 2 out of 5
  Ep 8: Train 0.2888 | Val 0.3227 | Test 0.0404
EarlyStopping counter: 3 out of 5
  Ep 9: Train 0.2796 | Val 0.3483 | Test 0.0340
EarlyStopping counter: 4 out of 5
  Ep 10: Train 0.2795 | Val 0.3569 | Test 0.0407
EarlyStopping counter: 5 out of 5
Early stopping triggered!
/home/sangukchoi/Stroke_SDA/sda_training.py:615: FutureWarning: You are using `torch.load` with `weights_only=False` (the current default value), which uses the default pickle module implicitly. It is possible to construct malicious pickle data which will execute arbitrary code during unpickling (See https://github.com/pytorch/pytorch/blob/main/SECURITY.md#untrusted-models for more details). In a future release, the default value for `weights_only` will be flipped to `True`. This limits the functions that could be executed during unpickling. Arbitrary objects will no longer be allowed to be loaded via this mode unless they are explicitly allowlisted by the user via `torch.serialization.add_safe_globals`. We recommend you start setting `weights_only=True` for any use case where you don't have full control of the loaded file. Please open an issue on GitHub for any issues related to this experimental feature.
  model.load_state_dict(torch.load(os.path.join(out_dir, 'best_model.pth')))
Final Test MSE (Best Model): 0.0417
Finished. Status: Success
