Starting Run on GPU 3
Time: 2025-12-25 02:26:37

[Run Start] Subject S008 | Mode ['SDA'] | Params: L2.5_LS0.3_LR0.0001_E64_D64_Dr0.3

[Fold 1 - SDA] Train: ['S008_T004', 'S008_T006'], Test: S008_T001, Norm: fixed
/home/sangukchoi/.conda/envs/torch_gpu/lib/python3.10/site-packages/torch/nn/modules/rnn.py:123: UserWarning: dropout option adds dropout after all but last recurrent layer, so non-zero dropout expects num_layers greater than 1, but got dropout=0.3 and num_layers=1
  warnings.warn(
  Ep 1: Train 0.7475 | Val 0.7502 | Test 0.1188
Validation loss decreased (0.750221 --> 0.750221).  Saving model ...
  Ep 2: Train 0.5019 | Val 0.5280 | Test 0.0678
Validation loss decreased (0.528049 --> 0.528049).  Saving model ...
  Ep 3: Train 0.4255 | Val 0.4031 | Test 0.0541
Validation loss decreased (0.403069 --> 0.403069).  Saving model ...
  Ep 4: Train 0.3870 | Val 0.3639 | Test 0.0421
Validation loss decreased (0.363876 --> 0.363876).  Saving model ...
  Ep 5: Train 0.3593 | Val 0.3442 | Test 0.0394
Validation loss decreased (0.344153 --> 0.344153).  Saving model ...
  Ep 6: Train 0.3389 | Val 0.3239 | Test 0.0413
Validation loss decreased (0.323939 --> 0.323939).  Saving model ...
  Ep 7: Train 0.3250 | Val 0.3120 | Test 0.0349
Validation loss decreased (0.312042 --> 0.312042).  Saving model ...
  Ep 8: Train 0.3126 | Val 0.2997 | Test 0.0332
Validation loss decreased (0.299741 --> 0.299741).  Saving model ...
  Ep 9: Train 0.3051 | Val 0.2930 | Test 0.0335
Validation loss decreased (0.292973 --> 0.292973).  Saving model ...
  Ep 10: Train 0.2970 | Val 0.2853 | Test 0.0401
Validation loss decreased (0.285320 --> 0.285320).  Saving model ...
  Ep 11: Train 0.2854 | Val 0.2736 | Test 0.0411
Validation loss decreased (0.273633 --> 0.273633).  Saving model ...
  Ep 12: Train 0.2751 | Val 0.2626 | Test 0.0298
Validation loss decreased (0.262596 --> 0.262596).  Saving model ...
  Ep 13: Train 0.2757 | Val 0.2817 | Test 0.0414
EarlyStopping counter: 1 out of 5
  Ep 14: Train 0.2753 | Val 0.2804 | Test 0.0304
EarlyStopping counter: 2 out of 5
  Ep 15: Train 0.2749 | Val 0.2790 | Test 0.0314
EarlyStopping counter: 3 out of 5
  Ep 16: Train 0.2716 | Val 0.2608 | Test 0.0350
Validation loss decreased (0.260752 --> 0.260752).  Saving model ...
  Ep 17: Train 0.2664 | Val 0.2414 | Test 0.0368
Validation loss decreased (0.241388 --> 0.241388).  Saving model ...
  Ep 18: Train 0.2742 | Val 0.2635 | Test 0.0345
EarlyStopping counter: 1 out of 5
  Ep 19: Train 0.2726 | Val 0.2522 | Test 0.0319
EarlyStopping counter: 2 out of 5
  Ep 20: Train 0.2694 | Val 0.2420 | Test 0.0313
EarlyStopping counter: 3 out of 5
  Ep 21: Train 0.2658 | Val 0.2433 | Test 0.0337
EarlyStopping counter: 4 out of 5
  Ep 22: Train 0.2629 | Val 0.2462 | Test 0.0406
EarlyStopping counter: 5 out of 5
Early stopping triggered!
/home/sangukchoi/Stroke_SDA/sda_training.py:615: FutureWarning: You are using `torch.load` with `weights_only=False` (the current default value), which uses the default pickle module implicitly. It is possible to construct malicious pickle data which will execute arbitrary code during unpickling (See https://github.com/pytorch/pytorch/blob/main/SECURITY.md#untrusted-models for more details). In a future release, the default value for `weights_only` will be flipped to `True`. This limits the functions that could be executed during unpickling. Arbitrary objects will no longer be allowed to be loaded via this mode unless they are explicitly allowlisted by the user via `torch.serialization.add_safe_globals`. We recommend you start setting `weights_only=True` for any use case where you don't have full control of the loaded file. Please open an issue on GitHub for any issues related to this experimental feature.
  model.load_state_dict(torch.load(os.path.join(out_dir, 'best_model.pth')))
Final Test MSE (Best Model): 0.0368
Finished. Status: Success
