Starting Run on GPU 3
Time: 2025-12-25 03:47:17

[Run Start] Subject S008 | Mode ['SDA'] | Params: L3.0_LS1.0_LR0.0001_E256_D64_Dr0.3

[Fold 1 - SDA] Train: ['S008_T004', 'S008_T006'], Test: S008_T001, Norm: fixed
/home/sangukchoi/.conda/envs/torch_gpu/lib/python3.10/site-packages/torch/nn/modules/rnn.py:123: UserWarning: dropout option adds dropout after all but last recurrent layer, so non-zero dropout expects num_layers greater than 1, but got dropout=0.3 and num_layers=1
  warnings.warn(
  Ep 1: Train 0.6764 | Val 0.4696 | Test 0.0609
Validation loss decreased (0.469625 --> 0.469625).  Saving model ...
  Ep 2: Train 0.4388 | Val 0.3458 | Test 0.0352
Validation loss decreased (0.345774 --> 0.345774).  Saving model ...
  Ep 3: Train 0.3871 | Val 0.2890 | Test 0.0408
Validation loss decreased (0.288955 --> 0.288955).  Saving model ...
  Ep 4: Train 0.3778 | Val 0.3416 | Test 0.0421
EarlyStopping counter: 1 out of 5
  Ep 5: Train 0.3665 | Val 0.3234 | Test 0.0451
EarlyStopping counter: 2 out of 5
  Ep 6: Train 0.3600 | Val 0.3433 | Test 0.0443
EarlyStopping counter: 3 out of 5
  Ep 7: Train 0.3522 | Val 0.2729 | Test 0.0423
Validation loss decreased (0.272943 --> 0.272943).  Saving model ...
  Ep 8: Train 0.3445 | Val 0.3509 | Test 0.0348
EarlyStopping counter: 1 out of 5
  Ep 9: Train 0.3440 | Val 0.2944 | Test 0.0393
EarlyStopping counter: 2 out of 5
  Ep 10: Train 0.3355 | Val 0.3706 | Test 0.0329
EarlyStopping counter: 3 out of 5
  Ep 11: Train 0.3298 | Val 0.3170 | Test 0.0522
EarlyStopping counter: 4 out of 5
  Ep 12: Train 0.3245 | Val 0.3156 | Test 0.0339
EarlyStopping counter: 5 out of 5
Early stopping triggered!
/home/sangukchoi/Stroke_SDA/sda_training.py:615: FutureWarning: You are using `torch.load` with `weights_only=False` (the current default value), which uses the default pickle module implicitly. It is possible to construct malicious pickle data which will execute arbitrary code during unpickling (See https://github.com/pytorch/pytorch/blob/main/SECURITY.md#untrusted-models for more details). In a future release, the default value for `weights_only` will be flipped to `True`. This limits the functions that could be executed during unpickling. Arbitrary objects will no longer be allowed to be loaded via this mode unless they are explicitly allowlisted by the user via `torch.serialization.add_safe_globals`. We recommend you start setting `weights_only=True` for any use case where you don't have full control of the loaded file. Please open an issue on GitHub for any issues related to this experimental feature.
  model.load_state_dict(torch.load(os.path.join(out_dir, 'best_model.pth')))
Final Test MSE (Best Model): 0.0423
Finished. Status: Success
