Starting Run on GPU 2
Time: 2025-12-25 01:43:54

[Run Start] Subject S008 | Mode ['SDA'] | Params: L1.0_LS1.0_LR0.0001_E256_D64_Dr0.3

[Fold 1 - SDA] Train: ['S008_T004', 'S008_T006'], Test: S008_T001, Norm: fixed
/home/sangukchoi/.conda/envs/torch_gpu/lib/python3.10/site-packages/torch/nn/modules/rnn.py:123: UserWarning: dropout option adds dropout after all but last recurrent layer, so non-zero dropout expects num_layers greater than 1, but got dropout=0.3 and num_layers=1
  warnings.warn(
  Ep 1: Train 0.3170 | Val 0.1677 | Test 0.0332
Validation loss decreased (0.167652 --> 0.167652).  Saving model ...
  Ep 2: Train 0.1685 | Val 0.1409 | Test 0.0323
Validation loss decreased (0.140863 --> 0.140863).  Saving model ...
  Ep 3: Train 0.1553 | Val 0.1465 | Test 0.0335
EarlyStopping counter: 1 out of 5
  Ep 4: Train 0.1498 | Val 0.1306 | Test 0.0449
Validation loss decreased (0.130591 --> 0.130591).  Saving model ...
  Ep 5: Train 0.1463 | Val 0.1207 | Test 0.0239
Validation loss decreased (0.120711 --> 0.120711).  Saving model ...
  Ep 6: Train 0.1408 | Val 0.1310 | Test 0.0371
EarlyStopping counter: 1 out of 5
  Ep 7: Train 0.1369 | Val 0.1235 | Test 0.0209
EarlyStopping counter: 2 out of 5
  Ep 8: Train 0.1337 | Val 0.1188 | Test 0.0291
Validation loss decreased (0.118823 --> 0.118823).  Saving model ...
  Ep 9: Train 0.1314 | Val 0.1236 | Test 0.0204
EarlyStopping counter: 1 out of 5
  Ep 10: Train 0.1296 | Val 0.1382 | Test 0.0266
EarlyStopping counter: 2 out of 5
  Ep 11: Train 0.1282 | Val 0.1257 | Test 0.0231
EarlyStopping counter: 3 out of 5
  Ep 12: Train 0.1252 | Val 0.1319 | Test 0.0210
EarlyStopping counter: 4 out of 5
  Ep 13: Train 0.1210 | Val 0.1423 | Test 0.0200
EarlyStopping counter: 5 out of 5
Early stopping triggered!
/home/sangukchoi/Stroke_SDA/sda_training.py:615: FutureWarning: You are using `torch.load` with `weights_only=False` (the current default value), which uses the default pickle module implicitly. It is possible to construct malicious pickle data which will execute arbitrary code during unpickling (See https://github.com/pytorch/pytorch/blob/main/SECURITY.md#untrusted-models for more details). In a future release, the default value for `weights_only` will be flipped to `True`. This limits the functions that could be executed during unpickling. Arbitrary objects will no longer be allowed to be loaded via this mode unless they are explicitly allowlisted by the user via `torch.serialization.add_safe_globals`. We recommend you start setting `weights_only=True` for any use case where you don't have full control of the loaded file. Please open an issue on GitHub for any issues related to this experimental feature.
  model.load_state_dict(torch.load(os.path.join(out_dir, 'best_model.pth')))
Final Test MSE (Best Model): 0.0291
Finished. Status: Success
