Starting Run on GPU 2
Time: 2025-12-25 02:06:52

[Run Start] Subject S008 | Mode ['SDA'] | Params: L2.0_LS0.7_LR0.0001_E64_D128_Dr0.3

[Fold 1 - SDA] Train: ['S008_T004', 'S008_T006'], Test: S008_T001, Norm: fixed
/home/sangukchoi/.conda/envs/torch_gpu/lib/python3.10/site-packages/torch/nn/modules/rnn.py:123: UserWarning: dropout option adds dropout after all but last recurrent layer, so non-zero dropout expects num_layers greater than 1, but got dropout=0.3 and num_layers=1
  warnings.warn(
  Ep 1: Train 0.6716 | Val 0.4798 | Test 0.0354
Validation loss decreased (0.479814 --> 0.479814).  Saving model ...
  Ep 2: Train 0.3809 | Val 0.3102 | Test 0.0299
Validation loss decreased (0.310187 --> 0.310187).  Saving model ...
  Ep 3: Train 0.3132 | Val 0.2791 | Test 0.0401
Validation loss decreased (0.279117 --> 0.279117).  Saving model ...
  Ep 4: Train 0.2933 | Val 0.2488 | Test 0.0346
Validation loss decreased (0.248820 --> 0.248820).  Saving model ...
  Ep 5: Train 0.2750 | Val 0.2340 | Test 0.0324
Validation loss decreased (0.233975 --> 0.233975).  Saving model ...
  Ep 6: Train 0.2732 | Val 0.2250 | Test 0.0360
Validation loss decreased (0.225014 --> 0.225014).  Saving model ...
  Ep 7: Train 0.2598 | Val 0.2173 | Test 0.0355
Validation loss decreased (0.217279 --> 0.217279).  Saving model ...
  Ep 8: Train 0.2585 | Val 0.2205 | Test 0.0407
EarlyStopping counter: 1 out of 5
  Ep 9: Train 0.2537 | Val 0.2505 | Test 0.0389
EarlyStopping counter: 2 out of 5
  Ep 10: Train 0.2563 | Val 0.2360 | Test 0.0352
EarlyStopping counter: 3 out of 5
  Ep 11: Train 0.2507 | Val 0.2034 | Test 0.0390
Validation loss decreased (0.203422 --> 0.203422).  Saving model ...
  Ep 12: Train 0.2507 | Val 0.2094 | Test 0.0404
EarlyStopping counter: 1 out of 5
  Ep 13: Train 0.2462 | Val 0.2222 | Test 0.0422
EarlyStopping counter: 2 out of 5
  Ep 14: Train 0.2474 | Val 0.2291 | Test 0.0472
EarlyStopping counter: 3 out of 5
  Ep 15: Train 0.2391 | Val 0.2010 | Test 0.0420
Validation loss decreased (0.200995 --> 0.200995).  Saving model ...
  Ep 16: Train 0.2445 | Val 0.2473 | Test 0.0396
EarlyStopping counter: 1 out of 5
  Ep 17: Train 0.2359 | Val 0.2201 | Test 0.0415
EarlyStopping counter: 2 out of 5
  Ep 18: Train 0.2393 | Val 0.2160 | Test 0.0366
EarlyStopping counter: 3 out of 5
  Ep 19: Train 0.2357 | Val 0.2277 | Test 0.0433
EarlyStopping counter: 4 out of 5
  Ep 20: Train 0.2356 | Val 0.2076 | Test 0.0432
EarlyStopping counter: 5 out of 5
Early stopping triggered!
/home/sangukchoi/Stroke_SDA/sda_training.py:615: FutureWarning: You are using `torch.load` with `weights_only=False` (the current default value), which uses the default pickle module implicitly. It is possible to construct malicious pickle data which will execute arbitrary code during unpickling (See https://github.com/pytorch/pytorch/blob/main/SECURITY.md#untrusted-models for more details). In a future release, the default value for `weights_only` will be flipped to `True`. This limits the functions that could be executed during unpickling. Arbitrary objects will no longer be allowed to be loaded via this mode unless they are explicitly allowlisted by the user via `torch.serialization.add_safe_globals`. We recommend you start setting `weights_only=True` for any use case where you don't have full control of the loaded file. Please open an issue on GitHub for any issues related to this experimental feature.
  model.load_state_dict(torch.load(os.path.join(out_dir, 'best_model.pth')))
Final Test MSE (Best Model): 0.0420
Finished. Status: Success
