Starting Run on GPU 1
Time: 2025-12-25 02:11:49

[Run Start] Subject S008 | Mode ['SDA'] | Params: L2.0_LS0.7_LR0.0001_E128_D128_Dr0.3

[Fold 1 - SDA] Train: ['S008_T004', 'S008_T006'], Test: S008_T001, Norm: fixed
/home/sangukchoi/.conda/envs/torch_gpu/lib/python3.10/site-packages/torch/nn/modules/rnn.py:123: UserWarning: dropout option adds dropout after all but last recurrent layer, so non-zero dropout expects num_layers greater than 1, but got dropout=0.3 and num_layers=1
  warnings.warn(
  Ep 1: Train 0.5301 | Val 0.3417 | Test 0.0412
Validation loss decreased (0.341696 --> 0.341696).  Saving model ...
  Ep 2: Train 0.3280 | Val 0.2876 | Test 0.0475
Validation loss decreased (0.287603 --> 0.287603).  Saving model ...
  Ep 3: Train 0.2806 | Val 0.2568 | Test 0.0478
Validation loss decreased (0.256813 --> 0.256813).  Saving model ...
  Ep 4: Train 0.2702 | Val 0.2316 | Test 0.0384
Validation loss decreased (0.231623 --> 0.231623).  Saving model ...
  Ep 5: Train 0.2622 | Val 0.2502 | Test 0.0425
EarlyStopping counter: 1 out of 5
  Ep 6: Train 0.2589 | Val 0.2212 | Test 0.0384
Validation loss decreased (0.221184 --> 0.221184).  Saving model ...
  Ep 7: Train 0.2529 | Val 0.2138 | Test 0.0489
Validation loss decreased (0.213802 --> 0.213802).  Saving model ...
  Ep 8: Train 0.2479 | Val 0.2049 | Test 0.0439
Validation loss decreased (0.204905 --> 0.204905).  Saving model ...
  Ep 9: Train 0.2475 | Val 0.2302 | Test 0.0441
EarlyStopping counter: 1 out of 5
  Ep 10: Train 0.2417 | Val 0.2723 | Test 0.0445
EarlyStopping counter: 2 out of 5
  Ep 11: Train 0.2430 | Val 0.2005 | Test 0.0395
Validation loss decreased (0.200526 --> 0.200526).  Saving model ...
  Ep 12: Train 0.2365 | Val 0.2168 | Test 0.0354
EarlyStopping counter: 1 out of 5
  Ep 13: Train 0.2395 | Val 0.2161 | Test 0.0392
EarlyStopping counter: 2 out of 5
  Ep 14: Train 0.2365 | Val 0.2189 | Test 0.0432
EarlyStopping counter: 3 out of 5
  Ep 15: Train 0.2342 | Val 0.2209 | Test 0.0346
EarlyStopping counter: 4 out of 5
  Ep 16: Train 0.2316 | Val 0.2012 | Test 0.0435
EarlyStopping counter: 5 out of 5
Early stopping triggered!
/home/sangukchoi/Stroke_SDA/sda_training.py:615: FutureWarning: You are using `torch.load` with `weights_only=False` (the current default value), which uses the default pickle module implicitly. It is possible to construct malicious pickle data which will execute arbitrary code during unpickling (See https://github.com/pytorch/pytorch/blob/main/SECURITY.md#untrusted-models for more details). In a future release, the default value for `weights_only` will be flipped to `True`. This limits the functions that could be executed during unpickling. Arbitrary objects will no longer be allowed to be loaded via this mode unless they are explicitly allowlisted by the user via `torch.serialization.add_safe_globals`. We recommend you start setting `weights_only=True` for any use case where you don't have full control of the loaded file. Please open an issue on GitHub for any issues related to this experimental feature.
  model.load_state_dict(torch.load(os.path.join(out_dir, 'best_model.pth')))
Final Test MSE (Best Model): 0.0395
Finished. Status: Success
