Starting Run on GPU 2
Time: 2025-12-25 01:16:15

[Run Start] Subject S008 | Mode ['SDA'] | Params: L0.5_LS1.0_LR0.0001_E64_D64_Dr0.3

[Fold 1 - SDA] Train: ['S008_T004', 'S008_T006'], Test: S008_T001, Norm: fixed
/home/sangukchoi/.conda/envs/torch_gpu/lib/python3.10/site-packages/torch/nn/modules/rnn.py:123: UserWarning: dropout option adds dropout after all but last recurrent layer, so non-zero dropout expects num_layers greater than 1, but got dropout=0.3 and num_layers=1
  warnings.warn(
  Ep 1: Train 0.4286 | Val 0.1373 | Test 0.0442
Validation loss decreased (0.137298 --> 0.137298).  Saving model ...
  Ep 2: Train 0.1332 | Val 0.1068 | Test 0.0323
Validation loss decreased (0.106764 --> 0.106764).  Saving model ...
  Ep 3: Train 0.1116 | Val 0.0996 | Test 0.0399
Validation loss decreased (0.099632 --> 0.099632).  Saving model ...
  Ep 4: Train 0.1071 | Val 0.0892 | Test 0.0382
Validation loss decreased (0.089185 --> 0.089185).  Saving model ...
  Ep 5: Train 0.1034 | Val 0.0895 | Test 0.0257
EarlyStopping counter: 1 out of 5
  Ep 6: Train 0.1000 | Val 0.0786 | Test 0.0320
Validation loss decreased (0.078588 --> 0.078588).  Saving model ...
  Ep 7: Train 0.0979 | Val 0.0787 | Test 0.0315
EarlyStopping counter: 1 out of 5
  Ep 8: Train 0.0962 | Val 0.0800 | Test 0.0318
EarlyStopping counter: 2 out of 5
  Ep 9: Train 0.0949 | Val 0.0784 | Test 0.0268
EarlyStopping counter: 3 out of 5
  Ep 10: Train 0.0932 | Val 0.0714 | Test 0.0308
Validation loss decreased (0.071447 --> 0.071447).  Saving model ...
  Ep 11: Train 0.0932 | Val 0.0770 | Test 0.0347
EarlyStopping counter: 1 out of 5
  Ep 12: Train 0.0896 | Val 0.0723 | Test 0.0339
EarlyStopping counter: 2 out of 5
  Ep 13: Train 0.0894 | Val 0.0734 | Test 0.0337
EarlyStopping counter: 3 out of 5
  Ep 14: Train 0.0883 | Val 0.0681 | Test 0.0373
Validation loss decreased (0.068067 --> 0.068067).  Saving model ...
  Ep 15: Train 0.0875 | Val 0.0710 | Test 0.0325
EarlyStopping counter: 1 out of 5
  Ep 16: Train 0.0851 | Val 0.0698 | Test 0.0261
EarlyStopping counter: 2 out of 5
  Ep 17: Train 0.0857 | Val 0.0688 | Test 0.0323
EarlyStopping counter: 3 out of 5
  Ep 18: Train 0.0849 | Val 0.0674 | Test 0.0317
Validation loss decreased (0.067384 --> 0.067384).  Saving model ...
  Ep 19: Train 0.0846 | Val 0.0682 | Test 0.0269
EarlyStopping counter: 1 out of 5
  Ep 20: Train 0.0834 | Val 0.0664 | Test 0.0322
Validation loss decreased (0.066403 --> 0.066403).  Saving model ...
  Ep 21: Train 0.0826 | Val 0.0699 | Test 0.0335
EarlyStopping counter: 1 out of 5
  Ep 22: Train 0.0826 | Val 0.0654 | Test 0.0284
Validation loss decreased (0.065449 --> 0.065449).  Saving model ...
  Ep 23: Train 0.0816 | Val 0.0705 | Test 0.0350
EarlyStopping counter: 1 out of 5
  Ep 24: Train 0.0806 | Val 0.0673 | Test 0.0319
EarlyStopping counter: 2 out of 5
  Ep 25: Train 0.0809 | Val 0.0693 | Test 0.0278
EarlyStopping counter: 3 out of 5
  Ep 26: Train 0.0789 | Val 0.0673 | Test 0.0294
EarlyStopping counter: 4 out of 5
  Ep 27: Train 0.0793 | Val 0.0693 | Test 0.0262
EarlyStopping counter: 5 out of 5
Early stopping triggered!
/home/sangukchoi/Stroke_SDA/sda_training.py:615: FutureWarning: You are using `torch.load` with `weights_only=False` (the current default value), which uses the default pickle module implicitly. It is possible to construct malicious pickle data which will execute arbitrary code during unpickling (See https://github.com/pytorch/pytorch/blob/main/SECURITY.md#untrusted-models for more details). In a future release, the default value for `weights_only` will be flipped to `True`. This limits the functions that could be executed during unpickling. Arbitrary objects will no longer be allowed to be loaded via this mode unless they are explicitly allowlisted by the user via `torch.serialization.add_safe_globals`. We recommend you start setting `weights_only=True` for any use case where you don't have full control of the loaded file. Please open an issue on GitHub for any issues related to this experimental feature.
  model.load_state_dict(torch.load(os.path.join(out_dir, 'best_model.pth')))
Final Test MSE (Best Model): 0.0284
Finished. Status: Success
