Starting Run on GPU 1
Time: 2025-12-25 01:15:20

[Run Start] Subject S008 | Mode ['SDA'] | Params: L0.5_LS1.0_LR0.0001_E64_D32_Dr0.3

[Fold 1 - SDA] Train: ['S008_T004', 'S008_T006'], Test: S008_T001, Norm: fixed
/home/sangukchoi/.conda/envs/torch_gpu/lib/python3.10/site-packages/torch/nn/modules/rnn.py:123: UserWarning: dropout option adds dropout after all but last recurrent layer, so non-zero dropout expects num_layers greater than 1, but got dropout=0.3 and num_layers=1
  warnings.warn(
  Ep 1: Train 0.4309 | Val 0.1544 | Test 0.0292
Validation loss decreased (0.154422 --> 0.154422).  Saving model ...
  Ep 2: Train 0.1401 | Val 0.1003 | Test 0.0361
Validation loss decreased (0.100346 --> 0.100346).  Saving model ...
  Ep 3: Train 0.1137 | Val 0.0861 | Test 0.0432
Validation loss decreased (0.086077 --> 0.086077).  Saving model ...
  Ep 4: Train 0.1051 | Val 0.0829 | Test 0.0342
Validation loss decreased (0.082913 --> 0.082913).  Saving model ...
  Ep 5: Train 0.1003 | Val 0.0794 | Test 0.0370
Validation loss decreased (0.079385 --> 0.079385).  Saving model ...
  Ep 6: Train 0.0963 | Val 0.0857 | Test 0.0363
EarlyStopping counter: 1 out of 5
  Ep 7: Train 0.0953 | Val 0.0755 | Test 0.0399
Validation loss decreased (0.075508 --> 0.075508).  Saving model ...
  Ep 8: Train 0.0936 | Val 0.0754 | Test 0.0466
EarlyStopping counter: 1 out of 5
  Ep 9: Train 0.0940 | Val 0.0758 | Test 0.0555
EarlyStopping counter: 2 out of 5
  Ep 10: Train 0.0924 | Val 0.0696 | Test 0.0388
Validation loss decreased (0.069635 --> 0.069635).  Saving model ...
  Ep 11: Train 0.0905 | Val 0.0693 | Test 0.0345
EarlyStopping counter: 1 out of 5
  Ep 12: Train 0.0895 | Val 0.0733 | Test 0.0477
EarlyStopping counter: 2 out of 5
  Ep 13: Train 0.0872 | Val 0.0685 | Test 0.0467
Validation loss decreased (0.068482 --> 0.068482).  Saving model ...
  Ep 14: Train 0.0884 | Val 0.0716 | Test 0.0450
EarlyStopping counter: 1 out of 5
  Ep 15: Train 0.0879 | Val 0.0745 | Test 0.0327
EarlyStopping counter: 2 out of 5
  Ep 16: Train 0.0873 | Val 0.0723 | Test 0.0403
EarlyStopping counter: 3 out of 5
  Ep 17: Train 0.0875 | Val 0.0713 | Test 0.0361
EarlyStopping counter: 4 out of 5
  Ep 18: Train 0.0852 | Val 0.0766 | Test 0.0335
EarlyStopping counter: 5 out of 5
Early stopping triggered!
/home/sangukchoi/Stroke_SDA/sda_training.py:615: FutureWarning: You are using `torch.load` with `weights_only=False` (the current default value), which uses the default pickle module implicitly. It is possible to construct malicious pickle data which will execute arbitrary code during unpickling (See https://github.com/pytorch/pytorch/blob/main/SECURITY.md#untrusted-models for more details). In a future release, the default value for `weights_only` will be flipped to `True`. This limits the functions that could be executed during unpickling. Arbitrary objects will no longer be allowed to be loaded via this mode unless they are explicitly allowlisted by the user via `torch.serialization.add_safe_globals`. We recommend you start setting `weights_only=True` for any use case where you don't have full control of the loaded file. Please open an issue on GitHub for any issues related to this experimental feature.
  model.load_state_dict(torch.load(os.path.join(out_dir, 'best_model.pth')))
Final Test MSE (Best Model): 0.0467
Finished. Status: Success
