Starting Run on GPU 0
Time: 2025-12-25 03:47:37

[Run Start] Subject S008 | Mode ['SDA'] | Params: L3.0_LS1.0_LR0.0001_E256_D128_Dr0.3

[Fold 1 - SDA] Train: ['S008_T004', 'S008_T006'], Test: S008_T001, Norm: fixed
/home/sangukchoi/.conda/envs/torch_gpu/lib/python3.10/site-packages/torch/nn/modules/rnn.py:123: UserWarning: dropout option adds dropout after all but last recurrent layer, so non-zero dropout expects num_layers greater than 1, but got dropout=0.3 and num_layers=1
  warnings.warn(
  Ep 1: Train 0.6713 | Val 0.4242 | Test 0.0384
Validation loss decreased (0.424216 --> 0.424216).  Saving model ...
  Ep 2: Train 0.4332 | Val 0.3714 | Test 0.0330
Validation loss decreased (0.371425 --> 0.371425).  Saving model ...
  Ep 3: Train 0.3806 | Val 0.3277 | Test 0.0452
Validation loss decreased (0.327696 --> 0.327696).  Saving model ...
  Ep 4: Train 0.3739 | Val 0.3264 | Test 0.0549
Validation loss decreased (0.326374 --> 0.326374).  Saving model ...
  Ep 5: Train 0.3612 | Val 0.3243 | Test 0.0355
Validation loss decreased (0.324339 --> 0.324339).  Saving model ...
  Ep 6: Train 0.3538 | Val 0.3220 | Test 0.0524
Validation loss decreased (0.322042 --> 0.322042).  Saving model ...
  Ep 7: Train 0.3561 | Val 0.2730 | Test 0.0420
Validation loss decreased (0.273001 --> 0.273001).  Saving model ...
  Ep 8: Train 0.3378 | Val 0.3222 | Test 0.0324
EarlyStopping counter: 1 out of 5
  Ep 9: Train 0.3412 | Val 0.2841 | Test 0.0343
EarlyStopping counter: 2 out of 5
  Ep 10: Train 0.3270 | Val 0.3230 | Test 0.0336
EarlyStopping counter: 3 out of 5
  Ep 11: Train 0.3190 | Val 0.3462 | Test 0.0459
EarlyStopping counter: 4 out of 5
  Ep 12: Train 0.3161 | Val 0.3208 | Test 0.0381
EarlyStopping counter: 5 out of 5
Early stopping triggered!
/home/sangukchoi/Stroke_SDA/sda_training.py:615: FutureWarning: You are using `torch.load` with `weights_only=False` (the current default value), which uses the default pickle module implicitly. It is possible to construct malicious pickle data which will execute arbitrary code during unpickling (See https://github.com/pytorch/pytorch/blob/main/SECURITY.md#untrusted-models for more details). In a future release, the default value for `weights_only` will be flipped to `True`. This limits the functions that could be executed during unpickling. Arbitrary objects will no longer be allowed to be loaded via this mode unless they are explicitly allowlisted by the user via `torch.serialization.add_safe_globals`. We recommend you start setting `weights_only=True` for any use case where you don't have full control of the loaded file. Please open an issue on GitHub for any issues related to this experimental feature.
  model.load_state_dict(torch.load(os.path.join(out_dir, 'best_model.pth')))
Final Test MSE (Best Model): 0.0420
Finished. Status: Success
