Starting Run on GPU 2
Time: 2025-12-25 02:18:49

[Run Start] Subject S008 | Mode ['SDA'] | Params: L2.0_LS1.0_LR0.0001_E128_D32_Dr0.3

[Fold 1 - SDA] Train: ['S008_T004', 'S008_T006'], Test: S008_T001, Norm: fixed
/home/sangukchoi/.conda/envs/torch_gpu/lib/python3.10/site-packages/torch/nn/modules/rnn.py:123: UserWarning: dropout option adds dropout after all but last recurrent layer, so non-zero dropout expects num_layers greater than 1, but got dropout=0.3 and num_layers=1
  warnings.warn(
  Ep 1: Train 0.6467 | Val 0.3788 | Test 0.0435
Validation loss decreased (0.378758 --> 0.378758).  Saving model ...
  Ep 2: Train 0.3248 | Val 0.2596 | Test 0.0420
Validation loss decreased (0.259551 --> 0.259551).  Saving model ...
  Ep 3: Train 0.2910 | Val 0.2365 | Test 0.0441
Validation loss decreased (0.236540 --> 0.236540).  Saving model ...
  Ep 4: Train 0.2833 | Val 0.2383 | Test 0.0529
EarlyStopping counter: 1 out of 5
  Ep 5: Train 0.2691 | Val 0.2490 | Test 0.0457
EarlyStopping counter: 2 out of 5
  Ep 6: Train 0.2616 | Val 0.2549 | Test 0.0398
EarlyStopping counter: 3 out of 5
  Ep 7: Train 0.2600 | Val 0.2119 | Test 0.0303
Validation loss decreased (0.211939 --> 0.211939).  Saving model ...
  Ep 8: Train 0.2556 | Val 0.2388 | Test 0.0394
EarlyStopping counter: 1 out of 5
  Ep 9: Train 0.2583 | Val 0.2462 | Test 0.0534
EarlyStopping counter: 2 out of 5
  Ep 10: Train 0.2511 | Val 0.2562 | Test 0.0450
EarlyStopping counter: 3 out of 5
  Ep 11: Train 0.2456 | Val 0.2305 | Test 0.0494
EarlyStopping counter: 4 out of 5
  Ep 12: Train 0.2439 | Val 0.2291 | Test 0.0471
EarlyStopping counter: 5 out of 5
Early stopping triggered!
/home/sangukchoi/Stroke_SDA/sda_training.py:615: FutureWarning: You are using `torch.load` with `weights_only=False` (the current default value), which uses the default pickle module implicitly. It is possible to construct malicious pickle data which will execute arbitrary code during unpickling (See https://github.com/pytorch/pytorch/blob/main/SECURITY.md#untrusted-models for more details). In a future release, the default value for `weights_only` will be flipped to `True`. This limits the functions that could be executed during unpickling. Arbitrary objects will no longer be allowed to be loaded via this mode unless they are explicitly allowlisted by the user via `torch.serialization.add_safe_globals`. We recommend you start setting `weights_only=True` for any use case where you don't have full control of the loaded file. Please open an issue on GitHub for any issues related to this experimental feature.
  model.load_state_dict(torch.load(os.path.join(out_dir, 'best_model.pth')))
Final Test MSE (Best Model): 0.0303
Finished. Status: Success
