Starting Run on GPU 3
Time: 2025-12-25 01:33:54

[Run Start] Subject S008 | Mode ['SDA'] | Params: L1.0_LS0.7_LR0.0001_E256_D64_Dr0.3

[Fold 1 - SDA] Train: ['S008_T004', 'S008_T006'], Test: S008_T001, Norm: fixed
/home/sangukchoi/.conda/envs/torch_gpu/lib/python3.10/site-packages/torch/nn/modules/rnn.py:123: UserWarning: dropout option adds dropout after all but last recurrent layer, so non-zero dropout expects num_layers greater than 1, but got dropout=0.3 and num_layers=1
  warnings.warn(
  Ep 1: Train 0.2902 | Val 0.1637 | Test 0.0343
Validation loss decreased (0.163701 --> 0.163701).  Saving model ...
  Ep 2: Train 0.1563 | Val 0.1339 | Test 0.0385
Validation loss decreased (0.133933 --> 0.133933).  Saving model ...
  Ep 3: Train 0.1455 | Val 0.1368 | Test 0.0347
EarlyStopping counter: 1 out of 5
  Ep 4: Train 0.1405 | Val 0.1329 | Test 0.0446
Validation loss decreased (0.132853 --> 0.132853).  Saving model ...
  Ep 5: Train 0.1341 | Val 0.1343 | Test 0.0319
EarlyStopping counter: 1 out of 5
  Ep 6: Train 0.1304 | Val 0.1251 | Test 0.0323
Validation loss decreased (0.125098 --> 0.125098).  Saving model ...
  Ep 7: Train 0.1270 | Val 0.1179 | Test 0.0254
Validation loss decreased (0.117944 --> 0.117944).  Saving model ...
  Ep 8: Train 0.1260 | Val 0.1223 | Test 0.0289
EarlyStopping counter: 1 out of 5
  Ep 9: Train 0.1248 | Val 0.1323 | Test 0.0359
EarlyStopping counter: 2 out of 5
  Ep 10: Train 0.1203 | Val 0.1283 | Test 0.0294
EarlyStopping counter: 3 out of 5
  Ep 11: Train 0.1183 | Val 0.1259 | Test 0.0210
EarlyStopping counter: 4 out of 5
  Ep 12: Train 0.1172 | Val 0.1189 | Test 0.0195
EarlyStopping counter: 5 out of 5
Early stopping triggered!
/home/sangukchoi/Stroke_SDA/sda_training.py:615: FutureWarning: You are using `torch.load` with `weights_only=False` (the current default value), which uses the default pickle module implicitly. It is possible to construct malicious pickle data which will execute arbitrary code during unpickling (See https://github.com/pytorch/pytorch/blob/main/SECURITY.md#untrusted-models for more details). In a future release, the default value for `weights_only` will be flipped to `True`. This limits the functions that could be executed during unpickling. Arbitrary objects will no longer be allowed to be loaded via this mode unless they are explicitly allowlisted by the user via `torch.serialization.add_safe_globals`. We recommend you start setting `weights_only=True` for any use case where you don't have full control of the loaded file. Please open an issue on GitHub for any issues related to this experimental feature.
  model.load_state_dict(torch.load(os.path.join(out_dir, 'best_model.pth')))
Final Test MSE (Best Model): 0.0254
Finished. Status: Success
