Starting Run on GPU 0
Time: 2025-12-25 01:19:57

[Run Start] Subject S008 | Mode ['SDA'] | Params: L0.5_LS1.0_LR0.0001_E128_D32_Dr0.3

[Fold 1 - SDA] Train: ['S008_T004', 'S008_T006'], Test: S008_T001, Norm: fixed
/home/sangukchoi/.conda/envs/torch_gpu/lib/python3.10/site-packages/torch/nn/modules/rnn.py:123: UserWarning: dropout option adds dropout after all but last recurrent layer, so non-zero dropout expects num_layers greater than 1, but got dropout=0.3 and num_layers=1
  warnings.warn(
  Ep 1: Train 0.3310 | Val 0.1222 | Test 0.0340
Validation loss decreased (0.122189 --> 0.122189).  Saving model ...
  Ep 2: Train 0.1202 | Val 0.0976 | Test 0.0341
Validation loss decreased (0.097566 --> 0.097566).  Saving model ...
  Ep 3: Train 0.1055 | Val 0.0899 | Test 0.0400
Validation loss decreased (0.089868 --> 0.089868).  Saving model ...
  Ep 4: Train 0.1012 | Val 0.0868 | Test 0.0216
Validation loss decreased (0.086754 --> 0.086754).  Saving model ...
  Ep 5: Train 0.0969 | Val 0.0803 | Test 0.0389
Validation loss decreased (0.080340 --> 0.080340).  Saving model ...
  Ep 6: Train 0.0953 | Val 0.0812 | Test 0.0364
EarlyStopping counter: 1 out of 5
  Ep 7: Train 0.0911 | Val 0.0758 | Test 0.0274
Validation loss decreased (0.075831 --> 0.075831).  Saving model ...
  Ep 8: Train 0.0895 | Val 0.0808 | Test 0.0290
EarlyStopping counter: 1 out of 5
  Ep 9: Train 0.0897 | Val 0.0743 | Test 0.0295
Validation loss decreased (0.074265 --> 0.074265).  Saving model ...
  Ep 10: Train 0.0875 | Val 0.0758 | Test 0.0313
EarlyStopping counter: 1 out of 5
  Ep 11: Train 0.0869 | Val 0.0753 | Test 0.0342
EarlyStopping counter: 2 out of 5
  Ep 12: Train 0.0857 | Val 0.0758 | Test 0.0240
EarlyStopping counter: 3 out of 5
  Ep 13: Train 0.0845 | Val 0.0702 | Test 0.0320
Validation loss decreased (0.070195 --> 0.070195).  Saving model ...
  Ep 14: Train 0.0850 | Val 0.0755 | Test 0.0318
EarlyStopping counter: 1 out of 5
  Ep 15: Train 0.0817 | Val 0.0731 | Test 0.0229
EarlyStopping counter: 2 out of 5
  Ep 16: Train 0.0818 | Val 0.0717 | Test 0.0271
EarlyStopping counter: 3 out of 5
  Ep 17: Train 0.0798 | Val 0.0733 | Test 0.0311
EarlyStopping counter: 4 out of 5
  Ep 18: Train 0.0793 | Val 0.0769 | Test 0.0235
EarlyStopping counter: 5 out of 5
Early stopping triggered!
/home/sangukchoi/Stroke_SDA/sda_training.py:615: FutureWarning: You are using `torch.load` with `weights_only=False` (the current default value), which uses the default pickle module implicitly. It is possible to construct malicious pickle data which will execute arbitrary code during unpickling (See https://github.com/pytorch/pytorch/blob/main/SECURITY.md#untrusted-models for more details). In a future release, the default value for `weights_only` will be flipped to `True`. This limits the functions that could be executed during unpickling. Arbitrary objects will no longer be allowed to be loaded via this mode unless they are explicitly allowlisted by the user via `torch.serialization.add_safe_globals`. We recommend you start setting `weights_only=True` for any use case where you don't have full control of the loaded file. Please open an issue on GitHub for any issues related to this experimental feature.
  model.load_state_dict(torch.load(os.path.join(out_dir, 'best_model.pth')))
Final Test MSE (Best Model): 0.0320
Finished. Status: Success
