Starting Run on GPU 2
Time: 2025-12-25 01:39:08

[Run Start] Subject S008 | Mode ['SDA'] | Params: L1.0_LS1.0_LR0.0001_E128_D32_Dr0.3

[Fold 1 - SDA] Train: ['S008_T004', 'S008_T006'], Test: S008_T001, Norm: fixed
/home/sangukchoi/.conda/envs/torch_gpu/lib/python3.10/site-packages/torch/nn/modules/rnn.py:123: UserWarning: dropout option adds dropout after all but last recurrent layer, so non-zero dropout expects num_layers greater than 1, but got dropout=0.3 and num_layers=1
  warnings.warn(
  Ep 1: Train 0.4063 | Val 0.1926 | Test 0.0307
Validation loss decreased (0.192552 --> 0.192552).  Saving model ...
  Ep 2: Train 0.1805 | Val 0.1501 | Test 0.0289
Validation loss decreased (0.150084 --> 0.150084).  Saving model ...
  Ep 3: Train 0.1622 | Val 0.1378 | Test 0.0319
Validation loss decreased (0.137757 --> 0.137757).  Saving model ...
  Ep 4: Train 0.1547 | Val 0.1375 | Test 0.0323
EarlyStopping counter: 1 out of 5
  Ep 5: Train 0.1495 | Val 0.1392 | Test 0.0311
EarlyStopping counter: 2 out of 5
  Ep 6: Train 0.1463 | Val 0.1205 | Test 0.0431
Validation loss decreased (0.120473 --> 0.120473).  Saving model ...
  Ep 7: Train 0.1436 | Val 0.1191 | Test 0.0330
Validation loss decreased (0.119093 --> 0.119093).  Saving model ...
  Ep 8: Train 0.1435 | Val 0.1104 | Test 0.0381
Validation loss decreased (0.110391 --> 0.110391).  Saving model ...
  Ep 9: Train 0.1421 | Val 0.1077 | Test 0.0279
Validation loss decreased (0.107677 --> 0.107677).  Saving model ...
  Ep 10: Train 0.1385 | Val 0.1082 | Test 0.0371
EarlyStopping counter: 1 out of 5
  Ep 11: Train 0.1384 | Val 0.1088 | Test 0.0293
EarlyStopping counter: 2 out of 5
  Ep 12: Train 0.1332 | Val 0.1095 | Test 0.0289
EarlyStopping counter: 3 out of 5
  Ep 13: Train 0.1323 | Val 0.1020 | Test 0.0293
Validation loss decreased (0.102010 --> 0.102010).  Saving model ...
  Ep 14: Train 0.1287 | Val 0.1178 | Test 0.0349
EarlyStopping counter: 1 out of 5
  Ep 15: Train 0.1326 | Val 0.1105 | Test 0.0321
EarlyStopping counter: 2 out of 5
  Ep 16: Train 0.1285 | Val 0.1257 | Test 0.0422
EarlyStopping counter: 3 out of 5
  Ep 17: Train 0.1295 | Val 0.1115 | Test 0.0278
EarlyStopping counter: 4 out of 5
  Ep 18: Train 0.1259 | Val 0.1146 | Test 0.0233
EarlyStopping counter: 5 out of 5
Early stopping triggered!
/home/sangukchoi/Stroke_SDA/sda_training.py:615: FutureWarning: You are using `torch.load` with `weights_only=False` (the current default value), which uses the default pickle module implicitly. It is possible to construct malicious pickle data which will execute arbitrary code during unpickling (See https://github.com/pytorch/pytorch/blob/main/SECURITY.md#untrusted-models for more details). In a future release, the default value for `weights_only` will be flipped to `True`. This limits the functions that could be executed during unpickling. Arbitrary objects will no longer be allowed to be loaded via this mode unless they are explicitly allowlisted by the user via `torch.serialization.add_safe_globals`. We recommend you start setting `weights_only=True` for any use case where you don't have full control of the loaded file. Please open an issue on GitHub for any issues related to this experimental feature.
  model.load_state_dict(torch.load(os.path.join(out_dir, 'best_model.pth')))
Final Test MSE (Best Model): 0.0293
Finished. Status: Success
