Starting Run on GPU 1
Time: 2025-12-25 01:25:50

[Run Start] Subject S008 | Mode ['SDA'] | Params: L0.5_LS1.0_LR0.0001_E256_D128_Dr0.3

[Fold 1 - SDA] Train: ['S008_T004', 'S008_T006'], Test: S008_T001, Norm: fixed
/home/sangukchoi/.conda/envs/torch_gpu/lib/python3.10/site-packages/torch/nn/modules/rnn.py:123: UserWarning: dropout option adds dropout after all but last recurrent layer, so non-zero dropout expects num_layers greater than 1, but got dropout=0.3 and num_layers=1
  warnings.warn(
  Ep 1: Train 0.2192 | Val 0.1036 | Test 0.0375
Validation loss decreased (0.103565 --> 0.103565).  Saving model ...
  Ep 2: Train 0.1118 | Val 0.0879 | Test 0.0264
Validation loss decreased (0.087899 --> 0.087899).  Saving model ...
  Ep 3: Train 0.1037 | Val 0.0828 | Test 0.0357
Validation loss decreased (0.082795 --> 0.082795).  Saving model ...
  Ep 4: Train 0.0983 | Val 0.0892 | Test 0.0321
EarlyStopping counter: 1 out of 5
  Ep 5: Train 0.0944 | Val 0.0741 | Test 0.0187
Validation loss decreased (0.074052 --> 0.074052).  Saving model ...
  Ep 6: Train 0.0920 | Val 0.0763 | Test 0.0293
EarlyStopping counter: 1 out of 5
  Ep 7: Train 0.0869 | Val 0.0736 | Test 0.0364
EarlyStopping counter: 2 out of 5
  Ep 8: Train 0.0860 | Val 0.0807 | Test 0.0267
EarlyStopping counter: 3 out of 5
  Ep 9: Train 0.0840 | Val 0.0749 | Test 0.0265
EarlyStopping counter: 4 out of 5
  Ep 10: Train 0.0836 | Val 0.0717 | Test 0.0242
Validation loss decreased (0.071709 --> 0.071709).  Saving model ...
  Ep 11: Train 0.0820 | Val 0.0887 | Test 0.0379
EarlyStopping counter: 1 out of 5
  Ep 12: Train 0.0799 | Val 0.0701 | Test 0.0266
Validation loss decreased (0.070079 --> 0.070079).  Saving model ...
  Ep 13: Train 0.0786 | Val 0.0732 | Test 0.0318
EarlyStopping counter: 1 out of 5
  Ep 14: Train 0.0797 | Val 0.0775 | Test 0.0299
EarlyStopping counter: 2 out of 5
  Ep 15: Train 0.0752 | Val 0.0754 | Test 0.0267
EarlyStopping counter: 3 out of 5
  Ep 16: Train 0.0742 | Val 0.0787 | Test 0.0288
EarlyStopping counter: 4 out of 5
  Ep 17: Train 0.0754 | Val 0.0801 | Test 0.0308
EarlyStopping counter: 5 out of 5
Early stopping triggered!
/home/sangukchoi/Stroke_SDA/sda_training.py:615: FutureWarning: You are using `torch.load` with `weights_only=False` (the current default value), which uses the default pickle module implicitly. It is possible to construct malicious pickle data which will execute arbitrary code during unpickling (See https://github.com/pytorch/pytorch/blob/main/SECURITY.md#untrusted-models for more details). In a future release, the default value for `weights_only` will be flipped to `True`. This limits the functions that could be executed during unpickling. Arbitrary objects will no longer be allowed to be loaded via this mode unless they are explicitly allowlisted by the user via `torch.serialization.add_safe_globals`. We recommend you start setting `weights_only=True` for any use case where you don't have full control of the loaded file. Please open an issue on GitHub for any issues related to this experimental feature.
  model.load_state_dict(torch.load(os.path.join(out_dir, 'best_model.pth')))
Final Test MSE (Best Model): 0.0266
Finished. Status: Success
