Starting Run on GPU 2
Time: 2025-12-25 02:33:05

[Run Start] Subject S008 | Mode ['SDA'] | Params: L2.5_LS0.3_LR0.0001_E256_D64_Dr0.3

[Fold 1 - SDA] Train: ['S008_T004', 'S008_T006'], Test: S008_T001, Norm: fixed
/home/sangukchoi/.conda/envs/torch_gpu/lib/python3.10/site-packages/torch/nn/modules/rnn.py:123: UserWarning: dropout option adds dropout after all but last recurrent layer, so non-zero dropout expects num_layers greater than 1, but got dropout=0.3 and num_layers=1
  warnings.warn(
  Ep 1: Train 0.5035 | Val 0.4338 | Test 0.0450
Validation loss decreased (0.433830 --> 0.433830).  Saving model ...
  Ep 2: Train 0.3425 | Val 0.2917 | Test 0.0480
Validation loss decreased (0.291670 --> 0.291670).  Saving model ...
  Ep 3: Train 0.3072 | Val 0.3748 | Test 0.0432
EarlyStopping counter: 1 out of 5
  Ep 4: Train 0.2887 | Val 0.2434 | Test 0.0362
Validation loss decreased (0.243377 --> 0.243377).  Saving model ...
  Ep 5: Train 0.2817 | Val 0.3021 | Test 0.0454
EarlyStopping counter: 1 out of 5
  Ep 6: Train 0.2719 | Val 0.3227 | Test 0.0348
EarlyStopping counter: 2 out of 5
  Ep 7: Train 0.2724 | Val 0.2429 | Test 0.0380
Validation loss decreased (0.242868 --> 0.242868).  Saving model ...
  Ep 8: Train 0.2645 | Val 0.2227 | Test 0.0325
Validation loss decreased (0.222709 --> 0.222709).  Saving model ...
  Ep 9: Train 0.2556 | Val 0.2769 | Test 0.0447
EarlyStopping counter: 1 out of 5
  Ep 10: Train 0.2537 | Val 0.2634 | Test 0.0406
EarlyStopping counter: 2 out of 5
  Ep 11: Train 0.2463 | Val 0.2319 | Test 0.0333
EarlyStopping counter: 3 out of 5
  Ep 12: Train 0.2487 | Val 0.2311 | Test 0.0410
EarlyStopping counter: 4 out of 5
  Ep 13: Train 0.2505 | Val 0.2230 | Test 0.0453
EarlyStopping counter: 5 out of 5
Early stopping triggered!
/home/sangukchoi/Stroke_SDA/sda_training.py:615: FutureWarning: You are using `torch.load` with `weights_only=False` (the current default value), which uses the default pickle module implicitly. It is possible to construct malicious pickle data which will execute arbitrary code during unpickling (See https://github.com/pytorch/pytorch/blob/main/SECURITY.md#untrusted-models for more details). In a future release, the default value for `weights_only` will be flipped to `True`. This limits the functions that could be executed during unpickling. Arbitrary objects will no longer be allowed to be loaded via this mode unless they are explicitly allowlisted by the user via `torch.serialization.add_safe_globals`. We recommend you start setting `weights_only=True` for any use case where you don't have full control of the loaded file. Please open an issue on GitHub for any issues related to this experimental feature.
  model.load_state_dict(torch.load(os.path.join(out_dir, 'best_model.pth')))
Final Test MSE (Best Model): 0.0325
Finished. Status: Success
