Starting Run on GPU 3
Time: 2025-12-25 02:52:16

[Run Start] Subject S008 | Mode ['SDA'] | Params: L2.5_LS0.7_LR0.0001_E256_D32_Dr0.3

[Fold 1 - SDA] Train: ['S008_T004', 'S008_T006'], Test: S008_T001, Norm: fixed
/home/sangukchoi/.conda/envs/torch_gpu/lib/python3.10/site-packages/torch/nn/modules/rnn.py:123: UserWarning: dropout option adds dropout after all but last recurrent layer, so non-zero dropout expects num_layers greater than 1, but got dropout=0.3 and num_layers=1
  warnings.warn(
  Ep 1: Train 0.5736 | Val 0.3108 | Test 0.0357
Validation loss decreased (0.310809 --> 0.310809).  Saving model ...
  Ep 2: Train 0.3458 | Val 0.2849 | Test 0.0438
Validation loss decreased (0.284859 --> 0.284859).  Saving model ...
  Ep 3: Train 0.3161 | Val 0.2794 | Test 0.0284
Validation loss decreased (0.279414 --> 0.279414).  Saving model ...
  Ep 4: Train 0.3034 | Val 0.2713 | Test 0.0285
Validation loss decreased (0.271272 --> 0.271272).  Saving model ...
  Ep 5: Train 0.2956 | Val 0.2517 | Test 0.0394
Validation loss decreased (0.251679 --> 0.251679).  Saving model ...
  Ep 6: Train 0.2909 | Val 0.2563 | Test 0.0337
EarlyStopping counter: 1 out of 5
  Ep 7: Train 0.2852 | Val 0.2564 | Test 0.0417
EarlyStopping counter: 2 out of 5
  Ep 8: Train 0.2760 | Val 0.2475 | Test 0.0347
Validation loss decreased (0.247513 --> 0.247513).  Saving model ...
  Ep 9: Train 0.2730 | Val 0.2656 | Test 0.0365
EarlyStopping counter: 1 out of 5
  Ep 10: Train 0.2659 | Val 0.3094 | Test 0.0271
EarlyStopping counter: 2 out of 5
  Ep 11: Train 0.2627 | Val 0.2884 | Test 0.0385
EarlyStopping counter: 3 out of 5
  Ep 12: Train 0.2582 | Val 0.3206 | Test 0.0321
EarlyStopping counter: 4 out of 5
  Ep 13: Train 0.2504 | Val 0.3229 | Test 0.0277
EarlyStopping counter: 5 out of 5
Early stopping triggered!
/home/sangukchoi/Stroke_SDA/sda_training.py:615: FutureWarning: You are using `torch.load` with `weights_only=False` (the current default value), which uses the default pickle module implicitly. It is possible to construct malicious pickle data which will execute arbitrary code during unpickling (See https://github.com/pytorch/pytorch/blob/main/SECURITY.md#untrusted-models for more details). In a future release, the default value for `weights_only` will be flipped to `True`. This limits the functions that could be executed during unpickling. Arbitrary objects will no longer be allowed to be loaded via this mode unless they are explicitly allowlisted by the user via `torch.serialization.add_safe_globals`. We recommend you start setting `weights_only=True` for any use case where you don't have full control of the loaded file. Please open an issue on GitHub for any issues related to this experimental feature.
  model.load_state_dict(torch.load(os.path.join(out_dir, 'best_model.pth')))
Final Test MSE (Best Model): 0.0347
Finished. Status: Success
