Starting Run on GPU 0
Time: 2025-12-25 01:38:33

[Run Start] Subject S008 | Mode ['SDA'] | Params: L1.0_LS1.0_LR0.0001_E64_D128_Dr0.3

[Fold 1 - SDA] Train: ['S008_T004', 'S008_T006'], Test: S008_T001, Norm: fixed
/home/sangukchoi/.conda/envs/torch_gpu/lib/python3.10/site-packages/torch/nn/modules/rnn.py:123: UserWarning: dropout option adds dropout after all but last recurrent layer, so non-zero dropout expects num_layers greater than 1, but got dropout=0.3 and num_layers=1
  warnings.warn(
  Ep 1: Train 0.4872 | Val 0.2307 | Test 0.0510
Validation loss decreased (0.230667 --> 0.230667).  Saving model ...
  Ep 2: Train 0.2203 | Val 0.1868 | Test 0.0201
Validation loss decreased (0.186845 --> 0.186845).  Saving model ...
  Ep 3: Train 0.1821 | Val 0.1523 | Test 0.0507
Validation loss decreased (0.152336 --> 0.152336).  Saving model ...
  Ep 4: Train 0.1691 | Val 0.1385 | Test 0.0306
Validation loss decreased (0.138514 --> 0.138514).  Saving model ...
  Ep 5: Train 0.1658 | Val 0.1452 | Test 0.0365
EarlyStopping counter: 1 out of 5
  Ep 6: Train 0.1605 | Val 0.1361 | Test 0.0362
Validation loss decreased (0.136094 --> 0.136094).  Saving model ...
  Ep 7: Train 0.1575 | Val 0.1389 | Test 0.0303
EarlyStopping counter: 1 out of 5
  Ep 8: Train 0.1567 | Val 0.1394 | Test 0.0403
EarlyStopping counter: 2 out of 5
  Ep 9: Train 0.1546 | Val 0.1384 | Test 0.0318
EarlyStopping counter: 3 out of 5
  Ep 10: Train 0.1515 | Val 0.1445 | Test 0.0301
EarlyStopping counter: 4 out of 5
  Ep 11: Train 0.1508 | Val 0.1364 | Test 0.0381
EarlyStopping counter: 5 out of 5
Early stopping triggered!
/home/sangukchoi/Stroke_SDA/sda_training.py:615: FutureWarning: You are using `torch.load` with `weights_only=False` (the current default value), which uses the default pickle module implicitly. It is possible to construct malicious pickle data which will execute arbitrary code during unpickling (See https://github.com/pytorch/pytorch/blob/main/SECURITY.md#untrusted-models for more details). In a future release, the default value for `weights_only` will be flipped to `True`. This limits the functions that could be executed during unpickling. Arbitrary objects will no longer be allowed to be loaded via this mode unless they are explicitly allowlisted by the user via `torch.serialization.add_safe_globals`. We recommend you start setting `weights_only=True` for any use case where you don't have full control of the loaded file. Please open an issue on GitHub for any issues related to this experimental feature.
  model.load_state_dict(torch.load(os.path.join(out_dir, 'best_model.pth')))
Final Test MSE (Best Model): 0.0362
Finished. Status: Success
