Starting Run on GPU 1
Time: 2025-12-25 02:34:12

[Run Start] Subject S008 | Mode ['SDA'] | Params: L2.5_LS0.3_LR0.0001_E256_D128_Dr0.3

[Fold 1 - SDA] Train: ['S008_T004', 'S008_T006'], Test: S008_T001, Norm: fixed
/home/sangukchoi/.conda/envs/torch_gpu/lib/python3.10/site-packages/torch/nn/modules/rnn.py:123: UserWarning: dropout option adds dropout after all but last recurrent layer, so non-zero dropout expects num_layers greater than 1, but got dropout=0.3 and num_layers=1
  warnings.warn(
  Ep 1: Train 0.4954 | Val 0.3731 | Test 0.0340
Validation loss decreased (0.373090 --> 0.373090).  Saving model ...
  Ep 2: Train 0.3451 | Val 0.3190 | Test 0.0425
Validation loss decreased (0.319029 --> 0.319029).  Saving model ...
  Ep 3: Train 0.3013 | Val 0.2742 | Test 0.0492
Validation loss decreased (0.274195 --> 0.274195).  Saving model ...
  Ep 4: Train 0.2828 | Val 0.2786 | Test 0.0422
EarlyStopping counter: 1 out of 5
  Ep 5: Train 0.2822 | Val 0.2589 | Test 0.0366
Validation loss decreased (0.258929 --> 0.258929).  Saving model ...
  Ep 6: Train 0.2769 | Val 0.2700 | Test 0.0402
EarlyStopping counter: 1 out of 5
  Ep 7: Train 0.2782 | Val 0.2515 | Test 0.0386
Validation loss decreased (0.251515 --> 0.251515).  Saving model ...
  Ep 8: Train 0.2724 | Val 0.2298 | Test 0.0383
Validation loss decreased (0.229800 --> 0.229800).  Saving model ...
  Ep 9: Train 0.2649 | Val 0.2357 | Test 0.0462
EarlyStopping counter: 1 out of 5
  Ep 10: Train 0.2675 | Val 0.2545 | Test 0.0374
EarlyStopping counter: 2 out of 5
  Ep 11: Train 0.2530 | Val 0.2044 | Test 0.0373
Validation loss decreased (0.204352 --> 0.204352).  Saving model ...
  Ep 12: Train 0.2520 | Val 0.2503 | Test 0.0368
EarlyStopping counter: 1 out of 5
  Ep 13: Train 0.2456 | Val 0.2026 | Test 0.0466
Validation loss decreased (0.202636 --> 0.202636).  Saving model ...
  Ep 14: Train 0.2375 | Val 0.2165 | Test 0.0407
EarlyStopping counter: 1 out of 5
  Ep 15: Train 0.2372 | Val 0.1816 | Test 0.0518
Validation loss decreased (0.181571 --> 0.181571).  Saving model ...
  Ep 16: Train 0.2415 | Val 0.2874 | Test 0.0348
EarlyStopping counter: 1 out of 5
  Ep 17: Train 0.2353 | Val 0.1997 | Test 0.0386
EarlyStopping counter: 2 out of 5
  Ep 18: Train 0.2211 | Val 0.2114 | Test 0.0431
EarlyStopping counter: 3 out of 5
  Ep 19: Train 0.2213 | Val 0.2562 | Test 0.0266
EarlyStopping counter: 4 out of 5
  Ep 20: Train 0.2352 | Val -0.0807 | Test 0.0552
Validation loss decreased (-0.080693 --> -0.080693).  Saving model ...
  Ep 21: Train 0.2151 | Val 0.0005 | Test 0.0396
EarlyStopping counter: 1 out of 5
  Ep 22: Train 0.8799 | Val 0.3932 | Test 0.0961
EarlyStopping counter: 2 out of 5
  Ep 23: Train 0.3892 | Val 0.3481 | Test 0.0775
EarlyStopping counter: 3 out of 5
  Ep 24: Train 0.3494 | Val 0.3207 | Test 0.0515
EarlyStopping counter: 4 out of 5
  Ep 25: Train 0.3125 | Val 0.3061 | Test 0.0405
EarlyStopping counter: 5 out of 5
Early stopping triggered!
/home/sangukchoi/Stroke_SDA/sda_training.py:615: FutureWarning: You are using `torch.load` with `weights_only=False` (the current default value), which uses the default pickle module implicitly. It is possible to construct malicious pickle data which will execute arbitrary code during unpickling (See https://github.com/pytorch/pytorch/blob/main/SECURITY.md#untrusted-models for more details). In a future release, the default value for `weights_only` will be flipped to `True`. This limits the functions that could be executed during unpickling. Arbitrary objects will no longer be allowed to be loaded via this mode unless they are explicitly allowlisted by the user via `torch.serialization.add_safe_globals`. We recommend you start setting `weights_only=True` for any use case where you don't have full control of the loaded file. Please open an issue on GitHub for any issues related to this experimental feature.
  model.load_state_dict(torch.load(os.path.join(out_dir, 'best_model.pth')))
Final Test MSE (Best Model): 0.0552
Finished. Status: Success
