Starting Run on GPU 1
Time: 2025-12-25 03:03:23

[Run Start] Subject S008 | Mode ['SDA'] | Params: L2.5_LS1.0_LR0.0001_E256_D128_Dr0.3

[Fold 1 - SDA] Train: ['S008_T004', 'S008_T006'], Test: S008_T001, Norm: fixed
/home/sangukchoi/.conda/envs/torch_gpu/lib/python3.10/site-packages/torch/nn/modules/rnn.py:123: UserWarning: dropout option adds dropout after all but last recurrent layer, so non-zero dropout expects num_layers greater than 1, but got dropout=0.3 and num_layers=1
  warnings.warn(
  Ep 1: Train 0.5691 | Val 0.4089 | Test 0.0646
Validation loss decreased (0.408945 --> 0.408945).  Saving model ...
  Ep 2: Train 0.3586 | Val 0.3074 | Test 0.0636
Validation loss decreased (0.307435 --> 0.307435).  Saving model ...
  Ep 3: Train 0.3252 | Val 0.3247 | Test 0.0429
EarlyStopping counter: 1 out of 5
  Ep 4: Train 0.3157 | Val 0.3043 | Test 0.0358
Validation loss decreased (0.304285 --> 0.304285).  Saving model ...
  Ep 5: Train 0.3105 | Val 0.2621 | Test 0.0396
Validation loss decreased (0.262123 --> 0.262123).  Saving model ...
  Ep 6: Train 0.3080 | Val 0.2720 | Test 0.0403
EarlyStopping counter: 1 out of 5
  Ep 7: Train 0.3007 | Val 0.2752 | Test 0.0430
EarlyStopping counter: 2 out of 5
  Ep 8: Train 0.3023 | Val 0.2924 | Test 0.0378
EarlyStopping counter: 3 out of 5
  Ep 9: Train 0.2917 | Val 0.3283 | Test 0.0449
EarlyStopping counter: 4 out of 5
  Ep 10: Train 0.2932 | Val 0.3514 | Test 0.0297
EarlyStopping counter: 5 out of 5
Early stopping triggered!
/home/sangukchoi/Stroke_SDA/sda_training.py:615: FutureWarning: You are using `torch.load` with `weights_only=False` (the current default value), which uses the default pickle module implicitly. It is possible to construct malicious pickle data which will execute arbitrary code during unpickling (See https://github.com/pytorch/pytorch/blob/main/SECURITY.md#untrusted-models for more details). In a future release, the default value for `weights_only` will be flipped to `True`. This limits the functions that could be executed during unpickling. Arbitrary objects will no longer be allowed to be loaded via this mode unless they are explicitly allowlisted by the user via `torch.serialization.add_safe_globals`. We recommend you start setting `weights_only=True` for any use case where you don't have full control of the loaded file. Please open an issue on GitHub for any issues related to this experimental feature.
  model.load_state_dict(torch.load(os.path.join(out_dir, 'best_model.pth')))
Final Test MSE (Best Model): 0.0396
Finished. Status: Success
