Starting Run on GPU 2
Time: 2025-12-25 03:12:02

[Run Start] Subject S008 | Mode ['SDA'] | Params: L3.0_LS0.3_LR0.0001_E128_D128_Dr0.3

[Fold 1 - SDA] Train: ['S008_T004', 'S008_T006'], Test: S008_T001, Norm: fixed
/home/sangukchoi/.conda/envs/torch_gpu/lib/python3.10/site-packages/torch/nn/modules/rnn.py:123: UserWarning: dropout option adds dropout after all but last recurrent layer, so non-zero dropout expects num_layers greater than 1, but got dropout=0.3 and num_layers=1
  warnings.warn(
  Ep 1: Train 0.6713 | Val 0.5981 | Test 0.0580
Validation loss decreased (0.598124 --> 0.598124).  Saving model ...
  Ep 2: Train 0.4641 | Val 0.4614 | Test 0.0385
Validation loss decreased (0.461447 --> 0.461447).  Saving model ...
  Ep 3: Train 0.4085 | Val 0.3750 | Test 0.0371
Validation loss decreased (0.375004 --> 0.375004).  Saving model ...
  Ep 4: Train 0.3852 | Val 0.3585 | Test 0.0417
Validation loss decreased (0.358462 --> 0.358462).  Saving model ...
  Ep 5: Train 0.3675 | Val 0.3443 | Test 0.0420
Validation loss decreased (0.344309 --> 0.344309).  Saving model ...
  Ep 6: Train 0.3585 | Val 0.3639 | Test 0.0395
EarlyStopping counter: 1 out of 5
  Ep 7: Train 0.3429 | Val 0.3120 | Test 0.0371
Validation loss decreased (0.312035 --> 0.312035).  Saving model ...
  Ep 8: Train 0.3365 | Val 0.2834 | Test 0.0354
Validation loss decreased (0.283411 --> 0.283411).  Saving model ...
  Ep 9: Train 0.3257 | Val 0.2519 | Test 0.0378
Validation loss decreased (0.251902 --> 0.251902).  Saving model ...
  Ep 10: Train 0.3244 | Val 0.2530 | Test 0.0378
EarlyStopping counter: 1 out of 5
  Ep 11: Train 0.3100 | Val 0.2506 | Test 0.0338
Validation loss decreased (0.250627 --> 0.250627).  Saving model ...
  Ep 12: Train 0.3173 | Val 0.3170 | Test 0.0346
EarlyStopping counter: 1 out of 5
  Ep 13: Train 0.2968 | Val 0.3412 | Test 0.0321
EarlyStopping counter: 2 out of 5
  Ep 14: Train 0.2951 | Val 0.2496 | Test 0.0407
Validation loss decreased (0.249569 --> 0.249569).  Saving model ...
  Ep 15: Train 0.2957 | Val 0.3280 | Test 0.0295
EarlyStopping counter: 1 out of 5
  Ep 16: Train 0.2971 | Val 0.2791 | Test 0.0392
EarlyStopping counter: 2 out of 5
  Ep 17: Train 0.2794 | Val 0.2843 | Test 0.0404
EarlyStopping counter: 3 out of 5
  Ep 18: Train 0.2774 | Val 0.2895 | Test 0.0327
EarlyStopping counter: 4 out of 5
  Ep 19: Train 0.2798 | Val 0.2783 | Test 0.0399
EarlyStopping counter: 5 out of 5
Early stopping triggered!
/home/sangukchoi/Stroke_SDA/sda_training.py:615: FutureWarning: You are using `torch.load` with `weights_only=False` (the current default value), which uses the default pickle module implicitly. It is possible to construct malicious pickle data which will execute arbitrary code during unpickling (See https://github.com/pytorch/pytorch/blob/main/SECURITY.md#untrusted-models for more details). In a future release, the default value for `weights_only` will be flipped to `True`. This limits the functions that could be executed during unpickling. Arbitrary objects will no longer be allowed to be loaded via this mode unless they are explicitly allowlisted by the user via `torch.serialization.add_safe_globals`. We recommend you start setting `weights_only=True` for any use case where you don't have full control of the loaded file. Please open an issue on GitHub for any issues related to this experimental feature.
  model.load_state_dict(torch.load(os.path.join(out_dir, 'best_model.pth')))
Final Test MSE (Best Model): 0.0407
Finished. Status: Success
