Starting Run on GPU 0
Time: 2025-12-25 02:03:22

[Run Start] Subject S008 | Mode ['SDA'] | Params: L2.0_LS0.7_LR0.0001_E64_D32_Dr0.3

[Fold 1 - SDA] Train: ['S008_T004', 'S008_T006'], Test: S008_T001, Norm: fixed
/home/sangukchoi/.conda/envs/torch_gpu/lib/python3.10/site-packages/torch/nn/modules/rnn.py:123: UserWarning: dropout option adds dropout after all but last recurrent layer, so non-zero dropout expects num_layers greater than 1, but got dropout=0.3 and num_layers=1
  warnings.warn(
  Ep 1: Train 0.7722 | Val 0.5617 | Test 0.0453
Validation loss decreased (0.561734 --> 0.561734).  Saving model ...
  Ep 2: Train 0.4087 | Val 0.3048 | Test 0.0383
Validation loss decreased (0.304788 --> 0.304788).  Saving model ...
  Ep 3: Train 0.3169 | Val 0.2821 | Test 0.0370
Validation loss decreased (0.282106 --> 0.282106).  Saving model ...
  Ep 4: Train 0.2846 | Val 0.2403 | Test 0.0403
Validation loss decreased (0.240277 --> 0.240277).  Saving model ...
  Ep 5: Train 0.2713 | Val 0.2286 | Test 0.0321
Validation loss decreased (0.228573 --> 0.228573).  Saving model ...
  Ep 6: Train 0.2631 | Val 0.2290 | Test 0.0331
EarlyStopping counter: 1 out of 5
  Ep 7: Train 0.2535 | Val 0.2323 | Test 0.0353
EarlyStopping counter: 2 out of 5
  Ep 8: Train 0.2469 | Val 0.2366 | Test 0.0280
EarlyStopping counter: 3 out of 5
  Ep 9: Train 0.2442 | Val 0.2323 | Test 0.0376
EarlyStopping counter: 4 out of 5
  Ep 10: Train 0.2401 | Val 0.2332 | Test 0.0305
EarlyStopping counter: 5 out of 5
Early stopping triggered!
/home/sangukchoi/Stroke_SDA/sda_training.py:615: FutureWarning: You are using `torch.load` with `weights_only=False` (the current default value), which uses the default pickle module implicitly. It is possible to construct malicious pickle data which will execute arbitrary code during unpickling (See https://github.com/pytorch/pytorch/blob/main/SECURITY.md#untrusted-models for more details). In a future release, the default value for `weights_only` will be flipped to `True`. This limits the functions that could be executed during unpickling. Arbitrary objects will no longer be allowed to be loaded via this mode unless they are explicitly allowlisted by the user via `torch.serialization.add_safe_globals`. We recommend you start setting `weights_only=True` for any use case where you don't have full control of the loaded file. Please open an issue on GitHub for any issues related to this experimental feature.
  model.load_state_dict(torch.load(os.path.join(out_dir, 'best_model.pth')))
Final Test MSE (Best Model): 0.0321
Finished. Status: Success
