Starting Run on GPU 1
Time: 2025-12-25 02:58:57

[Run Start] Subject S008 | Mode ['SDA'] | Params: L2.5_LS1.0_LR0.0001_E128_D128_Dr0.3

[Fold 1 - SDA] Train: ['S008_T004', 'S008_T006'], Test: S008_T001, Norm: fixed
/home/sangukchoi/.conda/envs/torch_gpu/lib/python3.10/site-packages/torch/nn/modules/rnn.py:123: UserWarning: dropout option adds dropout after all but last recurrent layer, so non-zero dropout expects num_layers greater than 1, but got dropout=0.3 and num_layers=1
  warnings.warn(
  Ep 1: Train 0.6662 | Val 0.4401 | Test 0.0291
Validation loss decreased (0.440080 --> 0.440080).  Saving model ...
  Ep 2: Train 0.3897 | Val 0.3543 | Test 0.0275
Validation loss decreased (0.354275 --> 0.354275).  Saving model ...
  Ep 3: Train 0.3506 | Val 0.3111 | Test 0.0376
Validation loss decreased (0.311069 --> 0.311069).  Saving model ...
  Ep 4: Train 0.3312 | Val 0.3059 | Test 0.0320
Validation loss decreased (0.305938 --> 0.305938).  Saving model ...
  Ep 5: Train 0.3238 | Val 0.3306 | Test 0.0343
EarlyStopping counter: 1 out of 5
  Ep 6: Train 0.3194 | Val 0.3446 | Test 0.0381
EarlyStopping counter: 2 out of 5
  Ep 7: Train 0.3098 | Val 0.3438 | Test 0.0243
EarlyStopping counter: 3 out of 5
  Ep 8: Train 0.3075 | Val 0.3274 | Test 0.0341
EarlyStopping counter: 4 out of 5
  Ep 9: Train 0.3006 | Val 0.3039 | Test 0.0417
Validation loss decreased (0.303925 --> 0.303925).  Saving model ...
  Ep 10: Train 0.2979 | Val 0.3056 | Test 0.0310
EarlyStopping counter: 1 out of 5
  Ep 11: Train 0.2951 | Val 0.2851 | Test 0.0295
Validation loss decreased (0.285108 --> 0.285108).  Saving model ...
  Ep 12: Train 0.2915 | Val 0.3125 | Test 0.0301
EarlyStopping counter: 1 out of 5
  Ep 13: Train 0.2854 | Val 0.3312 | Test 0.0470
EarlyStopping counter: 2 out of 5
  Ep 14: Train 0.2846 | Val 0.3194 | Test 0.0365
EarlyStopping counter: 3 out of 5
  Ep 15: Train 0.2873 | Val 0.3108 | Test 0.0331
EarlyStopping counter: 4 out of 5
  Ep 16: Train 0.2750 | Val 0.2968 | Test 0.0422
EarlyStopping counter: 5 out of 5
Early stopping triggered!
/home/sangukchoi/Stroke_SDA/sda_training.py:615: FutureWarning: You are using `torch.load` with `weights_only=False` (the current default value), which uses the default pickle module implicitly. It is possible to construct malicious pickle data which will execute arbitrary code during unpickling (See https://github.com/pytorch/pytorch/blob/main/SECURITY.md#untrusted-models for more details). In a future release, the default value for `weights_only` will be flipped to `True`. This limits the functions that could be executed during unpickling. Arbitrary objects will no longer be allowed to be loaded via this mode unless they are explicitly allowlisted by the user via `torch.serialization.add_safe_globals`. We recommend you start setting `weights_only=True` for any use case where you don't have full control of the loaded file. Please open an issue on GitHub for any issues related to this experimental feature.
  model.load_state_dict(torch.load(os.path.join(out_dir, 'best_model.pth')))
Final Test MSE (Best Model): 0.0295
Finished. Status: Success
