Starting Run on GPU 1
Time: 2025-12-25 03:30:57

[Run Start] Subject S008 | Mode ['SDA'] | Params: L3.0_LS0.7_LR0.0001_E128_D32_Dr0.3

[Fold 1 - SDA] Train: ['S008_T004', 'S008_T006'], Test: S008_T001, Norm: fixed
/home/sangukchoi/.conda/envs/torch_gpu/lib/python3.10/site-packages/torch/nn/modules/rnn.py:123: UserWarning: dropout option adds dropout after all but last recurrent layer, so non-zero dropout expects num_layers greater than 1, but got dropout=0.3 and num_layers=1
  warnings.warn(
  Ep 1: Train 0.7758 | Val 0.7523 | Test 0.0572
Validation loss decreased (0.752292 --> 0.752292).  Saving model ...
  Ep 2: Train 0.4946 | Val 0.4487 | Test 0.0615
Validation loss decreased (0.448665 --> 0.448665).  Saving model ...
  Ep 3: Train 0.4190 | Val 0.3574 | Test 0.0551
Validation loss decreased (0.357420 --> 0.357420).  Saving model ...
  Ep 4: Train 0.3791 | Val 0.3280 | Test 0.0414
Validation loss decreased (0.328043 --> 0.328043).  Saving model ...
  Ep 5: Train 0.3702 | Val 0.3228 | Test 0.0329
Validation loss decreased (0.322841 --> 0.322841).  Saving model ...
  Ep 6: Train 0.3493 | Val 0.3221 | Test 0.0280
Validation loss decreased (0.322128 --> 0.322128).  Saving model ...
  Ep 7: Train 0.3449 | Val 0.3226 | Test 0.0372
EarlyStopping counter: 1 out of 5
  Ep 8: Train 0.3482 | Val 0.3091 | Test 0.0471
Validation loss decreased (0.309120 --> 0.309120).  Saving model ...
  Ep 9: Train 0.3403 | Val 0.2967 | Test 0.0423
Validation loss decreased (0.296721 --> 0.296721).  Saving model ...
  Ep 10: Train 0.3406 | Val 0.3114 | Test 0.0338
EarlyStopping counter: 1 out of 5
  Ep 11: Train 0.3318 | Val 0.2860 | Test 0.0404
Validation loss decreased (0.286028 --> 0.286028).  Saving model ...
  Ep 12: Train 0.3297 | Val 0.3114 | Test 0.0462
EarlyStopping counter: 1 out of 5
  Ep 13: Train 0.3271 | Val 0.3209 | Test 0.0419
EarlyStopping counter: 2 out of 5
  Ep 14: Train 0.3258 | Val 0.2678 | Test 0.0456
Validation loss decreased (0.267836 --> 0.267836).  Saving model ...
  Ep 15: Train 0.3242 | Val 0.3063 | Test 0.0366
EarlyStopping counter: 1 out of 5
  Ep 16: Train 0.3227 | Val 0.3144 | Test 0.0440
EarlyStopping counter: 2 out of 5
  Ep 17: Train 0.3184 | Val 0.3154 | Test 0.0420
EarlyStopping counter: 3 out of 5
  Ep 18: Train 0.3160 | Val 0.3479 | Test 0.0468
EarlyStopping counter: 4 out of 5
  Ep 19: Train 0.3142 | Val 0.3313 | Test 0.0454
EarlyStopping counter: 5 out of 5
Early stopping triggered!
/home/sangukchoi/Stroke_SDA/sda_training.py:615: FutureWarning: You are using `torch.load` with `weights_only=False` (the current default value), which uses the default pickle module implicitly. It is possible to construct malicious pickle data which will execute arbitrary code during unpickling (See https://github.com/pytorch/pytorch/blob/main/SECURITY.md#untrusted-models for more details). In a future release, the default value for `weights_only` will be flipped to `True`. This limits the functions that could be executed during unpickling. Arbitrary objects will no longer be allowed to be loaded via this mode unless they are explicitly allowlisted by the user via `torch.serialization.add_safe_globals`. We recommend you start setting `weights_only=True` for any use case where you don't have full control of the loaded file. Please open an issue on GitHub for any issues related to this experimental feature.
  model.load_state_dict(torch.load(os.path.join(out_dir, 'best_model.pth')))
Final Test MSE (Best Model): 0.0456
Finished. Status: Success
