Starting Run on GPU 1
Time: 2025-12-25 01:03:55

[Run Start] Subject S008 | Mode ['SDA'] | Params: L0.5_LS0.7_LR0.0001_E64_D64_Dr0.3

[Fold 1 - SDA] Train: ['S008_T004', 'S008_T006'], Test: S008_T001, Norm: fixed
/home/sangukchoi/.conda/envs/torch_gpu/lib/python3.10/site-packages/torch/nn/modules/rnn.py:123: UserWarning: dropout option adds dropout after all but last recurrent layer, so non-zero dropout expects num_layers greater than 1, but got dropout=0.3 and num_layers=1
  warnings.warn(
  Ep 1: Train 0.3572 | Val 0.1586 | Test 0.0441
Validation loss decreased (0.158581 --> 0.158581).  Saving model ...
  Ep 2: Train 0.1302 | Val 0.0999 | Test 0.0430
Validation loss decreased (0.099884 --> 0.099884).  Saving model ...
  Ep 3: Train 0.0981 | Val 0.0878 | Test 0.0290
Validation loss decreased (0.087819 --> 0.087819).  Saving model ...
  Ep 4: Train 0.0921 | Val 0.0889 | Test 0.0262
EarlyStopping counter: 1 out of 5
  Ep 5: Train 0.0889 | Val 0.0839 | Test 0.0241
Validation loss decreased (0.083888 --> 0.083888).  Saving model ...
  Ep 6: Train 0.0860 | Val 0.0849 | Test 0.0306
EarlyStopping counter: 1 out of 5
  Ep 7: Train 0.0852 | Val 0.0824 | Test 0.0251
Validation loss decreased (0.082397 --> 0.082397).  Saving model ...
  Ep 8: Train 0.0840 | Val 0.0785 | Test 0.0332
Validation loss decreased (0.078508 --> 0.078508).  Saving model ...
  Ep 9: Train 0.0819 | Val 0.0769 | Test 0.0350
Validation loss decreased (0.076934 --> 0.076934).  Saving model ...
  Ep 10: Train 0.0816 | Val 0.0759 | Test 0.0345
Validation loss decreased (0.075922 --> 0.075922).  Saving model ...
  Ep 11: Train 0.0808 | Val 0.0754 | Test 0.0319
EarlyStopping counter: 1 out of 5
  Ep 12: Train 0.0798 | Val 0.0737 | Test 0.0246
Validation loss decreased (0.073706 --> 0.073706).  Saving model ...
  Ep 13: Train 0.0797 | Val 0.0738 | Test 0.0323
EarlyStopping counter: 1 out of 5
  Ep 14: Train 0.0782 | Val 0.0714 | Test 0.0325
Validation loss decreased (0.071382 --> 0.071382).  Saving model ...
  Ep 15: Train 0.0782 | Val 0.0701 | Test 0.0276
Validation loss decreased (0.070082 --> 0.070082).  Saving model ...
  Ep 16: Train 0.0763 | Val 0.0743 | Test 0.0345
EarlyStopping counter: 1 out of 5
  Ep 17: Train 0.0766 | Val 0.0687 | Test 0.0295
Validation loss decreased (0.068663 --> 0.068663).  Saving model ...
  Ep 18: Train 0.0752 | Val 0.0677 | Test 0.0284
Validation loss decreased (0.067689 --> 0.067689).  Saving model ...
  Ep 19: Train 0.0740 | Val 0.0729 | Test 0.0340
EarlyStopping counter: 1 out of 5
  Ep 20: Train 0.0735 | Val 0.0708 | Test 0.0342
EarlyStopping counter: 2 out of 5
  Ep 21: Train 0.0731 | Val 0.0694 | Test 0.0324
EarlyStopping counter: 3 out of 5
  Ep 22: Train 0.0723 | Val 0.0718 | Test 0.0292
EarlyStopping counter: 4 out of 5
  Ep 23: Train 0.0725 | Val 0.0691 | Test 0.0272
EarlyStopping counter: 5 out of 5
Early stopping triggered!
/home/sangukchoi/Stroke_SDA/sda_training.py:615: FutureWarning: You are using `torch.load` with `weights_only=False` (the current default value), which uses the default pickle module implicitly. It is possible to construct malicious pickle data which will execute arbitrary code during unpickling (See https://github.com/pytorch/pytorch/blob/main/SECURITY.md#untrusted-models for more details). In a future release, the default value for `weights_only` will be flipped to `True`. This limits the functions that could be executed during unpickling. Arbitrary objects will no longer be allowed to be loaded via this mode unless they are explicitly allowlisted by the user via `torch.serialization.add_safe_globals`. We recommend you start setting `weights_only=True` for any use case where you don't have full control of the loaded file. Please open an issue on GitHub for any issues related to this experimental feature.
  model.load_state_dict(torch.load(os.path.join(out_dir, 'best_model.pth')))
Final Test MSE (Best Model): 0.0284
Finished. Status: Success
