Starting Run on GPU 3
Time: 2025-12-25 02:56:18

[Run Start] Subject S008 | Mode ['SDA'] | Params: L2.5_LS1.0_LR0.0001_E64_D128_Dr0.3

[Fold 1 - SDA] Train: ['S008_T004', 'S008_T006'], Test: S008_T001, Norm: fixed
/home/sangukchoi/.conda/envs/torch_gpu/lib/python3.10/site-packages/torch/nn/modules/rnn.py:123: UserWarning: dropout option adds dropout after all but last recurrent layer, so non-zero dropout expects num_layers greater than 1, but got dropout=0.3 and num_layers=1
  warnings.warn(
  Ep 1: Train 0.9027 | Val 0.7514 | Test 0.0462
Validation loss decreased (0.751405 --> 0.751405).  Saving model ...
  Ep 2: Train 0.5210 | Val 0.4793 | Test 0.0362
Validation loss decreased (0.479323 --> 0.479323).  Saving model ...
  Ep 3: Train 0.4097 | Val 0.3577 | Test 0.0384
Validation loss decreased (0.357698 --> 0.357698).  Saving model ...
  Ep 4: Train 0.3718 | Val 0.3204 | Test 0.0389
Validation loss decreased (0.320366 --> 0.320366).  Saving model ...
  Ep 5: Train 0.3517 | Val 0.3336 | Test 0.0316
EarlyStopping counter: 1 out of 5
  Ep 6: Train 0.3429 | Val 0.3068 | Test 0.0313
Validation loss decreased (0.306833 --> 0.306833).  Saving model ...
  Ep 7: Train 0.3365 | Val 0.3168 | Test 0.0346
EarlyStopping counter: 1 out of 5
  Ep 8: Train 0.3279 | Val 0.3386 | Test 0.0368
EarlyStopping counter: 2 out of 5
  Ep 9: Train 0.3225 | Val 0.3124 | Test 0.0320
EarlyStopping counter: 3 out of 5
  Ep 10: Train 0.3172 | Val 0.3004 | Test 0.0340
Validation loss decreased (0.300383 --> 0.300383).  Saving model ...
  Ep 11: Train 0.3162 | Val 0.2929 | Test 0.0316
Validation loss decreased (0.292877 --> 0.292877).  Saving model ...
  Ep 12: Train 0.3141 | Val 0.2926 | Test 0.0399
EarlyStopping counter: 1 out of 5
  Ep 13: Train 0.3105 | Val 0.2998 | Test 0.0453
EarlyStopping counter: 2 out of 5
  Ep 14: Train 0.3057 | Val 0.3157 | Test 0.0397
EarlyStopping counter: 3 out of 5
  Ep 15: Train 0.3044 | Val 0.2877 | Test 0.0399
Validation loss decreased (0.287710 --> 0.287710).  Saving model ...
  Ep 16: Train 0.2982 | Val 0.3032 | Test 0.0482
EarlyStopping counter: 1 out of 5
  Ep 17: Train 0.2990 | Val 0.2674 | Test 0.0381
Validation loss decreased (0.267414 --> 0.267414).  Saving model ...
  Ep 18: Train 0.2912 | Val 0.2654 | Test 0.0365
Validation loss decreased (0.265407 --> 0.265407).  Saving model ...
  Ep 19: Train 0.2861 | Val 0.2934 | Test 0.0312
EarlyStopping counter: 1 out of 5
  Ep 20: Train 0.2818 | Val 0.2700 | Test 0.0422
EarlyStopping counter: 2 out of 5
  Ep 21: Train 0.2925 | Val 0.2564 | Test 0.0417
Validation loss decreased (0.256418 --> 0.256418).  Saving model ...
  Ep 22: Train 0.2863 | Val 0.2705 | Test 0.0404
EarlyStopping counter: 1 out of 5
  Ep 23: Train 0.2824 | Val 0.2800 | Test 0.0467
EarlyStopping counter: 2 out of 5
  Ep 24: Train 0.2801 | Val 0.2852 | Test 0.0466
EarlyStopping counter: 3 out of 5
  Ep 25: Train 0.2784 | Val 0.2770 | Test 0.0430
EarlyStopping counter: 4 out of 5
  Ep 26: Train 0.2736 | Val 0.2982 | Test 0.0300
EarlyStopping counter: 5 out of 5
Early stopping triggered!
/home/sangukchoi/Stroke_SDA/sda_training.py:615: FutureWarning: You are using `torch.load` with `weights_only=False` (the current default value), which uses the default pickle module implicitly. It is possible to construct malicious pickle data which will execute arbitrary code during unpickling (See https://github.com/pytorch/pytorch/blob/main/SECURITY.md#untrusted-models for more details). In a future release, the default value for `weights_only` will be flipped to `True`. This limits the functions that could be executed during unpickling. Arbitrary objects will no longer be allowed to be loaded via this mode unless they are explicitly allowlisted by the user via `torch.serialization.add_safe_globals`. We recommend you start setting `weights_only=True` for any use case where you don't have full control of the loaded file. Please open an issue on GitHub for any issues related to this experimental feature.
  model.load_state_dict(torch.load(os.path.join(out_dir, 'best_model.pth')))
Final Test MSE (Best Model): 0.0417
Finished. Status: Success
