Starting Run on GPU 3
Time: 2025-12-25 01:31:40

[Run Start] Subject S008 | Mode ['SDA'] | Params: L1.0_LS0.7_LR0.0001_E128_D64_Dr0.3

[Fold 1 - SDA] Train: ['S008_T004', 'S008_T006'], Test: S008_T001, Norm: fixed
/home/sangukchoi/.conda/envs/torch_gpu/lib/python3.10/site-packages/torch/nn/modules/rnn.py:123: UserWarning: dropout option adds dropout after all but last recurrent layer, so non-zero dropout expects num_layers greater than 1, but got dropout=0.3 and num_layers=1
  warnings.warn(
  Ep 1: Train 0.3838 | Val 0.2238 | Test 0.0501
Validation loss decreased (0.223761 --> 0.223761).  Saving model ...
  Ep 2: Train 0.1815 | Val 0.1403 | Test 0.0338
Validation loss decreased (0.140340 --> 0.140340).  Saving model ...
  Ep 3: Train 0.1504 | Val 0.1316 | Test 0.0351
Validation loss decreased (0.131650 --> 0.131650).  Saving model ...
  Ep 4: Train 0.1435 | Val 0.1386 | Test 0.0318
EarlyStopping counter: 1 out of 5
  Ep 5: Train 0.1384 | Val 0.1371 | Test 0.0375
EarlyStopping counter: 2 out of 5
  Ep 6: Train 0.1335 | Val 0.1365 | Test 0.0342
EarlyStopping counter: 3 out of 5
  Ep 7: Train 0.1338 | Val 0.1346 | Test 0.0386
EarlyStopping counter: 4 out of 5
  Ep 8: Train 0.1313 | Val 0.1425 | Test 0.0412
EarlyStopping counter: 5 out of 5
Early stopping triggered!
/home/sangukchoi/Stroke_SDA/sda_training.py:615: FutureWarning: You are using `torch.load` with `weights_only=False` (the current default value), which uses the default pickle module implicitly. It is possible to construct malicious pickle data which will execute arbitrary code during unpickling (See https://github.com/pytorch/pytorch/blob/main/SECURITY.md#untrusted-models for more details). In a future release, the default value for `weights_only` will be flipped to `True`. This limits the functions that could be executed during unpickling. Arbitrary objects will no longer be allowed to be loaded via this mode unless they are explicitly allowlisted by the user via `torch.serialization.add_safe_globals`. We recommend you start setting `weights_only=True` for any use case where you don't have full control of the loaded file. Please open an issue on GitHub for any issues related to this experimental feature.
  model.load_state_dict(torch.load(os.path.join(out_dir, 'best_model.pth')))
Final Test MSE (Best Model): 0.0351
Finished. Status: Success
