Starting Run on GPU 0
Time: 2025-12-25 01:09:55

[Run Start] Subject S008 | Mode ['SDA'] | Params: L0.5_LS0.7_LR0.0001_E128_D128_Dr0.3

[Fold 1 - SDA] Train: ['S008_T004', 'S008_T006'], Test: S008_T001, Norm: fixed
/home/sangukchoi/.conda/envs/torch_gpu/lib/python3.10/site-packages/torch/nn/modules/rnn.py:123: UserWarning: dropout option adds dropout after all but last recurrent layer, so non-zero dropout expects num_layers greater than 1, but got dropout=0.3 and num_layers=1
  warnings.warn(
  Ep 1: Train 0.2641 | Val 0.1334 | Test 0.0175
Validation loss decreased (0.133377 --> 0.133377).  Saving model ...
  Ep 2: Train 0.1109 | Val 0.0908 | Test 0.0434
Validation loss decreased (0.090833 --> 0.090833).  Saving model ...
  Ep 3: Train 0.0961 | Val 0.0819 | Test 0.0369
Validation loss decreased (0.081948 --> 0.081948).  Saving model ...
  Ep 4: Train 0.0910 | Val 0.0812 | Test 0.0239
Validation loss decreased (0.081247 --> 0.081247).  Saving model ...
  Ep 5: Train 0.0869 | Val 0.0795 | Test 0.0476
Validation loss decreased (0.079534 --> 0.079534).  Saving model ...
  Ep 6: Train 0.0847 | Val 0.0755 | Test 0.0346
Validation loss decreased (0.075494 --> 0.075494).  Saving model ...
  Ep 7: Train 0.0836 | Val 0.0730 | Test 0.0316
Validation loss decreased (0.073006 --> 0.073006).  Saving model ...
  Ep 8: Train 0.0823 | Val 0.0725 | Test 0.0379
Validation loss decreased (0.072493 --> 0.072493).  Saving model ...
  Ep 9: Train 0.0818 | Val 0.0738 | Test 0.0310
EarlyStopping counter: 1 out of 5
  Ep 10: Train 0.0802 | Val 0.0720 | Test 0.0331
Validation loss decreased (0.071993 --> 0.071993).  Saving model ...
  Ep 11: Train 0.0786 | Val 0.0714 | Test 0.0357
Validation loss decreased (0.071360 --> 0.071360).  Saving model ...
  Ep 12: Train 0.0759 | Val 0.0741 | Test 0.0347
EarlyStopping counter: 1 out of 5
  Ep 13: Train 0.0761 | Val 0.0697 | Test 0.0285
Validation loss decreased (0.069696 --> 0.069696).  Saving model ...
  Ep 14: Train 0.0755 | Val 0.0688 | Test 0.0259
Validation loss decreased (0.068805 --> 0.068805).  Saving model ...
  Ep 15: Train 0.0744 | Val 0.0696 | Test 0.0329
EarlyStopping counter: 1 out of 5
  Ep 16: Train 0.0730 | Val 0.0696 | Test 0.0273
EarlyStopping counter: 2 out of 5
  Ep 17: Train 0.0720 | Val 0.0685 | Test 0.0196
EarlyStopping counter: 3 out of 5
  Ep 18: Train 0.0714 | Val 0.0687 | Test 0.0279
EarlyStopping counter: 4 out of 5
  Ep 19: Train 0.0695 | Val 0.0695 | Test 0.0211
EarlyStopping counter: 5 out of 5
Early stopping triggered!
/home/sangukchoi/Stroke_SDA/sda_training.py:615: FutureWarning: You are using `torch.load` with `weights_only=False` (the current default value), which uses the default pickle module implicitly. It is possible to construct malicious pickle data which will execute arbitrary code during unpickling (See https://github.com/pytorch/pytorch/blob/main/SECURITY.md#untrusted-models for more details). In a future release, the default value for `weights_only` will be flipped to `True`. This limits the functions that could be executed during unpickling. Arbitrary objects will no longer be allowed to be loaded via this mode unless they are explicitly allowlisted by the user via `torch.serialization.add_safe_globals`. We recommend you start setting `weights_only=True` for any use case where you don't have full control of the loaded file. Please open an issue on GitHub for any issues related to this experimental feature.
  model.load_state_dict(torch.load(os.path.join(out_dir, 'best_model.pth')))
Final Test MSE (Best Model): 0.0259
Finished. Status: Success
