Starting Run on GPU 1
Time: 2025-12-25 02:52:43

[Run Start] Subject S008 | Mode ['SDA'] | Params: L2.5_LS0.7_LR0.0001_E256_D64_Dr0.3

[Fold 1 - SDA] Train: ['S008_T004', 'S008_T006'], Test: S008_T001, Norm: fixed
/home/sangukchoi/.conda/envs/torch_gpu/lib/python3.10/site-packages/torch/nn/modules/rnn.py:123: UserWarning: dropout option adds dropout after all but last recurrent layer, so non-zero dropout expects num_layers greater than 1, but got dropout=0.3 and num_layers=1
  warnings.warn(
  Ep 1: Train 0.5486 | Val 0.3145 | Test 0.0347
Validation loss decreased (0.314521 --> 0.314521).  Saving model ...
  Ep 2: Train 0.3337 | Val 0.3163 | Test 0.0357
EarlyStopping counter: 1 out of 5
  Ep 3: Train 0.3062 | Val 0.2914 | Test 0.0348
Validation loss decreased (0.291425 --> 0.291425).  Saving model ...
  Ep 4: Train 0.3007 | Val 0.2626 | Test 0.0335
Validation loss decreased (0.262582 --> 0.262582).  Saving model ...
  Ep 5: Train 0.2977 | Val 0.2609 | Test 0.0398
Validation loss decreased (0.260899 --> 0.260899).  Saving model ...
  Ep 6: Train 0.2800 | Val 0.2436 | Test 0.0414
Validation loss decreased (0.243553 --> 0.243553).  Saving model ...
  Ep 7: Train 0.2812 | Val 0.2773 | Test 0.0438
EarlyStopping counter: 1 out of 5
  Ep 8: Train 0.2752 | Val 0.2632 | Test 0.0296
EarlyStopping counter: 2 out of 5
  Ep 9: Train 0.2678 | Val 0.2839 | Test 0.0323
EarlyStopping counter: 3 out of 5
  Ep 10: Train 0.2638 | Val 0.2794 | Test 0.0395
EarlyStopping counter: 4 out of 5
  Ep 11: Train 0.2564 | Val 0.2498 | Test 0.0388
EarlyStopping counter: 5 out of 5
Early stopping triggered!
/home/sangukchoi/Stroke_SDA/sda_training.py:615: FutureWarning: You are using `torch.load` with `weights_only=False` (the current default value), which uses the default pickle module implicitly. It is possible to construct malicious pickle data which will execute arbitrary code during unpickling (See https://github.com/pytorch/pytorch/blob/main/SECURITY.md#untrusted-models for more details). In a future release, the default value for `weights_only` will be flipped to `True`. This limits the functions that could be executed during unpickling. Arbitrary objects will no longer be allowed to be loaded via this mode unless they are explicitly allowlisted by the user via `torch.serialization.add_safe_globals`. We recommend you start setting `weights_only=True` for any use case where you don't have full control of the loaded file. Please open an issue on GitHub for any issues related to this experimental feature.
  model.load_state_dict(torch.load(os.path.join(out_dir, 'best_model.pth')))
Final Test MSE (Best Model): 0.0414
Finished. Status: Success
