Starting Run on GPU 1
Time: 2025-12-25 03:26:30

[Run Start] Subject S008 | Mode ['SDA'] | Params: L3.0_LS0.5_LR0.0001_E256_D128_Dr0.3

[Fold 1 - SDA] Train: ['S008_T004', 'S008_T006'], Test: S008_T001, Norm: fixed
/home/sangukchoi/.conda/envs/torch_gpu/lib/python3.10/site-packages/torch/nn/modules/rnn.py:123: UserWarning: dropout option adds dropout after all but last recurrent layer, so non-zero dropout expects num_layers greater than 1, but got dropout=0.3 and num_layers=1
  warnings.warn(
  Ep 1: Train 0.6057 | Val 0.5049 | Test 0.0459
Validation loss decreased (0.504897 --> 0.504897).  Saving model ...
  Ep 2: Train 0.4446 | Val 0.3565 | Test 0.0459
Validation loss decreased (0.356526 --> 0.356526).  Saving model ...
  Ep 3: Train 0.3834 | Val 0.3755 | Test 0.0402
EarlyStopping counter: 1 out of 5
  Ep 4: Train 0.3516 | Val 0.3752 | Test 0.0342
EarlyStopping counter: 2 out of 5
  Ep 5: Train 0.3473 | Val 0.3159 | Test 0.0423
Validation loss decreased (0.315886 --> 0.315886).  Saving model ...
  Ep 6: Train 0.3402 | Val 0.3235 | Test 0.0352
EarlyStopping counter: 1 out of 5
  Ep 7: Train 0.3298 | Val 0.2939 | Test 0.0348
Validation loss decreased (0.293929 --> 0.293929).  Saving model ...
  Ep 8: Train 0.3192 | Val 0.2559 | Test 0.0374
Validation loss decreased (0.255897 --> 0.255897).  Saving model ...
  Ep 9: Train 0.3164 | Val 0.2670 | Test 0.0417
EarlyStopping counter: 1 out of 5
  Ep 10: Train 0.3014 | Val 0.2643 | Test 0.0440
EarlyStopping counter: 2 out of 5
  Ep 11: Train 0.3037 | Val 0.2730 | Test 0.0366
EarlyStopping counter: 3 out of 5
  Ep 12: Train 0.2961 | Val 0.2613 | Test 0.0467
EarlyStopping counter: 4 out of 5
  Ep 13: Train 0.2976 | Val 0.3147 | Test 0.0396
EarlyStopping counter: 5 out of 5
Early stopping triggered!
/home/sangukchoi/Stroke_SDA/sda_training.py:615: FutureWarning: You are using `torch.load` with `weights_only=False` (the current default value), which uses the default pickle module implicitly. It is possible to construct malicious pickle data which will execute arbitrary code during unpickling (See https://github.com/pytorch/pytorch/blob/main/SECURITY.md#untrusted-models for more details). In a future release, the default value for `weights_only` will be flipped to `True`. This limits the functions that could be executed during unpickling. Arbitrary objects will no longer be allowed to be loaded via this mode unless they are explicitly allowlisted by the user via `torch.serialization.add_safe_globals`. We recommend you start setting `weights_only=True` for any use case where you don't have full control of the loaded file. Please open an issue on GitHub for any issues related to this experimental feature.
  model.load_state_dict(torch.load(os.path.join(out_dir, 'best_model.pth')))
Final Test MSE (Best Model): 0.0374
Finished. Status: Success
