Starting Run on GPU 2
Time: 2025-12-25 02:57:35

[Run Start] Subject S008 | Mode ['SDA'] | Params: L2.5_LS1.0_LR0.0001_E128_D32_Dr0.3

[Fold 1 - SDA] Train: ['S008_T004', 'S008_T006'], Test: S008_T001, Norm: fixed
/home/sangukchoi/.conda/envs/torch_gpu/lib/python3.10/site-packages/torch/nn/modules/rnn.py:123: UserWarning: dropout option adds dropout after all but last recurrent layer, so non-zero dropout expects num_layers greater than 1, but got dropout=0.3 and num_layers=1
  warnings.warn(
  Ep 1: Train 0.7663 | Val 0.5686 | Test 0.0361
Validation loss decreased (0.568556 --> 0.568556).  Saving model ...
  Ep 2: Train 0.4202 | Val 0.3406 | Test 0.0331
Validation loss decreased (0.340610 --> 0.340610).  Saving model ...
  Ep 3: Train 0.3464 | Val 0.3122 | Test 0.0328
Validation loss decreased (0.312181 --> 0.312181).  Saving model ...
  Ep 4: Train 0.3255 | Val 0.3212 | Test 0.0320
EarlyStopping counter: 1 out of 5
  Ep 5: Train 0.3184 | Val 0.3467 | Test 0.0378
EarlyStopping counter: 2 out of 5
  Ep 6: Train 0.3100 | Val 0.3376 | Test 0.0358
EarlyStopping counter: 3 out of 5
  Ep 7: Train 0.3098 | Val 0.2930 | Test 0.0394
Validation loss decreased (0.293013 --> 0.293013).  Saving model ...
  Ep 8: Train 0.3044 | Val 0.3162 | Test 0.0341
EarlyStopping counter: 1 out of 5
  Ep 9: Train 0.2999 | Val 0.3947 | Test 0.0411
EarlyStopping counter: 2 out of 5
  Ep 10: Train 0.2897 | Val 0.2675 | Test 0.0295
Validation loss decreased (0.267500 --> 0.267500).  Saving model ...
  Ep 11: Train 0.2894 | Val 0.2879 | Test 0.0533
EarlyStopping counter: 1 out of 5
  Ep 12: Train 0.2905 | Val 0.3243 | Test 0.0402
EarlyStopping counter: 2 out of 5
  Ep 13: Train 0.2883 | Val 0.2867 | Test 0.0323
EarlyStopping counter: 3 out of 5
  Ep 14: Train 0.2785 | Val 0.3117 | Test 0.0373
EarlyStopping counter: 4 out of 5
  Ep 15: Train 0.2793 | Val 0.3373 | Test 0.0346
EarlyStopping counter: 5 out of 5
Early stopping triggered!
/home/sangukchoi/Stroke_SDA/sda_training.py:615: FutureWarning: You are using `torch.load` with `weights_only=False` (the current default value), which uses the default pickle module implicitly. It is possible to construct malicious pickle data which will execute arbitrary code during unpickling (See https://github.com/pytorch/pytorch/blob/main/SECURITY.md#untrusted-models for more details). In a future release, the default value for `weights_only` will be flipped to `True`. This limits the functions that could be executed during unpickling. Arbitrary objects will no longer be allowed to be loaded via this mode unless they are explicitly allowlisted by the user via `torch.serialization.add_safe_globals`. We recommend you start setting `weights_only=True` for any use case where you don't have full control of the loaded file. Please open an issue on GitHub for any issues related to this experimental feature.
  model.load_state_dict(torch.load(os.path.join(out_dir, 'best_model.pth')))
Final Test MSE (Best Model): 0.0295
Finished. Status: Success
