Starting Run on GPU 2
Time: 2025-12-25 03:17:17

[Run Start] Subject S008 | Mode ['SDA'] | Params: L3.0_LS0.5_LR0.0001_E64_D64_Dr0.3

[Fold 1 - SDA] Train: ['S008_T004', 'S008_T006'], Test: S008_T001, Norm: fixed
/home/sangukchoi/.conda/envs/torch_gpu/lib/python3.10/site-packages/torch/nn/modules/rnn.py:123: UserWarning: dropout option adds dropout after all but last recurrent layer, so non-zero dropout expects num_layers greater than 1, but got dropout=0.3 and num_layers=1
  warnings.warn(
  Ep 1: Train 0.7794 | Val 0.7507 | Test 0.0595
Validation loss decreased (0.750682 --> 0.750682).  Saving model ...
  Ep 2: Train 0.5145 | Val 0.4821 | Test 0.0409
Validation loss decreased (0.482068 --> 0.482068).  Saving model ...
  Ep 3: Train 0.4481 | Val 0.3980 | Test 0.0389
Validation loss decreased (0.397953 --> 0.397953).  Saving model ...
  Ep 4: Train 0.4142 | Val 0.3904 | Test 0.0354
Validation loss decreased (0.390405 --> 0.390405).  Saving model ...
  Ep 5: Train 0.4087 | Val 0.3962 | Test 0.0327
EarlyStopping counter: 1 out of 5
  Ep 6: Train 0.3896 | Val 0.3757 | Test 0.0320
Validation loss decreased (0.375733 --> 0.375733).  Saving model ...
  Ep 7: Train 0.3843 | Val 0.3571 | Test 0.0380
Validation loss decreased (0.357123 --> 0.357123).  Saving model ...
  Ep 8: Train 0.3801 | Val 0.3697 | Test 0.0400
EarlyStopping counter: 1 out of 5
  Ep 9: Train 0.3700 | Val 0.3731 | Test 0.0345
EarlyStopping counter: 2 out of 5
  Ep 10: Train 0.3611 | Val 0.3437 | Test 0.0289
Validation loss decreased (0.343737 --> 0.343737).  Saving model ...
  Ep 11: Train 0.3598 | Val 0.3438 | Test 0.0393
EarlyStopping counter: 1 out of 5
  Ep 12: Train 0.3552 | Val 0.3554 | Test 0.0358
EarlyStopping counter: 2 out of 5
  Ep 13: Train 0.3533 | Val 0.3547 | Test 0.0321
EarlyStopping counter: 3 out of 5
  Ep 14: Train 0.3412 | Val 0.3765 | Test 0.0303
EarlyStopping counter: 4 out of 5
  Ep 15: Train 0.3454 | Val 0.3380 | Test 0.0490
Validation loss decreased (0.337979 --> 0.337979).  Saving model ...
  Ep 16: Train 0.3358 | Val 0.3666 | Test 0.0315
EarlyStopping counter: 1 out of 5
  Ep 17: Train 0.3378 | Val 0.3018 | Test 0.0364
Validation loss decreased (0.301785 --> 0.301785).  Saving model ...
  Ep 18: Train 0.3415 | Val 0.3357 | Test 0.0365
EarlyStopping counter: 1 out of 5
  Ep 19: Train 0.3364 | Val 0.3073 | Test 0.0308
EarlyStopping counter: 2 out of 5
  Ep 20: Train 0.3375 | Val 0.3019 | Test 0.0329
EarlyStopping counter: 3 out of 5
  Ep 21: Train 0.3338 | Val 0.3011 | Test 0.0331
Validation loss decreased (0.301106 --> 0.301106).  Saving model ...
  Ep 22: Train 0.3249 | Val 0.3306 | Test 0.0329
EarlyStopping counter: 1 out of 5
  Ep 23: Train 0.3314 | Val 0.3171 | Test 0.0345
EarlyStopping counter: 2 out of 5
  Ep 24: Train 0.3231 | Val 0.3556 | Test 0.0365
EarlyStopping counter: 3 out of 5
  Ep 25: Train 0.3238 | Val 0.3102 | Test 0.0351
EarlyStopping counter: 4 out of 5
  Ep 26: Train 0.3301 | Val 0.2958 | Test 0.0334
Validation loss decreased (0.295780 --> 0.295780).  Saving model ...
  Ep 27: Train 0.3244 | Val 0.3173 | Test 0.0295
EarlyStopping counter: 1 out of 5
  Ep 28: Train 0.3119 | Val 0.2791 | Test 0.0383
Validation loss decreased (0.279062 --> 0.279062).  Saving model ...
  Ep 29: Train 0.3146 | Val 0.3735 | Test 0.0366
EarlyStopping counter: 1 out of 5
  Ep 30: Train 0.3145 | Val 0.3148 | Test 0.0381
EarlyStopping counter: 2 out of 5
  Ep 31: Train 0.3080 | Val 0.2875 | Test 0.0369
EarlyStopping counter: 3 out of 5
  Ep 32: Train 0.3105 | Val 0.2894 | Test 0.0370
EarlyStopping counter: 4 out of 5
  Ep 33: Train 0.3157 | Val 0.3140 | Test 0.0396
EarlyStopping counter: 5 out of 5
Early stopping triggered!
/home/sangukchoi/Stroke_SDA/sda_training.py:615: FutureWarning: You are using `torch.load` with `weights_only=False` (the current default value), which uses the default pickle module implicitly. It is possible to construct malicious pickle data which will execute arbitrary code during unpickling (See https://github.com/pytorch/pytorch/blob/main/SECURITY.md#untrusted-models for more details). In a future release, the default value for `weights_only` will be flipped to `True`. This limits the functions that could be executed during unpickling. Arbitrary objects will no longer be allowed to be loaded via this mode unless they are explicitly allowlisted by the user via `torch.serialization.add_safe_globals`. We recommend you start setting `weights_only=True` for any use case where you don't have full control of the loaded file. Please open an issue on GitHub for any issues related to this experimental feature.
  model.load_state_dict(torch.load(os.path.join(out_dir, 'best_model.pth')))
Final Test MSE (Best Model): 0.0383
Finished. Status: Success
