Starting Run on GPU 0
Time: 2025-12-25 02:12:17

[Run Start] Subject S008 | Mode ['SDA'] | Params: L2.0_LS0.7_LR0.0001_E256_D64_Dr0.3

[Fold 1 - SDA] Train: ['S008_T004', 'S008_T006'], Test: S008_T001, Norm: fixed
/home/sangukchoi/.conda/envs/torch_gpu/lib/python3.10/site-packages/torch/nn/modules/rnn.py:123: UserWarning: dropout option adds dropout after all but last recurrent layer, so non-zero dropout expects num_layers greater than 1, but got dropout=0.3 and num_layers=1
  warnings.warn(
  Ep 1: Train 0.4690 | Val 0.3049 | Test 0.0396
Validation loss decreased (0.304863 --> 0.304863).  Saving model ...
  Ep 2: Train 0.2694 | Val 0.2377 | Test 0.0316
Validation loss decreased (0.237687 --> 0.237687).  Saving model ...
  Ep 3: Train 0.2510 | Val 0.2370 | Test 0.0318
Validation loss decreased (0.237004 --> 0.237004).  Saving model ...
  Ep 4: Train 0.2461 | Val 0.2669 | Test 0.0248
EarlyStopping counter: 1 out of 5
  Ep 5: Train 0.2426 | Val 0.2676 | Test 0.0259
EarlyStopping counter: 2 out of 5
  Ep 6: Train 0.2322 | Val 0.1964 | Test 0.0336
Validation loss decreased (0.196444 --> 0.196444).  Saving model ...
  Ep 7: Train 0.2362 | Val 0.2413 | Test 0.0341
EarlyStopping counter: 1 out of 5
  Ep 8: Train 0.2250 | Val 0.2324 | Test 0.0307
EarlyStopping counter: 2 out of 5
  Ep 9: Train 0.2211 | Val 0.2424 | Test 0.0347
EarlyStopping counter: 3 out of 5
  Ep 10: Train 0.2186 | Val 0.2167 | Test 0.0357
EarlyStopping counter: 4 out of 5
  Ep 11: Train 0.2137 | Val 0.2554 | Test 0.0323
EarlyStopping counter: 5 out of 5
Early stopping triggered!
/home/sangukchoi/Stroke_SDA/sda_training.py:615: FutureWarning: You are using `torch.load` with `weights_only=False` (the current default value), which uses the default pickle module implicitly. It is possible to construct malicious pickle data which will execute arbitrary code during unpickling (See https://github.com/pytorch/pytorch/blob/main/SECURITY.md#untrusted-models for more details). In a future release, the default value for `weights_only` will be flipped to `True`. This limits the functions that could be executed during unpickling. Arbitrary objects will no longer be allowed to be loaded via this mode unless they are explicitly allowlisted by the user via `torch.serialization.add_safe_globals`. We recommend you start setting `weights_only=True` for any use case where you don't have full control of the loaded file. Please open an issue on GitHub for any issues related to this experimental feature.
  model.load_state_dict(torch.load(os.path.join(out_dir, 'best_model.pth')))
Final Test MSE (Best Model): 0.0336
Finished. Status: Success
