Starting Run on GPU 0
Time: 2025-12-25 02:24:28

[Run Start] Subject S008 | Mode ['SDA'] | Params: L2.5_LS0.3_LR0.0001_E64_D32_Dr0.3

[Fold 1 - SDA] Train: ['S008_T004', 'S008_T006'], Test: S008_T001, Norm: fixed
/home/sangukchoi/.conda/envs/torch_gpu/lib/python3.10/site-packages/torch/nn/modules/rnn.py:123: UserWarning: dropout option adds dropout after all but last recurrent layer, so non-zero dropout expects num_layers greater than 1, but got dropout=0.3 and num_layers=1
  warnings.warn(
  Ep 1: Train 0.7277 | Val 0.5696 | Test 0.0713
Validation loss decreased (0.569633 --> 0.569633).  Saving model ...
  Ep 2: Train 0.4434 | Val 0.4412 | Test 0.0563
Validation loss decreased (0.441247 --> 0.441247).  Saving model ...
  Ep 3: Train 0.3952 | Val 0.3641 | Test 0.0395
Validation loss decreased (0.364141 --> 0.364141).  Saving model ...
  Ep 4: Train 0.3706 | Val 0.3589 | Test 0.0476
Validation loss decreased (0.358917 --> 0.358917).  Saving model ...
  Ep 5: Train 0.3512 | Val 0.3454 | Test 0.0348
Validation loss decreased (0.345425 --> 0.345425).  Saving model ...
  Ep 6: Train 0.3393 | Val 0.3235 | Test 0.0379
Validation loss decreased (0.323541 --> 0.323541).  Saving model ...
  Ep 7: Train 0.3270 | Val 0.3242 | Test 0.0565
EarlyStopping counter: 1 out of 5
  Ep 8: Train 0.3221 | Val 0.3012 | Test 0.0377
Validation loss decreased (0.301195 --> 0.301195).  Saving model ...
  Ep 9: Train 0.3107 | Val 0.3204 | Test 0.0344
EarlyStopping counter: 1 out of 5
  Ep 10: Train 0.3050 | Val 0.2984 | Test 0.0294
Validation loss decreased (0.298448 --> 0.298448).  Saving model ...
  Ep 11: Train 0.3031 | Val 0.2961 | Test 0.0320
Validation loss decreased (0.296064 --> 0.296064).  Saving model ...
  Ep 12: Train 0.2948 | Val 0.3156 | Test 0.0357
EarlyStopping counter: 1 out of 5
  Ep 13: Train 0.2958 | Val 0.3347 | Test 0.0279
EarlyStopping counter: 2 out of 5
  Ep 14: Train 0.2884 | Val 0.2988 | Test 0.0336
EarlyStopping counter: 3 out of 5
  Ep 15: Train 0.2857 | Val 0.3052 | Test 0.0324
EarlyStopping counter: 4 out of 5
  Ep 16: Train 0.2795 | Val 0.2443 | Test 0.0333
Validation loss decreased (0.244342 --> 0.244342).  Saving model ...
  Ep 17: Train 0.2801 | Val 0.2509 | Test 0.0301
EarlyStopping counter: 1 out of 5
  Ep 18: Train 0.2755 | Val 0.2563 | Test 0.0365
EarlyStopping counter: 2 out of 5
  Ep 19: Train 0.2738 | Val 0.2884 | Test 0.0307
EarlyStopping counter: 3 out of 5
  Ep 20: Train 0.2720 | Val 0.2491 | Test 0.0318
EarlyStopping counter: 4 out of 5
  Ep 21: Train 0.2696 | Val 0.2707 | Test 0.0337
EarlyStopping counter: 5 out of 5
Early stopping triggered!
/home/sangukchoi/Stroke_SDA/sda_training.py:615: FutureWarning: You are using `torch.load` with `weights_only=False` (the current default value), which uses the default pickle module implicitly. It is possible to construct malicious pickle data which will execute arbitrary code during unpickling (See https://github.com/pytorch/pytorch/blob/main/SECURITY.md#untrusted-models for more details). In a future release, the default value for `weights_only` will be flipped to `True`. This limits the functions that could be executed during unpickling. Arbitrary objects will no longer be allowed to be loaded via this mode unless they are explicitly allowlisted by the user via `torch.serialization.add_safe_globals`. We recommend you start setting `weights_only=True` for any use case where you don't have full control of the loaded file. Please open an issue on GitHub for any issues related to this experimental feature.
  model.load_state_dict(torch.load(os.path.join(out_dir, 'best_model.pth')))
Final Test MSE (Best Model): 0.0333
Finished. Status: Success
