Starting Run on GPU 1
Time: 2025-12-25 02:02:22

[Run Start] Subject S008 | Mode ['SDA'] | Params: L1.5_LS1.0_LR0.0001_E256_D64_Dr0.3

[Fold 1 - SDA] Train: ['S008_T004', 'S008_T006'], Test: S008_T001, Norm: fixed
/home/sangukchoi/.conda/envs/torch_gpu/lib/python3.10/site-packages/torch/nn/modules/rnn.py:123: UserWarning: dropout option adds dropout after all but last recurrent layer, so non-zero dropout expects num_layers greater than 1, but got dropout=0.3 and num_layers=1
  warnings.warn(
  Ep 1: Train 0.4379 | Val 0.2703 | Test 0.0454
Validation loss decreased (0.270308 --> 0.270308).  Saving model ...
  Ep 2: Train 0.2338 | Val 0.1925 | Test 0.0260
Validation loss decreased (0.192482 --> 0.192482).  Saving model ...
  Ep 3: Train 0.2110 | Val 0.1897 | Test 0.0430
Validation loss decreased (0.189708 --> 0.189708).  Saving model ...
  Ep 4: Train 0.2033 | Val 0.2118 | Test 0.0371
EarlyStopping counter: 1 out of 5
  Ep 5: Train 0.1972 | Val 0.1770 | Test 0.0374
Validation loss decreased (0.176978 --> 0.176978).  Saving model ...
  Ep 6: Train 0.1905 | Val 0.1741 | Test 0.0343
Validation loss decreased (0.174142 --> 0.174142).  Saving model ...
  Ep 7: Train 0.1901 | Val 0.1618 | Test 0.0385
Validation loss decreased (0.161815 --> 0.161815).  Saving model ...
  Ep 8: Train 0.1881 | Val 0.1842 | Test 0.0333
EarlyStopping counter: 1 out of 5
  Ep 9: Train 0.1832 | Val 0.1884 | Test 0.0308
EarlyStopping counter: 2 out of 5
  Ep 10: Train 0.1810 | Val 0.1802 | Test 0.0286
EarlyStopping counter: 3 out of 5
  Ep 11: Train 0.1744 | Val 0.1641 | Test 0.0201
EarlyStopping counter: 4 out of 5
  Ep 12: Train 0.1753 | Val 0.1597 | Test 0.0287
Validation loss decreased (0.159658 --> 0.159658).  Saving model ...
  Ep 13: Train 0.1715 | Val 0.1555 | Test 0.0286
Validation loss decreased (0.155547 --> 0.155547).  Saving model ...
  Ep 14: Train 0.1686 | Val 0.1993 | Test 0.0223
EarlyStopping counter: 1 out of 5
  Ep 15: Train 0.1708 | Val 0.1539 | Test 0.0227
Validation loss decreased (0.153880 --> 0.153880).  Saving model ...
  Ep 16: Train 0.1663 | Val 0.1657 | Test 0.0301
EarlyStopping counter: 1 out of 5
  Ep 17: Train 0.1598 | Val 0.1861 | Test 0.0152
EarlyStopping counter: 2 out of 5
  Ep 18: Train 0.1654 | Val 0.1577 | Test 0.0175
EarlyStopping counter: 3 out of 5
  Ep 19: Train 0.1606 | Val 0.1682 | Test 0.0174
EarlyStopping counter: 4 out of 5
  Ep 20: Train 0.1621 | Val 0.1649 | Test 0.0182
EarlyStopping counter: 5 out of 5
Early stopping triggered!
/home/sangukchoi/Stroke_SDA/sda_training.py:615: FutureWarning: You are using `torch.load` with `weights_only=False` (the current default value), which uses the default pickle module implicitly. It is possible to construct malicious pickle data which will execute arbitrary code during unpickling (See https://github.com/pytorch/pytorch/blob/main/SECURITY.md#untrusted-models for more details). In a future release, the default value for `weights_only` will be flipped to `True`. This limits the functions that could be executed during unpickling. Arbitrary objects will no longer be allowed to be loaded via this mode unless they are explicitly allowlisted by the user via `torch.serialization.add_safe_globals`. We recommend you start setting `weights_only=True` for any use case where you don't have full control of the loaded file. Please open an issue on GitHub for any issues related to this experimental feature.
  model.load_state_dict(torch.load(os.path.join(out_dir, 'best_model.pth')))
Final Test MSE (Best Model): 0.0227
Finished. Status: Success
