Starting Run on GPU 0
Time: 2025-12-25 03:25:06

[Run Start] Subject S008 | Mode ['SDA'] | Params: L3.0_LS0.5_LR0.0001_E128_D128_Dr0.3

[Fold 1 - SDA] Train: ['S008_T004', 'S008_T006'], Test: S008_T001, Norm: fixed
/home/sangukchoi/.conda/envs/torch_gpu/lib/python3.10/site-packages/torch/nn/modules/rnn.py:123: UserWarning: dropout option adds dropout after all but last recurrent layer, so non-zero dropout expects num_layers greater than 1, but got dropout=0.3 and num_layers=1
  warnings.warn(
  Ep 1: Train 0.7093 | Val 0.6660 | Test 0.0578
Validation loss decreased (0.665953 --> 0.665953).  Saving model ...
  Ep 2: Train 0.4863 | Val 0.4913 | Test 0.0376
Validation loss decreased (0.491323 --> 0.491323).  Saving model ...
  Ep 3: Train 0.4183 | Val 0.3849 | Test 0.0428
Validation loss decreased (0.384944 --> 0.384944).  Saving model ...
  Ep 4: Train 0.3858 | Val 0.3749 | Test 0.0502
Validation loss decreased (0.374869 --> 0.374869).  Saving model ...
  Ep 5: Train 0.3646 | Val 0.3481 | Test 0.0403
Validation loss decreased (0.348117 --> 0.348117).  Saving model ...
  Ep 6: Train 0.3543 | Val 0.3361 | Test 0.0352
Validation loss decreased (0.336066 --> 0.336066).  Saving model ...
  Ep 7: Train 0.3542 | Val 0.3106 | Test 0.0387
Validation loss decreased (0.310628 --> 0.310628).  Saving model ...
  Ep 8: Train 0.3339 | Val 0.3173 | Test 0.0308
EarlyStopping counter: 1 out of 5
  Ep 9: Train 0.3294 | Val 0.2916 | Test 0.0413
Validation loss decreased (0.291583 --> 0.291583).  Saving model ...
  Ep 10: Train 0.3294 | Val 0.2860 | Test 0.0378
Validation loss decreased (0.286023 --> 0.286023).  Saving model ...
  Ep 11: Train 0.3314 | Val 0.2809 | Test 0.0416
Validation loss decreased (0.280947 --> 0.280947).  Saving model ...
  Ep 12: Train 0.3223 | Val 0.2749 | Test 0.0324
Validation loss decreased (0.274919 --> 0.274919).  Saving model ...
  Ep 13: Train 0.3166 | Val 0.3214 | Test 0.0443
EarlyStopping counter: 1 out of 5
  Ep 14: Train 0.3081 | Val 0.2756 | Test 0.0401
EarlyStopping counter: 2 out of 5
  Ep 15: Train 0.3036 | Val 0.2871 | Test 0.0358
EarlyStopping counter: 3 out of 5
  Ep 16: Train 0.3127 | Val 0.3183 | Test 0.0552
EarlyStopping counter: 4 out of 5
  Ep 17: Train 0.2952 | Val 0.2862 | Test 0.0404
EarlyStopping counter: 5 out of 5
Early stopping triggered!
/home/sangukchoi/Stroke_SDA/sda_training.py:615: FutureWarning: You are using `torch.load` with `weights_only=False` (the current default value), which uses the default pickle module implicitly. It is possible to construct malicious pickle data which will execute arbitrary code during unpickling (See https://github.com/pytorch/pytorch/blob/main/SECURITY.md#untrusted-models for more details). In a future release, the default value for `weights_only` will be flipped to `True`. This limits the functions that could be executed during unpickling. Arbitrary objects will no longer be allowed to be loaded via this mode unless they are explicitly allowlisted by the user via `torch.serialization.add_safe_globals`. We recommend you start setting `weights_only=True` for any use case where you don't have full control of the loaded file. Please open an issue on GitHub for any issues related to this experimental feature.
  model.load_state_dict(torch.load(os.path.join(out_dir, 'best_model.pth')))
Final Test MSE (Best Model): 0.0324
Finished. Status: Success
