Starting Run on GPU 3
Time: 2025-12-25 01:55:00

[Run Start] Subject S008 | Mode ['SDA'] | Params: L1.5_LS1.0_LR0.0001_E64_D32_Dr0.3

[Fold 1 - SDA] Train: ['S008_T004', 'S008_T006'], Test: S008_T001, Norm: fixed
/home/sangukchoi/.conda/envs/torch_gpu/lib/python3.10/site-packages/torch/nn/modules/rnn.py:123: UserWarning: dropout option adds dropout after all but last recurrent layer, so non-zero dropout expects num_layers greater than 1, but got dropout=0.3 and num_layers=1
  warnings.warn(
  Ep 1: Train 0.7174 | Val 0.3696 | Test 0.0312
Validation loss decreased (0.369581 --> 0.369581).  Saving model ...
  Ep 2: Train 0.2999 | Val 0.2758 | Test 0.0279
Validation loss decreased (0.275789 --> 0.275789).  Saving model ...
  Ep 3: Train 0.2476 | Val 0.2392 | Test 0.0243
Validation loss decreased (0.239228 --> 0.239228).  Saving model ...
  Ep 4: Train 0.2288 | Val 0.2296 | Test 0.0220
Validation loss decreased (0.229618 --> 0.229618).  Saving model ...
  Ep 5: Train 0.2201 | Val 0.2060 | Test 0.0269
Validation loss decreased (0.205980 --> 0.205980).  Saving model ...
  Ep 6: Train 0.2153 | Val 0.2016 | Test 0.0339
Validation loss decreased (0.201584 --> 0.201584).  Saving model ...
  Ep 7: Train 0.2124 | Val 0.2174 | Test 0.0185
EarlyStopping counter: 1 out of 5
  Ep 8: Train 0.2050 | Val 0.2025 | Test 0.0209
EarlyStopping counter: 2 out of 5
  Ep 9: Train 0.2036 | Val 0.2163 | Test 0.0245
EarlyStopping counter: 3 out of 5
  Ep 10: Train 0.2003 | Val 0.1957 | Test 0.0370
Validation loss decreased (0.195730 --> 0.195730).  Saving model ...
  Ep 11: Train 0.1961 | Val 0.2050 | Test 0.0334
EarlyStopping counter: 1 out of 5
  Ep 12: Train 0.1995 | Val 0.1933 | Test 0.0241
Validation loss decreased (0.193319 --> 0.193319).  Saving model ...
  Ep 13: Train 0.1959 | Val 0.1938 | Test 0.0322
EarlyStopping counter: 1 out of 5
  Ep 14: Train 0.1950 | Val 0.2019 | Test 0.0338
EarlyStopping counter: 2 out of 5
  Ep 15: Train 0.1925 | Val 0.1941 | Test 0.0241
EarlyStopping counter: 3 out of 5
  Ep 16: Train 0.1915 | Val 0.1887 | Test 0.0353
Validation loss decreased (0.188682 --> 0.188682).  Saving model ...
  Ep 17: Train 0.1886 | Val 0.1923 | Test 0.0333
EarlyStopping counter: 1 out of 5
  Ep 18: Train 0.1885 | Val 0.1837 | Test 0.0265
Validation loss decreased (0.183660 --> 0.183660).  Saving model ...
  Ep 19: Train 0.1864 | Val 0.1862 | Test 0.0275
EarlyStopping counter: 1 out of 5
  Ep 20: Train 0.1827 | Val 0.1828 | Test 0.0285
Validation loss decreased (0.182815 --> 0.182815).  Saving model ...
  Ep 21: Train 0.1844 | Val 0.1880 | Test 0.0328
EarlyStopping counter: 1 out of 5
  Ep 22: Train 0.1808 | Val 0.1850 | Test 0.0391
EarlyStopping counter: 2 out of 5
  Ep 23: Train 0.1824 | Val 0.1944 | Test 0.0361
EarlyStopping counter: 3 out of 5
  Ep 24: Train 0.1799 | Val 0.1834 | Test 0.0347
EarlyStopping counter: 4 out of 5
  Ep 25: Train 0.1801 | Val 0.1809 | Test 0.0318
Validation loss decreased (0.180893 --> 0.180893).  Saving model ...
  Ep 26: Train 0.1797 | Val 0.1847 | Test 0.0361
EarlyStopping counter: 1 out of 5
  Ep 27: Train 0.1764 | Val 0.1872 | Test 0.0317
EarlyStopping counter: 2 out of 5
  Ep 28: Train 0.1768 | Val 0.1824 | Test 0.0329
EarlyStopping counter: 3 out of 5
  Ep 29: Train 0.1747 | Val 0.1859 | Test 0.0398
EarlyStopping counter: 4 out of 5
  Ep 30: Train 0.1754 | Val 0.1890 | Test 0.0331
EarlyStopping counter: 5 out of 5
Early stopping triggered!
/home/sangukchoi/Stroke_SDA/sda_training.py:615: FutureWarning: You are using `torch.load` with `weights_only=False` (the current default value), which uses the default pickle module implicitly. It is possible to construct malicious pickle data which will execute arbitrary code during unpickling (See https://github.com/pytorch/pytorch/blob/main/SECURITY.md#untrusted-models for more details). In a future release, the default value for `weights_only` will be flipped to `True`. This limits the functions that could be executed during unpickling. Arbitrary objects will no longer be allowed to be loaded via this mode unless they are explicitly allowlisted by the user via `torch.serialization.add_safe_globals`. We recommend you start setting `weights_only=True` for any use case where you don't have full control of the loaded file. Please open an issue on GitHub for any issues related to this experimental feature.
  model.load_state_dict(torch.load(os.path.join(out_dir, 'best_model.pth')))
Final Test MSE (Best Model): 0.0318
Finished. Status: Success
