Starting Run on GPU 1
Time: 2025-12-25 02:16:11

[Run Start] Subject S008 | Mode ['SDA'] | Params: L2.0_LS1.0_LR0.0001_E64_D128_Dr0.3

[Fold 1 - SDA] Train: ['S008_T004', 'S008_T006'], Test: S008_T001, Norm: fixed
/home/sangukchoi/.conda/envs/torch_gpu/lib/python3.10/site-packages/torch/nn/modules/rnn.py:123: UserWarning: dropout option adds dropout after all but last recurrent layer, so non-zero dropout expects num_layers greater than 1, but got dropout=0.3 and num_layers=1
  warnings.warn(
  Ep 1: Train 0.7649 | Val 0.5897 | Test 0.0459
Validation loss decreased (0.589691 --> 0.589691).  Saving model ...
  Ep 2: Train 0.4315 | Val 0.3788 | Test 0.0437
Validation loss decreased (0.378849 --> 0.378849).  Saving model ...
  Ep 3: Train 0.3597 | Val 0.3130 | Test 0.0391
Validation loss decreased (0.312981 --> 0.312981).  Saving model ...
  Ep 4: Train 0.3176 | Val 0.2912 | Test 0.0304
Validation loss decreased (0.291240 --> 0.291240).  Saving model ...
  Ep 5: Train 0.2951 | Val 0.2606 | Test 0.0357
Validation loss decreased (0.260605 --> 0.260605).  Saving model ...
  Ep 6: Train 0.2804 | Val 0.2654 | Test 0.0370
EarlyStopping counter: 1 out of 5
  Ep 7: Train 0.2701 | Val 0.2764 | Test 0.0308
EarlyStopping counter: 2 out of 5
  Ep 8: Train 0.2668 | Val 0.2553 | Test 0.0298
Validation loss decreased (0.255274 --> 0.255274).  Saving model ...
  Ep 9: Train 0.2614 | Val 0.2563 | Test 0.0377
EarlyStopping counter: 1 out of 5
  Ep 10: Train 0.2574 | Val 0.2570 | Test 0.0357
EarlyStopping counter: 2 out of 5
  Ep 11: Train 0.2523 | Val 0.2447 | Test 0.0408
Validation loss decreased (0.244723 --> 0.244723).  Saving model ...
  Ep 12: Train 0.2525 | Val 0.2341 | Test 0.0369
Validation loss decreased (0.234088 --> 0.234088).  Saving model ...
  Ep 13: Train 0.2503 | Val 0.2371 | Test 0.0327
EarlyStopping counter: 1 out of 5
  Ep 14: Train 0.2452 | Val 0.2498 | Test 0.0365
EarlyStopping counter: 2 out of 5
  Ep 15: Train 0.2407 | Val 0.2566 | Test 0.0352
EarlyStopping counter: 3 out of 5
  Ep 16: Train 0.2377 | Val 0.2414 | Test 0.0308
EarlyStopping counter: 4 out of 5
  Ep 17: Train 0.2369 | Val 0.2316 | Test 0.0317
Validation loss decreased (0.231613 --> 0.231613).  Saving model ...
  Ep 18: Train 0.2326 | Val 0.2263 | Test 0.0405
Validation loss decreased (0.226253 --> 0.226253).  Saving model ...
  Ep 19: Train 0.2288 | Val 0.2299 | Test 0.0323
EarlyStopping counter: 1 out of 5
  Ep 20: Train 0.2286 | Val 0.2416 | Test 0.0303
EarlyStopping counter: 2 out of 5
  Ep 21: Train 0.2294 | Val 0.2094 | Test 0.0361
Validation loss decreased (0.209352 --> 0.209352).  Saving model ...
  Ep 22: Train 0.2278 | Val 0.2325 | Test 0.0402
EarlyStopping counter: 1 out of 5
  Ep 23: Train 0.2262 | Val 0.2164 | Test 0.0295
EarlyStopping counter: 2 out of 5
  Ep 24: Train 0.2184 | Val 0.2321 | Test 0.0366
EarlyStopping counter: 3 out of 5
  Ep 25: Train 0.2229 | Val 0.2650 | Test 0.0388
EarlyStopping counter: 4 out of 5
  Ep 26: Train 0.2148 | Val 0.2273 | Test 0.0300
EarlyStopping counter: 5 out of 5
Early stopping triggered!
/home/sangukchoi/Stroke_SDA/sda_training.py:615: FutureWarning: You are using `torch.load` with `weights_only=False` (the current default value), which uses the default pickle module implicitly. It is possible to construct malicious pickle data which will execute arbitrary code during unpickling (See https://github.com/pytorch/pytorch/blob/main/SECURITY.md#untrusted-models for more details). In a future release, the default value for `weights_only` will be flipped to `True`. This limits the functions that could be executed during unpickling. Arbitrary objects will no longer be allowed to be loaded via this mode unless they are explicitly allowlisted by the user via `torch.serialization.add_safe_globals`. We recommend you start setting `weights_only=True` for any use case where you don't have full control of the loaded file. Please open an issue on GitHub for any issues related to this experimental feature.
  model.load_state_dict(torch.load(os.path.join(out_dir, 'best_model.pth')))
Final Test MSE (Best Model): 0.0361
Finished. Status: Success
