Starting Run on GPU 2
Time: 2025-12-25 01:55:05

[Run Start] Subject S008 | Mode ['SDA'] | Params: L1.5_LS1.0_LR0.0001_E64_D64_Dr0.3

[Fold 1 - SDA] Train: ['S008_T004', 'S008_T006'], Test: S008_T001, Norm: fixed
/home/sangukchoi/.conda/envs/torch_gpu/lib/python3.10/site-packages/torch/nn/modules/rnn.py:123: UserWarning: dropout option adds dropout after all but last recurrent layer, so non-zero dropout expects num_layers greater than 1, but got dropout=0.3 and num_layers=1
  warnings.warn(
  Ep 1: Train 0.6424 | Val 0.3694 | Test 0.0360
Validation loss decreased (0.369353 --> 0.369353).  Saving model ...
  Ep 2: Train 0.3202 | Val 0.2566 | Test 0.0353
Validation loss decreased (0.256628 --> 0.256628).  Saving model ...
  Ep 3: Train 0.2642 | Val 0.2301 | Test 0.0299
Validation loss decreased (0.230069 --> 0.230069).  Saving model ...
  Ep 4: Train 0.2400 | Val 0.2285 | Test 0.0259
Validation loss decreased (0.228491 --> 0.228491).  Saving model ...
  Ep 5: Train 0.2322 | Val 0.2263 | Test 0.0272
Validation loss decreased (0.226293 --> 0.226293).  Saving model ...
  Ep 6: Train 0.2240 | Val 0.1918 | Test 0.0329
Validation loss decreased (0.191796 --> 0.191796).  Saving model ...
  Ep 7: Train 0.2175 | Val 0.2109 | Test 0.0265
EarlyStopping counter: 1 out of 5
  Ep 8: Train 0.2144 | Val 0.2128 | Test 0.0296
EarlyStopping counter: 2 out of 5
  Ep 9: Train 0.2124 | Val 0.2071 | Test 0.0322
EarlyStopping counter: 3 out of 5
  Ep 10: Train 0.2104 | Val 0.2079 | Test 0.0376
EarlyStopping counter: 4 out of 5
  Ep 11: Train 0.2081 | Val 0.2126 | Test 0.0336
EarlyStopping counter: 5 out of 5
Early stopping triggered!
/home/sangukchoi/Stroke_SDA/sda_training.py:615: FutureWarning: You are using `torch.load` with `weights_only=False` (the current default value), which uses the default pickle module implicitly. It is possible to construct malicious pickle data which will execute arbitrary code during unpickling (See https://github.com/pytorch/pytorch/blob/main/SECURITY.md#untrusted-models for more details). In a future release, the default value for `weights_only` will be flipped to `True`. This limits the functions that could be executed during unpickling. Arbitrary objects will no longer be allowed to be loaded via this mode unless they are explicitly allowlisted by the user via `torch.serialization.add_safe_globals`. We recommend you start setting `weights_only=True` for any use case where you don't have full control of the loaded file. Please open an issue on GitHub for any issues related to this experimental feature.
  model.load_state_dict(torch.load(os.path.join(out_dir, 'best_model.pth')))
Final Test MSE (Best Model): 0.0329
Finished. Status: Success
