Starting Run on GPU 2
Time: 2025-12-25 02:42:40

[Run Start] Subject S008 | Mode ['SDA'] | Params: L2.5_LS0.5_LR0.0001_E128_D128_Dr0.3

[Fold 1 - SDA] Train: ['S008_T004', 'S008_T006'], Test: S008_T001, Norm: fixed
/home/sangukchoi/.conda/envs/torch_gpu/lib/python3.10/site-packages/torch/nn/modules/rnn.py:123: UserWarning: dropout option adds dropout after all but last recurrent layer, so non-zero dropout expects num_layers greater than 1, but got dropout=0.3 and num_layers=1
  warnings.warn(
  Ep 1: Train 0.6083 | Val 0.4212 | Test 0.0427
Validation loss decreased (0.421236 --> 0.421236).  Saving model ...
  Ep 2: Train 0.3755 | Val 0.3291 | Test 0.0426
Validation loss decreased (0.329100 --> 0.329100).  Saving model ...
  Ep 3: Train 0.3373 | Val 0.2956 | Test 0.0354
Validation loss decreased (0.295576 --> 0.295576).  Saving model ...
  Ep 4: Train 0.3100 | Val 0.2584 | Test 0.0318
Validation loss decreased (0.258369 --> 0.258369).  Saving model ...
  Ep 5: Train 0.2961 | Val 0.2588 | Test 0.0317
EarlyStopping counter: 1 out of 5
  Ep 6: Train 0.2922 | Val 0.2840 | Test 0.0366
EarlyStopping counter: 2 out of 5
  Ep 7: Train 0.2909 | Val 0.3040 | Test 0.0426
EarlyStopping counter: 3 out of 5
  Ep 8: Train 0.2810 | Val 0.2681 | Test 0.0418
EarlyStopping counter: 4 out of 5
  Ep 9: Train 0.2782 | Val 0.2611 | Test 0.0327
EarlyStopping counter: 5 out of 5
Early stopping triggered!
/home/sangukchoi/Stroke_SDA/sda_training.py:615: FutureWarning: You are using `torch.load` with `weights_only=False` (the current default value), which uses the default pickle module implicitly. It is possible to construct malicious pickle data which will execute arbitrary code during unpickling (See https://github.com/pytorch/pytorch/blob/main/SECURITY.md#untrusted-models for more details). In a future release, the default value for `weights_only` will be flipped to `True`. This limits the functions that could be executed during unpickling. Arbitrary objects will no longer be allowed to be loaded via this mode unless they are explicitly allowlisted by the user via `torch.serialization.add_safe_globals`. We recommend you start setting `weights_only=True` for any use case where you don't have full control of the loaded file. Please open an issue on GitHub for any issues related to this experimental feature.
  model.load_state_dict(torch.load(os.path.join(out_dir, 'best_model.pth')))
Final Test MSE (Best Model): 0.0318
Finished. Status: Success
