Starting Run on GPU 0
Time: 2025-12-25 01:04:50

[Run Start] Subject S008 | Mode ['SDA'] | Params: L0.5_LS0.7_LR0.0001_E64_D128_Dr0.3

[Fold 1 - SDA] Train: ['S008_T004', 'S008_T006'], Test: S008_T001, Norm: fixed
/home/sangukchoi/.conda/envs/torch_gpu/lib/python3.10/site-packages/torch/nn/modules/rnn.py:123: UserWarning: dropout option adds dropout after all but last recurrent layer, so non-zero dropout expects num_layers greater than 1, but got dropout=0.3 and num_layers=1
  warnings.warn(
  Ep 1: Train 0.3249 | Val 0.1747 | Test 0.0476
Validation loss decreased (0.174681 --> 0.174681).  Saving model ...
  Ep 2: Train 0.1545 | Val 0.1137 | Test 0.0397
Validation loss decreased (0.113691 --> 0.113691).  Saving model ...
  Ep 3: Train 0.1159 | Val 0.0985 | Test 0.0303
Validation loss decreased (0.098490 --> 0.098490).  Saving model ...
  Ep 4: Train 0.1014 | Val 0.0864 | Test 0.0405
Validation loss decreased (0.086389 --> 0.086389).  Saving model ...
  Ep 5: Train 0.0988 | Val 0.0814 | Test 0.0301
Validation loss decreased (0.081403 --> 0.081403).  Saving model ...
  Ep 6: Train 0.0936 | Val 0.0785 | Test 0.0419
Validation loss decreased (0.078460 --> 0.078460).  Saving model ...
  Ep 7: Train 0.0917 | Val 0.0755 | Test 0.0345
Validation loss decreased (0.075518 --> 0.075518).  Saving model ...
  Ep 8: Train 0.0895 | Val 0.0724 | Test 0.0494
Validation loss decreased (0.072427 --> 0.072427).  Saving model ...
  Ep 9: Train 0.0877 | Val 0.0786 | Test 0.0386
EarlyStopping counter: 1 out of 5
  Ep 10: Train 0.0865 | Val 0.0722 | Test 0.0648
EarlyStopping counter: 2 out of 5
  Ep 11: Train 0.0854 | Val 0.0713 | Test 0.0574
Validation loss decreased (0.071290 --> 0.071290).  Saving model ...
  Ep 12: Train 0.0839 | Val 0.0674 | Test 0.0488
Validation loss decreased (0.067352 --> 0.067352).  Saving model ...
  Ep 13: Train 0.0840 | Val 0.0719 | Test 0.0516
EarlyStopping counter: 1 out of 5
  Ep 14: Train 0.0827 | Val 0.0689 | Test 0.0560
EarlyStopping counter: 2 out of 5
  Ep 15: Train 0.0825 | Val 0.0657 | Test 0.0489
Validation loss decreased (0.065671 --> 0.065671).  Saving model ...
  Ep 16: Train 0.0805 | Val 0.0667 | Test 0.0560
EarlyStopping counter: 1 out of 5
  Ep 17: Train 0.0801 | Val 0.0669 | Test 0.0433
EarlyStopping counter: 2 out of 5
  Ep 18: Train 0.0802 | Val 0.0667 | Test 0.0368
EarlyStopping counter: 3 out of 5
  Ep 19: Train 0.0799 | Val 0.0671 | Test 0.0461
EarlyStopping counter: 4 out of 5
  Ep 20: Train 0.0789 | Val 0.0697 | Test 0.0468
EarlyStopping counter: 5 out of 5
Early stopping triggered!
/home/sangukchoi/Stroke_SDA/sda_training.py:615: FutureWarning: You are using `torch.load` with `weights_only=False` (the current default value), which uses the default pickle module implicitly. It is possible to construct malicious pickle data which will execute arbitrary code during unpickling (See https://github.com/pytorch/pytorch/blob/main/SECURITY.md#untrusted-models for more details). In a future release, the default value for `weights_only` will be flipped to `True`. This limits the functions that could be executed during unpickling. Arbitrary objects will no longer be allowed to be loaded via this mode unless they are explicitly allowlisted by the user via `torch.serialization.add_safe_globals`. We recommend you start setting `weights_only=True` for any use case where you don't have full control of the loaded file. Please open an issue on GitHub for any issues related to this experimental feature.
  model.load_state_dict(torch.load(os.path.join(out_dir, 'best_model.pth')))
Final Test MSE (Best Model): 0.0489
Finished. Status: Success
