Starting Run on GPU 2
Time: 2025-12-25 02:27:52

[Run Start] Subject S008 | Mode ['SDA'] | Params: L2.5_LS0.3_LR0.0001_E128_D32_Dr0.3

[Fold 1 - SDA] Train: ['S008_T004', 'S008_T006'], Test: S008_T001, Norm: fixed
/home/sangukchoi/.conda/envs/torch_gpu/lib/python3.10/site-packages/torch/nn/modules/rnn.py:123: UserWarning: dropout option adds dropout after all but last recurrent layer, so non-zero dropout expects num_layers greater than 1, but got dropout=0.3 and num_layers=1
  warnings.warn(
  Ep 1: Train 0.6588 | Val 0.6329 | Test 0.0658
Validation loss decreased (0.632891 --> 0.632891).  Saving model ...
  Ep 2: Train 0.4199 | Val 0.3898 | Test 0.0373
Validation loss decreased (0.389826 --> 0.389826).  Saving model ...
  Ep 3: Train 0.3493 | Val 0.3224 | Test 0.0477
Validation loss decreased (0.322424 --> 0.322424).  Saving model ...
  Ep 4: Train 0.3172 | Val 0.3178 | Test 0.0397
Validation loss decreased (0.317822 --> 0.317822).  Saving model ...
  Ep 5: Train 0.2949 | Val 0.2729 | Test 0.0506
Validation loss decreased (0.272921 --> 0.272921).  Saving model ...
  Ep 6: Train 0.2913 | Val 0.2570 | Test 0.0369
Validation loss decreased (0.256992 --> 0.256992).  Saving model ...
  Ep 7: Train 0.2816 | Val 0.2728 | Test 0.0435
EarlyStopping counter: 1 out of 5
  Ep 8: Train 0.2735 | Val 0.2605 | Test 0.0335
EarlyStopping counter: 2 out of 5
  Ep 9: Train 0.2671 | Val 0.2394 | Test 0.0406
Validation loss decreased (0.239447 --> 0.239447).  Saving model ...
  Ep 10: Train 0.2736 | Val 0.2404 | Test 0.0394
EarlyStopping counter: 1 out of 5
  Ep 11: Train 0.2663 | Val 0.2730 | Test 0.0374
EarlyStopping counter: 2 out of 5
  Ep 12: Train 0.2642 | Val 0.2317 | Test 0.0406
Validation loss decreased (0.231660 --> 0.231660).  Saving model ...
  Ep 13: Train 0.2646 | Val 0.2466 | Test 0.0404
EarlyStopping counter: 1 out of 5
  Ep 14: Train 0.2601 | Val 0.2372 | Test 0.0350
EarlyStopping counter: 2 out of 5
  Ep 15: Train 0.2568 | Val 0.1999 | Test 0.0420
Validation loss decreased (0.199903 --> 0.199903).  Saving model ...
  Ep 16: Train 0.2509 | Val 0.2390 | Test 0.0322
EarlyStopping counter: 1 out of 5
  Ep 17: Train 0.2498 | Val 0.2338 | Test 0.0324
EarlyStopping counter: 2 out of 5
  Ep 18: Train 0.2468 | Val 0.2100 | Test 0.0377
EarlyStopping counter: 3 out of 5
  Ep 19: Train 0.2431 | Val 0.2850 | Test 0.0387
EarlyStopping counter: 4 out of 5
  Ep 20: Train 0.2364 | Val 0.2078 | Test 0.0340
EarlyStopping counter: 5 out of 5
Early stopping triggered!
/home/sangukchoi/Stroke_SDA/sda_training.py:615: FutureWarning: You are using `torch.load` with `weights_only=False` (the current default value), which uses the default pickle module implicitly. It is possible to construct malicious pickle data which will execute arbitrary code during unpickling (See https://github.com/pytorch/pytorch/blob/main/SECURITY.md#untrusted-models for more details). In a future release, the default value for `weights_only` will be flipped to `True`. This limits the functions that could be executed during unpickling. Arbitrary objects will no longer be allowed to be loaded via this mode unless they are explicitly allowlisted by the user via `torch.serialization.add_safe_globals`. We recommend you start setting `weights_only=True` for any use case where you don't have full control of the loaded file. Please open an issue on GitHub for any issues related to this experimental feature.
  model.load_state_dict(torch.load(os.path.join(out_dir, 'best_model.pth')))
Final Test MSE (Best Model): 0.0420
Finished. Status: Success
