Starting Run on GPU 2
Time: 2025-12-25 02:24:14

[Run Start] Subject S008 | Mode ['SDA'] | Params: L2.0_LS1.0_LR0.0001_E256_D128_Dr0.3

[Fold 1 - SDA] Train: ['S008_T004', 'S008_T006'], Test: S008_T001, Norm: fixed
/home/sangukchoi/.conda/envs/torch_gpu/lib/python3.10/site-packages/torch/nn/modules/rnn.py:123: UserWarning: dropout option adds dropout after all but last recurrent layer, so non-zero dropout expects num_layers greater than 1, but got dropout=0.3 and num_layers=1
  warnings.warn(
  Ep 1: Train 0.5066 | Val 0.3218 | Test 0.0381
Validation loss decreased (0.321826 --> 0.321826).  Saving model ...
  Ep 2: Train 0.2952 | Val 0.2707 | Test 0.0282
Validation loss decreased (0.270662 --> 0.270662).  Saving model ...
  Ep 3: Train 0.2750 | Val 0.2564 | Test 0.0433
Validation loss decreased (0.256368 --> 0.256368).  Saving model ...
  Ep 4: Train 0.2662 | Val 0.2713 | Test 0.0447
EarlyStopping counter: 1 out of 5
  Ep 5: Train 0.2627 | Val 0.2427 | Test 0.0443
Validation loss decreased (0.242660 --> 0.242660).  Saving model ...
  Ep 6: Train 0.2548 | Val 0.2736 | Test 0.0313
EarlyStopping counter: 1 out of 5
  Ep 7: Train 0.2540 | Val 0.2924 | Test 0.0299
EarlyStopping counter: 2 out of 5
  Ep 8: Train 0.2545 | Val 0.2635 | Test 0.0372
EarlyStopping counter: 3 out of 5
  Ep 9: Train 0.2504 | Val 0.2585 | Test 0.0377
EarlyStopping counter: 4 out of 5
  Ep 10: Train 0.2465 | Val 0.2607 | Test 0.0408
EarlyStopping counter: 5 out of 5
Early stopping triggered!
/home/sangukchoi/Stroke_SDA/sda_training.py:615: FutureWarning: You are using `torch.load` with `weights_only=False` (the current default value), which uses the default pickle module implicitly. It is possible to construct malicious pickle data which will execute arbitrary code during unpickling (See https://github.com/pytorch/pytorch/blob/main/SECURITY.md#untrusted-models for more details). In a future release, the default value for `weights_only` will be flipped to `True`. This limits the functions that could be executed during unpickling. Arbitrary objects will no longer be allowed to be loaded via this mode unless they are explicitly allowlisted by the user via `torch.serialization.add_safe_globals`. We recommend you start setting `weights_only=True` for any use case where you don't have full control of the loaded file. Please open an issue on GitHub for any issues related to this experimental feature.
  model.load_state_dict(torch.load(os.path.join(out_dir, 'best_model.pth')))
Final Test MSE (Best Model): 0.0443
Finished. Status: Success
