Starting Run on GPU 3
Time: 2025-12-25 02:23:11

[Run Start] Subject S008 | Mode ['SDA'] | Params: L2.0_LS1.0_LR0.0001_E256_D32_Dr0.3

[Fold 1 - SDA] Train: ['S008_T004', 'S008_T006'], Test: S008_T001, Norm: fixed
/home/sangukchoi/.conda/envs/torch_gpu/lib/python3.10/site-packages/torch/nn/modules/rnn.py:123: UserWarning: dropout option adds dropout after all but last recurrent layer, so non-zero dropout expects num_layers greater than 1, but got dropout=0.3 and num_layers=1
  warnings.warn(
  Ep 1: Train 0.5129 | Val 0.2806 | Test 0.0345
Validation loss decreased (0.280632 --> 0.280632).  Saving model ...
  Ep 2: Train 0.2842 | Val 0.3651 | Test 0.0369
EarlyStopping counter: 1 out of 5
  Ep 3: Train 0.2693 | Val 0.2519 | Test 0.0334
Validation loss decreased (0.251870 --> 0.251870).  Saving model ...
  Ep 4: Train 0.2562 | Val 0.2551 | Test 0.0353
EarlyStopping counter: 1 out of 5
  Ep 5: Train 0.2551 | Val 0.2408 | Test 0.0340
Validation loss decreased (0.240783 --> 0.240783).  Saving model ...
  Ep 6: Train 0.2462 | Val 0.2193 | Test 0.0379
Validation loss decreased (0.219305 --> 0.219305).  Saving model ...
  Ep 7: Train 0.2430 | Val 0.2496 | Test 0.0403
EarlyStopping counter: 1 out of 5
  Ep 8: Train 0.2371 | Val 0.2541 | Test 0.0287
EarlyStopping counter: 2 out of 5
  Ep 9: Train 0.2291 | Val 0.2288 | Test 0.0317
EarlyStopping counter: 3 out of 5
  Ep 10: Train 0.2279 | Val 0.2491 | Test 0.0252
EarlyStopping counter: 4 out of 5
  Ep 11: Train 0.2283 | Val 0.2245 | Test 0.0256
EarlyStopping counter: 5 out of 5
Early stopping triggered!
/home/sangukchoi/Stroke_SDA/sda_training.py:615: FutureWarning: You are using `torch.load` with `weights_only=False` (the current default value), which uses the default pickle module implicitly. It is possible to construct malicious pickle data which will execute arbitrary code during unpickling (See https://github.com/pytorch/pytorch/blob/main/SECURITY.md#untrusted-models for more details). In a future release, the default value for `weights_only` will be flipped to `True`. This limits the functions that could be executed during unpickling. Arbitrary objects will no longer be allowed to be loaded via this mode unless they are explicitly allowlisted by the user via `torch.serialization.add_safe_globals`. We recommend you start setting `weights_only=True` for any use case where you don't have full control of the loaded file. Please open an issue on GitHub for any issues related to this experimental feature.
  model.load_state_dict(torch.load(os.path.join(out_dir, 'best_model.pth')))
Final Test MSE (Best Model): 0.0379
Finished. Status: Success
