Starting Run on GPU 2
Time: 2025-12-25 05:55:18

[Run Start] Subject S013 | Mode ['SDA'] | Params: L3.0_LS1.0_LR0.0001_E128_D128_Dr0.3

[Fold 1 - SDA] Train: ['S013_T003', 'S013_T006'], Test: S013_T002, Norm: fixed
/home/sangukchoi/.conda/envs/torch_gpu/lib/python3.10/site-packages/torch/nn/modules/rnn.py:123: UserWarning: dropout option adds dropout after all but last recurrent layer, so non-zero dropout expects num_layers greater than 1, but got dropout=0.3 and num_layers=1
  warnings.warn(
  Ep 1: Train 0.6605 | Val 0.8514 | Test 0.0376
Validation loss decreased (0.851387 --> 0.851387).  Saving model ...
  Ep 2: Train 0.4288 | Val 0.7332 | Test 0.0382
Validation loss decreased (0.733161 --> 0.733161).  Saving model ...
  Ep 3: Train 0.3919 | Val 0.6775 | Test 0.0240
Validation loss decreased (0.677531 --> 0.677531).  Saving model ...
  Ep 4: Train 0.3747 | Val 0.7071 | Test 0.0209
EarlyStopping counter: 1 out of 5
  Ep 5: Train 0.3659 | Val 0.6438 | Test 0.0301
Validation loss decreased (0.643814 --> 0.643814).  Saving model ...
  Ep 6: Train 0.3607 | Val 0.6660 | Test 0.0234
EarlyStopping counter: 1 out of 5
  Ep 7: Train 0.3563 | Val 0.6946 | Test 0.0218
EarlyStopping counter: 2 out of 5
  Ep 8: Train 0.3486 | Val 0.6723 | Test 0.0251
EarlyStopping counter: 3 out of 5
  Ep 9: Train 0.3479 | Val 0.7472 | Test 0.0277
EarlyStopping counter: 4 out of 5
  Ep 10: Train 0.3397 | Val 0.7140 | Test 0.0284
EarlyStopping counter: 5 out of 5
Early stopping triggered!
/home/sangukchoi/Stroke_SDA/sda_training.py:615: FutureWarning: You are using `torch.load` with `weights_only=False` (the current default value), which uses the default pickle module implicitly. It is possible to construct malicious pickle data which will execute arbitrary code during unpickling (See https://github.com/pytorch/pytorch/blob/main/SECURITY.md#untrusted-models for more details). In a future release, the default value for `weights_only` will be flipped to `True`. This limits the functions that could be executed during unpickling. Arbitrary objects will no longer be allowed to be loaded via this mode unless they are explicitly allowlisted by the user via `torch.serialization.add_safe_globals`. We recommend you start setting `weights_only=True` for any use case where you don't have full control of the loaded file. Please open an issue on GitHub for any issues related to this experimental feature.
  model.load_state_dict(torch.load(os.path.join(out_dir, 'best_model.pth')))
Final Test MSE (Best Model): 0.0301
Finished. Status: Success
