Starting Run on GPU 2
Time: 2025-12-25 05:25:37

[Run Start] Subject S013 | Mode ['SDA'] | Params: L2.5_LS1.0_LR0.0001_E256_D128_Dr0.3

[Fold 1 - SDA] Train: ['S013_T003', 'S013_T006'], Test: S013_T002, Norm: fixed
/home/sangukchoi/.conda/envs/torch_gpu/lib/python3.10/site-packages/torch/nn/modules/rnn.py:123: UserWarning: dropout option adds dropout after all but last recurrent layer, so non-zero dropout expects num_layers greater than 1, but got dropout=0.3 and num_layers=1
  warnings.warn(
  Ep 1: Train 0.5094 | Val 0.6707 | Test 0.0238
Validation loss decreased (0.670713 --> 0.670713).  Saving model ...
  Ep 2: Train 0.3409 | Val 0.5700 | Test 0.0247
Validation loss decreased (0.569963 --> 0.569963).  Saving model ...
  Ep 3: Train 0.3135 | Val 0.6020 | Test 0.0327
EarlyStopping counter: 1 out of 5
  Ep 4: Train 0.3007 | Val 0.5561 | Test 0.0261
Validation loss decreased (0.556085 --> 0.556085).  Saving model ...
  Ep 5: Train 0.2965 | Val 0.5823 | Test 0.0324
EarlyStopping counter: 1 out of 5
  Ep 6: Train 0.2941 | Val 0.6318 | Test 0.0233
EarlyStopping counter: 2 out of 5
  Ep 7: Train 0.2897 | Val 0.5506 | Test 0.0296
Validation loss decreased (0.550596 --> 0.550596).  Saving model ...
  Ep 8: Train 0.2776 | Val 0.6106 | Test 0.0345
EarlyStopping counter: 1 out of 5
  Ep 9: Train 0.2805 | Val 0.5734 | Test 0.0273
EarlyStopping counter: 2 out of 5
  Ep 10: Train 0.2766 | Val 0.5533 | Test 0.0273
EarlyStopping counter: 3 out of 5
  Ep 11: Train 0.2798 | Val 0.5346 | Test 0.0270
Validation loss decreased (0.534613 --> 0.534613).  Saving model ...
  Ep 12: Train 0.2604 | Val 0.6253 | Test 0.0251
EarlyStopping counter: 1 out of 5
  Ep 13: Train 0.2595 | Val 0.6206 | Test 0.0246
EarlyStopping counter: 2 out of 5
  Ep 14: Train 0.2596 | Val 0.5575 | Test 0.0271
EarlyStopping counter: 3 out of 5
  Ep 15: Train 0.2568 | Val 0.6037 | Test 0.0404
EarlyStopping counter: 4 out of 5
  Ep 16: Train 0.2464 | Val 0.5550 | Test 0.0284
EarlyStopping counter: 5 out of 5
Early stopping triggered!
/home/sangukchoi/Stroke_SDA/sda_training.py:615: FutureWarning: You are using `torch.load` with `weights_only=False` (the current default value), which uses the default pickle module implicitly. It is possible to construct malicious pickle data which will execute arbitrary code during unpickling (See https://github.com/pytorch/pytorch/blob/main/SECURITY.md#untrusted-models for more details). In a future release, the default value for `weights_only` will be flipped to `True`. This limits the functions that could be executed during unpickling. Arbitrary objects will no longer be allowed to be loaded via this mode unless they are explicitly allowlisted by the user via `torch.serialization.add_safe_globals`. We recommend you start setting `weights_only=True` for any use case where you don't have full control of the loaded file. Please open an issue on GitHub for any issues related to this experimental feature.
  model.load_state_dict(torch.load(os.path.join(out_dir, 'best_model.pth')))
Final Test MSE (Best Model): 0.0270
Finished. Status: Success
