Starting Run on GPU 1
Time: 2025-12-25 03:58:58

[Run Start] Subject S013 | Mode ['SDA'] | Params: L0.5_LS1.0_LR0.0001_E64_D32_Dr0.3

[Fold 1 - SDA] Train: ['S013_T003', 'S013_T006'], Test: S013_T002, Norm: fixed
/home/sangukchoi/.conda/envs/torch_gpu/lib/python3.10/site-packages/torch/nn/modules/rnn.py:123: UserWarning: dropout option adds dropout after all but last recurrent layer, so non-zero dropout expects num_layers greater than 1, but got dropout=0.3 and num_layers=1
  warnings.warn(
  Ep 1: Train 0.3871 | Val 0.2101 | Test 0.0211
Validation loss decreased (0.210075 --> 0.210075).  Saving model ...
  Ep 2: Train 0.1304 | Val 0.1476 | Test 0.0312
Validation loss decreased (0.147569 --> 0.147569).  Saving model ...
  Ep 3: Train 0.1040 | Val 0.1401 | Test 0.0400
Validation loss decreased (0.140054 --> 0.140054).  Saving model ...
  Ep 4: Train 0.0965 | Val 0.1276 | Test 0.0471
Validation loss decreased (0.127609 --> 0.127609).  Saving model ...
  Ep 5: Train 0.0931 | Val 0.1279 | Test 0.0563
EarlyStopping counter: 1 out of 5
  Ep 6: Train 0.0910 | Val 0.1370 | Test 0.0573
EarlyStopping counter: 2 out of 5
  Ep 7: Train 0.0879 | Val 0.1372 | Test 0.0573
EarlyStopping counter: 3 out of 5
  Ep 8: Train 0.0883 | Val 0.1288 | Test 0.0578
EarlyStopping counter: 4 out of 5
  Ep 9: Train 0.0862 | Val 0.1261 | Test 0.0521
Validation loss decreased (0.126053 --> 0.126053).  Saving model ...
  Ep 10: Train 0.0857 | Val 0.1296 | Test 0.0496
EarlyStopping counter: 1 out of 5
  Ep 11: Train 0.0843 | Val 0.1236 | Test 0.0447
Validation loss decreased (0.123639 --> 0.123639).  Saving model ...
  Ep 12: Train 0.0831 | Val 0.1267 | Test 0.0508
EarlyStopping counter: 1 out of 5
  Ep 13: Train 0.0827 | Val 0.1254 | Test 0.0446
EarlyStopping counter: 2 out of 5
  Ep 14: Train 0.0818 | Val 0.1208 | Test 0.0431
Validation loss decreased (0.120786 --> 0.120786).  Saving model ...
  Ep 15: Train 0.0808 | Val 0.1258 | Test 0.0432
EarlyStopping counter: 1 out of 5
  Ep 16: Train 0.0811 | Val 0.1262 | Test 0.0443
EarlyStopping counter: 2 out of 5
  Ep 17: Train 0.0808 | Val 0.1245 | Test 0.0460
EarlyStopping counter: 3 out of 5
  Ep 18: Train 0.0793 | Val 0.1213 | Test 0.0469
EarlyStopping counter: 4 out of 5
  Ep 19: Train 0.0788 | Val 0.1215 | Test 0.0478
EarlyStopping counter: 5 out of 5
Early stopping triggered!
/home/sangukchoi/Stroke_SDA/sda_training.py:615: FutureWarning: You are using `torch.load` with `weights_only=False` (the current default value), which uses the default pickle module implicitly. It is possible to construct malicious pickle data which will execute arbitrary code during unpickling (See https://github.com/pytorch/pytorch/blob/main/SECURITY.md#untrusted-models for more details). In a future release, the default value for `weights_only` will be flipped to `True`. This limits the functions that could be executed during unpickling. Arbitrary objects will no longer be allowed to be loaded via this mode unless they are explicitly allowlisted by the user via `torch.serialization.add_safe_globals`. We recommend you start setting `weights_only=True` for any use case where you don't have full control of the loaded file. Please open an issue on GitHub for any issues related to this experimental feature.
  model.load_state_dict(torch.load(os.path.join(out_dir, 'best_model.pth')))
Final Test MSE (Best Model): 0.0431
Finished. Status: Success
