Starting Run on GPU 3
Time: 2025-12-25 04:25:46

[Run Start] Subject S013 | Mode ['SDA'] | Params: L1.0_LS1.0_LR0.0001_E256_D32_Dr0.3

[Fold 1 - SDA] Train: ['S013_T003', 'S013_T006'], Test: S013_T002, Norm: fixed
/home/sangukchoi/.conda/envs/torch_gpu/lib/python3.10/site-packages/torch/nn/modules/rnn.py:123: UserWarning: dropout option adds dropout after all but last recurrent layer, so non-zero dropout expects num_layers greater than 1, but got dropout=0.3 and num_layers=1
  warnings.warn(
  Ep 1: Train 0.2875 | Val 0.2674 | Test 0.0175
Validation loss decreased (0.267400 --> 0.267400).  Saving model ...
  Ep 2: Train 0.1545 | Val 0.2435 | Test 0.0244
Validation loss decreased (0.243511 --> 0.243511).  Saving model ...
  Ep 3: Train 0.1415 | Val 0.2385 | Test 0.0210
Validation loss decreased (0.238490 --> 0.238490).  Saving model ...
  Ep 4: Train 0.1384 | Val 0.2830 | Test 0.0252
EarlyStopping counter: 1 out of 5
  Ep 5: Train 0.1296 | Val 0.2525 | Test 0.0225
EarlyStopping counter: 2 out of 5
  Ep 6: Train 0.1284 | Val 0.2463 | Test 0.0299
EarlyStopping counter: 3 out of 5
  Ep 7: Train 0.1239 | Val 0.2530 | Test 0.0304
EarlyStopping counter: 4 out of 5
  Ep 8: Train 0.1227 | Val 0.2502 | Test 0.0281
EarlyStopping counter: 5 out of 5
Early stopping triggered!
/home/sangukchoi/Stroke_SDA/sda_training.py:615: FutureWarning: You are using `torch.load` with `weights_only=False` (the current default value), which uses the default pickle module implicitly. It is possible to construct malicious pickle data which will execute arbitrary code during unpickling (See https://github.com/pytorch/pytorch/blob/main/SECURITY.md#untrusted-models for more details). In a future release, the default value for `weights_only` will be flipped to `True`. This limits the functions that could be executed during unpickling. Arbitrary objects will no longer be allowed to be loaded via this mode unless they are explicitly allowlisted by the user via `torch.serialization.add_safe_globals`. We recommend you start setting `weights_only=True` for any use case where you don't have full control of the loaded file. Please open an issue on GitHub for any issues related to this experimental feature.
  model.load_state_dict(torch.load(os.path.join(out_dir, 'best_model.pth')))
Final Test MSE (Best Model): 0.0210
Finished. Status: Success
