Starting Run on GPU 1
Time: 2025-12-25 04:04:07

[Run Start] Subject S013 | Mode ['SDA'] | Params: L0.5_LS1.0_LR0.0001_E128_D64_Dr0.3

[Fold 1 - SDA] Train: ['S013_T003', 'S013_T006'], Test: S013_T002, Norm: fixed
/home/sangukchoi/.conda/envs/torch_gpu/lib/python3.10/site-packages/torch/nn/modules/rnn.py:123: UserWarning: dropout option adds dropout after all but last recurrent layer, so non-zero dropout expects num_layers greater than 1, but got dropout=0.3 and num_layers=1
  warnings.warn(
  Ep 1: Train 0.2703 | Val 0.1711 | Test 0.0328
Validation loss decreased (0.171064 --> 0.171064).  Saving model ...
  Ep 2: Train 0.1142 | Val 0.1508 | Test 0.0438
Validation loss decreased (0.150760 --> 0.150760).  Saving model ...
  Ep 3: Train 0.0996 | Val 0.1293 | Test 0.0455
Validation loss decreased (0.129316 --> 0.129316).  Saving model ...
  Ep 4: Train 0.0941 | Val 0.1329 | Test 0.0593
EarlyStopping counter: 1 out of 5
  Ep 5: Train 0.0918 | Val 0.1288 | Test 0.0494
Validation loss decreased (0.128804 --> 0.128804).  Saving model ...
  Ep 6: Train 0.0879 | Val 0.1269 | Test 0.0630
Validation loss decreased (0.126947 --> 0.126947).  Saving model ...
  Ep 7: Train 0.0862 | Val 0.1233 | Test 0.0472
Validation loss decreased (0.123299 --> 0.123299).  Saving model ...
  Ep 8: Train 0.0851 | Val 0.1236 | Test 0.0578
EarlyStopping counter: 1 out of 5
  Ep 9: Train 0.0842 | Val 0.1288 | Test 0.0542
EarlyStopping counter: 2 out of 5
  Ep 10: Train 0.0838 | Val 0.1230 | Test 0.0507
EarlyStopping counter: 3 out of 5
  Ep 11: Train 0.0825 | Val 0.1248 | Test 0.0429
EarlyStopping counter: 4 out of 5
  Ep 12: Train 0.0812 | Val 0.1258 | Test 0.0522
EarlyStopping counter: 5 out of 5
Early stopping triggered!
/home/sangukchoi/Stroke_SDA/sda_training.py:615: FutureWarning: You are using `torch.load` with `weights_only=False` (the current default value), which uses the default pickle module implicitly. It is possible to construct malicious pickle data which will execute arbitrary code during unpickling (See https://github.com/pytorch/pytorch/blob/main/SECURITY.md#untrusted-models for more details). In a future release, the default value for `weights_only` will be flipped to `True`. This limits the functions that could be executed during unpickling. Arbitrary objects will no longer be allowed to be loaded via this mode unless they are explicitly allowlisted by the user via `torch.serialization.add_safe_globals`. We recommend you start setting `weights_only=True` for any use case where you don't have full control of the loaded file. Please open an issue on GitHub for any issues related to this experimental feature.
  model.load_state_dict(torch.load(os.path.join(out_dir, 'best_model.pth')))
Final Test MSE (Best Model): 0.0472
Finished. Status: Success
