Starting Run on GPU 1
Time: 2025-12-25 04:58:03

[Run Start] Subject S013 | Mode ['SDA'] | Params: L2.5_LS0.3_LR0.0001_E64_D128_Dr0.3

[Fold 1 - SDA] Train: ['S013_T003', 'S013_T006'], Test: S013_T002, Norm: fixed
/home/sangukchoi/.conda/envs/torch_gpu/lib/python3.10/site-packages/torch/nn/modules/rnn.py:123: UserWarning: dropout option adds dropout after all but last recurrent layer, so non-zero dropout expects num_layers greater than 1, but got dropout=0.3 and num_layers=1
  warnings.warn(
  Ep 1: Train 0.5551 | Val 0.7059 | Test 0.0782
Validation loss decreased (0.705927 --> 0.705927).  Saving model ...
  Ep 2: Train 0.3662 | Val 0.6444 | Test 0.0428
Validation loss decreased (0.644443 --> 0.644443).  Saving model ...
  Ep 3: Train 0.3294 | Val 0.5705 | Test 0.0294
Validation loss decreased (0.570516 --> 0.570516).  Saving model ...
  Ep 4: Train 0.3112 | Val 0.5972 | Test 0.0311
EarlyStopping counter: 1 out of 5
  Ep 5: Train 0.3036 | Val 0.5764 | Test 0.0265
EarlyStopping counter: 2 out of 5
  Ep 6: Train 0.2960 | Val 0.5533 | Test 0.0296
Validation loss decreased (0.553318 --> 0.553318).  Saving model ...
  Ep 7: Train 0.2933 | Val 0.5141 | Test 0.0363
Validation loss decreased (0.514114 --> 0.514114).  Saving model ...
  Ep 8: Train 0.2888 | Val 0.5352 | Test 0.0284
EarlyStopping counter: 1 out of 5
  Ep 9: Train 0.2896 | Val 0.5231 | Test 0.0296
EarlyStopping counter: 2 out of 5
  Ep 10: Train 0.2868 | Val 0.5584 | Test 0.0336
EarlyStopping counter: 3 out of 5
  Ep 11: Train 0.2856 | Val 0.5284 | Test 0.0282
EarlyStopping counter: 4 out of 5
  Ep 12: Train 0.2811 | Val 0.5122 | Test 0.0279
Validation loss decreased (0.512162 --> 0.512162).  Saving model ...
  Ep 13: Train 0.2800 | Val 0.5137 | Test 0.0294
EarlyStopping counter: 1 out of 5
  Ep 14: Train 0.2753 | Val 0.5130 | Test 0.0315
EarlyStopping counter: 2 out of 5
  Ep 15: Train 0.2799 | Val 0.5010 | Test 0.0331
Validation loss decreased (0.500960 --> 0.500960).  Saving model ...
  Ep 16: Train 0.2737 | Val 0.5370 | Test 0.0277
EarlyStopping counter: 1 out of 5
  Ep 17: Train 0.2756 | Val 0.5549 | Test 0.0336
EarlyStopping counter: 2 out of 5
  Ep 18: Train 0.2665 | Val 0.5236 | Test 0.0338
EarlyStopping counter: 3 out of 5
  Ep 19: Train 0.2682 | Val 0.5178 | Test 0.0316
EarlyStopping counter: 4 out of 5
  Ep 20: Train 0.2627 | Val 0.5535 | Test 0.0397
EarlyStopping counter: 5 out of 5
Early stopping triggered!
/home/sangukchoi/Stroke_SDA/sda_training.py:615: FutureWarning: You are using `torch.load` with `weights_only=False` (the current default value), which uses the default pickle module implicitly. It is possible to construct malicious pickle data which will execute arbitrary code during unpickling (See https://github.com/pytorch/pytorch/blob/main/SECURITY.md#untrusted-models for more details). In a future release, the default value for `weights_only` will be flipped to `True`. This limits the functions that could be executed during unpickling. Arbitrary objects will no longer be allowed to be loaded via this mode unless they are explicitly allowlisted by the user via `torch.serialization.add_safe_globals`. We recommend you start setting `weights_only=True` for any use case where you don't have full control of the loaded file. Please open an issue on GitHub for any issues related to this experimental feature.
  model.load_state_dict(torch.load(os.path.join(out_dir, 'best_model.pth')))
Final Test MSE (Best Model): 0.0331
Finished. Status: Success
