Starting Run on GPU 1
Time: 2025-12-25 05:46:55

[Run Start] Subject S013 | Mode ['SDA'] | Params: L3.0_LS0.7_LR0.0001_E128_D128_Dr0.3

[Fold 1 - SDA] Train: ['S013_T003', 'S013_T006'], Test: S013_T002, Norm: fixed
/home/sangukchoi/.conda/envs/torch_gpu/lib/python3.10/site-packages/torch/nn/modules/rnn.py:123: UserWarning: dropout option adds dropout after all but last recurrent layer, so non-zero dropout expects num_layers greater than 1, but got dropout=0.3 and num_layers=1
  warnings.warn(
  Ep 1: Train 0.6370 | Val 0.7849 | Test 0.0438
Validation loss decreased (0.784851 --> 0.784851).  Saving model ...
  Ep 2: Train 0.4082 | Val 0.7068 | Test 0.0282
Validation loss decreased (0.706771 --> 0.706771).  Saving model ...
  Ep 3: Train 0.3829 | Val 0.6998 | Test 0.0288
Validation loss decreased (0.699829 --> 0.699829).  Saving model ...
  Ep 4: Train 0.3584 | Val 0.6929 | Test 0.0324
Validation loss decreased (0.692881 --> 0.692881).  Saving model ...
  Ep 5: Train 0.3576 | Val 0.6412 | Test 0.0281
Validation loss decreased (0.641176 --> 0.641176).  Saving model ...
  Ep 6: Train 0.3511 | Val 0.6597 | Test 0.0334
EarlyStopping counter: 1 out of 5
  Ep 7: Train 0.3491 | Val 0.6464 | Test 0.0317
EarlyStopping counter: 2 out of 5
  Ep 8: Train 0.3422 | Val 0.6049 | Test 0.0405
Validation loss decreased (0.604857 --> 0.604857).  Saving model ...
  Ep 9: Train 0.3419 | Val 0.6398 | Test 0.0351
EarlyStopping counter: 1 out of 5
  Ep 10: Train 0.3464 | Val 0.6507 | Test 0.0370
EarlyStopping counter: 2 out of 5
  Ep 11: Train 0.3415 | Val 0.6712 | Test 0.0329
EarlyStopping counter: 3 out of 5
  Ep 12: Train 0.3409 | Val 0.6382 | Test 0.0373
EarlyStopping counter: 4 out of 5
  Ep 13: Train 0.3409 | Val 0.6175 | Test 0.0359
EarlyStopping counter: 5 out of 5
Early stopping triggered!
/home/sangukchoi/Stroke_SDA/sda_training.py:615: FutureWarning: You are using `torch.load` with `weights_only=False` (the current default value), which uses the default pickle module implicitly. It is possible to construct malicious pickle data which will execute arbitrary code during unpickling (See https://github.com/pytorch/pytorch/blob/main/SECURITY.md#untrusted-models for more details). In a future release, the default value for `weights_only` will be flipped to `True`. This limits the functions that could be executed during unpickling. Arbitrary objects will no longer be allowed to be loaded via this mode unless they are explicitly allowlisted by the user via `torch.serialization.add_safe_globals`. We recommend you start setting `weights_only=True` for any use case where you don't have full control of the loaded file. Please open an issue on GitHub for any issues related to this experimental feature.
  model.load_state_dict(torch.load(os.path.join(out_dir, 'best_model.pth')))
Final Test MSE (Best Model): 0.0405
Finished. Status: Success
