Starting Run on GPU 1
Time: 2025-12-25 05:03:37

[Run Start] Subject S013 | Mode ['SDA'] | Params: L2.5_LS0.5_LR0.0001_E64_D32_Dr0.3

[Fold 1 - SDA] Train: ['S013_T003', 'S013_T006'], Test: S013_T002, Norm: fixed
/home/sangukchoi/.conda/envs/torch_gpu/lib/python3.10/site-packages/torch/nn/modules/rnn.py:123: UserWarning: dropout option adds dropout after all but last recurrent layer, so non-zero dropout expects num_layers greater than 1, but got dropout=0.3 and num_layers=1
  warnings.warn(
  Ep 1: Train 0.7247 | Val 0.7268 | Test 0.0711
Validation loss decreased (0.726798 --> 0.726798).  Saving model ...
  Ep 2: Train 0.3851 | Val 0.6102 | Test 0.0390
Validation loss decreased (0.610174 --> 0.610174).  Saving model ...
  Ep 3: Train 0.3352 | Val 0.5755 | Test 0.0265
Validation loss decreased (0.575527 --> 0.575527).  Saving model ...
  Ep 4: Train 0.3184 | Val 0.5383 | Test 0.0328
Validation loss decreased (0.538292 --> 0.538292).  Saving model ...
  Ep 5: Train 0.3030 | Val 0.5477 | Test 0.0327
EarlyStopping counter: 1 out of 5
  Ep 6: Train 0.3036 | Val 0.5295 | Test 0.0354
Validation loss decreased (0.529461 --> 0.529461).  Saving model ...
  Ep 7: Train 0.2944 | Val 0.4846 | Test 0.0270
Validation loss decreased (0.484566 --> 0.484566).  Saving model ...
  Ep 8: Train 0.2941 | Val 0.5100 | Test 0.0303
EarlyStopping counter: 1 out of 5
  Ep 9: Train 0.2915 | Val 0.4976 | Test 0.0303
EarlyStopping counter: 2 out of 5
  Ep 10: Train 0.2878 | Val 0.5087 | Test 0.0383
EarlyStopping counter: 3 out of 5
  Ep 11: Train 0.2797 | Val 0.5279 | Test 0.0375
EarlyStopping counter: 4 out of 5
  Ep 12: Train 0.2812 | Val 0.4975 | Test 0.0314
EarlyStopping counter: 5 out of 5
Early stopping triggered!
/home/sangukchoi/Stroke_SDA/sda_training.py:615: FutureWarning: You are using `torch.load` with `weights_only=False` (the current default value), which uses the default pickle module implicitly. It is possible to construct malicious pickle data which will execute arbitrary code during unpickling (See https://github.com/pytorch/pytorch/blob/main/SECURITY.md#untrusted-models for more details). In a future release, the default value for `weights_only` will be flipped to `True`. This limits the functions that could be executed during unpickling. Arbitrary objects will no longer be allowed to be loaded via this mode unless they are explicitly allowlisted by the user via `torch.serialization.add_safe_globals`. We recommend you start setting `weights_only=True` for any use case where you don't have full control of the loaded file. Please open an issue on GitHub for any issues related to this experimental feature.
  model.load_state_dict(torch.load(os.path.join(out_dir, 'best_model.pth')))
Final Test MSE (Best Model): 0.0270
Finished. Status: Success
