Starting Run on GPU 1
Time: 2025-12-25 04:49:20

[Run Start] Subject S013 | Mode ['SDA'] | Params: L2.0_LS1.0_LR0.0001_E64_D128_Dr0.3

[Fold 1 - SDA] Train: ['S013_T003', 'S013_T006'], Test: S013_T002, Norm: fixed
/home/sangukchoi/.conda/envs/torch_gpu/lib/python3.10/site-packages/torch/nn/modules/rnn.py:123: UserWarning: dropout option adds dropout after all but last recurrent layer, so non-zero dropout expects num_layers greater than 1, but got dropout=0.3 and num_layers=1
  warnings.warn(
  Ep 1: Train 0.6088 | Val 0.5510 | Test 0.0521
Validation loss decreased (0.550969 --> 0.550969).  Saving model ...
  Ep 2: Train 0.3308 | Val 0.5108 | Test 0.0273
Validation loss decreased (0.510770 --> 0.510770).  Saving model ...
  Ep 3: Train 0.2949 | Val 0.4571 | Test 0.0280
Validation loss decreased (0.457106 --> 0.457106).  Saving model ...
  Ep 4: Train 0.2889 | Val 0.4493 | Test 0.0309
Validation loss decreased (0.449322 --> 0.449322).  Saving model ...
  Ep 5: Train 0.2754 | Val 0.4670 | Test 0.0362
EarlyStopping counter: 1 out of 5
  Ep 6: Train 0.2703 | Val 0.4643 | Test 0.0411
EarlyStopping counter: 2 out of 5
  Ep 7: Train 0.2703 | Val 0.4168 | Test 0.0335
Validation loss decreased (0.416819 --> 0.416819).  Saving model ...
  Ep 8: Train 0.2661 | Val 0.4241 | Test 0.0395
EarlyStopping counter: 1 out of 5
  Ep 9: Train 0.2623 | Val 0.4320 | Test 0.0380
EarlyStopping counter: 2 out of 5
  Ep 10: Train 0.2659 | Val 0.4288 | Test 0.0387
EarlyStopping counter: 3 out of 5
  Ep 11: Train 0.2579 | Val 0.4311 | Test 0.0362
EarlyStopping counter: 4 out of 5
  Ep 12: Train 0.2594 | Val 0.4511 | Test 0.0474
EarlyStopping counter: 5 out of 5
Early stopping triggered!
/home/sangukchoi/Stroke_SDA/sda_training.py:615: FutureWarning: You are using `torch.load` with `weights_only=False` (the current default value), which uses the default pickle module implicitly. It is possible to construct malicious pickle data which will execute arbitrary code during unpickling (See https://github.com/pytorch/pytorch/blob/main/SECURITY.md#untrusted-models for more details). In a future release, the default value for `weights_only` will be flipped to `True`. This limits the functions that could be executed during unpickling. Arbitrary objects will no longer be allowed to be loaded via this mode unless they are explicitly allowlisted by the user via `torch.serialization.add_safe_globals`. We recommend you start setting `weights_only=True` for any use case where you don't have full control of the loaded file. Please open an issue on GitHub for any issues related to this experimental feature.
  model.load_state_dict(torch.load(os.path.join(out_dir, 'best_model.pth')))
Final Test MSE (Best Model): 0.0335
Finished. Status: Success
