Starting Run on GPU 0
Time: 2025-12-25 05:16:58

[Run Start] Subject S013 | Mode ['SDA'] | Params: L2.5_LS0.7_LR0.0001_E256_D64_Dr0.3

[Fold 1 - SDA] Train: ['S013_T003', 'S013_T006'], Test: S013_T002, Norm: fixed
/home/sangukchoi/.conda/envs/torch_gpu/lib/python3.10/site-packages/torch/nn/modules/rnn.py:123: UserWarning: dropout option adds dropout after all but last recurrent layer, so non-zero dropout expects num_layers greater than 1, but got dropout=0.3 and num_layers=1
  warnings.warn(
  Ep 1: Train 0.4855 | Val 0.7054 | Test 0.0277
Validation loss decreased (0.705374 --> 0.705374).  Saving model ...
  Ep 2: Train 0.3325 | Val 0.6083 | Test 0.0175
Validation loss decreased (0.608260 --> 0.608260).  Saving model ...
  Ep 3: Train 0.2990 | Val 0.5766 | Test 0.0262
Validation loss decreased (0.576629 --> 0.576629).  Saving model ...
  Ep 4: Train 0.2849 | Val 0.5617 | Test 0.0218
Validation loss decreased (0.561748 --> 0.561748).  Saving model ...
  Ep 5: Train 0.2756 | Val 0.5580 | Test 0.0203
Validation loss decreased (0.558028 --> 0.558028).  Saving model ...
  Ep 6: Train 0.2704 | Val 0.5485 | Test 0.0312
Validation loss decreased (0.548507 --> 0.548507).  Saving model ...
  Ep 7: Train 0.2632 | Val 0.5835 | Test 0.0297
EarlyStopping counter: 1 out of 5
  Ep 8: Train 0.2581 | Val 0.5885 | Test 0.0273
EarlyStopping counter: 2 out of 5
  Ep 9: Train 0.2468 | Val 0.5917 | Test 0.0242
EarlyStopping counter: 3 out of 5
  Ep 10: Train 0.2415 | Val 0.5628 | Test 0.0269
EarlyStopping counter: 4 out of 5
  Ep 11: Train 0.2404 | Val 0.6188 | Test 0.0282
EarlyStopping counter: 5 out of 5
Early stopping triggered!
/home/sangukchoi/Stroke_SDA/sda_training.py:615: FutureWarning: You are using `torch.load` with `weights_only=False` (the current default value), which uses the default pickle module implicitly. It is possible to construct malicious pickle data which will execute arbitrary code during unpickling (See https://github.com/pytorch/pytorch/blob/main/SECURITY.md#untrusted-models for more details). In a future release, the default value for `weights_only` will be flipped to `True`. This limits the functions that could be executed during unpickling. Arbitrary objects will no longer be allowed to be loaded via this mode unless they are explicitly allowlisted by the user via `torch.serialization.add_safe_globals`. We recommend you start setting `weights_only=True` for any use case where you don't have full control of the loaded file. Please open an issue on GitHub for any issues related to this experimental feature.
  model.load_state_dict(torch.load(os.path.join(out_dir, 'best_model.pth')))
Final Test MSE (Best Model): 0.0312
Finished. Status: Success
