Starting Run on GPU 2
Time: 2025-12-25 05:35:01

[Run Start] Subject S013 | Mode ['SDA'] | Params: L3.0_LS0.5_LR0.0001_E64_D32_Dr0.3

[Fold 1 - SDA] Train: ['S013_T003', 'S013_T006'], Test: S013_T002, Norm: fixed
/home/sangukchoi/.conda/envs/torch_gpu/lib/python3.10/site-packages/torch/nn/modules/rnn.py:123: UserWarning: dropout option adds dropout after all but last recurrent layer, so non-zero dropout expects num_layers greater than 1, but got dropout=0.3 and num_layers=1
  warnings.warn(
  Ep 1: Train 0.7341 | Val 0.9496 | Test 0.0983
Validation loss decreased (0.949574 --> 0.949574).  Saving model ...
  Ep 2: Train 0.4796 | Val 0.8809 | Test 0.0675
Validation loss decreased (0.880889 --> 0.880889).  Saving model ...
  Ep 3: Train 0.4229 | Val 0.7545 | Test 0.0402
Validation loss decreased (0.754543 --> 0.754543).  Saving model ...
  Ep 4: Train 0.3823 | Val 0.6966 | Test 0.0313
Validation loss decreased (0.696558 --> 0.696558).  Saving model ...
  Ep 5: Train 0.3602 | Val 0.6915 | Test 0.0290
Validation loss decreased (0.691457 --> 0.691457).  Saving model ...
  Ep 6: Train 0.3494 | Val 0.6783 | Test 0.0290
Validation loss decreased (0.678324 --> 0.678324).  Saving model ...
  Ep 7: Train 0.3433 | Val 0.6359 | Test 0.0245
Validation loss decreased (0.635892 --> 0.635892).  Saving model ...
  Ep 8: Train 0.3401 | Val 0.6525 | Test 0.0249
EarlyStopping counter: 1 out of 5
  Ep 9: Train 0.3281 | Val 0.6573 | Test 0.0265
EarlyStopping counter: 2 out of 5
  Ep 10: Train 0.3274 | Val 0.6281 | Test 0.0256
Validation loss decreased (0.628093 --> 0.628093).  Saving model ...
  Ep 11: Train 0.3274 | Val 0.6347 | Test 0.0255
EarlyStopping counter: 1 out of 5
  Ep 12: Train 0.3240 | Val 0.6279 | Test 0.0264
EarlyStopping counter: 2 out of 5
  Ep 13: Train 0.3243 | Val 0.6654 | Test 0.0265
EarlyStopping counter: 3 out of 5
  Ep 14: Train 0.3201 | Val 0.6346 | Test 0.0253
EarlyStopping counter: 4 out of 5
  Ep 15: Train 0.3125 | Val 0.6511 | Test 0.0278
EarlyStopping counter: 5 out of 5
Early stopping triggered!
/home/sangukchoi/Stroke_SDA/sda_training.py:615: FutureWarning: You are using `torch.load` with `weights_only=False` (the current default value), which uses the default pickle module implicitly. It is possible to construct malicious pickle data which will execute arbitrary code during unpickling (See https://github.com/pytorch/pytorch/blob/main/SECURITY.md#untrusted-models for more details). In a future release, the default value for `weights_only` will be flipped to `True`. This limits the functions that could be executed during unpickling. Arbitrary objects will no longer be allowed to be loaded via this mode unless they are explicitly allowlisted by the user via `torch.serialization.add_safe_globals`. We recommend you start setting `weights_only=True` for any use case where you don't have full control of the loaded file. Please open an issue on GitHub for any issues related to this experimental feature.
  model.load_state_dict(torch.load(os.path.join(out_dir, 'best_model.pth')))
Final Test MSE (Best Model): 0.0256
Finished. Status: Success
