Starting Run on GPU 3
Time: 2025-12-25 05:40:55

[Run Start] Subject S013 | Mode ['SDA'] | Params: L3.0_LS0.5_LR0.0001_E256_D128_Dr0.3

[Fold 1 - SDA] Train: ['S013_T003', 'S013_T006'], Test: S013_T002, Norm: fixed
/home/sangukchoi/.conda/envs/torch_gpu/lib/python3.10/site-packages/torch/nn/modules/rnn.py:123: UserWarning: dropout option adds dropout after all but last recurrent layer, so non-zero dropout expects num_layers greater than 1, but got dropout=0.3 and num_layers=1
  warnings.warn(
  Ep 1: Train 0.5429 | Val 0.6536 | Test 0.0474
Validation loss decreased (0.653639 --> 0.653639).  Saving model ...
  Ep 2: Train 0.3769 | Val 0.7744 | Test 0.0220
EarlyStopping counter: 1 out of 5
  Ep 3: Train 0.3412 | Val 0.6680 | Test 0.0290
EarlyStopping counter: 2 out of 5
  Ep 4: Train 0.3351 | Val 0.6558 | Test 0.0247
EarlyStopping counter: 3 out of 5
  Ep 5: Train 0.3284 | Val 0.6663 | Test 0.0227
EarlyStopping counter: 4 out of 5
  Ep 6: Train 0.3241 | Val 0.6708 | Test 0.0226
EarlyStopping counter: 5 out of 5
Early stopping triggered!
/home/sangukchoi/Stroke_SDA/sda_training.py:615: FutureWarning: You are using `torch.load` with `weights_only=False` (the current default value), which uses the default pickle module implicitly. It is possible to construct malicious pickle data which will execute arbitrary code during unpickling (See https://github.com/pytorch/pytorch/blob/main/SECURITY.md#untrusted-models for more details). In a future release, the default value for `weights_only` will be flipped to `True`. This limits the functions that could be executed during unpickling. Arbitrary objects will no longer be allowed to be loaded via this mode unless they are explicitly allowlisted by the user via `torch.serialization.add_safe_globals`. We recommend you start setting `weights_only=True` for any use case where you don't have full control of the loaded file. Please open an issue on GitHub for any issues related to this experimental feature.
  model.load_state_dict(torch.load(os.path.join(out_dir, 'best_model.pth')))
Final Test MSE (Best Model): 0.0474
Finished. Status: Success
