Starting Run on GPU 3
Time: 2025-12-25 05:54:08

[Run Start] Subject S013 | Mode ['SDA'] | Params: L3.0_LS1.0_LR0.0001_E128_D64_Dr0.3

[Fold 1 - SDA] Train: ['S013_T003', 'S013_T006'], Test: S013_T002, Norm: fixed
/home/sangukchoi/.conda/envs/torch_gpu/lib/python3.10/site-packages/torch/nn/modules/rnn.py:123: UserWarning: dropout option adds dropout after all but last recurrent layer, so non-zero dropout expects num_layers greater than 1, but got dropout=0.3 and num_layers=1
  warnings.warn(
  Ep 1: Train 0.6963 | Val 0.8737 | Test 0.0476
Validation loss decreased (0.873721 --> 0.873721).  Saving model ...
  Ep 2: Train 0.4322 | Val 0.6762 | Test 0.0450
Validation loss decreased (0.676164 --> 0.676164).  Saving model ...
  Ep 3: Train 0.3850 | Val 0.6793 | Test 0.0325
EarlyStopping counter: 1 out of 5
  Ep 4: Train 0.3596 | Val 0.6631 | Test 0.0328
Validation loss decreased (0.663055 --> 0.663055).  Saving model ...
  Ep 5: Train 0.3461 | Val 0.6583 | Test 0.0290
Validation loss decreased (0.658343 --> 0.658343).  Saving model ...
  Ep 6: Train 0.3461 | Val 0.6722 | Test 0.0271
EarlyStopping counter: 1 out of 5
  Ep 7: Train 0.3420 | Val 0.6702 | Test 0.0254
EarlyStopping counter: 2 out of 5
  Ep 8: Train 0.3303 | Val 0.6115 | Test 0.0304
Validation loss decreased (0.611521 --> 0.611521).  Saving model ...
  Ep 9: Train 0.3390 | Val 0.6722 | Test 0.0251
EarlyStopping counter: 1 out of 5
  Ep 10: Train 0.3224 | Val 0.6420 | Test 0.0309
EarlyStopping counter: 2 out of 5
  Ep 11: Train 0.3227 | Val 0.7608 | Test 0.0252
EarlyStopping counter: 3 out of 5
  Ep 12: Train 0.3083 | Val 0.6700 | Test 0.0249
EarlyStopping counter: 4 out of 5
  Ep 13: Train 0.3062 | Val 0.6606 | Test 0.0274
EarlyStopping counter: 5 out of 5
Early stopping triggered!
/home/sangukchoi/Stroke_SDA/sda_training.py:615: FutureWarning: You are using `torch.load` with `weights_only=False` (the current default value), which uses the default pickle module implicitly. It is possible to construct malicious pickle data which will execute arbitrary code during unpickling (See https://github.com/pytorch/pytorch/blob/main/SECURITY.md#untrusted-models for more details). In a future release, the default value for `weights_only` will be flipped to `True`. This limits the functions that could be executed during unpickling. Arbitrary objects will no longer be allowed to be loaded via this mode unless they are explicitly allowlisted by the user via `torch.serialization.add_safe_globals`. We recommend you start setting `weights_only=True` for any use case where you don't have full control of the loaded file. Please open an issue on GitHub for any issues related to this experimental feature.
  model.load_state_dict(torch.load(os.path.join(out_dir, 'best_model.pth')))
Final Test MSE (Best Model): 0.0304
Finished. Status: Success
