Starting Run on GPU 3
Time: 2025-12-25 05:10:15

[Run Start] Subject S013 | Mode ['SDA'] | Params: L2.5_LS0.5_LR0.0001_E256_D32_Dr0.3

[Fold 1 - SDA] Train: ['S013_T003', 'S013_T006'], Test: S013_T002, Norm: fixed
/home/sangukchoi/.conda/envs/torch_gpu/lib/python3.10/site-packages/torch/nn/modules/rnn.py:123: UserWarning: dropout option adds dropout after all but last recurrent layer, so non-zero dropout expects num_layers greater than 1, but got dropout=0.3 and num_layers=1
  warnings.warn(
  Ep 1: Train 0.4713 | Val 0.5487 | Test 0.0248
Validation loss decreased (0.548741 --> 0.548741).  Saving model ...
  Ep 2: Train 0.2979 | Val 0.5701 | Test 0.0250
EarlyStopping counter: 1 out of 5
  Ep 3: Train 0.2881 | Val 0.5820 | Test 0.0254
EarlyStopping counter: 2 out of 5
  Ep 4: Train 0.2737 | Val 0.5443 | Test 0.0195
Validation loss decreased (0.544299 --> 0.544299).  Saving model ...
  Ep 5: Train 0.2666 | Val 0.5668 | Test 0.0234
EarlyStopping counter: 1 out of 5
  Ep 6: Train 0.2585 | Val 0.5786 | Test 0.0243
EarlyStopping counter: 2 out of 5
  Ep 7: Train 0.2488 | Val 0.5292 | Test 0.0242
Validation loss decreased (0.529202 --> 0.529202).  Saving model ...
  Ep 8: Train 0.2441 | Val 0.6025 | Test 0.0252
EarlyStopping counter: 1 out of 5
  Ep 9: Train 0.2436 | Val 0.5457 | Test 0.0222
EarlyStopping counter: 2 out of 5
  Ep 10: Train 0.2352 | Val 0.6394 | Test 0.0253
EarlyStopping counter: 3 out of 5
  Ep 11: Train 0.2434 | Val 0.5980 | Test 0.0222
EarlyStopping counter: 4 out of 5
  Ep 12: Train 0.2331 | Val 0.6575 | Test 0.0260
EarlyStopping counter: 5 out of 5
Early stopping triggered!
/home/sangukchoi/Stroke_SDA/sda_training.py:615: FutureWarning: You are using `torch.load` with `weights_only=False` (the current default value), which uses the default pickle module implicitly. It is possible to construct malicious pickle data which will execute arbitrary code during unpickling (See https://github.com/pytorch/pytorch/blob/main/SECURITY.md#untrusted-models for more details). In a future release, the default value for `weights_only` will be flipped to `True`. This limits the functions that could be executed during unpickling. Arbitrary objects will no longer be allowed to be loaded via this mode unless they are explicitly allowlisted by the user via `torch.serialization.add_safe_globals`. We recommend you start setting `weights_only=True` for any use case where you don't have full control of the loaded file. Please open an issue on GitHub for any issues related to this experimental feature.
  model.load_state_dict(torch.load(os.path.join(out_dir, 'best_model.pth')))
Final Test MSE (Best Model): 0.0242
Finished. Status: Success
