Starting Run on GPU 2
Time: 2025-12-25 03:48:00

[Run Start] Subject S013 | Mode ['SDA'] | Params: L0.5_LS0.7_LR0.0001_E64_D32_Dr0.3

[Fold 1 - SDA] Train: ['S013_T003', 'S013_T006'], Test: S013_T002, Norm: fixed
/home/sangukchoi/.conda/envs/torch_gpu/lib/python3.10/site-packages/torch/nn/modules/rnn.py:123: UserWarning: dropout option adds dropout after all but last recurrent layer, so non-zero dropout expects num_layers greater than 1, but got dropout=0.3 and num_layers=1
  warnings.warn(
  Ep 1: Train 0.3323 | Val 0.1785 | Test 0.0218
Validation loss decreased (0.178503 --> 0.178503).  Saving model ...
  Ep 2: Train 0.1145 | Val 0.1427 | Test 0.0264
Validation loss decreased (0.142734 --> 0.142734).  Saving model ...
  Ep 3: Train 0.0953 | Val 0.1321 | Test 0.0294
Validation loss decreased (0.132128 --> 0.132128).  Saving model ...
  Ep 4: Train 0.0876 | Val 0.1261 | Test 0.0293
Validation loss decreased (0.126072 --> 0.126072).  Saving model ...
  Ep 5: Train 0.0850 | Val 0.1304 | Test 0.0285
EarlyStopping counter: 1 out of 5
  Ep 6: Train 0.0817 | Val 0.1225 | Test 0.0308
Validation loss decreased (0.122462 --> 0.122462).  Saving model ...
  Ep 7: Train 0.0789 | Val 0.1249 | Test 0.0322
EarlyStopping counter: 1 out of 5
  Ep 8: Train 0.0780 | Val 0.1231 | Test 0.0335
EarlyStopping counter: 2 out of 5
  Ep 9: Train 0.0777 | Val 0.1266 | Test 0.0361
EarlyStopping counter: 3 out of 5
  Ep 10: Train 0.0766 | Val 0.1202 | Test 0.0364
Validation loss decreased (0.120218 --> 0.120218).  Saving model ...
  Ep 11: Train 0.0758 | Val 0.1206 | Test 0.0391
EarlyStopping counter: 1 out of 5
  Ep 12: Train 0.0748 | Val 0.1219 | Test 0.0409
EarlyStopping counter: 2 out of 5
  Ep 13: Train 0.0747 | Val 0.1214 | Test 0.0427
EarlyStopping counter: 3 out of 5
  Ep 14: Train 0.0733 | Val 0.1182 | Test 0.0425
Validation loss decreased (0.118182 --> 0.118182).  Saving model ...
  Ep 15: Train 0.0728 | Val 0.1223 | Test 0.0416
EarlyStopping counter: 1 out of 5
  Ep 16: Train 0.0730 | Val 0.1240 | Test 0.0429
EarlyStopping counter: 2 out of 5
  Ep 17: Train 0.0716 | Val 0.1228 | Test 0.0424
EarlyStopping counter: 3 out of 5
  Ep 18: Train 0.0711 | Val 0.1177 | Test 0.0471
Validation loss decreased (0.117681 --> 0.117681).  Saving model ...
  Ep 19: Train 0.0700 | Val 0.1206 | Test 0.0484
EarlyStopping counter: 1 out of 5
  Ep 20: Train 0.0696 | Val 0.1235 | Test 0.0503
EarlyStopping counter: 2 out of 5
  Ep 21: Train 0.0704 | Val 0.1205 | Test 0.0478
EarlyStopping counter: 3 out of 5
  Ep 22: Train 0.0686 | Val 0.1217 | Test 0.0463
EarlyStopping counter: 4 out of 5
  Ep 23: Train 0.0687 | Val 0.1167 | Test 0.0505
Validation loss decreased (0.116700 --> 0.116700).  Saving model ...
  Ep 24: Train 0.0671 | Val 0.1219 | Test 0.0478
EarlyStopping counter: 1 out of 5
  Ep 25: Train 0.0663 | Val 0.1173 | Test 0.0456
EarlyStopping counter: 2 out of 5
  Ep 26: Train 0.0679 | Val 0.1184 | Test 0.0537
EarlyStopping counter: 3 out of 5
  Ep 27: Train 0.0659 | Val 0.1152 | Test 0.0444
Validation loss decreased (0.115234 --> 0.115234).  Saving model ...
  Ep 28: Train 0.0667 | Val 0.1145 | Test 0.0529
Validation loss decreased (0.114507 --> 0.114507).  Saving model ...
  Ep 29: Train 0.0659 | Val 0.1199 | Test 0.0467
EarlyStopping counter: 1 out of 5
  Ep 30: Train 0.0650 | Val 0.1179 | Test 0.0491
EarlyStopping counter: 2 out of 5
  Ep 31: Train 0.0647 | Val 0.1184 | Test 0.0488
EarlyStopping counter: 3 out of 5
  Ep 32: Train 0.0648 | Val 0.1184 | Test 0.0479
EarlyStopping counter: 4 out of 5
  Ep 33: Train 0.0652 | Val 0.1201 | Test 0.0544
EarlyStopping counter: 5 out of 5
Early stopping triggered!
/home/sangukchoi/Stroke_SDA/sda_training.py:615: FutureWarning: You are using `torch.load` with `weights_only=False` (the current default value), which uses the default pickle module implicitly. It is possible to construct malicious pickle data which will execute arbitrary code during unpickling (See https://github.com/pytorch/pytorch/blob/main/SECURITY.md#untrusted-models for more details). In a future release, the default value for `weights_only` will be flipped to `True`. This limits the functions that could be executed during unpickling. Arbitrary objects will no longer be allowed to be loaded via this mode unless they are explicitly allowlisted by the user via `torch.serialization.add_safe_globals`. We recommend you start setting `weights_only=True` for any use case where you don't have full control of the loaded file. Please open an issue on GitHub for any issues related to this experimental feature.
  model.load_state_dict(torch.load(os.path.join(out_dir, 'best_model.pth')))
Final Test MSE (Best Model): 0.0529
Finished. Status: Success
