Starting Run on GPU 2
Time: 2025-12-25 05:12:12

[Run Start] Subject S013 | Mode ['SDA'] | Params: L2.5_LS0.7_LR0.0001_E64_D32_Dr0.3

[Fold 1 - SDA] Train: ['S013_T003', 'S013_T006'], Test: S013_T002, Norm: fixed
/home/sangukchoi/.conda/envs/torch_gpu/lib/python3.10/site-packages/torch/nn/modules/rnn.py:123: UserWarning: dropout option adds dropout after all but last recurrent layer, so non-zero dropout expects num_layers greater than 1, but got dropout=0.3 and num_layers=1
  warnings.warn(
  Ep 1: Train 0.7080 | Val 0.7147 | Test 0.0667
Validation loss decreased (0.714683 --> 0.714683).  Saving model ...
  Ep 2: Train 0.3886 | Val 0.5723 | Test 0.0302
Validation loss decreased (0.572327 --> 0.572327).  Saving model ...
  Ep 3: Train 0.3390 | Val 0.5690 | Test 0.0254
Validation loss decreased (0.568967 --> 0.568967).  Saving model ...
  Ep 4: Train 0.3195 | Val 0.5504 | Test 0.0246
Validation loss decreased (0.550375 --> 0.550375).  Saving model ...
  Ep 5: Train 0.3089 | Val 0.5508 | Test 0.0227
EarlyStopping counter: 1 out of 5
  Ep 6: Train 0.3083 | Val 0.5304 | Test 0.0238
Validation loss decreased (0.530407 --> 0.530407).  Saving model ...
  Ep 7: Train 0.2990 | Val 0.5498 | Test 0.0238
EarlyStopping counter: 1 out of 5
  Ep 8: Train 0.3013 | Val 0.5082 | Test 0.0265
Validation loss decreased (0.508167 --> 0.508167).  Saving model ...
  Ep 9: Train 0.2896 | Val 0.4889 | Test 0.0233
Validation loss decreased (0.488945 --> 0.488945).  Saving model ...
  Ep 10: Train 0.2936 | Val 0.5022 | Test 0.0214
EarlyStopping counter: 1 out of 5
  Ep 11: Train 0.2893 | Val 0.5105 | Test 0.0253
EarlyStopping counter: 2 out of 5
  Ep 12: Train 0.2904 | Val 0.5193 | Test 0.0228
EarlyStopping counter: 3 out of 5
  Ep 13: Train 0.2825 | Val 0.5277 | Test 0.0251
EarlyStopping counter: 4 out of 5
  Ep 14: Train 0.2859 | Val 0.5420 | Test 0.0267
EarlyStopping counter: 5 out of 5
Early stopping triggered!
/home/sangukchoi/Stroke_SDA/sda_training.py:615: FutureWarning: You are using `torch.load` with `weights_only=False` (the current default value), which uses the default pickle module implicitly. It is possible to construct malicious pickle data which will execute arbitrary code during unpickling (See https://github.com/pytorch/pytorch/blob/main/SECURITY.md#untrusted-models for more details). In a future release, the default value for `weights_only` will be flipped to `True`. This limits the functions that could be executed during unpickling. Arbitrary objects will no longer be allowed to be loaded via this mode unless they are explicitly allowlisted by the user via `torch.serialization.add_safe_globals`. We recommend you start setting `weights_only=True` for any use case where you don't have full control of the loaded file. Please open an issue on GitHub for any issues related to this experimental feature.
  model.load_state_dict(torch.load(os.path.join(out_dir, 'best_model.pth')))
Final Test MSE (Best Model): 0.0233
Finished. Status: Success
