Starting Run on GPU 2
Time: 2025-12-25 03:56:58

[Run Start] Subject S013 | Mode ['SDA'] | Params: L0.5_LS0.7_LR0.0001_E256_D64_Dr0.3

[Fold 1 - SDA] Train: ['S013_T003', 'S013_T006'], Test: S013_T002, Norm: fixed
/home/sangukchoi/.conda/envs/torch_gpu/lib/python3.10/site-packages/torch/nn/modules/rnn.py:123: UserWarning: dropout option adds dropout after all but last recurrent layer, so non-zero dropout expects num_layers greater than 1, but got dropout=0.3 and num_layers=1
  warnings.warn(
  Ep 1: Train 0.1762 | Val 0.1516 | Test 0.0273
Validation loss decreased (0.151578 --> 0.151578).  Saving model ...
  Ep 2: Train 0.0908 | Val 0.1303 | Test 0.0294
Validation loss decreased (0.130287 --> 0.130287).  Saving model ...
  Ep 3: Train 0.0805 | Val 0.1355 | Test 0.0359
EarlyStopping counter: 1 out of 5
  Ep 4: Train 0.0773 | Val 0.1269 | Test 0.0343
Validation loss decreased (0.126864 --> 0.126864).  Saving model ...
  Ep 5: Train 0.0746 | Val 0.1216 | Test 0.0396
Validation loss decreased (0.121637 --> 0.121637).  Saving model ...
  Ep 6: Train 0.0730 | Val 0.1245 | Test 0.0419
EarlyStopping counter: 1 out of 5
  Ep 7: Train 0.0713 | Val 0.1261 | Test 0.0400
EarlyStopping counter: 2 out of 5
  Ep 8: Train 0.0701 | Val 0.1271 | Test 0.0401
EarlyStopping counter: 3 out of 5
  Ep 9: Train 0.0681 | Val 0.1297 | Test 0.0475
EarlyStopping counter: 4 out of 5
  Ep 10: Train 0.0676 | Val 0.1352 | Test 0.0410
EarlyStopping counter: 5 out of 5
Early stopping triggered!
/home/sangukchoi/Stroke_SDA/sda_training.py:615: FutureWarning: You are using `torch.load` with `weights_only=False` (the current default value), which uses the default pickle module implicitly. It is possible to construct malicious pickle data which will execute arbitrary code during unpickling (See https://github.com/pytorch/pytorch/blob/main/SECURITY.md#untrusted-models for more details). In a future release, the default value for `weights_only` will be flipped to `True`. This limits the functions that could be executed during unpickling. Arbitrary objects will no longer be allowed to be loaded via this mode unless they are explicitly allowlisted by the user via `torch.serialization.add_safe_globals`. We recommend you start setting `weights_only=True` for any use case where you don't have full control of the loaded file. Please open an issue on GitHub for any issues related to this experimental feature.
  model.load_state_dict(torch.load(os.path.join(out_dir, 'best_model.pth')))
Final Test MSE (Best Model): 0.0396
Finished. Status: Success
