Starting Run on GPU 3
Time: 2025-12-25 04:05:38

[Run Start] Subject S013 | Mode ['SDA'] | Params: L0.5_LS1.0_LR0.0001_E256_D32_Dr0.3

[Fold 1 - SDA] Train: ['S013_T003', 'S013_T006'], Test: S013_T002, Norm: fixed
/home/sangukchoi/.conda/envs/torch_gpu/lib/python3.10/site-packages/torch/nn/modules/rnn.py:123: UserWarning: dropout option adds dropout after all but last recurrent layer, so non-zero dropout expects num_layers greater than 1, but got dropout=0.3 and num_layers=1
  warnings.warn(
  Ep 1: Train 0.2074 | Val 0.1659 | Test 0.0182
Validation loss decreased (0.165881 --> 0.165881).  Saving model ...
  Ep 2: Train 0.1044 | Val 0.1426 | Test 0.0269
Validation loss decreased (0.142611 --> 0.142611).  Saving model ...
  Ep 3: Train 0.0933 | Val 0.1366 | Test 0.0287
Validation loss decreased (0.136576 --> 0.136576).  Saving model ...
  Ep 4: Train 0.0895 | Val 0.1227 | Test 0.0319
Validation loss decreased (0.122687 --> 0.122687).  Saving model ...
  Ep 5: Train 0.0838 | Val 0.1285 | Test 0.0339
EarlyStopping counter: 1 out of 5
  Ep 6: Train 0.0825 | Val 0.1260 | Test 0.0371
EarlyStopping counter: 2 out of 5
  Ep 7: Train 0.0802 | Val 0.1349 | Test 0.0469
EarlyStopping counter: 3 out of 5
  Ep 8: Train 0.0789 | Val 0.1293 | Test 0.0441
EarlyStopping counter: 4 out of 5
  Ep 9: Train 0.0778 | Val 0.1308 | Test 0.0372
EarlyStopping counter: 5 out of 5
Early stopping triggered!
/home/sangukchoi/Stroke_SDA/sda_training.py:615: FutureWarning: You are using `torch.load` with `weights_only=False` (the current default value), which uses the default pickle module implicitly. It is possible to construct malicious pickle data which will execute arbitrary code during unpickling (See https://github.com/pytorch/pytorch/blob/main/SECURITY.md#untrusted-models for more details). In a future release, the default value for `weights_only` will be flipped to `True`. This limits the functions that could be executed during unpickling. Arbitrary objects will no longer be allowed to be loaded via this mode unless they are explicitly allowlisted by the user via `torch.serialization.add_safe_globals`. We recommend you start setting `weights_only=True` for any use case where you don't have full control of the loaded file. Please open an issue on GitHub for any issues related to this experimental feature.
  model.load_state_dict(torch.load(os.path.join(out_dir, 'best_model.pth')))
Final Test MSE (Best Model): 0.0319
Finished. Status: Success
