Starting Run on GPU 1
Time: 2025-12-25 05:06:55

[Run Start] Subject S013 | Mode ['SDA'] | Params: L2.5_LS0.5_LR0.0001_E64_D128_Dr0.3

[Fold 1 - SDA] Train: ['S013_T003', 'S013_T006'], Test: S013_T002, Norm: fixed
/home/sangukchoi/.conda/envs/torch_gpu/lib/python3.10/site-packages/torch/nn/modules/rnn.py:123: UserWarning: dropout option adds dropout after all but last recurrent layer, so non-zero dropout expects num_layers greater than 1, but got dropout=0.3 and num_layers=1
  warnings.warn(
  Ep 1: Train 0.6348 | Val 0.6459 | Test 0.0540
Validation loss decreased (0.645923 --> 0.645923).  Saving model ...
  Ep 2: Train 0.3731 | Val 0.5776 | Test 0.0337
Validation loss decreased (0.577644 --> 0.577644).  Saving model ...
  Ep 3: Train 0.3323 | Val 0.5886 | Test 0.0303
EarlyStopping counter: 1 out of 5
  Ep 4: Train 0.3196 | Val 0.5772 | Test 0.0316
EarlyStopping counter: 2 out of 5
  Ep 5: Train 0.3124 | Val 0.5338 | Test 0.0281
Validation loss decreased (0.533775 --> 0.533775).  Saving model ...
  Ep 6: Train 0.3048 | Val 0.5353 | Test 0.0300
EarlyStopping counter: 1 out of 5
  Ep 7: Train 0.3056 | Val 0.4891 | Test 0.0286
Validation loss decreased (0.489062 --> 0.489062).  Saving model ...
  Ep 8: Train 0.2978 | Val 0.4806 | Test 0.0220
Validation loss decreased (0.480610 --> 0.480610).  Saving model ...
  Ep 9: Train 0.2893 | Val 0.5396 | Test 0.0243
EarlyStopping counter: 1 out of 5
  Ep 10: Train 0.2909 | Val 0.4665 | Test 0.0253
Validation loss decreased (0.466476 --> 0.466476).  Saving model ...
  Ep 11: Train 0.2894 | Val 0.5128 | Test 0.0235
EarlyStopping counter: 1 out of 5
  Ep 12: Train 0.2889 | Val 0.4901 | Test 0.0218
EarlyStopping counter: 2 out of 5
  Ep 13: Train 0.2800 | Val 0.4538 | Test 0.0252
Validation loss decreased (0.453766 --> 0.453766).  Saving model ...
  Ep 14: Train 0.2759 | Val 0.4875 | Test 0.0267
EarlyStopping counter: 1 out of 5
  Ep 15: Train 0.2775 | Val 0.4773 | Test 0.0263
EarlyStopping counter: 2 out of 5
  Ep 16: Train 0.2754 | Val 0.4724 | Test 0.0223
EarlyStopping counter: 3 out of 5
  Ep 17: Train 0.2697 | Val 0.4605 | Test 0.0242
EarlyStopping counter: 4 out of 5
  Ep 18: Train 0.2728 | Val 0.4726 | Test 0.0279
EarlyStopping counter: 5 out of 5
Early stopping triggered!
/home/sangukchoi/Stroke_SDA/sda_training.py:615: FutureWarning: You are using `torch.load` with `weights_only=False` (the current default value), which uses the default pickle module implicitly. It is possible to construct malicious pickle data which will execute arbitrary code during unpickling (See https://github.com/pytorch/pytorch/blob/main/SECURITY.md#untrusted-models for more details). In a future release, the default value for `weights_only` will be flipped to `True`. This limits the functions that could be executed during unpickling. Arbitrary objects will no longer be allowed to be loaded via this mode unless they are explicitly allowlisted by the user via `torch.serialization.add_safe_globals`. We recommend you start setting `weights_only=True` for any use case where you don't have full control of the loaded file. Please open an issue on GitHub for any issues related to this experimental feature.
  model.load_state_dict(torch.load(os.path.join(out_dir, 'best_model.pth')))
Final Test MSE (Best Model): 0.0252
Finished. Status: Success
