Starting Run on GPU 0
Time: 2025-12-25 04:14:56

[Run Start] Subject S013 | Mode ['SDA'] | Params: L1.0_LS0.7_LR0.0001_E128_D128_Dr0.3

[Fold 1 - SDA] Train: ['S013_T003', 'S013_T006'], Test: S013_T002, Norm: fixed
/home/sangukchoi/.conda/envs/torch_gpu/lib/python3.10/site-packages/torch/nn/modules/rnn.py:123: UserWarning: dropout option adds dropout after all but last recurrent layer, so non-zero dropout expects num_layers greater than 1, but got dropout=0.3 and num_layers=1
  warnings.warn(
  Ep 1: Train 0.2999 | Val 0.2744 | Test 0.0245
Validation loss decreased (0.274381 --> 0.274381).  Saving model ...
  Ep 2: Train 0.1595 | Val 0.2488 | Test 0.0368
Validation loss decreased (0.248844 --> 0.248844).  Saving model ...
  Ep 3: Train 0.1402 | Val 0.2341 | Test 0.0359
Validation loss decreased (0.234114 --> 0.234114).  Saving model ...
  Ep 4: Train 0.1358 | Val 0.2378 | Test 0.0568
EarlyStopping counter: 1 out of 5
  Ep 5: Train 0.1305 | Val 0.2293 | Test 0.0452
Validation loss decreased (0.229335 --> 0.229335).  Saving model ...
  Ep 6: Train 0.1278 | Val 0.2538 | Test 0.0362
EarlyStopping counter: 1 out of 5
  Ep 7: Train 0.1268 | Val 0.2433 | Test 0.0429
EarlyStopping counter: 2 out of 5
  Ep 8: Train 0.1239 | Val 0.2535 | Test 0.0398
EarlyStopping counter: 3 out of 5
  Ep 9: Train 0.1222 | Val 0.2312 | Test 0.0447
EarlyStopping counter: 4 out of 5
  Ep 10: Train 0.1205 | Val 0.2297 | Test 0.0413
EarlyStopping counter: 5 out of 5
Early stopping triggered!
/home/sangukchoi/Stroke_SDA/sda_training.py:615: FutureWarning: You are using `torch.load` with `weights_only=False` (the current default value), which uses the default pickle module implicitly. It is possible to construct malicious pickle data which will execute arbitrary code during unpickling (See https://github.com/pytorch/pytorch/blob/main/SECURITY.md#untrusted-models for more details). In a future release, the default value for `weights_only` will be flipped to `True`. This limits the functions that could be executed during unpickling. Arbitrary objects will no longer be allowed to be loaded via this mode unless they are explicitly allowlisted by the user via `torch.serialization.add_safe_globals`. We recommend you start setting `weights_only=True` for any use case where you don't have full control of the loaded file. Please open an issue on GitHub for any issues related to this experimental feature.
  model.load_state_dict(torch.load(os.path.join(out_dir, 'best_model.pth')))
Final Test MSE (Best Model): 0.0452
Finished. Status: Success
