Starting Run on GPU 3
Time: 2025-12-25 04:53:35

[Run Start] Subject S013 | Mode ['SDA'] | Params: L2.0_LS1.0_LR0.0001_E256_D64_Dr0.3

[Fold 1 - SDA] Train: ['S013_T003', 'S013_T006'], Test: S013_T002, Norm: fixed
/home/sangukchoi/.conda/envs/torch_gpu/lib/python3.10/site-packages/torch/nn/modules/rnn.py:123: UserWarning: dropout option adds dropout after all but last recurrent layer, so non-zero dropout expects num_layers greater than 1, but got dropout=0.3 and num_layers=1
  warnings.warn(
  Ep 1: Train 0.4265 | Val 0.5413 | Test 0.0214
Validation loss decreased (0.541296 --> 0.541296).  Saving model ...
  Ep 2: Train 0.2732 | Val 0.4692 | Test 0.0202
Validation loss decreased (0.469175 --> 0.469175).  Saving model ...
  Ep 3: Train 0.2499 | Val 0.4330 | Test 0.0209
Validation loss decreased (0.432960 --> 0.432960).  Saving model ...
  Ep 4: Train 0.2413 | Val 0.4566 | Test 0.0220
EarlyStopping counter: 1 out of 5
  Ep 5: Train 0.2362 | Val 0.4442 | Test 0.0324
EarlyStopping counter: 2 out of 5
  Ep 6: Train 0.2329 | Val 0.5015 | Test 0.0230
EarlyStopping counter: 3 out of 5
  Ep 7: Train 0.2211 | Val 0.4450 | Test 0.0234
EarlyStopping counter: 4 out of 5
  Ep 8: Train 0.2171 | Val 0.4607 | Test 0.0321
EarlyStopping counter: 5 out of 5
Early stopping triggered!
/home/sangukchoi/Stroke_SDA/sda_training.py:615: FutureWarning: You are using `torch.load` with `weights_only=False` (the current default value), which uses the default pickle module implicitly. It is possible to construct malicious pickle data which will execute arbitrary code during unpickling (See https://github.com/pytorch/pytorch/blob/main/SECURITY.md#untrusted-models for more details). In a future release, the default value for `weights_only` will be flipped to `True`. This limits the functions that could be executed during unpickling. Arbitrary objects will no longer be allowed to be loaded via this mode unless they are explicitly allowlisted by the user via `torch.serialization.add_safe_globals`. We recommend you start setting `weights_only=True` for any use case where you don't have full control of the loaded file. Please open an issue on GitHub for any issues related to this experimental feature.
  model.load_state_dict(torch.load(os.path.join(out_dir, 'best_model.pth')))
Final Test MSE (Best Model): 0.0209
Finished. Status: Success
