Starting Run on GPU 3
Time: 2025-12-25 04:28:39

[Run Start] Subject S013 | Mode ['SDA'] | Params: L1.5_LS0.7_LR0.0001_E64_D64_Dr0.3

[Fold 1 - SDA] Train: ['S013_T003', 'S013_T006'], Test: S013_T002, Norm: fixed
/home/sangukchoi/.conda/envs/torch_gpu/lib/python3.10/site-packages/torch/nn/modules/rnn.py:123: UserWarning: dropout option adds dropout after all but last recurrent layer, so non-zero dropout expects num_layers greater than 1, but got dropout=0.3 and num_layers=1
  warnings.warn(
  Ep 1: Train 0.5081 | Val 0.4481 | Test 0.0423
Validation loss decreased (0.448076 --> 0.448076).  Saving model ...
  Ep 2: Train 0.2506 | Val 0.3456 | Test 0.0197
Validation loss decreased (0.345644 --> 0.345644).  Saving model ...
  Ep 3: Train 0.2154 | Val 0.3419 | Test 0.0279
Validation loss decreased (0.341931 --> 0.341931).  Saving model ...
  Ep 4: Train 0.2054 | Val 0.3410 | Test 0.0369
Validation loss decreased (0.340993 --> 0.340993).  Saving model ...
  Ep 5: Train 0.2009 | Val 0.3123 | Test 0.0422
Validation loss decreased (0.312349 --> 0.312349).  Saving model ...
  Ep 6: Train 0.1987 | Val 0.3098 | Test 0.0415
Validation loss decreased (0.309762 --> 0.309762).  Saving model ...
  Ep 7: Train 0.1973 | Val 0.3123 | Test 0.0445
EarlyStopping counter: 1 out of 5
  Ep 8: Train 0.1982 | Val 0.3280 | Test 0.0411
EarlyStopping counter: 2 out of 5
  Ep 9: Train 0.1911 | Val 0.3843 | Test 0.0436
EarlyStopping counter: 3 out of 5
  Ep 10: Train 0.1941 | Val 0.3329 | Test 0.0433
EarlyStopping counter: 4 out of 5
  Ep 11: Train 0.1935 | Val 0.3273 | Test 0.0500
EarlyStopping counter: 5 out of 5
Early stopping triggered!
/home/sangukchoi/Stroke_SDA/sda_training.py:615: FutureWarning: You are using `torch.load` with `weights_only=False` (the current default value), which uses the default pickle module implicitly. It is possible to construct malicious pickle data which will execute arbitrary code during unpickling (See https://github.com/pytorch/pytorch/blob/main/SECURITY.md#untrusted-models for more details). In a future release, the default value for `weights_only` will be flipped to `True`. This limits the functions that could be executed during unpickling. Arbitrary objects will no longer be allowed to be loaded via this mode unless they are explicitly allowlisted by the user via `torch.serialization.add_safe_globals`. We recommend you start setting `weights_only=True` for any use case where you don't have full control of the loaded file. Please open an issue on GitHub for any issues related to this experimental feature.
  model.load_state_dict(torch.load(os.path.join(out_dir, 'best_model.pth')))
Final Test MSE (Best Model): 0.0415
Finished. Status: Success
