Starting Run on GPU 2
Time: 2025-12-25 05:09:06

[Run Start] Subject S013 | Mode ['SDA'] | Params: L2.5_LS0.5_LR0.0001_E128_D128_Dr0.3

[Fold 1 - SDA] Train: ['S013_T003', 'S013_T006'], Test: S013_T002, Norm: fixed
/home/sangukchoi/.conda/envs/torch_gpu/lib/python3.10/site-packages/torch/nn/modules/rnn.py:123: UserWarning: dropout option adds dropout after all but last recurrent layer, so non-zero dropout expects num_layers greater than 1, but got dropout=0.3 and num_layers=1
  warnings.warn(
  Ep 1: Train 0.5221 | Val 0.6327 | Test 0.0640
Validation loss decreased (0.632724 --> 0.632724).  Saving model ...
  Ep 2: Train 0.3562 | Val 0.5943 | Test 0.0284
Validation loss decreased (0.594349 --> 0.594349).  Saving model ...
  Ep 3: Train 0.3179 | Val 0.5512 | Test 0.0290
Validation loss decreased (0.551206 --> 0.551206).  Saving model ...
  Ep 4: Train 0.3055 | Val 0.5413 | Test 0.0280
Validation loss decreased (0.541255 --> 0.541255).  Saving model ...
  Ep 5: Train 0.2906 | Val 0.5044 | Test 0.0248
Validation loss decreased (0.504433 --> 0.504433).  Saving model ...
  Ep 6: Train 0.2844 | Val 0.4733 | Test 0.0335
Validation loss decreased (0.473343 --> 0.473343).  Saving model ...
  Ep 7: Train 0.2810 | Val 0.5589 | Test 0.0276
EarlyStopping counter: 1 out of 5
  Ep 8: Train 0.2804 | Val 0.5379 | Test 0.0326
EarlyStopping counter: 2 out of 5
  Ep 9: Train 0.2754 | Val 0.5612 | Test 0.0250
EarlyStopping counter: 3 out of 5
  Ep 10: Train 0.2760 | Val 0.5440 | Test 0.0262
EarlyStopping counter: 4 out of 5
  Ep 11: Train 0.2740 | Val 0.5767 | Test 0.0247
EarlyStopping counter: 5 out of 5
Early stopping triggered!
/home/sangukchoi/Stroke_SDA/sda_training.py:615: FutureWarning: You are using `torch.load` with `weights_only=False` (the current default value), which uses the default pickle module implicitly. It is possible to construct malicious pickle data which will execute arbitrary code during unpickling (See https://github.com/pytorch/pytorch/blob/main/SECURITY.md#untrusted-models for more details). In a future release, the default value for `weights_only` will be flipped to `True`. This limits the functions that could be executed during unpickling. Arbitrary objects will no longer be allowed to be loaded via this mode unless they are explicitly allowlisted by the user via `torch.serialization.add_safe_globals`. We recommend you start setting `weights_only=True` for any use case where you don't have full control of the loaded file. Please open an issue on GitHub for any issues related to this experimental feature.
  model.load_state_dict(torch.load(os.path.join(out_dir, 'best_model.pth')))
Final Test MSE (Best Model): 0.0335
Finished. Status: Success
