Starting Run on GPU 3
Time: 2025-12-25 03:55:52

[Run Start] Subject S013 | Mode ['SDA'] | Params: L0.5_LS0.7_LR0.0001_E256_D32_Dr0.3

[Fold 1 - SDA] Train: ['S013_T003', 'S013_T006'], Test: S013_T002, Norm: fixed
/home/sangukchoi/.conda/envs/torch_gpu/lib/python3.10/site-packages/torch/nn/modules/rnn.py:123: UserWarning: dropout option adds dropout after all but last recurrent layer, so non-zero dropout expects num_layers greater than 1, but got dropout=0.3 and num_layers=1
  warnings.warn(
  Ep 1: Train 0.1792 | Val 0.1571 | Test 0.0205
Validation loss decreased (0.157077 --> 0.157077).  Saving model ...
  Ep 2: Train 0.0913 | Val 0.1365 | Test 0.0276
Validation loss decreased (0.136542 --> 0.136542).  Saving model ...
  Ep 3: Train 0.0820 | Val 0.1402 | Test 0.0283
EarlyStopping counter: 1 out of 5
  Ep 4: Train 0.0774 | Val 0.1279 | Test 0.0316
Validation loss decreased (0.127932 --> 0.127932).  Saving model ...
  Ep 5: Train 0.0732 | Val 0.1255 | Test 0.0312
Validation loss decreased (0.125517 --> 0.125517).  Saving model ...
  Ep 6: Train 0.0727 | Val 0.1298 | Test 0.0396
EarlyStopping counter: 1 out of 5
  Ep 7: Train 0.0712 | Val 0.1234 | Test 0.0446
Validation loss decreased (0.123383 --> 0.123383).  Saving model ...
  Ep 8: Train 0.0708 | Val 0.1313 | Test 0.0401
EarlyStopping counter: 1 out of 5
  Ep 9: Train 0.0693 | Val 0.1298 | Test 0.0467
EarlyStopping counter: 2 out of 5
  Ep 10: Train 0.0685 | Val 0.1344 | Test 0.0381
EarlyStopping counter: 3 out of 5
  Ep 11: Train 0.0647 | Val 0.1344 | Test 0.0496
EarlyStopping counter: 4 out of 5
  Ep 12: Train 0.0653 | Val 0.1286 | Test 0.0474
EarlyStopping counter: 5 out of 5
Early stopping triggered!
/home/sangukchoi/Stroke_SDA/sda_training.py:615: FutureWarning: You are using `torch.load` with `weights_only=False` (the current default value), which uses the default pickle module implicitly. It is possible to construct malicious pickle data which will execute arbitrary code during unpickling (See https://github.com/pytorch/pytorch/blob/main/SECURITY.md#untrusted-models for more details). In a future release, the default value for `weights_only` will be flipped to `True`. This limits the functions that could be executed during unpickling. Arbitrary objects will no longer be allowed to be loaded via this mode unless they are explicitly allowlisted by the user via `torch.serialization.add_safe_globals`. We recommend you start setting `weights_only=True` for any use case where you don't have full control of the loaded file. Please open an issue on GitHub for any issues related to this experimental feature.
  model.load_state_dict(torch.load(os.path.join(out_dir, 'best_model.pth')))
Final Test MSE (Best Model): 0.0446
Finished. Status: Success
