Starting Run on GPU 2
Time: 2025-12-25 04:34:06

[Run Start] Subject S013 | Mode ['SDA'] | Params: L1.5_LS1.0_LR0.0001_E64_D64_Dr0.3

[Fold 1 - SDA] Train: ['S013_T003', 'S013_T006'], Test: S013_T002, Norm: fixed
/home/sangukchoi/.conda/envs/torch_gpu/lib/python3.10/site-packages/torch/nn/modules/rnn.py:123: UserWarning: dropout option adds dropout after all but last recurrent layer, so non-zero dropout expects num_layers greater than 1, but got dropout=0.3 and num_layers=1
  warnings.warn(
  Ep 1: Train 0.5486 | Val 0.4832 | Test 0.0475
Validation loss decreased (0.483162 --> 0.483162).  Saving model ...
  Ep 2: Train 0.2657 | Val 0.4340 | Test 0.0287
Validation loss decreased (0.433980 --> 0.433980).  Saving model ...
  Ep 3: Train 0.2289 | Val 0.3619 | Test 0.0249
Validation loss decreased (0.361851 --> 0.361851).  Saving model ...
  Ep 4: Train 0.2124 | Val 0.3846 | Test 0.0361
EarlyStopping counter: 1 out of 5
  Ep 5: Train 0.2046 | Val 0.3632 | Test 0.0335
EarlyStopping counter: 2 out of 5
  Ep 6: Train 0.2037 | Val 0.3597 | Test 0.0353
Validation loss decreased (0.359651 --> 0.359651).  Saving model ...
  Ep 7: Train 0.2000 | Val 0.3487 | Test 0.0307
Validation loss decreased (0.348687 --> 0.348687).  Saving model ...
  Ep 8: Train 0.1991 | Val 0.3358 | Test 0.0383
Validation loss decreased (0.335831 --> 0.335831).  Saving model ...
  Ep 9: Train 0.1974 | Val 0.3367 | Test 0.0348
EarlyStopping counter: 1 out of 5
  Ep 10: Train 0.1928 | Val 0.3266 | Test 0.0347
Validation loss decreased (0.326613 --> 0.326613).  Saving model ...
  Ep 11: Train 0.1920 | Val 0.3236 | Test 0.0400
Validation loss decreased (0.323639 --> 0.323639).  Saving model ...
  Ep 12: Train 0.1948 | Val 0.3267 | Test 0.0312
EarlyStopping counter: 1 out of 5
  Ep 13: Train 0.1889 | Val 0.3228 | Test 0.0421
Validation loss decreased (0.322784 --> 0.322784).  Saving model ...
  Ep 14: Train 0.1847 | Val 0.3296 | Test 0.0492
EarlyStopping counter: 1 out of 5
  Ep 15: Train 0.1793 | Val 0.3382 | Test 0.0413
EarlyStopping counter: 2 out of 5
  Ep 16: Train 0.1832 | Val 0.3340 | Test 0.0397
EarlyStopping counter: 3 out of 5
  Ep 17: Train 0.1797 | Val 0.3297 | Test 0.0413
EarlyStopping counter: 4 out of 5
  Ep 18: Train 0.1776 | Val 0.3259 | Test 0.0436
EarlyStopping counter: 5 out of 5
Early stopping triggered!
/home/sangukchoi/Stroke_SDA/sda_training.py:615: FutureWarning: You are using `torch.load` with `weights_only=False` (the current default value), which uses the default pickle module implicitly. It is possible to construct malicious pickle data which will execute arbitrary code during unpickling (See https://github.com/pytorch/pytorch/blob/main/SECURITY.md#untrusted-models for more details). In a future release, the default value for `weights_only` will be flipped to `True`. This limits the functions that could be executed during unpickling. Arbitrary objects will no longer be allowed to be loaded via this mode unless they are explicitly allowlisted by the user via `torch.serialization.add_safe_globals`. We recommend you start setting `weights_only=True` for any use case where you don't have full control of the loaded file. Please open an issue on GitHub for any issues related to this experimental feature.
  model.load_state_dict(torch.load(os.path.join(out_dir, 'best_model.pth')))
Final Test MSE (Best Model): 0.0421
Finished. Status: Success
