Starting Run on GPU 0
Time: 2025-12-25 05:43:15

[Run Start] Subject S013 | Mode ['SDA'] | Params: L3.0_LS0.7_LR0.0001_E64_D128_Dr0.3

[Fold 1 - SDA] Train: ['S013_T003', 'S013_T006'], Test: S013_T002, Norm: fixed
/home/sangukchoi/.conda/envs/torch_gpu/lib/python3.10/site-packages/torch/nn/modules/rnn.py:123: UserWarning: dropout option adds dropout after all but last recurrent layer, so non-zero dropout expects num_layers greater than 1, but got dropout=0.3 and num_layers=1
  warnings.warn(
  Ep 1: Train 0.7497 | Val 0.7866 | Test 0.0757
Validation loss decreased (0.786587 --> 0.786587).  Saving model ...
  Ep 2: Train 0.4663 | Val 0.6948 | Test 0.0394
Validation loss decreased (0.694782 --> 0.694782).  Saving model ...
  Ep 3: Train 0.4101 | Val 0.6381 | Test 0.0342
Validation loss decreased (0.638064 --> 0.638064).  Saving model ...
  Ep 4: Train 0.3840 | Val 0.6701 | Test 0.0305
EarlyStopping counter: 1 out of 5
  Ep 5: Train 0.3736 | Val 0.6368 | Test 0.0318
Validation loss decreased (0.636783 --> 0.636783).  Saving model ...
  Ep 6: Train 0.3592 | Val 0.5990 | Test 0.0266
Validation loss decreased (0.598998 --> 0.598998).  Saving model ...
  Ep 7: Train 0.3571 | Val 0.5843 | Test 0.0259
Validation loss decreased (0.584320 --> 0.584320).  Saving model ...
  Ep 8: Train 0.3519 | Val 0.6111 | Test 0.0302
EarlyStopping counter: 1 out of 5
  Ep 9: Train 0.3475 | Val 0.6256 | Test 0.0326
EarlyStopping counter: 2 out of 5
  Ep 10: Train 0.3384 | Val 0.6146 | Test 0.0278
EarlyStopping counter: 3 out of 5
  Ep 11: Train 0.3322 | Val 0.5921 | Test 0.0304
EarlyStopping counter: 4 out of 5
  Ep 12: Train 0.3294 | Val 0.6125 | Test 0.0339
EarlyStopping counter: 5 out of 5
Early stopping triggered!
/home/sangukchoi/Stroke_SDA/sda_training.py:615: FutureWarning: You are using `torch.load` with `weights_only=False` (the current default value), which uses the default pickle module implicitly. It is possible to construct malicious pickle data which will execute arbitrary code during unpickling (See https://github.com/pytorch/pytorch/blob/main/SECURITY.md#untrusted-models for more details). In a future release, the default value for `weights_only` will be flipped to `True`. This limits the functions that could be executed during unpickling. Arbitrary objects will no longer be allowed to be loaded via this mode unless they are explicitly allowlisted by the user via `torch.serialization.add_safe_globals`. We recommend you start setting `weights_only=True` for any use case where you don't have full control of the loaded file. Please open an issue on GitHub for any issues related to this experimental feature.
  model.load_state_dict(torch.load(os.path.join(out_dir, 'best_model.pth')))
Final Test MSE (Best Model): 0.0259
Finished. Status: Success
