Starting Run on GPU 0
Time: 2025-12-25 05:24:05

[Run Start] Subject S013 | Mode ['SDA'] | Params: L2.5_LS1.0_LR0.0001_E256_D32_Dr0.3

[Fold 1 - SDA] Train: ['S013_T003', 'S013_T006'], Test: S013_T002, Norm: fixed
/home/sangukchoi/.conda/envs/torch_gpu/lib/python3.10/site-packages/torch/nn/modules/rnn.py:123: UserWarning: dropout option adds dropout after all but last recurrent layer, so non-zero dropout expects num_layers greater than 1, but got dropout=0.3 and num_layers=1
  warnings.warn(
  Ep 1: Train 0.5054 | Val 0.7235 | Test 0.0255
Validation loss decreased (0.723468 --> 0.723468).  Saving model ...
  Ep 2: Train 0.3331 | Val 0.6085 | Test 0.0259
Validation loss decreased (0.608527 --> 0.608527).  Saving model ...
  Ep 3: Train 0.3177 | Val 0.6004 | Test 0.0251
Validation loss decreased (0.600369 --> 0.600369).  Saving model ...
  Ep 4: Train 0.2959 | Val 0.6239 | Test 0.0222
EarlyStopping counter: 1 out of 5
  Ep 5: Train 0.2900 | Val 0.5653 | Test 0.0291
Validation loss decreased (0.565309 --> 0.565309).  Saving model ...
  Ep 6: Train 0.2861 | Val 0.5981 | Test 0.0258
EarlyStopping counter: 1 out of 5
  Ep 7: Train 0.2734 | Val 0.5716 | Test 0.0265
EarlyStopping counter: 2 out of 5
  Ep 8: Train 0.2717 | Val 0.6243 | Test 0.0295
EarlyStopping counter: 3 out of 5
  Ep 9: Train 0.2688 | Val 0.5610 | Test 0.0285
Validation loss decreased (0.560986 --> 0.560986).  Saving model ...
  Ep 10: Train 0.2597 | Val 0.5768 | Test 0.0309
EarlyStopping counter: 1 out of 5
  Ep 11: Train 0.2510 | Val 0.6221 | Test 0.0292
EarlyStopping counter: 2 out of 5
  Ep 12: Train 0.2483 | Val 0.5584 | Test 0.0289
Validation loss decreased (0.558366 --> 0.558366).  Saving model ...
  Ep 13: Train 0.2477 | Val 0.5829 | Test 0.0279
EarlyStopping counter: 1 out of 5
  Ep 14: Train 0.2483 | Val 0.5846 | Test 0.0299
EarlyStopping counter: 2 out of 5
  Ep 15: Train 0.2429 | Val 0.5971 | Test 0.0308
EarlyStopping counter: 3 out of 5
  Ep 16: Train 0.2429 | Val 0.6099 | Test 0.0329
EarlyStopping counter: 4 out of 5
  Ep 17: Train 0.2415 | Val 0.5758 | Test 0.0310
EarlyStopping counter: 5 out of 5
Early stopping triggered!
/home/sangukchoi/Stroke_SDA/sda_training.py:615: FutureWarning: You are using `torch.load` with `weights_only=False` (the current default value), which uses the default pickle module implicitly. It is possible to construct malicious pickle data which will execute arbitrary code during unpickling (See https://github.com/pytorch/pytorch/blob/main/SECURITY.md#untrusted-models for more details). In a future release, the default value for `weights_only` will be flipped to `True`. This limits the functions that could be executed during unpickling. Arbitrary objects will no longer be allowed to be loaded via this mode unless they are explicitly allowlisted by the user via `torch.serialization.add_safe_globals`. We recommend you start setting `weights_only=True` for any use case where you don't have full control of the loaded file. Please open an issue on GitHub for any issues related to this experimental feature.
  model.load_state_dict(torch.load(os.path.join(out_dir, 'best_model.pth')))
Final Test MSE (Best Model): 0.0289
Finished. Status: Success
