Starting Run on GPU 3
Time: 2025-12-25 04:00:09

[Run Start] Subject S013 | Mode ['SDA'] | Params: L0.5_LS1.0_LR0.0001_E64_D64_Dr0.3

[Fold 1 - SDA] Train: ['S013_T003', 'S013_T006'], Test: S013_T002, Norm: fixed
/home/sangukchoi/.conda/envs/torch_gpu/lib/python3.10/site-packages/torch/nn/modules/rnn.py:123: UserWarning: dropout option adds dropout after all but last recurrent layer, so non-zero dropout expects num_layers greater than 1, but got dropout=0.3 and num_layers=1
  warnings.warn(
  Ep 1: Train 0.3565 | Val 0.1710 | Test 0.0309
Validation loss decreased (0.170955 --> 0.170955).  Saving model ...
  Ep 2: Train 0.1230 | Val 0.1446 | Test 0.0271
Validation loss decreased (0.144622 --> 0.144622).  Saving model ...
  Ep 3: Train 0.1055 | Val 0.1444 | Test 0.0336
EarlyStopping counter: 1 out of 5
  Ep 4: Train 0.0967 | Val 0.1339 | Test 0.0392
Validation loss decreased (0.133880 --> 0.133880).  Saving model ...
  Ep 5: Train 0.0944 | Val 0.1316 | Test 0.0395
Validation loss decreased (0.131555 --> 0.131555).  Saving model ...
  Ep 6: Train 0.0905 | Val 0.1307 | Test 0.0400
Validation loss decreased (0.130722 --> 0.130722).  Saving model ...
  Ep 7: Train 0.0898 | Val 0.1300 | Test 0.0446
Validation loss decreased (0.130005 --> 0.130005).  Saving model ...
  Ep 8: Train 0.0885 | Val 0.1294 | Test 0.0411
Validation loss decreased (0.129382 --> 0.129382).  Saving model ...
  Ep 9: Train 0.0884 | Val 0.1344 | Test 0.0428
EarlyStopping counter: 1 out of 5
  Ep 10: Train 0.0874 | Val 0.1328 | Test 0.0432
EarlyStopping counter: 2 out of 5
  Ep 11: Train 0.0851 | Val 0.1312 | Test 0.0440
EarlyStopping counter: 3 out of 5
  Ep 12: Train 0.0843 | Val 0.1255 | Test 0.0405
Validation loss decreased (0.125512 --> 0.125512).  Saving model ...
  Ep 13: Train 0.0847 | Val 0.1266 | Test 0.0389
EarlyStopping counter: 1 out of 5
  Ep 14: Train 0.0841 | Val 0.1270 | Test 0.0399
EarlyStopping counter: 2 out of 5
  Ep 15: Train 0.0828 | Val 0.1219 | Test 0.0422
Validation loss decreased (0.121868 --> 0.121868).  Saving model ...
  Ep 16: Train 0.0828 | Val 0.1243 | Test 0.0384
EarlyStopping counter: 1 out of 5
  Ep 17: Train 0.0808 | Val 0.1252 | Test 0.0389
EarlyStopping counter: 2 out of 5
  Ep 18: Train 0.0821 | Val 0.1266 | Test 0.0408
EarlyStopping counter: 3 out of 5
  Ep 19: Train 0.0805 | Val 0.1245 | Test 0.0446
EarlyStopping counter: 4 out of 5
  Ep 20: Train 0.0798 | Val 0.1238 | Test 0.0407
EarlyStopping counter: 5 out of 5
Early stopping triggered!
/home/sangukchoi/Stroke_SDA/sda_training.py:615: FutureWarning: You are using `torch.load` with `weights_only=False` (the current default value), which uses the default pickle module implicitly. It is possible to construct malicious pickle data which will execute arbitrary code during unpickling (See https://github.com/pytorch/pytorch/blob/main/SECURITY.md#untrusted-models for more details). In a future release, the default value for `weights_only` will be flipped to `True`. This limits the functions that could be executed during unpickling. Arbitrary objects will no longer be allowed to be loaded via this mode unless they are explicitly allowlisted by the user via `torch.serialization.add_safe_globals`. We recommend you start setting `weights_only=True` for any use case where you don't have full control of the loaded file. Please open an issue on GitHub for any issues related to this experimental feature.
  model.load_state_dict(torch.load(os.path.join(out_dir, 'best_model.pth')))
Final Test MSE (Best Model): 0.0422
Finished. Status: Success
