Starting Run on GPU 1
Time: 2025-12-25 04:19:40

[Run Start] Subject S013 | Mode ['SDA'] | Params: L1.0_LS1.0_LR0.0001_E64_D64_Dr0.3

[Fold 1 - SDA] Train: ['S013_T003', 'S013_T006'], Test: S013_T002, Norm: fixed
/home/sangukchoi/.conda/envs/torch_gpu/lib/python3.10/site-packages/torch/nn/modules/rnn.py:123: UserWarning: dropout option adds dropout after all but last recurrent layer, so non-zero dropout expects num_layers greater than 1, but got dropout=0.3 and num_layers=1
  warnings.warn(
  Ep 1: Train 0.4696 | Val 0.3518 | Test 0.0362
Validation loss decreased (0.351759 --> 0.351759).  Saving model ...
  Ep 2: Train 0.2004 | Val 0.2777 | Test 0.0204
Validation loss decreased (0.277657 --> 0.277657).  Saving model ...
  Ep 3: Train 0.1686 | Val 0.2645 | Test 0.0267
Validation loss decreased (0.264477 --> 0.264477).  Saving model ...
  Ep 4: Train 0.1590 | Val 0.2560 | Test 0.0376
Validation loss decreased (0.255971 --> 0.255971).  Saving model ...
  Ep 5: Train 0.1556 | Val 0.2575 | Test 0.0439
EarlyStopping counter: 1 out of 5
  Ep 6: Train 0.1486 | Val 0.2463 | Test 0.0402
Validation loss decreased (0.246253 --> 0.246253).  Saving model ...
  Ep 7: Train 0.1445 | Val 0.2544 | Test 0.0443
EarlyStopping counter: 1 out of 5
  Ep 8: Train 0.1436 | Val 0.2314 | Test 0.0476
Validation loss decreased (0.231363 --> 0.231363).  Saving model ...
  Ep 9: Train 0.1441 | Val 0.2314 | Test 0.0409
EarlyStopping counter: 1 out of 5
  Ep 10: Train 0.1411 | Val 0.2465 | Test 0.0459
EarlyStopping counter: 2 out of 5
  Ep 11: Train 0.1398 | Val 0.2382 | Test 0.0421
EarlyStopping counter: 3 out of 5
  Ep 12: Train 0.1394 | Val 0.2292 | Test 0.0451
Validation loss decreased (0.229182 --> 0.229182).  Saving model ...
  Ep 13: Train 0.1361 | Val 0.2325 | Test 0.0486
EarlyStopping counter: 1 out of 5
  Ep 14: Train 0.1365 | Val 0.2408 | Test 0.0362
EarlyStopping counter: 2 out of 5
  Ep 15: Train 0.1333 | Val 0.2428 | Test 0.0396
EarlyStopping counter: 3 out of 5
  Ep 16: Train 0.1306 | Val 0.2315 | Test 0.0528
EarlyStopping counter: 4 out of 5
  Ep 17: Train 0.1290 | Val 0.2314 | Test 0.0515
EarlyStopping counter: 5 out of 5
Early stopping triggered!
/home/sangukchoi/Stroke_SDA/sda_training.py:615: FutureWarning: You are using `torch.load` with `weights_only=False` (the current default value), which uses the default pickle module implicitly. It is possible to construct malicious pickle data which will execute arbitrary code during unpickling (See https://github.com/pytorch/pytorch/blob/main/SECURITY.md#untrusted-models for more details). In a future release, the default value for `weights_only` will be flipped to `True`. This limits the functions that could be executed during unpickling. Arbitrary objects will no longer be allowed to be loaded via this mode unless they are explicitly allowlisted by the user via `torch.serialization.add_safe_globals`. We recommend you start setting `weights_only=True` for any use case where you don't have full control of the loaded file. Please open an issue on GitHub for any issues related to this experimental feature.
  model.load_state_dict(torch.load(os.path.join(out_dir, 'best_model.pth')))
Final Test MSE (Best Model): 0.0451
Finished. Status: Success
