Starting Run on GPU 0
Time: 2025-12-25 05:37:47

[Run Start] Subject S013 | Mode ['SDA'] | Params: L3.0_LS0.5_LR0.0001_E128_D32_Dr0.3

[Fold 1 - SDA] Train: ['S013_T003', 'S013_T006'], Test: S013_T002, Norm: fixed
/home/sangukchoi/.conda/envs/torch_gpu/lib/python3.10/site-packages/torch/nn/modules/rnn.py:123: UserWarning: dropout option adds dropout after all but last recurrent layer, so non-zero dropout expects num_layers greater than 1, but got dropout=0.3 and num_layers=1
  warnings.warn(
  Ep 1: Train 0.6391 | Val 0.7258 | Test 0.0562
Validation loss decreased (0.725801 --> 0.725801).  Saving model ...
  Ep 2: Train 0.4071 | Val 0.6681 | Test 0.0269
Validation loss decreased (0.668074 --> 0.668074).  Saving model ...
  Ep 3: Train 0.3663 | Val 0.7751 | Test 0.0291
EarlyStopping counter: 1 out of 5
  Ep 4: Train 0.3492 | Val 0.6074 | Test 0.0298
Validation loss decreased (0.607411 --> 0.607411).  Saving model ...
  Ep 5: Train 0.3378 | Val 0.6166 | Test 0.0263
EarlyStopping counter: 1 out of 5
  Ep 6: Train 0.3269 | Val 0.6330 | Test 0.0279
EarlyStopping counter: 2 out of 5
  Ep 7: Train 0.3202 | Val 0.6391 | Test 0.0287
EarlyStopping counter: 3 out of 5
  Ep 8: Train 0.3200 | Val 0.6714 | Test 0.0315
EarlyStopping counter: 4 out of 5
  Ep 9: Train 0.3129 | Val 0.6896 | Test 0.0313
EarlyStopping counter: 5 out of 5
Early stopping triggered!
/home/sangukchoi/Stroke_SDA/sda_training.py:615: FutureWarning: You are using `torch.load` with `weights_only=False` (the current default value), which uses the default pickle module implicitly. It is possible to construct malicious pickle data which will execute arbitrary code during unpickling (See https://github.com/pytorch/pytorch/blob/main/SECURITY.md#untrusted-models for more details). In a future release, the default value for `weights_only` will be flipped to `True`. This limits the functions that could be executed during unpickling. Arbitrary objects will no longer be allowed to be loaded via this mode unless they are explicitly allowlisted by the user via `torch.serialization.add_safe_globals`. We recommend you start setting `weights_only=True` for any use case where you don't have full control of the loaded file. Please open an issue on GitHub for any issues related to this experimental feature.
  model.load_state_dict(torch.load(os.path.join(out_dir, 'best_model.pth')))
Final Test MSE (Best Model): 0.0298
Finished. Status: Success
