Starting Run on GPU 3
Time: 2025-12-25 05:22:01

[Run Start] Subject S013 | Mode ['SDA'] | Params: L2.5_LS1.0_LR0.0001_E128_D64_Dr0.3

[Fold 1 - SDA] Train: ['S013_T003', 'S013_T006'], Test: S013_T002, Norm: fixed
/home/sangukchoi/.conda/envs/torch_gpu/lib/python3.10/site-packages/torch/nn/modules/rnn.py:123: UserWarning: dropout option adds dropout after all but last recurrent layer, so non-zero dropout expects num_layers greater than 1, but got dropout=0.3 and num_layers=1
  warnings.warn(
  Ep 1: Train 0.6105 | Val 0.6755 | Test 0.0350
Validation loss decreased (0.675508 --> 0.675508).  Saving model ...
  Ep 2: Train 0.3663 | Val 0.6287 | Test 0.0201
Validation loss decreased (0.628654 --> 0.628654).  Saving model ...
  Ep 3: Train 0.3301 | Val 0.5797 | Test 0.0255
Validation loss decreased (0.579738 --> 0.579738).  Saving model ...
  Ep 4: Train 0.3129 | Val 0.6293 | Test 0.0350
EarlyStopping counter: 1 out of 5
  Ep 5: Train 0.3054 | Val 0.5929 | Test 0.0262
EarlyStopping counter: 2 out of 5
  Ep 6: Train 0.2979 | Val 0.5979 | Test 0.0249
EarlyStopping counter: 3 out of 5
  Ep 7: Train 0.2945 | Val 0.5899 | Test 0.0250
EarlyStopping counter: 4 out of 5
  Ep 8: Train 0.2937 | Val 0.5529 | Test 0.0288
Validation loss decreased (0.552873 --> 0.552873).  Saving model ...
  Ep 9: Train 0.2886 | Val 0.5847 | Test 0.0234
EarlyStopping counter: 1 out of 5
  Ep 10: Train 0.2845 | Val 0.5751 | Test 0.0340
EarlyStopping counter: 2 out of 5
  Ep 11: Train 0.2832 | Val 0.5534 | Test 0.0295
EarlyStopping counter: 3 out of 5
  Ep 12: Train 0.2816 | Val 0.5809 | Test 0.0346
EarlyStopping counter: 4 out of 5
  Ep 13: Train 0.2803 | Val 0.5920 | Test 0.0387
EarlyStopping counter: 5 out of 5
Early stopping triggered!
/home/sangukchoi/Stroke_SDA/sda_training.py:615: FutureWarning: You are using `torch.load` with `weights_only=False` (the current default value), which uses the default pickle module implicitly. It is possible to construct malicious pickle data which will execute arbitrary code during unpickling (See https://github.com/pytorch/pytorch/blob/main/SECURITY.md#untrusted-models for more details). In a future release, the default value for `weights_only` will be flipped to `True`. This limits the functions that could be executed during unpickling. Arbitrary objects will no longer be allowed to be loaded via this mode unless they are explicitly allowlisted by the user via `torch.serialization.add_safe_globals`. We recommend you start setting `weights_only=True` for any use case where you don't have full control of the loaded file. Please open an issue on GitHub for any issues related to this experimental feature.
  model.load_state_dict(torch.load(os.path.join(out_dir, 'best_model.pth')))
Final Test MSE (Best Model): 0.0288
Finished. Status: Success
