Starting Run on GPU 2
Time: 2025-12-25 04:59:30

[Run Start] Subject S013 | Mode ['SDA'] | Params: L2.5_LS0.3_LR0.0001_E128_D32_Dr0.3

[Fold 1 - SDA] Train: ['S013_T003', 'S013_T006'], Test: S013_T002, Norm: fixed
/home/sangukchoi/.conda/envs/torch_gpu/lib/python3.10/site-packages/torch/nn/modules/rnn.py:123: UserWarning: dropout option adds dropout after all but last recurrent layer, so non-zero dropout expects num_layers greater than 1, but got dropout=0.3 and num_layers=1
  warnings.warn(
  Ep 1: Train 0.5243 | Val 0.6547 | Test 0.0522
Validation loss decreased (0.654723 --> 0.654723).  Saving model ...
  Ep 2: Train 0.3263 | Val 0.6201 | Test 0.0343
Validation loss decreased (0.620094 --> 0.620094).  Saving model ...
  Ep 3: Train 0.2965 | Val 0.5492 | Test 0.0234
Validation loss decreased (0.549220 --> 0.549220).  Saving model ...
  Ep 4: Train 0.2879 | Val 0.5528 | Test 0.0275
EarlyStopping counter: 1 out of 5
  Ep 5: Train 0.2735 | Val 0.5912 | Test 0.0259
EarlyStopping counter: 2 out of 5
  Ep 6: Train 0.2706 | Val 0.5667 | Test 0.0282
EarlyStopping counter: 3 out of 5
  Ep 7: Train 0.2640 | Val 0.5813 | Test 0.0371
EarlyStopping counter: 4 out of 5
  Ep 8: Train 0.2637 | Val 0.5367 | Test 0.0343
Validation loss decreased (0.536667 --> 0.536667).  Saving model ...
  Ep 9: Train 0.2635 | Val 0.5692 | Test 0.0363
EarlyStopping counter: 1 out of 5
  Ep 10: Train 0.2599 | Val 0.5754 | Test 0.0302
EarlyStopping counter: 2 out of 5
  Ep 11: Train 0.2576 | Val 0.6198 | Test 0.0306
EarlyStopping counter: 3 out of 5
  Ep 12: Train 0.2548 | Val 0.5388 | Test 0.0372
EarlyStopping counter: 4 out of 5
  Ep 13: Train 0.2571 | Val 0.5706 | Test 0.0298
EarlyStopping counter: 5 out of 5
Early stopping triggered!
/home/sangukchoi/Stroke_SDA/sda_training.py:615: FutureWarning: You are using `torch.load` with `weights_only=False` (the current default value), which uses the default pickle module implicitly. It is possible to construct malicious pickle data which will execute arbitrary code during unpickling (See https://github.com/pytorch/pytorch/blob/main/SECURITY.md#untrusted-models for more details). In a future release, the default value for `weights_only` will be flipped to `True`. This limits the functions that could be executed during unpickling. Arbitrary objects will no longer be allowed to be loaded via this mode unless they are explicitly allowlisted by the user via `torch.serialization.add_safe_globals`. We recommend you start setting `weights_only=True` for any use case where you don't have full control of the loaded file. Please open an issue on GitHub for any issues related to this experimental feature.
  model.load_state_dict(torch.load(os.path.join(out_dir, 'best_model.pth')))
Final Test MSE (Best Model): 0.0343
Finished. Status: Success
