Starting Run on GPU 1
Time: 2025-12-25 04:26:46

[Run Start] Subject S013 | Mode ['SDA'] | Params: L1.5_LS0.7_LR0.0001_E64_D32_Dr0.3

[Fold 1 - SDA] Train: ['S013_T003', 'S013_T006'], Test: S013_T002, Norm: fixed
/home/sangukchoi/.conda/envs/torch_gpu/lib/python3.10/site-packages/torch/nn/modules/rnn.py:123: UserWarning: dropout option adds dropout after all but last recurrent layer, so non-zero dropout expects num_layers greater than 1, but got dropout=0.3 and num_layers=1
  warnings.warn(
  Ep 1: Train 0.5294 | Val 0.4665 | Test 0.0534
Validation loss decreased (0.466509 --> 0.466509).  Saving model ...
  Ep 2: Train 0.2551 | Val 0.3844 | Test 0.0218
Validation loss decreased (0.384403 --> 0.384403).  Saving model ...
  Ep 3: Train 0.2139 | Val 0.3485 | Test 0.0229
Validation loss decreased (0.348532 --> 0.348532).  Saving model ...
  Ep 4: Train 0.2023 | Val 0.3414 | Test 0.0225
Validation loss decreased (0.341397 --> 0.341397).  Saving model ...
  Ep 5: Train 0.1970 | Val 0.3377 | Test 0.0316
Validation loss decreased (0.337705 --> 0.337705).  Saving model ...
  Ep 6: Train 0.1940 | Val 0.3221 | Test 0.0253
Validation loss decreased (0.322094 --> 0.322094).  Saving model ...
  Ep 7: Train 0.1872 | Val 0.3324 | Test 0.0291
EarlyStopping counter: 1 out of 5
  Ep 8: Train 0.1873 | Val 0.3269 | Test 0.0268
EarlyStopping counter: 2 out of 5
  Ep 9: Train 0.1856 | Val 0.3352 | Test 0.0339
EarlyStopping counter: 3 out of 5
  Ep 10: Train 0.1819 | Val 0.3365 | Test 0.0312
EarlyStopping counter: 4 out of 5
  Ep 11: Train 0.1816 | Val 0.3359 | Test 0.0304
EarlyStopping counter: 5 out of 5
Early stopping triggered!
/home/sangukchoi/Stroke_SDA/sda_training.py:615: FutureWarning: You are using `torch.load` with `weights_only=False` (the current default value), which uses the default pickle module implicitly. It is possible to construct malicious pickle data which will execute arbitrary code during unpickling (See https://github.com/pytorch/pytorch/blob/main/SECURITY.md#untrusted-models for more details). In a future release, the default value for `weights_only` will be flipped to `True`. This limits the functions that could be executed during unpickling. Arbitrary objects will no longer be allowed to be loaded via this mode unless they are explicitly allowlisted by the user via `torch.serialization.add_safe_globals`. We recommend you start setting `weights_only=True` for any use case where you don't have full control of the loaded file. Please open an issue on GitHub for any issues related to this experimental feature.
  model.load_state_dict(torch.load(os.path.join(out_dir, 'best_model.pth')))
Final Test MSE (Best Model): 0.0253
Finished. Status: Success
