Starting Run on GPU 0
Time: 2025-12-25 04:26:42

[Run Start] Subject S013 | Mode ['SDA'] | Params: L1.0_LS1.0_LR0.0001_E256_D128_Dr0.3

[Fold 1 - SDA] Train: ['S013_T003', 'S013_T006'], Test: S013_T002, Norm: fixed
/home/sangukchoi/.conda/envs/torch_gpu/lib/python3.10/site-packages/torch/nn/modules/rnn.py:123: UserWarning: dropout option adds dropout after all but last recurrent layer, so non-zero dropout expects num_layers greater than 1, but got dropout=0.3 and num_layers=1
  warnings.warn(
  Ep 1: Train 0.2782 | Val 0.3011 | Test 0.0238
Validation loss decreased (0.301133 --> 0.301133).  Saving model ...
  Ep 2: Train 0.1628 | Val 0.2495 | Test 0.0360
Validation loss decreased (0.249466 --> 0.249466).  Saving model ...
  Ep 3: Train 0.1490 | Val 0.2602 | Test 0.0301
EarlyStopping counter: 1 out of 5
  Ep 4: Train 0.1405 | Val 0.2491 | Test 0.0303
EarlyStopping counter: 2 out of 5
  Ep 5: Train 0.1357 | Val 0.2489 | Test 0.0263
Validation loss decreased (0.248923 --> 0.248923).  Saving model ...
  Ep 6: Train 0.1339 | Val 0.2575 | Test 0.0255
EarlyStopping counter: 1 out of 5
  Ep 7: Train 0.1329 | Val 0.2374 | Test 0.0364
Validation loss decreased (0.237384 --> 0.237384).  Saving model ...
  Ep 8: Train 0.1306 | Val 0.2563 | Test 0.0406
EarlyStopping counter: 1 out of 5
  Ep 9: Train 0.1279 | Val 0.2493 | Test 0.0448
EarlyStopping counter: 2 out of 5
  Ep 10: Train 0.1251 | Val 0.2429 | Test 0.0361
EarlyStopping counter: 3 out of 5
  Ep 11: Train 0.1221 | Val 0.2508 | Test 0.0362
EarlyStopping counter: 4 out of 5
  Ep 12: Train 0.1210 | Val 0.2525 | Test 0.0323
EarlyStopping counter: 5 out of 5
Early stopping triggered!
/home/sangukchoi/Stroke_SDA/sda_training.py:615: FutureWarning: You are using `torch.load` with `weights_only=False` (the current default value), which uses the default pickle module implicitly. It is possible to construct malicious pickle data which will execute arbitrary code during unpickling (See https://github.com/pytorch/pytorch/blob/main/SECURITY.md#untrusted-models for more details). In a future release, the default value for `weights_only` will be flipped to `True`. This limits the functions that could be executed during unpickling. Arbitrary objects will no longer be allowed to be loaded via this mode unless they are explicitly allowlisted by the user via `torch.serialization.add_safe_globals`. We recommend you start setting `weights_only=True` for any use case where you don't have full control of the loaded file. Please open an issue on GitHub for any issues related to this experimental feature.
  model.load_state_dict(torch.load(os.path.join(out_dir, 'best_model.pth')))
Final Test MSE (Best Model): 0.0364
Finished. Status: Success
