Starting Run on GPU 3
Time: 2025-12-25 04:08:50

[Run Start] Subject S013 | Mode ['SDA'] | Params: L1.0_LS0.7_LR0.0001_E64_D64_Dr0.3

[Fold 1 - SDA] Train: ['S013_T003', 'S013_T006'], Test: S013_T002, Norm: fixed
/home/sangukchoi/.conda/envs/torch_gpu/lib/python3.10/site-packages/torch/nn/modules/rnn.py:123: UserWarning: dropout option adds dropout after all but last recurrent layer, so non-zero dropout expects num_layers greater than 1, but got dropout=0.3 and num_layers=1
  warnings.warn(
  Ep 1: Train 0.4274 | Val 0.2816 | Test 0.0311
Validation loss decreased (0.281624 --> 0.281624).  Saving model ...
  Ep 2: Train 0.1810 | Val 0.2369 | Test 0.0193
Validation loss decreased (0.236925 --> 0.236925).  Saving model ...
  Ep 3: Train 0.1547 | Val 0.2357 | Test 0.0220
Validation loss decreased (0.235654 --> 0.235654).  Saving model ...
  Ep 4: Train 0.1444 | Val 0.2279 | Test 0.0292
Validation loss decreased (0.227862 --> 0.227862).  Saving model ...
  Ep 5: Train 0.1408 | Val 0.2375 | Test 0.0324
EarlyStopping counter: 1 out of 5
  Ep 6: Train 0.1385 | Val 0.2442 | Test 0.0402
EarlyStopping counter: 2 out of 5
  Ep 7: Train 0.1357 | Val 0.2204 | Test 0.0404
Validation loss decreased (0.220373 --> 0.220373).  Saving model ...
  Ep 8: Train 0.1362 | Val 0.2326 | Test 0.0344
EarlyStopping counter: 1 out of 5
  Ep 9: Train 0.1353 | Val 0.2187 | Test 0.0432
Validation loss decreased (0.218706 --> 0.218706).  Saving model ...
  Ep 10: Train 0.1336 | Val 0.2170 | Test 0.0392
Validation loss decreased (0.217023 --> 0.217023).  Saving model ...
  Ep 11: Train 0.1324 | Val 0.2214 | Test 0.0474
EarlyStopping counter: 1 out of 5
  Ep 12: Train 0.1322 | Val 0.2272 | Test 0.0500
EarlyStopping counter: 2 out of 5
  Ep 13: Train 0.1280 | Val 0.2179 | Test 0.0464
EarlyStopping counter: 3 out of 5
  Ep 14: Train 0.1280 | Val 0.2293 | Test 0.0476
EarlyStopping counter: 4 out of 5
  Ep 15: Train 0.1270 | Val 0.2124 | Test 0.0449
Validation loss decreased (0.212358 --> 0.212358).  Saving model ...
  Ep 16: Train 0.1253 | Val 0.2155 | Test 0.0411
EarlyStopping counter: 1 out of 5
  Ep 17: Train 0.1258 | Val 0.2131 | Test 0.0578
EarlyStopping counter: 2 out of 5
  Ep 18: Train 0.1242 | Val 0.2145 | Test 0.0524
EarlyStopping counter: 3 out of 5
  Ep 19: Train 0.1214 | Val 0.2094 | Test 0.0445
Validation loss decreased (0.209439 --> 0.209439).  Saving model ...
  Ep 20: Train 0.1215 | Val 0.2312 | Test 0.0429
EarlyStopping counter: 1 out of 5
  Ep 21: Train 0.1195 | Val 0.2199 | Test 0.0439
EarlyStopping counter: 2 out of 5
  Ep 22: Train 0.1188 | Val 0.2221 | Test 0.0433
EarlyStopping counter: 3 out of 5
  Ep 23: Train 0.1183 | Val 0.2225 | Test 0.0455
EarlyStopping counter: 4 out of 5
  Ep 24: Train 0.1192 | Val 0.2201 | Test 0.0443
EarlyStopping counter: 5 out of 5
Early stopping triggered!
/home/sangukchoi/Stroke_SDA/sda_training.py:615: FutureWarning: You are using `torch.load` with `weights_only=False` (the current default value), which uses the default pickle module implicitly. It is possible to construct malicious pickle data which will execute arbitrary code during unpickling (See https://github.com/pytorch/pytorch/blob/main/SECURITY.md#untrusted-models for more details). In a future release, the default value for `weights_only` will be flipped to `True`. This limits the functions that could be executed during unpickling. Arbitrary objects will no longer be allowed to be loaded via this mode unless they are explicitly allowlisted by the user via `torch.serialization.add_safe_globals`. We recommend you start setting `weights_only=True` for any use case where you don't have full control of the loaded file. Please open an issue on GitHub for any issues related to this experimental feature.
  model.load_state_dict(torch.load(os.path.join(out_dir, 'best_model.pth')))
Final Test MSE (Best Model): 0.0445
Finished. Status: Success
