Starting Run on GPU 0
Time: 2025-12-25 04:07:22

[Run Start] Subject S013 | Mode ['SDA'] | Params: L0.5_LS1.0_LR0.0001_E256_D64_Dr0.3

[Fold 1 - SDA] Train: ['S013_T003', 'S013_T006'], Test: S013_T002, Norm: fixed
/home/sangukchoi/.conda/envs/torch_gpu/lib/python3.10/site-packages/torch/nn/modules/rnn.py:123: UserWarning: dropout option adds dropout after all but last recurrent layer, so non-zero dropout expects num_layers greater than 1, but got dropout=0.3 and num_layers=1
  warnings.warn(
  Ep 1: Train 0.2045 | Val 0.1622 | Test 0.0211
Validation loss decreased (0.162198 --> 0.162198).  Saving model ...
  Ep 2: Train 0.1035 | Val 0.1398 | Test 0.0323
Validation loss decreased (0.139769 --> 0.139769).  Saving model ...
  Ep 3: Train 0.0939 | Val 0.1486 | Test 0.0419
EarlyStopping counter: 1 out of 5
  Ep 4: Train 0.0877 | Val 0.1463 | Test 0.0449
EarlyStopping counter: 2 out of 5
  Ep 5: Train 0.0858 | Val 0.1413 | Test 0.0474
EarlyStopping counter: 3 out of 5
  Ep 6: Train 0.0822 | Val 0.1378 | Test 0.0390
Validation loss decreased (0.137818 --> 0.137818).  Saving model ...
  Ep 7: Train 0.0802 | Val 0.1322 | Test 0.0458
Validation loss decreased (0.132161 --> 0.132161).  Saving model ...
  Ep 8: Train 0.0784 | Val 0.1287 | Test 0.0539
Validation loss decreased (0.128714 --> 0.128714).  Saving model ...
  Ep 9: Train 0.0771 | Val 0.1389 | Test 0.0407
EarlyStopping counter: 1 out of 5
  Ep 10: Train 0.0772 | Val 0.1298 | Test 0.0457
EarlyStopping counter: 2 out of 5
  Ep 11: Train 0.0755 | Val 0.1297 | Test 0.0472
EarlyStopping counter: 3 out of 5
  Ep 12: Train 0.0742 | Val 0.1272 | Test 0.0542
Validation loss decreased (0.127194 --> 0.127194).  Saving model ...
  Ep 13: Train 0.0719 | Val 0.1278 | Test 0.0516
EarlyStopping counter: 1 out of 5
  Ep 14: Train 0.0711 | Val 0.1279 | Test 0.0466
EarlyStopping counter: 2 out of 5
  Ep 15: Train 0.0719 | Val 0.1261 | Test 0.0407
Validation loss decreased (0.126064 --> 0.126064).  Saving model ...
  Ep 16: Train 0.0705 | Val 0.1341 | Test 0.0386
EarlyStopping counter: 1 out of 5
  Ep 17: Train 0.0691 | Val 0.1229 | Test 0.0380
Validation loss decreased (0.122919 --> 0.122919).  Saving model ...
  Ep 18: Train 0.0687 | Val 0.1249 | Test 0.0451
EarlyStopping counter: 1 out of 5
  Ep 19: Train 0.0677 | Val 0.1299 | Test 0.0398
EarlyStopping counter: 2 out of 5
  Ep 20: Train 0.0671 | Val 0.1245 | Test 0.0429
EarlyStopping counter: 3 out of 5
  Ep 21: Train 0.0660 | Val 0.1224 | Test 0.0445
EarlyStopping counter: 4 out of 5
  Ep 22: Train 0.0644 | Val 0.1257 | Test 0.0405
EarlyStopping counter: 5 out of 5
Early stopping triggered!
/home/sangukchoi/Stroke_SDA/sda_training.py:615: FutureWarning: You are using `torch.load` with `weights_only=False` (the current default value), which uses the default pickle module implicitly. It is possible to construct malicious pickle data which will execute arbitrary code during unpickling (See https://github.com/pytorch/pytorch/blob/main/SECURITY.md#untrusted-models for more details). In a future release, the default value for `weights_only` will be flipped to `True`. This limits the functions that could be executed during unpickling. Arbitrary objects will no longer be allowed to be loaded via this mode unless they are explicitly allowlisted by the user via `torch.serialization.add_safe_globals`. We recommend you start setting `weights_only=True` for any use case where you don't have full control of the loaded file. Please open an issue on GitHub for any issues related to this experimental feature.
  model.load_state_dict(torch.load(os.path.join(out_dir, 'best_model.pth')))
Final Test MSE (Best Model): 0.0380
Finished. Status: Success
