Starting Run on GPU 1
Time: 2025-12-25 05:50:06

[Run Start] Subject S013 | Mode ['SDA'] | Params: L3.0_LS1.0_LR0.0001_E64_D32_Dr0.3

[Fold 1 - SDA] Train: ['S013_T003', 'S013_T006'], Test: S013_T002, Norm: fixed
/home/sangukchoi/.conda/envs/torch_gpu/lib/python3.10/site-packages/torch/nn/modules/rnn.py:123: UserWarning: dropout option adds dropout after all but last recurrent layer, so non-zero dropout expects num_layers greater than 1, but got dropout=0.3 and num_layers=1
  warnings.warn(
  Ep 1: Train 0.9329 | Val 0.8750 | Test 0.0757
Validation loss decreased (0.874967 --> 0.874967).  Saving model ...
  Ep 2: Train 0.5089 | Val 0.7640 | Test 0.0454
Validation loss decreased (0.763958 --> 0.763958).  Saving model ...
  Ep 3: Train 0.4223 | Val 0.6883 | Test 0.0366
Validation loss decreased (0.688335 --> 0.688335).  Saving model ...
  Ep 4: Train 0.3988 | Val 0.7211 | Test 0.0399
EarlyStopping counter: 1 out of 5
  Ep 5: Train 0.3820 | Val 0.6780 | Test 0.0364
Validation loss decreased (0.677973 --> 0.677973).  Saving model ...
  Ep 6: Train 0.3684 | Val 0.6725 | Test 0.0433
Validation loss decreased (0.672509 --> 0.672509).  Saving model ...
  Ep 7: Train 0.3672 | Val 0.6631 | Test 0.0403
Validation loss decreased (0.663101 --> 0.663101).  Saving model ...
  Ep 8: Train 0.3583 | Val 0.6868 | Test 0.0481
EarlyStopping counter: 1 out of 5
  Ep 9: Train 0.3617 | Val 0.6669 | Test 0.0442
EarlyStopping counter: 2 out of 5
  Ep 10: Train 0.3493 | Val 0.6382 | Test 0.0513
Validation loss decreased (0.638209 --> 0.638209).  Saving model ...
  Ep 11: Train 0.3530 | Val 0.6394 | Test 0.0396
EarlyStopping counter: 1 out of 5
  Ep 12: Train 0.3442 | Val 0.6474 | Test 0.0449
EarlyStopping counter: 2 out of 5
  Ep 13: Train 0.3488 | Val 0.6325 | Test 0.0394
Validation loss decreased (0.632471 --> 0.632471).  Saving model ...
  Ep 14: Train 0.3387 | Val 0.6534 | Test 0.0443
EarlyStopping counter: 1 out of 5
  Ep 15: Train 0.3365 | Val 0.6544 | Test 0.0494
EarlyStopping counter: 2 out of 5
  Ep 16: Train 0.3398 | Val 0.6552 | Test 0.0491
EarlyStopping counter: 3 out of 5
  Ep 17: Train 0.3366 | Val 0.6473 | Test 0.0375
EarlyStopping counter: 4 out of 5
  Ep 18: Train 0.3340 | Val 0.6088 | Test 0.0413
Validation loss decreased (0.608842 --> 0.608842).  Saving model ...
  Ep 19: Train 0.3337 | Val 0.6598 | Test 0.0374
EarlyStopping counter: 1 out of 5
  Ep 20: Train 0.3333 | Val 0.6510 | Test 0.0470
EarlyStopping counter: 2 out of 5
  Ep 21: Train 0.3240 | Val 0.6958 | Test 0.0391
EarlyStopping counter: 3 out of 5
  Ep 22: Train 0.3230 | Val 0.6638 | Test 0.0389
EarlyStopping counter: 4 out of 5
  Ep 23: Train 0.3220 | Val 0.6991 | Test 0.0419
EarlyStopping counter: 5 out of 5
Early stopping triggered!
/home/sangukchoi/Stroke_SDA/sda_training.py:615: FutureWarning: You are using `torch.load` with `weights_only=False` (the current default value), which uses the default pickle module implicitly. It is possible to construct malicious pickle data which will execute arbitrary code during unpickling (See https://github.com/pytorch/pytorch/blob/main/SECURITY.md#untrusted-models for more details). In a future release, the default value for `weights_only` will be flipped to `True`. This limits the functions that could be executed during unpickling. Arbitrary objects will no longer be allowed to be loaded via this mode unless they are explicitly allowlisted by the user via `torch.serialization.add_safe_globals`. We recommend you start setting `weights_only=True` for any use case where you don't have full control of the loaded file. Please open an issue on GitHub for any issues related to this experimental feature.
  model.load_state_dict(torch.load(os.path.join(out_dir, 'best_model.pth')))
Final Test MSE (Best Model): 0.0413
Finished. Status: Success
