Starting Run on GPU 1
Time: 2025-12-25 04:34:52

[Run Start] Subject S013 | Mode ['SDA'] | Params: L1.5_LS1.0_LR0.0001_E64_D128_Dr0.3

[Fold 1 - SDA] Train: ['S013_T003', 'S013_T006'], Test: S013_T002, Norm: fixed
/home/sangukchoi/.conda/envs/torch_gpu/lib/python3.10/site-packages/torch/nn/modules/rnn.py:123: UserWarning: dropout option adds dropout after all but last recurrent layer, so non-zero dropout expects num_layers greater than 1, but got dropout=0.3 and num_layers=1
  warnings.warn(
  Ep 1: Train 0.5125 | Val 0.5300 | Test 0.0449
Validation loss decreased (0.530020 --> 0.530020).  Saving model ...
  Ep 2: Train 0.2762 | Val 0.4547 | Test 0.0253
Validation loss decreased (0.454712 --> 0.454712).  Saving model ...
  Ep 3: Train 0.2397 | Val 0.4407 | Test 0.0304
Validation loss decreased (0.440666 --> 0.440666).  Saving model ...
  Ep 4: Train 0.2274 | Val 0.4017 | Test 0.0332
Validation loss decreased (0.401735 --> 0.401735).  Saving model ...
  Ep 5: Train 0.2212 | Val 0.3683 | Test 0.0411
Validation loss decreased (0.368348 --> 0.368348).  Saving model ...
  Ep 6: Train 0.2113 | Val 0.3469 | Test 0.0405
Validation loss decreased (0.346916 --> 0.346916).  Saving model ...
  Ep 7: Train 0.2084 | Val 0.3569 | Test 0.0558
EarlyStopping counter: 1 out of 5
  Ep 8: Train 0.2060 | Val 0.3717 | Test 0.0469
EarlyStopping counter: 2 out of 5
  Ep 9: Train 0.2018 | Val 0.3438 | Test 0.0563
Validation loss decreased (0.343835 --> 0.343835).  Saving model ...
  Ep 10: Train 0.1950 | Val 0.3634 | Test 0.0606
EarlyStopping counter: 1 out of 5
  Ep 11: Train 0.1947 | Val 0.3399 | Test 0.0660
Validation loss decreased (0.339940 --> 0.339940).  Saving model ...
  Ep 12: Train 0.1940 | Val 0.3656 | Test 0.0657
EarlyStopping counter: 1 out of 5
  Ep 13: Train 0.1894 | Val 0.3317 | Test 0.0613
Validation loss decreased (0.331678 --> 0.331678).  Saving model ...
  Ep 14: Train 0.1834 | Val 0.3329 | Test 0.0631
EarlyStopping counter: 1 out of 5
  Ep 15: Train 0.1834 | Val 0.3433 | Test 0.0673
EarlyStopping counter: 2 out of 5
  Ep 16: Train 0.1823 | Val 0.3529 | Test 0.0576
EarlyStopping counter: 3 out of 5
  Ep 17: Train 0.1798 | Val 0.3514 | Test 0.0659
EarlyStopping counter: 4 out of 5
  Ep 18: Train 0.1759 | Val 0.3466 | Test 0.0665
EarlyStopping counter: 5 out of 5
Early stopping triggered!
/home/sangukchoi/Stroke_SDA/sda_training.py:615: FutureWarning: You are using `torch.load` with `weights_only=False` (the current default value), which uses the default pickle module implicitly. It is possible to construct malicious pickle data which will execute arbitrary code during unpickling (See https://github.com/pytorch/pytorch/blob/main/SECURITY.md#untrusted-models for more details). In a future release, the default value for `weights_only` will be flipped to `True`. This limits the functions that could be executed during unpickling. Arbitrary objects will no longer be allowed to be loaded via this mode unless they are explicitly allowlisted by the user via `torch.serialization.add_safe_globals`. We recommend you start setting `weights_only=True` for any use case where you don't have full control of the loaded file. Please open an issue on GitHub for any issues related to this experimental feature.
  model.load_state_dict(torch.load(os.path.join(out_dir, 'best_model.pth')))
Final Test MSE (Best Model): 0.0613
Finished. Status: Success
