Starting Run on GPU 2
Time: 2025-12-25 04:00:19

[Run Start] Subject S013 | Mode ['SDA'] | Params: L0.5_LS1.0_LR0.0001_E64_D128_Dr0.3

[Fold 1 - SDA] Train: ['S013_T003', 'S013_T006'], Test: S013_T002, Norm: fixed
/home/sangukchoi/.conda/envs/torch_gpu/lib/python3.10/site-packages/torch/nn/modules/rnn.py:123: UserWarning: dropout option adds dropout after all but last recurrent layer, so non-zero dropout expects num_layers greater than 1, but got dropout=0.3 and num_layers=1
  warnings.warn(
  Ep 1: Train 0.3447 | Val 0.1861 | Test 0.0245
Validation loss decreased (0.186072 --> 0.186072).  Saving model ...
  Ep 2: Train 0.1351 | Val 0.1461 | Test 0.0236
Validation loss decreased (0.146094 --> 0.146094).  Saving model ...
  Ep 3: Train 0.1094 | Val 0.1283 | Test 0.0266
Validation loss decreased (0.128349 --> 0.128349).  Saving model ...
  Ep 4: Train 0.0999 | Val 0.1222 | Test 0.0300
Validation loss decreased (0.122221 --> 0.122221).  Saving model ...
  Ep 5: Train 0.0953 | Val 0.1200 | Test 0.0281
Validation loss decreased (0.119967 --> 0.119967).  Saving model ...
  Ep 6: Train 0.0930 | Val 0.1267 | Test 0.0342
EarlyStopping counter: 1 out of 5
  Ep 7: Train 0.0901 | Val 0.1203 | Test 0.0353
EarlyStopping counter: 2 out of 5
  Ep 8: Train 0.0899 | Val 0.1248 | Test 0.0440
EarlyStopping counter: 3 out of 5
  Ep 9: Train 0.0875 | Val 0.1210 | Test 0.0551
EarlyStopping counter: 4 out of 5
  Ep 10: Train 0.0880 | Val 0.1191 | Test 0.0535
Validation loss decreased (0.119095 --> 0.119095).  Saving model ...
  Ep 11: Train 0.0873 | Val 0.1256 | Test 0.0624
EarlyStopping counter: 1 out of 5
  Ep 12: Train 0.0863 | Val 0.1228 | Test 0.0600
EarlyStopping counter: 2 out of 5
  Ep 13: Train 0.0848 | Val 0.1230 | Test 0.0629
EarlyStopping counter: 3 out of 5
  Ep 14: Train 0.0847 | Val 0.1206 | Test 0.0652
EarlyStopping counter: 4 out of 5
  Ep 15: Train 0.0828 | Val 0.1236 | Test 0.0619
EarlyStopping counter: 5 out of 5
Early stopping triggered!
/home/sangukchoi/Stroke_SDA/sda_training.py:615: FutureWarning: You are using `torch.load` with `weights_only=False` (the current default value), which uses the default pickle module implicitly. It is possible to construct malicious pickle data which will execute arbitrary code during unpickling (See https://github.com/pytorch/pytorch/blob/main/SECURITY.md#untrusted-models for more details). In a future release, the default value for `weights_only` will be flipped to `True`. This limits the functions that could be executed during unpickling. Arbitrary objects will no longer be allowed to be loaded via this mode unless they are explicitly allowlisted by the user via `torch.serialization.add_safe_globals`. We recommend you start setting `weights_only=True` for any use case where you don't have full control of the loaded file. Please open an issue on GitHub for any issues related to this experimental feature.
  model.load_state_dict(torch.load(os.path.join(out_dir, 'best_model.pth')))
Final Test MSE (Best Model): 0.0535
Finished. Status: Success
