Starting Run on GPU 0
Time: 2025-12-25 05:06:59

[Run Start] Subject S013 | Mode ['SDA'] | Params: L2.5_LS0.5_LR0.0001_E128_D32_Dr0.3

[Fold 1 - SDA] Train: ['S013_T003', 'S013_T006'], Test: S013_T002, Norm: fixed
/home/sangukchoi/.conda/envs/torch_gpu/lib/python3.10/site-packages/torch/nn/modules/rnn.py:123: UserWarning: dropout option adds dropout after all but last recurrent layer, so non-zero dropout expects num_layers greater than 1, but got dropout=0.3 and num_layers=1
  warnings.warn(
  Ep 1: Train 0.5401 | Val 0.6755 | Test 0.0546
Validation loss decreased (0.675500 --> 0.675500).  Saving model ...
  Ep 2: Train 0.3200 | Val 0.6258 | Test 0.0224
Validation loss decreased (0.625806 --> 0.625806).  Saving model ...
  Ep 3: Train 0.3026 | Val 0.5954 | Test 0.0196
Validation loss decreased (0.595418 --> 0.595418).  Saving model ...
  Ep 4: Train 0.2843 | Val 0.6170 | Test 0.0249
EarlyStopping counter: 1 out of 5
  Ep 5: Train 0.2836 | Val 0.5706 | Test 0.0266
Validation loss decreased (0.570552 --> 0.570552).  Saving model ...
  Ep 6: Train 0.2711 | Val 0.5742 | Test 0.0244
EarlyStopping counter: 1 out of 5
  Ep 7: Train 0.2763 | Val 0.5391 | Test 0.0301
Validation loss decreased (0.539061 --> 0.539061).  Saving model ...
  Ep 8: Train 0.2646 | Val 0.5651 | Test 0.0274
EarlyStopping counter: 1 out of 5
  Ep 9: Train 0.2639 | Val 0.5338 | Test 0.0334
Validation loss decreased (0.533782 --> 0.533782).  Saving model ...
  Ep 10: Train 0.2634 | Val 0.5851 | Test 0.0296
EarlyStopping counter: 1 out of 5
  Ep 11: Train 0.2587 | Val 0.5763 | Test 0.0336
EarlyStopping counter: 2 out of 5
  Ep 12: Train 0.2508 | Val 0.5363 | Test 0.0335
EarlyStopping counter: 3 out of 5
  Ep 13: Train 0.2559 | Val 0.5429 | Test 0.0299
EarlyStopping counter: 4 out of 5
  Ep 14: Train 0.2410 | Val 0.5378 | Test 0.0323
EarlyStopping counter: 5 out of 5
Early stopping triggered!
/home/sangukchoi/Stroke_SDA/sda_training.py:615: FutureWarning: You are using `torch.load` with `weights_only=False` (the current default value), which uses the default pickle module implicitly. It is possible to construct malicious pickle data which will execute arbitrary code during unpickling (See https://github.com/pytorch/pytorch/blob/main/SECURITY.md#untrusted-models for more details). In a future release, the default value for `weights_only` will be flipped to `True`. This limits the functions that could be executed during unpickling. Arbitrary objects will no longer be allowed to be loaded via this mode unless they are explicitly allowlisted by the user via `torch.serialization.add_safe_globals`. We recommend you start setting `weights_only=True` for any use case where you don't have full control of the loaded file. Please open an issue on GitHub for any issues related to this experimental feature.
  model.load_state_dict(torch.load(os.path.join(out_dir, 'best_model.pth')))
Final Test MSE (Best Model): 0.0334
Finished. Status: Success
