Starting Run on GPU 3
Time: 2025-12-25 05:48:59

[Run Start] Subject S013 | Mode ['SDA'] | Params: L3.0_LS0.7_LR0.0001_E256_D128_Dr0.3

[Fold 1 - SDA] Train: ['S013_T003', 'S013_T006'], Test: S013_T002, Norm: fixed
/home/sangukchoi/.conda/envs/torch_gpu/lib/python3.10/site-packages/torch/nn/modules/rnn.py:123: UserWarning: dropout option adds dropout after all but last recurrent layer, so non-zero dropout expects num_layers greater than 1, but got dropout=0.3 and num_layers=1
  warnings.warn(
  Ep 1: Train 0.5466 | Val 0.7906 | Test 0.0356
Validation loss decreased (0.790560 --> 0.790560).  Saving model ...
  Ep 2: Train 0.3846 | Val 0.7068 | Test 0.0254
Validation loss decreased (0.706764 --> 0.706764).  Saving model ...
  Ep 3: Train 0.3556 | Val 0.7542 | Test 0.0279
EarlyStopping counter: 1 out of 5
  Ep 4: Train 0.3407 | Val 0.7437 | Test 0.0267
EarlyStopping counter: 2 out of 5
  Ep 5: Train 0.3376 | Val 0.6298 | Test 0.0282
Validation loss decreased (0.629775 --> 0.629775).  Saving model ...
  Ep 6: Train 0.3354 | Val 0.6522 | Test 0.0306
EarlyStopping counter: 1 out of 5
  Ep 7: Train 0.3304 | Val 0.6567 | Test 0.0333
EarlyStopping counter: 2 out of 5
  Ep 8: Train 0.3279 | Val 0.6594 | Test 0.0280
EarlyStopping counter: 3 out of 5
  Ep 9: Train 0.3209 | Val 0.7424 | Test 0.0292
EarlyStopping counter: 4 out of 5
  Ep 10: Train 0.3150 | Val 0.6247 | Test 0.0323
Validation loss decreased (0.624715 --> 0.624715).  Saving model ...
  Ep 11: Train 0.3151 | Val 0.7201 | Test 0.0312
EarlyStopping counter: 1 out of 5
  Ep 12: Train 0.3129 | Val 0.7124 | Test 0.0311
EarlyStopping counter: 2 out of 5
  Ep 13: Train 0.3050 | Val 0.6664 | Test 0.0364
EarlyStopping counter: 3 out of 5
  Ep 14: Train 0.2932 | Val 0.6448 | Test 0.0285
EarlyStopping counter: 4 out of 5
  Ep 15: Train 0.2961 | Val 0.6785 | Test 0.0301
EarlyStopping counter: 5 out of 5
Early stopping triggered!
/home/sangukchoi/Stroke_SDA/sda_training.py:615: FutureWarning: You are using `torch.load` with `weights_only=False` (the current default value), which uses the default pickle module implicitly. It is possible to construct malicious pickle data which will execute arbitrary code during unpickling (See https://github.com/pytorch/pytorch/blob/main/SECURITY.md#untrusted-models for more details). In a future release, the default value for `weights_only` will be flipped to `True`. This limits the functions that could be executed during unpickling. Arbitrary objects will no longer be allowed to be loaded via this mode unless they are explicitly allowlisted by the user via `torch.serialization.add_safe_globals`. We recommend you start setting `weights_only=True` for any use case where you don't have full control of the loaded file. Please open an issue on GitHub for any issues related to this experimental feature.
  model.load_state_dict(torch.load(os.path.join(out_dir, 'best_model.pth')))
Final Test MSE (Best Model): 0.0323
Finished. Status: Success
