Starting Run on GPU 1
Time: 2025-12-25 04:42:05

[Run Start] Subject S013 | Mode ['SDA'] | Params: L2.0_LS0.7_LR0.0001_E64_D128_Dr0.3

[Fold 1 - SDA] Train: ['S013_T003', 'S013_T006'], Test: S013_T002, Norm: fixed
/home/sangukchoi/.conda/envs/torch_gpu/lib/python3.10/site-packages/torch/nn/modules/rnn.py:123: UserWarning: dropout option adds dropout after all but last recurrent layer, so non-zero dropout expects num_layers greater than 1, but got dropout=0.3 and num_layers=1
  warnings.warn(
  Ep 1: Train 0.6191 | Val 0.6001 | Test 0.0658
Validation loss decreased (0.600111 --> 0.600111).  Saving model ...
  Ep 2: Train 0.3512 | Val 0.5648 | Test 0.0466
Validation loss decreased (0.564806 --> 0.564806).  Saving model ...
  Ep 3: Train 0.3053 | Val 0.5049 | Test 0.0296
Validation loss decreased (0.504916 --> 0.504916).  Saving model ...
  Ep 4: Train 0.2790 | Val 0.4468 | Test 0.0265
Validation loss decreased (0.446761 --> 0.446761).  Saving model ...
  Ep 5: Train 0.2611 | Val 0.4611 | Test 0.0243
EarlyStopping counter: 1 out of 5
  Ep 6: Train 0.2525 | Val 0.4215 | Test 0.0300
Validation loss decreased (0.421454 --> 0.421454).  Saving model ...
  Ep 7: Train 0.2441 | Val 0.4303 | Test 0.0257
EarlyStopping counter: 1 out of 5
  Ep 8: Train 0.2416 | Val 0.4440 | Test 0.0285
EarlyStopping counter: 2 out of 5
  Ep 9: Train 0.2362 | Val 0.4199 | Test 0.0306
Validation loss decreased (0.419926 --> 0.419926).  Saving model ...
  Ep 10: Train 0.2350 | Val 0.4356 | Test 0.0277
EarlyStopping counter: 1 out of 5
  Ep 11: Train 0.2270 | Val 0.4375 | Test 0.0337
EarlyStopping counter: 2 out of 5
  Ep 12: Train 0.2213 | Val 0.4481 | Test 0.0312
EarlyStopping counter: 3 out of 5
  Ep 13: Train 0.2234 | Val 0.4281 | Test 0.0292
EarlyStopping counter: 4 out of 5
  Ep 14: Train 0.2218 | Val 0.4294 | Test 0.0340
EarlyStopping counter: 5 out of 5
Early stopping triggered!
/home/sangukchoi/Stroke_SDA/sda_training.py:615: FutureWarning: You are using `torch.load` with `weights_only=False` (the current default value), which uses the default pickle module implicitly. It is possible to construct malicious pickle data which will execute arbitrary code during unpickling (See https://github.com/pytorch/pytorch/blob/main/SECURITY.md#untrusted-models for more details). In a future release, the default value for `weights_only` will be flipped to `True`. This limits the functions that could be executed during unpickling. Arbitrary objects will no longer be allowed to be loaded via this mode unless they are explicitly allowlisted by the user via `torch.serialization.add_safe_globals`. We recommend you start setting `weights_only=True` for any use case where you don't have full control of the loaded file. Please open an issue on GitHub for any issues related to this experimental feature.
  model.load_state_dict(torch.load(os.path.join(out_dir, 'best_model.pth')))
Final Test MSE (Best Model): 0.0306
Finished. Status: Success
