Starting Run on GPU 0
Time: 2025-12-25 04:54:54

[Run Start] Subject S013 | Mode ['SDA'] | Params: L2.5_LS0.3_LR0.0001_E64_D32_Dr0.3

[Fold 1 - SDA] Train: ['S013_T003', 'S013_T006'], Test: S013_T002, Norm: fixed
/home/sangukchoi/.conda/envs/torch_gpu/lib/python3.10/site-packages/torch/nn/modules/rnn.py:123: UserWarning: dropout option adds dropout after all but last recurrent layer, so non-zero dropout expects num_layers greater than 1, but got dropout=0.3 and num_layers=1
  warnings.warn(
  Ep 1: Train 0.6869 | Val 0.8396 | Test 0.0852
Validation loss decreased (0.839581 --> 0.839581).  Saving model ...
  Ep 2: Train 0.3843 | Val 0.7277 | Test 0.0532
Validation loss decreased (0.727706 --> 0.727706).  Saving model ...
  Ep 3: Train 0.3393 | Val 0.6129 | Test 0.0378
Validation loss decreased (0.612939 --> 0.612939).  Saving model ...
  Ep 4: Train 0.3178 | Val 0.6186 | Test 0.0335
EarlyStopping counter: 1 out of 5
  Ep 5: Train 0.3062 | Val 0.5958 | Test 0.0337
Validation loss decreased (0.595774 --> 0.595774).  Saving model ...
  Ep 6: Train 0.2936 | Val 0.6022 | Test 0.0377
EarlyStopping counter: 1 out of 5
  Ep 7: Train 0.2816 | Val 0.6116 | Test 0.0387
EarlyStopping counter: 2 out of 5
  Ep 8: Train 0.2731 | Val 0.6120 | Test 0.0414
EarlyStopping counter: 3 out of 5
  Ep 9: Train 0.2690 | Val 0.5719 | Test 0.0384
Validation loss decreased (0.571893 --> 0.571893).  Saving model ...
  Ep 10: Train 0.2610 | Val 0.6105 | Test 0.0406
EarlyStopping counter: 1 out of 5
  Ep 11: Train 0.2629 | Val 0.6405 | Test 0.0378
EarlyStopping counter: 2 out of 5
  Ep 12: Train 0.2565 | Val 0.5411 | Test 0.0346
Validation loss decreased (0.541107 --> 0.541107).  Saving model ...
  Ep 13: Train 0.2482 | Val 0.5798 | Test 0.0383
EarlyStopping counter: 1 out of 5
  Ep 14: Train 0.2445 | Val 0.5535 | Test 0.0338
EarlyStopping counter: 2 out of 5
  Ep 15: Train 0.2422 | Val 0.5259 | Test 0.0373
Validation loss decreased (0.525935 --> 0.525935).  Saving model ...
  Ep 16: Train 0.2394 | Val 0.5372 | Test 0.0324
EarlyStopping counter: 1 out of 5
  Ep 17: Train 0.2359 | Val 0.5122 | Test 0.0384
Validation loss decreased (0.512160 --> 0.512160).  Saving model ...
  Ep 18: Train 0.2401 | Val 0.5554 | Test 0.0348
EarlyStopping counter: 1 out of 5
  Ep 19: Train 0.2353 | Val 0.5702 | Test 0.0343
EarlyStopping counter: 2 out of 5
  Ep 20: Train 0.2344 | Val 0.5268 | Test 0.0295
EarlyStopping counter: 3 out of 5
  Ep 21: Train 0.2319 | Val 0.6074 | Test 0.0305
EarlyStopping counter: 4 out of 5
  Ep 22: Train 0.2352 | Val 0.5154 | Test 0.0334
EarlyStopping counter: 5 out of 5
Early stopping triggered!
/home/sangukchoi/Stroke_SDA/sda_training.py:615: FutureWarning: You are using `torch.load` with `weights_only=False` (the current default value), which uses the default pickle module implicitly. It is possible to construct malicious pickle data which will execute arbitrary code during unpickling (See https://github.com/pytorch/pytorch/blob/main/SECURITY.md#untrusted-models for more details). In a future release, the default value for `weights_only` will be flipped to `True`. This limits the functions that could be executed during unpickling. Arbitrary objects will no longer be allowed to be loaded via this mode unless they are explicitly allowlisted by the user via `torch.serialization.add_safe_globals`. We recommend you start setting `weights_only=True` for any use case where you don't have full control of the loaded file. Please open an issue on GitHub for any issues related to this experimental feature.
  model.load_state_dict(torch.load(os.path.join(out_dir, 'best_model.pth')))
Final Test MSE (Best Model): 0.0384
Finished. Status: Success
