Starting Run on GPU 0
Time: 2025-12-25 04:02:08

[Run Start] Subject S013 | Mode ['SDA'] | Params: L0.5_LS1.0_LR0.0001_E128_D32_Dr0.3

[Fold 1 - SDA] Train: ['S013_T003', 'S013_T006'], Test: S013_T002, Norm: fixed
/home/sangukchoi/.conda/envs/torch_gpu/lib/python3.10/site-packages/torch/nn/modules/rnn.py:123: UserWarning: dropout option adds dropout after all but last recurrent layer, so non-zero dropout expects num_layers greater than 1, but got dropout=0.3 and num_layers=1
  warnings.warn(
  Ep 1: Train 0.2733 | Val 0.1806 | Test 0.0151
Validation loss decreased (0.180565 --> 0.180565).  Saving model ...
  Ep 2: Train 0.1157 | Val 0.1583 | Test 0.0195
Validation loss decreased (0.158327 --> 0.158327).  Saving model ...
  Ep 3: Train 0.0995 | Val 0.1410 | Test 0.0252
Validation loss decreased (0.140967 --> 0.140967).  Saving model ...
  Ep 4: Train 0.0926 | Val 0.1410 | Test 0.0290
EarlyStopping counter: 1 out of 5
  Ep 5: Train 0.0887 | Val 0.1386 | Test 0.0331
Validation loss decreased (0.138565 --> 0.138565).  Saving model ...
  Ep 6: Train 0.0858 | Val 0.1426 | Test 0.0323
EarlyStopping counter: 1 out of 5
  Ep 7: Train 0.0842 | Val 0.1346 | Test 0.0371
Validation loss decreased (0.134632 --> 0.134632).  Saving model ...
  Ep 8: Train 0.0835 | Val 0.1400 | Test 0.0382
EarlyStopping counter: 1 out of 5
  Ep 9: Train 0.0814 | Val 0.1367 | Test 0.0424
EarlyStopping counter: 2 out of 5
  Ep 10: Train 0.0811 | Val 0.1297 | Test 0.0416
Validation loss decreased (0.129688 --> 0.129688).  Saving model ...
  Ep 11: Train 0.0800 | Val 0.1261 | Test 0.0479
Validation loss decreased (0.126106 --> 0.126106).  Saving model ...
  Ep 12: Train 0.0782 | Val 0.1259 | Test 0.0475
EarlyStopping counter: 1 out of 5
  Ep 13: Train 0.0788 | Val 0.1317 | Test 0.0452
EarlyStopping counter: 2 out of 5
  Ep 14: Train 0.0779 | Val 0.1254 | Test 0.0527
Validation loss decreased (0.125410 --> 0.125410).  Saving model ...
  Ep 15: Train 0.0753 | Val 0.1278 | Test 0.0505
EarlyStopping counter: 1 out of 5
  Ep 16: Train 0.0754 | Val 0.1258 | Test 0.0537
EarlyStopping counter: 2 out of 5
  Ep 17: Train 0.0738 | Val 0.1314 | Test 0.0539
EarlyStopping counter: 3 out of 5
  Ep 18: Train 0.0736 | Val 0.1259 | Test 0.0494
EarlyStopping counter: 4 out of 5
  Ep 19: Train 0.0718 | Val 0.1271 | Test 0.0554
EarlyStopping counter: 5 out of 5
Early stopping triggered!
/home/sangukchoi/Stroke_SDA/sda_training.py:615: FutureWarning: You are using `torch.load` with `weights_only=False` (the current default value), which uses the default pickle module implicitly. It is possible to construct malicious pickle data which will execute arbitrary code during unpickling (See https://github.com/pytorch/pytorch/blob/main/SECURITY.md#untrusted-models for more details). In a future release, the default value for `weights_only` will be flipped to `True`. This limits the functions that could be executed during unpickling. Arbitrary objects will no longer be allowed to be loaded via this mode unless they are explicitly allowlisted by the user via `torch.serialization.add_safe_globals`. We recommend you start setting `weights_only=True` for any use case where you don't have full control of the loaded file. Please open an issue on GitHub for any issues related to this experimental feature.
  model.load_state_dict(torch.load(os.path.join(out_dir, 'best_model.pth')))
Final Test MSE (Best Model): 0.0527
Finished. Status: Success
