Starting Run on GPU 1
Time: 2025-12-25 05:32:33

[Run Start] Subject S013 | Mode ['SDA'] | Params: L3.0_LS0.3_LR0.0001_E256_D32_Dr0.3

[Fold 1 - SDA] Train: ['S013_T003', 'S013_T006'], Test: S013_T002, Norm: fixed
/home/sangukchoi/.conda/envs/torch_gpu/lib/python3.10/site-packages/torch/nn/modules/rnn.py:123: UserWarning: dropout option adds dropout after all but last recurrent layer, so non-zero dropout expects num_layers greater than 1, but got dropout=0.3 and num_layers=1
  warnings.warn(
  Ep 1: Train 0.5040 | Val 0.7464 | Test 0.0485
Validation loss decreased (0.746357 --> 0.746357).  Saving model ...
  Ep 2: Train 0.3588 | Val 0.6238 | Test 0.0285
Validation loss decreased (0.623799 --> 0.623799).  Saving model ...
  Ep 3: Train 0.3295 | Val 0.6991 | Test 0.0347
EarlyStopping counter: 1 out of 5
  Ep 4: Train 0.3134 | Val 0.7055 | Test 0.0361
EarlyStopping counter: 2 out of 5
  Ep 5: Train 0.3086 | Val 0.6690 | Test 0.0266
EarlyStopping counter: 3 out of 5
  Ep 6: Train 0.3042 | Val 0.6679 | Test 0.0246
EarlyStopping counter: 4 out of 5
  Ep 7: Train 0.3023 | Val 0.5882 | Test 0.0297
Validation loss decreased (0.588176 --> 0.588176).  Saving model ...
  Ep 8: Train 0.2927 | Val 0.7367 | Test 0.0323
EarlyStopping counter: 1 out of 5
  Ep 9: Train 0.2828 | Val 0.7376 | Test 0.0295
EarlyStopping counter: 2 out of 5
  Ep 10: Train 0.2809 | Val 0.7699 | Test 0.0275
EarlyStopping counter: 3 out of 5
  Ep 11: Train 0.2802 | Val 0.6813 | Test 0.0313
EarlyStopping counter: 4 out of 5
  Ep 12: Train 0.2734 | Val 0.7911 | Test 0.0319
EarlyStopping counter: 5 out of 5
Early stopping triggered!
/home/sangukchoi/Stroke_SDA/sda_training.py:615: FutureWarning: You are using `torch.load` with `weights_only=False` (the current default value), which uses the default pickle module implicitly. It is possible to construct malicious pickle data which will execute arbitrary code during unpickling (See https://github.com/pytorch/pytorch/blob/main/SECURITY.md#untrusted-models for more details). In a future release, the default value for `weights_only` will be flipped to `True`. This limits the functions that could be executed during unpickling. Arbitrary objects will no longer be allowed to be loaded via this mode unless they are explicitly allowlisted by the user via `torch.serialization.add_safe_globals`. We recommend you start setting `weights_only=True` for any use case where you don't have full control of the loaded file. Please open an issue on GitHub for any issues related to this experimental feature.
  model.load_state_dict(torch.load(os.path.join(out_dir, 'best_model.pth')))
Final Test MSE (Best Model): 0.0297
Finished. Status: Success
