Starting Run on GPU 0
Time: 2025-12-25 05:10:41

[Run Start] Subject S013 | Mode ['SDA'] | Params: L2.5_LS0.5_LR0.0001_E256_D64_Dr0.3

[Fold 1 - SDA] Train: ['S013_T003', 'S013_T006'], Test: S013_T002, Norm: fixed
/home/sangukchoi/.conda/envs/torch_gpu/lib/python3.10/site-packages/torch/nn/modules/rnn.py:123: UserWarning: dropout option adds dropout after all but last recurrent layer, so non-zero dropout expects num_layers greater than 1, but got dropout=0.3 and num_layers=1
  warnings.warn(
  Ep 1: Train 0.4641 | Val 0.6253 | Test 0.0318
Validation loss decreased (0.625321 --> 0.625321).  Saving model ...
  Ep 2: Train 0.3209 | Val 0.6301 | Test 0.0277
EarlyStopping counter: 1 out of 5
  Ep 3: Train 0.2943 | Val 0.5244 | Test 0.0249
Validation loss decreased (0.524440 --> 0.524440).  Saving model ...
  Ep 4: Train 0.2857 | Val 0.5568 | Test 0.0263
EarlyStopping counter: 1 out of 5
  Ep 5: Train 0.2736 | Val 0.5442 | Test 0.0233
EarlyStopping counter: 2 out of 5
  Ep 6: Train 0.2701 | Val 0.5395 | Test 0.0305
EarlyStopping counter: 3 out of 5
  Ep 7: Train 0.2734 | Val 0.5389 | Test 0.0235
EarlyStopping counter: 4 out of 5
  Ep 8: Train 0.2663 | Val 0.5297 | Test 0.0289
EarlyStopping counter: 5 out of 5
Early stopping triggered!
/home/sangukchoi/Stroke_SDA/sda_training.py:615: FutureWarning: You are using `torch.load` with `weights_only=False` (the current default value), which uses the default pickle module implicitly. It is possible to construct malicious pickle data which will execute arbitrary code during unpickling (See https://github.com/pytorch/pytorch/blob/main/SECURITY.md#untrusted-models for more details). In a future release, the default value for `weights_only` will be flipped to `True`. This limits the functions that could be executed during unpickling. Arbitrary objects will no longer be allowed to be loaded via this mode unless they are explicitly allowlisted by the user via `torch.serialization.add_safe_globals`. We recommend you start setting `weights_only=True` for any use case where you don't have full control of the loaded file. Please open an issue on GitHub for any issues related to this experimental feature.
  model.load_state_dict(torch.load(os.path.join(out_dir, 'best_model.pth')))
Final Test MSE (Best Model): 0.0249
Finished. Status: Success
