Starting Run on GPU 1
Time: 2025-12-25 04:12:04

[Run Start] Subject S013 | Mode ['SDA'] | Params: L1.0_LS0.7_LR0.0001_E128_D32_Dr0.3

[Fold 1 - SDA] Train: ['S013_T003', 'S013_T006'], Test: S013_T002, Norm: fixed
/home/sangukchoi/.conda/envs/torch_gpu/lib/python3.10/site-packages/torch/nn/modules/rnn.py:123: UserWarning: dropout option adds dropout after all but last recurrent layer, so non-zero dropout expects num_layers greater than 1, but got dropout=0.3 and num_layers=1
  warnings.warn(
  Ep 1: Train 0.3136 | Val 0.2762 | Test 0.0217
Validation loss decreased (0.276182 --> 0.276182).  Saving model ...
  Ep 2: Train 0.1513 | Val 0.2431 | Test 0.0351
Validation loss decreased (0.243120 --> 0.243120).  Saving model ...
  Ep 3: Train 0.1419 | Val 0.2284 | Test 0.0397
Validation loss decreased (0.228362 --> 0.228362).  Saving model ...
  Ep 4: Train 0.1317 | Val 0.2267 | Test 0.0478
Validation loss decreased (0.226663 --> 0.226663).  Saving model ...
  Ep 5: Train 0.1269 | Val 0.2358 | Test 0.0431
EarlyStopping counter: 1 out of 5
  Ep 6: Train 0.1246 | Val 0.2350 | Test 0.0356
EarlyStopping counter: 2 out of 5
  Ep 7: Train 0.1224 | Val 0.2373 | Test 0.0422
EarlyStopping counter: 3 out of 5
  Ep 8: Train 0.1209 | Val 0.2236 | Test 0.0412
Validation loss decreased (0.223635 --> 0.223635).  Saving model ...
  Ep 9: Train 0.1203 | Val 0.2624 | Test 0.0388
EarlyStopping counter: 1 out of 5
  Ep 10: Train 0.1186 | Val 0.2394 | Test 0.0510
EarlyStopping counter: 2 out of 5
  Ep 11: Train 0.1158 | Val 0.2210 | Test 0.0377
Validation loss decreased (0.221028 --> 0.221028).  Saving model ...
  Ep 12: Train 0.1173 | Val 0.2531 | Test 0.0479
EarlyStopping counter: 1 out of 5
  Ep 13: Train 0.1128 | Val 0.2333 | Test 0.0513
EarlyStopping counter: 2 out of 5
  Ep 14: Train 0.1128 | Val 0.2368 | Test 0.0492
EarlyStopping counter: 3 out of 5
  Ep 15: Train 0.1117 | Val 0.2214 | Test 0.0517
EarlyStopping counter: 4 out of 5
  Ep 16: Train 0.1117 | Val 0.2353 | Test 0.0501
EarlyStopping counter: 5 out of 5
Early stopping triggered!
/home/sangukchoi/Stroke_SDA/sda_training.py:615: FutureWarning: You are using `torch.load` with `weights_only=False` (the current default value), which uses the default pickle module implicitly. It is possible to construct malicious pickle data which will execute arbitrary code during unpickling (See https://github.com/pytorch/pytorch/blob/main/SECURITY.md#untrusted-models for more details). In a future release, the default value for `weights_only` will be flipped to `True`. This limits the functions that could be executed during unpickling. Arbitrary objects will no longer be allowed to be loaded via this mode unless they are explicitly allowlisted by the user via `torch.serialization.add_safe_globals`. We recommend you start setting `weights_only=True` for any use case where you don't have full control of the loaded file. Please open an issue on GitHub for any issues related to this experimental feature.
  model.load_state_dict(torch.load(os.path.join(out_dir, 'best_model.pth')))
Final Test MSE (Best Model): 0.0377
Finished. Status: Success
