Starting Run on GPU 0
Time: 2025-12-25 05:00:59

[Run Start] Subject S013 | Mode ['SDA'] | Params: L2.5_LS0.3_LR0.0001_E128_D128_Dr0.3

[Fold 1 - SDA] Train: ['S013_T003', 'S013_T006'], Test: S013_T002, Norm: fixed
/home/sangukchoi/.conda/envs/torch_gpu/lib/python3.10/site-packages/torch/nn/modules/rnn.py:123: UserWarning: dropout option adds dropout after all but last recurrent layer, so non-zero dropout expects num_layers greater than 1, but got dropout=0.3 and num_layers=1
  warnings.warn(
  Ep 1: Train 0.5223 | Val 0.6551 | Test 0.0585
Validation loss decreased (0.655109 --> 0.655109).  Saving model ...
  Ep 2: Train 0.3324 | Val 0.5796 | Test 0.0310
Validation loss decreased (0.579621 --> 0.579621).  Saving model ...
  Ep 3: Train 0.3089 | Val 0.6091 | Test 0.0248
EarlyStopping counter: 1 out of 5
  Ep 4: Train 0.2963 | Val 0.5624 | Test 0.0245
Validation loss decreased (0.562418 --> 0.562418).  Saving model ...
  Ep 5: Train 0.2874 | Val 0.5129 | Test 0.0244
Validation loss decreased (0.512942 --> 0.512942).  Saving model ...
  Ep 6: Train 0.2794 | Val 0.5469 | Test 0.0305
EarlyStopping counter: 1 out of 5
  Ep 7: Train 0.2768 | Val 0.5210 | Test 0.0307
EarlyStopping counter: 2 out of 5
  Ep 8: Train 0.2672 | Val 0.5323 | Test 0.0398
EarlyStopping counter: 3 out of 5
  Ep 9: Train 0.2639 | Val 0.5177 | Test 0.0311
EarlyStopping counter: 4 out of 5
  Ep 10: Train 0.2582 | Val 0.5270 | Test 0.0426
EarlyStopping counter: 5 out of 5
Early stopping triggered!
/home/sangukchoi/Stroke_SDA/sda_training.py:615: FutureWarning: You are using `torch.load` with `weights_only=False` (the current default value), which uses the default pickle module implicitly. It is possible to construct malicious pickle data which will execute arbitrary code during unpickling (See https://github.com/pytorch/pytorch/blob/main/SECURITY.md#untrusted-models for more details). In a future release, the default value for `weights_only` will be flipped to `True`. This limits the functions that could be executed during unpickling. Arbitrary objects will no longer be allowed to be loaded via this mode unless they are explicitly allowlisted by the user via `torch.serialization.add_safe_globals`. We recommend you start setting `weights_only=True` for any use case where you don't have full control of the loaded file. Please open an issue on GitHub for any issues related to this experimental feature.
  model.load_state_dict(torch.load(os.path.join(out_dir, 'best_model.pth')))
Final Test MSE (Best Model): 0.0244
Finished. Status: Success
