Starting Run on GPU 1
Time: 2025-12-25 05:22:06

[Run Start] Subject S013 | Mode ['SDA'] | Params: L2.5_LS1.0_LR0.0001_E128_D128_Dr0.3

[Fold 1 - SDA] Train: ['S013_T003', 'S013_T006'], Test: S013_T002, Norm: fixed
/home/sangukchoi/.conda/envs/torch_gpu/lib/python3.10/site-packages/torch/nn/modules/rnn.py:123: UserWarning: dropout option adds dropout after all but last recurrent layer, so non-zero dropout expects num_layers greater than 1, but got dropout=0.3 and num_layers=1
  warnings.warn(
  Ep 1: Train 0.6016 | Val 0.7082 | Test 0.0340
Validation loss decreased (0.708206 --> 0.708206).  Saving model ...
  Ep 2: Train 0.3611 | Val 0.6340 | Test 0.0419
Validation loss decreased (0.633981 --> 0.633981).  Saving model ...
  Ep 3: Train 0.3296 | Val 0.5641 | Test 0.0280
Validation loss decreased (0.564067 --> 0.564067).  Saving model ...
  Ep 4: Train 0.3170 | Val 0.5870 | Test 0.0265
EarlyStopping counter: 1 out of 5
  Ep 5: Train 0.3056 | Val 0.5567 | Test 0.0314
Validation loss decreased (0.556660 --> 0.556660).  Saving model ...
  Ep 6: Train 0.2957 | Val 0.5509 | Test 0.0279
Validation loss decreased (0.550909 --> 0.550909).  Saving model ...
  Ep 7: Train 0.2948 | Val 0.5627 | Test 0.0261
EarlyStopping counter: 1 out of 5
  Ep 8: Train 0.2980 | Val 0.5630 | Test 0.0250
EarlyStopping counter: 2 out of 5
  Ep 9: Train 0.2918 | Val 0.5722 | Test 0.0340
EarlyStopping counter: 3 out of 5
  Ep 10: Train 0.2823 | Val 0.5946 | Test 0.0335
EarlyStopping counter: 4 out of 5
  Ep 11: Train 0.2818 | Val 0.5516 | Test 0.0312
EarlyStopping counter: 5 out of 5
Early stopping triggered!
/home/sangukchoi/Stroke_SDA/sda_training.py:615: FutureWarning: You are using `torch.load` with `weights_only=False` (the current default value), which uses the default pickle module implicitly. It is possible to construct malicious pickle data which will execute arbitrary code during unpickling (See https://github.com/pytorch/pytorch/blob/main/SECURITY.md#untrusted-models for more details). In a future release, the default value for `weights_only` will be flipped to `True`. This limits the functions that could be executed during unpickling. Arbitrary objects will no longer be allowed to be loaded via this mode unless they are explicitly allowlisted by the user via `torch.serialization.add_safe_globals`. We recommend you start setting `weights_only=True` for any use case where you don't have full control of the loaded file. Please open an issue on GitHub for any issues related to this experimental feature.
  model.load_state_dict(torch.load(os.path.join(out_dir, 'best_model.pth')))
Final Test MSE (Best Model): 0.0279
Finished. Status: Success
