Starting Run on GPU 0
Time: 2025-12-25 04:30:34

[Run Start] Subject S013 | Mode ['SDA'] | Params: L1.5_LS0.7_LR0.0001_E128_D64_Dr0.3

[Fold 1 - SDA] Train: ['S013_T003', 'S013_T006'], Test: S013_T002, Norm: fixed
/home/sangukchoi/.conda/envs/torch_gpu/lib/python3.10/site-packages/torch/nn/modules/rnn.py:123: UserWarning: dropout option adds dropout after all but last recurrent layer, so non-zero dropout expects num_layers greater than 1, but got dropout=0.3 and num_layers=1
  warnings.warn(
  Ep 1: Train 0.3943 | Val 0.3356 | Test 0.0208
Validation loss decreased (0.335626 --> 0.335626).  Saving model ...
  Ep 2: Train 0.2163 | Val 0.3501 | Test 0.0221
EarlyStopping counter: 1 out of 5
  Ep 3: Train 0.1999 | Val 0.3503 | Test 0.0343
EarlyStopping counter: 2 out of 5
  Ep 4: Train 0.1930 | Val 0.3586 | Test 0.0337
EarlyStopping counter: 3 out of 5
  Ep 5: Train 0.1888 | Val 0.3271 | Test 0.0302
Validation loss decreased (0.327106 --> 0.327106).  Saving model ...
  Ep 6: Train 0.1860 | Val 0.3488 | Test 0.0305
EarlyStopping counter: 1 out of 5
  Ep 7: Train 0.1842 | Val 0.3411 | Test 0.0502
EarlyStopping counter: 2 out of 5
  Ep 8: Train 0.1804 | Val 0.3826 | Test 0.0407
EarlyStopping counter: 3 out of 5
  Ep 9: Train 0.1784 | Val 0.3431 | Test 0.0380
EarlyStopping counter: 4 out of 5
  Ep 10: Train 0.1749 | Val 0.3757 | Test 0.0494
EarlyStopping counter: 5 out of 5
Early stopping triggered!
/home/sangukchoi/Stroke_SDA/sda_training.py:615: FutureWarning: You are using `torch.load` with `weights_only=False` (the current default value), which uses the default pickle module implicitly. It is possible to construct malicious pickle data which will execute arbitrary code during unpickling (See https://github.com/pytorch/pytorch/blob/main/SECURITY.md#untrusted-models for more details). In a future release, the default value for `weights_only` will be flipped to `True`. This limits the functions that could be executed during unpickling. Arbitrary objects will no longer be allowed to be loaded via this mode unless they are explicitly allowlisted by the user via `torch.serialization.add_safe_globals`. We recommend you start setting `weights_only=True` for any use case where you don't have full control of the loaded file. Please open an issue on GitHub for any issues related to this experimental feature.
  model.load_state_dict(torch.load(os.path.join(out_dir, 'best_model.pth')))
Final Test MSE (Best Model): 0.0302
Finished. Status: Success
