Starting Run on GPU 1
Time: 2025-12-25 04:52:42

[Run Start] Subject S013 | Mode ['SDA'] | Params: L2.0_LS1.0_LR0.0001_E256_D32_Dr0.3

[Fold 1 - SDA] Train: ['S013_T003', 'S013_T006'], Test: S013_T002, Norm: fixed
/home/sangukchoi/.conda/envs/torch_gpu/lib/python3.10/site-packages/torch/nn/modules/rnn.py:123: UserWarning: dropout option adds dropout after all but last recurrent layer, so non-zero dropout expects num_layers greater than 1, but got dropout=0.3 and num_layers=1
  warnings.warn(
  Ep 1: Train 0.4241 | Val 0.5497 | Test 0.0207
Validation loss decreased (0.549715 --> 0.549715).  Saving model ...
  Ep 2: Train 0.2632 | Val 0.4546 | Test 0.0224
Validation loss decreased (0.454605 --> 0.454605).  Saving model ...
  Ep 3: Train 0.2454 | Val 0.4731 | Test 0.0271
EarlyStopping counter: 1 out of 5
  Ep 4: Train 0.2331 | Val 0.4617 | Test 0.0281
EarlyStopping counter: 2 out of 5
  Ep 5: Train 0.2250 | Val 0.4424 | Test 0.0258
Validation loss decreased (0.442408 --> 0.442408).  Saving model ...
  Ep 6: Train 0.2207 | Val 0.4989 | Test 0.0279
EarlyStopping counter: 1 out of 5
  Ep 7: Train 0.2200 | Val 0.4923 | Test 0.0302
EarlyStopping counter: 2 out of 5
  Ep 8: Train 0.2123 | Val 0.4661 | Test 0.0256
EarlyStopping counter: 3 out of 5
  Ep 9: Train 0.2080 | Val 0.4622 | Test 0.0208
EarlyStopping counter: 4 out of 5
  Ep 10: Train 0.2022 | Val 0.4341 | Test 0.0267
Validation loss decreased (0.434091 --> 0.434091).  Saving model ...
  Ep 11: Train 0.2037 | Val 0.4284 | Test 0.0345
Validation loss decreased (0.428410 --> 0.428410).  Saving model ...
  Ep 12: Train 0.2048 | Val 0.4700 | Test 0.0338
EarlyStopping counter: 1 out of 5
  Ep 13: Train 0.1957 | Val 0.4824 | Test 0.0231
EarlyStopping counter: 2 out of 5
  Ep 14: Train 0.2008 | Val 0.5021 | Test 0.0255
EarlyStopping counter: 3 out of 5
  Ep 15: Train 0.1966 | Val 0.4941 | Test 0.0342
EarlyStopping counter: 4 out of 5
  Ep 16: Train 0.1981 | Val 0.4668 | Test 0.0279
EarlyStopping counter: 5 out of 5
Early stopping triggered!
/home/sangukchoi/Stroke_SDA/sda_training.py:615: FutureWarning: You are using `torch.load` with `weights_only=False` (the current default value), which uses the default pickle module implicitly. It is possible to construct malicious pickle data which will execute arbitrary code during unpickling (See https://github.com/pytorch/pytorch/blob/main/SECURITY.md#untrusted-models for more details). In a future release, the default value for `weights_only` will be flipped to `True`. This limits the functions that could be executed during unpickling. Arbitrary objects will no longer be allowed to be loaded via this mode unless they are explicitly allowlisted by the user via `torch.serialization.add_safe_globals`. We recommend you start setting `weights_only=True` for any use case where you don't have full control of the loaded file. Please open an issue on GitHub for any issues related to this experimental feature.
  model.load_state_dict(torch.load(os.path.join(out_dir, 'best_model.pth')))
Final Test MSE (Best Model): 0.0345
Finished. Status: Success
