Starting Run on GPU 0
Time: 2025-12-25 05:46:24

[Run Start] Subject S013 | Mode ['SDA'] | Params: L3.0_LS0.7_LR0.0001_E128_D64_Dr0.3

[Fold 1 - SDA] Train: ['S013_T003', 'S013_T006'], Test: S013_T002, Norm: fixed
/home/sangukchoi/.conda/envs/torch_gpu/lib/python3.10/site-packages/torch/nn/modules/rnn.py:123: UserWarning: dropout option adds dropout after all but last recurrent layer, so non-zero dropout expects num_layers greater than 1, but got dropout=0.3 and num_layers=1
  warnings.warn(
  Ep 1: Train 0.6447 | Val 0.8033 | Test 0.0623
Validation loss decreased (0.803255 --> 0.803255).  Saving model ...
  Ep 2: Train 0.4187 | Val 0.7441 | Test 0.0341
Validation loss decreased (0.744055 --> 0.744055).  Saving model ...
  Ep 3: Train 0.3814 | Val 0.6265 | Test 0.0254
Validation loss decreased (0.626507 --> 0.626507).  Saving model ...
  Ep 4: Train 0.3591 | Val 0.6820 | Test 0.0548
EarlyStopping counter: 1 out of 5
  Ep 5: Train 0.3487 | Val 0.6690 | Test 0.0234
EarlyStopping counter: 2 out of 5
  Ep 6: Train 0.3411 | Val 0.6786 | Test 0.0261
EarlyStopping counter: 3 out of 5
  Ep 7: Train 0.3357 | Val 0.6881 | Test 0.0258
EarlyStopping counter: 4 out of 5
  Ep 8: Train 0.3355 | Val 0.6745 | Test 0.0262
EarlyStopping counter: 5 out of 5
Early stopping triggered!
/home/sangukchoi/Stroke_SDA/sda_training.py:615: FutureWarning: You are using `torch.load` with `weights_only=False` (the current default value), which uses the default pickle module implicitly. It is possible to construct malicious pickle data which will execute arbitrary code during unpickling (See https://github.com/pytorch/pytorch/blob/main/SECURITY.md#untrusted-models for more details). In a future release, the default value for `weights_only` will be flipped to `True`. This limits the functions that could be executed during unpickling. Arbitrary objects will no longer be allowed to be loaded via this mode unless they are explicitly allowlisted by the user via `torch.serialization.add_safe_globals`. We recommend you start setting `weights_only=True` for any use case where you don't have full control of the loaded file. Please open an issue on GitHub for any issues related to this experimental feature.
  model.load_state_dict(torch.load(os.path.join(out_dir, 'best_model.pth')))
Final Test MSE (Best Model): 0.0254
Finished. Status: Success
