Starting Run on GPU 3
Time: 2025-12-25 04:31:25

[Run Start] Subject S013 | Mode ['SDA'] | Params: L1.5_LS0.7_LR0.0001_E128_D128_Dr0.3

[Fold 1 - SDA] Train: ['S013_T003', 'S013_T006'], Test: S013_T002, Norm: fixed
/home/sangukchoi/.conda/envs/torch_gpu/lib/python3.10/site-packages/torch/nn/modules/rnn.py:123: UserWarning: dropout option adds dropout after all but last recurrent layer, so non-zero dropout expects num_layers greater than 1, but got dropout=0.3 and num_layers=1
  warnings.warn(
  Ep 1: Train 0.4075 | Val 0.4044 | Test 0.0237
Validation loss decreased (0.404382 --> 0.404382).  Saving model ...
  Ep 2: Train 0.2244 | Val 0.3567 | Test 0.0290
Validation loss decreased (0.356664 --> 0.356664).  Saving model ...
  Ep 3: Train 0.2009 | Val 0.3545 | Test 0.0306
Validation loss decreased (0.354543 --> 0.354543).  Saving model ...
  Ep 4: Train 0.1992 | Val 0.3490 | Test 0.0334
Validation loss decreased (0.348955 --> 0.348955).  Saving model ...
  Ep 5: Train 0.1906 | Val 0.3414 | Test 0.0311
Validation loss decreased (0.341423 --> 0.341423).  Saving model ...
  Ep 6: Train 0.1887 | Val 0.3465 | Test 0.0311
EarlyStopping counter: 1 out of 5
  Ep 7: Train 0.1860 | Val 0.3617 | Test 0.0374
EarlyStopping counter: 2 out of 5
  Ep 8: Train 0.1835 | Val 0.3684 | Test 0.0412
EarlyStopping counter: 3 out of 5
  Ep 9: Train 0.1816 | Val 0.3530 | Test 0.0462
EarlyStopping counter: 4 out of 5
  Ep 10: Train 0.1782 | Val 0.3842 | Test 0.0300
EarlyStopping counter: 5 out of 5
Early stopping triggered!
/home/sangukchoi/Stroke_SDA/sda_training.py:615: FutureWarning: You are using `torch.load` with `weights_only=False` (the current default value), which uses the default pickle module implicitly. It is possible to construct malicious pickle data which will execute arbitrary code during unpickling (See https://github.com/pytorch/pytorch/blob/main/SECURITY.md#untrusted-models for more details). In a future release, the default value for `weights_only` will be flipped to `True`. This limits the functions that could be executed during unpickling. Arbitrary objects will no longer be allowed to be loaded via this mode unless they are explicitly allowlisted by the user via `torch.serialization.add_safe_globals`. We recommend you start setting `weights_only=True` for any use case where you don't have full control of the loaded file. Please open an issue on GitHub for any issues related to this experimental feature.
  model.load_state_dict(torch.load(os.path.join(out_dir, 'best_model.pth')))
Final Test MSE (Best Model): 0.0311
Finished. Status: Success
