Starting Run on GPU 2
Time: 2025-12-25 04:50:27

[Run Start] Subject S013 | Mode ['SDA'] | Params: L2.0_LS1.0_LR0.0001_E128_D64_Dr0.3

[Fold 1 - SDA] Train: ['S013_T003', 'S013_T006'], Test: S013_T002, Norm: fixed
/home/sangukchoi/.conda/envs/torch_gpu/lib/python3.10/site-packages/torch/nn/modules/rnn.py:123: UserWarning: dropout option adds dropout after all but last recurrent layer, so non-zero dropout expects num_layers greater than 1, but got dropout=0.3 and num_layers=1
  warnings.warn(
  Ep 1: Train 0.5357 | Val 0.5467 | Test 0.0452
Validation loss decreased (0.546712 --> 0.546712).  Saving model ...
  Ep 2: Train 0.3036 | Val 0.4844 | Test 0.0244
Validation loss decreased (0.484357 --> 0.484357).  Saving model ...
  Ep 3: Train 0.2812 | Val 0.4486 | Test 0.0377
Validation loss decreased (0.448569 --> 0.448569).  Saving model ...
  Ep 4: Train 0.2608 | Val 0.4188 | Test 0.0472
Validation loss decreased (0.418760 --> 0.418760).  Saving model ...
  Ep 5: Train 0.2564 | Val 0.4813 | Test 0.0438
EarlyStopping counter: 1 out of 5
  Ep 6: Train 0.2524 | Val 0.4062 | Test 0.0393
Validation loss decreased (0.406172 --> 0.406172).  Saving model ...
  Ep 7: Train 0.2490 | Val 0.4490 | Test 0.0333
EarlyStopping counter: 1 out of 5
  Ep 8: Train 0.2411 | Val 0.3878 | Test 0.0362
Validation loss decreased (0.387759 --> 0.387759).  Saving model ...
  Ep 9: Train 0.2374 | Val 0.4038 | Test 0.0393
EarlyStopping counter: 1 out of 5
  Ep 10: Train 0.2426 | Val 0.4049 | Test 0.0360
EarlyStopping counter: 2 out of 5
  Ep 11: Train 0.2334 | Val 0.4229 | Test 0.0332
EarlyStopping counter: 3 out of 5
  Ep 12: Train 0.2312 | Val 0.4348 | Test 0.0403
EarlyStopping counter: 4 out of 5
  Ep 13: Train 0.2349 | Val 0.4713 | Test 0.0435
EarlyStopping counter: 5 out of 5
Early stopping triggered!
/home/sangukchoi/Stroke_SDA/sda_training.py:615: FutureWarning: You are using `torch.load` with `weights_only=False` (the current default value), which uses the default pickle module implicitly. It is possible to construct malicious pickle data which will execute arbitrary code during unpickling (See https://github.com/pytorch/pytorch/blob/main/SECURITY.md#untrusted-models for more details). In a future release, the default value for `weights_only` will be flipped to `True`. This limits the functions that could be executed during unpickling. Arbitrary objects will no longer be allowed to be loaded via this mode unless they are explicitly allowlisted by the user via `torch.serialization.add_safe_globals`. We recommend you start setting `weights_only=True` for any use case where you don't have full control of the loaded file. Please open an issue on GitHub for any issues related to this experimental feature.
  model.load_state_dict(torch.load(os.path.join(out_dir, 'best_model.pth')))
Final Test MSE (Best Model): 0.0362
Finished. Status: Success
