Starting Run on GPU 1
Time: 2025-12-25 04:07:39

[Run Start] Subject S013 | Mode ['SDA'] | Params: L1.0_LS0.7_LR0.0001_E64_D32_Dr0.3

[Fold 1 - SDA] Train: ['S013_T003', 'S013_T006'], Test: S013_T002, Norm: fixed
/home/sangukchoi/.conda/envs/torch_gpu/lib/python3.10/site-packages/torch/nn/modules/rnn.py:123: UserWarning: dropout option adds dropout after all but last recurrent layer, so non-zero dropout expects num_layers greater than 1, but got dropout=0.3 and num_layers=1
  warnings.warn(
  Ep 1: Train 0.4380 | Val 0.2909 | Test 0.0273
Validation loss decreased (0.290930 --> 0.290930).  Saving model ...
  Ep 2: Train 0.1836 | Val 0.2700 | Test 0.0178
Validation loss decreased (0.270014 --> 0.270014).  Saving model ...
  Ep 3: Train 0.1534 | Val 0.2413 | Test 0.0256
Validation loss decreased (0.241344 --> 0.241344).  Saving model ...
  Ep 4: Train 0.1429 | Val 0.2455 | Test 0.0351
EarlyStopping counter: 1 out of 5
  Ep 5: Train 0.1343 | Val 0.2311 | Test 0.0404
Validation loss decreased (0.231079 --> 0.231079).  Saving model ...
  Ep 6: Train 0.1302 | Val 0.2285 | Test 0.0427
Validation loss decreased (0.228485 --> 0.228485).  Saving model ...
  Ep 7: Train 0.1259 | Val 0.2353 | Test 0.0402
EarlyStopping counter: 1 out of 5
  Ep 8: Train 0.1272 | Val 0.2378 | Test 0.0458
EarlyStopping counter: 2 out of 5
  Ep 9: Train 0.1252 | Val 0.2374 | Test 0.0409
EarlyStopping counter: 3 out of 5
  Ep 10: Train 0.1242 | Val 0.2240 | Test 0.0456
Validation loss decreased (0.224026 --> 0.224026).  Saving model ...
  Ep 11: Train 0.1223 | Val 0.2340 | Test 0.0368
EarlyStopping counter: 1 out of 5
  Ep 12: Train 0.1218 | Val 0.2296 | Test 0.0406
EarlyStopping counter: 2 out of 5
  Ep 13: Train 0.1203 | Val 0.2480 | Test 0.0368
EarlyStopping counter: 3 out of 5
  Ep 14: Train 0.1181 | Val 0.2363 | Test 0.0455
EarlyStopping counter: 4 out of 5
  Ep 15: Train 0.1185 | Val 0.2433 | Test 0.0409
EarlyStopping counter: 5 out of 5
Early stopping triggered!
/home/sangukchoi/Stroke_SDA/sda_training.py:615: FutureWarning: You are using `torch.load` with `weights_only=False` (the current default value), which uses the default pickle module implicitly. It is possible to construct malicious pickle data which will execute arbitrary code during unpickling (See https://github.com/pytorch/pytorch/blob/main/SECURITY.md#untrusted-models for more details). In a future release, the default value for `weights_only` will be flipped to `True`. This limits the functions that could be executed during unpickling. Arbitrary objects will no longer be allowed to be loaded via this mode unless they are explicitly allowlisted by the user via `torch.serialization.add_safe_globals`. We recommend you start setting `weights_only=True` for any use case where you don't have full control of the loaded file. Please open an issue on GitHub for any issues related to this experimental feature.
  model.load_state_dict(torch.load(os.path.join(out_dir, 'best_model.pth')))
Final Test MSE (Best Model): 0.0456
Finished. Status: Success
