Starting Run on GPU 0
Time: 2025-12-25 03:51:24

[Run Start] Subject S013 | Mode ['SDA'] | Params: L0.5_LS0.7_LR0.0001_E128_D32_Dr0.3

[Fold 1 - SDA] Train: ['S013_T003', 'S013_T006'], Test: S013_T002, Norm: fixed
/home/sangukchoi/.conda/envs/torch_gpu/lib/python3.10/site-packages/torch/nn/modules/rnn.py:123: UserWarning: dropout option adds dropout after all but last recurrent layer, so non-zero dropout expects num_layers greater than 1, but got dropout=0.3 and num_layers=1
  warnings.warn(
  Ep 1: Train 0.2314 | Val 0.1552 | Test 0.0197
Validation loss decreased (0.155192 --> 0.155192).  Saving model ...
  Ep 2: Train 0.0993 | Val 0.1449 | Test 0.0294
Validation loss decreased (0.144922 --> 0.144922).  Saving model ...
  Ep 3: Train 0.0872 | Val 0.1257 | Test 0.0329
Validation loss decreased (0.125690 --> 0.125690).  Saving model ...
  Ep 4: Train 0.0824 | Val 0.1285 | Test 0.0369
EarlyStopping counter: 1 out of 5
  Ep 5: Train 0.0779 | Val 0.1248 | Test 0.0481
Validation loss decreased (0.124756 --> 0.124756).  Saving model ...
  Ep 6: Train 0.0757 | Val 0.1249 | Test 0.0578
EarlyStopping counter: 1 out of 5
  Ep 7: Train 0.0751 | Val 0.1275 | Test 0.0553
EarlyStopping counter: 2 out of 5
  Ep 8: Train 0.0720 | Val 0.1381 | Test 0.0613
EarlyStopping counter: 3 out of 5
  Ep 9: Train 0.0730 | Val 0.1288 | Test 0.0582
EarlyStopping counter: 4 out of 5
  Ep 10: Train 0.0720 | Val 0.1214 | Test 0.0541
Validation loss decreased (0.121351 --> 0.121351).  Saving model ...
  Ep 11: Train 0.0702 | Val 0.1296 | Test 0.0629
EarlyStopping counter: 1 out of 5
  Ep 12: Train 0.0702 | Val 0.1310 | Test 0.0547
EarlyStopping counter: 2 out of 5
  Ep 13: Train 0.0683 | Val 0.1253 | Test 0.0515
EarlyStopping counter: 3 out of 5
  Ep 14: Train 0.0681 | Val 0.1241 | Test 0.0451
EarlyStopping counter: 4 out of 5
  Ep 15: Train 0.0675 | Val 0.1267 | Test 0.0418
EarlyStopping counter: 5 out of 5
Early stopping triggered!
/home/sangukchoi/Stroke_SDA/sda_training.py:615: FutureWarning: You are using `torch.load` with `weights_only=False` (the current default value), which uses the default pickle module implicitly. It is possible to construct malicious pickle data which will execute arbitrary code during unpickling (See https://github.com/pytorch/pytorch/blob/main/SECURITY.md#untrusted-models for more details). In a future release, the default value for `weights_only` will be flipped to `True`. This limits the functions that could be executed during unpickling. Arbitrary objects will no longer be allowed to be loaded via this mode unless they are explicitly allowlisted by the user via `torch.serialization.add_safe_globals`. We recommend you start setting `weights_only=True` for any use case where you don't have full control of the loaded file. Please open an issue on GitHub for any issues related to this experimental feature.
  model.load_state_dict(torch.load(os.path.join(out_dir, 'best_model.pth')))
Final Test MSE (Best Model): 0.0541
Finished. Status: Success
