Starting Run on GPU 1
Time: 2025-12-25 05:42:03

[Run Start] Subject S013 | Mode ['SDA'] | Params: L3.0_LS0.7_LR0.0001_E64_D32_Dr0.3

[Fold 1 - SDA] Train: ['S013_T003', 'S013_T006'], Test: S013_T002, Norm: fixed
/home/sangukchoi/.conda/envs/torch_gpu/lib/python3.10/site-packages/torch/nn/modules/rnn.py:123: UserWarning: dropout option adds dropout after all but last recurrent layer, so non-zero dropout expects num_layers greater than 1, but got dropout=0.3 and num_layers=1
  warnings.warn(
  Ep 1: Train 0.9764 | Val 0.9044 | Test 0.0798
Validation loss decreased (0.904431 --> 0.904431).  Saving model ...
  Ep 2: Train 0.4919 | Val 0.7741 | Test 0.0468
Validation loss decreased (0.774052 --> 0.774052).  Saving model ...
  Ep 3: Train 0.4211 | Val 0.7332 | Test 0.0351
Validation loss decreased (0.733208 --> 0.733208).  Saving model ...
  Ep 4: Train 0.3923 | Val 0.7597 | Test 0.0335
EarlyStopping counter: 1 out of 5
  Ep 5: Train 0.3823 | Val 0.6822 | Test 0.0326
Validation loss decreased (0.682248 --> 0.682248).  Saving model ...
  Ep 6: Train 0.3793 | Val 0.6674 | Test 0.0275
Validation loss decreased (0.667376 --> 0.667376).  Saving model ...
  Ep 7: Train 0.3714 | Val 0.6355 | Test 0.0264
Validation loss decreased (0.635483 --> 0.635483).  Saving model ...
  Ep 8: Train 0.3651 | Val 0.6348 | Test 0.0318
Validation loss decreased (0.634766 --> 0.634766).  Saving model ...
  Ep 9: Train 0.3609 | Val 0.6174 | Test 0.0376
Validation loss decreased (0.617369 --> 0.617369).  Saving model ...
  Ep 10: Train 0.3533 | Val 0.6375 | Test 0.0295
EarlyStopping counter: 1 out of 5
  Ep 11: Train 0.3512 | Val 0.6082 | Test 0.0430
Validation loss decreased (0.608162 --> 0.608162).  Saving model ...
  Ep 12: Train 0.3473 | Val 0.6538 | Test 0.0384
EarlyStopping counter: 1 out of 5
  Ep 13: Train 0.3391 | Val 0.6026 | Test 0.0318
Validation loss decreased (0.602582 --> 0.602582).  Saving model ...
  Ep 14: Train 0.3378 | Val 0.6339 | Test 0.0333
EarlyStopping counter: 1 out of 5
  Ep 15: Train 0.3366 | Val 0.6072 | Test 0.0375
EarlyStopping counter: 2 out of 5
  Ep 16: Train 0.3309 | Val 0.6220 | Test 0.0357
EarlyStopping counter: 3 out of 5
  Ep 17: Train 0.3360 | Val 0.6571 | Test 0.0419
EarlyStopping counter: 4 out of 5
  Ep 18: Train 0.3302 | Val 0.6350 | Test 0.0395
EarlyStopping counter: 5 out of 5
Early stopping triggered!
/home/sangukchoi/Stroke_SDA/sda_training.py:615: FutureWarning: You are using `torch.load` with `weights_only=False` (the current default value), which uses the default pickle module implicitly. It is possible to construct malicious pickle data which will execute arbitrary code during unpickling (See https://github.com/pytorch/pytorch/blob/main/SECURITY.md#untrusted-models for more details). In a future release, the default value for `weights_only` will be flipped to `True`. This limits the functions that could be executed during unpickling. Arbitrary objects will no longer be allowed to be loaded via this mode unless they are explicitly allowlisted by the user via `torch.serialization.add_safe_globals`. We recommend you start setting `weights_only=True` for any use case where you don't have full control of the loaded file. Please open an issue on GitHub for any issues related to this experimental feature.
  model.load_state_dict(torch.load(os.path.join(out_dir, 'best_model.pth')))
Final Test MSE (Best Model): 0.0318
Finished. Status: Success
