Starting Run on GPU 3
Time: 2025-12-25 04:36:07

[Run Start] Subject S013 | Mode ['SDA'] | Params: L1.5_LS1.0_LR0.0001_E128_D64_Dr0.3

[Fold 1 - SDA] Train: ['S013_T003', 'S013_T006'], Test: S013_T002, Norm: fixed
/home/sangukchoi/.conda/envs/torch_gpu/lib/python3.10/site-packages/torch/nn/modules/rnn.py:123: UserWarning: dropout option adds dropout after all but last recurrent layer, so non-zero dropout expects num_layers greater than 1, but got dropout=0.3 and num_layers=1
  warnings.warn(
  Ep 1: Train 0.4308 | Val 0.3668 | Test 0.0194
Validation loss decreased (0.366767 --> 0.366767).  Saving model ...
  Ep 2: Train 0.2397 | Val 0.3448 | Test 0.0225
Validation loss decreased (0.344826 --> 0.344826).  Saving model ...
  Ep 3: Train 0.2185 | Val 0.3815 | Test 0.0274
EarlyStopping counter: 1 out of 5
  Ep 4: Train 0.2076 | Val 0.3612 | Test 0.0241
EarlyStopping counter: 2 out of 5
  Ep 5: Train 0.2011 | Val 0.3223 | Test 0.0305
Validation loss decreased (0.322348 --> 0.322348).  Saving model ...
  Ep 6: Train 0.1976 | Val 0.3169 | Test 0.0287
Validation loss decreased (0.316894 --> 0.316894).  Saving model ...
  Ep 7: Train 0.1940 | Val 0.3306 | Test 0.0319
EarlyStopping counter: 1 out of 5
  Ep 8: Train 0.1893 | Val 0.3498 | Test 0.0392
EarlyStopping counter: 2 out of 5
  Ep 9: Train 0.1888 | Val 0.3086 | Test 0.0398
Validation loss decreased (0.308619 --> 0.308619).  Saving model ...
  Ep 10: Train 0.1868 | Val 0.3282 | Test 0.0426
EarlyStopping counter: 1 out of 5
  Ep 11: Train 0.1833 | Val 0.3165 | Test 0.0376
EarlyStopping counter: 2 out of 5
  Ep 12: Train 0.1781 | Val 0.3463 | Test 0.0445
EarlyStopping counter: 3 out of 5
  Ep 13: Train 0.1732 | Val 0.3328 | Test 0.0357
EarlyStopping counter: 4 out of 5
  Ep 14: Train 0.1768 | Val 0.3541 | Test 0.0428
EarlyStopping counter: 5 out of 5
Early stopping triggered!
/home/sangukchoi/Stroke_SDA/sda_training.py:615: FutureWarning: You are using `torch.load` with `weights_only=False` (the current default value), which uses the default pickle module implicitly. It is possible to construct malicious pickle data which will execute arbitrary code during unpickling (See https://github.com/pytorch/pytorch/blob/main/SECURITY.md#untrusted-models for more details). In a future release, the default value for `weights_only` will be flipped to `True`. This limits the functions that could be executed during unpickling. Arbitrary objects will no longer be allowed to be loaded via this mode unless they are explicitly allowlisted by the user via `torch.serialization.add_safe_globals`. We recommend you start setting `weights_only=True` for any use case where you don't have full control of the loaded file. Please open an issue on GitHub for any issues related to this experimental feature.
  model.load_state_dict(torch.load(os.path.join(out_dir, 'best_model.pth')))
Final Test MSE (Best Model): 0.0398
Finished. Status: Success
