Starting Run on GPU 0
Time: 2025-12-25 05:13:17

[Run Start] Subject S013 | Mode ['SDA'] | Params: L2.5_LS0.7_LR0.0001_E64_D64_Dr0.3

[Fold 1 - SDA] Train: ['S013_T003', 'S013_T006'], Test: S013_T002, Norm: fixed
/home/sangukchoi/.conda/envs/torch_gpu/lib/python3.10/site-packages/torch/nn/modules/rnn.py:123: UserWarning: dropout option adds dropout after all but last recurrent layer, so non-zero dropout expects num_layers greater than 1, but got dropout=0.3 and num_layers=1
  warnings.warn(
  Ep 1: Train 0.6522 | Val 0.7268 | Test 0.0731
Validation loss decreased (0.726752 --> 0.726752).  Saving model ...
  Ep 2: Train 0.3783 | Val 0.6234 | Test 0.0255
Validation loss decreased (0.623393 --> 0.623393).  Saving model ...
  Ep 3: Train 0.3363 | Val 0.5962 | Test 0.0216
Validation loss decreased (0.596213 --> 0.596213).  Saving model ...
  Ep 4: Train 0.3176 | Val 0.5814 | Test 0.0236
Validation loss decreased (0.581434 --> 0.581434).  Saving model ...
  Ep 5: Train 0.3152 | Val 0.5430 | Test 0.0225
Validation loss decreased (0.542981 --> 0.542981).  Saving model ...
  Ep 6: Train 0.3058 | Val 0.5615 | Test 0.0229
EarlyStopping counter: 1 out of 5
  Ep 7: Train 0.3038 | Val 0.5135 | Test 0.0222
Validation loss decreased (0.513462 --> 0.513462).  Saving model ...
  Ep 8: Train 0.3010 | Val 0.5079 | Test 0.0239
Validation loss decreased (0.507918 --> 0.507918).  Saving model ...
  Ep 9: Train 0.2955 | Val 0.5369 | Test 0.0216
EarlyStopping counter: 1 out of 5
  Ep 10: Train 0.2958 | Val 0.5334 | Test 0.0218
EarlyStopping counter: 2 out of 5
  Ep 11: Train 0.2890 | Val 0.5523 | Test 0.0257
EarlyStopping counter: 3 out of 5
  Ep 12: Train 0.2901 | Val 0.5237 | Test 0.0233
EarlyStopping counter: 4 out of 5
  Ep 13: Train 0.2900 | Val 0.5213 | Test 0.0269
EarlyStopping counter: 5 out of 5
Early stopping triggered!
/home/sangukchoi/Stroke_SDA/sda_training.py:615: FutureWarning: You are using `torch.load` with `weights_only=False` (the current default value), which uses the default pickle module implicitly. It is possible to construct malicious pickle data which will execute arbitrary code during unpickling (See https://github.com/pytorch/pytorch/blob/main/SECURITY.md#untrusted-models for more details). In a future release, the default value for `weights_only` will be flipped to `True`. This limits the functions that could be executed during unpickling. Arbitrary objects will no longer be allowed to be loaded via this mode unless they are explicitly allowlisted by the user via `torch.serialization.add_safe_globals`. We recommend you start setting `weights_only=True` for any use case where you don't have full control of the loaded file. Please open an issue on GitHub for any issues related to this experimental feature.
  model.load_state_dict(torch.load(os.path.join(out_dir, 'best_model.pth')))
Final Test MSE (Best Model): 0.0239
Finished. Status: Success
