Starting Run on GPU 1
Time: 2025-12-25 04:16:18

[Run Start] Subject S013 | Mode ['SDA'] | Params: L1.0_LS0.7_LR0.0001_E256_D64_Dr0.3

[Fold 1 - SDA] Train: ['S013_T003', 'S013_T006'], Test: S013_T002, Norm: fixed
/home/sangukchoi/.conda/envs/torch_gpu/lib/python3.10/site-packages/torch/nn/modules/rnn.py:123: UserWarning: dropout option adds dropout after all but last recurrent layer, so non-zero dropout expects num_layers greater than 1, but got dropout=0.3 and num_layers=1
  warnings.warn(
  Ep 1: Train 0.2471 | Val 0.2792 | Test 0.0159
Validation loss decreased (0.279227 --> 0.279227).  Saving model ...
  Ep 2: Train 0.1473 | Val 0.2605 | Test 0.0314
Validation loss decreased (0.260508 --> 0.260508).  Saving model ...
  Ep 3: Train 0.1332 | Val 0.2522 | Test 0.0231
Validation loss decreased (0.252224 --> 0.252224).  Saving model ...
  Ep 4: Train 0.1279 | Val 0.2377 | Test 0.0268
Validation loss decreased (0.237730 --> 0.237730).  Saving model ...
  Ep 5: Train 0.1227 | Val 0.2310 | Test 0.0236
Validation loss decreased (0.230994 --> 0.230994).  Saving model ...
  Ep 6: Train 0.1173 | Val 0.2582 | Test 0.0271
EarlyStopping counter: 1 out of 5
  Ep 7: Train 0.1195 | Val 0.2386 | Test 0.0291
EarlyStopping counter: 2 out of 5
  Ep 8: Train 0.1155 | Val 0.2464 | Test 0.0317
EarlyStopping counter: 3 out of 5
  Ep 9: Train 0.1126 | Val 0.2497 | Test 0.0257
EarlyStopping counter: 4 out of 5
  Ep 10: Train 0.1112 | Val 0.2580 | Test 0.0288
EarlyStopping counter: 5 out of 5
Early stopping triggered!
/home/sangukchoi/Stroke_SDA/sda_training.py:615: FutureWarning: You are using `torch.load` with `weights_only=False` (the current default value), which uses the default pickle module implicitly. It is possible to construct malicious pickle data which will execute arbitrary code during unpickling (See https://github.com/pytorch/pytorch/blob/main/SECURITY.md#untrusted-models for more details). In a future release, the default value for `weights_only` will be flipped to `True`. This limits the functions that could be executed during unpickling. Arbitrary objects will no longer be allowed to be loaded via this mode unless they are explicitly allowlisted by the user via `torch.serialization.add_safe_globals`. We recommend you start setting `weights_only=True` for any use case where you don't have full control of the loaded file. Please open an issue on GitHub for any issues related to this experimental feature.
  model.load_state_dict(torch.load(os.path.join(out_dir, 'best_model.pth')))
Final Test MSE (Best Model): 0.0236
Finished. Status: Success
