Starting Run on GPU 0
Time: 2025-12-25 04:17:47

[Run Start] Subject S013 | Mode ['SDA'] | Params: L1.0_LS0.7_LR0.0001_E256_D128_Dr0.3

[Fold 1 - SDA] Train: ['S013_T003', 'S013_T006'], Test: S013_T002, Norm: fixed
/home/sangukchoi/.conda/envs/torch_gpu/lib/python3.10/site-packages/torch/nn/modules/rnn.py:123: UserWarning: dropout option adds dropout after all but last recurrent layer, so non-zero dropout expects num_layers greater than 1, but got dropout=0.3 and num_layers=1
  warnings.warn(
  Ep 1: Train 0.2465 | Val 0.2765 | Test 0.0258
Validation loss decreased (0.276499 --> 0.276499).  Saving model ...
  Ep 2: Train 0.1494 | Val 0.2471 | Test 0.0275
Validation loss decreased (0.247050 --> 0.247050).  Saving model ...
  Ep 3: Train 0.1357 | Val 0.2501 | Test 0.0235
EarlyStopping counter: 1 out of 5
  Ep 4: Train 0.1273 | Val 0.2326 | Test 0.0286
Validation loss decreased (0.232555 --> 0.232555).  Saving model ...
  Ep 5: Train 0.1252 | Val 0.2370 | Test 0.0283
EarlyStopping counter: 1 out of 5
  Ep 6: Train 0.1229 | Val 0.2604 | Test 0.0346
EarlyStopping counter: 2 out of 5
  Ep 7: Train 0.1215 | Val 0.2305 | Test 0.0327
Validation loss decreased (0.230497 --> 0.230497).  Saving model ...
  Ep 8: Train 0.1212 | Val 0.2265 | Test 0.0311
Validation loss decreased (0.226546 --> 0.226546).  Saving model ...
  Ep 9: Train 0.1153 | Val 0.2334 | Test 0.0345
EarlyStopping counter: 1 out of 5
  Ep 10: Train 0.1166 | Val 0.2406 | Test 0.0395
EarlyStopping counter: 2 out of 5
  Ep 11: Train 0.1137 | Val 0.2390 | Test 0.0366
EarlyStopping counter: 3 out of 5
  Ep 12: Train 0.1106 | Val 0.2314 | Test 0.0337
EarlyStopping counter: 4 out of 5
  Ep 13: Train 0.1076 | Val 0.2470 | Test 0.0478
EarlyStopping counter: 5 out of 5
Early stopping triggered!
/home/sangukchoi/Stroke_SDA/sda_training.py:615: FutureWarning: You are using `torch.load` with `weights_only=False` (the current default value), which uses the default pickle module implicitly. It is possible to construct malicious pickle data which will execute arbitrary code during unpickling (See https://github.com/pytorch/pytorch/blob/main/SECURITY.md#untrusted-models for more details). In a future release, the default value for `weights_only` will be flipped to `True`. This limits the functions that could be executed during unpickling. Arbitrary objects will no longer be allowed to be loaded via this mode unless they are explicitly allowlisted by the user via `torch.serialization.add_safe_globals`. We recommend you start setting `weights_only=True` for any use case where you don't have full control of the loaded file. Please open an issue on GitHub for any issues related to this experimental feature.
  model.load_state_dict(torch.load(os.path.join(out_dir, 'best_model.pth')))
Final Test MSE (Best Model): 0.0311
Finished. Status: Success
