Starting Run on GPU 2
Time: 2025-12-25 05:32:31

[Run Start] Subject S013 | Mode ['SDA'] | Params: L3.0_LS0.3_LR0.0001_E128_D128_Dr0.3

[Fold 1 - SDA] Train: ['S013_T003', 'S013_T006'], Test: S013_T002, Norm: fixed
/home/sangukchoi/.conda/envs/torch_gpu/lib/python3.10/site-packages/torch/nn/modules/rnn.py:123: UserWarning: dropout option adds dropout after all but last recurrent layer, so non-zero dropout expects num_layers greater than 1, but got dropout=0.3 and num_layers=1
  warnings.warn(
  Ep 1: Train 0.5856 | Val 0.8338 | Test 0.0787
Validation loss decreased (0.833824 --> 0.833824).  Saving model ...
  Ep 2: Train 0.4036 | Val 0.6406 | Test 0.0398
Validation loss decreased (0.640579 --> 0.640579).  Saving model ...
  Ep 3: Train 0.3776 | Val 0.6634 | Test 0.0316
EarlyStopping counter: 1 out of 5
  Ep 4: Train 0.3585 | Val 0.6021 | Test 0.0354
Validation loss decreased (0.602122 --> 0.602122).  Saving model ...
  Ep 5: Train 0.3438 | Val 0.6538 | Test 0.0271
EarlyStopping counter: 1 out of 5
  Ep 6: Train 0.3384 | Val 0.7179 | Test 0.0268
EarlyStopping counter: 2 out of 5
  Ep 7: Train 0.3381 | Val 0.6492 | Test 0.0282
EarlyStopping counter: 3 out of 5
  Ep 8: Train 0.3288 | Val 0.7001 | Test 0.0265
EarlyStopping counter: 4 out of 5
  Ep 9: Train 0.3309 | Val 0.6952 | Test 0.0267
EarlyStopping counter: 5 out of 5
Early stopping triggered!
/home/sangukchoi/Stroke_SDA/sda_training.py:615: FutureWarning: You are using `torch.load` with `weights_only=False` (the current default value), which uses the default pickle module implicitly. It is possible to construct malicious pickle data which will execute arbitrary code during unpickling (See https://github.com/pytorch/pytorch/blob/main/SECURITY.md#untrusted-models for more details). In a future release, the default value for `weights_only` will be flipped to `True`. This limits the functions that could be executed during unpickling. Arbitrary objects will no longer be allowed to be loaded via this mode unless they are explicitly allowlisted by the user via `torch.serialization.add_safe_globals`. We recommend you start setting `weights_only=True` for any use case where you don't have full control of the loaded file. Please open an issue on GitHub for any issues related to this experimental feature.
  model.load_state_dict(torch.load(os.path.join(out_dir, 'best_model.pth')))
Final Test MSE (Best Model): 0.0354
Finished. Status: Success
