Starting Run on GPU 3
Time: 2025-12-25 05:25:51

[Run Start] Subject S013 | Mode ['SDA'] | Params: L3.0_LS0.3_LR0.0001_E64_D32_Dr0.3

[Fold 1 - SDA] Train: ['S013_T003', 'S013_T006'], Test: S013_T002, Norm: fixed
/home/sangukchoi/.conda/envs/torch_gpu/lib/python3.10/site-packages/torch/nn/modules/rnn.py:123: UserWarning: dropout option adds dropout after all but last recurrent layer, so non-zero dropout expects num_layers greater than 1, but got dropout=0.3 and num_layers=1
  warnings.warn(
  Ep 1: Train 0.6953 | Val 1.0619 | Test 0.1269
Validation loss decreased (1.061879 --> 1.061879).  Saving model ...
  Ep 2: Train 0.4537 | Val 0.9246 | Test 0.0606
Validation loss decreased (0.924614 --> 0.924614).  Saving model ...
  Ep 3: Train 0.3962 | Val 0.7436 | Test 0.0405
Validation loss decreased (0.743566 --> 0.743566).  Saving model ...
  Ep 4: Train 0.3712 | Val 0.6702 | Test 0.0356
Validation loss decreased (0.670224 --> 0.670224).  Saving model ...
  Ep 5: Train 0.3527 | Val 0.6882 | Test 0.0313
EarlyStopping counter: 1 out of 5
  Ep 6: Train 0.3349 | Val 0.7003 | Test 0.0331
EarlyStopping counter: 2 out of 5
  Ep 7: Train 0.3342 | Val 0.6764 | Test 0.0325
EarlyStopping counter: 3 out of 5
  Ep 8: Train 0.3255 | Val 0.5994 | Test 0.0310
Validation loss decreased (0.599388 --> 0.599388).  Saving model ...
  Ep 9: Train 0.3279 | Val 0.6245 | Test 0.0255
EarlyStopping counter: 1 out of 5
  Ep 10: Train 0.3275 | Val 0.6745 | Test 0.0261
EarlyStopping counter: 2 out of 5
  Ep 11: Train 0.3248 | Val 0.6257 | Test 0.0253
EarlyStopping counter: 3 out of 5
  Ep 12: Train 0.3199 | Val 0.6189 | Test 0.0277
EarlyStopping counter: 4 out of 5
  Ep 13: Train 0.3164 | Val 0.6159 | Test 0.0268
EarlyStopping counter: 5 out of 5
Early stopping triggered!
/home/sangukchoi/Stroke_SDA/sda_training.py:615: FutureWarning: You are using `torch.load` with `weights_only=False` (the current default value), which uses the default pickle module implicitly. It is possible to construct malicious pickle data which will execute arbitrary code during unpickling (See https://github.com/pytorch/pytorch/blob/main/SECURITY.md#untrusted-models for more details). In a future release, the default value for `weights_only` will be flipped to `True`. This limits the functions that could be executed during unpickling. Arbitrary objects will no longer be allowed to be loaded via this mode unless they are explicitly allowlisted by the user via `torch.serialization.add_safe_globals`. We recommend you start setting `weights_only=True` for any use case where you don't have full control of the loaded file. Please open an issue on GitHub for any issues related to this experimental feature.
  model.load_state_dict(torch.load(os.path.join(out_dir, 'best_model.pth')))
Final Test MSE (Best Model): 0.0310
Finished. Status: Success
