Starting Run on GPU 3
Time: 2025-12-25 04:49:05

[Run Start] Subject S013 | Mode ['SDA'] | Params: L2.0_LS1.0_LR0.0001_E64_D64_Dr0.3

[Fold 1 - SDA] Train: ['S013_T003', 'S013_T006'], Test: S013_T002, Norm: fixed
/home/sangukchoi/.conda/envs/torch_gpu/lib/python3.10/site-packages/torch/nn/modules/rnn.py:123: UserWarning: dropout option adds dropout after all but last recurrent layer, so non-zero dropout expects num_layers greater than 1, but got dropout=0.3 and num_layers=1
  warnings.warn(
  Ep 1: Train 0.6595 | Val 0.5882 | Test 0.0493
Validation loss decreased (0.588221 --> 0.588221).  Saving model ...
  Ep 2: Train 0.3524 | Val 0.5217 | Test 0.0250
Validation loss decreased (0.521654 --> 0.521654).  Saving model ...
  Ep 3: Train 0.2983 | Val 0.4761 | Test 0.0260
Validation loss decreased (0.476053 --> 0.476053).  Saving model ...
  Ep 4: Train 0.2830 | Val 0.4408 | Test 0.0299
Validation loss decreased (0.440760 --> 0.440760).  Saving model ...
  Ep 5: Train 0.2764 | Val 0.4467 | Test 0.0244
EarlyStopping counter: 1 out of 5
  Ep 6: Train 0.2688 | Val 0.4676 | Test 0.0349
EarlyStopping counter: 2 out of 5
  Ep 7: Train 0.2648 | Val 0.4299 | Test 0.0374
Validation loss decreased (0.429868 --> 0.429868).  Saving model ...
  Ep 8: Train 0.2617 | Val 0.4687 | Test 0.0301
EarlyStopping counter: 1 out of 5
  Ep 9: Train 0.2564 | Val 0.4231 | Test 0.0369
Validation loss decreased (0.423130 --> 0.423130).  Saving model ...
  Ep 10: Train 0.2557 | Val 0.4363 | Test 0.0398
EarlyStopping counter: 1 out of 5
  Ep 11: Train 0.2501 | Val 0.4255 | Test 0.0491
EarlyStopping counter: 2 out of 5
  Ep 12: Train 0.2491 | Val 0.4150 | Test 0.0474
Validation loss decreased (0.415043 --> 0.415043).  Saving model ...
  Ep 13: Train 0.2436 | Val 0.4288 | Test 0.0433
EarlyStopping counter: 1 out of 5
  Ep 14: Train 0.2431 | Val 0.4414 | Test 0.0455
EarlyStopping counter: 2 out of 5
  Ep 15: Train 0.2377 | Val 0.4483 | Test 0.0417
EarlyStopping counter: 3 out of 5
  Ep 16: Train 0.2353 | Val 0.4538 | Test 0.0319
EarlyStopping counter: 4 out of 5
  Ep 17: Train 0.2323 | Val 0.4672 | Test 0.0333
EarlyStopping counter: 5 out of 5
Early stopping triggered!
/home/sangukchoi/Stroke_SDA/sda_training.py:615: FutureWarning: You are using `torch.load` with `weights_only=False` (the current default value), which uses the default pickle module implicitly. It is possible to construct malicious pickle data which will execute arbitrary code during unpickling (See https://github.com/pytorch/pytorch/blob/main/SECURITY.md#untrusted-models for more details). In a future release, the default value for `weights_only` will be flipped to `True`. This limits the functions that could be executed during unpickling. Arbitrary objects will no longer be allowed to be loaded via this mode unless they are explicitly allowlisted by the user via `torch.serialization.add_safe_globals`. We recommend you start setting `weights_only=True` for any use case where you don't have full control of the loaded file. Please open an issue on GitHub for any issues related to this experimental feature.
  model.load_state_dict(torch.load(os.path.join(out_dir, 'best_model.pth')))
Final Test MSE (Best Model): 0.0474
Finished. Status: Success
