Starting Run on GPU 1
Time: 2025-12-25 04:29:23

[Run Start] Subject S013 | Mode ['SDA'] | Params: L1.5_LS0.7_LR0.0001_E128_D32_Dr0.3

[Fold 1 - SDA] Train: ['S013_T003', 'S013_T006'], Test: S013_T002, Norm: fixed
/home/sangukchoi/.conda/envs/torch_gpu/lib/python3.10/site-packages/torch/nn/modules/rnn.py:123: UserWarning: dropout option adds dropout after all but last recurrent layer, so non-zero dropout expects num_layers greater than 1, but got dropout=0.3 and num_layers=1
  warnings.warn(
  Ep 1: Train 0.4031 | Val 0.3774 | Test 0.0249
Validation loss decreased (0.377432 --> 0.377432).  Saving model ...
  Ep 2: Train 0.2164 | Val 0.3889 | Test 0.0286
EarlyStopping counter: 1 out of 5
  Ep 3: Train 0.2003 | Val 0.3801 | Test 0.0394
EarlyStopping counter: 2 out of 5
  Ep 4: Train 0.1941 | Val 0.3590 | Test 0.0496
Validation loss decreased (0.359045 --> 0.359045).  Saving model ...
  Ep 5: Train 0.1953 | Val 0.3216 | Test 0.0412
Validation loss decreased (0.321612 --> 0.321612).  Saving model ...
  Ep 6: Train 0.1902 | Val 0.3602 | Test 0.0408
EarlyStopping counter: 1 out of 5
  Ep 7: Train 0.1843 | Val 0.3578 | Test 0.0440
EarlyStopping counter: 2 out of 5
  Ep 8: Train 0.1833 | Val 0.3510 | Test 0.0409
EarlyStopping counter: 3 out of 5
  Ep 9: Train 0.1830 | Val 0.3326 | Test 0.0421
EarlyStopping counter: 4 out of 5
  Ep 10: Train 0.1790 | Val 0.3481 | Test 0.0495
EarlyStopping counter: 5 out of 5
Early stopping triggered!
/home/sangukchoi/Stroke_SDA/sda_training.py:615: FutureWarning: You are using `torch.load` with `weights_only=False` (the current default value), which uses the default pickle module implicitly. It is possible to construct malicious pickle data which will execute arbitrary code during unpickling (See https://github.com/pytorch/pytorch/blob/main/SECURITY.md#untrusted-models for more details). In a future release, the default value for `weights_only` will be flipped to `True`. This limits the functions that could be executed during unpickling. Arbitrary objects will no longer be allowed to be loaded via this mode unless they are explicitly allowlisted by the user via `torch.serialization.add_safe_globals`. We recommend you start setting `weights_only=True` for any use case where you don't have full control of the loaded file. Please open an issue on GitHub for any issues related to this experimental feature.
  model.load_state_dict(torch.load(os.path.join(out_dir, 'best_model.pth')))
Final Test MSE (Best Model): 0.0412
Finished. Status: Success
