Starting Run on GPU 3
Time: 2025-12-25 05:07:06

[Run Start] Subject S013 | Mode ['SDA'] | Params: L2.5_LS0.5_LR0.0001_E128_D64_Dr0.3

[Fold 1 - SDA] Train: ['S013_T003', 'S013_T006'], Test: S013_T002, Norm: fixed
/home/sangukchoi/.conda/envs/torch_gpu/lib/python3.10/site-packages/torch/nn/modules/rnn.py:123: UserWarning: dropout option adds dropout after all but last recurrent layer, so non-zero dropout expects num_layers greater than 1, but got dropout=0.3 and num_layers=1
  warnings.warn(
  Ep 1: Train 0.5690 | Val 0.8109 | Test 0.0565
Validation loss decreased (0.810930 --> 0.810930).  Saving model ...
  Ep 2: Train 0.3555 | Val 0.5888 | Test 0.0265
Validation loss decreased (0.588785 --> 0.588785).  Saving model ...
  Ep 3: Train 0.3142 | Val 0.5933 | Test 0.0267
EarlyStopping counter: 1 out of 5
  Ep 4: Train 0.3052 | Val 0.5402 | Test 0.0206
Validation loss decreased (0.540216 --> 0.540216).  Saving model ...
  Ep 5: Train 0.2888 | Val 0.5425 | Test 0.0275
EarlyStopping counter: 1 out of 5
  Ep 6: Train 0.2861 | Val 0.5490 | Test 0.0234
EarlyStopping counter: 2 out of 5
  Ep 7: Train 0.2773 | Val 0.5159 | Test 0.0250
Validation loss decreased (0.515889 --> 0.515889).  Saving model ...
  Ep 8: Train 0.2791 | Val 0.5367 | Test 0.0203
EarlyStopping counter: 1 out of 5
  Ep 9: Train 0.2715 | Val 0.5651 | Test 0.0278
EarlyStopping counter: 2 out of 5
  Ep 10: Train 0.2703 | Val 0.5346 | Test 0.0222
EarlyStopping counter: 3 out of 5
  Ep 11: Train 0.2683 | Val 0.5507 | Test 0.0311
EarlyStopping counter: 4 out of 5
  Ep 12: Train 0.2647 | Val 0.5923 | Test 0.0269
EarlyStopping counter: 5 out of 5
Early stopping triggered!
/home/sangukchoi/Stroke_SDA/sda_training.py:615: FutureWarning: You are using `torch.load` with `weights_only=False` (the current default value), which uses the default pickle module implicitly. It is possible to construct malicious pickle data which will execute arbitrary code during unpickling (See https://github.com/pytorch/pytorch/blob/main/SECURITY.md#untrusted-models for more details). In a future release, the default value for `weights_only` will be flipped to `True`. This limits the functions that could be executed during unpickling. Arbitrary objects will no longer be allowed to be loaded via this mode unless they are explicitly allowlisted by the user via `torch.serialization.add_safe_globals`. We recommend you start setting `weights_only=True` for any use case where you don't have full control of the loaded file. Please open an issue on GitHub for any issues related to this experimental feature.
  model.load_state_dict(torch.load(os.path.join(out_dir, 'best_model.pth')))
Final Test MSE (Best Model): 0.0250
Finished. Status: Success
