Starting Run on GPU 1
Time: 2025-12-25 03:50:38

[Run Start] Subject S013 | Mode ['SDA'] | Params: L0.5_LS0.7_LR0.0001_E64_D64_Dr0.3

[Fold 1 - SDA] Train: ['S013_T003', 'S013_T006'], Test: S013_T002, Norm: fixed
/home/sangukchoi/.conda/envs/torch_gpu/lib/python3.10/site-packages/torch/nn/modules/rnn.py:123: UserWarning: dropout option adds dropout after all but last recurrent layer, so non-zero dropout expects num_layers greater than 1, but got dropout=0.3 and num_layers=1
  warnings.warn(
  Ep 1: Train 0.2728 | Val 0.1692 | Test 0.0168
Validation loss decreased (0.169236 --> 0.169236).  Saving model ...
  Ep 2: Train 0.1076 | Val 0.1448 | Test 0.0305
Validation loss decreased (0.144783 --> 0.144783).  Saving model ...
  Ep 3: Train 0.0891 | Val 0.1376 | Test 0.0270
Validation loss decreased (0.137577 --> 0.137577).  Saving model ...
  Ep 4: Train 0.0846 | Val 0.1304 | Test 0.0296
Validation loss decreased (0.130416 --> 0.130416).  Saving model ...
  Ep 5: Train 0.0812 | Val 0.1318 | Test 0.0307
EarlyStopping counter: 1 out of 5
  Ep 6: Train 0.0802 | Val 0.1291 | Test 0.0334
Validation loss decreased (0.129100 --> 0.129100).  Saving model ...
  Ep 7: Train 0.0799 | Val 0.1231 | Test 0.0354
Validation loss decreased (0.123112 --> 0.123112).  Saving model ...
  Ep 8: Train 0.0783 | Val 0.1378 | Test 0.0444
EarlyStopping counter: 1 out of 5
  Ep 9: Train 0.0779 | Val 0.1187 | Test 0.0375
Validation loss decreased (0.118725 --> 0.118725).  Saving model ...
  Ep 10: Train 0.0760 | Val 0.1181 | Test 0.0410
Validation loss decreased (0.118061 --> 0.118061).  Saving model ...
  Ep 11: Train 0.0758 | Val 0.1205 | Test 0.0384
EarlyStopping counter: 1 out of 5
  Ep 12: Train 0.0748 | Val 0.1162 | Test 0.0411
Validation loss decreased (0.116206 --> 0.116206).  Saving model ...
  Ep 13: Train 0.0761 | Val 0.1189 | Test 0.0452
EarlyStopping counter: 1 out of 5
  Ep 14: Train 0.0734 | Val 0.1157 | Test 0.0425
Validation loss decreased (0.115665 --> 0.115665).  Saving model ...
  Ep 15: Train 0.0731 | Val 0.1241 | Test 0.0402
EarlyStopping counter: 1 out of 5
  Ep 16: Train 0.0737 | Val 0.1156 | Test 0.0384
EarlyStopping counter: 2 out of 5
  Ep 17: Train 0.0736 | Val 0.1231 | Test 0.0435
EarlyStopping counter: 3 out of 5
  Ep 18: Train 0.0732 | Val 0.1225 | Test 0.0336
EarlyStopping counter: 4 out of 5
  Ep 19: Train 0.0730 | Val 0.1167 | Test 0.0354
EarlyStopping counter: 5 out of 5
Early stopping triggered!
/home/sangukchoi/Stroke_SDA/sda_training.py:615: FutureWarning: You are using `torch.load` with `weights_only=False` (the current default value), which uses the default pickle module implicitly. It is possible to construct malicious pickle data which will execute arbitrary code during unpickling (See https://github.com/pytorch/pytorch/blob/main/SECURITY.md#untrusted-models for more details). In a future release, the default value for `weights_only` will be flipped to `True`. This limits the functions that could be executed during unpickling. Arbitrary objects will no longer be allowed to be loaded via this mode unless they are explicitly allowlisted by the user via `torch.serialization.add_safe_globals`. We recommend you start setting `weights_only=True` for any use case where you don't have full control of the loaded file. Please open an issue on GitHub for any issues related to this experimental feature.
  model.load_state_dict(torch.load(os.path.join(out_dir, 'best_model.pth')))
Final Test MSE (Best Model): 0.0425
Finished. Status: Success
