Starting Run on GPU 0
Time: 2025-12-25 04:22:20

[Run Start] Subject S013 | Mode ['SDA'] | Params: L1.0_LS1.0_LR0.0001_E128_D32_Dr0.3

[Fold 1 - SDA] Train: ['S013_T003', 'S013_T006'], Test: S013_T002, Norm: fixed
/home/sangukchoi/.conda/envs/torch_gpu/lib/python3.10/site-packages/torch/nn/modules/rnn.py:123: UserWarning: dropout option adds dropout after all but last recurrent layer, so non-zero dropout expects num_layers greater than 1, but got dropout=0.3 and num_layers=1
  warnings.warn(
  Ep 1: Train 0.3940 | Val 0.2815 | Test 0.0216
Validation loss decreased (0.281508 --> 0.281508).  Saving model ...
  Ep 2: Train 0.1730 | Val 0.2569 | Test 0.0339
Validation loss decreased (0.256931 --> 0.256931).  Saving model ...
  Ep 3: Train 0.1493 | Val 0.2551 | Test 0.0533
Validation loss decreased (0.255093 --> 0.255093).  Saving model ...
  Ep 4: Train 0.1399 | Val 0.2596 | Test 0.0449
EarlyStopping counter: 1 out of 5
  Ep 5: Train 0.1342 | Val 0.2451 | Test 0.0430
Validation loss decreased (0.245060 --> 0.245060).  Saving model ...
  Ep 6: Train 0.1334 | Val 0.2395 | Test 0.0422
Validation loss decreased (0.239549 --> 0.239549).  Saving model ...
  Ep 7: Train 0.1315 | Val 0.2639 | Test 0.0398
EarlyStopping counter: 1 out of 5
  Ep 8: Train 0.1303 | Val 0.2402 | Test 0.0392
EarlyStopping counter: 2 out of 5
  Ep 9: Train 0.1307 | Val 0.2362 | Test 0.0401
Validation loss decreased (0.236164 --> 0.236164).  Saving model ...
  Ep 10: Train 0.1275 | Val 0.2334 | Test 0.0372
Validation loss decreased (0.233395 --> 0.233395).  Saving model ...
  Ep 11: Train 0.1251 | Val 0.2413 | Test 0.0402
EarlyStopping counter: 1 out of 5
  Ep 12: Train 0.1215 | Val 0.2393 | Test 0.0418
EarlyStopping counter: 2 out of 5
  Ep 13: Train 0.1237 | Val 0.2420 | Test 0.0460
EarlyStopping counter: 3 out of 5
  Ep 14: Train 0.1195 | Val 0.2344 | Test 0.0433
EarlyStopping counter: 4 out of 5
  Ep 15: Train 0.1202 | Val 0.2494 | Test 0.0400
EarlyStopping counter: 5 out of 5
Early stopping triggered!
/home/sangukchoi/Stroke_SDA/sda_training.py:615: FutureWarning: You are using `torch.load` with `weights_only=False` (the current default value), which uses the default pickle module implicitly. It is possible to construct malicious pickle data which will execute arbitrary code during unpickling (See https://github.com/pytorch/pytorch/blob/main/SECURITY.md#untrusted-models for more details). In a future release, the default value for `weights_only` will be flipped to `True`. This limits the functions that could be executed during unpickling. Arbitrary objects will no longer be allowed to be loaded via this mode unless they are explicitly allowlisted by the user via `torch.serialization.add_safe_globals`. We recommend you start setting `weights_only=True` for any use case where you don't have full control of the loaded file. Please open an issue on GitHub for any issues related to this experimental feature.
  model.load_state_dict(torch.load(os.path.join(out_dir, 'best_model.pth')))
Final Test MSE (Best Model): 0.0372
Finished. Status: Success
