Starting Run on GPU 0
Time: 2025-12-25 05:51:15

[Run Start] Subject S013 | Mode ['SDA'] | Params: L3.0_LS1.0_LR0.0001_E64_D128_Dr0.3

[Fold 1 - SDA] Train: ['S013_T003', 'S013_T006'], Test: S013_T002, Norm: fixed
/home/sangukchoi/.conda/envs/torch_gpu/lib/python3.10/site-packages/torch/nn/modules/rnn.py:123: UserWarning: dropout option adds dropout after all but last recurrent layer, so non-zero dropout expects num_layers greater than 1, but got dropout=0.3 and num_layers=1
  warnings.warn(
  Ep 1: Train 0.7708 | Val 1.0235 | Test 0.0603
Validation loss decreased (1.023463 --> 1.023463).  Saving model ...
  Ep 2: Train 0.4841 | Val 0.8756 | Test 0.0308
Validation loss decreased (0.875577 --> 0.875577).  Saving model ...
  Ep 3: Train 0.4233 | Val 0.7987 | Test 0.0237
Validation loss decreased (0.798654 --> 0.798654).  Saving model ...
  Ep 4: Train 0.4024 | Val 0.7409 | Test 0.0263
Validation loss decreased (0.740904 --> 0.740904).  Saving model ...
  Ep 5: Train 0.3837 | Val 0.6961 | Test 0.0241
Validation loss decreased (0.696080 --> 0.696080).  Saving model ...
  Ep 6: Train 0.3734 | Val 0.6734 | Test 0.0340
Validation loss decreased (0.673413 --> 0.673413).  Saving model ...
  Ep 7: Train 0.3569 | Val 0.6375 | Test 0.0383
Validation loss decreased (0.637470 --> 0.637470).  Saving model ...
  Ep 8: Train 0.3596 | Val 0.6324 | Test 0.0316
Validation loss decreased (0.632418 --> 0.632418).  Saving model ...
  Ep 9: Train 0.3565 | Val 0.6632 | Test 0.0346
EarlyStopping counter: 1 out of 5
  Ep 10: Train 0.3470 | Val 0.6451 | Test 0.0296
EarlyStopping counter: 2 out of 5
  Ep 11: Train 0.3406 | Val 0.6440 | Test 0.0284
EarlyStopping counter: 3 out of 5
  Ep 12: Train 0.3390 | Val 0.6277 | Test 0.0274
Validation loss decreased (0.627698 --> 0.627698).  Saving model ...
  Ep 13: Train 0.3419 | Val 0.6792 | Test 0.0293
EarlyStopping counter: 1 out of 5
  Ep 14: Train 0.3363 | Val 0.6462 | Test 0.0259
EarlyStopping counter: 2 out of 5
  Ep 15: Train 0.3298 | Val 0.6377 | Test 0.0312
EarlyStopping counter: 3 out of 5
  Ep 16: Train 0.3309 | Val 0.6361 | Test 0.0289
EarlyStopping counter: 4 out of 5
  Ep 17: Train 0.3194 | Val 0.6413 | Test 0.0297
EarlyStopping counter: 5 out of 5
Early stopping triggered!
/home/sangukchoi/Stroke_SDA/sda_training.py:615: FutureWarning: You are using `torch.load` with `weights_only=False` (the current default value), which uses the default pickle module implicitly. It is possible to construct malicious pickle data which will execute arbitrary code during unpickling (See https://github.com/pytorch/pytorch/blob/main/SECURITY.md#untrusted-models for more details). In a future release, the default value for `weights_only` will be flipped to `True`. This limits the functions that could be executed during unpickling. Arbitrary objects will no longer be allowed to be loaded via this mode unless they are explicitly allowlisted by the user via `torch.serialization.add_safe_globals`. We recommend you start setting `weights_only=True` for any use case where you don't have full control of the loaded file. Please open an issue on GitHub for any issues related to this experimental feature.
  model.load_state_dict(torch.load(os.path.join(out_dir, 'best_model.pth')))
Final Test MSE (Best Model): 0.0274
Finished. Status: Success
