Starting Run on GPU 2
Time: 2025-12-25 04:07:36

[Run Start] Subject S013 | Mode ['SDA'] | Params: L0.5_LS1.0_LR0.0001_E256_D128_Dr0.3

[Fold 1 - SDA] Train: ['S013_T003', 'S013_T006'], Test: S013_T002, Norm: fixed
/home/sangukchoi/.conda/envs/torch_gpu/lib/python3.10/site-packages/torch/nn/modules/rnn.py:123: UserWarning: dropout option adds dropout after all but last recurrent layer, so non-zero dropout expects num_layers greater than 1, but got dropout=0.3 and num_layers=1
  warnings.warn(
  Ep 1: Train 0.2032 | Val 0.1667 | Test 0.0218
Validation loss decreased (0.166659 --> 0.166659).  Saving model ...
  Ep 2: Train 0.1043 | Val 0.1479 | Test 0.0347
Validation loss decreased (0.147938 --> 0.147938).  Saving model ...
  Ep 3: Train 0.0936 | Val 0.1377 | Test 0.0398
Validation loss decreased (0.137658 --> 0.137658).  Saving model ...
  Ep 4: Train 0.0884 | Val 0.1402 | Test 0.0432
EarlyStopping counter: 1 out of 5
  Ep 5: Train 0.0856 | Val 0.1371 | Test 0.0416
Validation loss decreased (0.137135 --> 0.137135).  Saving model ...
  Ep 6: Train 0.0830 | Val 0.1387 | Test 0.0431
EarlyStopping counter: 1 out of 5
  Ep 7: Train 0.0819 | Val 0.1369 | Test 0.0397
EarlyStopping counter: 2 out of 5
  Ep 8: Train 0.0793 | Val 0.1284 | Test 0.0479
Validation loss decreased (0.128390 --> 0.128390).  Saving model ...
  Ep 9: Train 0.0792 | Val 0.1362 | Test 0.0429
EarlyStopping counter: 1 out of 5
  Ep 10: Train 0.0786 | Val 0.1323 | Test 0.0403
EarlyStopping counter: 2 out of 5
  Ep 11: Train 0.0773 | Val 0.1412 | Test 0.0463
EarlyStopping counter: 3 out of 5
  Ep 12: Train 0.0749 | Val 0.1397 | Test 0.0423
EarlyStopping counter: 4 out of 5
  Ep 13: Train 0.0743 | Val 0.1422 | Test 0.0381
EarlyStopping counter: 5 out of 5
Early stopping triggered!
/home/sangukchoi/Stroke_SDA/sda_training.py:615: FutureWarning: You are using `torch.load` with `weights_only=False` (the current default value), which uses the default pickle module implicitly. It is possible to construct malicious pickle data which will execute arbitrary code during unpickling (See https://github.com/pytorch/pytorch/blob/main/SECURITY.md#untrusted-models for more details). In a future release, the default value for `weights_only` will be flipped to `True`. This limits the functions that could be executed during unpickling. Arbitrary objects will no longer be allowed to be loaded via this mode unless they are explicitly allowlisted by the user via `torch.serialization.add_safe_globals`. We recommend you start setting `weights_only=True` for any use case where you don't have full control of the loaded file. Please open an issue on GitHub for any issues related to this experimental feature.
  model.load_state_dict(torch.load(os.path.join(out_dir, 'best_model.pth')))
Final Test MSE (Best Model): 0.0479
Finished. Status: Success
