Starting Run on GPU 2
Time: 2025-12-25 05:02:49

[Run Start] Subject S013 | Mode ['SDA'] | Params: L2.5_LS0.3_LR0.0001_E256_D32_Dr0.3

[Fold 1 - SDA] Train: ['S013_T003', 'S013_T006'], Test: S013_T002, Norm: fixed
/home/sangukchoi/.conda/envs/torch_gpu/lib/python3.10/site-packages/torch/nn/modules/rnn.py:123: UserWarning: dropout option adds dropout after all but last recurrent layer, so non-zero dropout expects num_layers greater than 1, but got dropout=0.3 and num_layers=1
  warnings.warn(
  Ep 1: Train 0.4449 | Val 0.5563 | Test 0.0434
Validation loss decreased (0.556339 --> 0.556339).  Saving model ...
  Ep 2: Train 0.3187 | Val 0.5718 | Test 0.0212
EarlyStopping counter: 1 out of 5
  Ep 3: Train 0.2886 | Val 0.5446 | Test 0.0192
Validation loss decreased (0.544567 --> 0.544567).  Saving model ...
  Ep 4: Train 0.2726 | Val 0.5820 | Test 0.0192
EarlyStopping counter: 1 out of 5
  Ep 5: Train 0.2638 | Val 0.5691 | Test 0.0206
EarlyStopping counter: 2 out of 5
  Ep 6: Train 0.2549 | Val 0.5565 | Test 0.0206
EarlyStopping counter: 3 out of 5
  Ep 7: Train 0.2419 | Val 0.5304 | Test 0.0212
Validation loss decreased (0.530410 --> 0.530410).  Saving model ...
  Ep 8: Train 0.2391 | Val 0.5739 | Test 0.0243
EarlyStopping counter: 1 out of 5
  Ep 9: Train 0.2310 | Val 0.5555 | Test 0.0256
EarlyStopping counter: 2 out of 5
  Ep 10: Train 0.2312 | Val 0.5855 | Test 0.0291
EarlyStopping counter: 3 out of 5
  Ep 11: Train 0.2385 | Val 0.5751 | Test 0.0227
EarlyStopping counter: 4 out of 5
  Ep 12: Train 0.2360 | Val 0.5502 | Test 0.0260
EarlyStopping counter: 5 out of 5
Early stopping triggered!
/home/sangukchoi/Stroke_SDA/sda_training.py:615: FutureWarning: You are using `torch.load` with `weights_only=False` (the current default value), which uses the default pickle module implicitly. It is possible to construct malicious pickle data which will execute arbitrary code during unpickling (See https://github.com/pytorch/pytorch/blob/main/SECURITY.md#untrusted-models for more details). In a future release, the default value for `weights_only` will be flipped to `True`. This limits the functions that could be executed during unpickling. Arbitrary objects will no longer be allowed to be loaded via this mode unless they are explicitly allowlisted by the user via `torch.serialization.add_safe_globals`. We recommend you start setting `weights_only=True` for any use case where you don't have full control of the loaded file. Please open an issue on GitHub for any issues related to this experimental feature.
  model.load_state_dict(torch.load(os.path.join(out_dir, 'best_model.pth')))
Final Test MSE (Best Model): 0.0212
Finished. Status: Success
