Starting Run on GPU 2
Time: 2025-12-25 04:04:11

[Run Start] Subject S013 | Mode ['SDA'] | Params: L0.5_LS1.0_LR0.0001_E128_D128_Dr0.3

[Fold 1 - SDA] Train: ['S013_T003', 'S013_T006'], Test: S013_T002, Norm: fixed
/home/sangukchoi/.conda/envs/torch_gpu/lib/python3.10/site-packages/torch/nn/modules/rnn.py:123: UserWarning: dropout option adds dropout after all but last recurrent layer, so non-zero dropout expects num_layers greater than 1, but got dropout=0.3 and num_layers=1
  warnings.warn(
  Ep 1: Train 0.2479 | Val 0.1526 | Test 0.0216
Validation loss decreased (0.152562 --> 0.152562).  Saving model ...
  Ep 2: Train 0.1078 | Val 0.1356 | Test 0.0404
Validation loss decreased (0.135572 --> 0.135572).  Saving model ...
  Ep 3: Train 0.0952 | Val 0.1240 | Test 0.0670
Validation loss decreased (0.124029 --> 0.124029).  Saving model ...
  Ep 4: Train 0.0889 | Val 0.1277 | Test 0.0650
EarlyStopping counter: 1 out of 5
  Ep 5: Train 0.0869 | Val 0.1247 | Test 0.0720
EarlyStopping counter: 2 out of 5
  Ep 6: Train 0.0848 | Val 0.1201 | Test 0.0566
Validation loss decreased (0.120144 --> 0.120144).  Saving model ...
  Ep 7: Train 0.0861 | Val 0.1219 | Test 0.0557
EarlyStopping counter: 1 out of 5
  Ep 8: Train 0.0838 | Val 0.1160 | Test 0.0527
Validation loss decreased (0.115986 --> 0.115986).  Saving model ...
  Ep 9: Train 0.0830 | Val 0.1189 | Test 0.0435
EarlyStopping counter: 1 out of 5
  Ep 10: Train 0.0820 | Val 0.1219 | Test 0.0433
EarlyStopping counter: 2 out of 5
  Ep 11: Train 0.0812 | Val 0.1190 | Test 0.0461
EarlyStopping counter: 3 out of 5
  Ep 12: Train 0.0800 | Val 0.1160 | Test 0.0458
EarlyStopping counter: 4 out of 5
  Ep 13: Train 0.0806 | Val 0.1233 | Test 0.0477
EarlyStopping counter: 5 out of 5
Early stopping triggered!
/home/sangukchoi/Stroke_SDA/sda_training.py:615: FutureWarning: You are using `torch.load` with `weights_only=False` (the current default value), which uses the default pickle module implicitly. It is possible to construct malicious pickle data which will execute arbitrary code during unpickling (See https://github.com/pytorch/pytorch/blob/main/SECURITY.md#untrusted-models for more details). In a future release, the default value for `weights_only` will be flipped to `True`. This limits the functions that could be executed during unpickling. Arbitrary objects will no longer be allowed to be loaded via this mode unless they are explicitly allowlisted by the user via `torch.serialization.add_safe_globals`. We recommend you start setting `weights_only=True` for any use case where you don't have full control of the loaded file. Please open an issue on GitHub for any issues related to this experimental feature.
  model.load_state_dict(torch.load(os.path.join(out_dir, 'best_model.pth')))
Final Test MSE (Best Model): 0.0527
Finished. Status: Success
