Starting Run on GPU 2
Time: 2025-12-25 04:29:11

[Run Start] Subject S013 | Mode ['SDA'] | Params: L1.5_LS0.7_LR0.0001_E64_D128_Dr0.3

[Fold 1 - SDA] Train: ['S013_T003', 'S013_T006'], Test: S013_T002, Norm: fixed
/home/sangukchoi/.conda/envs/torch_gpu/lib/python3.10/site-packages/torch/nn/modules/rnn.py:123: UserWarning: dropout option adds dropout after all but last recurrent layer, so non-zero dropout expects num_layers greater than 1, but got dropout=0.3 and num_layers=1
  warnings.warn(
  Ep 1: Train 0.4286 | Val 0.4490 | Test 0.0461
Validation loss decreased (0.449014 --> 0.449014).  Saving model ...
  Ep 2: Train 0.2479 | Val 0.3267 | Test 0.0239
Validation loss decreased (0.326658 --> 0.326658).  Saving model ...
  Ep 3: Train 0.2146 | Val 0.3063 | Test 0.0219
Validation loss decreased (0.306322 --> 0.306322).  Saving model ...
  Ep 4: Train 0.2063 | Val 0.2935 | Test 0.0212
Validation loss decreased (0.293494 --> 0.293494).  Saving model ...
  Ep 5: Train 0.2006 | Val 0.2795 | Test 0.0238
Validation loss decreased (0.279501 --> 0.279501).  Saving model ...
  Ep 6: Train 0.1963 | Val 0.3018 | Test 0.0333
EarlyStopping counter: 1 out of 5
  Ep 7: Train 0.1979 | Val 0.3032 | Test 0.0325
EarlyStopping counter: 2 out of 5
  Ep 8: Train 0.1953 | Val 0.3116 | Test 0.0355
EarlyStopping counter: 3 out of 5
  Ep 9: Train 0.1937 | Val 0.2970 | Test 0.0339
EarlyStopping counter: 4 out of 5
  Ep 10: Train 0.1898 | Val 0.2975 | Test 0.0482
EarlyStopping counter: 5 out of 5
Early stopping triggered!
/home/sangukchoi/Stroke_SDA/sda_training.py:615: FutureWarning: You are using `torch.load` with `weights_only=False` (the current default value), which uses the default pickle module implicitly. It is possible to construct malicious pickle data which will execute arbitrary code during unpickling (See https://github.com/pytorch/pytorch/blob/main/SECURITY.md#untrusted-models for more details). In a future release, the default value for `weights_only` will be flipped to `True`. This limits the functions that could be executed during unpickling. Arbitrary objects will no longer be allowed to be loaded via this mode unless they are explicitly allowlisted by the user via `torch.serialization.add_safe_globals`. We recommend you start setting `weights_only=True` for any use case where you don't have full control of the loaded file. Please open an issue on GitHub for any issues related to this experimental feature.
  model.load_state_dict(torch.load(os.path.join(out_dir, 'best_model.pth')))
Final Test MSE (Best Model): 0.0238
Finished. Status: Success
