Starting Run on GPU 1
Time: 2025-12-25 04:46:00

[Run Start] Subject S013 | Mode ['SDA'] | Params: L2.0_LS0.7_LR0.0001_E256_D64_Dr0.3

[Fold 1 - SDA] Train: ['S013_T003', 'S013_T006'], Test: S013_T002, Norm: fixed
/home/sangukchoi/.conda/envs/torch_gpu/lib/python3.10/site-packages/torch/nn/modules/rnn.py:123: UserWarning: dropout option adds dropout after all but last recurrent layer, so non-zero dropout expects num_layers greater than 1, but got dropout=0.3 and num_layers=1
  warnings.warn(
  Ep 1: Train 0.4039 | Val 0.4902 | Test 0.0224
Validation loss decreased (0.490156 --> 0.490156).  Saving model ...
  Ep 2: Train 0.2617 | Val 0.4614 | Test 0.0167
Validation loss decreased (0.461420 --> 0.461420).  Saving model ...
  Ep 3: Train 0.2396 | Val 0.4830 | Test 0.0202
EarlyStopping counter: 1 out of 5
  Ep 4: Train 0.2297 | Val 0.4410 | Test 0.0200
Validation loss decreased (0.440964 --> 0.440964).  Saving model ...
  Ep 5: Train 0.2272 | Val 0.4355 | Test 0.0264
Validation loss decreased (0.435488 --> 0.435488).  Saving model ...
  Ep 6: Train 0.2191 | Val 0.4669 | Test 0.0240
EarlyStopping counter: 1 out of 5
  Ep 7: Train 0.2111 | Val 0.5002 | Test 0.0269
EarlyStopping counter: 2 out of 5
  Ep 8: Train 0.2040 | Val 0.4388 | Test 0.0243
EarlyStopping counter: 3 out of 5
  Ep 9: Train 0.2006 | Val 0.5185 | Test 0.0275
EarlyStopping counter: 4 out of 5
  Ep 10: Train 0.1997 | Val 0.4943 | Test 0.0290
EarlyStopping counter: 5 out of 5
Early stopping triggered!
/home/sangukchoi/Stroke_SDA/sda_training.py:615: FutureWarning: You are using `torch.load` with `weights_only=False` (the current default value), which uses the default pickle module implicitly. It is possible to construct malicious pickle data which will execute arbitrary code during unpickling (See https://github.com/pytorch/pytorch/blob/main/SECURITY.md#untrusted-models for more details). In a future release, the default value for `weights_only` will be flipped to `True`. This limits the functions that could be executed during unpickling. Arbitrary objects will no longer be allowed to be loaded via this mode unless they are explicitly allowlisted by the user via `torch.serialization.add_safe_globals`. We recommend you start setting `weights_only=True` for any use case where you don't have full control of the loaded file. Please open an issue on GitHub for any issues related to this experimental feature.
  model.load_state_dict(torch.load(os.path.join(out_dir, 'best_model.pth')))
Final Test MSE (Best Model): 0.0264
Finished. Status: Success
