Starting Run on GPU 3
Time: 2025-12-25 03:51:23

[Run Start] Subject S013 | Mode ['SDA'] | Params: L0.5_LS0.7_LR0.0001_E64_D128_Dr0.3

[Fold 1 - SDA] Train: ['S013_T003', 'S013_T006'], Test: S013_T002, Norm: fixed
/home/sangukchoi/.conda/envs/torch_gpu/lib/python3.10/site-packages/torch/nn/modules/rnn.py:123: UserWarning: dropout option adds dropout after all but last recurrent layer, so non-zero dropout expects num_layers greater than 1, but got dropout=0.3 and num_layers=1
  warnings.warn(
  Ep 1: Train 0.2651 | Val 0.1696 | Test 0.0192
Validation loss decreased (0.169551 --> 0.169551).  Saving model ...
  Ep 2: Train 0.1103 | Val 0.1428 | Test 0.0320
Validation loss decreased (0.142790 --> 0.142790).  Saving model ...
  Ep 3: Train 0.0925 | Val 0.1288 | Test 0.0486
Validation loss decreased (0.128831 --> 0.128831).  Saving model ...
  Ep 4: Train 0.0860 | Val 0.1291 | Test 0.0406
EarlyStopping counter: 1 out of 5
  Ep 5: Train 0.0829 | Val 0.1201 | Test 0.0412
Validation loss decreased (0.120052 --> 0.120052).  Saving model ...
  Ep 6: Train 0.0800 | Val 0.1255 | Test 0.0486
EarlyStopping counter: 1 out of 5
  Ep 7: Train 0.0802 | Val 0.1164 | Test 0.0411
Validation loss decreased (0.116427 --> 0.116427).  Saving model ...
  Ep 8: Train 0.0794 | Val 0.1254 | Test 0.0585
EarlyStopping counter: 1 out of 5
  Ep 9: Train 0.0789 | Val 0.1208 | Test 0.0541
EarlyStopping counter: 2 out of 5
  Ep 10: Train 0.0779 | Val 0.1172 | Test 0.0575
EarlyStopping counter: 3 out of 5
  Ep 11: Train 0.0768 | Val 0.1130 | Test 0.0549
Validation loss decreased (0.113001 --> 0.113001).  Saving model ...
  Ep 12: Train 0.0770 | Val 0.1172 | Test 0.0566
EarlyStopping counter: 1 out of 5
  Ep 13: Train 0.0762 | Val 0.1165 | Test 0.0586
EarlyStopping counter: 2 out of 5
  Ep 14: Train 0.0763 | Val 0.1154 | Test 0.0574
EarlyStopping counter: 3 out of 5
  Ep 15: Train 0.0748 | Val 0.1150 | Test 0.0565
EarlyStopping counter: 4 out of 5
  Ep 16: Train 0.0742 | Val 0.1153 | Test 0.0622
EarlyStopping counter: 5 out of 5
Early stopping triggered!
/home/sangukchoi/Stroke_SDA/sda_training.py:615: FutureWarning: You are using `torch.load` with `weights_only=False` (the current default value), which uses the default pickle module implicitly. It is possible to construct malicious pickle data which will execute arbitrary code during unpickling (See https://github.com/pytorch/pytorch/blob/main/SECURITY.md#untrusted-models for more details). In a future release, the default value for `weights_only` will be flipped to `True`. This limits the functions that could be executed during unpickling. Arbitrary objects will no longer be allowed to be loaded via this mode unless they are explicitly allowlisted by the user via `torch.serialization.add_safe_globals`. We recommend you start setting `weights_only=True` for any use case where you don't have full control of the loaded file. Please open an issue on GitHub for any issues related to this experimental feature.
  model.load_state_dict(torch.load(os.path.join(out_dir, 'best_model.pth')))
Final Test MSE (Best Model): 0.0549
Finished. Status: Success
