Starting Run on GPU 1
Time: 2025-12-25 05:18:25

[Run Start] Subject S013 | Mode ['SDA'] | Params: L2.5_LS0.7_LR0.0001_E256_D128_Dr0.3

[Fold 1 - SDA] Train: ['S013_T003', 'S013_T006'], Test: S013_T002, Norm: fixed
/home/sangukchoi/.conda/envs/torch_gpu/lib/python3.10/site-packages/torch/nn/modules/rnn.py:123: UserWarning: dropout option adds dropout after all but last recurrent layer, so non-zero dropout expects num_layers greater than 1, but got dropout=0.3 and num_layers=1
  warnings.warn(
  Ep 1: Train 0.4829 | Val 0.6027 | Test 0.0238
Validation loss decreased (0.602748 --> 0.602748).  Saving model ...
  Ep 2: Train 0.3264 | Val 0.5644 | Test 0.0189
Validation loss decreased (0.564365 --> 0.564365).  Saving model ...
  Ep 3: Train 0.2915 | Val 0.5265 | Test 0.0225
Validation loss decreased (0.526504 --> 0.526504).  Saving model ...
  Ep 4: Train 0.2871 | Val 0.5726 | Test 0.0283
EarlyStopping counter: 1 out of 5
  Ep 5: Train 0.2804 | Val 0.5276 | Test 0.0248
EarlyStopping counter: 2 out of 5
  Ep 6: Train 0.2720 | Val 0.5184 | Test 0.0310
Validation loss decreased (0.518395 --> 0.518395).  Saving model ...
  Ep 7: Train 0.2686 | Val 0.6181 | Test 0.0282
EarlyStopping counter: 1 out of 5
  Ep 8: Train 0.2651 | Val 0.5900 | Test 0.0227
EarlyStopping counter: 2 out of 5
  Ep 9: Train 0.2550 | Val 0.6223 | Test 0.0291
EarlyStopping counter: 3 out of 5
  Ep 10: Train 0.2425 | Val 0.6029 | Test 0.0356
EarlyStopping counter: 4 out of 5
  Ep 11: Train 0.2442 | Val 0.5809 | Test 0.0336
EarlyStopping counter: 5 out of 5
Early stopping triggered!
/home/sangukchoi/Stroke_SDA/sda_training.py:615: FutureWarning: You are using `torch.load` with `weights_only=False` (the current default value), which uses the default pickle module implicitly. It is possible to construct malicious pickle data which will execute arbitrary code during unpickling (See https://github.com/pytorch/pytorch/blob/main/SECURITY.md#untrusted-models for more details). In a future release, the default value for `weights_only` will be flipped to `True`. This limits the functions that could be executed during unpickling. Arbitrary objects will no longer be allowed to be loaded via this mode unless they are explicitly allowlisted by the user via `torch.serialization.add_safe_globals`. We recommend you start setting `weights_only=True` for any use case where you don't have full control of the loaded file. Please open an issue on GitHub for any issues related to this experimental feature.
  model.load_state_dict(torch.load(os.path.join(out_dir, 'best_model.pth')))
Final Test MSE (Best Model): 0.0310
Finished. Status: Success
