Starting Run on GPU 0
Time: 2025-12-25 04:40:22

[Run Start] Subject S013 | Mode ['SDA'] | Params: L2.0_LS0.7_LR0.0001_E64_D32_Dr0.3

[Fold 1 - SDA] Train: ['S013_T003', 'S013_T006'], Test: S013_T002, Norm: fixed
/home/sangukchoi/.conda/envs/torch_gpu/lib/python3.10/site-packages/torch/nn/modules/rnn.py:123: UserWarning: dropout option adds dropout after all but last recurrent layer, so non-zero dropout expects num_layers greater than 1, but got dropout=0.3 and num_layers=1
  warnings.warn(
  Ep 1: Train 0.6778 | Val 0.5713 | Test 0.0610
Validation loss decreased (0.571322 --> 0.571322).  Saving model ...
  Ep 2: Train 0.3414 | Val 0.5445 | Test 0.0402
Validation loss decreased (0.544488 --> 0.544488).  Saving model ...
  Ep 3: Train 0.2839 | Val 0.4695 | Test 0.0245
Validation loss decreased (0.469535 --> 0.469535).  Saving model ...
  Ep 4: Train 0.2622 | Val 0.4673 | Test 0.0222
Validation loss decreased (0.467280 --> 0.467280).  Saving model ...
  Ep 5: Train 0.2538 | Val 0.4356 | Test 0.0212
Validation loss decreased (0.435640 --> 0.435640).  Saving model ...
  Ep 6: Train 0.2467 | Val 0.4317 | Test 0.0219
Validation loss decreased (0.431725 --> 0.431725).  Saving model ...
  Ep 7: Train 0.2443 | Val 0.4757 | Test 0.0246
EarlyStopping counter: 1 out of 5
  Ep 8: Train 0.2450 | Val 0.4050 | Test 0.0222
Validation loss decreased (0.404979 --> 0.404979).  Saving model ...
  Ep 9: Train 0.2395 | Val 0.4219 | Test 0.0236
EarlyStopping counter: 1 out of 5
  Ep 10: Train 0.2375 | Val 0.4407 | Test 0.0259
EarlyStopping counter: 2 out of 5
  Ep 11: Train 0.2361 | Val 0.4319 | Test 0.0233
EarlyStopping counter: 3 out of 5
  Ep 12: Train 0.2306 | Val 0.4442 | Test 0.0264
EarlyStopping counter: 4 out of 5
  Ep 13: Train 0.2338 | Val 0.4282 | Test 0.0290
EarlyStopping counter: 5 out of 5
Early stopping triggered!
/home/sangukchoi/Stroke_SDA/sda_training.py:615: FutureWarning: You are using `torch.load` with `weights_only=False` (the current default value), which uses the default pickle module implicitly. It is possible to construct malicious pickle data which will execute arbitrary code during unpickling (See https://github.com/pytorch/pytorch/blob/main/SECURITY.md#untrusted-models for more details). In a future release, the default value for `weights_only` will be flipped to `True`. This limits the functions that could be executed during unpickling. Arbitrary objects will no longer be allowed to be loaded via this mode unless they are explicitly allowlisted by the user via `torch.serialization.add_safe_globals`. We recommend you start setting `weights_only=True` for any use case where you don't have full control of the loaded file. Please open an issue on GitHub for any issues related to this experimental feature.
  model.load_state_dict(torch.load(os.path.join(out_dir, 'best_model.pth')))
Final Test MSE (Best Model): 0.0222
Finished. Status: Success
