Starting Run on GPU 1
Time: 2025-12-25 03:55:20

[Run Start] Subject S013 | Mode ['SDA'] | Params: L0.5_LS0.7_LR0.0001_E128_D128_Dr0.3

[Fold 1 - SDA] Train: ['S013_T003', 'S013_T006'], Test: S013_T002, Norm: fixed
/home/sangukchoi/.conda/envs/torch_gpu/lib/python3.10/site-packages/torch/nn/modules/rnn.py:123: UserWarning: dropout option adds dropout after all but last recurrent layer, so non-zero dropout expects num_layers greater than 1, but got dropout=0.3 and num_layers=1
  warnings.warn(
  Ep 1: Train 0.2144 | Val 0.1605 | Test 0.0241
Validation loss decreased (0.160479 --> 0.160479).  Saving model ...
  Ep 2: Train 0.0979 | Val 0.1383 | Test 0.0410
Validation loss decreased (0.138287 --> 0.138287).  Saving model ...
  Ep 3: Train 0.0870 | Val 0.1356 | Test 0.0461
Validation loss decreased (0.135616 --> 0.135616).  Saving model ...
  Ep 4: Train 0.0831 | Val 0.1383 | Test 0.0490
EarlyStopping counter: 1 out of 5
  Ep 5: Train 0.0819 | Val 0.1295 | Test 0.0407
Validation loss decreased (0.129525 --> 0.129525).  Saving model ...
  Ep 6: Train 0.0784 | Val 0.1220 | Test 0.0466
Validation loss decreased (0.121972 --> 0.121972).  Saving model ...
  Ep 7: Train 0.0765 | Val 0.1297 | Test 0.0483
EarlyStopping counter: 1 out of 5
  Ep 8: Train 0.0772 | Val 0.1278 | Test 0.0513
EarlyStopping counter: 2 out of 5
  Ep 9: Train 0.0754 | Val 0.1298 | Test 0.0503
EarlyStopping counter: 3 out of 5
  Ep 10: Train 0.0732 | Val 0.1180 | Test 0.0567
Validation loss decreased (0.117996 --> 0.117996).  Saving model ...
  Ep 11: Train 0.0740 | Val 0.1255 | Test 0.0713
EarlyStopping counter: 1 out of 5
  Ep 12: Train 0.0726 | Val 0.1282 | Test 0.0689
EarlyStopping counter: 2 out of 5
  Ep 13: Train 0.0717 | Val 0.1222 | Test 0.0598
EarlyStopping counter: 3 out of 5
  Ep 14: Train 0.0718 | Val 0.1197 | Test 0.0513
EarlyStopping counter: 4 out of 5
  Ep 15: Train 0.0694 | Val 0.1284 | Test 0.0723
EarlyStopping counter: 5 out of 5
Early stopping triggered!
/home/sangukchoi/Stroke_SDA/sda_training.py:615: FutureWarning: You are using `torch.load` with `weights_only=False` (the current default value), which uses the default pickle module implicitly. It is possible to construct malicious pickle data which will execute arbitrary code during unpickling (See https://github.com/pytorch/pytorch/blob/main/SECURITY.md#untrusted-models for more details). In a future release, the default value for `weights_only` will be flipped to `True`. This limits the functions that could be executed during unpickling. Arbitrary objects will no longer be allowed to be loaded via this mode unless they are explicitly allowlisted by the user via `torch.serialization.add_safe_globals`. We recommend you start setting `weights_only=True` for any use case where you don't have full control of the loaded file. Please open an issue on GitHub for any issues related to this experimental feature.
  model.load_state_dict(torch.load(os.path.join(out_dir, 'best_model.pth')))
Final Test MSE (Best Model): 0.0567
Finished. Status: Success
