Starting Run on GPU 2
Time: 2025-12-25 05:06:51

[Run Start] Subject S013 | Mode ['SDA'] | Params: L2.5_LS0.5_LR0.0001_E64_D64_Dr0.3

[Fold 1 - SDA] Train: ['S013_T003', 'S013_T006'], Test: S013_T002, Norm: fixed
/home/sangukchoi/.conda/envs/torch_gpu/lib/python3.10/site-packages/torch/nn/modules/rnn.py:123: UserWarning: dropout option adds dropout after all but last recurrent layer, so non-zero dropout expects num_layers greater than 1, but got dropout=0.3 and num_layers=1
  warnings.warn(
  Ep 1: Train 0.6034 | Val 0.6764 | Test 0.0751
Validation loss decreased (0.676427 --> 0.676427).  Saving model ...
  Ep 2: Train 0.3691 | Val 0.6031 | Test 0.0331
Validation loss decreased (0.603066 --> 0.603066).  Saving model ...
  Ep 3: Train 0.3344 | Val 0.5195 | Test 0.0293
Validation loss decreased (0.519483 --> 0.519483).  Saving model ...
  Ep 4: Train 0.3229 | Val 0.5519 | Test 0.0436
EarlyStopping counter: 1 out of 5
  Ep 5: Train 0.3131 | Val 0.5441 | Test 0.0361
EarlyStopping counter: 2 out of 5
  Ep 6: Train 0.3071 | Val 0.5494 | Test 0.0378
EarlyStopping counter: 3 out of 5
  Ep 7: Train 0.3033 | Val 0.5756 | Test 0.0356
EarlyStopping counter: 4 out of 5
  Ep 8: Train 0.2981 | Val 0.5520 | Test 0.0411
EarlyStopping counter: 5 out of 5
Early stopping triggered!
/home/sangukchoi/Stroke_SDA/sda_training.py:615: FutureWarning: You are using `torch.load` with `weights_only=False` (the current default value), which uses the default pickle module implicitly. It is possible to construct malicious pickle data which will execute arbitrary code during unpickling (See https://github.com/pytorch/pytorch/blob/main/SECURITY.md#untrusted-models for more details). In a future release, the default value for `weights_only` will be flipped to `True`. This limits the functions that could be executed during unpickling. Arbitrary objects will no longer be allowed to be loaded via this mode unless they are explicitly allowlisted by the user via `torch.serialization.add_safe_globals`. We recommend you start setting `weights_only=True` for any use case where you don't have full control of the loaded file. Please open an issue on GitHub for any issues related to this experimental feature.
  model.load_state_dict(torch.load(os.path.join(out_dir, 'best_model.pth')))
Final Test MSE (Best Model): 0.0293
Finished. Status: Success
