Starting Run on GPU 3
Time: 2025-12-25 04:56:05

[Run Start] Subject S013 | Mode ['SDA'] | Params: L2.5_LS0.3_LR0.0001_E64_D64_Dr0.3

[Fold 1 - SDA] Train: ['S013_T003', 'S013_T006'], Test: S013_T002, Norm: fixed
/home/sangukchoi/.conda/envs/torch_gpu/lib/python3.10/site-packages/torch/nn/modules/rnn.py:123: UserWarning: dropout option adds dropout after all but last recurrent layer, so non-zero dropout expects num_layers greater than 1, but got dropout=0.3 and num_layers=1
  warnings.warn(
  Ep 1: Train 0.6093 | Val 0.6296 | Test 0.0793
Validation loss decreased (0.629605 --> 0.629605).  Saving model ...
  Ep 2: Train 0.3631 | Val 0.6453 | Test 0.0544
EarlyStopping counter: 1 out of 5
  Ep 3: Train 0.3331 | Val 0.5865 | Test 0.0361
Validation loss decreased (0.586520 --> 0.586520).  Saving model ...
  Ep 4: Train 0.3195 | Val 0.5933 | Test 0.0346
EarlyStopping counter: 1 out of 5
  Ep 5: Train 0.3068 | Val 0.5858 | Test 0.0355
Validation loss decreased (0.585767 --> 0.585767).  Saving model ...
  Ep 6: Train 0.2972 | Val 0.5889 | Test 0.0323
EarlyStopping counter: 1 out of 5
  Ep 7: Train 0.2908 | Val 0.5626 | Test 0.0327
Validation loss decreased (0.562648 --> 0.562648).  Saving model ...
  Ep 8: Train 0.2860 | Val 0.5930 | Test 0.0346
EarlyStopping counter: 1 out of 5
  Ep 9: Train 0.2837 | Val 0.5450 | Test 0.0401
Validation loss decreased (0.544988 --> 0.544988).  Saving model ...
  Ep 10: Train 0.2742 | Val 0.5726 | Test 0.0386
EarlyStopping counter: 1 out of 5
  Ep 11: Train 0.2703 | Val 0.5179 | Test 0.0340
Validation loss decreased (0.517886 --> 0.517886).  Saving model ...
  Ep 12: Train 0.2686 | Val 0.5459 | Test 0.0359
EarlyStopping counter: 1 out of 5
  Ep 13: Train 0.2673 | Val 0.5265 | Test 0.0362
EarlyStopping counter: 2 out of 5
  Ep 14: Train 0.2600 | Val 0.5830 | Test 0.0336
EarlyStopping counter: 3 out of 5
  Ep 15: Train 0.2583 | Val 0.5586 | Test 0.0398
EarlyStopping counter: 4 out of 5
  Ep 16: Train 0.2539 | Val 0.5205 | Test 0.0394
EarlyStopping counter: 5 out of 5
Early stopping triggered!
/home/sangukchoi/Stroke_SDA/sda_training.py:615: FutureWarning: You are using `torch.load` with `weights_only=False` (the current default value), which uses the default pickle module implicitly. It is possible to construct malicious pickle data which will execute arbitrary code during unpickling (See https://github.com/pytorch/pytorch/blob/main/SECURITY.md#untrusted-models for more details). In a future release, the default value for `weights_only` will be flipped to `True`. This limits the functions that could be executed during unpickling. Arbitrary objects will no longer be allowed to be loaded via this mode unless they are explicitly allowlisted by the user via `torch.serialization.add_safe_globals`. We recommend you start setting `weights_only=True` for any use case where you don't have full control of the loaded file. Please open an issue on GitHub for any issues related to this experimental feature.
  model.load_state_dict(torch.load(os.path.join(out_dir, 'best_model.pth')))
Final Test MSE (Best Model): 0.0340
Finished. Status: Success
