Starting Run on GPU 1
Time: 2025-12-25 05:28:28

[Run Start] Subject S013 | Mode ['SDA'] | Params: L3.0_LS0.3_LR0.0001_E64_D64_Dr0.3

[Fold 1 - SDA] Train: ['S013_T003', 'S013_T006'], Test: S013_T002, Norm: fixed
/home/sangukchoi/.conda/envs/torch_gpu/lib/python3.10/site-packages/torch/nn/modules/rnn.py:123: UserWarning: dropout option adds dropout after all but last recurrent layer, so non-zero dropout expects num_layers greater than 1, but got dropout=0.3 and num_layers=1
  warnings.warn(
  Ep 1: Train 0.7688 | Val 0.9235 | Test 0.1574
Validation loss decreased (0.923475 --> 0.923475).  Saving model ...
  Ep 2: Train 0.4640 | Val 0.8555 | Test 0.0773
Validation loss decreased (0.855470 --> 0.855470).  Saving model ...
  Ep 3: Train 0.4122 | Val 0.7444 | Test 0.0518
Validation loss decreased (0.744404 --> 0.744404).  Saving model ...
  Ep 4: Train 0.3841 | Val 0.7107 | Test 0.0418
Validation loss decreased (0.710735 --> 0.710735).  Saving model ...
  Ep 5: Train 0.3686 | Val 0.6653 | Test 0.0409
Validation loss decreased (0.665260 --> 0.665260).  Saving model ...
  Ep 6: Train 0.3595 | Val 0.6989 | Test 0.0282
EarlyStopping counter: 1 out of 5
  Ep 7: Train 0.3406 | Val 0.6457 | Test 0.0280
Validation loss decreased (0.645693 --> 0.645693).  Saving model ...
  Ep 8: Train 0.3330 | Val 0.6728 | Test 0.0287
EarlyStopping counter: 1 out of 5
  Ep 9: Train 0.3281 | Val 0.6330 | Test 0.0249
Validation loss decreased (0.632962 --> 0.632962).  Saving model ...
  Ep 10: Train 0.3191 | Val 0.6439 | Test 0.0269
EarlyStopping counter: 1 out of 5
  Ep 11: Train 0.3150 | Val 0.6398 | Test 0.0284
EarlyStopping counter: 2 out of 5
  Ep 12: Train 0.3107 | Val 0.6573 | Test 0.0272
EarlyStopping counter: 3 out of 5
  Ep 13: Train 0.3024 | Val 0.6686 | Test 0.0283
EarlyStopping counter: 4 out of 5
  Ep 14: Train 0.3048 | Val 0.6875 | Test 0.0295
EarlyStopping counter: 5 out of 5
Early stopping triggered!
/home/sangukchoi/Stroke_SDA/sda_training.py:615: FutureWarning: You are using `torch.load` with `weights_only=False` (the current default value), which uses the default pickle module implicitly. It is possible to construct malicious pickle data which will execute arbitrary code during unpickling (See https://github.com/pytorch/pytorch/blob/main/SECURITY.md#untrusted-models for more details). In a future release, the default value for `weights_only` will be flipped to `True`. This limits the functions that could be executed during unpickling. Arbitrary objects will no longer be allowed to be loaded via this mode unless they are explicitly allowlisted by the user via `torch.serialization.add_safe_globals`. We recommend you start setting `weights_only=True` for any use case where you don't have full control of the loaded file. Please open an issue on GitHub for any issues related to this experimental feature.
  model.load_state_dict(torch.load(os.path.join(out_dir, 'best_model.pth')))
Final Test MSE (Best Model): 0.0249
Finished. Status: Success
