Starting Run on GPU 2
Time: 2025-12-25 04:14:01

[Run Start] Subject S013 | Mode ['SDA'] | Params: L1.0_LS0.7_LR0.0001_E128_D64_Dr0.3

[Fold 1 - SDA] Train: ['S013_T003', 'S013_T006'], Test: S013_T002, Norm: fixed
/home/sangukchoi/.conda/envs/torch_gpu/lib/python3.10/site-packages/torch/nn/modules/rnn.py:123: UserWarning: dropout option adds dropout after all but last recurrent layer, so non-zero dropout expects num_layers greater than 1, but got dropout=0.3 and num_layers=1
  warnings.warn(
  Ep 1: Train 0.3270 | Val 0.2774 | Test 0.0217
Validation loss decreased (0.277398 --> 0.277398).  Saving model ...
  Ep 2: Train 0.1623 | Val 0.2797 | Test 0.0269
EarlyStopping counter: 1 out of 5
  Ep 3: Train 0.1427 | Val 0.2434 | Test 0.0356
Validation loss decreased (0.243355 --> 0.243355).  Saving model ...
  Ep 4: Train 0.1367 | Val 0.2572 | Test 0.0337
EarlyStopping counter: 1 out of 5
  Ep 5: Train 0.1326 | Val 0.2402 | Test 0.0296
Validation loss decreased (0.240210 --> 0.240210).  Saving model ...
  Ep 6: Train 0.1285 | Val 0.2393 | Test 0.0315
Validation loss decreased (0.239285 --> 0.239285).  Saving model ...
  Ep 7: Train 0.1251 | Val 0.2465 | Test 0.0292
EarlyStopping counter: 1 out of 5
  Ep 8: Train 0.1250 | Val 0.2430 | Test 0.0351
EarlyStopping counter: 2 out of 5
  Ep 9: Train 0.1228 | Val 0.2489 | Test 0.0307
EarlyStopping counter: 3 out of 5
  Ep 10: Train 0.1195 | Val 0.2348 | Test 0.0291
Validation loss decreased (0.234818 --> 0.234818).  Saving model ...
  Ep 11: Train 0.1188 | Val 0.2289 | Test 0.0339
Validation loss decreased (0.228949 --> 0.228949).  Saving model ...
  Ep 12: Train 0.1152 | Val 0.2437 | Test 0.0299
EarlyStopping counter: 1 out of 5
  Ep 13: Train 0.1149 | Val 0.2612 | Test 0.0271
EarlyStopping counter: 2 out of 5
  Ep 14: Train 0.1127 | Val 0.2434 | Test 0.0275
EarlyStopping counter: 3 out of 5
  Ep 15: Train 0.1136 | Val 0.2344 | Test 0.0346
EarlyStopping counter: 4 out of 5
  Ep 16: Train 0.1117 | Val 0.2446 | Test 0.0323
EarlyStopping counter: 5 out of 5
Early stopping triggered!
/home/sangukchoi/Stroke_SDA/sda_training.py:615: FutureWarning: You are using `torch.load` with `weights_only=False` (the current default value), which uses the default pickle module implicitly. It is possible to construct malicious pickle data which will execute arbitrary code during unpickling (See https://github.com/pytorch/pytorch/blob/main/SECURITY.md#untrusted-models for more details). In a future release, the default value for `weights_only` will be flipped to `True`. This limits the functions that could be executed during unpickling. Arbitrary objects will no longer be allowed to be loaded via this mode unless they are explicitly allowlisted by the user via `torch.serialization.add_safe_globals`. We recommend you start setting `weights_only=True` for any use case where you don't have full control of the loaded file. Please open an issue on GitHub for any issues related to this experimental feature.
  model.load_state_dict(torch.load(os.path.join(out_dir, 'best_model.pth')))
Final Test MSE (Best Model): 0.0339
Finished. Status: Success
