Starting Run on GPU 0
Time: 2025-12-25 04:45:55

[Run Start] Subject S013 | Mode ['SDA'] | Params: L2.0_LS0.7_LR0.0001_E256_D32_Dr0.3

[Fold 1 - SDA] Train: ['S013_T003', 'S013_T006'], Test: S013_T002, Norm: fixed
/home/sangukchoi/.conda/envs/torch_gpu/lib/python3.10/site-packages/torch/nn/modules/rnn.py:123: UserWarning: dropout option adds dropout after all but last recurrent layer, so non-zero dropout expects num_layers greater than 1, but got dropout=0.3 and num_layers=1
  warnings.warn(
  Ep 1: Train 0.4100 | Val 0.5128 | Test 0.0246
Validation loss decreased (0.512822 --> 0.512822).  Saving model ...
  Ep 2: Train 0.2579 | Val 0.4402 | Test 0.0315
Validation loss decreased (0.440177 --> 0.440177).  Saving model ...
  Ep 3: Train 0.2381 | Val 0.4701 | Test 0.0300
EarlyStopping counter: 1 out of 5
  Ep 4: Train 0.2336 | Val 0.4489 | Test 0.0328
EarlyStopping counter: 2 out of 5
  Ep 5: Train 0.2205 | Val 0.4797 | Test 0.0257
EarlyStopping counter: 3 out of 5
  Ep 6: Train 0.2172 | Val 0.4373 | Test 0.0252
Validation loss decreased (0.437265 --> 0.437265).  Saving model ...
  Ep 7: Train 0.2077 | Val 0.4597 | Test 0.0268
EarlyStopping counter: 1 out of 5
  Ep 8: Train 0.2053 | Val 0.4904 | Test 0.0236
EarlyStopping counter: 2 out of 5
  Ep 9: Train 0.2006 | Val 0.4824 | Test 0.0231
EarlyStopping counter: 3 out of 5
  Ep 10: Train 0.2016 | Val 0.4386 | Test 0.0262
EarlyStopping counter: 4 out of 5
  Ep 11: Train 0.1942 | Val 0.4923 | Test 0.0249
EarlyStopping counter: 5 out of 5
Early stopping triggered!
/home/sangukchoi/Stroke_SDA/sda_training.py:615: FutureWarning: You are using `torch.load` with `weights_only=False` (the current default value), which uses the default pickle module implicitly. It is possible to construct malicious pickle data which will execute arbitrary code during unpickling (See https://github.com/pytorch/pytorch/blob/main/SECURITY.md#untrusted-models for more details). In a future release, the default value for `weights_only` will be flipped to `True`. This limits the functions that could be executed during unpickling. Arbitrary objects will no longer be allowed to be loaded via this mode unless they are explicitly allowlisted by the user via `torch.serialization.add_safe_globals`. We recommend you start setting `weights_only=True` for any use case where you don't have full control of the loaded file. Please open an issue on GitHub for any issues related to this experimental feature.
  model.load_state_dict(torch.load(os.path.join(out_dir, 'best_model.pth')))
Final Test MSE (Best Model): 0.0252
Finished. Status: Success
