Starting Run on GPU 0
Time: 2025-12-25 05:55:22

[Run Start] Subject S013 | Mode ['SDA'] | Params: L3.0_LS1.0_LR0.0001_E256_D32_Dr0.3

[Fold 1 - SDA] Train: ['S013_T003', 'S013_T006'], Test: S013_T002, Norm: fixed
/home/sangukchoi/.conda/envs/torch_gpu/lib/python3.10/site-packages/torch/nn/modules/rnn.py:123: UserWarning: dropout option adds dropout after all but last recurrent layer, so non-zero dropout expects num_layers greater than 1, but got dropout=0.3 and num_layers=1
  warnings.warn(
  Ep 1: Train 0.5914 | Val 0.7713 | Test 0.0255
Validation loss decreased (0.771340 --> 0.771340).  Saving model ...
  Ep 2: Train 0.3856 | Val 0.7695 | Test 0.0235
Validation loss decreased (0.769490 --> 0.769490).  Saving model ...
  Ep 3: Train 0.3567 | Val 0.6532 | Test 0.0302
Validation loss decreased (0.653158 --> 0.653158).  Saving model ...
  Ep 4: Train 0.3452 | Val 0.6627 | Test 0.0206
EarlyStopping counter: 1 out of 5
  Ep 5: Train 0.3432 | Val 0.6955 | Test 0.0192
EarlyStopping counter: 2 out of 5
  Ep 6: Train 0.3288 | Val 0.6667 | Test 0.0262
EarlyStopping counter: 3 out of 5
  Ep 7: Train 0.3177 | Val 0.6261 | Test 0.0233
Validation loss decreased (0.626060 --> 0.626060).  Saving model ...
  Ep 8: Train 0.3200 | Val 0.6991 | Test 0.0215
EarlyStopping counter: 1 out of 5
  Ep 9: Train 0.3115 | Val 0.6937 | Test 0.0275
EarlyStopping counter: 2 out of 5
  Ep 10: Train 0.3067 | Val 0.6897 | Test 0.0252
EarlyStopping counter: 3 out of 5
  Ep 11: Train 0.3017 | Val 0.6704 | Test 0.0295
EarlyStopping counter: 4 out of 5
  Ep 12: Train 0.2912 | Val 0.7401 | Test 0.0259
EarlyStopping counter: 5 out of 5
Early stopping triggered!
/home/sangukchoi/Stroke_SDA/sda_training.py:615: FutureWarning: You are using `torch.load` with `weights_only=False` (the current default value), which uses the default pickle module implicitly. It is possible to construct malicious pickle data which will execute arbitrary code during unpickling (See https://github.com/pytorch/pytorch/blob/main/SECURITY.md#untrusted-models for more details). In a future release, the default value for `weights_only` will be flipped to `True`. This limits the functions that could be executed during unpickling. Arbitrary objects will no longer be allowed to be loaded via this mode unless they are explicitly allowlisted by the user via `torch.serialization.add_safe_globals`. We recommend you start setting `weights_only=True` for any use case where you don't have full control of the loaded file. Please open an issue on GitHub for any issues related to this experimental feature.
  model.load_state_dict(torch.load(os.path.join(out_dir, 'best_model.pth')))
Final Test MSE (Best Model): 0.0233
Finished. Status: Success
