Starting Run on GPU 3
Time: 2025-12-25 05:37:32

[Run Start] Subject S013 | Mode ['SDA'] | Params: L3.0_LS0.5_LR0.0001_E64_D128_Dr0.3

[Fold 1 - SDA] Train: ['S013_T003', 'S013_T006'], Test: S013_T002, Norm: fixed
/home/sangukchoi/.conda/envs/torch_gpu/lib/python3.10/site-packages/torch/nn/modules/rnn.py:123: UserWarning: dropout option adds dropout after all but last recurrent layer, so non-zero dropout expects num_layers greater than 1, but got dropout=0.3 and num_layers=1
  warnings.warn(
  Ep 1: Train 0.7061 | Val 0.9842 | Test 0.0942
Validation loss decreased (0.984169 --> 0.984169).  Saving model ...
  Ep 2: Train 0.4910 | Val 0.8558 | Test 0.0654
Validation loss decreased (0.855770 --> 0.855770).  Saving model ...
  Ep 3: Train 0.4390 | Val 0.7795 | Test 0.0480
Validation loss decreased (0.779545 --> 0.779545).  Saving model ...
  Ep 4: Train 0.3918 | Val 0.7048 | Test 0.0320
Validation loss decreased (0.704762 --> 0.704762).  Saving model ...
  Ep 5: Train 0.3683 | Val 0.6828 | Test 0.0268
Validation loss decreased (0.682788 --> 0.682788).  Saving model ...
  Ep 6: Train 0.3530 | Val 0.6933 | Test 0.0260
EarlyStopping counter: 1 out of 5
  Ep 7: Train 0.3421 | Val 0.6749 | Test 0.0249
Validation loss decreased (0.674940 --> 0.674940).  Saving model ...
  Ep 8: Train 0.3338 | Val 0.6420 | Test 0.0289
Validation loss decreased (0.641989 --> 0.641989).  Saving model ...
  Ep 9: Train 0.3234 | Val 0.6703 | Test 0.0272
EarlyStopping counter: 1 out of 5
  Ep 10: Train 0.3159 | Val 0.6420 | Test 0.0240
EarlyStopping counter: 2 out of 5
  Ep 11: Train 0.3159 | Val 0.6689 | Test 0.0270
EarlyStopping counter: 3 out of 5
  Ep 12: Train 0.3095 | Val 0.6635 | Test 0.0279
EarlyStopping counter: 4 out of 5
  Ep 13: Train 0.3153 | Val 0.6630 | Test 0.0267
EarlyStopping counter: 5 out of 5
Early stopping triggered!
/home/sangukchoi/Stroke_SDA/sda_training.py:615: FutureWarning: You are using `torch.load` with `weights_only=False` (the current default value), which uses the default pickle module implicitly. It is possible to construct malicious pickle data which will execute arbitrary code during unpickling (See https://github.com/pytorch/pytorch/blob/main/SECURITY.md#untrusted-models for more details). In a future release, the default value for `weights_only` will be flipped to `True`. This limits the functions that could be executed during unpickling. Arbitrary objects will no longer be allowed to be loaded via this mode unless they are explicitly allowlisted by the user via `torch.serialization.add_safe_globals`. We recommend you start setting `weights_only=True` for any use case where you don't have full control of the loaded file. Please open an issue on GitHub for any issues related to this experimental feature.
  model.load_state_dict(torch.load(os.path.join(out_dir, 'best_model.pth')))
Final Test MSE (Best Model): 0.0289
Finished. Status: Success
