Starting Run on GPU 2
Time: 2025-12-25 04:54:21

[Run Start] Subject S013 | Mode ['SDA'] | Params: L2.0_LS1.0_LR0.0001_E256_D128_Dr0.3

[Fold 1 - SDA] Train: ['S013_T003', 'S013_T006'], Test: S013_T002, Norm: fixed
/home/sangukchoi/.conda/envs/torch_gpu/lib/python3.10/site-packages/torch/nn/modules/rnn.py:123: UserWarning: dropout option adds dropout after all but last recurrent layer, so non-zero dropout expects num_layers greater than 1, but got dropout=0.3 and num_layers=1
  warnings.warn(
  Ep 1: Train 0.4417 | Val 0.5387 | Test 0.0217
Validation loss decreased (0.538700 --> 0.538700).  Saving model ...
  Ep 2: Train 0.2811 | Val 0.4599 | Test 0.0246
Validation loss decreased (0.459915 --> 0.459915).  Saving model ...
  Ep 3: Train 0.2554 | Val 0.4738 | Test 0.0215
EarlyStopping counter: 1 out of 5
  Ep 4: Train 0.2438 | Val 0.4640 | Test 0.0254
EarlyStopping counter: 2 out of 5
  Ep 5: Train 0.2382 | Val 0.4741 | Test 0.0302
EarlyStopping counter: 3 out of 5
  Ep 6: Train 0.2324 | Val 0.4565 | Test 0.0331
Validation loss decreased (0.456470 --> 0.456470).  Saving model ...
  Ep 7: Train 0.2290 | Val 0.4692 | Test 0.0356
EarlyStopping counter: 1 out of 5
  Ep 8: Train 0.2177 | Val 0.5029 | Test 0.0290
EarlyStopping counter: 2 out of 5
  Ep 9: Train 0.2154 | Val 0.4647 | Test 0.0353
EarlyStopping counter: 3 out of 5
  Ep 10: Train 0.2074 | Val 0.4451 | Test 0.0386
Validation loss decreased (0.445084 --> 0.445084).  Saving model ...
  Ep 11: Train 0.2092 | Val 0.4748 | Test 0.0268
EarlyStopping counter: 1 out of 5
  Ep 12: Train 0.2069 | Val 0.4762 | Test 0.0335
EarlyStopping counter: 2 out of 5
  Ep 13: Train 0.2056 | Val 0.5055 | Test 0.0420
EarlyStopping counter: 3 out of 5
  Ep 14: Train 0.1984 | Val 0.4726 | Test 0.0378
EarlyStopping counter: 4 out of 5
  Ep 15: Train 0.1990 | Val 0.4588 | Test 0.0386
EarlyStopping counter: 5 out of 5
Early stopping triggered!
/home/sangukchoi/Stroke_SDA/sda_training.py:615: FutureWarning: You are using `torch.load` with `weights_only=False` (the current default value), which uses the default pickle module implicitly. It is possible to construct malicious pickle data which will execute arbitrary code during unpickling (See https://github.com/pytorch/pytorch/blob/main/SECURITY.md#untrusted-models for more details). In a future release, the default value for `weights_only` will be flipped to `True`. This limits the functions that could be executed during unpickling. Arbitrary objects will no longer be allowed to be loaded via this mode unless they are explicitly allowlisted by the user via `torch.serialization.add_safe_globals`. We recommend you start setting `weights_only=True` for any use case where you don't have full control of the loaded file. Please open an issue on GitHub for any issues related to this experimental feature.
  model.load_state_dict(torch.load(os.path.join(out_dir, 'best_model.pth')))
Final Test MSE (Best Model): 0.0386
Finished. Status: Success
