Starting Run on GPU 3
Time: 2025-12-25 04:20:09

[Run Start] Subject S013 | Mode ['SDA'] | Params: L1.0_LS1.0_LR0.0001_E64_D128_Dr0.3

[Fold 1 - SDA] Train: ['S013_T003', 'S013_T006'], Test: S013_T002, Norm: fixed
/home/sangukchoi/.conda/envs/torch_gpu/lib/python3.10/site-packages/torch/nn/modules/rnn.py:123: UserWarning: dropout option adds dropout after all but last recurrent layer, so non-zero dropout expects num_layers greater than 1, but got dropout=0.3 and num_layers=1
  warnings.warn(
  Ep 1: Train 0.4259 | Val 0.2996 | Test 0.0282
Validation loss decreased (0.299574 --> 0.299574).  Saving model ...
  Ep 2: Train 0.1909 | Val 0.2631 | Test 0.0218
Validation loss decreased (0.263096 --> 0.263096).  Saving model ...
  Ep 3: Train 0.1621 | Val 0.2502 | Test 0.0264
Validation loss decreased (0.250211 --> 0.250211).  Saving model ...
  Ep 4: Train 0.1563 | Val 0.2360 | Test 0.0298
Validation loss decreased (0.235958 --> 0.235958).  Saving model ...
  Ep 5: Train 0.1510 | Val 0.2464 | Test 0.0326
EarlyStopping counter: 1 out of 5
  Ep 6: Train 0.1475 | Val 0.2531 | Test 0.0345
EarlyStopping counter: 2 out of 5
  Ep 7: Train 0.1458 | Val 0.2412 | Test 0.0396
EarlyStopping counter: 3 out of 5
  Ep 8: Train 0.1436 | Val 0.2301 | Test 0.0379
Validation loss decreased (0.230083 --> 0.230083).  Saving model ...
  Ep 9: Train 0.1428 | Val 0.2375 | Test 0.0355
EarlyStopping counter: 1 out of 5
  Ep 10: Train 0.1421 | Val 0.2294 | Test 0.0345
Validation loss decreased (0.229422 --> 0.229422).  Saving model ...
  Ep 11: Train 0.1393 | Val 0.2319 | Test 0.0345
EarlyStopping counter: 1 out of 5
  Ep 12: Train 0.1406 | Val 0.2458 | Test 0.0361
EarlyStopping counter: 2 out of 5
  Ep 13: Train 0.1361 | Val 0.2494 | Test 0.0352
EarlyStopping counter: 3 out of 5
  Ep 14: Train 0.1377 | Val 0.2328 | Test 0.0406
EarlyStopping counter: 4 out of 5
  Ep 15: Train 0.1369 | Val 0.2248 | Test 0.0410
Validation loss decreased (0.224783 --> 0.224783).  Saving model ...
  Ep 16: Train 0.1354 | Val 0.2374 | Test 0.0363
EarlyStopping counter: 1 out of 5
  Ep 17: Train 0.1319 | Val 0.2371 | Test 0.0341
EarlyStopping counter: 2 out of 5
  Ep 18: Train 0.1329 | Val 0.2404 | Test 0.0356
EarlyStopping counter: 3 out of 5
  Ep 19: Train 0.1310 | Val 0.2486 | Test 0.0350
EarlyStopping counter: 4 out of 5
  Ep 20: Train 0.1284 | Val 0.2547 | Test 0.0402
EarlyStopping counter: 5 out of 5
Early stopping triggered!
/home/sangukchoi/Stroke_SDA/sda_training.py:615: FutureWarning: You are using `torch.load` with `weights_only=False` (the current default value), which uses the default pickle module implicitly. It is possible to construct malicious pickle data which will execute arbitrary code during unpickling (See https://github.com/pytorch/pytorch/blob/main/SECURITY.md#untrusted-models for more details). In a future release, the default value for `weights_only` will be flipped to `True`. This limits the functions that could be executed during unpickling. Arbitrary objects will no longer be allowed to be loaded via this mode unless they are explicitly allowlisted by the user via `torch.serialization.add_safe_globals`. We recommend you start setting `weights_only=True` for any use case where you don't have full control of the loaded file. Please open an issue on GitHub for any issues related to this experimental feature.
  model.load_state_dict(torch.load(os.path.join(out_dir, 'best_model.pth')))
Final Test MSE (Best Model): 0.0410
Finished. Status: Success
