Starting Run on GPU 0
Time: 2025-12-25 03:58:10

[Run Start] Subject S013 | Mode ['SDA'] | Params: L0.5_LS0.7_LR0.0001_E256_D128_Dr0.3

[Fold 1 - SDA] Train: ['S013_T003', 'S013_T006'], Test: S013_T002, Norm: fixed
/home/sangukchoi/.conda/envs/torch_gpu/lib/python3.10/site-packages/torch/nn/modules/rnn.py:123: UserWarning: dropout option adds dropout after all but last recurrent layer, so non-zero dropout expects num_layers greater than 1, but got dropout=0.3 and num_layers=1
  warnings.warn(
  Ep 1: Train 0.1698 | Val 0.1603 | Test 0.0262
Validation loss decreased (0.160308 --> 0.160308).  Saving model ...
  Ep 2: Train 0.0918 | Val 0.1478 | Test 0.0332
Validation loss decreased (0.147818 --> 0.147818).  Saving model ...
  Ep 3: Train 0.0826 | Val 0.1439 | Test 0.0356
Validation loss decreased (0.143886 --> 0.143886).  Saving model ...
  Ep 4: Train 0.0782 | Val 0.1295 | Test 0.0366
Validation loss decreased (0.129528 --> 0.129528).  Saving model ...
  Ep 5: Train 0.0762 | Val 0.1265 | Test 0.0452
Validation loss decreased (0.126485 --> 0.126485).  Saving model ...
  Ep 6: Train 0.0743 | Val 0.1328 | Test 0.0362
EarlyStopping counter: 1 out of 5
  Ep 7: Train 0.0721 | Val 0.1259 | Test 0.0415
Validation loss decreased (0.125925 --> 0.125925).  Saving model ...
  Ep 8: Train 0.0712 | Val 0.1311 | Test 0.0520
EarlyStopping counter: 1 out of 5
  Ep 9: Train 0.0702 | Val 0.1315 | Test 0.0398
EarlyStopping counter: 2 out of 5
  Ep 10: Train 0.0693 | Val 0.1284 | Test 0.0589
EarlyStopping counter: 3 out of 5
  Ep 11: Train 0.0678 | Val 0.1298 | Test 0.0483
EarlyStopping counter: 4 out of 5
  Ep 12: Train 0.0667 | Val 0.1323 | Test 0.0432
EarlyStopping counter: 5 out of 5
Early stopping triggered!
/home/sangukchoi/Stroke_SDA/sda_training.py:615: FutureWarning: You are using `torch.load` with `weights_only=False` (the current default value), which uses the default pickle module implicitly. It is possible to construct malicious pickle data which will execute arbitrary code during unpickling (See https://github.com/pytorch/pytorch/blob/main/SECURITY.md#untrusted-models for more details). In a future release, the default value for `weights_only` will be flipped to `True`. This limits the functions that could be executed during unpickling. Arbitrary objects will no longer be allowed to be loaded via this mode unless they are explicitly allowlisted by the user via `torch.serialization.add_safe_globals`. We recommend you start setting `weights_only=True` for any use case where you don't have full control of the loaded file. Please open an issue on GitHub for any issues related to this experimental feature.
  model.load_state_dict(torch.load(os.path.join(out_dir, 'best_model.pth')))
Final Test MSE (Best Model): 0.0415
Finished. Status: Success
