Starting Run on GPU 1
Time: 2025-12-25 05:36:34

[Run Start] Subject S013 | Mode ['SDA'] | Params: L3.0_LS0.5_LR0.0001_E64_D64_Dr0.3

[Fold 1 - SDA] Train: ['S013_T003', 'S013_T006'], Test: S013_T002, Norm: fixed
/home/sangukchoi/.conda/envs/torch_gpu/lib/python3.10/site-packages/torch/nn/modules/rnn.py:123: UserWarning: dropout option adds dropout after all but last recurrent layer, so non-zero dropout expects num_layers greater than 1, but got dropout=0.3 and num_layers=1
  warnings.warn(
  Ep 1: Train 0.7362 | Val 0.8788 | Test 0.0839
Validation loss decreased (0.878786 --> 0.878786).  Saving model ...
  Ep 2: Train 0.4550 | Val 0.7522 | Test 0.0565
Validation loss decreased (0.752158 --> 0.752158).  Saving model ...
  Ep 3: Train 0.4031 | Val 0.6643 | Test 0.0385
Validation loss decreased (0.664338 --> 0.664338).  Saving model ...
  Ep 4: Train 0.3850 | Val 0.6725 | Test 0.0371
EarlyStopping counter: 1 out of 5
  Ep 5: Train 0.3660 | Val 0.6500 | Test 0.0311
Validation loss decreased (0.649955 --> 0.649955).  Saving model ...
  Ep 6: Train 0.3627 | Val 0.6740 | Test 0.0314
EarlyStopping counter: 1 out of 5
  Ep 7: Train 0.3543 | Val 0.6828 | Test 0.0328
EarlyStopping counter: 2 out of 5
  Ep 8: Train 0.3505 | Val 0.6553 | Test 0.0374
EarlyStopping counter: 3 out of 5
  Ep 9: Train 0.3392 | Val 0.6649 | Test 0.0368
EarlyStopping counter: 4 out of 5
  Ep 10: Train 0.3362 | Val 0.6526 | Test 0.0351
EarlyStopping counter: 5 out of 5
Early stopping triggered!
/home/sangukchoi/Stroke_SDA/sda_training.py:615: FutureWarning: You are using `torch.load` with `weights_only=False` (the current default value), which uses the default pickle module implicitly. It is possible to construct malicious pickle data which will execute arbitrary code during unpickling (See https://github.com/pytorch/pytorch/blob/main/SECURITY.md#untrusted-models for more details). In a future release, the default value for `weights_only` will be flipped to `True`. This limits the functions that could be executed during unpickling. Arbitrary objects will no longer be allowed to be loaded via this mode unless they are explicitly allowlisted by the user via `torch.serialization.add_safe_globals`. We recommend you start setting `weights_only=True` for any use case where you don't have full control of the loaded file. Please open an issue on GitHub for any issues related to this experimental feature.
  model.load_state_dict(torch.load(os.path.join(out_dir, 'best_model.pth')))
Final Test MSE (Best Model): 0.0311
Finished. Status: Success
