Starting Run on GPU 2
Time: 2025-12-25 04:41:42

[Run Start] Subject S013 | Mode ['SDA'] | Params: L2.0_LS0.7_LR0.0001_E64_D64_Dr0.3

[Fold 1 - SDA] Train: ['S013_T003', 'S013_T006'], Test: S013_T002, Norm: fixed
/home/sangukchoi/.conda/envs/torch_gpu/lib/python3.10/site-packages/torch/nn/modules/rnn.py:123: UserWarning: dropout option adds dropout after all but last recurrent layer, so non-zero dropout expects num_layers greater than 1, but got dropout=0.3 and num_layers=1
  warnings.warn(
  Ep 1: Train 0.6296 | Val 0.6418 | Test 0.0605
Validation loss decreased (0.641768 --> 0.641768).  Saving model ...
  Ep 2: Train 0.3304 | Val 0.5069 | Test 0.0317
Validation loss decreased (0.506875 --> 0.506875).  Saving model ...
  Ep 3: Train 0.2856 | Val 0.4408 | Test 0.0293
Validation loss decreased (0.440838 --> 0.440838).  Saving model ...
  Ep 4: Train 0.2666 | Val 0.4387 | Test 0.0317
Validation loss decreased (0.438720 --> 0.438720).  Saving model ...
  Ep 5: Train 0.2632 | Val 0.4375 | Test 0.0386
Validation loss decreased (0.437507 --> 0.437507).  Saving model ...
  Ep 6: Train 0.2586 | Val 0.4129 | Test 0.0416
Validation loss decreased (0.412943 --> 0.412943).  Saving model ...
  Ep 7: Train 0.2529 | Val 0.4181 | Test 0.0336
EarlyStopping counter: 1 out of 5
  Ep 8: Train 0.2493 | Val 0.4380 | Test 0.0425
EarlyStopping counter: 2 out of 5
  Ep 9: Train 0.2424 | Val 0.4154 | Test 0.0460
EarlyStopping counter: 3 out of 5
  Ep 10: Train 0.2432 | Val 0.4516 | Test 0.0463
EarlyStopping counter: 4 out of 5
  Ep 11: Train 0.2409 | Val 0.4281 | Test 0.0387
EarlyStopping counter: 5 out of 5
Early stopping triggered!
/home/sangukchoi/Stroke_SDA/sda_training.py:615: FutureWarning: You are using `torch.load` with `weights_only=False` (the current default value), which uses the default pickle module implicitly. It is possible to construct malicious pickle data which will execute arbitrary code during unpickling (See https://github.com/pytorch/pytorch/blob/main/SECURITY.md#untrusted-models for more details). In a future release, the default value for `weights_only` will be flipped to `True`. This limits the functions that could be executed during unpickling. Arbitrary objects will no longer be allowed to be loaded via this mode unless they are explicitly allowlisted by the user via `torch.serialization.add_safe_globals`. We recommend you start setting `weights_only=True` for any use case where you don't have full control of the loaded file. Please open an issue on GitHub for any issues related to this experimental feature.
  model.load_state_dict(torch.load(os.path.join(out_dir, 'best_model.pth')))
Final Test MSE (Best Model): 0.0416
Finished. Status: Success
