Starting Run on GPU 3
Time: 2025-12-25 04:43:44

[Run Start] Subject S013 | Mode ['SDA'] | Params: L2.0_LS0.7_LR0.0001_E128_D32_Dr0.3

[Fold 1 - SDA] Train: ['S013_T003', 'S013_T006'], Test: S013_T002, Norm: fixed
/home/sangukchoi/.conda/envs/torch_gpu/lib/python3.10/site-packages/torch/nn/modules/rnn.py:123: UserWarning: dropout option adds dropout after all but last recurrent layer, so non-zero dropout expects num_layers greater than 1, but got dropout=0.3 and num_layers=1
  warnings.warn(
  Ep 1: Train 0.4926 | Val 0.5328 | Test 0.0436
Validation loss decreased (0.532827 --> 0.532827).  Saving model ...
  Ep 2: Train 0.2783 | Val 0.4734 | Test 0.0207
Validation loss decreased (0.473356 --> 0.473356).  Saving model ...
  Ep 3: Train 0.2494 | Val 0.4157 | Test 0.0266
Validation loss decreased (0.415726 --> 0.415726).  Saving model ...
  Ep 4: Train 0.2379 | Val 0.3766 | Test 0.0311
Validation loss decreased (0.376638 --> 0.376638).  Saving model ...
  Ep 5: Train 0.2334 | Val 0.4173 | Test 0.0220
EarlyStopping counter: 1 out of 5
  Ep 6: Train 0.2322 | Val 0.3978 | Test 0.0308
EarlyStopping counter: 2 out of 5
  Ep 7: Train 0.2272 | Val 0.4152 | Test 0.0253
EarlyStopping counter: 3 out of 5
  Ep 8: Train 0.2282 | Val 0.4273 | Test 0.0347
EarlyStopping counter: 4 out of 5
  Ep 9: Train 0.2219 | Val 0.4126 | Test 0.0382
EarlyStopping counter: 5 out of 5
Early stopping triggered!
/home/sangukchoi/Stroke_SDA/sda_training.py:615: FutureWarning: You are using `torch.load` with `weights_only=False` (the current default value), which uses the default pickle module implicitly. It is possible to construct malicious pickle data which will execute arbitrary code during unpickling (See https://github.com/pytorch/pytorch/blob/main/SECURITY.md#untrusted-models for more details). In a future release, the default value for `weights_only` will be flipped to `True`. This limits the functions that could be executed during unpickling. Arbitrary objects will no longer be allowed to be loaded via this mode unless they are explicitly allowlisted by the user via `torch.serialization.add_safe_globals`. We recommend you start setting `weights_only=True` for any use case where you don't have full control of the loaded file. Please open an issue on GitHub for any issues related to this experimental feature.
  model.load_state_dict(torch.load(os.path.join(out_dir, 'best_model.pth')))
Final Test MSE (Best Model): 0.0311
Finished. Status: Success
