Starting Run on GPU 3
Time: 2025-12-25 04:15:02

[Run Start] Subject S013 | Mode ['SDA'] | Params: L1.0_LS0.7_LR0.0001_E256_D32_Dr0.3

[Fold 1 - SDA] Train: ['S013_T003', 'S013_T006'], Test: S013_T002, Norm: fixed
/home/sangukchoi/.conda/envs/torch_gpu/lib/python3.10/site-packages/torch/nn/modules/rnn.py:123: UserWarning: dropout option adds dropout after all but last recurrent layer, so non-zero dropout expects num_layers greater than 1, but got dropout=0.3 and num_layers=1
  warnings.warn(
  Ep 1: Train 0.2548 | Val 0.3009 | Test 0.0196
Validation loss decreased (0.300861 --> 0.300861).  Saving model ...
  Ep 2: Train 0.1483 | Val 0.2460 | Test 0.0223
Validation loss decreased (0.245994 --> 0.245994).  Saving model ...
  Ep 3: Train 0.1334 | Val 0.2430 | Test 0.0330
Validation loss decreased (0.242987 --> 0.242987).  Saving model ...
  Ep 4: Train 0.1257 | Val 0.2637 | Test 0.0376
EarlyStopping counter: 1 out of 5
  Ep 5: Train 0.1203 | Val 0.2320 | Test 0.0338
Validation loss decreased (0.231995 --> 0.231995).  Saving model ...
  Ep 6: Train 0.1201 | Val 0.2265 | Test 0.0362
Validation loss decreased (0.226546 --> 0.226546).  Saving model ...
  Ep 7: Train 0.1166 | Val 0.2295 | Test 0.0293
EarlyStopping counter: 1 out of 5
  Ep 8: Train 0.1125 | Val 0.2337 | Test 0.0400
EarlyStopping counter: 2 out of 5
  Ep 9: Train 0.1107 | Val 0.2275 | Test 0.0417
EarlyStopping counter: 3 out of 5
  Ep 10: Train 0.1073 | Val 0.2255 | Test 0.0355
Validation loss decreased (0.225498 --> 0.225498).  Saving model ...
  Ep 11: Train 0.1071 | Val 0.2292 | Test 0.0440
EarlyStopping counter: 1 out of 5
  Ep 12: Train 0.1090 | Val 0.2429 | Test 0.0403
EarlyStopping counter: 2 out of 5
  Ep 13: Train 0.1058 | Val 0.2409 | Test 0.0346
EarlyStopping counter: 3 out of 5
  Ep 14: Train 0.1072 | Val 0.2354 | Test 0.0390
EarlyStopping counter: 4 out of 5
  Ep 15: Train 0.1019 | Val 0.2420 | Test 0.0346
EarlyStopping counter: 5 out of 5
Early stopping triggered!
/home/sangukchoi/Stroke_SDA/sda_training.py:615: FutureWarning: You are using `torch.load` with `weights_only=False` (the current default value), which uses the default pickle module implicitly. It is possible to construct malicious pickle data which will execute arbitrary code during unpickling (See https://github.com/pytorch/pytorch/blob/main/SECURITY.md#untrusted-models for more details). In a future release, the default value for `weights_only` will be flipped to `True`. This limits the functions that could be executed during unpickling. Arbitrary objects will no longer be allowed to be loaded via this mode unless they are explicitly allowlisted by the user via `torch.serialization.add_safe_globals`. We recommend you start setting `weights_only=True` for any use case where you don't have full control of the loaded file. Please open an issue on GitHub for any issues related to this experimental feature.
  model.load_state_dict(torch.load(os.path.join(out_dir, 'best_model.pth')))
Final Test MSE (Best Model): 0.0355
Finished. Status: Success
