Starting Run on GPU 3
Time: 2025-12-25 05:03:02

[Run Start] Subject S013 | Mode ['SDA'] | Params: L2.5_LS0.3_LR0.0001_E256_D64_Dr0.3

[Fold 1 - SDA] Train: ['S013_T003', 'S013_T006'], Test: S013_T002, Norm: fixed
/home/sangukchoi/.conda/envs/torch_gpu/lib/python3.10/site-packages/torch/nn/modules/rnn.py:123: UserWarning: dropout option adds dropout after all but last recurrent layer, so non-zero dropout expects num_layers greater than 1, but got dropout=0.3 and num_layers=1
  warnings.warn(
  Ep 1: Train 0.4293 | Val 0.5960 | Test 0.0386
Validation loss decreased (0.595971 --> 0.595971).  Saving model ...
  Ep 2: Train 0.2984 | Val 0.5760 | Test 0.0255
Validation loss decreased (0.575970 --> 0.575970).  Saving model ...
  Ep 3: Train 0.2696 | Val 0.5836 | Test 0.0236
EarlyStopping counter: 1 out of 5
  Ep 4: Train 0.2645 | Val 0.5978 | Test 0.0299
EarlyStopping counter: 2 out of 5
  Ep 5: Train 0.2552 | Val 0.5465 | Test 0.0237
Validation loss decreased (0.546460 --> 0.546460).  Saving model ...
  Ep 6: Train 0.2437 | Val 0.5569 | Test 0.0258
EarlyStopping counter: 1 out of 5
  Ep 7: Train 0.2388 | Val 0.4993 | Test 0.0269
Validation loss decreased (0.499259 --> 0.499259).  Saving model ...
  Ep 8: Train 0.2315 | Val 0.6052 | Test 0.0277
EarlyStopping counter: 1 out of 5
  Ep 9: Train 0.2290 | Val 0.6523 | Test 0.0302
EarlyStopping counter: 2 out of 5
  Ep 10: Train 0.2262 | Val 0.5819 | Test 0.0283
EarlyStopping counter: 3 out of 5
  Ep 11: Train 0.2256 | Val 0.5915 | Test 0.0267
EarlyStopping counter: 4 out of 5
  Ep 12: Train 0.2243 | Val 0.5552 | Test 0.0283
EarlyStopping counter: 5 out of 5
Early stopping triggered!
/home/sangukchoi/Stroke_SDA/sda_training.py:615: FutureWarning: You are using `torch.load` with `weights_only=False` (the current default value), which uses the default pickle module implicitly. It is possible to construct malicious pickle data which will execute arbitrary code during unpickling (See https://github.com/pytorch/pytorch/blob/main/SECURITY.md#untrusted-models for more details). In a future release, the default value for `weights_only` will be flipped to `True`. This limits the functions that could be executed during unpickling. Arbitrary objects will no longer be allowed to be loaded via this mode unless they are explicitly allowlisted by the user via `torch.serialization.add_safe_globals`. We recommend you start setting `weights_only=True` for any use case where you don't have full control of the loaded file. Please open an issue on GitHub for any issues related to this experimental feature.
  model.load_state_dict(torch.load(os.path.join(out_dir, 'best_model.pth')))
Final Test MSE (Best Model): 0.0269
Finished. Status: Success
