Starting Run on GPU 0
Time: 2025-12-25 05:33:55

[Run Start] Subject S013 | Mode ['SDA'] | Params: L3.0_LS0.3_LR0.0001_E256_D128_Dr0.3

[Fold 1 - SDA] Train: ['S013_T003', 'S013_T006'], Test: S013_T002, Norm: fixed
/home/sangukchoi/.conda/envs/torch_gpu/lib/python3.10/site-packages/torch/nn/modules/rnn.py:123: UserWarning: dropout option adds dropout after all but last recurrent layer, so non-zero dropout expects num_layers greater than 1, but got dropout=0.3 and num_layers=1
  warnings.warn(
  Ep 1: Train 0.5026 | Val 0.7574 | Test 0.0532
Validation loss decreased (0.757384 --> 0.757384).  Saving model ...
  Ep 2: Train 0.3743 | Val 0.6771 | Test 0.0288
Validation loss decreased (0.677141 --> 0.677141).  Saving model ...
  Ep 3: Train 0.3463 | Val 0.7731 | Test 0.0263
EarlyStopping counter: 1 out of 5
  Ep 4: Train 0.3351 | Val 0.7422 | Test 0.0343
EarlyStopping counter: 2 out of 5
  Ep 5: Train 0.3339 | Val 0.7765 | Test 0.0265
EarlyStopping counter: 3 out of 5
  Ep 6: Train 0.3191 | Val 0.6430 | Test 0.0276
Validation loss decreased (0.643024 --> 0.643024).  Saving model ...
  Ep 7: Train 0.3119 | Val 0.6880 | Test 0.0325
EarlyStopping counter: 1 out of 5
  Ep 8: Train 0.2940 | Val 0.7643 | Test 0.0284
EarlyStopping counter: 2 out of 5
  Ep 9: Train 0.2954 | Val 0.6878 | Test 0.0254
EarlyStopping counter: 3 out of 5
  Ep 10: Train 0.2841 | Val 0.6647 | Test 0.0298
EarlyStopping counter: 4 out of 5
  Ep 11: Train 0.2749 | Val 0.7062 | Test 0.0280
EarlyStopping counter: 5 out of 5
Early stopping triggered!
/home/sangukchoi/Stroke_SDA/sda_training.py:615: FutureWarning: You are using `torch.load` with `weights_only=False` (the current default value), which uses the default pickle module implicitly. It is possible to construct malicious pickle data which will execute arbitrary code during unpickling (See https://github.com/pytorch/pytorch/blob/main/SECURITY.md#untrusted-models for more details). In a future release, the default value for `weights_only` will be flipped to `True`. This limits the functions that could be executed during unpickling. Arbitrary objects will no longer be allowed to be loaded via this mode unless they are explicitly allowlisted by the user via `torch.serialization.add_safe_globals`. We recommend you start setting `weights_only=True` for any use case where you don't have full control of the loaded file. Please open an issue on GitHub for any issues related to this experimental feature.
  model.load_state_dict(torch.load(os.path.join(out_dir, 'best_model.pth')))
Final Test MSE (Best Model): 0.0276
Finished. Status: Success
