Starting Run on GPU 2
Time: 2025-12-25 05:21:51

[Run Start] Subject S013 | Mode ['SDA'] | Params: L2.5_LS1.0_LR0.0001_E128_D32_Dr0.3

[Fold 1 - SDA] Train: ['S013_T003', 'S013_T006'], Test: S013_T002, Norm: fixed
/home/sangukchoi/.conda/envs/torch_gpu/lib/python3.10/site-packages/torch/nn/modules/rnn.py:123: UserWarning: dropout option adds dropout after all but last recurrent layer, so non-zero dropout expects num_layers greater than 1, but got dropout=0.3 and num_layers=1
  warnings.warn(
  Ep 1: Train 0.6529 | Val 0.7411 | Test 0.0329
Validation loss decreased (0.741084 --> 0.741084).  Saving model ...
  Ep 2: Train 0.3650 | Val 0.6384 | Test 0.0275
Validation loss decreased (0.638401 --> 0.638401).  Saving model ...
  Ep 3: Train 0.3324 | Val 0.6199 | Test 0.0313
Validation loss decreased (0.619876 --> 0.619876).  Saving model ...
  Ep 4: Train 0.3142 | Val 0.5881 | Test 0.0270
Validation loss decreased (0.588090 --> 0.588090).  Saving model ...
  Ep 5: Train 0.3132 | Val 0.5646 | Test 0.0262
Validation loss decreased (0.564623 --> 0.564623).  Saving model ...
  Ep 6: Train 0.3017 | Val 0.5632 | Test 0.0249
Validation loss decreased (0.563186 --> 0.563186).  Saving model ...
  Ep 7: Train 0.3022 | Val 0.5549 | Test 0.0282
Validation loss decreased (0.554872 --> 0.554872).  Saving model ...
  Ep 8: Train 0.2943 | Val 0.5354 | Test 0.0287
Validation loss decreased (0.535387 --> 0.535387).  Saving model ...
  Ep 9: Train 0.2974 | Val 0.5359 | Test 0.0290
EarlyStopping counter: 1 out of 5
  Ep 10: Train 0.2887 | Val 0.5544 | Test 0.0307
EarlyStopping counter: 2 out of 5
  Ep 11: Train 0.2860 | Val 0.5401 | Test 0.0328
EarlyStopping counter: 3 out of 5
  Ep 12: Train 0.2861 | Val 0.5496 | Test 0.0340
EarlyStopping counter: 4 out of 5
  Ep 13: Train 0.2793 | Val 0.5880 | Test 0.0276
EarlyStopping counter: 5 out of 5
Early stopping triggered!
/home/sangukchoi/Stroke_SDA/sda_training.py:615: FutureWarning: You are using `torch.load` with `weights_only=False` (the current default value), which uses the default pickle module implicitly. It is possible to construct malicious pickle data which will execute arbitrary code during unpickling (See https://github.com/pytorch/pytorch/blob/main/SECURITY.md#untrusted-models for more details). In a future release, the default value for `weights_only` will be flipped to `True`. This limits the functions that could be executed during unpickling. Arbitrary objects will no longer be allowed to be loaded via this mode unless they are explicitly allowlisted by the user via `torch.serialization.add_safe_globals`. We recommend you start setting `weights_only=True` for any use case where you don't have full control of the loaded file. Please open an issue on GitHub for any issues related to this experimental feature.
  model.load_state_dict(torch.load(os.path.join(out_dir, 'best_model.pth')))
Final Test MSE (Best Model): 0.0287
Finished. Status: Success
