Starting Run on GPU 0
Time: 2025-12-25 03:55:18

[Run Start] Subject S013 | Mode ['SDA'] | Params: L0.5_LS0.7_LR0.0001_E128_D64_Dr0.3

[Fold 1 - SDA] Train: ['S013_T003', 'S013_T006'], Test: S013_T002, Norm: fixed
/home/sangukchoi/.conda/envs/torch_gpu/lib/python3.10/site-packages/torch/nn/modules/rnn.py:123: UserWarning: dropout option adds dropout after all but last recurrent layer, so non-zero dropout expects num_layers greater than 1, but got dropout=0.3 and num_layers=1
  warnings.warn(
  Ep 1: Train 0.2293 | Val 0.1577 | Test 0.0217
Validation loss decreased (0.157669 --> 0.157669).  Saving model ...
  Ep 2: Train 0.0965 | Val 0.1310 | Test 0.0631
Validation loss decreased (0.130969 --> 0.130969).  Saving model ...
  Ep 3: Train 0.0855 | Val 0.1350 | Test 0.0828
EarlyStopping counter: 1 out of 5
  Ep 4: Train 0.0834 | Val 0.1238 | Test 0.0990
Validation loss decreased (0.123802 --> 0.123802).  Saving model ...
  Ep 5: Train 0.0792 | Val 0.1215 | Test 0.0840
Validation loss decreased (0.121478 --> 0.121478).  Saving model ...
  Ep 6: Train 0.0776 | Val 0.1262 | Test 0.0779
EarlyStopping counter: 1 out of 5
  Ep 7: Train 0.0775 | Val 0.1280 | Test 0.0632
EarlyStopping counter: 2 out of 5
  Ep 8: Train 0.0747 | Val 0.1219 | Test 0.0596
EarlyStopping counter: 3 out of 5
  Ep 9: Train 0.0759 | Val 0.1248 | Test 0.0500
EarlyStopping counter: 4 out of 5
  Ep 10: Train 0.0733 | Val 0.1240 | Test 0.0498
EarlyStopping counter: 5 out of 5
Early stopping triggered!
/home/sangukchoi/Stroke_SDA/sda_training.py:615: FutureWarning: You are using `torch.load` with `weights_only=False` (the current default value), which uses the default pickle module implicitly. It is possible to construct malicious pickle data which will execute arbitrary code during unpickling (See https://github.com/pytorch/pytorch/blob/main/SECURITY.md#untrusted-models for more details). In a future release, the default value for `weights_only` will be flipped to `True`. This limits the functions that could be executed during unpickling. Arbitrary objects will no longer be allowed to be loaded via this mode unless they are explicitly allowlisted by the user via `torch.serialization.add_safe_globals`. We recommend you start setting `weights_only=True` for any use case where you don't have full control of the loaded file. Please open an issue on GitHub for any issues related to this experimental feature.
  model.load_state_dict(torch.load(os.path.join(out_dir, 'best_model.pth')))
Final Test MSE (Best Model): 0.0840
Finished. Status: Success
