Starting Run on GPU 2
Time: 2025-12-25 05:43:30

[Run Start] Subject S013 | Mode ['SDA'] | Params: L3.0_LS0.7_LR0.0001_E128_D32_Dr0.3

[Fold 1 - SDA] Train: ['S013_T003', 'S013_T006'], Test: S013_T002, Norm: fixed
/home/sangukchoi/.conda/envs/torch_gpu/lib/python3.10/site-packages/torch/nn/modules/rnn.py:123: UserWarning: dropout option adds dropout after all but last recurrent layer, so non-zero dropout expects num_layers greater than 1, but got dropout=0.3 and num_layers=1
  warnings.warn(
  Ep 1: Train 0.6766 | Val 0.8048 | Test 0.0538
Validation loss decreased (0.804828 --> 0.804828).  Saving model ...
  Ep 2: Train 0.4177 | Val 0.6953 | Test 0.0219
Validation loss decreased (0.695265 --> 0.695265).  Saving model ...
  Ep 3: Train 0.3649 | Val 0.7021 | Test 0.0220
EarlyStopping counter: 1 out of 5
  Ep 4: Train 0.3470 | Val 0.6967 | Test 0.0238
EarlyStopping counter: 2 out of 5
  Ep 5: Train 0.3390 | Val 0.6963 | Test 0.0246
EarlyStopping counter: 3 out of 5
  Ep 6: Train 0.3274 | Val 0.6551 | Test 0.0258
Validation loss decreased (0.655094 --> 0.655094).  Saving model ...
  Ep 7: Train 0.3250 | Val 0.6865 | Test 0.0328
EarlyStopping counter: 1 out of 5
  Ep 8: Train 0.3160 | Val 0.6943 | Test 0.0325
EarlyStopping counter: 2 out of 5
  Ep 9: Train 0.3175 | Val 0.6462 | Test 0.0345
Validation loss decreased (0.646224 --> 0.646224).  Saving model ...
  Ep 10: Train 0.3131 | Val 0.6250 | Test 0.0292
Validation loss decreased (0.624960 --> 0.624960).  Saving model ...
  Ep 11: Train 0.3053 | Val 0.7543 | Test 0.0331
EarlyStopping counter: 1 out of 5
  Ep 12: Train 0.3013 | Val 0.6592 | Test 0.0336
EarlyStopping counter: 2 out of 5
  Ep 13: Train 0.2981 | Val 0.6511 | Test 0.0349
EarlyStopping counter: 3 out of 5
  Ep 14: Train 0.3039 | Val 0.6331 | Test 0.0384
EarlyStopping counter: 4 out of 5
  Ep 15: Train 0.2984 | Val 0.6877 | Test 0.0334
EarlyStopping counter: 5 out of 5
Early stopping triggered!
/home/sangukchoi/Stroke_SDA/sda_training.py:615: FutureWarning: You are using `torch.load` with `weights_only=False` (the current default value), which uses the default pickle module implicitly. It is possible to construct malicious pickle data which will execute arbitrary code during unpickling (See https://github.com/pytorch/pytorch/blob/main/SECURITY.md#untrusted-models for more details). In a future release, the default value for `weights_only` will be flipped to `True`. This limits the functions that could be executed during unpickling. Arbitrary objects will no longer be allowed to be loaded via this mode unless they are explicitly allowlisted by the user via `torch.serialization.add_safe_globals`. We recommend you start setting `weights_only=True` for any use case where you don't have full control of the loaded file. Please open an issue on GitHub for any issues related to this experimental feature.
  model.load_state_dict(torch.load(os.path.join(out_dir, 'best_model.pth')))
Final Test MSE (Best Model): 0.0292
Finished. Status: Success
