Starting Run on GPU 3
Time: 2025-12-25 05:32:47

[Run Start] Subject S013 | Mode ['SDA'] | Params: L3.0_LS0.3_LR0.0001_E256_D64_Dr0.3

[Fold 1 - SDA] Train: ['S013_T003', 'S013_T006'], Test: S013_T002, Norm: fixed
/home/sangukchoi/.conda/envs/torch_gpu/lib/python3.10/site-packages/torch/nn/modules/rnn.py:123: UserWarning: dropout option adds dropout after all but last recurrent layer, so non-zero dropout expects num_layers greater than 1, but got dropout=0.3 and num_layers=1
  warnings.warn(
  Ep 1: Train 0.5013 | Val 0.7534 | Test 0.0518
Validation loss decreased (0.753423 --> 0.753423).  Saving model ...
  Ep 2: Train 0.3812 | Val 0.7227 | Test 0.0282
Validation loss decreased (0.722674 --> 0.722674).  Saving model ...
  Ep 3: Train 0.3521 | Val 0.6650 | Test 0.0281
Validation loss decreased (0.665031 --> 0.665031).  Saving model ...
  Ep 4: Train 0.3399 | Val 0.7064 | Test 0.0234
EarlyStopping counter: 1 out of 5
  Ep 5: Train 0.3280 | Val 0.7195 | Test 0.0232
EarlyStopping counter: 2 out of 5
  Ep 6: Train 0.3204 | Val 0.6868 | Test 0.0288
EarlyStopping counter: 3 out of 5
  Ep 7: Train 0.3068 | Val 0.6772 | Test 0.0369
EarlyStopping counter: 4 out of 5
  Ep 8: Train 0.2970 | Val 0.6630 | Test 0.0252
Validation loss decreased (0.663023 --> 0.663023).  Saving model ...
  Ep 9: Train 0.2849 | Val 0.6617 | Test 0.0301
Validation loss decreased (0.661683 --> 0.661683).  Saving model ...
  Ep 10: Train 0.2937 | Val 0.6305 | Test 0.0302
Validation loss decreased (0.630549 --> 0.630549).  Saving model ...
  Ep 11: Train 0.2777 | Val 0.6330 | Test 0.0275
EarlyStopping counter: 1 out of 5
  Ep 12: Train 0.2796 | Val 0.6779 | Test 0.0300
EarlyStopping counter: 2 out of 5
  Ep 13: Train 0.2762 | Val 0.7170 | Test 0.0265
EarlyStopping counter: 3 out of 5
  Ep 14: Train 0.2707 | Val 0.6798 | Test 0.0275
EarlyStopping counter: 4 out of 5
  Ep 15: Train 0.2693 | Val 0.7201 | Test 0.0251
EarlyStopping counter: 5 out of 5
Early stopping triggered!
/home/sangukchoi/Stroke_SDA/sda_training.py:615: FutureWarning: You are using `torch.load` with `weights_only=False` (the current default value), which uses the default pickle module implicitly. It is possible to construct malicious pickle data which will execute arbitrary code during unpickling (See https://github.com/pytorch/pytorch/blob/main/SECURITY.md#untrusted-models for more details). In a future release, the default value for `weights_only` will be flipped to `True`. This limits the functions that could be executed during unpickling. Arbitrary objects will no longer be allowed to be loaded via this mode unless they are explicitly allowlisted by the user via `torch.serialization.add_safe_globals`. We recommend you start setting `weights_only=True` for any use case where you don't have full control of the loaded file. Please open an issue on GitHub for any issues related to this experimental feature.
  model.load_state_dict(torch.load(os.path.join(out_dir, 'best_model.pth')))
Final Test MSE (Best Model): 0.0302
Finished. Status: Success
