Starting Run on GPU 3
Time: 2025-12-25 04:39:53

[Run Start] Subject S013 | Mode ['SDA'] | Params: L1.5_LS1.0_LR0.0001_E256_D128_Dr0.3

[Fold 1 - SDA] Train: ['S013_T003', 'S013_T006'], Test: S013_T002, Norm: fixed
/home/sangukchoi/.conda/envs/torch_gpu/lib/python3.10/site-packages/torch/nn/modules/rnn.py:123: UserWarning: dropout option adds dropout after all but last recurrent layer, so non-zero dropout expects num_layers greater than 1, but got dropout=0.3 and num_layers=1
  warnings.warn(
  Ep 1: Train 0.3480 | Val 0.4702 | Test 0.0228
Validation loss decreased (0.470197 --> 0.470197).  Saving model ...
  Ep 2: Train 0.2204 | Val 0.3628 | Test 0.0245
Validation loss decreased (0.362824 --> 0.362824).  Saving model ...
  Ep 3: Train 0.2056 | Val 0.3408 | Test 0.0240
Validation loss decreased (0.340801 --> 0.340801).  Saving model ...
  Ep 4: Train 0.1949 | Val 0.4180 | Test 0.0249
EarlyStopping counter: 1 out of 5
  Ep 5: Train 0.1902 | Val 0.3406 | Test 0.0259
EarlyStopping counter: 2 out of 5
  Ep 6: Train 0.1844 | Val 0.3644 | Test 0.0400
EarlyStopping counter: 3 out of 5
  Ep 7: Train 0.1804 | Val 0.3328 | Test 0.0327
Validation loss decreased (0.332794 --> 0.332794).  Saving model ...
  Ep 8: Train 0.1759 | Val 0.3740 | Test 0.0363
EarlyStopping counter: 1 out of 5
  Ep 9: Train 0.1726 | Val 0.3828 | Test 0.0387
EarlyStopping counter: 2 out of 5
  Ep 10: Train 0.1694 | Val 0.3364 | Test 0.0314
EarlyStopping counter: 3 out of 5
  Ep 11: Train 0.1671 | Val 0.3428 | Test 0.0366
EarlyStopping counter: 4 out of 5
  Ep 12: Train 0.1646 | Val 0.3737 | Test 0.0292
EarlyStopping counter: 5 out of 5
Early stopping triggered!
/home/sangukchoi/Stroke_SDA/sda_training.py:615: FutureWarning: You are using `torch.load` with `weights_only=False` (the current default value), which uses the default pickle module implicitly. It is possible to construct malicious pickle data which will execute arbitrary code during unpickling (See https://github.com/pytorch/pytorch/blob/main/SECURITY.md#untrusted-models for more details). In a future release, the default value for `weights_only` will be flipped to `True`. This limits the functions that could be executed during unpickling. Arbitrary objects will no longer be allowed to be loaded via this mode unless they are explicitly allowlisted by the user via `torch.serialization.add_safe_globals`. We recommend you start setting `weights_only=True` for any use case where you don't have full control of the loaded file. Please open an issue on GitHub for any issues related to this experimental feature.
  model.load_state_dict(torch.load(os.path.join(out_dir, 'best_model.pth')))
Final Test MSE (Best Model): 0.0327
Finished. Status: Success
