Starting Run on GPU 1
Time: 2025-12-25 05:39:09

[Run Start] Subject S013 | Mode ['SDA'] | Params: L3.0_LS0.5_LR0.0001_E128_D128_Dr0.3

[Fold 1 - SDA] Train: ['S013_T003', 'S013_T006'], Test: S013_T002, Norm: fixed
/home/sangukchoi/.conda/envs/torch_gpu/lib/python3.10/site-packages/torch/nn/modules/rnn.py:123: UserWarning: dropout option adds dropout after all but last recurrent layer, so non-zero dropout expects num_layers greater than 1, but got dropout=0.3 and num_layers=1
  warnings.warn(
  Ep 1: Train 0.6187 | Val 0.7985 | Test 0.0734
Validation loss decreased (0.798525 --> 0.798525).  Saving model ...
  Ep 2: Train 0.4243 | Val 0.7035 | Test 0.0345
Validation loss decreased (0.703498 --> 0.703498).  Saving model ...
  Ep 3: Train 0.3833 | Val 0.6974 | Test 0.0270
Validation loss decreased (0.697366 --> 0.697366).  Saving model ...
  Ep 4: Train 0.3656 | Val 0.7037 | Test 0.0287
EarlyStopping counter: 1 out of 5
  Ep 5: Train 0.3487 | Val 0.7339 | Test 0.0289
EarlyStopping counter: 2 out of 5
  Ep 6: Train 0.3361 | Val 0.6849 | Test 0.0251
Validation loss decreased (0.684929 --> 0.684929).  Saving model ...
  Ep 7: Train 0.3351 | Val 0.6957 | Test 0.0293
EarlyStopping counter: 1 out of 5
  Ep 8: Train 0.3278 | Val 0.6888 | Test 0.0298
EarlyStopping counter: 2 out of 5
  Ep 9: Train 0.3235 | Val 0.7230 | Test 0.0316
EarlyStopping counter: 3 out of 5
  Ep 10: Train 0.3181 | Val 0.7099 | Test 0.0351
EarlyStopping counter: 4 out of 5
  Ep 11: Train 0.3099 | Val 0.7468 | Test 0.0295
EarlyStopping counter: 5 out of 5
Early stopping triggered!
/home/sangukchoi/Stroke_SDA/sda_training.py:615: FutureWarning: You are using `torch.load` with `weights_only=False` (the current default value), which uses the default pickle module implicitly. It is possible to construct malicious pickle data which will execute arbitrary code during unpickling (See https://github.com/pytorch/pytorch/blob/main/SECURITY.md#untrusted-models for more details). In a future release, the default value for `weights_only` will be flipped to `True`. This limits the functions that could be executed during unpickling. Arbitrary objects will no longer be allowed to be loaded via this mode unless they are explicitly allowlisted by the user via `torch.serialization.add_safe_globals`. We recommend you start setting `weights_only=True` for any use case where you don't have full control of the loaded file. Please open an issue on GitHub for any issues related to this experimental feature.
  model.load_state_dict(torch.load(os.path.join(out_dir, 'best_model.pth')))
Final Test MSE (Best Model): 0.0251
Finished. Status: Success
