Starting Run on GPU 2
Time: 2025-12-25 05:50:15

[Run Start] Subject S013 | Mode ['SDA'] | Params: L3.0_LS1.0_LR0.0001_E64_D64_Dr0.3

[Fold 1 - SDA] Train: ['S013_T003', 'S013_T006'], Test: S013_T002, Norm: fixed
/home/sangukchoi/.conda/envs/torch_gpu/lib/python3.10/site-packages/torch/nn/modules/rnn.py:123: UserWarning: dropout option adds dropout after all but last recurrent layer, so non-zero dropout expects num_layers greater than 1, but got dropout=0.3 and num_layers=1
  warnings.warn(
  Ep 1: Train 0.8713 | Val 1.0053 | Test 0.0700
Validation loss decreased (1.005265 --> 1.005265).  Saving model ...
  Ep 2: Train 0.4762 | Val 0.7110 | Test 0.0391
Validation loss decreased (0.711003 --> 0.711003).  Saving model ...
  Ep 3: Train 0.4158 | Val 0.6758 | Test 0.0377
Validation loss decreased (0.675788 --> 0.675788).  Saving model ...
  Ep 4: Train 0.3875 | Val 0.6458 | Test 0.0311
Validation loss decreased (0.645751 --> 0.645751).  Saving model ...
  Ep 5: Train 0.3778 | Val 0.6754 | Test 0.0325
EarlyStopping counter: 1 out of 5
  Ep 6: Train 0.3662 | Val 0.6241 | Test 0.0324
Validation loss decreased (0.624067 --> 0.624067).  Saving model ...
  Ep 7: Train 0.3628 | Val 0.6109 | Test 0.0316
Validation loss decreased (0.610919 --> 0.610919).  Saving model ...
  Ep 8: Train 0.3583 | Val 0.6261 | Test 0.0382
EarlyStopping counter: 1 out of 5
  Ep 9: Train 0.3576 | Val 0.6239 | Test 0.0378
EarlyStopping counter: 2 out of 5
  Ep 10: Train 0.3452 | Val 0.6581 | Test 0.0386
EarlyStopping counter: 3 out of 5
  Ep 11: Train 0.3523 | Val 0.6305 | Test 0.0357
EarlyStopping counter: 4 out of 5
  Ep 12: Train 0.3432 | Val 0.6571 | Test 0.0340
EarlyStopping counter: 5 out of 5
Early stopping triggered!
/home/sangukchoi/Stroke_SDA/sda_training.py:615: FutureWarning: You are using `torch.load` with `weights_only=False` (the current default value), which uses the default pickle module implicitly. It is possible to construct malicious pickle data which will execute arbitrary code during unpickling (See https://github.com/pytorch/pytorch/blob/main/SECURITY.md#untrusted-models for more details). In a future release, the default value for `weights_only` will be flipped to `True`. This limits the functions that could be executed during unpickling. Arbitrary objects will no longer be allowed to be loaded via this mode unless they are explicitly allowlisted by the user via `torch.serialization.add_safe_globals`. We recommend you start setting `weights_only=True` for any use case where you don't have full control of the loaded file. Please open an issue on GitHub for any issues related to this experimental feature.
  model.load_state_dict(torch.load(os.path.join(out_dir, 'best_model.pth')))
Final Test MSE (Best Model): 0.0316
Finished. Status: Success
