Starting Run on GPU 2
Time: 2025-12-25 04:18:11

[Run Start] Subject S013 | Mode ['SDA'] | Params: L1.0_LS1.0_LR0.0001_E64_D32_Dr0.3

[Fold 1 - SDA] Train: ['S013_T003', 'S013_T006'], Test: S013_T002, Norm: fixed
/home/sangukchoi/.conda/envs/torch_gpu/lib/python3.10/site-packages/torch/nn/modules/rnn.py:123: UserWarning: dropout option adds dropout after all but last recurrent layer, so non-zero dropout expects num_layers greater than 1, but got dropout=0.3 and num_layers=1
  warnings.warn(
  Ep 1: Train 0.4484 | Val 0.3285 | Test 0.0232
Validation loss decreased (0.328459 --> 0.328459).  Saving model ...
  Ep 2: Train 0.1871 | Val 0.2993 | Test 0.0288
Validation loss decreased (0.299332 --> 0.299332).  Saving model ...
  Ep 3: Train 0.1668 | Val 0.2455 | Test 0.0422
Validation loss decreased (0.245524 --> 0.245524).  Saving model ...
  Ep 4: Train 0.1598 | Val 0.2490 | Test 0.0416
EarlyStopping counter: 1 out of 5
  Ep 5: Train 0.1543 | Val 0.2340 | Test 0.0418
Validation loss decreased (0.233965 --> 0.233965).  Saving model ...
  Ep 6: Train 0.1488 | Val 0.2407 | Test 0.0565
EarlyStopping counter: 1 out of 5
  Ep 7: Train 0.1476 | Val 0.2433 | Test 0.0567
EarlyStopping counter: 2 out of 5
  Ep 8: Train 0.1459 | Val 0.2470 | Test 0.0507
EarlyStopping counter: 3 out of 5
  Ep 9: Train 0.1435 | Val 0.2520 | Test 0.0581
EarlyStopping counter: 4 out of 5
  Ep 10: Train 0.1424 | Val 0.2278 | Test 0.0572
Validation loss decreased (0.227766 --> 0.227766).  Saving model ...
  Ep 11: Train 0.1393 | Val 0.2373 | Test 0.0526
EarlyStopping counter: 1 out of 5
  Ep 12: Train 0.1419 | Val 0.2305 | Test 0.0502
EarlyStopping counter: 2 out of 5
  Ep 13: Train 0.1392 | Val 0.2308 | Test 0.0544
EarlyStopping counter: 3 out of 5
  Ep 14: Train 0.1392 | Val 0.2255 | Test 0.0540
Validation loss decreased (0.225462 --> 0.225462).  Saving model ...
  Ep 15: Train 0.1374 | Val 0.2351 | Test 0.0656
EarlyStopping counter: 1 out of 5
  Ep 16: Train 0.1368 | Val 0.2284 | Test 0.0580
EarlyStopping counter: 2 out of 5
  Ep 17: Train 0.1364 | Val 0.2228 | Test 0.0541
Validation loss decreased (0.222759 --> 0.222759).  Saving model ...
  Ep 18: Train 0.1366 | Val 0.2259 | Test 0.0518
EarlyStopping counter: 1 out of 5
  Ep 19: Train 0.1362 | Val 0.2183 | Test 0.0662
Validation loss decreased (0.218278 --> 0.218278).  Saving model ...
  Ep 20: Train 0.1359 | Val 0.2228 | Test 0.0622
EarlyStopping counter: 1 out of 5
  Ep 21: Train 0.1338 | Val 0.2274 | Test 0.0690
EarlyStopping counter: 2 out of 5
  Ep 22: Train 0.1331 | Val 0.2262 | Test 0.0665
EarlyStopping counter: 3 out of 5
  Ep 23: Train 0.1340 | Val 0.2267 | Test 0.0632
EarlyStopping counter: 4 out of 5
  Ep 24: Train 0.1312 | Val 0.2239 | Test 0.0653
EarlyStopping counter: 5 out of 5
Early stopping triggered!
/home/sangukchoi/Stroke_SDA/sda_training.py:615: FutureWarning: You are using `torch.load` with `weights_only=False` (the current default value), which uses the default pickle module implicitly. It is possible to construct malicious pickle data which will execute arbitrary code during unpickling (See https://github.com/pytorch/pytorch/blob/main/SECURITY.md#untrusted-models for more details). In a future release, the default value for `weights_only` will be flipped to `True`. This limits the functions that could be executed during unpickling. Arbitrary objects will no longer be allowed to be loaded via this mode unless they are explicitly allowlisted by the user via `torch.serialization.add_safe_globals`. We recommend you start setting `weights_only=True` for any use case where you don't have full control of the loaded file. Please open an issue on GitHub for any issues related to this experimental feature.
  model.load_state_dict(torch.load(os.path.join(out_dir, 'best_model.pth')))
Final Test MSE (Best Model): 0.0662
Finished. Status: Success
