Starting Run on GPU 2
Time: 2025-12-25 05:18:39

[Run Start] Subject S013 | Mode ['SDA'] | Params: L2.5_LS1.0_LR0.0001_E64_D32_Dr0.3

[Fold 1 - SDA] Train: ['S013_T003', 'S013_T006'], Test: S013_T002, Norm: fixed
/home/sangukchoi/.conda/envs/torch_gpu/lib/python3.10/site-packages/torch/nn/modules/rnn.py:123: UserWarning: dropout option adds dropout after all but last recurrent layer, so non-zero dropout expects num_layers greater than 1, but got dropout=0.3 and num_layers=1
  warnings.warn(
  Ep 1: Train 0.8406 | Val 0.7290 | Test 0.0554
Validation loss decreased (0.728998 --> 0.728998).  Saving model ...
  Ep 2: Train 0.4021 | Val 0.5765 | Test 0.0286
Validation loss decreased (0.576496 --> 0.576496).  Saving model ...
  Ep 3: Train 0.3446 | Val 0.5685 | Test 0.0270
Validation loss decreased (0.568526 --> 0.568526).  Saving model ...
  Ep 4: Train 0.3257 | Val 0.5587 | Test 0.0305
Validation loss decreased (0.558661 --> 0.558661).  Saving model ...
  Ep 5: Train 0.3205 | Val 0.5598 | Test 0.0334
EarlyStopping counter: 1 out of 5
  Ep 6: Train 0.3068 | Val 0.5310 | Test 0.0324
Validation loss decreased (0.530983 --> 0.530983).  Saving model ...
  Ep 7: Train 0.3025 | Val 0.5405 | Test 0.0387
EarlyStopping counter: 1 out of 5
  Ep 8: Train 0.2985 | Val 0.5236 | Test 0.0355
Validation loss decreased (0.523566 --> 0.523566).  Saving model ...
  Ep 9: Train 0.2931 | Val 0.5233 | Test 0.0356
EarlyStopping counter: 1 out of 5
  Ep 10: Train 0.2897 | Val 0.5540 | Test 0.0361
EarlyStopping counter: 2 out of 5
  Ep 11: Train 0.2907 | Val 0.5489 | Test 0.0341
EarlyStopping counter: 3 out of 5
  Ep 12: Train 0.2782 | Val 0.5401 | Test 0.0348
EarlyStopping counter: 4 out of 5
  Ep 13: Train 0.2838 | Val 0.5830 | Test 0.0301
EarlyStopping counter: 5 out of 5
Early stopping triggered!
/home/sangukchoi/Stroke_SDA/sda_training.py:615: FutureWarning: You are using `torch.load` with `weights_only=False` (the current default value), which uses the default pickle module implicitly. It is possible to construct malicious pickle data which will execute arbitrary code during unpickling (See https://github.com/pytorch/pytorch/blob/main/SECURITY.md#untrusted-models for more details). In a future release, the default value for `weights_only` will be flipped to `True`. This limits the functions that could be executed during unpickling. Arbitrary objects will no longer be allowed to be loaded via this mode unless they are explicitly allowlisted by the user via `torch.serialization.add_safe_globals`. We recommend you start setting `weights_only=True` for any use case where you don't have full control of the loaded file. Please open an issue on GitHub for any issues related to this experimental feature.
  model.load_state_dict(torch.load(os.path.join(out_dir, 'best_model.pth')))
Final Test MSE (Best Model): 0.0355
Finished. Status: Success
