Starting Run on GPU 0
Time: 2025-12-25 05:39:49

[Run Start] Subject S013 | Mode ['SDA'] | Params: L3.0_LS0.5_LR0.0001_E256_D32_Dr0.3

[Fold 1 - SDA] Train: ['S013_T003', 'S013_T006'], Test: S013_T002, Norm: fixed
/home/sangukchoi/.conda/envs/torch_gpu/lib/python3.10/site-packages/torch/nn/modules/rnn.py:123: UserWarning: dropout option adds dropout after all but last recurrent layer, so non-zero dropout expects num_layers greater than 1, but got dropout=0.3 and num_layers=1
  warnings.warn(
  Ep 1: Train 0.5434 | Val 0.7743 | Test 0.0312
Validation loss decreased (0.774257 --> 0.774257).  Saving model ...
  Ep 2: Train 0.3555 | Val 0.7492 | Test 0.0208
Validation loss decreased (0.749170 --> 0.749170).  Saving model ...
  Ep 3: Train 0.3339 | Val 0.7903 | Test 0.0244
EarlyStopping counter: 1 out of 5
  Ep 4: Train 0.3252 | Val 0.6530 | Test 0.0211
Validation loss decreased (0.653034 --> 0.653034).  Saving model ...
  Ep 5: Train 0.3099 | Val 0.6185 | Test 0.0241
Validation loss decreased (0.618495 --> 0.618495).  Saving model ...
  Ep 6: Train 0.3058 | Val 0.7218 | Test 0.0259
EarlyStopping counter: 1 out of 5
  Ep 7: Train 0.2974 | Val 0.6618 | Test 0.0232
EarlyStopping counter: 2 out of 5
  Ep 8: Train 0.2969 | Val 0.6519 | Test 0.0288
EarlyStopping counter: 3 out of 5
  Ep 9: Train 0.2823 | Val 0.6833 | Test 0.0242
EarlyStopping counter: 4 out of 5
  Ep 10: Train 0.2815 | Val 0.6962 | Test 0.0264
EarlyStopping counter: 5 out of 5
Early stopping triggered!
/home/sangukchoi/Stroke_SDA/sda_training.py:615: FutureWarning: You are using `torch.load` with `weights_only=False` (the current default value), which uses the default pickle module implicitly. It is possible to construct malicious pickle data which will execute arbitrary code during unpickling (See https://github.com/pytorch/pytorch/blob/main/SECURITY.md#untrusted-models for more details). In a future release, the default value for `weights_only` will be flipped to `True`. This limits the functions that could be executed during unpickling. Arbitrary objects will no longer be allowed to be loaded via this mode unless they are explicitly allowlisted by the user via `torch.serialization.add_safe_globals`. We recommend you start setting `weights_only=True` for any use case where you don't have full control of the loaded file. Please open an issue on GitHub for any issues related to this experimental feature.
  model.load_state_dict(torch.load(os.path.join(out_dir, 'best_model.pth')))
Final Test MSE (Best Model): 0.0241
Finished. Status: Success
